==725425== Memcheck, a memory error detector
==725425== Copyright (C) 2002-2024, and GNU GPL'd, by Julian Seward et al.
==725425== Using Valgrind-3.26.0 and LibVEX; rerun with -h for copyright info
==725425== Command: /bin/sh -c cat\ -\ 1\>&2\ &&\ sleep\ 2
==725425== Parent PID: 725400
==725425== 
==725425== 
==725425== FILE DESCRIPTORS: 3 open (2 inherited) at exit.
==725425== Open file descriptor 1:
==725425==    at 0x49BCE8B: dup2 (dup2.c:29)
==725425==    by 0x4015C0F: ??? (in /usr/bin/dash)
==725425==    by 0x4014094: ??? (in /usr/bin/dash)
==725425==    by 0x400BCE7: ??? (in /usr/bin/dash)
==725425==    by 0x400BCAC: ??? (in /usr/bin/dash)
==725425==    by 0x40120F8: ??? (in /usr/bin/dash)
==725425==    by 0x4004DA0: ??? (in /usr/bin/dash)
==725425==    by 0x48C4600: (below main) (libc_start_call_main.h:59)
==725425== 
==725425== 
==725425== HEAP SUMMARY:
==725425==     in use at exit: 1,088 bytes in 30 blocks
==725425==   total heap usage: 34 allocs, 4 frees, 1,304 bytes allocated
==725425== 
==725425== 27 bytes in 1 blocks are still reachable in loss record 1 of 7
==725425==    at 0x486E858: malloc (vg_replace_malloc.c:447)
==725425==    by 0x40083FA: ??? (in /usr/bin/dash)
==725425==    by 0x4012E0A: ??? (in /usr/bin/dash)
==725425==    by 0x4013FFF: ??? (in /usr/bin/dash)
==725425==    by 0x400BCE7: ??? (in /usr/bin/dash)
==725425==    by 0x400BCAC: ??? (in /usr/bin/dash)
==725425==    by 0x40120F8: ??? (in /usr/bin/dash)
==725425==    by 0x4004DA0: ??? (in /usr/bin/dash)
==725425==    by 0x48C4600: (below main) (libc_start_call_main.h:59)
==725425== 
==725425== 29 bytes in 1 blocks are still reachable in loss record 2 of 7
==725425==    at 0x486E858: malloc (vg_replace_malloc.c:447)
==725425==    by 0x40083FA: ??? (in /usr/bin/dash)
==725425==    by 0x4012E0A: ??? (in /usr/bin/dash)
==725425==    by 0x4013FFF: ??? (in /usr/bin/dash)
==725425==    by 0x400BCE7: ??? (in /usr/bin/dash)
==725425==    by 0x400BCE7: ??? (in /usr/bin/dash)
==725425==    by 0x40120F8: ??? (in /usr/bin/dash)
==725425==    by 0x4004DA0: ??? (in /usr/bin/dash)
==725425==    by 0x48C4600: (below main) (libc_start_call_main.h:59)
==725425== 
==725425== 32 bytes in 1 blocks are still reachable in loss record 3 of 7
==725425==    at 0x486E858: malloc (vg_replace_malloc.c:447)
==725425==    by 0x4017AB2: ??? (in /usr/bin/dash)
==725425==    by 0x40186D4: ??? (in /usr/bin/dash)
==725425==    by 0x4004BC6: ??? (in /usr/bin/dash)
==725425==    by 0x48C4600: (below main) (libc_start_call_main.h:59)
==725425== 
==725425== 34 bytes in 1 blocks are still reachable in loss record 4 of 7
==725425==    at 0x486E858: malloc (vg_replace_malloc.c:447)
==725425==    by 0x495596E: strdup (strdup.c:42)
==725425==    by 0x40081DF: ??? (in /usr/bin/dash)
==725425==    by 0x40186F9: ??? (in /usr/bin/dash)
==725425==    by 0x4004BC6: ??? (in /usr/bin/dash)
==725425==    by 0x48C4600: (below main) (libc_start_call_main.h:59)
==725425== 
==725425== 38 bytes in 1 blocks are still reachable in loss record 5 of 7
==725425==    at 0x486E858: malloc (vg_replace_malloc.c:447)
==725425==    by 0x4017C53: ??? (in /usr/bin/dash)
==725425==    by 0x40186F9: ??? (in /usr/bin/dash)
==725425==    by 0x4004BC6: ??? (in /usr/bin/dash)
==725425==    by 0x48C4600: (below main) (libc_start_call_main.h:59)
==725425== 
==725425== 160 bytes in 1 blocks are still reachable in loss record 6 of 7
==725425==    at 0x487607F: realloc (vg_replace_malloc.c:1804)
==725425==    by 0x40074DC: ??? (in /usr/bin/dash)
==725425==    by 0x400A64D: ??? (in /usr/bin/dash)
==725425==    by 0x4014058: ??? (in /usr/bin/dash)
==725425==    by 0x400BCE7: ??? (in /usr/bin/dash)
==725425==    by 0x400BCAC: ??? (in /usr/bin/dash)
==725425==    by 0x40120F8: ??? (in /usr/bin/dash)
==725425==    by 0x4004DA0: ??? (in /usr/bin/dash)
==725425==    by 0x48C4600: (below main) (libc_start_call_main.h:59)
==725425== 
==725425== 768 bytes in 24 blocks are still reachable in loss record 7 of 7
==725425==    at 0x486E858: malloc (vg_replace_malloc.c:447)
==725425==    by 0x4017AB2: ??? (in /usr/bin/dash)
==725425==    by 0x4018670: ??? (in /usr/bin/dash)
==725425==    by 0x4004BC6: ??? (in /usr/bin/dash)
==725425==    by 0x48C4600: (below main) (libc_start_call_main.h:59)
==725425== 
==725425== LEAK SUMMARY:
==725425==    definitely lost: 0 bytes in 0 blocks
==725425==    indirectly lost: 0 bytes in 0 blocks
==725425==      possibly lost: 0 bytes in 0 blocks
==725425==    still reachable: 1,088 bytes in 30 blocks
==725425==         suppressed: 0 bytes in 0 blocks
==725425== 
==725425== For lists of detected and suppressed errors, rerun with: -s
==725425== ERROR SUMMARY: 1 errors from 1 contexts (suppressed: 0 from 0)
