==690141== Memcheck, a memory error detector
==690141== Copyright (C) 2002-2024, and GNU GPL'd, by Julian Seward et al.
==690141== Using Valgrind-3.26.0 and LibVEX; rerun with -h for copyright info
==690141== Command: /tmp/rboxc-tar-behavior-1aek34ro/exec/tar -df archive.tar -C tree
==690141== Parent PID: 683658
==690141== 
==690141== 
==690141== FILE DESCRIPTORS: 1 open (1 inherited) at exit.
==690141== 
==690141== HEAP SUMMARY:
==690141==     in use at exit: 4,411 bytes in 8 blocks
==690141==   total heap usage: 98 allocs, 90 frees, 66,610 bytes allocated
==690141== 
==690141== 5 bytes in 1 blocks are still reachable in loss record 1 of 8
==690141==    at 0x586E858: malloc (vg_replace_malloc.c:447)
==690141==    by 0x469E72D: rboxc_tar_xstrdup (in /root/rboxc/target/tar-child-prefix-candidate/release/rboxc)
==690141==    by 0x467000F: rboxc_tar_assign_string (in /root/rboxc/target/tar-child-prefix-candidate/release/rboxc)
==690141==    by 0x467341C: rboxc_tar_uname_to_uid (in /root/rboxc/target/tar-child-prefix-candidate/release/rboxc)
==690141==    by 0x466E07F: rboxc_tar_decode_header (in /root/rboxc/target/tar-child-prefix-candidate/release/rboxc)
==690141==    by 0x466F116: rboxc_tar_read_and (in /root/rboxc/target/tar-child-prefix-candidate/release/rboxc)
==690141==    by 0x440EF23: single_binary_main_tar (in /root/rboxc/target/tar-child-prefix-candidate/release/rboxc)
==690141==    by 0x5A18600: (below main) (libc_start_call_main.h:59)
==690141== 
==690141== 5 bytes in 1 blocks are still reachable in loss record 2 of 8
==690141==    at 0x586E858: malloc (vg_replace_malloc.c:447)
==690141==    by 0x469E72D: rboxc_tar_xstrdup (in /root/rboxc/target/tar-child-prefix-candidate/release/rboxc)
==690141==    by 0x467000F: rboxc_tar_assign_string (in /root/rboxc/target/tar-child-prefix-candidate/release/rboxc)
==690141==    by 0x46734BC: rboxc_tar_gname_to_gid (in /root/rboxc/target/tar-child-prefix-candidate/release/rboxc)
==690141==    by 0x466E05F: rboxc_tar_decode_header (in /root/rboxc/target/tar-child-prefix-candidate/release/rboxc)
==690141==    by 0x466F116: rboxc_tar_read_and (in /root/rboxc/target/tar-child-prefix-candidate/release/rboxc)
==690141==    by 0x440EF23: single_binary_main_tar (in /root/rboxc/target/tar-child-prefix-candidate/release/rboxc)
==690141==    by 0x5A18600: (below main) (libc_start_call_main.h:59)
==690141== 
==690141== 11 bytes in 1 blocks are still reachable in loss record 3 of 8
==690141==    at 0x586E858: malloc (vg_replace_malloc.c:447)
==690141==    by 0x469E1DC: rboxc_tar_xcharalloc (in /root/rboxc/target/tar-child-prefix-candidate/release/rboxc)
==690141==    by 0x469B278: quotearg_n_options (in /root/rboxc/target/tar-child-prefix-candidate/release/rboxc)
==690141==    by 0x469BB4D: rboxc_tar_quotearg_n_style_colon (in /root/rboxc/target/tar-child-prefix-candidate/release/rboxc)
==690141==    by 0x465F54B: rboxc_tar_report_difference (in /root/rboxc/target/tar-child-prefix-candidate/release/rboxc)
==690141==    by 0x466021B: rboxc_tar_diff_archive (in /root/rboxc/target/tar-child-prefix-candidate/release/rboxc)
==690141==    by 0x466F352: rboxc_tar_read_and (in /root/rboxc/target/tar-child-prefix-candidate/release/rboxc)
==690141==    by 0x440EF23: single_binary_main_tar (in /root/rboxc/target/tar-child-prefix-candidate/release/rboxc)
==690141==    by 0x5A18600: (below main) (libc_start_call_main.h:59)
==690141== 
==690141== 16 bytes in 1 blocks are still reachable in loss record 4 of 8
==690141==    at 0x5875E43: calloc (vg_replace_malloc.c:1678)
==690141==    by 0x469E5C1: rboxc_tar_xzalloc (in /root/rboxc/target/tar-child-prefix-candidate/release/rboxc)
==690141==    by 0x440DEB5: single_binary_main_tar (in /root/rboxc/target/tar-child-prefix-candidate/release/rboxc)
==690141==    by 0x5A18600: (below main) (libc_start_call_main.h:59)
==690141== 
==690141== 80 bytes in 1 blocks are still reachable in loss record 5 of 8
==690141==    at 0x586E858: malloc (vg_replace_malloc.c:447)
==690141==    by 0x469E19C: rboxc_tar_xmalloc (in /root/rboxc/target/tar-child-prefix-candidate/release/rboxc)
==690141==    by 0x440DDC0: single_binary_main_tar (in /root/rboxc/target/tar-child-prefix-candidate/release/rboxc)
==690141==    by 0x5A18600: (below main) (libc_start_call_main.h:59)
==690141== 
==690141== 102 bytes in 1 blocks are still reachable in loss record 6 of 8
==690141==    at 0x586E858: malloc (vg_replace_malloc.c:447)
==690141==    by 0x469E19C: rboxc_tar_xmalloc (in /root/rboxc/target/tar-child-prefix-candidate/release/rboxc)
==690141==    by 0x4673561: rboxc_tar_name_init (in /root/rboxc/target/tar-child-prefix-candidate/release/rboxc)
==690141==    by 0x440EE3A: single_binary_main_tar (in /root/rboxc/target/tar-child-prefix-candidate/release/rboxc)
==690141==    by 0x5A18600: (below main) (libc_start_call_main.h:59)
==690141== 
==690141== 128 bytes in 1 blocks are still reachable in loss record 7 of 8
==690141==    at 0x587607F: realloc (vg_replace_malloc.c:1804)
==690141==    by 0x469E540: rboxc_tar_xpalloc (in /root/rboxc/target/tar-child-prefix-candidate/release/rboxc)
==690141==    by 0x469B2F6: quotearg_n_options (in /root/rboxc/target/tar-child-prefix-candidate/release/rboxc)
==690141==    by 0x469BB4D: rboxc_tar_quotearg_n_style_colon (in /root/rboxc/target/tar-child-prefix-candidate/release/rboxc)
==690141==    by 0x465F54B: rboxc_tar_report_difference (in /root/rboxc/target/tar-child-prefix-candidate/release/rboxc)
==690141==    by 0x466021B: rboxc_tar_diff_archive (in /root/rboxc/target/tar-child-prefix-candidate/release/rboxc)
==690141==    by 0x466F352: rboxc_tar_read_and (in /root/rboxc/target/tar-child-prefix-candidate/release/rboxc)
==690141==    by 0x440EF23: single_binary_main_tar (in /root/rboxc/target/tar-child-prefix-candidate/release/rboxc)
==690141==    by 0x5A18600: (below main) (libc_start_call_main.h:59)
==690141== 
==690141== 4,064 bytes in 1 blocks are still reachable in loss record 8 of 8
==690141==    at 0x586E858: malloc (vg_replace_malloc.c:447)
==690141==    by 0x469E19C: rboxc_tar_xmalloc (in /root/rboxc/target/tar-child-prefix-candidate/release/rboxc)
==690141==    by 0x46960BD: _obstack_begin_worker.isra.0 (in /root/rboxc/target/tar-child-prefix-candidate/release/rboxc)
==690141==    by 0x46960E8: rboxc_tar__obstack_begin (in /root/rboxc/target/tar-child-prefix-candidate/release/rboxc)
==690141==    by 0x4679D97: rboxc_tar_transform_name_fp (in /root/rboxc/target/tar-child-prefix-candidate/release/rboxc)
==690141==    by 0x466D170: transform_stat_info.part.0 (in /root/rboxc/target/tar-child-prefix-candidate/release/rboxc)
==690141==    by 0x466F350: rboxc_tar_read_and (in /root/rboxc/target/tar-child-prefix-candidate/release/rboxc)
==690141==    by 0x440EF23: single_binary_main_tar (in /root/rboxc/target/tar-child-prefix-candidate/release/rboxc)
==690141==    by 0x5A18600: (below main) (libc_start_call_main.h:59)
==690141== 
==690141== LEAK SUMMARY:
==690141==    definitely lost: 0 bytes in 0 blocks
==690141==    indirectly lost: 0 bytes in 0 blocks
==690141==      possibly lost: 0 bytes in 0 blocks
==690141==    still reachable: 4,411 bytes in 8 blocks
==690141==         suppressed: 0 bytes in 0 blocks
==690141== 
==690141== For lists of detected and suppressed errors, rerun with: -s
==690141== ERROR SUMMARY: 0 errors from 0 contexts (suppressed: 0 from 0)
