==636136== Memcheck, a memory error detector
==636136== Copyright (C) 2002-2024, and GNU GPL'd, by Julian Seward et al.
==636136== Using Valgrind-3.26.0 and LibVEX; rerun with -h for copyright info
==636136== Command: /tmp/rboxc-tar-behavior-t4zok5ef/exec/tar --not-an-option
==636136== Parent PID: 635373
==636136== 
==636136== 
==636136== FILE DESCRIPTORS: 3 open (3 inherited) at exit.
==636136== 
==636136== HEAP SUMMARY:
==636136==     in use at exit: 7,767 bytes in 3 blocks
==636136==   total heap usage: 14 allocs, 11 frees, 8,176 bytes allocated
==636136== 
==636136== 16 bytes in 1 blocks are still reachable in loss record 1 of 3
==636136==    at 0x5875E43: calloc (vg_replace_malloc.c:1678)
==636136==    by 0x469E501: rboxc_tar_xzalloc (in /root/rboxc/target/tar-map-probe-candidate/release/rboxc)
==636136==    by 0x4477AF5: single_binary_main_tar (in /root/rboxc/target/tar-map-probe-candidate/release/rboxc)
==636136==    by 0x5A18600: (below main) (libc_start_call_main.h:59)
==636136== 
==636136== 80 bytes in 1 blocks are still reachable in loss record 2 of 3
==636136==    at 0x586E858: malloc (vg_replace_malloc.c:447)
==636136==    by 0x469E0DC: rboxc_tar_xmalloc (in /root/rboxc/target/tar-map-probe-candidate/release/rboxc)
==636136==    by 0x4477A00: single_binary_main_tar (in /root/rboxc/target/tar-map-probe-candidate/release/rboxc)
==636136==    by 0x5A18600: (below main) (libc_start_call_main.h:59)
==636136== 
==636136== 7,671 bytes in 1 blocks are still reachable in loss record 3 of 3
==636136==    at 0x586E858: malloc (vg_replace_malloc.c:447)
==636136==    by 0x468C754: rboxc_tar_argp_parse (in /root/rboxc/target/tar-map-probe-candidate/release/rboxc)
==636136==    by 0x4478025: single_binary_main_tar (in /root/rboxc/target/tar-map-probe-candidate/release/rboxc)
==636136==    by 0x5A18600: (below main) (libc_start_call_main.h:59)
==636136== 
==636136== LEAK SUMMARY:
==636136==    definitely lost: 0 bytes in 0 blocks
==636136==    indirectly lost: 0 bytes in 0 blocks
==636136==      possibly lost: 0 bytes in 0 blocks
==636136==    still reachable: 7,767 bytes in 3 blocks
==636136==         suppressed: 0 bytes in 0 blocks
==636136== 
==636136== For lists of detected and suppressed errors, rerun with: -s
==636136== ERROR SUMMARY: 0 errors from 0 contexts (suppressed: 0 from 0)
