==691459== Memcheck, a memory error detector
==691459== Copyright (C) 2002-2024, and GNU GPL'd, by Julian Seward et al.
==691459== Using Valgrind-3.26.0 and LibVEX; rerun with -h for copyright info
==691459== Command: tar tf k.tbz2.tar
==691459== Parent PID: 690509
==691459== 
==691459== 
==691459== FILE DESCRIPTORS: 1 open (1 inherited) at exit.
==691459== 
==691459== HEAP SUMMARY:
==691459==     in use at exit: 4,272 bytes in 6 blocks
==691459==   total heap usage: 51 allocs, 45 frees, 51,596 bytes allocated
==691459== 
==691459== 5 bytes in 1 blocks are still reachable in loss record 1 of 6
==691459==    at 0x586E858: malloc (vg_replace_malloc.c:447)
==691459==    by 0x469E72D: rboxc_tar_xstrdup (in /root/rboxc/target/tar-child-prefix-candidate/release/rboxc)
==691459==    by 0x467000F: rboxc_tar_assign_string (in /root/rboxc/target/tar-child-prefix-candidate/release/rboxc)
==691459==    by 0x467341C: rboxc_tar_uname_to_uid (in /root/rboxc/target/tar-child-prefix-candidate/release/rboxc)
==691459==    by 0x466E07F: rboxc_tar_decode_header (in /root/rboxc/target/tar-child-prefix-candidate/release/rboxc)
==691459==    by 0x466F116: rboxc_tar_read_and (in /root/rboxc/target/tar-child-prefix-candidate/release/rboxc)
==691459==    by 0x440EEF9: single_binary_main_tar (in /root/rboxc/target/tar-child-prefix-candidate/release/rboxc)
==691459==    by 0x5A18600: (below main) (libc_start_call_main.h:59)
==691459== 
==691459== 5 bytes in 1 blocks are still reachable in loss record 2 of 6
==691459==    at 0x586E858: malloc (vg_replace_malloc.c:447)
==691459==    by 0x469E72D: rboxc_tar_xstrdup (in /root/rboxc/target/tar-child-prefix-candidate/release/rboxc)
==691459==    by 0x467000F: rboxc_tar_assign_string (in /root/rboxc/target/tar-child-prefix-candidate/release/rboxc)
==691459==    by 0x46734BC: rboxc_tar_gname_to_gid (in /root/rboxc/target/tar-child-prefix-candidate/release/rboxc)
==691459==    by 0x466E05F: rboxc_tar_decode_header (in /root/rboxc/target/tar-child-prefix-candidate/release/rboxc)
==691459==    by 0x466F116: rboxc_tar_read_and (in /root/rboxc/target/tar-child-prefix-candidate/release/rboxc)
==691459==    by 0x440EEF9: single_binary_main_tar (in /root/rboxc/target/tar-child-prefix-candidate/release/rboxc)
==691459==    by 0x5A18600: (below main) (libc_start_call_main.h:59)
==691459== 
==691459== 16 bytes in 1 blocks are still reachable in loss record 3 of 6
==691459==    at 0x5875E43: calloc (vg_replace_malloc.c:1678)
==691459==    by 0x469E5C1: rboxc_tar_xzalloc (in /root/rboxc/target/tar-child-prefix-candidate/release/rboxc)
==691459==    by 0x440DEB5: single_binary_main_tar (in /root/rboxc/target/tar-child-prefix-candidate/release/rboxc)
==691459==    by 0x5A18600: (below main) (libc_start_call_main.h:59)
==691459== 
==691459== 80 bytes in 1 blocks are still reachable in loss record 4 of 6
==691459==    at 0x586E858: malloc (vg_replace_malloc.c:447)
==691459==    by 0x469E19C: rboxc_tar_xmalloc (in /root/rboxc/target/tar-child-prefix-candidate/release/rboxc)
==691459==    by 0x440DDC0: single_binary_main_tar (in /root/rboxc/target/tar-child-prefix-candidate/release/rboxc)
==691459==    by 0x5A18600: (below main) (libc_start_call_main.h:59)
==691459== 
==691459== 102 bytes in 1 blocks are still reachable in loss record 5 of 6
==691459==    at 0x586E858: malloc (vg_replace_malloc.c:447)
==691459==    by 0x469E19C: rboxc_tar_xmalloc (in /root/rboxc/target/tar-child-prefix-candidate/release/rboxc)
==691459==    by 0x4673561: rboxc_tar_name_init (in /root/rboxc/target/tar-child-prefix-candidate/release/rboxc)
==691459==    by 0x440EE3A: single_binary_main_tar (in /root/rboxc/target/tar-child-prefix-candidate/release/rboxc)
==691459==    by 0x5A18600: (below main) (libc_start_call_main.h:59)
==691459== 
==691459== 4,064 bytes in 1 blocks are still reachable in loss record 6 of 6
==691459==    at 0x586E858: malloc (vg_replace_malloc.c:447)
==691459==    by 0x469E19C: rboxc_tar_xmalloc (in /root/rboxc/target/tar-child-prefix-candidate/release/rboxc)
==691459==    by 0x46960BD: _obstack_begin_worker.isra.0 (in /root/rboxc/target/tar-child-prefix-candidate/release/rboxc)
==691459==    by 0x46960E8: rboxc_tar__obstack_begin (in /root/rboxc/target/tar-child-prefix-candidate/release/rboxc)
==691459==    by 0x4679D97: rboxc_tar_transform_name_fp (in /root/rboxc/target/tar-child-prefix-candidate/release/rboxc)
==691459==    by 0x466D170: transform_stat_info.part.0 (in /root/rboxc/target/tar-child-prefix-candidate/release/rboxc)
==691459==    by 0x466F350: rboxc_tar_read_and (in /root/rboxc/target/tar-child-prefix-candidate/release/rboxc)
==691459==    by 0x440EEF9: single_binary_main_tar (in /root/rboxc/target/tar-child-prefix-candidate/release/rboxc)
==691459==    by 0x5A18600: (below main) (libc_start_call_main.h:59)
==691459== 
==691459== LEAK SUMMARY:
==691459==    definitely lost: 0 bytes in 0 blocks
==691459==    indirectly lost: 0 bytes in 0 blocks
==691459==      possibly lost: 0 bytes in 0 blocks
==691459==    still reachable: 4,272 bytes in 6 blocks
==691459==         suppressed: 0 bytes in 0 blocks
==691459== 
==691459== For lists of detected and suppressed errors, rerun with: -s
==691459== ERROR SUMMARY: 0 errors from 0 contexts (suppressed: 0 from 0)
