==696840== Memcheck, a memory error detector
==696840== Copyright (C) 2002-2024, and GNU GPL'd, by Julian Seward et al.
==696840== Using Valgrind-3.26.0 and LibVEX; rerun with -h for copyright info
==696840== Command: tar -xf archive.tar -C symlink --warning=no-timestamp
==696840== Parent PID: 696543
==696840== 
==696840== 
==696840== FILE DESCRIPTORS: 1 open (1 inherited) at exit.
==696840== 
==696840== HEAP SUMMARY:
==696840==     in use at exit: 4,272 bytes in 6 blocks
==696840==   total heap usage: 60 allocs, 54 frees, 56,502 bytes allocated
==696840== 
==696840== 5 bytes in 1 blocks are still reachable in loss record 1 of 6
==696840==    at 0x586E858: malloc (vg_replace_malloc.c:447)
==696840==    by 0x469E7ED: rboxc_tar_xstrdup (in /root/rboxc/target/tar-child-input-candidate/release/rboxc)
==696840==    by 0x467004F: rboxc_tar_assign_string (in /root/rboxc/target/tar-child-input-candidate/release/rboxc)
==696840==    by 0x467345C: rboxc_tar_uname_to_uid (in /root/rboxc/target/tar-child-input-candidate/release/rboxc)
==696840==    by 0x466E0BF: rboxc_tar_decode_header (in /root/rboxc/target/tar-child-input-candidate/release/rboxc)
==696840==    by 0x466F156: rboxc_tar_read_and (in /root/rboxc/target/tar-child-input-candidate/release/rboxc)
==696840==    by 0x440F040: single_binary_main_tar (in /root/rboxc/target/tar-child-input-candidate/release/rboxc)
==696840==    by 0x5A18600: (below main) (libc_start_call_main.h:59)
==696840== 
==696840== 5 bytes in 1 blocks are still reachable in loss record 2 of 6
==696840==    at 0x586E858: malloc (vg_replace_malloc.c:447)
==696840==    by 0x469E7ED: rboxc_tar_xstrdup (in /root/rboxc/target/tar-child-input-candidate/release/rboxc)
==696840==    by 0x467004F: rboxc_tar_assign_string (in /root/rboxc/target/tar-child-input-candidate/release/rboxc)
==696840==    by 0x46734FC: rboxc_tar_gname_to_gid (in /root/rboxc/target/tar-child-input-candidate/release/rboxc)
==696840==    by 0x466E09F: rboxc_tar_decode_header (in /root/rboxc/target/tar-child-input-candidate/release/rboxc)
==696840==    by 0x466F156: rboxc_tar_read_and (in /root/rboxc/target/tar-child-input-candidate/release/rboxc)
==696840==    by 0x440F040: single_binary_main_tar (in /root/rboxc/target/tar-child-input-candidate/release/rboxc)
==696840==    by 0x5A18600: (below main) (libc_start_call_main.h:59)
==696840== 
==696840== 16 bytes in 1 blocks are still reachable in loss record 3 of 6
==696840==    at 0x5875E43: calloc (vg_replace_malloc.c:1678)
==696840==    by 0x469E681: rboxc_tar_xzalloc (in /root/rboxc/target/tar-child-input-candidate/release/rboxc)
==696840==    by 0x440DEF5: single_binary_main_tar (in /root/rboxc/target/tar-child-input-candidate/release/rboxc)
==696840==    by 0x5A18600: (below main) (libc_start_call_main.h:59)
==696840== 
==696840== 80 bytes in 1 blocks are still reachable in loss record 4 of 6
==696840==    at 0x586E858: malloc (vg_replace_malloc.c:447)
==696840==    by 0x469E25C: rboxc_tar_xmalloc (in /root/rboxc/target/tar-child-input-candidate/release/rboxc)
==696840==    by 0x440DE00: single_binary_main_tar (in /root/rboxc/target/tar-child-input-candidate/release/rboxc)
==696840==    by 0x5A18600: (below main) (libc_start_call_main.h:59)
==696840== 
==696840== 102 bytes in 1 blocks are still reachable in loss record 5 of 6
==696840==    at 0x586E858: malloc (vg_replace_malloc.c:447)
==696840==    by 0x469E25C: rboxc_tar_xmalloc (in /root/rboxc/target/tar-child-input-candidate/release/rboxc)
==696840==    by 0x46735A1: rboxc_tar_name_init (in /root/rboxc/target/tar-child-input-candidate/release/rboxc)
==696840==    by 0x440EE7A: single_binary_main_tar (in /root/rboxc/target/tar-child-input-candidate/release/rboxc)
==696840==    by 0x5A18600: (below main) (libc_start_call_main.h:59)
==696840== 
==696840== 4,064 bytes in 1 blocks are still reachable in loss record 6 of 6
==696840==    at 0x586E858: malloc (vg_replace_malloc.c:447)
==696840==    by 0x469E25C: rboxc_tar_xmalloc (in /root/rboxc/target/tar-child-input-candidate/release/rboxc)
==696840==    by 0x469617D: _obstack_begin_worker.isra.0 (in /root/rboxc/target/tar-child-input-candidate/release/rboxc)
==696840==    by 0x46961A8: rboxc_tar__obstack_begin (in /root/rboxc/target/tar-child-input-candidate/release/rboxc)
==696840==    by 0x4679E77: rboxc_tar_transform_name_fp (in /root/rboxc/target/tar-child-input-candidate/release/rboxc)
==696840==    by 0x466D1B0: transform_stat_info.part.0 (in /root/rboxc/target/tar-child-input-candidate/release/rboxc)
==696840==    by 0x466F390: rboxc_tar_read_and (in /root/rboxc/target/tar-child-input-candidate/release/rboxc)
==696840==    by 0x440F040: single_binary_main_tar (in /root/rboxc/target/tar-child-input-candidate/release/rboxc)
==696840==    by 0x5A18600: (below main) (libc_start_call_main.h:59)
==696840== 
==696840== LEAK SUMMARY:
==696840==    definitely lost: 0 bytes in 0 blocks
==696840==    indirectly lost: 0 bytes in 0 blocks
==696840==      possibly lost: 0 bytes in 0 blocks
==696840==    still reachable: 4,272 bytes in 6 blocks
==696840==         suppressed: 0 bytes in 0 blocks
==696840== 
==696840== For lists of detected and suppressed errors, rerun with: -s
==696840== ERROR SUMMARY: 0 errors from 0 contexts (suppressed: 0 from 0)
