==679010== Memcheck, a memory error detector
==679010== Copyright (C) 2002-2024, and GNU GPL'd, by Julian Seward et al.
==679010== Using Valgrind-3.26.0 and LibVEX; rerun with -h for copyright info
==679010== Command: /tmp/rboxc-tar-original-iwi9nd39/deps/xz -d
==679010== Parent PID: 678976
==679010== 
==679010== warning: connection to image /usr/lib/x86_64-linux-gnu/liblzma.so.5.8.3 failed
==679010==          no debug info loaded
==679010== warning: connection to image /usr/libexec/valgrind/vgpreload_core-amd64-linux.so failed
==679010==          no debug info loaded
==679010== 
==679010== FILE DESCRIPTORS: 3 open (1 inherited) at exit.
==679010== Open file descriptor 4:
==679010==    at 0x49F1B8D: pipe (pipe.c:29)
==679010==    by 0x4004F36: ??? (in /usr/bin/xz)
==679010==    by 0x48F4600: (below main) (libc_start_call_main.h:59)
==679010== 
==679010== Open file descriptor 3:
==679010==    at 0x49F1B8D: pipe (pipe.c:29)
==679010==    by 0x4004F36: ??? (in /usr/bin/xz)
==679010==    by 0x48F4600: (below main) (libc_start_call_main.h:59)
==679010== 
==679010== 
==679010== HEAP SUMMARY:
==679010==     in use at exit: 8,467,312 bytes in 11 blocks
==679010==   total heap usage: 19 allocs, 8 frees, 8,467,612 bytes allocated
==679010== 
==679010== 104 bytes in 1 blocks are still reachable in loss record 1 of 11
==679010==    at 0x4869858: malloc (vg_replace_malloc.c:447)
==679010==    by 0x489CC9D: ??? (in /usr/lib/x86_64-linux-gnu/liblzma.so.5.8.3)
==679010==    by 0x48B4A09: lzma_stream_decoder_mt (in /usr/lib/x86_64-linux-gnu/liblzma.so.5.8.3)
==679010==    by 0x400CA43: ??? (in /usr/bin/xz)
==679010==    by 0x400576F: ??? (in /usr/bin/xz)
==679010==    by 0x48F4600: (below main) (libc_start_call_main.h:59)
==679010== 
==679010== 184 bytes in 1 blocks are still reachable in loss record 2 of 11
==679010==    at 0x4869858: malloc (vg_replace_malloc.c:447)
==679010==    by 0x48B93C1: ??? (in /usr/lib/x86_64-linux-gnu/liblzma.so.5.8.3)
==679010==    by 0x48AF21E: ??? (in /usr/lib/x86_64-linux-gnu/liblzma.so.5.8.3)
==679010==    by 0x489C296: ??? (in /usr/lib/x86_64-linux-gnu/liblzma.so.5.8.3)
==679010==    by 0x48B3D4C: ??? (in /usr/lib/x86_64-linux-gnu/liblzma.so.5.8.3)
==679010==    by 0x489CE2B: lzma_code (in /usr/lib/x86_64-linux-gnu/liblzma.so.5.8.3)
==679010==    by 0x400CAC5: ??? (in /usr/bin/xz)
==679010==    by 0x400576F: ??? (in /usr/bin/xz)
==679010==    by 0x48F4600: (below main) (libc_start_call_main.h:59)
==679010== 
==679010== 248 bytes in 1 blocks are still reachable in loss record 3 of 11
==679010==    at 0x4869858: malloc (vg_replace_malloc.c:447)
==679010==    by 0x48A2D69: ??? (in /usr/lib/x86_64-linux-gnu/liblzma.so.5.8.3)
==679010==    by 0x48B3D4C: ??? (in /usr/lib/x86_64-linux-gnu/liblzma.so.5.8.3)
==679010==    by 0x489CE2B: lzma_code (in /usr/lib/x86_64-linux-gnu/liblzma.so.5.8.3)
==679010==    by 0x400CAC5: ??? (in /usr/bin/xz)
==679010==    by 0x400576F: ??? (in /usr/bin/xz)
==679010==    by 0x48F4600: (below main) (libc_start_call_main.h:59)
==679010== 
==679010== 272 bytes in 1 blocks are possibly lost in loss record 4 of 11
==679010==    at 0x4870E43: calloc (vg_replace_malloc.c:1678)
==679010==    by 0x4034506: calloc (rtld-malloc.h:44)
==679010==    by 0x4034506: allocate_dtv (dl-tls.c:470)
==679010==    by 0x4034506: _dl_allocate_tls (dl-tls.c:722)
==679010==    by 0x496EC81: allocate_stack (allocatestack.c:568)
==679010==    by 0x496EC81: pthread_create@@GLIBC_2.34 (pthread_create.c:680)
==679010==    by 0x48B4585: ??? (in /usr/lib/x86_64-linux-gnu/liblzma.so.5.8.3)
==679010==    by 0x489CE2B: lzma_code (in /usr/lib/x86_64-linux-gnu/liblzma.so.5.8.3)
==679010==    by 0x400CAC5: ??? (in /usr/bin/xz)
==679010==    by 0x400576F: ??? (in /usr/bin/xz)
==679010==    by 0x48F4600: (below main) (libc_start_call_main.h:59)
==679010== 
==679010== 320 bytes in 1 blocks are still reachable in loss record 5 of 11
==679010==    at 0x4869858: malloc (vg_replace_malloc.c:447)
==679010==    by 0x48A1CD9: lzma_index_hash_init (in /usr/lib/x86_64-linux-gnu/liblzma.so.5.8.3)
==679010==    by 0x48B3075: ??? (in /usr/lib/x86_64-linux-gnu/liblzma.so.5.8.3)
==679010==    by 0x48B4A45: lzma_stream_decoder_mt (in /usr/lib/x86_64-linux-gnu/liblzma.so.5.8.3)
==679010==    by 0x400CA43: ??? (in /usr/bin/xz)
==679010==    by 0x400576F: ??? (in /usr/bin/xz)
==679010==    by 0x48F4600: (below main) (libc_start_call_main.h:59)
==679010== 
==679010== 1,768 bytes in 1 blocks are still reachable in loss record 6 of 11
==679010==    at 0x4869858: malloc (vg_replace_malloc.c:447)
==679010==    by 0x48B3269: ??? (in /usr/lib/x86_64-linux-gnu/liblzma.so.5.8.3)
==679010==    by 0x48B4A45: lzma_stream_decoder_mt (in /usr/lib/x86_64-linux-gnu/liblzma.so.5.8.3)
==679010==    by 0x400CA43: ??? (in /usr/bin/xz)
==679010==    by 0x400576F: ??? (in /usr/bin/xz)
==679010==    by 0x48F4600: (below main) (libc_start_call_main.h:59)
==679010== 
==679010== 4,288 bytes in 1 blocks are still reachable in loss record 7 of 11
==679010==    at 0x4869858: malloc (vg_replace_malloc.c:447)
==679010==    by 0x48AF475: ??? (in /usr/lib/x86_64-linux-gnu/liblzma.so.5.8.3)
==679010==    by 0x489C296: ??? (in /usr/lib/x86_64-linux-gnu/liblzma.so.5.8.3)
==679010==    by 0x48B3D4C: ??? (in /usr/lib/x86_64-linux-gnu/liblzma.so.5.8.3)
==679010==    by 0x489CE2B: lzma_code (in /usr/lib/x86_64-linux-gnu/liblzma.so.5.8.3)
==679010==    by 0x400CAC5: ??? (in /usr/bin/xz)
==679010==    by 0x400576F: ??? (in /usr/bin/xz)
==679010==    by 0x48F4600: (below main) (libc_start_call_main.h:59)
==679010== 
==679010== 10,304 bytes in 1 blocks are still reachable in loss record 8 of 11
==679010==    at 0x4869858: malloc (vg_replace_malloc.c:447)
==679010==    by 0x48A09CF: ??? (in /usr/lib/x86_64-linux-gnu/liblzma.so.5.8.3)
==679010==    by 0x48B3BDC: ??? (in /usr/lib/x86_64-linux-gnu/liblzma.so.5.8.3)
==679010==    by 0x489CE2B: lzma_code (in /usr/lib/x86_64-linux-gnu/liblzma.so.5.8.3)
==679010==    by 0x400CAC5: ??? (in /usr/bin/xz)
==679010==    by 0x400576F: ??? (in /usr/bin/xz)
==679010==    by 0x48F4600: (below main) (libc_start_call_main.h:59)
==679010== 
==679010== 28,352 bytes in 1 blocks are still reachable in loss record 9 of 11
==679010==    at 0x4869858: malloc (vg_replace_malloc.c:447)
==679010==    by 0x48B93F5: ??? (in /usr/lib/x86_64-linux-gnu/liblzma.so.5.8.3)
==679010==    by 0x48AF21E: ??? (in /usr/lib/x86_64-linux-gnu/liblzma.so.5.8.3)
==679010==    by 0x489C296: ??? (in /usr/lib/x86_64-linux-gnu/liblzma.so.5.8.3)
==679010==    by 0x48B3D4C: ??? (in /usr/lib/x86_64-linux-gnu/liblzma.so.5.8.3)
==679010==    by 0x489CE2B: lzma_code (in /usr/lib/x86_64-linux-gnu/liblzma.so.5.8.3)
==679010==    by 0x400CAC5: ??? (in /usr/bin/xz)
==679010==    by 0x400576F: ??? (in /usr/bin/xz)
==679010==    by 0x48F4600: (below main) (libc_start_call_main.h:59)
==679010== 
==679010== 32,256 bytes in 1 blocks are still reachable in loss record 10 of 11
==679010==    at 0x4869858: malloc (vg_replace_malloc.c:447)
==679010==    by 0x48B484E: ??? (in /usr/lib/x86_64-linux-gnu/liblzma.so.5.8.3)
==679010==    by 0x489CE2B: lzma_code (in /usr/lib/x86_64-linux-gnu/liblzma.so.5.8.3)
==679010==    by 0x400CAC5: ??? (in /usr/bin/xz)
==679010==    by 0x400576F: ??? (in /usr/bin/xz)
==679010==    by 0x48F4600: (below main) (libc_start_call_main.h:59)
==679010== 
==679010== 8,389,216 bytes in 1 blocks are still reachable in loss record 11 of 11
==679010==    at 0x4869858: malloc (vg_replace_malloc.c:447)
==679010==    by 0x48AF45B: ??? (in /usr/lib/x86_64-linux-gnu/liblzma.so.5.8.3)
==679010==    by 0x489C296: ??? (in /usr/lib/x86_64-linux-gnu/liblzma.so.5.8.3)
==679010==    by 0x48B3D4C: ??? (in /usr/lib/x86_64-linux-gnu/liblzma.so.5.8.3)
==679010==    by 0x489CE2B: lzma_code (in /usr/lib/x86_64-linux-gnu/liblzma.so.5.8.3)
==679010==    by 0x400CAC5: ??? (in /usr/bin/xz)
==679010==    by 0x400576F: ??? (in /usr/bin/xz)
==679010==    by 0x48F4600: (below main) (libc_start_call_main.h:59)
==679010== 
==679010== LEAK SUMMARY:
==679010==    definitely lost: 0 bytes in 0 blocks
==679010==    indirectly lost: 0 bytes in 0 blocks
==679010==      possibly lost: 272 bytes in 1 blocks
==679010==    still reachable: 8,467,040 bytes in 10 blocks
==679010==         suppressed: 0 bytes in 0 blocks
==679010== 
==679010== For lists of detected and suppressed errors, rerun with: -s
==679010== ERROR SUMMARY: 3 errors from 3 contexts (suppressed: 0 from 0)
==679010== could not unlink /tmp/rboxc-tar-original-iwi9nd39/vgdb-pipe-from-vgdb-to-679010-by-???-on-???
==679010== could not unlink /tmp/rboxc-tar-original-iwi9nd39/vgdb-pipe-to-vgdb-from-679010-by-???-on-???
==679010== could not unlink /tmp/rboxc-tar-original-iwi9nd39/vgdb-pipe-shared-mem-vgdb-679010-by-???-on-???
