==644100== Memcheck, a memory error detector
==644100== Copyright (C) 2002-2024, and GNU GPL'd, by Julian Seward et al.
==644100== Using Valgrind-3.26.0 and LibVEX; rerun with -h for copyright info
==644100== Command: tar -C d2 --one-top-level=top -xpf d.tar
==644100== Parent PID: 643024
==644100== 
==644100== 
==644100== FILE DESCRIPTORS: 2 open (1 inherited) at exit.
==644100== Open file descriptor 4: d2
==644100==    at 0x4A1AADA: openat (openat64.c:39)
==644100==    by 0x4027817: openat (fcntl2.h:175)
==644100==    by 0x4027817: chdir_do (misc.c:988)
==644100==    by 0x402A0C7: name_match (names.c:1330)
==644100==    by 0x4025622: read_and (list.c:196)
==644100==    by 0x400CD61: main (tar.c:2823)
==644100== 
==644100== 
==644100== HEAP SUMMARY:
==644100==     in use at exit: 4,608 bytes in 18 blocks
==644100==   total heap usage: 71 allocs, 53 frees, 56,734 bytes allocated
==644100== 
==644100== 1 bytes in 1 blocks are indirectly lost in loss record 1 of 15
==644100==    at 0x48BD858: malloc (vg_replace_malloc.c:447)
==644100==    by 0x405185D: xmalloc (xmalloc.c:45)
==644100==    by 0x405185D: xmemdup (xmalloc.c:314)
==644100==    by 0x405185D: xstrdup (xmalloc.c:339)
==644100==    by 0x402994B: make_name (names.c:599)
==644100==    by 0x402994B: addname (names.c:1233)
==644100==    by 0x4025436: read_and (list.c:174)
==644100==    by 0x400CD61: main (tar.c:2823)
==644100== 
==644100== 3 bytes in 1 blocks are still reachable in loss record 2 of 15
==644100==    at 0x48BD858: malloc (vg_replace_malloc.c:447)
==644100==    by 0x405185D: xmalloc (xmalloc.c:45)
==644100==    by 0x405185D: xmemdup (xmalloc.c:314)
==644100==    by 0x405185D: xstrdup (xmalloc.c:339)
==644100==    by 0x4029A2E: name_gather (names.c:1215)
==644100==    by 0x4025436: read_and (list.c:174)
==644100==    by 0x400CD61: main (tar.c:2823)
==644100== 
==644100== 5 bytes in 1 blocks are still reachable in loss record 3 of 15
==644100==    at 0x48BD858: malloc (vg_replace_malloc.c:447)
==644100==    by 0x405185D: xmalloc (xmalloc.c:45)
==644100==    by 0x405185D: xmemdup (xmalloc.c:314)
==644100==    by 0x405185D: xstrdup (xmalloc.c:339)
==644100==    by 0x402644F: assign_string (misc.c:58)
==644100==    by 0x402973C: uname_to_uid (names.c:550)
==644100==    by 0x402457F: decode_header (list.c:694)
==644100==    by 0x4025616: read_and (list.c:194)
==644100==    by 0x400CD61: main (tar.c:2823)
==644100== 
==644100== 5 bytes in 1 blocks are still reachable in loss record 4 of 15
==644100==    at 0x48BD858: malloc (vg_replace_malloc.c:447)
==644100==    by 0x405185D: xmalloc (xmalloc.c:45)
==644100==    by 0x405185D: xmemdup (xmalloc.c:314)
==644100==    by 0x405185D: xstrdup (xmalloc.c:339)
==644100==    by 0x402644F: assign_string (misc.c:58)
==644100==    by 0x40297DC: gname_to_gid (names.c:580)
==644100==    by 0x402455F: decode_header (list.c:699)
==644100==    by 0x4025616: read_and (list.c:194)
==644100==    by 0x400CD61: main (tar.c:2823)
==644100== 
==644100== 10 bytes in 2 blocks are indirectly lost in loss record 5 of 15
==644100==    at 0x48BD858: malloc (vg_replace_malloc.c:447)
==644100==    by 0x40387DD: wsnode_quoteremoval (wordsplit.c:651)
==644100==    by 0x4039CFD: wordsplit_process_list (wordsplit.c:2390)
==644100==    by 0x403A562: wordsplit_run.constprop.0 (wordsplit.c:2434)
==644100==    by 0x400BFFA: parse_default_options (tar.c:2256)
==644100==    by 0x400BFFA: decode_options (tar.c:2378)
==644100==    by 0x400BFFA: main (tar.c:2792)
==644100== 
==644100== 10 bytes in 2 blocks are definitely lost in loss record 6 of 15
==644100==    at 0x48BD858: malloc (vg_replace_malloc.c:447)
==644100==    by 0x403A1FB: wordsplit_finish (wordsplit.c:836)
==644100==    by 0x400BFFA: parse_default_options (tar.c:2256)
==644100==    by 0x400BFFA: decode_options (tar.c:2378)
==644100==    by 0x400BFFA: main (tar.c:2792)
==644100== 
==644100== 16 bytes in 1 blocks are still reachable in loss record 7 of 15
==644100==    at 0x48C4E43: calloc (vg_replace_malloc.c:1678)
==644100==    by 0x40516F1: xcalloc (xmalloc.c:298)
==644100==    by 0x40516F1: xzalloc (xmalloc.c:283)
==644100==    by 0x400BEF9: decode_options (tar.c:2297)
==644100==    by 0x400BEF9: main (tar.c:2792)
==644100== 
==644100== 32 bytes in 1 blocks are still reachable in loss record 8 of 15
==644100==    at 0x48BD858: malloc (vg_replace_malloc.c:447)
==644100==    by 0x40512CC: xmalloc (xmalloc.c:45)
==644100==    by 0x402F07B: optloc_save (tar.c:926)
==644100==    by 0x4030282: parse_opt (tar.c:1574)
==644100==    by 0x40421C3: group_parse (argp-parse.c:233)
==644100==    by 0x40421C3: parser_parse_opt (argp-parse.c:748)
==644100==    by 0x40421C3: parser_parse_next (argp-parse.c:859)
==644100==    by 0x40421C3: argp_parse (argp-parse.c:927)
==644100==    by 0x400C045: decode_options (tar.c:2380)
==644100==    by 0x400C045: main (tar.c:2792)
==644100== 
==644100== 48 bytes in 1 blocks are still reachable in loss record 9 of 15
==644100==    at 0x48C53C0: reallocarray (vg_replace_malloc.c:1806)
==644100==    by 0x40515C9: xreallocarray (xmalloc.c:84)
==644100==    by 0x40515C9: x2nrealloc (xmalloc.c:203)
==644100==    by 0x4027754: chdir_arg (misc.c:934)
==644100==    by 0x4029A36: name_gather (names.c:1215)
==644100==    by 0x4025436: read_and (list.c:174)
==644100==    by 0x400CD61: main (tar.c:2823)
==644100== 
==644100== 56 bytes in 1 blocks are definitely lost in loss record 10 of 15
==644100==    at 0x48BD858: malloc (vg_replace_malloc.c:447)
==644100==    by 0x40512CC: xmalloc (xmalloc.c:45)
==644100==    by 0x40283CE: name_elt_alloc (names.c:683)
==644100==    by 0x40289D8: name_add_dir (names.c:839)
==644100==    by 0x40289D8: names_parse_opt (names.c:192)
==644100==    by 0x404233D: group_parse (argp-parse.c:233)
==644100==    by 0x404233D: parser_parse_opt (argp-parse.c:736)
==644100==    by 0x404233D: parser_parse_next (argp-parse.c:859)
==644100==    by 0x404233D: argp_parse (argp-parse.c:927)
==644100==    by 0x400C045: decode_options (tar.c:2380)
==644100==    by 0x400C045: main (tar.c:2792)
==644100== 
==644100== 80 bytes in 1 blocks are still reachable in loss record 11 of 15
==644100==    at 0x48BD858: malloc (vg_replace_malloc.c:447)
==644100==    by 0x40512CC: xmalloc (xmalloc.c:45)
==644100==    by 0x400BE43: main (tar.c:2781)
==644100== 
==644100== 90 (80 direct, 10 indirect) bytes in 2 blocks are definitely lost in loss record 12 of 15
==644100==    at 0x48C4E43: calloc (vg_replace_malloc.c:1678)
==644100==    by 0x403959D: wsnode_new (wordsplit.c:422)
==644100==    by 0x403959D: wordsplit_add_segm (wordsplit.c:523)
==644100==    by 0x4039854: scan_word (wordsplit.c:2062)
==644100==    by 0x4039C7C: wordsplit_process_list (wordsplit.c:2358)
==644100==    by 0x403A562: wordsplit_run.constprop.0 (wordsplit.c:2434)
==644100==    by 0x400BFFA: parse_default_options (tar.c:2256)
==644100==    by 0x400BFFA: decode_options (tar.c:2378)
==644100==    by 0x400BFFA: main (tar.c:2792)
==644100== 
==644100== 97 (96 direct, 1 indirect) bytes in 1 blocks are definitely lost in loss record 13 of 15
==644100==    at 0x48C4E43: calloc (vg_replace_malloc.c:1678)
==644100==    by 0x40516F1: xcalloc (xmalloc.c:298)
==644100==    by 0x40516F1: xzalloc (xmalloc.c:283)
==644100==    by 0x4029932: make_name (names.c:596)
==644100==    by 0x4029932: addname (names.c:1233)
==644100==    by 0x4025436: read_and (list.c:174)
==644100==    by 0x400CD61: main (tar.c:2823)
==644100== 
==644100== 102 bytes in 1 blocks are still reachable in loss record 14 of 15
==644100==    at 0x48BD858: malloc (vg_replace_malloc.c:447)
==644100==    by 0x40512CC: xmalloc (xmalloc.c:45)
==644100==    by 0x4029881: name_init (names.c:869)
==644100==    by 0x400C94C: main (tar.c:2794)
==644100== 
==644100== 4,064 bytes in 1 blocks are still reachable in loss record 15 of 15
==644100==    at 0x48BD858: malloc (vg_replace_malloc.c:447)
==644100==    by 0x40512CC: xmalloc (xmalloc.c:45)
==644100==    by 0x404A07D: call_chunkfun (obstack.c:88)
==644100==    by 0x404A07D: _obstack_begin_worker.isra.0 (obstack.c:135)
==644100==    by 0x404A0A8: _obstack_begin (obstack.c:157)
==644100==    by 0x4032C57: _transform_name_to_obstack (transform.c:592)
==644100==    by 0x4032C57: transform_name_fp (transform.c:614)
==644100==    by 0x4023670: transform_member_name (list.c:114)
==644100==    by 0x4023670: transform_stat_info.part.0 (list.c:150)
==644100==    by 0x4025850: transform_stat_info (list.c:227)
==644100==    by 0x4025850: read_and (list.c:227)
==644100==    by 0x400CD61: main (tar.c:2823)
==644100== 
==644100== LEAK SUMMARY:
==644100==    definitely lost: 242 bytes in 6 blocks
==644100==    indirectly lost: 11 bytes in 3 blocks
==644100==      possibly lost: 0 bytes in 0 blocks
==644100==    still reachable: 4,355 bytes in 9 blocks
==644100==         suppressed: 0 bytes in 0 blocks
==644100== 
==644100== For lists of detected and suppressed errors, rerun with: -s
==644100== ERROR SUMMARY: 5 errors from 5 contexts (suppressed: 0 from 0)
