==644888== Memcheck, a memory error detector
==644888== Copyright (C) 2002-2024, and GNU GPL'd, by Julian Seward et al.
==644888== Using Valgrind-3.26.0 and LibVEX; rerun with -h for copyright info
==644888== Command: tar --one-top-level=top -xpf ../d.tar
==644888== Parent PID: 644774
==644888== 
==644888== 
==644888== FILE DESCRIPTORS: 1 open (1 inherited) at exit.
==644888== 
==644888== HEAP SUMMARY:
==644888==     in use at exit: 4,402 bytes in 13 blocks
==644888==   total heap usage: 67 allocs, 54 frees, 57,678 bytes allocated
==644888== 
==644888== 5 bytes in 1 blocks are still reachable in loss record 1 of 10
==644888==    at 0x48BD858: malloc (vg_replace_malloc.c:447)
==644888==    by 0x405185D: xmalloc (xmalloc.c:45)
==644888==    by 0x405185D: xmemdup (xmalloc.c:314)
==644888==    by 0x405185D: xstrdup (xmalloc.c:339)
==644888==    by 0x402644F: assign_string (misc.c:58)
==644888==    by 0x402973C: uname_to_uid (names.c:550)
==644888==    by 0x402457F: decode_header (list.c:694)
==644888==    by 0x4025616: read_and (list.c:194)
==644888==    by 0x400CD61: main (tar.c:2823)
==644888== 
==644888== 5 bytes in 1 blocks are still reachable in loss record 2 of 10
==644888==    at 0x48BD858: malloc (vg_replace_malloc.c:447)
==644888==    by 0x405185D: xmalloc (xmalloc.c:45)
==644888==    by 0x405185D: xmemdup (xmalloc.c:314)
==644888==    by 0x405185D: xstrdup (xmalloc.c:339)
==644888==    by 0x402644F: assign_string (misc.c:58)
==644888==    by 0x40297DC: gname_to_gid (names.c:580)
==644888==    by 0x402455F: decode_header (list.c:699)
==644888==    by 0x4025616: read_and (list.c:194)
==644888==    by 0x400CD61: main (tar.c:2823)
==644888== 
==644888== 9 bytes in 2 blocks are indirectly lost in loss record 3 of 10
==644888==    at 0x48BD858: malloc (vg_replace_malloc.c:447)
==644888==    by 0x40387DD: wsnode_quoteremoval (wordsplit.c:651)
==644888==    by 0x4039CFD: wordsplit_process_list (wordsplit.c:2390)
==644888==    by 0x403A562: wordsplit_run.constprop.0 (wordsplit.c:2434)
==644888==    by 0x400BFFA: parse_default_options (tar.c:2256)
==644888==    by 0x400BFFA: decode_options (tar.c:2378)
==644888==    by 0x400BFFA: main (tar.c:2792)
==644888== 
==644888== 9 bytes in 2 blocks are definitely lost in loss record 4 of 10
==644888==    at 0x48BD858: malloc (vg_replace_malloc.c:447)
==644888==    by 0x403A1FB: wordsplit_finish (wordsplit.c:836)
==644888==    by 0x400BFFA: parse_default_options (tar.c:2256)
==644888==    by 0x400BFFA: decode_options (tar.c:2378)
==644888==    by 0x400BFFA: main (tar.c:2792)
==644888== 
==644888== 16 bytes in 1 blocks are still reachable in loss record 5 of 10
==644888==    at 0x48C4E43: calloc (vg_replace_malloc.c:1678)
==644888==    by 0x40516F1: xcalloc (xmalloc.c:298)
==644888==    by 0x40516F1: xzalloc (xmalloc.c:283)
==644888==    by 0x400BEF9: decode_options (tar.c:2297)
==644888==    by 0x400BEF9: main (tar.c:2792)
==644888== 
==644888== 32 bytes in 1 blocks are still reachable in loss record 6 of 10
==644888==    at 0x48BD858: malloc (vg_replace_malloc.c:447)
==644888==    by 0x40512CC: xmalloc (xmalloc.c:45)
==644888==    by 0x402F07B: optloc_save (tar.c:926)
==644888==    by 0x4030282: parse_opt (tar.c:1574)
==644888==    by 0x40421C3: group_parse (argp-parse.c:233)
==644888==    by 0x40421C3: parser_parse_opt (argp-parse.c:748)
==644888==    by 0x40421C3: parser_parse_next (argp-parse.c:859)
==644888==    by 0x40421C3: argp_parse (argp-parse.c:927)
==644888==    by 0x400C045: decode_options (tar.c:2380)
==644888==    by 0x400C045: main (tar.c:2792)
==644888== 
==644888== 80 bytes in 1 blocks are still reachable in loss record 7 of 10
==644888==    at 0x48BD858: malloc (vg_replace_malloc.c:447)
==644888==    by 0x40512CC: xmalloc (xmalloc.c:45)
==644888==    by 0x400BE43: main (tar.c:2781)
==644888== 
==644888== 89 (80 direct, 9 indirect) bytes in 2 blocks are definitely lost in loss record 8 of 10
==644888==    at 0x48C4E43: calloc (vg_replace_malloc.c:1678)
==644888==    by 0x403959D: wsnode_new (wordsplit.c:422)
==644888==    by 0x403959D: wordsplit_add_segm (wordsplit.c:523)
==644888==    by 0x4039854: scan_word (wordsplit.c:2062)
==644888==    by 0x4039C7C: wordsplit_process_list (wordsplit.c:2358)
==644888==    by 0x403A562: wordsplit_run.constprop.0 (wordsplit.c:2434)
==644888==    by 0x400BFFA: parse_default_options (tar.c:2256)
==644888==    by 0x400BFFA: decode_options (tar.c:2378)
==644888==    by 0x400BFFA: main (tar.c:2792)
==644888== 
==644888== 102 bytes in 1 blocks are still reachable in loss record 9 of 10
==644888==    at 0x48BD858: malloc (vg_replace_malloc.c:447)
==644888==    by 0x40512CC: xmalloc (xmalloc.c:45)
==644888==    by 0x4029881: name_init (names.c:869)
==644888==    by 0x400C94C: main (tar.c:2794)
==644888== 
==644888== 4,064 bytes in 1 blocks are still reachable in loss record 10 of 10
==644888==    at 0x48BD858: malloc (vg_replace_malloc.c:447)
==644888==    by 0x40512CC: xmalloc (xmalloc.c:45)
==644888==    by 0x404A07D: call_chunkfun (obstack.c:88)
==644888==    by 0x404A07D: _obstack_begin_worker.isra.0 (obstack.c:135)
==644888==    by 0x404A0A8: _obstack_begin (obstack.c:157)
==644888==    by 0x4032C57: _transform_name_to_obstack (transform.c:592)
==644888==    by 0x4032C57: transform_name_fp (transform.c:614)
==644888==    by 0x4023670: transform_member_name (list.c:114)
==644888==    by 0x4023670: transform_stat_info.part.0 (list.c:150)
==644888==    by 0x4025850: transform_stat_info (list.c:227)
==644888==    by 0x4025850: read_and (list.c:227)
==644888==    by 0x400CD61: main (tar.c:2823)
==644888== 
==644888== LEAK SUMMARY:
==644888==    definitely lost: 89 bytes in 4 blocks
==644888==    indirectly lost: 9 bytes in 2 blocks
==644888==      possibly lost: 0 bytes in 0 blocks
==644888==    still reachable: 4,304 bytes in 7 blocks
==644888==         suppressed: 0 bytes in 0 blocks
==644888== 
==644888== For lists of detected and suppressed errors, rerun with: -s
==644888== ERROR SUMMARY: 2 errors from 2 contexts (suppressed: 0 from 0)
