==701535== Memcheck, a memory error detector
==701535== Copyright (C) 2002-2024, and GNU GPL'd, by Julian Seward et al.
==701535== Using Valgrind-3.26.0 and LibVEX; rerun with -h for copyright info
==701535== Command: tar --bzip2 -cf k.tar.bz2 empty
==701535== Parent PID: 701528
==701535== 
==701535== 
==701535== FILE DESCRIPTORS: 1 open (1 inherited) at exit.
==701535== 
==701535== HEAP SUMMARY:
==701535==     in use at exit: 4,304 bytes in 7 blocks
==701535==   total heap usage: 47 allocs, 40 frees, 47,559 bytes allocated
==701535== 
==701535== 5 bytes in 1 blocks are still reachable in loss record 1 of 7
==701535==    at 0x48BD858: malloc (vg_replace_malloc.c:447)
==701535==    by 0x405185D: xmalloc (xmalloc.c:45)
==701535==    by 0x405185D: xmemdup (xmalloc.c:314)
==701535==    by 0x405185D: xstrdup (xmalloc.c:339)
==701535==    by 0x402644F: assign_string (misc.c:58)
==701535==    by 0x4029612: uid_to_uname (names.c:490)
==701535==    by 0x40155F3: start_header (create.c:931)
==701535==    by 0x4015798: dump_regular_file (create.c:1050)
==701535==    by 0x40165E2: dump_file0 (create.c:1773)
==701535==    by 0x4017589: dump_file (create.c:1968)
==701535==    by 0x4017589: create_archive (create.c:1412)
==701535==    by 0x400CD90: main (tar.c:2818)
==701535== 
==701535== 5 bytes in 1 blocks are still reachable in loss record 2 of 7
==701535==    at 0x48BD858: malloc (vg_replace_malloc.c:447)
==701535==    by 0x405185D: xmalloc (xmalloc.c:45)
==701535==    by 0x405185D: xmemdup (xmalloc.c:314)
==701535==    by 0x405185D: xstrdup (xmalloc.c:339)
==701535==    by 0x402644F: assign_string (misc.c:58)
==701535==    by 0x40296A2: gid_to_gname (names.c:520)
==701535==    by 0x40155DB: start_header (create.c:936)
==701535==    by 0x4015798: dump_regular_file (create.c:1050)
==701535==    by 0x40165E2: dump_file0 (create.c:1773)
==701535==    by 0x4017589: dump_file (create.c:1968)
==701535==    by 0x4017589: create_archive (create.c:1412)
==701535==    by 0x400CD90: main (tar.c:2818)
==701535== 
==701535== 16 bytes in 1 blocks are still reachable in loss record 3 of 7
==701535==    at 0x48C4E43: calloc (vg_replace_malloc.c:1678)
==701535==    by 0x40516F1: xcalloc (xmalloc.c:298)
==701535==    by 0x40516F1: xzalloc (xmalloc.c:283)
==701535==    by 0x400BEF9: decode_options (tar.c:2297)
==701535==    by 0x400BEF9: main (tar.c:2792)
==701535== 
==701535== 32 bytes in 1 blocks are still reachable in loss record 4 of 7
==701535==    at 0x48BD858: malloc (vg_replace_malloc.c:447)
==701535==    by 0x40512CC: xmalloc (xmalloc.c:45)
==701535==    by 0x402F07B: optloc_save (tar.c:926)
==701535==    by 0x402FFB0: set_use_compress_program_option (tar.c:985)
==701535==    by 0x4030DC0: parse_opt (tar.c:1550)
==701535==    by 0x40421C3: group_parse (argp-parse.c:233)
==701535==    by 0x40421C3: parser_parse_opt (argp-parse.c:748)
==701535==    by 0x40421C3: parser_parse_next (argp-parse.c:859)
==701535==    by 0x40421C3: argp_parse (argp-parse.c:927)
==701535==    by 0x400C045: decode_options (tar.c:2380)
==701535==    by 0x400C045: main (tar.c:2792)
==701535== 
==701535== 80 bytes in 1 blocks are still reachable in loss record 5 of 7
==701535==    at 0x48BD858: malloc (vg_replace_malloc.c:447)
==701535==    by 0x40512CC: xmalloc (xmalloc.c:45)
==701535==    by 0x400BE43: main (tar.c:2781)
==701535== 
==701535== 102 bytes in 1 blocks are still reachable in loss record 6 of 7
==701535==    at 0x48BD858: malloc (vg_replace_malloc.c:447)
==701535==    by 0x40512CC: xmalloc (xmalloc.c:45)
==701535==    by 0x4029881: name_init (names.c:869)
==701535==    by 0x400C94C: main (tar.c:2794)
==701535== 
==701535== 4,064 bytes in 1 blocks are still reachable in loss record 7 of 7
==701535==    at 0x48BD858: malloc (vg_replace_malloc.c:447)
==701535==    by 0x40512CC: xmalloc (xmalloc.c:45)
==701535==    by 0x404A07D: call_chunkfun (obstack.c:88)
==701535==    by 0x404A07D: _obstack_begin_worker.isra.0 (obstack.c:135)
==701535==    by 0x404A0A8: _obstack_begin (obstack.c:157)
==701535==    by 0x4032C57: _transform_name_to_obstack (transform.c:592)
==701535==    by 0x4032C57: transform_name_fp (transform.c:614)
==701535==    by 0x4016444: dump_file0 (create.c:1657)
==701535==    by 0x4017589: dump_file (create.c:1968)
==701535==    by 0x4017589: create_archive (create.c:1412)
==701535==    by 0x400CD90: main (tar.c:2818)
==701535== 
==701535== LEAK SUMMARY:
==701535==    definitely lost: 0 bytes in 0 blocks
==701535==    indirectly lost: 0 bytes in 0 blocks
==701535==      possibly lost: 0 bytes in 0 blocks
==701535==    still reachable: 4,304 bytes in 7 blocks
==701535==         suppressed: 0 bytes in 0 blocks
==701535== 
==701535== For lists of detected and suppressed errors, rerun with: -s
==701535== ERROR SUMMARY: 0 errors from 0 contexts (suppressed: 0 from 0)
