==701630== Memcheck, a memory error detector
==701630== Copyright (C) 2002-2024, and GNU GPL'd, by Julian Seward et al.
==701630== Using Valgrind-3.26.0 and LibVEX; rerun with -h for copyright info
==701630== Command: /bin/sh -c bzip2
==701630== Parent PID: 701535
==701630== 
==701630== 
==701630== FILE DESCRIPTORS: 3 open (3 inherited) at exit.
==701630== 
==701630== HEAP SUMMARY:
==701630==     in use at exit: 935 bytes in 24 blocks
==701630==   total heap usage: 26 allocs, 2 frees, 1,087 bytes allocated
==701630== 
==701630== 29 bytes in 1 blocks are still reachable in loss record 1 of 6
==701630==    at 0x486E858: malloc (vg_replace_malloc.c:447)
==701630==    by 0x40083FA: ??? (in /usr/bin/dash)
==701630==    by 0x4012E0A: ??? (in /usr/bin/dash)
==701630==    by 0x4013FFF: ??? (in /usr/bin/dash)
==701630==    by 0x400BCE7: ??? (in /usr/bin/dash)
==701630==    by 0x40120F8: ??? (in /usr/bin/dash)
==701630==    by 0x4004DA0: ??? (in /usr/bin/dash)
==701630==    by 0x48C4600: (below main) (libc_start_call_main.h:59)
==701630== 
==701630== 32 bytes in 1 blocks are still reachable in loss record 2 of 6
==701630==    at 0x486E858: malloc (vg_replace_malloc.c:447)
==701630==    by 0x4017AB2: ??? (in /usr/bin/dash)
==701630==    by 0x40186D4: ??? (in /usr/bin/dash)
==701630==    by 0x4004BC6: ??? (in /usr/bin/dash)
==701630==    by 0x48C4600: (below main) (libc_start_call_main.h:59)
==701630== 
==701630== 51 bytes in 1 blocks are still reachable in loss record 3 of 6
==701630==    at 0x486E858: malloc (vg_replace_malloc.c:447)
==701630==    by 0x495596E: strdup (strdup.c:42)
==701630==    by 0x40081DF: ??? (in /usr/bin/dash)
==701630==    by 0x40186F9: ??? (in /usr/bin/dash)
==701630==    by 0x4004BC6: ??? (in /usr/bin/dash)
==701630==    by 0x48C4600: (below main) (libc_start_call_main.h:59)
==701630== 
==701630== 55 bytes in 1 blocks are still reachable in loss record 4 of 6
==701630==    at 0x486E858: malloc (vg_replace_malloc.c:447)
==701630==    by 0x4017C53: ??? (in /usr/bin/dash)
==701630==    by 0x40186F9: ??? (in /usr/bin/dash)
==701630==    by 0x4004BC6: ??? (in /usr/bin/dash)
==701630==    by 0x48C4600: (below main) (libc_start_call_main.h:59)
==701630== 
==701630== 160 bytes in 1 blocks are still reachable in loss record 5 of 6
==701630==    at 0x487607F: realloc (vg_replace_malloc.c:1804)
==701630==    by 0x40074DC: ??? (in /usr/bin/dash)
==701630==    by 0x400A64D: ??? (in /usr/bin/dash)
==701630==    by 0x4014058: ??? (in /usr/bin/dash)
==701630==    by 0x400BCE7: ??? (in /usr/bin/dash)
==701630==    by 0x40120F8: ??? (in /usr/bin/dash)
==701630==    by 0x4004DA0: ??? (in /usr/bin/dash)
==701630==    by 0x48C4600: (below main) (libc_start_call_main.h:59)
==701630== 
==701630== 608 bytes in 19 blocks are still reachable in loss record 6 of 6
==701630==    at 0x486E858: malloc (vg_replace_malloc.c:447)
==701630==    by 0x4017AB2: ??? (in /usr/bin/dash)
==701630==    by 0x4018670: ??? (in /usr/bin/dash)
==701630==    by 0x4004BC6: ??? (in /usr/bin/dash)
==701630==    by 0x48C4600: (below main) (libc_start_call_main.h:59)
==701630== 
==701630== LEAK SUMMARY:
==701630==    definitely lost: 0 bytes in 0 blocks
==701630==    indirectly lost: 0 bytes in 0 blocks
==701630==      possibly lost: 0 bytes in 0 blocks
==701630==    still reachable: 935 bytes in 24 blocks
==701630==         suppressed: 0 bytes in 0 blocks
==701630== 
==701630== For lists of detected and suppressed errors, rerun with: -s
==701630== ERROR SUMMARY: 0 errors from 0 contexts (suppressed: 0 from 0)
