==606820== Memcheck, a memory error detector
==606820== Copyright (C) 2002-2024, and GNU GPL'd, by Julian Seward et al.
==606820== Using Valgrind-3.26.0 and LibVEX; rerun with -h for copyright info
==606820== Command: tar cf archive this_is_a_very_long_name_for_a_file_designed_to_test_generation/of_ustar_archives_by_gnu_tar_semicolon_it_will_not_fit_the_name_field_and_cannot_be_split_be
==606820== Parent PID: 606809
==606820== 
==606820== 
==606820== FILE DESCRIPTORS: 1 open (1 inherited) at exit.
==606820== 
==606820== HEAP SUMMARY:
==606820==     in use at exit: 4,397 bytes in 6 blocks
==606820==   total heap usage: 74 allocs, 68 frees, 91,043 bytes allocated
==606820== 
==606820== 5 bytes in 1 blocks are still reachable in loss record 1 of 6
==606820==    at 0x586E858: malloc (vg_replace_malloc.c:447)
==606820==    by 0x469E66D: rboxc_tar_xstrdup (in /root/rboxc/target/screen-owned-candidate/release/rboxc)
==606820==    by 0x466FF4F: rboxc_tar_assign_string (in /root/rboxc/target/screen-owned-candidate/release/rboxc)
==606820==    by 0x4673232: rboxc_tar_uid_to_uname (in /root/rboxc/target/screen-owned-candidate/release/rboxc)
==606820==    by 0x4662453: rboxc_tar_start_header (in /root/rboxc/target/screen-owned-candidate/release/rboxc)
==606820==    by 0x4663659: dump_file0 (in /root/rboxc/target/screen-owned-candidate/release/rboxc)
==606820==    by 0x46643E9: rboxc_tar_create_archive (in /root/rboxc/target/screen-owned-candidate/release/rboxc)
==606820==    by 0x4478AF8: single_binary_main_tar (in /root/rboxc/target/screen-owned-candidate/release/rboxc)
==606820==    by 0x5A18600: (below main) (libc_start_call_main.h:59)
==606820== 
==606820== 5 bytes in 1 blocks are still reachable in loss record 2 of 6
==606820==    at 0x586E858: malloc (vg_replace_malloc.c:447)
==606820==    by 0x469E66D: rboxc_tar_xstrdup (in /root/rboxc/target/screen-owned-candidate/release/rboxc)
==606820==    by 0x466FF4F: rboxc_tar_assign_string (in /root/rboxc/target/screen-owned-candidate/release/rboxc)
==606820==    by 0x46732C2: rboxc_tar_gid_to_gname (in /root/rboxc/target/screen-owned-candidate/release/rboxc)
==606820==    by 0x466243B: rboxc_tar_start_header (in /root/rboxc/target/screen-owned-candidate/release/rboxc)
==606820==    by 0x4663659: dump_file0 (in /root/rboxc/target/screen-owned-candidate/release/rboxc)
==606820==    by 0x46643E9: rboxc_tar_create_archive (in /root/rboxc/target/screen-owned-candidate/release/rboxc)
==606820==    by 0x4478AF8: single_binary_main_tar (in /root/rboxc/target/screen-owned-candidate/release/rboxc)
==606820==    by 0x5A18600: (below main) (libc_start_call_main.h:59)
==606820== 
==606820== 16 bytes in 1 blocks are still reachable in loss record 3 of 6
==606820==    at 0x5875E43: calloc (vg_replace_malloc.c:1678)
==606820==    by 0x469E501: rboxc_tar_xzalloc (in /root/rboxc/target/screen-owned-candidate/release/rboxc)
==606820==    by 0x4477AF5: single_binary_main_tar (in /root/rboxc/target/screen-owned-candidate/release/rboxc)
==606820==    by 0x5A18600: (below main) (libc_start_call_main.h:59)
==606820== 
==606820== 80 bytes in 1 blocks are still reachable in loss record 4 of 6
==606820==    at 0x586E858: malloc (vg_replace_malloc.c:447)
==606820==    by 0x469E0DC: rboxc_tar_xmalloc (in /root/rboxc/target/screen-owned-candidate/release/rboxc)
==606820==    by 0x4477A00: single_binary_main_tar (in /root/rboxc/target/screen-owned-candidate/release/rboxc)
==606820==    by 0x5A18600: (below main) (libc_start_call_main.h:59)
==606820== 
==606820== 227 bytes in 1 blocks are still reachable in loss record 5 of 6
==606820==    at 0x58763C0: reallocarray (vg_replace_malloc.c:1806)
==606820==    by 0x469E2C0: rboxc_tar_x2realloc (in /root/rboxc/target/screen-owned-candidate/release/rboxc)
==606820==    by 0x4672637: name_next_elt (in /root/rboxc/target/screen-owned-candidate/release/rboxc)
==606820==    by 0x467350C: rboxc_tar_name_next (in /root/rboxc/target/screen-owned-candidate/release/rboxc)
==606820==    by 0x466436F: rboxc_tar_create_archive (in /root/rboxc/target/screen-owned-candidate/release/rboxc)
==606820==    by 0x4478AF8: single_binary_main_tar (in /root/rboxc/target/screen-owned-candidate/release/rboxc)
==606820==    by 0x5A18600: (below main) (libc_start_call_main.h:59)
==606820== 
==606820== 4,064 bytes in 1 blocks are still reachable in loss record 6 of 6
==606820==    at 0x586E858: malloc (vg_replace_malloc.c:447)
==606820==    by 0x469E0DC: rboxc_tar_xmalloc (in /root/rboxc/target/screen-owned-candidate/release/rboxc)
==606820==    by 0x4695FFD: _obstack_begin_worker.isra.0 (in /root/rboxc/target/screen-owned-candidate/release/rboxc)
==606820==    by 0x4696028: rboxc_tar__obstack_begin (in /root/rboxc/target/screen-owned-candidate/release/rboxc)
==606820==    by 0x4679CD7: rboxc_tar_transform_name_fp (in /root/rboxc/target/screen-owned-candidate/release/rboxc)
==606820==    by 0x46632A4: dump_file0 (in /root/rboxc/target/screen-owned-candidate/release/rboxc)
==606820==    by 0x46643E9: rboxc_tar_create_archive (in /root/rboxc/target/screen-owned-candidate/release/rboxc)
==606820==    by 0x4478AF8: single_binary_main_tar (in /root/rboxc/target/screen-owned-candidate/release/rboxc)
==606820==    by 0x5A18600: (below main) (libc_start_call_main.h:59)
==606820== 
==606820== LEAK SUMMARY:
==606820==    definitely lost: 0 bytes in 0 blocks
==606820==    indirectly lost: 0 bytes in 0 blocks
==606820==      possibly lost: 0 bytes in 0 blocks
==606820==    still reachable: 4,397 bytes in 6 blocks
==606820==         suppressed: 0 bytes in 0 blocks
==606820== 
==606820== For lists of detected and suppressed errors, rerun with: -s
==606820== ERROR SUMMARY: 0 errors from 0 contexts (suppressed: 0 from 0)
