==590479== Memcheck, a memory error detector
==590479== Copyright (C) 2002-2024, and GNU GPL'd, by Julian Seward et al.
==590479== Using Valgrind-3.26.0 and LibVEX; rerun with -h for copyright info
==590479== Command: tar --version
==590479== Parent PID: 590158
==590479== 
==590479== 
==590479== FILE DESCRIPTORS: 4 open (4 inherited) at exit.
==590479== 
==590479== HEAP SUMMARY:
==590479==     in use at exit: 7,767 bytes in 3 blocks
==590479==   total heap usage: 15 allocs, 12 frees, 12,021 bytes allocated
==590479== 
==590479== 16 bytes in 1 blocks are still reachable in loss record 1 of 3
==590479==    at 0x48C4E43: calloc (vg_replace_malloc.c:1678)
==590479==    by 0x40516F1: xcalloc (xmalloc.c:298)
==590479==    by 0x40516F1: xzalloc (xmalloc.c:283)
==590479==    by 0x400BEF9: decode_options (tar.c:2297)
==590479==    by 0x400BEF9: main (tar.c:2792)
==590479== 
==590479== 80 bytes in 1 blocks are still reachable in loss record 2 of 3
==590479==    at 0x48BD858: malloc (vg_replace_malloc.c:447)
==590479==    by 0x40512CC: xmalloc (xmalloc.c:45)
==590479==    by 0x400BE43: main (tar.c:2781)
==590479== 
==590479== 7,671 bytes in 1 blocks are still reachable in loss record 3 of 3
==590479==    at 0x48BD858: malloc (vg_replace_malloc.c:447)
==590479==    by 0x4041854: parser_init (argp-parse.c:495)
==590479==    by 0x4041854: argp_parse (argp-parse.c:921)
==590479==    by 0x400C045: decode_options (tar.c:2380)
==590479==    by 0x400C045: main (tar.c:2792)
==590479== 
==590479== LEAK SUMMARY:
==590479==    definitely lost: 0 bytes in 0 blocks
==590479==    indirectly lost: 0 bytes in 0 blocks
==590479==      possibly lost: 0 bytes in 0 blocks
==590479==    still reachable: 7,767 bytes in 3 blocks
==590479==         suppressed: 0 bytes in 0 blocks
==590479== 
==590479== For lists of detected and suppressed errors, rerun with: -s
==590479== ERROR SUMMARY: 0 errors from 0 contexts (suppressed: 0 from 0)
