==684667== Memcheck, a memory error detector
==684667== Copyright (C) 2002-2024, and GNU GPL'd, by Julian Seward et al.
==684667== Using Valgrind-3.26.0 and LibVEX; rerun with -h for copyright info
==684667== Command: /tmp/rboxc-tar-behavior-w7rwxct3/exec/tar -tf absent.tar
==684667== Parent PID: 683658
==684667== 
==684667== 
==684667== FILE DESCRIPTORS: 3 open (3 inherited) at exit.
==684667== 
==684667== HEAP SUMMARY:
==684667==     in use at exit: 14,534 bytes in 4 blocks
==684667==   total heap usage: 16 allocs, 12 frees, 22,364 bytes allocated
==684667== 
==684667== 16 bytes in 1 blocks are still reachable in loss record 1 of 4
==684667==    at 0x48C4E43: calloc (vg_replace_malloc.c:1678)
==684667==    by 0x40516F1: xcalloc (xmalloc.c:298)
==684667==    by 0x40516F1: xzalloc (xmalloc.c:283)
==684667==    by 0x400BEF9: decode_options (tar.c:2297)
==684667==    by 0x400BEF9: main (tar.c:2792)
==684667== 
==684667== 80 bytes in 1 blocks are still reachable in loss record 2 of 4
==684667==    at 0x48BD858: malloc (vg_replace_malloc.c:447)
==684667==    by 0x40512CC: xmalloc (xmalloc.c:45)
==684667==    by 0x400BE43: main (tar.c:2781)
==684667== 
==684667== 102 bytes in 1 blocks are still reachable in loss record 3 of 4
==684667==    at 0x48BD858: malloc (vg_replace_malloc.c:447)
==684667==    by 0x40512CC: xmalloc (xmalloc.c:45)
==684667==    by 0x4029881: name_init (names.c:869)
==684667==    by 0x400C94C: main (tar.c:2794)
==684667== 
==684667== 14,336 bytes in 1 blocks are still reachable in loss record 4 of 4
==684667==    at 0x48BD858: malloc (vg_replace_malloc.c:447)
==684667==    by 0x40512CC: xmalloc (xmalloc.c:45)
==684667==    by 0x4027C22: page_aligned_alloc (misc.c:1235)
==684667==    by 0x400D5A3: init_buffer (buffer.c:657)
==684667==    by 0x4010B3B: _open_archive (buffer.c:725)
==684667==    by 0x4010B3B: open_archive (buffer.c:2025)
==684667==    by 0x402543F: read_and (list.c:176)
==684667==    by 0x400CD4B: main (tar.c:2832)
==684667== 
==684667== LEAK SUMMARY:
==684667==    definitely lost: 0 bytes in 0 blocks
==684667==    indirectly lost: 0 bytes in 0 blocks
==684667==      possibly lost: 0 bytes in 0 blocks
==684667==    still reachable: 14,534 bytes in 4 blocks
==684667==         suppressed: 0 bytes in 0 blocks
==684667== 
==684667== For lists of detected and suppressed errors, rerun with: -s
==684667== ERROR SUMMARY: 0 errors from 0 contexts (suppressed: 0 from 0)
