==733221== Memcheck, a memory error detector
==733221== Copyright (C) 2002-2024, and GNU GPL'd, by Julian Seward et al.
==733221== Using Valgrind-3.26.0 and LibVEX; rerun with -h for copyright info
==733221== Command: /tmp/rboxc-gawk-e4cvvgvv/exec/awk --help
==733221== Parent PID: 732337
==733221== 
==733221== 
==733221== FILE DESCRIPTORS: 3 open (3 inherited) at exit.
==733221== 
==733221== HEAP SUMMARY:
==733221==     in use at exit: 1,475 bytes in 29 blocks
==733221==   total heap usage: 115 allocs, 86 frees, 6,686 bytes allocated
==733221== 
==733221== 1 bytes in 1 blocks are still reachable in loss record 1 of 28
==733221==    at 0x497D858: malloc (vg_replace_malloc.c:447)
==733221==    by 0x4066564: emalloc_real (awk.h:2156)
==733221==    by 0x4066564: estrdup (main.c:1451)
==733221==    by 0x400D434: init_locale (main.c:1476)
==733221==    by 0x400D434: set_locale_stuff (main.c:1849)
==733221==    by 0x400D434: main (main.c:254)
==733221== 
==733221== 1 bytes in 1 blocks are still reachable in loss record 2 of 28
==733221==    at 0x497D858: malloc (vg_replace_malloc.c:447)
==733221==    by 0x4066564: emalloc_real (awk.h:2156)
==733221==    by 0x4066564: estrdup (main.c:1451)
==733221==    by 0x400D469: init_locale (main.c:1478)
==733221==    by 0x400D469: set_locale_stuff (main.c:1849)
==733221==    by 0x400D469: main (main.c:254)
==733221== 
==733221== 1 bytes in 1 blocks are still reachable in loss record 3 of 28
==733221==    at 0x497D858: malloc (vg_replace_malloc.c:447)
==733221==    by 0x4066564: emalloc_real (awk.h:2156)
==733221==    by 0x4066564: estrdup (main.c:1451)
==733221==    by 0x400D485: init_locale (main.c:1479)
==733221==    by 0x400D485: set_locale_stuff (main.c:1849)
==733221==    by 0x400D485: main (main.c:254)
==733221== 
==733221== 1 bytes in 1 blocks are still reachable in loss record 4 of 28
==733221==    at 0x497D858: malloc (vg_replace_malloc.c:447)
==733221==    by 0x4066564: emalloc_real (awk.h:2156)
==733221==    by 0x4066564: estrdup (main.c:1451)
==733221==    by 0x400D4A1: init_locale (main.c:1480)
==733221==    by 0x400D4A1: set_locale_stuff (main.c:1849)
==733221==    by 0x400D4A1: main (main.c:254)
==733221== 
==733221== 1 bytes in 1 blocks are still reachable in loss record 5 of 28
==733221==    at 0x497D858: malloc (vg_replace_malloc.c:447)
==733221==    by 0x4066564: emalloc_real (awk.h:2156)
==733221==    by 0x4066564: estrdup (main.c:1451)
==733221==    by 0x400D4BD: init_locale (main.c:1481)
==733221==    by 0x400D4BD: set_locale_stuff (main.c:1849)
==733221==    by 0x400D4BD: main (main.c:254)
==733221== 
==733221== 1 bytes in 1 blocks are still reachable in loss record 6 of 28
==733221==    at 0x497D858: malloc (vg_replace_malloc.c:447)
==733221==    by 0x4066564: emalloc_real (awk.h:2156)
==733221==    by 0x4066564: estrdup (main.c:1451)
==733221==    by 0x400D4D9: init_locale (main.c:1482)
==733221==    by 0x400D4D9: set_locale_stuff (main.c:1849)
==733221==    by 0x400D4D9: main (main.c:254)
==733221== 
==733221== 1 bytes in 1 blocks are still reachable in loss record 7 of 28
==733221==    at 0x497D858: malloc (vg_replace_malloc.c:447)
==733221==    by 0x4066564: emalloc_real (awk.h:2156)
==733221==    by 0x4066564: estrdup (main.c:1451)
==733221==    by 0x400D4F5: init_locale (main.c:1483)
==733221==    by 0x400D4F5: set_locale_stuff (main.c:1849)
==733221==    by 0x400D4F5: main (main.c:254)
==733221== 
==733221== 1 bytes in 1 blocks are still reachable in loss record 8 of 28
==733221==    at 0x497D858: malloc (vg_replace_malloc.c:447)
==733221==    by 0x4066564: emalloc_real (awk.h:2156)
==733221==    by 0x4066564: estrdup (main.c:1451)
==733221==    by 0x400D511: init_locale (main.c:1484)
==733221==    by 0x400D511: set_locale_stuff (main.c:1849)
==733221==    by 0x400D511: main (main.c:254)
==733221== 
==733221== 1 bytes in 1 blocks are still reachable in loss record 9 of 28
==733221==    at 0x497D858: malloc (vg_replace_malloc.c:447)
==733221==    by 0x4066564: emalloc_real (awk.h:2156)
==733221==    by 0x4066564: estrdup (main.c:1451)
==733221==    by 0x400D52D: init_locale (main.c:1485)
==733221==    by 0x400D52D: set_locale_stuff (main.c:1849)
==733221==    by 0x400D52D: main (main.c:254)
==733221== 
==733221== 1 bytes in 1 blocks are still reachable in loss record 10 of 28
==733221==    at 0x497D858: malloc (vg_replace_malloc.c:447)
==733221==    by 0x4069457: emalloc_real (awk.h:2156)
==733221==    by 0x4069457: make_str_node (node.c:422)
==733221==    by 0x400D5C7: main (main.c:278)
==733221== 
==733221== 2 bytes in 1 blocks are still reachable in loss record 11 of 28
==733221==    at 0x497D858: malloc (vg_replace_malloc.c:447)
==733221==    by 0x4066564: emalloc_real (awk.h:2156)
==733221==    by 0x4066564: estrdup (main.c:1451)
==733221==    by 0x400D44E: init_locale (main.c:1477)
==733221==    by 0x400D44E: set_locale_stuff (main.c:1849)
==733221==    by 0x400D44E: main (main.c:254)
==733221== 
==733221== 7 bytes in 1 blocks are still reachable in loss record 12 of 28
==733221==    at 0x497D858: malloc (vg_replace_malloc.c:447)
==733221==    by 0x4066564: emalloc_real (awk.h:2156)
==733221==    by 0x4066564: estrdup (main.c:1451)
==733221==    by 0x4077381: init_the_tables (symbol.c:78)
==733221==    by 0x400D60A: main (main.c:287)
==733221== 
==733221== 7 bytes in 1 blocks are still reachable in loss record 13 of 28
==733221==    at 0x497D858: malloc (vg_replace_malloc.c:447)
==733221==    by 0x4069457: emalloc_real (awk.h:2156)
==733221==    by 0x4069457: make_str_node (node.c:422)
==733221==    by 0x4077055: install (symbol.c:399)
==733221==    by 0x4077390: install_symbol (symbol.c:173)
==733221==    by 0x4077390: init_the_tables (symbol.c:78)
==733221==    by 0x400D60A: main (main.c:287)
==733221== 
==733221== 8 bytes in 1 blocks are still reachable in loss record 14 of 28
==733221==    at 0x497D858: malloc (vg_replace_malloc.c:447)
==733221==    by 0x4066564: emalloc_real (awk.h:2156)
==733221==    by 0x4066564: estrdup (main.c:1451)
==733221==    by 0x407735A: init_the_tables (symbol.c:77)
==733221==    by 0x400D60A: main (main.c:287)
==733221== 
==733221== 8 bytes in 1 blocks are still reachable in loss record 15 of 28
==733221==    at 0x497D858: malloc (vg_replace_malloc.c:447)
==733221==    by 0x4069457: emalloc_real (awk.h:2156)
==733221==    by 0x4069457: make_str_node (node.c:422)
==733221==    by 0x4077055: install (symbol.c:399)
==733221==    by 0x4077369: install_symbol (symbol.c:173)
==733221==    by 0x4077369: init_the_tables (symbol.c:77)
==733221==    by 0x400D60A: main (main.c:287)
==733221== 
==733221== 24 bytes in 1 blocks are still reachable in loss record 16 of 28
==733221==    at 0x497D858: malloc (vg_replace_malloc.c:447)
==733221==    by 0x4066202: emalloc_real.constprop.0 (awk.h:2156)
==733221==    by 0x400D66C: save_argv (main.c:1496)
==733221==    by 0x400D66C: parse_args (main.c:1554)
==733221==    by 0x400D66C: main (main.c:294)
==733221== 
==733221== 41 bytes in 2 blocks are still reachable in loss record 17 of 28
==733221==    at 0x497D858: malloc (vg_replace_malloc.c:447)
==733221==    by 0x4066564: emalloc_real (awk.h:2156)
==733221==    by 0x4066564: estrdup (main.c:1451)
==733221==    by 0x400D69D: save_argv (main.c:1498)
==733221==    by 0x400D69D: parse_args (main.c:1554)
==733221==    by 0x400D69D: main (main.c:294)
==733221== 
==733221== 48 bytes in 1 blocks are still reachable in loss record 18 of 28
==733221==    at 0x497D858: malloc (vg_replace_malloc.c:447)
==733221==    by 0x4068FEB: emalloc_real (awk.h:2156)
==733221==    by 0x4068FEB: r_getblock (node.c:1164)
==733221==    by 0x40768D9: str_lookup (str_array.c:214)
==733221==    by 0x407708C: assoc_set (awk.h:2220)
==733221==    by 0x407708C: install (symbol.c:430)
==733221==    by 0x4077369: install_symbol (symbol.c:173)
==733221==    by 0x4077369: init_the_tables (symbol.c:77)
==733221==    by 0x400D60A: main (main.c:287)
==733221== 
==733221== 48 bytes in 1 blocks are still reachable in loss record 19 of 28
==733221==    at 0x497D858: malloc (vg_replace_malloc.c:447)
==733221==    by 0x4068FEB: emalloc_real (awk.h:2156)
==733221==    by 0x4068FEB: r_getblock (node.c:1164)
==733221==    by 0x40768D9: str_lookup (str_array.c:214)
==733221==    by 0x407708C: assoc_set (awk.h:2220)
==733221==    by 0x407708C: install (symbol.c:430)
==733221==    by 0x4077390: install_symbol (symbol.c:173)
==733221==    by 0x4077390: init_the_tables (symbol.c:78)
==733221==    by 0x400D60A: main (main.c:287)
==733221== 
==733221== 88 bytes in 1 blocks are still reachable in loss record 20 of 28
==733221==    at 0x497D858: malloc (vg_replace_malloc.c:447)
==733221==    by 0x4068FEB: emalloc_real (awk.h:2156)
==733221==    by 0x4068FEB: r_getblock (node.c:1164)
==733221==    by 0x40693C1: make_str_node (node.c:406)
==733221==    by 0x400D5C7: main (main.c:278)
==733221== 
==733221== 88 bytes in 1 blocks are still reachable in loss record 21 of 28
==733221==    at 0x497D858: malloc (vg_replace_malloc.c:447)
==733221==    by 0x4068FEB: emalloc_real (awk.h:2156)
==733221==    by 0x4068FEB: r_getblock (node.c:1164)
==733221==    by 0x40772C7: init_the_tables (symbol.c:68)
==733221==    by 0x400D60A: main (main.c:287)
==733221== 
==733221== 88 bytes in 1 blocks are still reachable in loss record 22 of 28
==733221==    at 0x497D858: malloc (vg_replace_malloc.c:447)
==733221==    by 0x4068FEB: emalloc_real (awk.h:2156)
==733221==    by 0x4068FEB: r_getblock (node.c:1164)
==733221==    by 0x4077308: init_the_tables (symbol.c:72)
==733221==    by 0x400D60A: main (main.c:287)
==733221== 
==733221== 88 bytes in 1 blocks are still reachable in loss record 23 of 28
==733221==    at 0x497D858: malloc (vg_replace_malloc.c:447)
==733221==    by 0x4068FEB: emalloc_real (awk.h:2156)
==733221==    by 0x4068FEB: r_getblock (node.c:1164)
==733221==    by 0x40693C1: make_str_node (node.c:406)
==733221==    by 0x4077055: install (symbol.c:399)
==733221==    by 0x4077369: install_symbol (symbol.c:173)
==733221==    by 0x4077369: init_the_tables (symbol.c:77)
==733221==    by 0x400D60A: main (main.c:287)
==733221== 
==733221== 88 bytes in 1 blocks are still reachable in loss record 24 of 28
==733221==    at 0x497D858: malloc (vg_replace_malloc.c:447)
==733221==    by 0x4068FEB: emalloc_real (awk.h:2156)
==733221==    by 0x4068FEB: r_getblock (node.c:1164)
==733221==    by 0x4077133: make_symbol (symbol.c:376)
==733221==    by 0x4077133: install (symbol.c:417)
==733221==    by 0x4077369: install_symbol (symbol.c:173)
==733221==    by 0x4077369: init_the_tables (symbol.c:77)
==733221==    by 0x400D60A: main (main.c:287)
==733221== 
==733221== 88 bytes in 1 blocks are still reachable in loss record 25 of 28
==733221==    at 0x497D858: malloc (vg_replace_malloc.c:447)
==733221==    by 0x4068FEB: emalloc_real (awk.h:2156)
==733221==    by 0x4068FEB: r_getblock (node.c:1164)
==733221==    by 0x40693C1: make_str_node (node.c:406)
==733221==    by 0x4077055: install (symbol.c:399)
==733221==    by 0x4077390: install_symbol (symbol.c:173)
==733221==    by 0x4077390: init_the_tables (symbol.c:78)
==733221==    by 0x400D60A: main (main.c:287)
==733221== 
==733221== 88 bytes in 1 blocks are still reachable in loss record 26 of 28
==733221==    at 0x497D858: malloc (vg_replace_malloc.c:447)
==733221==    by 0x4068FEB: emalloc_real (awk.h:2156)
==733221==    by 0x4068FEB: r_getblock (node.c:1164)
==733221==    by 0x4077133: make_symbol (symbol.c:376)
==733221==    by 0x4077133: install (symbol.c:417)
==733221==    by 0x4077390: install_symbol (symbol.c:173)
==733221==    by 0x4077390: init_the_tables (symbol.c:78)
==733221==    by 0x400D60A: main (main.c:287)
==733221== 
==733221== 104 bytes in 1 blocks are still reachable in loss record 27 of 28
==733221==    at 0x4984E43: calloc (vg_replace_malloc.c:1678)
==733221==    by 0x4075D54: ezalloc_real (awk.h:2174)
==733221==    by 0x4075D54: grow_table (str_array.c:682)
==733221==    by 0x407693C: str_lookup (str_array.c:150)
==733221==    by 0x407708C: assoc_set (awk.h:2220)
==733221==    by 0x407708C: install (symbol.c:430)
==733221==    by 0x4077369: install_symbol (symbol.c:173)
==733221==    by 0x4077369: init_the_tables (symbol.c:77)
==733221==    by 0x400D60A: main (main.c:287)
==733221== 
==733221== 552 bytes in 1 blocks are still reachable in loss record 28 of 28
==733221==    at 0x4984E43: calloc (vg_replace_malloc.c:1678)
==733221==    by 0x4078976: ezalloc_real (awk.h:2174)
==733221==    by 0x4078976: new_context (symbol.c:870)
==733221==    by 0x400D61D: main (main.c:292)
==733221== 
==733221== LEAK SUMMARY:
==733221==    definitely lost: 0 bytes in 0 blocks
==733221==    indirectly lost: 0 bytes in 0 blocks
==733221==      possibly lost: 0 bytes in 0 blocks
==733221==    still reachable: 1,475 bytes in 29 blocks
==733221==         suppressed: 0 bytes in 0 blocks
==733221== 
==733221== For lists of detected and suppressed errors, rerun with: -s
==733221== ERROR SUMMARY: 0 errors from 0 contexts (suppressed: 0 from 0)
