==733269== Memcheck, a memory error detector
==733269== Copyright (C) 2002-2024, and GNU GPL'd, by Julian Seward et al.
==733269== Using Valgrind-3.26.0 and LibVEX; rerun with -h for copyright info
==733269== Command: /tmp/rboxc-gawk-g60a46a7/exec/awk --version
==733269== Parent PID: 732337
==733269== 
==733269== 
==733269== FILE DESCRIPTORS: 3 open (3 inherited) at exit.
==733269== 
==733269== HEAP SUMMARY:
==733269==     in use at exit: 17,848 bytes in 337 blocks
==733269==   total heap usage: 461 allocs, 124 frees, 27,303 bytes allocated
==733269== 
==733269== 1 bytes in 1 blocks are still reachable in loss record 1 of 144
==733269==    at 0x497D858: malloc (vg_replace_malloc.c:447)
==733269==    by 0x4066564: emalloc_real (awk.h:2156)
==733269==    by 0x4066564: estrdup (main.c:1451)
==733269==    by 0x400D434: init_locale (main.c:1476)
==733269==    by 0x400D434: set_locale_stuff (main.c:1849)
==733269==    by 0x400D434: main (main.c:254)
==733269== 
==733269== 1 bytes in 1 blocks are still reachable in loss record 2 of 144
==733269==    at 0x497D858: malloc (vg_replace_malloc.c:447)
==733269==    by 0x4066564: emalloc_real (awk.h:2156)
==733269==    by 0x4066564: estrdup (main.c:1451)
==733269==    by 0x400D469: init_locale (main.c:1478)
==733269==    by 0x400D469: set_locale_stuff (main.c:1849)
==733269==    by 0x400D469: main (main.c:254)
==733269== 
==733269== 1 bytes in 1 blocks are still reachable in loss record 3 of 144
==733269==    at 0x497D858: malloc (vg_replace_malloc.c:447)
==733269==    by 0x4066564: emalloc_real (awk.h:2156)
==733269==    by 0x4066564: estrdup (main.c:1451)
==733269==    by 0x400D485: init_locale (main.c:1479)
==733269==    by 0x400D485: set_locale_stuff (main.c:1849)
==733269==    by 0x400D485: main (main.c:254)
==733269== 
==733269== 1 bytes in 1 blocks are still reachable in loss record 4 of 144
==733269==    at 0x497D858: malloc (vg_replace_malloc.c:447)
==733269==    by 0x4066564: emalloc_real (awk.h:2156)
==733269==    by 0x4066564: estrdup (main.c:1451)
==733269==    by 0x400D4A1: init_locale (main.c:1480)
==733269==    by 0x400D4A1: set_locale_stuff (main.c:1849)
==733269==    by 0x400D4A1: main (main.c:254)
==733269== 
==733269== 1 bytes in 1 blocks are still reachable in loss record 5 of 144
==733269==    at 0x497D858: malloc (vg_replace_malloc.c:447)
==733269==    by 0x4066564: emalloc_real (awk.h:2156)
==733269==    by 0x4066564: estrdup (main.c:1451)
==733269==    by 0x400D4BD: init_locale (main.c:1481)
==733269==    by 0x400D4BD: set_locale_stuff (main.c:1849)
==733269==    by 0x400D4BD: main (main.c:254)
==733269== 
==733269== 1 bytes in 1 blocks are still reachable in loss record 6 of 144
==733269==    at 0x497D858: malloc (vg_replace_malloc.c:447)
==733269==    by 0x4066564: emalloc_real (awk.h:2156)
==733269==    by 0x4066564: estrdup (main.c:1451)
==733269==    by 0x400D4D9: init_locale (main.c:1482)
==733269==    by 0x400D4D9: set_locale_stuff (main.c:1849)
==733269==    by 0x400D4D9: main (main.c:254)
==733269== 
==733269== 1 bytes in 1 blocks are still reachable in loss record 7 of 144
==733269==    at 0x497D858: malloc (vg_replace_malloc.c:447)
==733269==    by 0x4066564: emalloc_real (awk.h:2156)
==733269==    by 0x4066564: estrdup (main.c:1451)
==733269==    by 0x400D4F5: init_locale (main.c:1483)
==733269==    by 0x400D4F5: set_locale_stuff (main.c:1849)
==733269==    by 0x400D4F5: main (main.c:254)
==733269== 
==733269== 1 bytes in 1 blocks are still reachable in loss record 8 of 144
==733269==    at 0x497D858: malloc (vg_replace_malloc.c:447)
==733269==    by 0x4066564: emalloc_real (awk.h:2156)
==733269==    by 0x4066564: estrdup (main.c:1451)
==733269==    by 0x400D511: init_locale (main.c:1484)
==733269==    by 0x400D511: set_locale_stuff (main.c:1849)
==733269==    by 0x400D511: main (main.c:254)
==733269== 
==733269== 1 bytes in 1 blocks are still reachable in loss record 9 of 144
==733269==    at 0x497D858: malloc (vg_replace_malloc.c:447)
==733269==    by 0x4066564: emalloc_real (awk.h:2156)
==733269==    by 0x4066564: estrdup (main.c:1451)
==733269==    by 0x400D52D: init_locale (main.c:1485)
==733269==    by 0x400D52D: set_locale_stuff (main.c:1849)
==733269==    by 0x400D52D: main (main.c:254)
==733269== 
==733269== 1 bytes in 1 blocks are still reachable in loss record 10 of 144
==733269==    at 0x497D858: malloc (vg_replace_malloc.c:447)
==733269==    by 0x4069457: emalloc_real (awk.h:2156)
==733269==    by 0x4069457: make_str_node (node.c:422)
==733269==    by 0x400D5C7: main (main.c:278)
==733269== 
==733269== 1 bytes in 1 blocks are still reachable in loss record 11 of 144
==733269==    at 0x497D858: malloc (vg_replace_malloc.c:447)
==733269==    by 0x4069457: emalloc_real (awk.h:2156)
==733269==    by 0x4069457: make_str_node (node.c:422)
==733269==    by 0x4055395: init_fields (field.c:105)
==733269==    by 0x400E1A4: main (main.c:410)
==733269== 
==733269== 1 bytes in 1 blocks are still reachable in loss record 12 of 144
==733269==    at 0x497D858: malloc (vg_replace_malloc.c:447)
==733269==    by 0x4069457: emalloc_real (awk.h:2156)
==733269==    by 0x4069457: make_str_node (node.c:422)
==733269==    by 0x40553E0: init_fields (field.c:111)
==733269==    by 0x400E1A4: main (main.c:410)
==733269== 
==733269== 2 bytes in 1 blocks are still reachable in loss record 13 of 144
==733269==    at 0x497D858: malloc (vg_replace_malloc.c:447)
==733269==    by 0x4066564: emalloc_real (awk.h:2156)
==733269==    by 0x4066564: estrdup (main.c:1451)
==733269==    by 0x400D44E: init_locale (main.c:1477)
==733269==    by 0x400D44E: set_locale_stuff (main.c:1849)
==733269==    by 0x400D44E: main (main.c:254)
==733269== 
==733269== 2 bytes in 1 blocks are still reachable in loss record 14 of 144
==733269==    at 0x497D858: malloc (vg_replace_malloc.c:447)
==733269==    by 0x4046CFF: emalloc_real (awk.h:2156)
==733269==    by 0x4046CFF: set_OFS (eval.c:839)
==733269==    by 0x400D9A3: init_vars (main.c:873)
==733269==    by 0x400D9A3: main (main.c:403)
==733269== 
==733269== 3 bytes in 1 blocks are still reachable in loss record 15 of 144
==733269==    at 0x497D858: malloc (vg_replace_malloc.c:447)
==733269==    by 0x4069457: emalloc_real (awk.h:2156)
==733269==    by 0x4069457: make_str_node (node.c:422)
==733269==    by 0x4054B6F: update_PROCINFO_str.part.0 (field.c:1661)
==733269==    by 0x400E83A: load_procinfo (main.c:1072)
==733269==    by 0x400E83A: init_vars (main.c:878)
==733269==    by 0x400E83A: main (main.c:403)
==733269== 
==733269== 3 bytes in 1 blocks are still reachable in loss record 16 of 144
==733269==    at 0x497D858: malloc (vg_replace_malloc.c:447)
==733269==    by 0x4069457: emalloc_real (awk.h:2156)
==733269==    by 0x4069457: make_str_node (node.c:422)
==733269==    by 0x4054B87: update_PROCINFO_str.part.0 (field.c:1662)
==733269==    by 0x400E83A: load_procinfo (main.c:1072)
==733269==    by 0x400E83A: init_vars (main.c:878)
==733269==    by 0x400E83A: main (main.c:403)
==733269== 
==733269== 4 bytes in 1 blocks are still reachable in loss record 17 of 144
==733269==    at 0x497D858: malloc (vg_replace_malloc.c:447)
==733269==    by 0x4069457: emalloc_real (awk.h:2156)
==733269==    by 0x4069457: make_str_node (node.c:422)
==733269==    by 0x4058004: update_PROCINFO_num (field.c:1674)
==733269==    by 0x400E79D: load_procinfo (main.c:1055)
==733269==    by 0x400E79D: init_vars (main.c:878)
==733269==    by 0x400E79D: main (main.c:403)
==733269== 
==733269== 4 bytes in 1 blocks are still reachable in loss record 18 of 144
==733269==    at 0x497D858: malloc (vg_replace_malloc.c:447)
==733269==    by 0x4069457: emalloc_real (awk.h:2156)
==733269==    by 0x4069457: make_str_node (node.c:422)
==733269==    by 0x4058004: update_PROCINFO_num (field.c:1674)
==733269==    by 0x400E7D2: load_procinfo (main.c:1061)
==733269==    by 0x400E7D2: init_vars (main.c:878)
==733269==    by 0x400E7D2: main (main.c:403)
==733269== 
==733269== 4 bytes in 1 blocks are still reachable in loss record 19 of 144
==733269==    at 0x497D858: malloc (vg_replace_malloc.c:447)
==733269==    by 0x4069457: emalloc_real (awk.h:2156)
==733269==    by 0x4069457: make_str_node (node.c:422)
==733269==    by 0x4058004: update_PROCINFO_num (field.c:1674)
==733269==    by 0x400E80A: load_procinfo (main.c:1067)
==733269==    by 0x400E80A: init_vars (main.c:878)
==733269==    by 0x400E80A: main (main.c:403)
==733269== 
==733269== 4 bytes in 1 blocks are still reachable in loss record 20 of 144
==733269==    at 0x497D858: malloc (vg_replace_malloc.c:447)
==733269==    by 0x4069457: emalloc_real (awk.h:2156)
==733269==    by 0x4069457: make_str_node (node.c:422)
==733269==    by 0x4054B6F: update_PROCINFO_str.part.0 (field.c:1661)
==733269==    by 0x400E8D2: load_procinfo (main.c:1087)
==733269==    by 0x400E8D2: init_vars (main.c:878)
==733269==    by 0x400E8D2: main (main.c:403)
==733269== 
==733269== 5 bytes in 1 blocks are still reachable in loss record 21 of 144
==733269==    at 0x497D858: malloc (vg_replace_malloc.c:447)
==733269==    by 0x4069457: emalloc_real (awk.h:2156)
==733269==    by 0x4069457: make_str_node (node.c:422)
==733269==    by 0x4058004: update_PROCINFO_num (field.c:1674)
==733269==    by 0x400E7B6: load_procinfo (main.c:1058)
==733269==    by 0x400E7B6: init_vars (main.c:878)
==733269==    by 0x400E7B6: main (main.c:403)
==733269== 
==733269== 5 bytes in 1 blocks are still reachable in loss record 22 of 144
==733269==    at 0x497D858: malloc (vg_replace_malloc.c:447)
==733269==    by 0x4069457: emalloc_real (awk.h:2156)
==733269==    by 0x4069457: make_str_node (node.c:422)
==733269==    by 0x4058004: update_PROCINFO_num (field.c:1674)
==733269==    by 0x400E7EE: load_procinfo (main.c:1064)
==733269==    by 0x400E7EE: init_vars (main.c:878)
==733269==    by 0x400E7EE: main (main.c:403)
==733269== 
==733269== 5 bytes in 1 blocks are still reachable in loss record 23 of 144
==733269==    at 0x497D858: malloc (vg_replace_malloc.c:447)
==733269==    by 0x4069457: emalloc_real (awk.h:2156)
==733269==    by 0x4069457: make_str_node (node.c:422)
==733269==    by 0x4058004: update_PROCINFO_num (field.c:1674)
==733269==    by 0x400E826: load_procinfo (main.c:1070)
==733269==    by 0x400E826: init_vars (main.c:878)
==733269==    by 0x400E826: main (main.c:403)
==733269== 
==733269== 5 bytes in 1 blocks are still reachable in loss record 24 of 144
==733269==    at 0x497D858: malloc (vg_replace_malloc.c:447)
==733269==    by 0x4066564: emalloc_real (awk.h:2156)
==733269==    by 0x4066564: estrdup (main.c:1451)
==733269==    by 0x400E91C: load_procinfo_argv (main.c:988)
==733269==    by 0x400E91C: load_procinfo (main.c:1093)
==733269==    by 0x400E91C: init_vars (main.c:878)
==733269==    by 0x400E91C: main (main.c:403)
==733269== 
==733269== 5 bytes in 1 blocks are still reachable in loss record 25 of 144
==733269==    at 0x497D858: malloc (vg_replace_malloc.c:447)
==733269==    by 0x4069457: emalloc_real (awk.h:2156)
==733269==    by 0x4069457: make_str_node (node.c:422)
==733269==    by 0x400EC1B: load_procinfo_argv (main.c:996)
==733269==    by 0x400EC1B: load_procinfo (main.c:1093)
==733269==    by 0x400EC1B: init_vars (main.c:878)
==733269==    by 0x400EC1B: main (main.c:403)
==733269== 
==733269== 6 bytes in 1 blocks are still reachable in loss record 26 of 144
==733269==    at 0x497D858: malloc (vg_replace_malloc.c:447)
==733269==    by 0x4069457: emalloc_real (awk.h:2156)
==733269==    by 0x4069457: make_str_node (node.c:422)
==733269==    by 0x4054B87: update_PROCINFO_str.part.0 (field.c:1662)
==733269==    by 0x400E71D: load_procinfo (main.c:1021)
==733269==    by 0x400E71D: init_vars (main.c:878)
==733269==    by 0x400E71D: main (main.c:403)
==733269== 
==733269== 6 bytes in 1 blocks are still reachable in loss record 27 of 144
==733269==    at 0x497D858: malloc (vg_replace_malloc.c:447)
==733269==    by 0x4069457: emalloc_real (awk.h:2156)
==733269==    by 0x4069457: make_str_node (node.c:422)
==733269==    by 0x4054B87: update_PROCINFO_str.part.0 (field.c:1662)
==733269==    by 0x400E743: load_procinfo (main.c:1023)
==733269==    by 0x400E743: init_vars (main.c:878)
==733269==    by 0x400E743: main (main.c:403)
==733269== 
==733269== 7 bytes in 1 blocks are still reachable in loss record 28 of 144
==733269==    at 0x497D858: malloc (vg_replace_malloc.c:447)
==733269==    by 0x4066564: emalloc_real (awk.h:2156)
==733269==    by 0x4066564: estrdup (main.c:1451)
==733269==    by 0x4077381: init_the_tables (symbol.c:78)
==733269==    by 0x400D60A: main (main.c:287)
==733269== 
==733269== 7 bytes in 1 blocks are still reachable in loss record 29 of 144
==733269==    at 0x497D858: malloc (vg_replace_malloc.c:447)
==733269==    by 0x4069457: emalloc_real (awk.h:2156)
==733269==    by 0x4069457: make_str_node (node.c:422)
==733269==    by 0x4077055: install (symbol.c:399)
==733269==    by 0x4077390: install_symbol (symbol.c:173)
==733269==    by 0x4077390: init_the_tables (symbol.c:78)
==733269==    by 0x400D60A: main (main.c:287)
==733269== 
==733269== 7 bytes in 1 blocks are still reachable in loss record 30 of 144
==733269==    at 0x497D858: malloc (vg_replace_malloc.c:447)
==733269==    by 0x4069457: emalloc_real (awk.h:2156)
==733269==    by 0x4069457: make_str_node (node.c:422)
==733269==    by 0x4058004: update_PROCINFO_num (field.c:1674)
==733269==    by 0x400E784: load_procinfo (main.c:1046)
==733269==    by 0x400E784: init_vars (main.c:878)
==733269==    by 0x400E784: main (main.c:403)
==733269== 
==733269== 8 bytes in 1 blocks are still reachable in loss record 31 of 144
==733269==    at 0x497D858: malloc (vg_replace_malloc.c:447)
==733269==    by 0x4066564: emalloc_real (awk.h:2156)
==733269==    by 0x4066564: estrdup (main.c:1451)
==733269==    by 0x407735A: init_the_tables (symbol.c:77)
==733269==    by 0x400D60A: main (main.c:287)
==733269== 
==733269== 8 bytes in 1 blocks are still reachable in loss record 32 of 144
==733269==    at 0x497D858: malloc (vg_replace_malloc.c:447)
==733269==    by 0x4069457: emalloc_real (awk.h:2156)
==733269==    by 0x4069457: make_str_node (node.c:422)
==733269==    by 0x4077055: install (symbol.c:399)
==733269==    by 0x4077369: install_symbol (symbol.c:173)
==733269==    by 0x4077369: init_the_tables (symbol.c:77)
==733269==    by 0x400D60A: main (main.c:287)
==733269== 
==733269== 8 bytes in 1 blocks are still reachable in loss record 33 of 144
==733269==    at 0x497D858: malloc (vg_replace_malloc.c:447)
==733269==    by 0x4069457: emalloc_real (awk.h:2156)
==733269==    by 0x4069457: make_str_node (node.c:422)
==733269==    by 0x4054B6F: update_PROCINFO_str.part.0 (field.c:1661)
==733269==    by 0x400E71D: load_procinfo (main.c:1021)
==733269==    by 0x400E71D: init_vars (main.c:878)
==733269==    by 0x400E71D: main (main.c:403)
==733269== 
==733269== 8 bytes in 1 blocks are still reachable in loss record 34 of 144
==733269==    at 0x497D858: malloc (vg_replace_malloc.c:447)
==733269==    by 0x4066564: emalloc_real (awk.h:2156)
==733269==    by 0x4066564: estrdup (main.c:1451)
==733269==    by 0x400E02B: load_environ (main.c:930)
==733269==    by 0x400E02B: init_vars (main.c:879)
==733269==    by 0x400E02B: main (main.c:403)
==733269== 
==733269== 8 bytes in 1 blocks are still reachable in loss record 35 of 144
==733269==    at 0x497D858: malloc (vg_replace_malloc.c:447)
==733269==    by 0x4069457: emalloc_real (awk.h:2156)
==733269==    by 0x4069457: make_str_node (node.c:422)
==733269==    by 0x4077055: install (symbol.c:399)
==733269==    by 0x400E038: load_environ (main.c:930)
==733269==    by 0x400E038: init_vars (main.c:879)
==733269==    by 0x400E038: main (main.c:403)
==733269== 
==733269== 8 bytes in 1 blocks are still reachable in loss record 36 of 144
==733269==    at 0x497D858: malloc (vg_replace_malloc.c:447)
==733269==    by 0x4069457: emalloc_real (awk.h:2156)
==733269==    by 0x4069457: make_str_node (node.c:422)
==733269==    by 0x406617B: path_environ (main.c:891)
==733269==    by 0x400E176: load_environ (main.c:964)
==733269==    by 0x400E176: init_vars (main.c:879)
==733269==    by 0x400E176: main (main.c:403)
==733269== 
==733269== 8 bytes in 1 blocks are still reachable in loss record 37 of 144
==733269==    at 0x497D858: malloc (vg_replace_malloc.c:447)
==733269==    by 0x4055372: emalloc_real (awk.h:2156)
==733269==    by 0x4055372: init_fields (field.c:103)
==733269==    by 0x400E1A4: main (main.c:410)
==733269== 
==733269== 9 bytes in 1 blocks are still reachable in loss record 38 of 144
==733269==    at 0x497D858: malloc (vg_replace_malloc.c:447)
==733269==    by 0x4066564: emalloc_real (awk.h:2156)
==733269==    by 0x4066564: estrdup (main.c:1451)
==733269==    by 0x400E6F6: load_procinfo (main.c:1019)
==733269==    by 0x400E6F6: init_vars (main.c:878)
==733269==    by 0x400E6F6: main (main.c:403)
==733269== 
==733269== 9 bytes in 1 blocks are still reachable in loss record 39 of 144
==733269==    at 0x497D858: malloc (vg_replace_malloc.c:447)
==733269==    by 0x4069457: emalloc_real (awk.h:2156)
==733269==    by 0x4069457: make_str_node (node.c:422)
==733269==    by 0x4077055: install (symbol.c:399)
==733269==    by 0x400E703: load_procinfo (main.c:1019)
==733269==    by 0x400E703: init_vars (main.c:878)
==733269==    by 0x400E703: main (main.c:403)
==733269== 
==733269== 9 bytes in 1 blocks are still reachable in loss record 40 of 144
==733269==    at 0x497D858: malloc (vg_replace_malloc.c:447)
==733269==    by 0x4069457: emalloc_real (awk.h:2156)
==733269==    by 0x4069457: make_str_node (node.c:422)
==733269==    by 0x4054B6F: update_PROCINFO_str.part.0 (field.c:1661)
==733269==    by 0x400E730: load_procinfo (main.c:1022)
==733269==    by 0x400E730: init_vars (main.c:878)
==733269==    by 0x400E730: main (main.c:403)
==733269== 
==733269== 9 bytes in 1 blocks are still reachable in loss record 41 of 144
==733269==    at 0x497D858: malloc (vg_replace_malloc.c:447)
==733269==    by 0x4069457: emalloc_real (awk.h:2156)
==733269==    by 0x4069457: make_str_node (node.c:422)
==733269==    by 0x4054B6F: update_PROCINFO_str.part.0 (field.c:1661)
==733269==    by 0x400E743: load_procinfo (main.c:1023)
==733269==    by 0x400E743: init_vars (main.c:878)
==733269==    by 0x400E743: main (main.c:403)
==733269== 
==733269== 10 bytes in 1 blocks are still reachable in loss record 42 of 144
==733269==    at 0x497D858: malloc (vg_replace_malloc.c:447)
==733269==    by 0x4069457: emalloc_real (awk.h:2156)
==733269==    by 0x4069457: make_str_node (node.c:422)
==733269==    by 0x4058004: update_PROCINFO_num (field.c:1674)
==733269==    by 0x400E757: load_procinfo (main.c:1035)
==733269==    by 0x400E757: init_vars (main.c:878)
==733269==    by 0x400E757: main (main.c:403)
==733269== 
==733269== 10 bytes in 1 blocks are still reachable in loss record 43 of 144
==733269==    at 0x497D858: malloc (vg_replace_malloc.c:447)
==733269==    by 0x4069457: emalloc_real (awk.h:2156)
==733269==    by 0x4069457: make_str_node (node.c:422)
==733269==    by 0x4058004: update_PROCINFO_num (field.c:1674)
==733269==    by 0x400E76B: load_procinfo (main.c:1036)
==733269==    by 0x400E76B: init_vars (main.c:878)
==733269==    by 0x400E76B: main (main.c:403)
==733269== 
==733269== 10 bytes in 1 blocks are still reachable in loss record 44 of 144
==733269==    at 0x497D858: malloc (vg_replace_malloc.c:447)
==733269==    by 0x4069457: emalloc_real (awk.h:2156)
==733269==    by 0x4069457: make_str_node (node.c:422)
==733269==    by 0x4054B87: update_PROCINFO_str.part.0 (field.c:1662)
==733269==    by 0x400E8D2: load_procinfo (main.c:1087)
==733269==    by 0x400E8D2: init_vars (main.c:878)
==733269==    by 0x400E8D2: main (main.c:403)
==733269== 
==733269== 11 bytes in 1 blocks are still reachable in loss record 45 of 144
==733269==    at 0x497D858: malloc (vg_replace_malloc.c:447)
==733269==    by 0x4069457: emalloc_real (awk.h:2156)
==733269==    by 0x4069457: make_str_node (node.c:422)
==733269==    by 0x406617B: path_environ (main.c:891)
==733269==    by 0x400E189: load_environ (main.c:965)
==733269==    by 0x400E189: init_vars (main.c:879)
==733269==    by 0x400E189: main (main.c:403)
==733269== 
==733269== 24 bytes in 1 blocks are still reachable in loss record 46 of 144
==733269==    at 0x497D858: malloc (vg_replace_malloc.c:447)
==733269==    by 0x4066202: emalloc_real.constprop.0 (awk.h:2156)
==733269==    by 0x400D66C: save_argv (main.c:1496)
==733269==    by 0x400D66C: parse_args (main.c:1554)
==733269==    by 0x400D66C: main (main.c:294)
==733269== 
==733269== 24 bytes in 1 blocks are still reachable in loss record 47 of 144
==733269==    at 0x497D858: malloc (vg_replace_malloc.c:447)
==733269==    by 0x4069457: emalloc_real (awk.h:2156)
==733269==    by 0x4069457: make_str_node (node.c:422)
==733269==    by 0x4054B87: update_PROCINFO_str.part.0 (field.c:1662)
==733269==    by 0x400E730: load_procinfo (main.c:1022)
==733269==    by 0x400E730: init_vars (main.c:878)
==733269==    by 0x400E730: main (main.c:403)
==733269== 
==733269== 32 bytes in 1 blocks are still reachable in loss record 48 of 144
==733269==    at 0x497D858: malloc (vg_replace_malloc.c:447)
==733269==    by 0x4045E57: emalloc_real (awk.h:2156)
==733269==    by 0x4045E57: fmt_index (eval.c:913)
==733269==    by 0x4046F46: set_CONVFMT (eval.c:956)
==733269==    by 0x400D9A3: init_vars (main.c:873)
==733269==    by 0x400D9A3: main (main.c:403)
==733269== 
==733269== 39 bytes in 1 blocks are still reachable in loss record 49 of 144
==733269==    at 0x497D858: malloc (vg_replace_malloc.c:447)
==733269==    by 0x4069457: emalloc_real (awk.h:2156)
==733269==    by 0x4069457: make_str_node (node.c:422)
==733269==    by 0x40661D5: path_environ (main.c:906)
==733269==    by 0x400E189: load_environ (main.c:965)
==733269==    by 0x400E189: init_vars (main.c:879)
==733269==    by 0x400E189: main (main.c:403)
==733269== 
==733269== 42 bytes in 1 blocks are still reachable in loss record 50 of 144
==733269==    at 0x497D858: malloc (vg_replace_malloc.c:447)
==733269==    by 0x4069457: emalloc_real (awk.h:2156)
==733269==    by 0x4069457: make_str_node (node.c:422)
==733269==    by 0x40661D5: path_environ (main.c:906)
==733269==    by 0x400E176: load_environ (main.c:964)
==733269==    by 0x400E176: init_vars (main.c:879)
==733269==    by 0x400E176: main (main.c:403)
==733269== 
==733269== 44 bytes in 2 blocks are still reachable in loss record 51 of 144
==733269==    at 0x497D858: malloc (vg_replace_malloc.c:447)
==733269==    by 0x4066564: emalloc_real (awk.h:2156)
==733269==    by 0x4066564: estrdup (main.c:1451)
==733269==    by 0x400D69D: save_argv (main.c:1498)
==733269==    by 0x400D69D: parse_args (main.c:1554)
==733269==    by 0x400D69D: main (main.c:294)
==733269== 
==733269== 44 bytes in 2 blocks are still reachable in loss record 52 of 144
==733269==    at 0x497D858: malloc (vg_replace_malloc.c:447)
==733269==    by 0x4069457: emalloc_real (awk.h:2156)
==733269==    by 0x4069457: make_str_node (node.c:422)
==733269==    by 0x400E9C6: load_procinfo_argv (main.c:991)
==733269==    by 0x400E9C6: load_procinfo (main.c:1093)
==733269==    by 0x400E9C6: init_vars (main.c:878)
==733269==    by 0x400E9C6: main (main.c:403)
==733269== 
==733269== 48 bytes in 1 blocks are still reachable in loss record 53 of 144
==733269==    at 0x497D858: malloc (vg_replace_malloc.c:447)
==733269==    by 0x4068FEB: emalloc_real (awk.h:2156)
==733269==    by 0x4068FEB: r_getblock (node.c:1164)
==733269==    by 0x40768D9: str_lookup (str_array.c:214)
==733269==    by 0x407708C: assoc_set (awk.h:2220)
==733269==    by 0x407708C: install (symbol.c:430)
==733269==    by 0x4077369: install_symbol (symbol.c:173)
==733269==    by 0x4077369: init_the_tables (symbol.c:77)
==733269==    by 0x400D60A: main (main.c:287)
==733269== 
==733269== 48 bytes in 1 blocks are still reachable in loss record 54 of 144
==733269==    at 0x497D858: malloc (vg_replace_malloc.c:447)
==733269==    by 0x4068FEB: emalloc_real (awk.h:2156)
==733269==    by 0x4068FEB: r_getblock (node.c:1164)
==733269==    by 0x40768D9: str_lookup (str_array.c:214)
==733269==    by 0x407708C: assoc_set (awk.h:2220)
==733269==    by 0x407708C: install (symbol.c:430)
==733269==    by 0x4077390: install_symbol (symbol.c:173)
==733269==    by 0x4077390: init_the_tables (symbol.c:78)
==733269==    by 0x400D60A: main (main.c:287)
==733269== 
==733269== 48 bytes in 1 blocks are still reachable in loss record 55 of 144
==733269==    at 0x497D858: malloc (vg_replace_malloc.c:447)
==733269==    by 0x4068FEB: emalloc_real (awk.h:2156)
==733269==    by 0x4068FEB: r_getblock (node.c:1164)
==733269==    by 0x40768D9: str_lookup (str_array.c:214)
==733269==    by 0x407708C: assoc_set (awk.h:2220)
==733269==    by 0x407708C: install (symbol.c:430)
==733269==    by 0x400E703: load_procinfo (main.c:1019)
==733269==    by 0x400E703: init_vars (main.c:878)
==733269==    by 0x400E703: main (main.c:403)
==733269== 
==733269== 48 bytes in 1 blocks are still reachable in loss record 56 of 144
==733269==    at 0x497D858: malloc (vg_replace_malloc.c:447)
==733269==    by 0x4068FEB: emalloc_real (awk.h:2156)
==733269==    by 0x4068FEB: r_getblock (node.c:1164)
==733269==    by 0x40768D9: str_lookup (str_array.c:214)
==733269==    by 0x4054B9E: assoc_set (awk.h:2220)
==733269==    by 0x4054B9E: update_PROCINFO_str.part.0 (field.c:1662)
==733269==    by 0x400E71D: load_procinfo (main.c:1021)
==733269==    by 0x400E71D: init_vars (main.c:878)
==733269==    by 0x400E71D: main (main.c:403)
==733269== 
==733269== 48 bytes in 1 blocks are still reachable in loss record 57 of 144
==733269==    at 0x497D858: malloc (vg_replace_malloc.c:447)
==733269==    by 0x4068FEB: emalloc_real (awk.h:2156)
==733269==    by 0x4068FEB: r_getblock (node.c:1164)
==733269==    by 0x40768D9: str_lookup (str_array.c:214)
==733269==    by 0x4054B9E: assoc_set (awk.h:2220)
==733269==    by 0x4054B9E: update_PROCINFO_str.part.0 (field.c:1662)
==733269==    by 0x400E730: load_procinfo (main.c:1022)
==733269==    by 0x400E730: init_vars (main.c:878)
==733269==    by 0x400E730: main (main.c:403)
==733269== 
==733269== 48 bytes in 1 blocks are still reachable in loss record 58 of 144
==733269==    at 0x497D858: malloc (vg_replace_malloc.c:447)
==733269==    by 0x4068FEB: emalloc_real (awk.h:2156)
==733269==    by 0x4068FEB: r_getblock (node.c:1164)
==733269==    by 0x40768D9: str_lookup (str_array.c:214)
==733269==    by 0x4054B9E: assoc_set (awk.h:2220)
==733269==    by 0x4054B9E: update_PROCINFO_str.part.0 (field.c:1662)
==733269==    by 0x400E743: load_procinfo (main.c:1023)
==733269==    by 0x400E743: init_vars (main.c:878)
==733269==    by 0x400E743: main (main.c:403)
==733269== 
==733269== 48 bytes in 1 blocks are still reachable in loss record 59 of 144
==733269==    at 0x497D858: malloc (vg_replace_malloc.c:447)
==733269==    by 0x4068FEB: emalloc_real (awk.h:2156)
==733269==    by 0x4068FEB: r_getblock (node.c:1164)
==733269==    by 0x40768D9: str_lookup (str_array.c:214)
==733269==    by 0x405802A: assoc_set (awk.h:2220)
==733269==    by 0x405802A: update_PROCINFO_num (field.c:1675)
==733269==    by 0x400E757: load_procinfo (main.c:1035)
==733269==    by 0x400E757: init_vars (main.c:878)
==733269==    by 0x400E757: main (main.c:403)
==733269== 
==733269== 48 bytes in 1 blocks are still reachable in loss record 60 of 144
==733269==    at 0x497D858: malloc (vg_replace_malloc.c:447)
==733269==    by 0x4068FEB: emalloc_real (awk.h:2156)
==733269==    by 0x4068FEB: r_getblock (node.c:1164)
==733269==    by 0x40768D9: str_lookup (str_array.c:214)
==733269==    by 0x405802A: assoc_set (awk.h:2220)
==733269==    by 0x405802A: update_PROCINFO_num (field.c:1675)
==733269==    by 0x400E76B: load_procinfo (main.c:1036)
==733269==    by 0x400E76B: init_vars (main.c:878)
==733269==    by 0x400E76B: main (main.c:403)
==733269== 
==733269== 48 bytes in 1 blocks are still reachable in loss record 61 of 144
==733269==    at 0x497D858: malloc (vg_replace_malloc.c:447)
==733269==    by 0x4068FEB: emalloc_real (awk.h:2156)
==733269==    by 0x4068FEB: r_getblock (node.c:1164)
==733269==    by 0x40768D9: str_lookup (str_array.c:214)
==733269==    by 0x405802A: assoc_set (awk.h:2220)
==733269==    by 0x405802A: update_PROCINFO_num (field.c:1675)
==733269==    by 0x400E784: load_procinfo (main.c:1046)
==733269==    by 0x400E784: init_vars (main.c:878)
==733269==    by 0x400E784: main (main.c:403)
==733269== 
==733269== 48 bytes in 1 blocks are still reachable in loss record 62 of 144
==733269==    at 0x497D858: malloc (vg_replace_malloc.c:447)
==733269==    by 0x4068FEB: emalloc_real (awk.h:2156)
==733269==    by 0x4068FEB: r_getblock (node.c:1164)
==733269==    by 0x40768D9: str_lookup (str_array.c:214)
==733269==    by 0x405802A: assoc_set (awk.h:2220)
==733269==    by 0x405802A: update_PROCINFO_num (field.c:1675)
==733269==    by 0x400E79D: load_procinfo (main.c:1055)
==733269==    by 0x400E79D: init_vars (main.c:878)
==733269==    by 0x400E79D: main (main.c:403)
==733269== 
==733269== 48 bytes in 1 blocks are still reachable in loss record 63 of 144
==733269==    at 0x497D858: malloc (vg_replace_malloc.c:447)
==733269==    by 0x4068FEB: emalloc_real (awk.h:2156)
==733269==    by 0x4068FEB: r_getblock (node.c:1164)
==733269==    by 0x40768D9: str_lookup (str_array.c:214)
==733269==    by 0x405802A: assoc_set (awk.h:2220)
==733269==    by 0x405802A: update_PROCINFO_num (field.c:1675)
==733269==    by 0x400E7B6: load_procinfo (main.c:1058)
==733269==    by 0x400E7B6: init_vars (main.c:878)
==733269==    by 0x400E7B6: main (main.c:403)
==733269== 
==733269== 48 bytes in 1 blocks are still reachable in loss record 64 of 144
==733269==    at 0x497D858: malloc (vg_replace_malloc.c:447)
==733269==    by 0x4068FEB: emalloc_real (awk.h:2156)
==733269==    by 0x4068FEB: r_getblock (node.c:1164)
==733269==    by 0x40768D9: str_lookup (str_array.c:214)
==733269==    by 0x405802A: assoc_set (awk.h:2220)
==733269==    by 0x405802A: update_PROCINFO_num (field.c:1675)
==733269==    by 0x400E7D2: load_procinfo (main.c:1061)
==733269==    by 0x400E7D2: init_vars (main.c:878)
==733269==    by 0x400E7D2: main (main.c:403)
==733269== 
==733269== 48 bytes in 1 blocks are still reachable in loss record 65 of 144
==733269==    at 0x497D858: malloc (vg_replace_malloc.c:447)
==733269==    by 0x4068FEB: emalloc_real (awk.h:2156)
==733269==    by 0x4068FEB: r_getblock (node.c:1164)
==733269==    by 0x40768D9: str_lookup (str_array.c:214)
==733269==    by 0x405802A: assoc_set (awk.h:2220)
==733269==    by 0x405802A: update_PROCINFO_num (field.c:1675)
==733269==    by 0x400E7EE: load_procinfo (main.c:1064)
==733269==    by 0x400E7EE: init_vars (main.c:878)
==733269==    by 0x400E7EE: main (main.c:403)
==733269== 
==733269== 48 bytes in 1 blocks are still reachable in loss record 66 of 144
==733269==    at 0x497D858: malloc (vg_replace_malloc.c:447)
==733269==    by 0x4068FEB: emalloc_real (awk.h:2156)
==733269==    by 0x4068FEB: r_getblock (node.c:1164)
==733269==    by 0x40768D9: str_lookup (str_array.c:214)
==733269==    by 0x405802A: assoc_set (awk.h:2220)
==733269==    by 0x405802A: update_PROCINFO_num (field.c:1675)
==733269==    by 0x400E80A: load_procinfo (main.c:1067)
==733269==    by 0x400E80A: init_vars (main.c:878)
==733269==    by 0x400E80A: main (main.c:403)
==733269== 
==733269== 48 bytes in 1 blocks are still reachable in loss record 67 of 144
==733269==    at 0x497D858: malloc (vg_replace_malloc.c:447)
==733269==    by 0x4068FEB: emalloc_real (awk.h:2156)
==733269==    by 0x4068FEB: r_getblock (node.c:1164)
==733269==    by 0x40768D9: str_lookup (str_array.c:214)
==733269==    by 0x405802A: assoc_set (awk.h:2220)
==733269==    by 0x405802A: update_PROCINFO_num (field.c:1675)
==733269==    by 0x400E826: load_procinfo (main.c:1070)
==733269==    by 0x400E826: init_vars (main.c:878)
==733269==    by 0x400E826: main (main.c:403)
==733269== 
==733269== 48 bytes in 1 blocks are still reachable in loss record 68 of 144
==733269==    at 0x497D858: malloc (vg_replace_malloc.c:447)
==733269==    by 0x4068FEB: emalloc_real (awk.h:2156)
==733269==    by 0x4068FEB: r_getblock (node.c:1164)
==733269==    by 0x40768D9: str_lookup (str_array.c:214)
==733269==    by 0x4054B9E: assoc_set (awk.h:2220)
==733269==    by 0x4054B9E: update_PROCINFO_str.part.0 (field.c:1662)
==733269==    by 0x400E83A: load_procinfo (main.c:1072)
==733269==    by 0x400E83A: init_vars (main.c:878)
==733269==    by 0x400E83A: main (main.c:403)
==733269== 
==733269== 48 bytes in 1 blocks are still reachable in loss record 69 of 144
==733269==    at 0x497D858: malloc (vg_replace_malloc.c:447)
==733269==    by 0x4068FEB: emalloc_real (awk.h:2156)
==733269==    by 0x4068FEB: r_getblock (node.c:1164)
==733269==    by 0x40768D9: str_lookup (str_array.c:214)
==733269==    by 0x4054B9E: assoc_set (awk.h:2220)
==733269==    by 0x4054B9E: update_PROCINFO_str.part.0 (field.c:1662)
==733269==    by 0x400E8D2: load_procinfo (main.c:1087)
==733269==    by 0x400E8D2: init_vars (main.c:878)
==733269==    by 0x400E8D2: main (main.c:403)
==733269== 
==733269== 48 bytes in 1 blocks are still reachable in loss record 70 of 144
==733269==    at 0x497D858: malloc (vg_replace_malloc.c:447)
==733269==    by 0x4068FEB: emalloc_real (awk.h:2156)
==733269==    by 0x4068FEB: r_getblock (node.c:1164)
==733269==    by 0x40768D9: str_lookup (str_array.c:214)
==733269==    by 0x40662E6: assoc_set (awk.h:2220)
==733269==    by 0x400EC2D: load_procinfo_argv (main.c:997)
==733269==    by 0x400EC2D: load_procinfo (main.c:1093)
==733269==    by 0x400EC2D: init_vars (main.c:878)
==733269==    by 0x400EC2D: main (main.c:403)
==733269== 
==733269== 48 bytes in 1 blocks are still reachable in loss record 71 of 144
==733269==    at 0x497D858: malloc (vg_replace_malloc.c:447)
==733269==    by 0x4068FEB: emalloc_real (awk.h:2156)
==733269==    by 0x4068FEB: r_getblock (node.c:1164)
==733269==    by 0x40768D9: str_lookup (str_array.c:214)
==733269==    by 0x407708C: assoc_set (awk.h:2220)
==733269==    by 0x407708C: install (symbol.c:430)
==733269==    by 0x400E038: load_environ (main.c:930)
==733269==    by 0x400E038: init_vars (main.c:879)
==733269==    by 0x400E038: main (main.c:403)
==733269== 
==733269== 48 bytes in 1 blocks are still reachable in loss record 72 of 144
==733269==    at 0x497D858: malloc (vg_replace_malloc.c:447)
==733269==    by 0x4068FEB: emalloc_real (awk.h:2156)
==733269==    by 0x4068FEB: r_getblock (node.c:1164)
==733269==    by 0x40768D9: str_lookup (str_array.c:214)
==733269==    by 0x40661A2: path_environ (main.c:899)
==733269==    by 0x400E176: load_environ (main.c:964)
==733269==    by 0x400E176: init_vars (main.c:879)
==733269==    by 0x400E176: main (main.c:403)
==733269== 
==733269== 48 bytes in 1 blocks are still reachable in loss record 73 of 144
==733269==    at 0x497D858: malloc (vg_replace_malloc.c:447)
==733269==    by 0x4068FEB: emalloc_real (awk.h:2156)
==733269==    by 0x4068FEB: r_getblock (node.c:1164)
==733269==    by 0x40768D9: str_lookup (str_array.c:214)
==733269==    by 0x40661A2: path_environ (main.c:899)
==733269==    by 0x400E189: load_environ (main.c:965)
==733269==    by 0x400E189: init_vars (main.c:879)
==733269==    by 0x400E189: main (main.c:403)
==733269== 
==733269== 49 bytes in 14 blocks are still reachable in loss record 74 of 144
==733269==    at 0x497D858: malloc (vg_replace_malloc.c:447)
==733269==    by 0x4069457: emalloc_real (awk.h:2156)
==733269==    by 0x4069457: make_str_node (node.c:422)
==733269==    by 0x400D984: init_vars (main.c:867)
==733269==    by 0x400D984: main (main.c:403)
==733269== 
==733269== 88 bytes in 1 blocks are still reachable in loss record 75 of 144
==733269==    at 0x497D858: malloc (vg_replace_malloc.c:447)
==733269==    by 0x4068FEB: emalloc_real (awk.h:2156)
==733269==    by 0x4068FEB: r_getblock (node.c:1164)
==733269==    by 0x40693C1: make_str_node (node.c:406)
==733269==    by 0x400D5C7: main (main.c:278)
==733269== 
==733269== 88 bytes in 1 blocks are still reachable in loss record 76 of 144
==733269==    at 0x497D858: malloc (vg_replace_malloc.c:447)
==733269==    by 0x4068FEB: emalloc_real (awk.h:2156)
==733269==    by 0x4068FEB: r_getblock (node.c:1164)
==733269==    by 0x40772C7: init_the_tables (symbol.c:68)
==733269==    by 0x400D60A: main (main.c:287)
==733269== 
==733269== 88 bytes in 1 blocks are still reachable in loss record 77 of 144
==733269==    at 0x497D858: malloc (vg_replace_malloc.c:447)
==733269==    by 0x4068FEB: emalloc_real (awk.h:2156)
==733269==    by 0x4068FEB: r_getblock (node.c:1164)
==733269==    by 0x4077308: init_the_tables (symbol.c:72)
==733269==    by 0x400D60A: main (main.c:287)
==733269== 
==733269== 88 bytes in 1 blocks are still reachable in loss record 78 of 144
==733269==    at 0x497D858: malloc (vg_replace_malloc.c:447)
==733269==    by 0x4068FEB: emalloc_real (awk.h:2156)
==733269==    by 0x4068FEB: r_getblock (node.c:1164)
==733269==    by 0x40693C1: make_str_node (node.c:406)
==733269==    by 0x4077055: install (symbol.c:399)
==733269==    by 0x4077369: install_symbol (symbol.c:173)
==733269==    by 0x4077369: init_the_tables (symbol.c:77)
==733269==    by 0x400D60A: main (main.c:287)
==733269== 
==733269== 88 bytes in 1 blocks are still reachable in loss record 79 of 144
==733269==    at 0x497D858: malloc (vg_replace_malloc.c:447)
==733269==    by 0x4068FEB: emalloc_real (awk.h:2156)
==733269==    by 0x4068FEB: r_getblock (node.c:1164)
==733269==    by 0x4077133: make_symbol (symbol.c:376)
==733269==    by 0x4077133: install (symbol.c:417)
==733269==    by 0x4077369: install_symbol (symbol.c:173)
==733269==    by 0x4077369: init_the_tables (symbol.c:77)
==733269==    by 0x400D60A: main (main.c:287)
==733269== 
==733269== 88 bytes in 1 blocks are still reachable in loss record 80 of 144
==733269==    at 0x497D858: malloc (vg_replace_malloc.c:447)
==733269==    by 0x4068FEB: emalloc_real (awk.h:2156)
==733269==    by 0x4068FEB: r_getblock (node.c:1164)
==733269==    by 0x40693C1: make_str_node (node.c:406)
==733269==    by 0x4077055: install (symbol.c:399)
==733269==    by 0x4077390: install_symbol (symbol.c:173)
==733269==    by 0x4077390: init_the_tables (symbol.c:78)
==733269==    by 0x400D60A: main (main.c:287)
==733269== 
==733269== 88 bytes in 1 blocks are still reachable in loss record 81 of 144
==733269==    at 0x497D858: malloc (vg_replace_malloc.c:447)
==733269==    by 0x4068FEB: emalloc_real (awk.h:2156)
==733269==    by 0x4068FEB: r_getblock (node.c:1164)
==733269==    by 0x4077133: make_symbol (symbol.c:376)
==733269==    by 0x4077133: install (symbol.c:417)
==733269==    by 0x4077390: install_symbol (symbol.c:173)
==733269==    by 0x4077390: init_the_tables (symbol.c:78)
==733269==    by 0x400D60A: main (main.c:287)
==733269== 
==733269== 88 bytes in 1 blocks are still reachable in loss record 82 of 144
==733269==    at 0x497D858: malloc (vg_replace_malloc.c:447)
==733269==    by 0x4068FEB: emalloc_real (awk.h:2156)
==733269==    by 0x4068FEB: r_getblock (node.c:1164)
==733269==    by 0x40693C1: make_str_node (node.c:406)
==733269==    by 0x4077055: install (symbol.c:399)
==733269==    by 0x400E703: load_procinfo (main.c:1019)
==733269==    by 0x400E703: init_vars (main.c:878)
==733269==    by 0x400E703: main (main.c:403)
==733269== 
==733269== 88 bytes in 1 blocks are still reachable in loss record 83 of 144
==733269==    at 0x497D858: malloc (vg_replace_malloc.c:447)
==733269==    by 0x4068FEB: emalloc_real (awk.h:2156)
==733269==    by 0x4068FEB: r_getblock (node.c:1164)
==733269==    by 0x4077133: make_symbol (symbol.c:376)
==733269==    by 0x4077133: install (symbol.c:417)
==733269==    by 0x400E703: load_procinfo (main.c:1019)
==733269==    by 0x400E703: init_vars (main.c:878)
==733269==    by 0x400E703: main (main.c:403)
==733269== 
==733269== 88 bytes in 1 blocks are still reachable in loss record 84 of 144
==733269==    at 0x497D858: malloc (vg_replace_malloc.c:447)
==733269==    by 0x4068FEB: emalloc_real (awk.h:2156)
==733269==    by 0x4068FEB: r_getblock (node.c:1164)
==733269==    by 0x40693C1: make_str_node (node.c:406)
==733269==    by 0x4054B6F: update_PROCINFO_str.part.0 (field.c:1661)
==733269==    by 0x400E71D: load_procinfo (main.c:1021)
==733269==    by 0x400E71D: init_vars (main.c:878)
==733269==    by 0x400E71D: main (main.c:403)
==733269== 
==733269== 88 bytes in 1 blocks are still reachable in loss record 85 of 144
==733269==    at 0x497D858: malloc (vg_replace_malloc.c:447)
==733269==    by 0x4068FEB: emalloc_real (awk.h:2156)
==733269==    by 0x4068FEB: r_getblock (node.c:1164)
==733269==    by 0x40693C1: make_str_node (node.c:406)
==733269==    by 0x4054B87: update_PROCINFO_str.part.0 (field.c:1662)
==733269==    by 0x400E71D: load_procinfo (main.c:1021)
==733269==    by 0x400E71D: init_vars (main.c:878)
==733269==    by 0x400E71D: main (main.c:403)
==733269== 
==733269== 88 bytes in 1 blocks are still reachable in loss record 86 of 144
==733269==    at 0x497D858: malloc (vg_replace_malloc.c:447)
==733269==    by 0x4068FEB: emalloc_real (awk.h:2156)
==733269==    by 0x4068FEB: r_getblock (node.c:1164)
==733269==    by 0x40693C1: make_str_node (node.c:406)
==733269==    by 0x4054B6F: update_PROCINFO_str.part.0 (field.c:1661)
==733269==    by 0x400E730: load_procinfo (main.c:1022)
==733269==    by 0x400E730: init_vars (main.c:878)
==733269==    by 0x400E730: main (main.c:403)
==733269== 
==733269== 88 bytes in 1 blocks are still reachable in loss record 87 of 144
==733269==    at 0x497D858: malloc (vg_replace_malloc.c:447)
==733269==    by 0x4068FEB: emalloc_real (awk.h:2156)
==733269==    by 0x4068FEB: r_getblock (node.c:1164)
==733269==    by 0x40693C1: make_str_node (node.c:406)
==733269==    by 0x4054B87: update_PROCINFO_str.part.0 (field.c:1662)
==733269==    by 0x400E730: load_procinfo (main.c:1022)
==733269==    by 0x400E730: init_vars (main.c:878)
==733269==    by 0x400E730: main (main.c:403)
==733269== 
==733269== 88 bytes in 1 blocks are still reachable in loss record 88 of 144
==733269==    at 0x497D858: malloc (vg_replace_malloc.c:447)
==733269==    by 0x4068FEB: emalloc_real (awk.h:2156)
==733269==    by 0x4068FEB: r_getblock (node.c:1164)
==733269==    by 0x40693C1: make_str_node (node.c:406)
==733269==    by 0x4054B6F: update_PROCINFO_str.part.0 (field.c:1661)
==733269==    by 0x400E743: load_procinfo (main.c:1023)
==733269==    by 0x400E743: init_vars (main.c:878)
==733269==    by 0x400E743: main (main.c:403)
==733269== 
==733269== 88 bytes in 1 blocks are still reachable in loss record 89 of 144
==733269==    at 0x497D858: malloc (vg_replace_malloc.c:447)
==733269==    by 0x4068FEB: emalloc_real (awk.h:2156)
==733269==    by 0x4068FEB: r_getblock (node.c:1164)
==733269==    by 0x40693C1: make_str_node (node.c:406)
==733269==    by 0x4054B87: update_PROCINFO_str.part.0 (field.c:1662)
==733269==    by 0x400E743: load_procinfo (main.c:1023)
==733269==    by 0x400E743: init_vars (main.c:878)
==733269==    by 0x400E743: main (main.c:403)
==733269== 
==733269== 88 bytes in 1 blocks are still reachable in loss record 90 of 144
==733269==    at 0x497D858: malloc (vg_replace_malloc.c:447)
==733269==    by 0x4068FEB: emalloc_real (awk.h:2156)
==733269==    by 0x4068FEB: r_getblock (node.c:1164)
==733269==    by 0x40693C1: make_str_node (node.c:406)
==733269==    by 0x4058004: update_PROCINFO_num (field.c:1674)
==733269==    by 0x400E757: load_procinfo (main.c:1035)
==733269==    by 0x400E757: init_vars (main.c:878)
==733269==    by 0x400E757: main (main.c:403)
==733269== 
==733269== 88 bytes in 1 blocks are still reachable in loss record 91 of 144
==733269==    at 0x497D858: malloc (vg_replace_malloc.c:447)
==733269==    by 0x4068FEB: emalloc_real (awk.h:2156)
==733269==    by 0x4068FEB: r_getblock (node.c:1164)
==733269==    by 0x4069930: make_number_node (awk.h:2206)
==733269==    by 0x4069930: r_make_number (node.c:369)
==733269==    by 0x4058013: update_PROCINFO_num (field.c:1675)
==733269==    by 0x400E757: load_procinfo (main.c:1035)
==733269==    by 0x400E757: init_vars (main.c:878)
==733269==    by 0x400E757: main (main.c:403)
==733269== 
==733269== 88 bytes in 1 blocks are still reachable in loss record 92 of 144
==733269==    at 0x497D858: malloc (vg_replace_malloc.c:447)
==733269==    by 0x4068FEB: emalloc_real (awk.h:2156)
==733269==    by 0x4068FEB: r_getblock (node.c:1164)
==733269==    by 0x40693C1: make_str_node (node.c:406)
==733269==    by 0x4058004: update_PROCINFO_num (field.c:1674)
==733269==    by 0x400E76B: load_procinfo (main.c:1036)
==733269==    by 0x400E76B: init_vars (main.c:878)
==733269==    by 0x400E76B: main (main.c:403)
==733269== 
==733269== 88 bytes in 1 blocks are still reachable in loss record 93 of 144
==733269==    at 0x497D858: malloc (vg_replace_malloc.c:447)
==733269==    by 0x4068FEB: emalloc_real (awk.h:2156)
==733269==    by 0x4068FEB: r_getblock (node.c:1164)
==733269==    by 0x4069930: make_number_node (awk.h:2206)
==733269==    by 0x4069930: r_make_number (node.c:369)
==733269==    by 0x4058013: update_PROCINFO_num (field.c:1675)
==733269==    by 0x400E76B: load_procinfo (main.c:1036)
==733269==    by 0x400E76B: init_vars (main.c:878)
==733269==    by 0x400E76B: main (main.c:403)
==733269== 
==733269== 88 bytes in 1 blocks are still reachable in loss record 94 of 144
==733269==    at 0x497D858: malloc (vg_replace_malloc.c:447)
==733269==    by 0x4068FEB: emalloc_real (awk.h:2156)
==733269==    by 0x4068FEB: r_getblock (node.c:1164)
==733269==    by 0x40693C1: make_str_node (node.c:406)
==733269==    by 0x4058004: update_PROCINFO_num (field.c:1674)
==733269==    by 0x400E784: load_procinfo (main.c:1046)
==733269==    by 0x400E784: init_vars (main.c:878)
==733269==    by 0x400E784: main (main.c:403)
==733269== 
==733269== 88 bytes in 1 blocks are still reachable in loss record 95 of 144
==733269==    at 0x497D858: malloc (vg_replace_malloc.c:447)
==733269==    by 0x4068FEB: emalloc_real (awk.h:2156)
==733269==    by 0x4068FEB: r_getblock (node.c:1164)
==733269==    by 0x4069930: make_number_node (awk.h:2206)
==733269==    by 0x4069930: r_make_number (node.c:369)
==733269==    by 0x4058013: update_PROCINFO_num (field.c:1675)
==733269==    by 0x400E784: load_procinfo (main.c:1046)
==733269==    by 0x400E784: init_vars (main.c:878)
==733269==    by 0x400E784: main (main.c:403)
==733269== 
==733269== 88 bytes in 1 blocks are still reachable in loss record 96 of 144
==733269==    at 0x497D858: malloc (vg_replace_malloc.c:447)
==733269==    by 0x4068FEB: emalloc_real (awk.h:2156)
==733269==    by 0x4068FEB: r_getblock (node.c:1164)
==733269==    by 0x40693C1: make_str_node (node.c:406)
==733269==    by 0x4058004: update_PROCINFO_num (field.c:1674)
==733269==    by 0x400E79D: load_procinfo (main.c:1055)
==733269==    by 0x400E79D: init_vars (main.c:878)
==733269==    by 0x400E79D: main (main.c:403)
==733269== 
==733269== 88 bytes in 1 blocks are still reachable in loss record 97 of 144
==733269==    at 0x497D858: malloc (vg_replace_malloc.c:447)
==733269==    by 0x4068FEB: emalloc_real (awk.h:2156)
==733269==    by 0x4068FEB: r_getblock (node.c:1164)
==733269==    by 0x4069930: make_number_node (awk.h:2206)
==733269==    by 0x4069930: r_make_number (node.c:369)
==733269==    by 0x4058013: update_PROCINFO_num (field.c:1675)
==733269==    by 0x400E79D: load_procinfo (main.c:1055)
==733269==    by 0x400E79D: init_vars (main.c:878)
==733269==    by 0x400E79D: main (main.c:403)
==733269== 
==733269== 88 bytes in 1 blocks are still reachable in loss record 98 of 144
==733269==    at 0x497D858: malloc (vg_replace_malloc.c:447)
==733269==    by 0x4068FEB: emalloc_real (awk.h:2156)
==733269==    by 0x4068FEB: r_getblock (node.c:1164)
==733269==    by 0x40693C1: make_str_node (node.c:406)
==733269==    by 0x4058004: update_PROCINFO_num (field.c:1674)
==733269==    by 0x400E7B6: load_procinfo (main.c:1058)
==733269==    by 0x400E7B6: init_vars (main.c:878)
==733269==    by 0x400E7B6: main (main.c:403)
==733269== 
==733269== 88 bytes in 1 blocks are still reachable in loss record 99 of 144
==733269==    at 0x497D858: malloc (vg_replace_malloc.c:447)
==733269==    by 0x4068FEB: emalloc_real (awk.h:2156)
==733269==    by 0x4068FEB: r_getblock (node.c:1164)
==733269==    by 0x4069930: make_number_node (awk.h:2206)
==733269==    by 0x4069930: r_make_number (node.c:369)
==733269==    by 0x4058013: update_PROCINFO_num (field.c:1675)
==733269==    by 0x400E7B6: load_procinfo (main.c:1058)
==733269==    by 0x400E7B6: init_vars (main.c:878)
==733269==    by 0x400E7B6: main (main.c:403)
==733269== 
==733269== 88 bytes in 1 blocks are still reachable in loss record 100 of 144
==733269==    at 0x497D858: malloc (vg_replace_malloc.c:447)
==733269==    by 0x4068FEB: emalloc_real (awk.h:2156)
==733269==    by 0x4068FEB: r_getblock (node.c:1164)
==733269==    by 0x40693C1: make_str_node (node.c:406)
==733269==    by 0x4058004: update_PROCINFO_num (field.c:1674)
==733269==    by 0x400E7D2: load_procinfo (main.c:1061)
==733269==    by 0x400E7D2: init_vars (main.c:878)
==733269==    by 0x400E7D2: main (main.c:403)
==733269== 
==733269== 88 bytes in 1 blocks are still reachable in loss record 101 of 144
==733269==    at 0x497D858: malloc (vg_replace_malloc.c:447)
==733269==    by 0x4068FEB: emalloc_real (awk.h:2156)
==733269==    by 0x4068FEB: r_getblock (node.c:1164)
==733269==    by 0x4069930: make_number_node (awk.h:2206)
==733269==    by 0x4069930: r_make_number (node.c:369)
==733269==    by 0x4058013: update_PROCINFO_num (field.c:1675)
==733269==    by 0x400E7D2: load_procinfo (main.c:1061)
==733269==    by 0x400E7D2: init_vars (main.c:878)
==733269==    by 0x400E7D2: main (main.c:403)
==733269== 
==733269== 88 bytes in 1 blocks are still reachable in loss record 102 of 144
==733269==    at 0x497D858: malloc (vg_replace_malloc.c:447)
==733269==    by 0x4068FEB: emalloc_real (awk.h:2156)
==733269==    by 0x4068FEB: r_getblock (node.c:1164)
==733269==    by 0x40693C1: make_str_node (node.c:406)
==733269==    by 0x4058004: update_PROCINFO_num (field.c:1674)
==733269==    by 0x400E7EE: load_procinfo (main.c:1064)
==733269==    by 0x400E7EE: init_vars (main.c:878)
==733269==    by 0x400E7EE: main (main.c:403)
==733269== 
==733269== 88 bytes in 1 blocks are still reachable in loss record 103 of 144
==733269==    at 0x497D858: malloc (vg_replace_malloc.c:447)
==733269==    by 0x4068FEB: emalloc_real (awk.h:2156)
==733269==    by 0x4068FEB: r_getblock (node.c:1164)
==733269==    by 0x4069930: make_number_node (awk.h:2206)
==733269==    by 0x4069930: r_make_number (node.c:369)
==733269==    by 0x4058013: update_PROCINFO_num (field.c:1675)
==733269==    by 0x400E7EE: load_procinfo (main.c:1064)
==733269==    by 0x400E7EE: init_vars (main.c:878)
==733269==    by 0x400E7EE: main (main.c:403)
==733269== 
==733269== 88 bytes in 1 blocks are still reachable in loss record 104 of 144
==733269==    at 0x497D858: malloc (vg_replace_malloc.c:447)
==733269==    by 0x4068FEB: emalloc_real (awk.h:2156)
==733269==    by 0x4068FEB: r_getblock (node.c:1164)
==733269==    by 0x40693C1: make_str_node (node.c:406)
==733269==    by 0x4058004: update_PROCINFO_num (field.c:1674)
==733269==    by 0x400E80A: load_procinfo (main.c:1067)
==733269==    by 0x400E80A: init_vars (main.c:878)
==733269==    by 0x400E80A: main (main.c:403)
==733269== 
==733269== 88 bytes in 1 blocks are still reachable in loss record 105 of 144
==733269==    at 0x497D858: malloc (vg_replace_malloc.c:447)
==733269==    by 0x4068FEB: emalloc_real (awk.h:2156)
==733269==    by 0x4068FEB: r_getblock (node.c:1164)
==733269==    by 0x4069930: make_number_node (awk.h:2206)
==733269==    by 0x4069930: r_make_number (node.c:369)
==733269==    by 0x4058013: update_PROCINFO_num (field.c:1675)
==733269==    by 0x400E80A: load_procinfo (main.c:1067)
==733269==    by 0x400E80A: init_vars (main.c:878)
==733269==    by 0x400E80A: main (main.c:403)
==733269== 
==733269== 88 bytes in 1 blocks are still reachable in loss record 106 of 144
==733269==    at 0x497D858: malloc (vg_replace_malloc.c:447)
==733269==    by 0x4068FEB: emalloc_real (awk.h:2156)
==733269==    by 0x4068FEB: r_getblock (node.c:1164)
==733269==    by 0x40693C1: make_str_node (node.c:406)
==733269==    by 0x4058004: update_PROCINFO_num (field.c:1674)
==733269==    by 0x400E826: load_procinfo (main.c:1070)
==733269==    by 0x400E826: init_vars (main.c:878)
==733269==    by 0x400E826: main (main.c:403)
==733269== 
==733269== 88 bytes in 1 blocks are still reachable in loss record 107 of 144
==733269==    at 0x497D858: malloc (vg_replace_malloc.c:447)
==733269==    by 0x4068FEB: emalloc_real (awk.h:2156)
==733269==    by 0x4068FEB: r_getblock (node.c:1164)
==733269==    by 0x4069930: make_number_node (awk.h:2206)
==733269==    by 0x4069930: r_make_number (node.c:369)
==733269==    by 0x4058013: update_PROCINFO_num (field.c:1675)
==733269==    by 0x400E826: load_procinfo (main.c:1070)
==733269==    by 0x400E826: init_vars (main.c:878)
==733269==    by 0x400E826: main (main.c:403)
==733269== 
==733269== 88 bytes in 1 blocks are still reachable in loss record 108 of 144
==733269==    at 0x497D858: malloc (vg_replace_malloc.c:447)
==733269==    by 0x4068FEB: emalloc_real (awk.h:2156)
==733269==    by 0x4068FEB: r_getblock (node.c:1164)
==733269==    by 0x40693C1: make_str_node (node.c:406)
==733269==    by 0x4054B6F: update_PROCINFO_str.part.0 (field.c:1661)
==733269==    by 0x400E83A: load_procinfo (main.c:1072)
==733269==    by 0x400E83A: init_vars (main.c:878)
==733269==    by 0x400E83A: main (main.c:403)
==733269== 
==733269== 88 bytes in 1 blocks are still reachable in loss record 109 of 144
==733269==    at 0x497D858: malloc (vg_replace_malloc.c:447)
==733269==    by 0x4068FEB: emalloc_real (awk.h:2156)
==733269==    by 0x4068FEB: r_getblock (node.c:1164)
==733269==    by 0x40693C1: make_str_node (node.c:406)
==733269==    by 0x4054B87: update_PROCINFO_str.part.0 (field.c:1662)
==733269==    by 0x400E83A: load_procinfo (main.c:1072)
==733269==    by 0x400E83A: init_vars (main.c:878)
==733269==    by 0x400E83A: main (main.c:403)
==733269== 
==733269== 88 bytes in 1 blocks are still reachable in loss record 110 of 144
==733269==    at 0x497D858: malloc (vg_replace_malloc.c:447)
==733269==    by 0x4068FEB: emalloc_real (awk.h:2156)
==733269==    by 0x4068FEB: r_getblock (node.c:1164)
==733269==    by 0x40693C1: make_str_node (node.c:406)
==733269==    by 0x4054B6F: update_PROCINFO_str.part.0 (field.c:1661)
==733269==    by 0x400E8D2: load_procinfo (main.c:1087)
==733269==    by 0x400E8D2: init_vars (main.c:878)
==733269==    by 0x400E8D2: main (main.c:403)
==733269== 
==733269== 88 bytes in 1 blocks are still reachable in loss record 111 of 144
==733269==    at 0x497D858: malloc (vg_replace_malloc.c:447)
==733269==    by 0x4068FEB: emalloc_real (awk.h:2156)
==733269==    by 0x4068FEB: r_getblock (node.c:1164)
==733269==    by 0x40693C1: make_str_node (node.c:406)
==733269==    by 0x4054B87: update_PROCINFO_str.part.0 (field.c:1662)
==733269==    by 0x400E8D2: load_procinfo (main.c:1087)
==733269==    by 0x400E8D2: init_vars (main.c:878)
==733269==    by 0x400E8D2: main (main.c:403)
==733269== 
==733269== 88 bytes in 1 blocks are still reachable in loss record 112 of 144
==733269==    at 0x497D858: malloc (vg_replace_malloc.c:447)
==733269==    by 0x4068FEB: emalloc_real (awk.h:2156)
==733269==    by 0x4068FEB: r_getblock (node.c:1164)
==733269==    by 0x400E8E9: load_procinfo_argv (main.c:984)
==733269==    by 0x400E8E9: load_procinfo (main.c:1093)
==733269==    by 0x400E8E9: init_vars (main.c:878)
==733269==    by 0x400E8E9: main (main.c:403)
==733269== 
==733269== 88 bytes in 1 blocks are still reachable in loss record 113 of 144
==733269==    at 0x497D858: malloc (vg_replace_malloc.c:447)
==733269==    by 0x4068FEB: emalloc_real (awk.h:2156)
==733269==    by 0x4068FEB: r_getblock (node.c:1164)
==733269==    by 0x40348D2: make_node (cint_array.c:731)
==733269==    by 0x40348D2: cint_lookup (cint_array.c:256)
==733269==    by 0x400E9D6: assoc_set (awk.h:2220)
==733269==    by 0x400E9D6: load_procinfo_argv (main.c:992)
==733269==    by 0x400E9D6: load_procinfo (main.c:1093)
==733269==    by 0x400E9D6: init_vars (main.c:878)
==733269==    by 0x400E9D6: main (main.c:403)
==733269== 
==733269== 88 bytes in 1 blocks are still reachable in loss record 114 of 144
==733269==    at 0x497D858: malloc (vg_replace_malloc.c:447)
==733269==    by 0x4068FEB: emalloc_real (awk.h:2156)
==733269==    by 0x4068FEB: r_getblock (node.c:1164)
==733269==    by 0x40344E7: make_node (cint_array.c:731)
==733269==    by 0x40344E7: tree_lookup (cint_array.c:796)
==733269==    by 0x400E9D6: assoc_set (awk.h:2220)
==733269==    by 0x400E9D6: load_procinfo_argv (main.c:992)
==733269==    by 0x400E9D6: load_procinfo (main.c:1093)
==733269==    by 0x400E9D6: init_vars (main.c:878)
==733269==    by 0x400E9D6: main (main.c:403)
==733269== 
==733269== 88 bytes in 1 blocks are still reachable in loss record 115 of 144
==733269==    at 0x497D858: malloc (vg_replace_malloc.c:447)
==733269==    by 0x4068FEB: emalloc_real (awk.h:2156)
==733269==    by 0x4068FEB: r_getblock (node.c:1164)
==733269==    by 0x40693C1: make_str_node (node.c:406)
==733269==    by 0x400EC1B: load_procinfo_argv (main.c:996)
==733269==    by 0x400EC1B: load_procinfo (main.c:1093)
==733269==    by 0x400EC1B: init_vars (main.c:878)
==733269==    by 0x400EC1B: main (main.c:403)
==733269== 
==733269== 88 bytes in 1 blocks are still reachable in loss record 116 of 144
==733269==    at 0x497D858: malloc (vg_replace_malloc.c:447)
==733269==    by 0x4068FEB: emalloc_real (awk.h:2156)
==733269==    by 0x4068FEB: r_getblock (node.c:1164)
==733269==    by 0x40693C1: make_str_node (node.c:406)
==733269==    by 0x4077055: install (symbol.c:399)
==733269==    by 0x400E038: load_environ (main.c:930)
==733269==    by 0x400E038: init_vars (main.c:879)
==733269==    by 0x400E038: main (main.c:403)
==733269== 
==733269== 88 bytes in 1 blocks are still reachable in loss record 117 of 144
==733269==    at 0x497D858: malloc (vg_replace_malloc.c:447)
==733269==    by 0x4068FEB: emalloc_real (awk.h:2156)
==733269==    by 0x4068FEB: r_getblock (node.c:1164)
==733269==    by 0x4077133: make_symbol (symbol.c:376)
==733269==    by 0x4077133: install (symbol.c:417)
==733269==    by 0x400E038: load_environ (main.c:930)
==733269==    by 0x400E038: init_vars (main.c:879)
==733269==    by 0x400E038: main (main.c:403)
==733269== 
==733269== 88 bytes in 1 blocks are still reachable in loss record 118 of 144
==733269==    at 0x497D858: malloc (vg_replace_malloc.c:447)
==733269==    by 0x4068FEB: emalloc_real (awk.h:2156)
==733269==    by 0x4068FEB: r_getblock (node.c:1164)
==733269==    by 0x40693C1: make_str_node (node.c:406)
==733269==    by 0x406617B: path_environ (main.c:891)
==733269==    by 0x400E176: load_environ (main.c:964)
==733269==    by 0x400E176: init_vars (main.c:879)
==733269==    by 0x400E176: main (main.c:403)
==733269== 
==733269== 88 bytes in 1 blocks are still reachable in loss record 119 of 144
==733269==    at 0x497D858: malloc (vg_replace_malloc.c:447)
==733269==    by 0x4068FEB: emalloc_real (awk.h:2156)
==733269==    by 0x4068FEB: r_getblock (node.c:1164)
==733269==    by 0x40693C1: make_str_node (node.c:406)
==733269==    by 0x40661D5: path_environ (main.c:906)
==733269==    by 0x400E176: load_environ (main.c:964)
==733269==    by 0x400E176: init_vars (main.c:879)
==733269==    by 0x400E176: main (main.c:403)
==733269== 
==733269== 88 bytes in 1 blocks are still reachable in loss record 120 of 144
==733269==    at 0x497D858: malloc (vg_replace_malloc.c:447)
==733269==    by 0x4068FEB: emalloc_real (awk.h:2156)
==733269==    by 0x4068FEB: r_getblock (node.c:1164)
==733269==    by 0x40693C1: make_str_node (node.c:406)
==733269==    by 0x406617B: path_environ (main.c:891)
==733269==    by 0x400E189: load_environ (main.c:965)
==733269==    by 0x400E189: init_vars (main.c:879)
==733269==    by 0x400E189: main (main.c:403)
==733269== 
==733269== 88 bytes in 1 blocks are still reachable in loss record 121 of 144
==733269==    at 0x497D858: malloc (vg_replace_malloc.c:447)
==733269==    by 0x4068FEB: emalloc_real (awk.h:2156)
==733269==    by 0x4068FEB: r_getblock (node.c:1164)
==733269==    by 0x40693C1: make_str_node (node.c:406)
==733269==    by 0x40661D5: path_environ (main.c:906)
==733269==    by 0x400E189: load_environ (main.c:965)
==733269==    by 0x400E189: init_vars (main.c:879)
==733269==    by 0x400E189: main (main.c:403)
==733269== 
==733269== 88 bytes in 1 blocks are still reachable in loss record 122 of 144
==733269==    at 0x497D858: malloc (vg_replace_malloc.c:447)
==733269==    by 0x4068FEB: emalloc_real (awk.h:2156)
==733269==    by 0x4068FEB: r_getblock (node.c:1164)
==733269==    by 0x40693C1: make_str_node (node.c:406)
==733269==    by 0x4055395: init_fields (field.c:105)
==733269==    by 0x400E1A4: main (main.c:410)
==733269== 
==733269== 88 bytes in 1 blocks are still reachable in loss record 123 of 144
==733269==    at 0x497D858: malloc (vg_replace_malloc.c:447)
==733269==    by 0x4068FEB: emalloc_real (awk.h:2156)
==733269==    by 0x4068FEB: r_getblock (node.c:1164)
==733269==    by 0x40693C1: make_str_node (node.c:406)
==733269==    by 0x40553E0: init_fields (field.c:111)
==733269==    by 0x400E1A4: main (main.c:410)
==733269== 
==733269== 91 bytes in 9 blocks are still reachable in loss record 124 of 144
==733269==    at 0x497D858: malloc (vg_replace_malloc.c:447)
==733269==    by 0x4069457: emalloc_real (awk.h:2156)
==733269==    by 0x4069457: make_str_node (node.c:422)
==733269==    by 0x400E0F5: load_environ (main.c:946)
==733269==    by 0x400E0F5: init_vars (main.c:879)
==733269==    by 0x400E0F5: main (main.c:403)
==733269== 
==733269== 104 bytes in 1 blocks are still reachable in loss record 125 of 144
==733269==    at 0x4984E43: calloc (vg_replace_malloc.c:1678)
==733269==    by 0x4075D54: ezalloc_real (awk.h:2174)
==733269==    by 0x4075D54: grow_table (str_array.c:682)
==733269==    by 0x407693C: str_lookup (str_array.c:150)
==733269==    by 0x407708C: assoc_set (awk.h:2220)
==733269==    by 0x407708C: install (symbol.c:430)
==733269==    by 0x4077369: install_symbol (symbol.c:173)
==733269==    by 0x4077369: init_the_tables (symbol.c:77)
==733269==    by 0x400D60A: main (main.c:287)
==733269== 
==733269== 104 bytes in 1 blocks are still reachable in loss record 126 of 144
==733269==    at 0x4984E43: calloc (vg_replace_malloc.c:1678)
==733269==    by 0x4075D54: ezalloc_real (awk.h:2174)
==733269==    by 0x4075D54: grow_table (str_array.c:682)
==733269==    by 0x407693C: str_lookup (str_array.c:150)
==733269==    by 0x407708C: assoc_set (awk.h:2220)
==733269==    by 0x407708C: install (symbol.c:430)
==733269==    by 0x400DA01: init_vars (main.c:865)
==733269==    by 0x400DA01: main (main.c:403)
==733269== 
==733269== 104 bytes in 1 blocks are still reachable in loss record 127 of 144
==733269==    at 0x4984E43: calloc (vg_replace_malloc.c:1678)
==733269==    by 0x4075D54: ezalloc_real (awk.h:2174)
==733269==    by 0x4075D54: grow_table (str_array.c:682)
==733269==    by 0x407693C: str_lookup (str_array.c:150)
==733269==    by 0x4054B9E: assoc_set (awk.h:2220)
==733269==    by 0x4054B9E: update_PROCINFO_str.part.0 (field.c:1662)
==733269==    by 0x400E71D: load_procinfo (main.c:1021)
==733269==    by 0x400E71D: init_vars (main.c:878)
==733269==    by 0x400E71D: main (main.c:403)
==733269== 
==733269== 104 bytes in 1 blocks are still reachable in loss record 128 of 144
==733269==    at 0x4984E43: calloc (vg_replace_malloc.c:1678)
==733269==    by 0x4075D54: ezalloc_real (awk.h:2174)
==733269==    by 0x4075D54: grow_table (str_array.c:682)
==733269==    by 0x407693C: str_lookup (str_array.c:150)
==733269==    by 0x400E127: assoc_set (awk.h:2220)
==733269==    by 0x400E127: load_environ (main.c:949)
==733269==    by 0x400E127: init_vars (main.c:879)
==733269==    by 0x400E127: main (main.c:403)
==733269== 
==733269== 151 bytes in 24 blocks are still reachable in loss record 129 of 144
==733269==    at 0x497D858: malloc (vg_replace_malloc.c:447)
==733269==    by 0x4066564: emalloc_real (awk.h:2156)
==733269==    by 0x4066564: estrdup (main.c:1451)
==733269==    by 0x400D9F0: init_vars (main.c:865)
==733269==    by 0x400D9F0: main (main.c:403)
==733269== 
==733269== 151 bytes in 24 blocks are still reachable in loss record 130 of 144
==733269==    at 0x497D858: malloc (vg_replace_malloc.c:447)
==733269==    by 0x4069457: emalloc_real (awk.h:2156)
==733269==    by 0x4069457: make_str_node (node.c:422)
==733269==    by 0x4077055: install (symbol.c:399)
==733269==    by 0x400DA01: init_vars (main.c:865)
==733269==    by 0x400DA01: main (main.c:403)
==733269== 
==733269== 176 bytes in 2 blocks are still reachable in loss record 131 of 144
==733269==    at 0x497D858: malloc (vg_replace_malloc.c:447)
==733269==    by 0x4068FEB: emalloc_real (awk.h:2156)
==733269==    by 0x4068FEB: r_getblock (node.c:1164)
==733269==    by 0x40693C1: make_str_node (node.c:406)
==733269==    by 0x400E9C6: load_procinfo_argv (main.c:991)
==733269==    by 0x400E9C6: load_procinfo (main.c:1093)
==733269==    by 0x400E9C6: init_vars (main.c:878)
==733269==    by 0x400E9C6: main (main.c:403)
==733269== 
==733269== 192 bytes in 9 blocks are still reachable in loss record 132 of 144
==733269==    at 0x497D858: malloc (vg_replace_malloc.c:447)
==733269==    by 0x4069457: emalloc_real (awk.h:2156)
==733269==    by 0x4069457: make_str_node (node.c:422)
==733269==    by 0x400E10D: load_environ (main.c:947)
==733269==    by 0x400E10D: init_vars (main.c:879)
==733269==    by 0x400E10D: main (main.c:403)
==733269== 
==733269== 256 bytes in 1 blocks are still reachable in loss record 133 of 144
==733269==    at 0x4984E43: calloc (vg_replace_malloc.c:1678)
==733269==    by 0x4034892: ezalloc_real (awk.h:2174)
==733269==    by 0x4034892: cint_lookup (cint_array.c:249)
==733269==    by 0x400E9D6: assoc_set (awk.h:2220)
==733269==    by 0x400E9D6: load_procinfo_argv (main.c:992)
==733269==    by 0x400E9D6: load_procinfo (main.c:1093)
==733269==    by 0x400E9D6: init_vars (main.c:878)
==733269==    by 0x400E9D6: main (main.c:403)
==733269== 
==733269== 256 bytes in 1 blocks are still reachable in loss record 134 of 144
==733269==    at 0x4984E43: calloc (vg_replace_malloc.c:1678)
==733269==    by 0x4034297: ezalloc_real (awk.h:2174)
==733269==    by 0x4034297: tree_lookup (cint_array.c:773)
==733269==    by 0x400E9D6: assoc_set (awk.h:2220)
==733269==    by 0x400E9D6: load_procinfo_argv (main.c:992)
==733269==    by 0x400E9D6: load_procinfo (main.c:1093)
==733269==    by 0x400E9D6: init_vars (main.c:878)
==733269==    by 0x400E9D6: main (main.c:403)
==733269== 
==733269== 256 bytes in 1 blocks are still reachable in loss record 135 of 144
==733269==    at 0x4984E43: calloc (vg_replace_malloc.c:1678)
==733269==    by 0x40344C0: ezalloc_real (awk.h:2174)
==733269==    by 0x40344C0: leaf_lookup (cint_array.c:1064)
==733269==    by 0x40344C0: tree_lookup (cint_array.c:797)
==733269==    by 0x400E9D6: assoc_set (awk.h:2220)
==733269==    by 0x400E9D6: load_procinfo_argv (main.c:992)
==733269==    by 0x400E9D6: load_procinfo (main.c:1093)
==733269==    by 0x400E9D6: init_vars (main.c:878)
==733269==    by 0x400E9D6: main (main.c:403)
==733269== 
==733269== 432 bytes in 9 blocks are still reachable in loss record 136 of 144
==733269==    at 0x497D858: malloc (vg_replace_malloc.c:447)
==733269==    by 0x4068FEB: emalloc_real (awk.h:2156)
==733269==    by 0x4068FEB: r_getblock (node.c:1164)
==733269==    by 0x40768D9: str_lookup (str_array.c:214)
==733269==    by 0x400E127: assoc_set (awk.h:2220)
==733269==    by 0x400E127: load_environ (main.c:949)
==733269==    by 0x400E127: init_vars (main.c:879)
==733269==    by 0x400E127: main (main.c:403)
==733269== 
==733269== 552 bytes in 1 blocks are still reachable in loss record 137 of 144
==733269==    at 0x4984E43: calloc (vg_replace_malloc.c:1678)
==733269==    by 0x4078976: ezalloc_real (awk.h:2174)
==733269==    by 0x4078976: new_context (symbol.c:870)
==733269==    by 0x400D61D: main (main.c:292)
==733269== 
==733269== 792 bytes in 9 blocks are still reachable in loss record 138 of 144
==733269==    at 0x497D858: malloc (vg_replace_malloc.c:447)
==733269==    by 0x4068FEB: emalloc_real (awk.h:2156)
==733269==    by 0x4068FEB: r_getblock (node.c:1164)
==733269==    by 0x40693C1: make_str_node (node.c:406)
==733269==    by 0x400E0F5: load_environ (main.c:946)
==733269==    by 0x400E0F5: init_vars (main.c:879)
==733269==    by 0x400E0F5: main (main.c:403)
==733269== 
==733269== 792 bytes in 9 blocks are still reachable in loss record 139 of 144
==733269==    at 0x497D858: malloc (vg_replace_malloc.c:447)
==733269==    by 0x4068FEB: emalloc_real (awk.h:2156)
==733269==    by 0x4068FEB: r_getblock (node.c:1164)
==733269==    by 0x40693C1: make_str_node (node.c:406)
==733269==    by 0x400E10D: load_environ (main.c:947)
==733269==    by 0x400E10D: init_vars (main.c:879)
==733269==    by 0x400E10D: main (main.c:403)
==733269== 
==733269== 880 bytes in 10 blocks are still reachable in loss record 140 of 144
==733269==    at 0x497D858: malloc (vg_replace_malloc.c:447)
==733269==    by 0x4068FEB: emalloc_real (awk.h:2156)
==733269==    by 0x4068FEB: r_getblock (node.c:1164)
==733269==    by 0x4069930: make_number_node (awk.h:2206)
==733269==    by 0x4069930: r_make_number (node.c:369)
==733269==    by 0x400DA23: init_vars (main.c:869)
==733269==    by 0x400DA23: main (main.c:403)
==733269== 
==733269== 1,152 bytes in 24 blocks are still reachable in loss record 141 of 144
==733269==    at 0x497D858: malloc (vg_replace_malloc.c:447)
==733269==    by 0x4068FEB: emalloc_real (awk.h:2156)
==733269==    by 0x4068FEB: r_getblock (node.c:1164)
==733269==    by 0x40768D9: str_lookup (str_array.c:214)
==733269==    by 0x407708C: assoc_set (awk.h:2220)
==733269==    by 0x407708C: install (symbol.c:430)
==733269==    by 0x400DA01: init_vars (main.c:865)
==733269==    by 0x400DA01: main (main.c:403)
==733269== 
==733269== 1,232 bytes in 14 blocks are still reachable in loss record 142 of 144
==733269==    at 0x497D858: malloc (vg_replace_malloc.c:447)
==733269==    by 0x4068FEB: emalloc_real (awk.h:2156)
==733269==    by 0x4068FEB: r_getblock (node.c:1164)
==733269==    by 0x40693C1: make_str_node (node.c:406)
==733269==    by 0x400D984: init_vars (main.c:867)
==733269==    by 0x400D984: main (main.c:403)
==733269== 
==733269== 2,112 bytes in 24 blocks are still reachable in loss record 143 of 144
==733269==    at 0x497D858: malloc (vg_replace_malloc.c:447)
==733269==    by 0x4068FEB: emalloc_real (awk.h:2156)
==733269==    by 0x4068FEB: r_getblock (node.c:1164)
==733269==    by 0x40693C1: make_str_node (node.c:406)
==733269==    by 0x4077055: install (symbol.c:399)
==733269==    by 0x400DA01: init_vars (main.c:865)
==733269==    by 0x400DA01: main (main.c:403)
==733269== 
==733269== 2,112 bytes in 24 blocks are still reachable in loss record 144 of 144
==733269==    at 0x497D858: malloc (vg_replace_malloc.c:447)
==733269==    by 0x4068FEB: emalloc_real (awk.h:2156)
==733269==    by 0x4068FEB: r_getblock (node.c:1164)
==733269==    by 0x4077133: make_symbol (symbol.c:376)
==733269==    by 0x4077133: install (symbol.c:417)
==733269==    by 0x400DA01: init_vars (main.c:865)
==733269==    by 0x400DA01: main (main.c:403)
==733269== 
==733269== LEAK SUMMARY:
==733269==    definitely lost: 0 bytes in 0 blocks
==733269==    indirectly lost: 0 bytes in 0 blocks
==733269==      possibly lost: 0 bytes in 0 blocks
==733269==    still reachable: 17,848 bytes in 337 blocks
==733269==         suppressed: 0 bytes in 0 blocks
==733269== 
==733269== For lists of detected and suppressed errors, rerun with: -s
==733269== ERROR SUMMARY: 0 errors from 0 contexts (suppressed: 0 from 0)
