==733364== Memcheck, a memory error detector
==733364== Copyright (C) 2002-2024, and GNU GPL'd, by Julian Seward et al.
==733364== Using Valgrind-3.26.0 and LibVEX; rerun with -h for copyright info
==733364== Command: /tmp/rboxc-gawk-td0te9bd/exec/gawk --not-an-option
==733364== Parent PID: 732337
==733364== 
==733364== 
==733364== FILE DESCRIPTORS: 3 open (3 inherited) at exit.
==733364== 
==733364== HEAP SUMMARY:
==733364==     in use at exit: 17,862 bytes in 337 blocks
==733364==   total heap usage: 532 allocs, 195 frees, 24,013 bytes allocated
==733364== 
==733364== 1 bytes in 1 blocks are still reachable in loss record 1 of 144
==733364==    at 0x586E858: malloc (vg_replace_malloc.c:447)
==733364==    by 0x44390B0: rboxc_gawk_estrdup (in /root/rboxc/target/gawk-format-lifetime-candidate/release/rboxc)
==733364==    by 0x443E31E: single_binary_main_gawk (in /root/rboxc/target/gawk-format-lifetime-candidate/release/rboxc)
==733364==    by 0x5A18600: (below main) (libc_start_call_main.h:59)
==733364== 
==733364== 1 bytes in 1 blocks are still reachable in loss record 2 of 144
==733364==    at 0x586E858: malloc (vg_replace_malloc.c:447)
==733364==    by 0x44390B0: rboxc_gawk_estrdup (in /root/rboxc/target/gawk-format-lifetime-candidate/release/rboxc)
==733364==    by 0x443E34D: single_binary_main_gawk (in /root/rboxc/target/gawk-format-lifetime-candidate/release/rboxc)
==733364==    by 0x5A18600: (below main) (libc_start_call_main.h:59)
==733364== 
==733364== 1 bytes in 1 blocks are still reachable in loss record 3 of 144
==733364==    at 0x586E858: malloc (vg_replace_malloc.c:447)
==733364==    by 0x44390B0: rboxc_gawk_estrdup (in /root/rboxc/target/gawk-format-lifetime-candidate/release/rboxc)
==733364==    by 0x443E365: single_binary_main_gawk (in /root/rboxc/target/gawk-format-lifetime-candidate/release/rboxc)
==733364==    by 0x5A18600: (below main) (libc_start_call_main.h:59)
==733364== 
==733364== 1 bytes in 1 blocks are still reachable in loss record 4 of 144
==733364==    at 0x586E858: malloc (vg_replace_malloc.c:447)
==733364==    by 0x44390B0: rboxc_gawk_estrdup (in /root/rboxc/target/gawk-format-lifetime-candidate/release/rboxc)
==733364==    by 0x443E37D: single_binary_main_gawk (in /root/rboxc/target/gawk-format-lifetime-candidate/release/rboxc)
==733364==    by 0x5A18600: (below main) (libc_start_call_main.h:59)
==733364== 
==733364== 1 bytes in 1 blocks are still reachable in loss record 5 of 144
==733364==    at 0x586E858: malloc (vg_replace_malloc.c:447)
==733364==    by 0x44390B0: rboxc_gawk_estrdup (in /root/rboxc/target/gawk-format-lifetime-candidate/release/rboxc)
==733364==    by 0x443E395: single_binary_main_gawk (in /root/rboxc/target/gawk-format-lifetime-candidate/release/rboxc)
==733364==    by 0x5A18600: (below main) (libc_start_call_main.h:59)
==733364== 
==733364== 1 bytes in 1 blocks are still reachable in loss record 6 of 144
==733364==    at 0x586E858: malloc (vg_replace_malloc.c:447)
==733364==    by 0x44390B0: rboxc_gawk_estrdup (in /root/rboxc/target/gawk-format-lifetime-candidate/release/rboxc)
==733364==    by 0x443E3AD: single_binary_main_gawk (in /root/rboxc/target/gawk-format-lifetime-candidate/release/rboxc)
==733364==    by 0x5A18600: (below main) (libc_start_call_main.h:59)
==733364== 
==733364== 1 bytes in 1 blocks are still reachable in loss record 7 of 144
==733364==    at 0x586E858: malloc (vg_replace_malloc.c:447)
==733364==    by 0x44390B0: rboxc_gawk_estrdup (in /root/rboxc/target/gawk-format-lifetime-candidate/release/rboxc)
==733364==    by 0x443E3C5: single_binary_main_gawk (in /root/rboxc/target/gawk-format-lifetime-candidate/release/rboxc)
==733364==    by 0x5A18600: (below main) (libc_start_call_main.h:59)
==733364== 
==733364== 1 bytes in 1 blocks are still reachable in loss record 8 of 144
==733364==    at 0x586E858: malloc (vg_replace_malloc.c:447)
==733364==    by 0x44390B0: rboxc_gawk_estrdup (in /root/rboxc/target/gawk-format-lifetime-candidate/release/rboxc)
==733364==    by 0x443E3DD: single_binary_main_gawk (in /root/rboxc/target/gawk-format-lifetime-candidate/release/rboxc)
==733364==    by 0x5A18600: (below main) (libc_start_call_main.h:59)
==733364== 
==733364== 1 bytes in 1 blocks are still reachable in loss record 9 of 144
==733364==    at 0x586E858: malloc (vg_replace_malloc.c:447)
==733364==    by 0x44390B0: rboxc_gawk_estrdup (in /root/rboxc/target/gawk-format-lifetime-candidate/release/rboxc)
==733364==    by 0x443E3F5: single_binary_main_gawk (in /root/rboxc/target/gawk-format-lifetime-candidate/release/rboxc)
==733364==    by 0x5A18600: (below main) (libc_start_call_main.h:59)
==733364== 
==733364== 1 bytes in 1 blocks are still reachable in loss record 10 of 144
==733364==    at 0x586E858: malloc (vg_replace_malloc.c:447)
==733364==    by 0x473F017: rboxc_gawk_make_str_node (in /root/rboxc/target/gawk-format-lifetime-candidate/release/rboxc)
==733364==    by 0x443E47C: single_binary_main_gawk (in /root/rboxc/target/gawk-format-lifetime-candidate/release/rboxc)
==733364==    by 0x5A18600: (below main) (libc_start_call_main.h:59)
==733364== 
==733364== 1 bytes in 1 blocks are still reachable in loss record 11 of 144
==733364==    at 0x586E858: malloc (vg_replace_malloc.c:447)
==733364==    by 0x473F017: rboxc_gawk_make_str_node (in /root/rboxc/target/gawk-format-lifetime-candidate/release/rboxc)
==733364==    by 0x472BED5: rboxc_gawk_init_fields (in /root/rboxc/target/gawk-format-lifetime-candidate/release/rboxc)
==733364==    by 0x443F9A0: single_binary_main_gawk (in /root/rboxc/target/gawk-format-lifetime-candidate/release/rboxc)
==733364==    by 0x5A18600: (below main) (libc_start_call_main.h:59)
==733364== 
==733364== 1 bytes in 1 blocks are still reachable in loss record 12 of 144
==733364==    at 0x586E858: malloc (vg_replace_malloc.c:447)
==733364==    by 0x473F017: rboxc_gawk_make_str_node (in /root/rboxc/target/gawk-format-lifetime-candidate/release/rboxc)
==733364==    by 0x472BF20: rboxc_gawk_init_fields (in /root/rboxc/target/gawk-format-lifetime-candidate/release/rboxc)
==733364==    by 0x443F9A0: single_binary_main_gawk (in /root/rboxc/target/gawk-format-lifetime-candidate/release/rboxc)
==733364==    by 0x5A18600: (below main) (libc_start_call_main.h:59)
==733364== 
==733364== 2 bytes in 1 blocks are still reachable in loss record 13 of 144
==733364==    at 0x586E858: malloc (vg_replace_malloc.c:447)
==733364==    by 0x44390B0: rboxc_gawk_estrdup (in /root/rboxc/target/gawk-format-lifetime-candidate/release/rboxc)
==733364==    by 0x443E335: single_binary_main_gawk (in /root/rboxc/target/gawk-format-lifetime-candidate/release/rboxc)
==733364==    by 0x5A18600: (below main) (libc_start_call_main.h:59)
==733364== 
==733364== 2 bytes in 1 blocks are still reachable in loss record 14 of 144
==733364==    at 0x586E858: malloc (vg_replace_malloc.c:447)
==733364==    by 0x471D3BF: rboxc_gawk_set_OFS (in /root/rboxc/target/gawk-format-lifetime-candidate/release/rboxc)
==733364==    by 0x443F2E8: single_binary_main_gawk (in /root/rboxc/target/gawk-format-lifetime-candidate/release/rboxc)
==733364==    by 0x5A18600: (below main) (libc_start_call_main.h:59)
==733364== 
==733364== 3 bytes in 1 blocks are still reachable in loss record 15 of 144
==733364==    at 0x586E858: malloc (vg_replace_malloc.c:447)
==733364==    by 0x473F017: rboxc_gawk_make_str_node (in /root/rboxc/target/gawk-format-lifetime-candidate/release/rboxc)
==733364==    by 0x472B6AF: update_PROCINFO_str.part.0 (in /root/rboxc/target/gawk-format-lifetime-candidate/release/rboxc)
==733364==    by 0x443F5CC: single_binary_main_gawk (in /root/rboxc/target/gawk-format-lifetime-candidate/release/rboxc)
==733364==    by 0x5A18600: (below main) (libc_start_call_main.h:59)
==733364== 
==733364== 3 bytes in 1 blocks are still reachable in loss record 16 of 144
==733364==    at 0x586E858: malloc (vg_replace_malloc.c:447)
==733364==    by 0x473F017: rboxc_gawk_make_str_node (in /root/rboxc/target/gawk-format-lifetime-candidate/release/rboxc)
==733364==    by 0x472B6C7: update_PROCINFO_str.part.0 (in /root/rboxc/target/gawk-format-lifetime-candidate/release/rboxc)
==733364==    by 0x443F5CC: single_binary_main_gawk (in /root/rboxc/target/gawk-format-lifetime-candidate/release/rboxc)
==733364==    by 0x5A18600: (below main) (libc_start_call_main.h:59)
==733364== 
==733364== 4 bytes in 1 blocks are still reachable in loss record 17 of 144
==733364==    at 0x586E858: malloc (vg_replace_malloc.c:447)
==733364==    by 0x473F017: rboxc_gawk_make_str_node (in /root/rboxc/target/gawk-format-lifetime-candidate/release/rboxc)
==733364==    by 0x472EB44: rboxc_gawk_update_PROCINFO_num (in /root/rboxc/target/gawk-format-lifetime-candidate/release/rboxc)
==733364==    by 0x443F53B: single_binary_main_gawk (in /root/rboxc/target/gawk-format-lifetime-candidate/release/rboxc)
==733364==    by 0x5A18600: (below main) (libc_start_call_main.h:59)
==733364== 
==733364== 4 bytes in 1 blocks are still reachable in loss record 18 of 144
==733364==    at 0x586E858: malloc (vg_replace_malloc.c:447)
==733364==    by 0x473F017: rboxc_gawk_make_str_node (in /root/rboxc/target/gawk-format-lifetime-candidate/release/rboxc)
==733364==    by 0x472EB44: rboxc_gawk_update_PROCINFO_num (in /root/rboxc/target/gawk-format-lifetime-candidate/release/rboxc)
==733364==    by 0x443F56C: single_binary_main_gawk (in /root/rboxc/target/gawk-format-lifetime-candidate/release/rboxc)
==733364==    by 0x5A18600: (below main) (libc_start_call_main.h:59)
==733364== 
==733364== 4 bytes in 1 blocks are still reachable in loss record 19 of 144
==733364==    at 0x586E858: malloc (vg_replace_malloc.c:447)
==733364==    by 0x473F017: rboxc_gawk_make_str_node (in /root/rboxc/target/gawk-format-lifetime-candidate/release/rboxc)
==733364==    by 0x472EB44: rboxc_gawk_update_PROCINFO_num (in /root/rboxc/target/gawk-format-lifetime-candidate/release/rboxc)
==733364==    by 0x443F5A0: single_binary_main_gawk (in /root/rboxc/target/gawk-format-lifetime-candidate/release/rboxc)
==733364==    by 0x5A18600: (below main) (libc_start_call_main.h:59)
==733364== 
==733364== 4 bytes in 1 blocks are still reachable in loss record 20 of 144
==733364==    at 0x586E858: malloc (vg_replace_malloc.c:447)
==733364==    by 0x473F017: rboxc_gawk_make_str_node (in /root/rboxc/target/gawk-format-lifetime-candidate/release/rboxc)
==733364==    by 0x472B6AF: update_PROCINFO_str.part.0 (in /root/rboxc/target/gawk-format-lifetime-candidate/release/rboxc)
==733364==    by 0x443F758: single_binary_main_gawk (in /root/rboxc/target/gawk-format-lifetime-candidate/release/rboxc)
==733364==    by 0x5A18600: (below main) (libc_start_call_main.h:59)
==733364== 
==733364== 5 bytes in 1 blocks are still reachable in loss record 21 of 144
==733364==    at 0x586E858: malloc (vg_replace_malloc.c:447)
==733364==    by 0x473F017: rboxc_gawk_make_str_node (in /root/rboxc/target/gawk-format-lifetime-candidate/release/rboxc)
==733364==    by 0x472EB44: rboxc_gawk_update_PROCINFO_num (in /root/rboxc/target/gawk-format-lifetime-candidate/release/rboxc)
==733364==    by 0x443F552: single_binary_main_gawk (in /root/rboxc/target/gawk-format-lifetime-candidate/release/rboxc)
==733364==    by 0x5A18600: (below main) (libc_start_call_main.h:59)
==733364== 
==733364== 5 bytes in 1 blocks are still reachable in loss record 22 of 144
==733364==    at 0x586E858: malloc (vg_replace_malloc.c:447)
==733364==    by 0x473F017: rboxc_gawk_make_str_node (in /root/rboxc/target/gawk-format-lifetime-candidate/release/rboxc)
==733364==    by 0x472EB44: rboxc_gawk_update_PROCINFO_num (in /root/rboxc/target/gawk-format-lifetime-candidate/release/rboxc)
==733364==    by 0x443F586: single_binary_main_gawk (in /root/rboxc/target/gawk-format-lifetime-candidate/release/rboxc)
==733364==    by 0x5A18600: (below main) (libc_start_call_main.h:59)
==733364== 
==733364== 5 bytes in 1 blocks are still reachable in loss record 23 of 144
==733364==    at 0x586E858: malloc (vg_replace_malloc.c:447)
==733364==    by 0x473F017: rboxc_gawk_make_str_node (in /root/rboxc/target/gawk-format-lifetime-candidate/release/rboxc)
==733364==    by 0x472EB44: rboxc_gawk_update_PROCINFO_num (in /root/rboxc/target/gawk-format-lifetime-candidate/release/rboxc)
==733364==    by 0x443F5BA: single_binary_main_gawk (in /root/rboxc/target/gawk-format-lifetime-candidate/release/rboxc)
==733364==    by 0x5A18600: (below main) (libc_start_call_main.h:59)
==733364== 
==733364== 5 bytes in 1 blocks are still reachable in loss record 24 of 144
==733364==    at 0x586E858: malloc (vg_replace_malloc.c:447)
==733364==    by 0x443F7C5: single_binary_main_gawk (in /root/rboxc/target/gawk-format-lifetime-candidate/release/rboxc)
==733364==    by 0x5A18600: (below main) (libc_start_call_main.h:59)
==733364== 
==733364== 5 bytes in 1 blocks are still reachable in loss record 25 of 144
==733364==    at 0x586E858: malloc (vg_replace_malloc.c:447)
==733364==    by 0x473F017: rboxc_gawk_make_str_node (in /root/rboxc/target/gawk-format-lifetime-candidate/release/rboxc)
==733364==    by 0x443F86B: single_binary_main_gawk (in /root/rboxc/target/gawk-format-lifetime-candidate/release/rboxc)
==733364==    by 0x5A18600: (below main) (libc_start_call_main.h:59)
==733364== 
==733364== 6 bytes in 1 blocks are still reachable in loss record 26 of 144
==733364==    at 0x586E858: malloc (vg_replace_malloc.c:447)
==733364==    by 0x473F017: rboxc_gawk_make_str_node (in /root/rboxc/target/gawk-format-lifetime-candidate/release/rboxc)
==733364==    by 0x472B6C7: update_PROCINFO_str.part.0 (in /root/rboxc/target/gawk-format-lifetime-candidate/release/rboxc)
==733364==    by 0x443F4C2: single_binary_main_gawk (in /root/rboxc/target/gawk-format-lifetime-candidate/release/rboxc)
==733364==    by 0x5A18600: (below main) (libc_start_call_main.h:59)
==733364== 
==733364== 6 bytes in 1 blocks are still reachable in loss record 27 of 144
==733364==    at 0x586E858: malloc (vg_replace_malloc.c:447)
==733364==    by 0x473F017: rboxc_gawk_make_str_node (in /root/rboxc/target/gawk-format-lifetime-candidate/release/rboxc)
==733364==    by 0x472B6C7: update_PROCINFO_str.part.0 (in /root/rboxc/target/gawk-format-lifetime-candidate/release/rboxc)
==733364==    by 0x443F4E2: single_binary_main_gawk (in /root/rboxc/target/gawk-format-lifetime-candidate/release/rboxc)
==733364==    by 0x5A18600: (below main) (libc_start_call_main.h:59)
==733364== 
==733364== 7 bytes in 1 blocks are still reachable in loss record 28 of 144
==733364==    at 0x586E858: malloc (vg_replace_malloc.c:447)
==733364==    by 0x44390B0: rboxc_gawk_estrdup (in /root/rboxc/target/gawk-format-lifetime-candidate/release/rboxc)
==733364==    by 0x474D461: init_the_tables (in /root/rboxc/target/gawk-format-lifetime-candidate/release/rboxc)
==733364==    by 0x443E550: single_binary_main_gawk (in /root/rboxc/target/gawk-format-lifetime-candidate/release/rboxc)
==733364==    by 0x5A18600: (below main) (libc_start_call_main.h:59)
==733364== 
==733364== 7 bytes in 1 blocks are still reachable in loss record 29 of 144
==733364==    at 0x586E858: malloc (vg_replace_malloc.c:447)
==733364==    by 0x473F017: rboxc_gawk_make_str_node (in /root/rboxc/target/gawk-format-lifetime-candidate/release/rboxc)
==733364==    by 0x474D135: install (in /root/rboxc/target/gawk-format-lifetime-candidate/release/rboxc)
==733364==    by 0x474D470: init_the_tables (in /root/rboxc/target/gawk-format-lifetime-candidate/release/rboxc)
==733364==    by 0x443E550: single_binary_main_gawk (in /root/rboxc/target/gawk-format-lifetime-candidate/release/rboxc)
==733364==    by 0x5A18600: (below main) (libc_start_call_main.h:59)
==733364== 
==733364== 7 bytes in 1 blocks are still reachable in loss record 30 of 144
==733364==    at 0x586E858: malloc (vg_replace_malloc.c:447)
==733364==    by 0x473F017: rboxc_gawk_make_str_node (in /root/rboxc/target/gawk-format-lifetime-candidate/release/rboxc)
==733364==    by 0x472EB44: rboxc_gawk_update_PROCINFO_num (in /root/rboxc/target/gawk-format-lifetime-candidate/release/rboxc)
==733364==    by 0x443F524: single_binary_main_gawk (in /root/rboxc/target/gawk-format-lifetime-candidate/release/rboxc)
==733364==    by 0x5A18600: (below main) (libc_start_call_main.h:59)
==733364== 
==733364== 8 bytes in 1 blocks are still reachable in loss record 31 of 144
==733364==    at 0x586E858: malloc (vg_replace_malloc.c:447)
==733364==    by 0x44390B0: rboxc_gawk_estrdup (in /root/rboxc/target/gawk-format-lifetime-candidate/release/rboxc)
==733364==    by 0x474D43A: init_the_tables (in /root/rboxc/target/gawk-format-lifetime-candidate/release/rboxc)
==733364==    by 0x443E550: single_binary_main_gawk (in /root/rboxc/target/gawk-format-lifetime-candidate/release/rboxc)
==733364==    by 0x5A18600: (below main) (libc_start_call_main.h:59)
==733364== 
==733364== 8 bytes in 1 blocks are still reachable in loss record 32 of 144
==733364==    at 0x586E858: malloc (vg_replace_malloc.c:447)
==733364==    by 0x473F017: rboxc_gawk_make_str_node (in /root/rboxc/target/gawk-format-lifetime-candidate/release/rboxc)
==733364==    by 0x474D135: install (in /root/rboxc/target/gawk-format-lifetime-candidate/release/rboxc)
==733364==    by 0x474D449: init_the_tables (in /root/rboxc/target/gawk-format-lifetime-candidate/release/rboxc)
==733364==    by 0x443E550: single_binary_main_gawk (in /root/rboxc/target/gawk-format-lifetime-candidate/release/rboxc)
==733364==    by 0x5A18600: (below main) (libc_start_call_main.h:59)
==733364== 
==733364== 8 bytes in 1 blocks are still reachable in loss record 33 of 144
==733364==    at 0x586E858: malloc (vg_replace_malloc.c:447)
==733364==    by 0x473F017: rboxc_gawk_make_str_node (in /root/rboxc/target/gawk-format-lifetime-candidate/release/rboxc)
==733364==    by 0x472B6AF: update_PROCINFO_str.part.0 (in /root/rboxc/target/gawk-format-lifetime-candidate/release/rboxc)
==733364==    by 0x443F4C2: single_binary_main_gawk (in /root/rboxc/target/gawk-format-lifetime-candidate/release/rboxc)
==733364==    by 0x5A18600: (below main) (libc_start_call_main.h:59)
==733364== 
==733364== 8 bytes in 1 blocks are still reachable in loss record 34 of 144
==733364==    at 0x586E858: malloc (vg_replace_malloc.c:447)
==733364==    by 0x443F8A0: single_binary_main_gawk (in /root/rboxc/target/gawk-format-lifetime-candidate/release/rboxc)
==733364==    by 0x5A18600: (below main) (libc_start_call_main.h:59)
==733364== 
==733364== 8 bytes in 1 blocks are still reachable in loss record 35 of 144
==733364==    at 0x586E858: malloc (vg_replace_malloc.c:447)
==733364==    by 0x473F017: rboxc_gawk_make_str_node (in /root/rboxc/target/gawk-format-lifetime-candidate/release/rboxc)
==733364==    by 0x474D135: install (in /root/rboxc/target/gawk-format-lifetime-candidate/release/rboxc)
==733364==    by 0x443F92D: single_binary_main_gawk (in /root/rboxc/target/gawk-format-lifetime-candidate/release/rboxc)
==733364==    by 0x5A18600: (below main) (libc_start_call_main.h:59)
==733364== 
==733364== 8 bytes in 1 blocks are still reachable in loss record 36 of 144
==733364==    at 0x586E858: malloc (vg_replace_malloc.c:447)
==733364==    by 0x473F017: rboxc_gawk_make_str_node (in /root/rboxc/target/gawk-format-lifetime-candidate/release/rboxc)
==733364==    by 0x443506E: rboxc::applet_gawk::path_environ (in /root/rboxc/target/gawk-format-lifetime-candidate/release/rboxc)
==733364==    by 0x443F96B: single_binary_main_gawk (in /root/rboxc/target/gawk-format-lifetime-candidate/release/rboxc)
==733364==    by 0x5A18600: (below main) (libc_start_call_main.h:59)
==733364== 
==733364== 8 bytes in 1 blocks are still reachable in loss record 37 of 144
==733364==    at 0x586E858: malloc (vg_replace_malloc.c:447)
==733364==    by 0x472BEB2: rboxc_gawk_init_fields (in /root/rboxc/target/gawk-format-lifetime-candidate/release/rboxc)
==733364==    by 0x443F9A0: single_binary_main_gawk (in /root/rboxc/target/gawk-format-lifetime-candidate/release/rboxc)
==733364==    by 0x5A18600: (below main) (libc_start_call_main.h:59)
==733364== 
==733364== 9 bytes in 1 blocks are still reachable in loss record 38 of 144
==733364==    at 0x586E858: malloc (vg_replace_malloc.c:447)
==733364==    by 0x443F414: single_binary_main_gawk (in /root/rboxc/target/gawk-format-lifetime-candidate/release/rboxc)
==733364==    by 0x5A18600: (below main) (libc_start_call_main.h:59)
==733364== 
==733364== 9 bytes in 1 blocks are still reachable in loss record 39 of 144
==733364==    at 0x586E858: malloc (vg_replace_malloc.c:447)
==733364==    by 0x473F017: rboxc_gawk_make_str_node (in /root/rboxc/target/gawk-format-lifetime-candidate/release/rboxc)
==733364==    by 0x474D135: install (in /root/rboxc/target/gawk-format-lifetime-candidate/release/rboxc)
==733364==    by 0x443F4A1: single_binary_main_gawk (in /root/rboxc/target/gawk-format-lifetime-candidate/release/rboxc)
==733364==    by 0x5A18600: (below main) (libc_start_call_main.h:59)
==733364== 
==733364== 9 bytes in 1 blocks are still reachable in loss record 40 of 144
==733364==    at 0x586E858: malloc (vg_replace_malloc.c:447)
==733364==    by 0x473F017: rboxc_gawk_make_str_node (in /root/rboxc/target/gawk-format-lifetime-candidate/release/rboxc)
==733364==    by 0x472B6AF: update_PROCINFO_str.part.0 (in /root/rboxc/target/gawk-format-lifetime-candidate/release/rboxc)
==733364==    by 0x443F4D2: single_binary_main_gawk (in /root/rboxc/target/gawk-format-lifetime-candidate/release/rboxc)
==733364==    by 0x5A18600: (below main) (libc_start_call_main.h:59)
==733364== 
==733364== 9 bytes in 1 blocks are still reachable in loss record 41 of 144
==733364==    at 0x586E858: malloc (vg_replace_malloc.c:447)
==733364==    by 0x473F017: rboxc_gawk_make_str_node (in /root/rboxc/target/gawk-format-lifetime-candidate/release/rboxc)
==733364==    by 0x472B6AF: update_PROCINFO_str.part.0 (in /root/rboxc/target/gawk-format-lifetime-candidate/release/rboxc)
==733364==    by 0x443F4E2: single_binary_main_gawk (in /root/rboxc/target/gawk-format-lifetime-candidate/release/rboxc)
==733364==    by 0x5A18600: (below main) (libc_start_call_main.h:59)
==733364== 
==733364== 10 bytes in 1 blocks are still reachable in loss record 42 of 144
==733364==    at 0x586E858: malloc (vg_replace_malloc.c:447)
==733364==    by 0x473F017: rboxc_gawk_make_str_node (in /root/rboxc/target/gawk-format-lifetime-candidate/release/rboxc)
==733364==    by 0x472EB44: rboxc_gawk_update_PROCINFO_num (in /root/rboxc/target/gawk-format-lifetime-candidate/release/rboxc)
==733364==    by 0x443F4FB: single_binary_main_gawk (in /root/rboxc/target/gawk-format-lifetime-candidate/release/rboxc)
==733364==    by 0x5A18600: (below main) (libc_start_call_main.h:59)
==733364== 
==733364== 10 bytes in 1 blocks are still reachable in loss record 43 of 144
==733364==    at 0x586E858: malloc (vg_replace_malloc.c:447)
==733364==    by 0x473F017: rboxc_gawk_make_str_node (in /root/rboxc/target/gawk-format-lifetime-candidate/release/rboxc)
==733364==    by 0x472EB44: rboxc_gawk_update_PROCINFO_num (in /root/rboxc/target/gawk-format-lifetime-candidate/release/rboxc)
==733364==    by 0x443F50D: single_binary_main_gawk (in /root/rboxc/target/gawk-format-lifetime-candidate/release/rboxc)
==733364==    by 0x5A18600: (below main) (libc_start_call_main.h:59)
==733364== 
==733364== 10 bytes in 1 blocks are still reachable in loss record 44 of 144
==733364==    at 0x586E858: malloc (vg_replace_malloc.c:447)
==733364==    by 0x473F017: rboxc_gawk_make_str_node (in /root/rboxc/target/gawk-format-lifetime-candidate/release/rboxc)
==733364==    by 0x472B6C7: update_PROCINFO_str.part.0 (in /root/rboxc/target/gawk-format-lifetime-candidate/release/rboxc)
==733364==    by 0x443F758: single_binary_main_gawk (in /root/rboxc/target/gawk-format-lifetime-candidate/release/rboxc)
==733364==    by 0x5A18600: (below main) (libc_start_call_main.h:59)
==733364== 
==733364== 11 bytes in 1 blocks are still reachable in loss record 45 of 144
==733364==    at 0x586E858: malloc (vg_replace_malloc.c:447)
==733364==    by 0x473F017: rboxc_gawk_make_str_node (in /root/rboxc/target/gawk-format-lifetime-candidate/release/rboxc)
==733364==    by 0x443506E: rboxc::applet_gawk::path_environ (in /root/rboxc/target/gawk-format-lifetime-candidate/release/rboxc)
==733364==    by 0x443F981: single_binary_main_gawk (in /root/rboxc/target/gawk-format-lifetime-candidate/release/rboxc)
==733364==    by 0x5A18600: (below main) (libc_start_call_main.h:59)
==733364== 
==733364== 24 bytes in 1 blocks are still reachable in loss record 46 of 144
==733364==    at 0x586E858: malloc (vg_replace_malloc.c:447)
==733364==    by 0x443E5D9: single_binary_main_gawk (in /root/rboxc/target/gawk-format-lifetime-candidate/release/rboxc)
==733364==    by 0x5A18600: (below main) (libc_start_call_main.h:59)
==733364== 
==733364== 24 bytes in 1 blocks are still reachable in loss record 47 of 144
==733364==    at 0x586E858: malloc (vg_replace_malloc.c:447)
==733364==    by 0x473F017: rboxc_gawk_make_str_node (in /root/rboxc/target/gawk-format-lifetime-candidate/release/rboxc)
==733364==    by 0x472B6C7: update_PROCINFO_str.part.0 (in /root/rboxc/target/gawk-format-lifetime-candidate/release/rboxc)
==733364==    by 0x443F4D2: single_binary_main_gawk (in /root/rboxc/target/gawk-format-lifetime-candidate/release/rboxc)
==733364==    by 0x5A18600: (below main) (libc_start_call_main.h:59)
==733364== 
==733364== 32 bytes in 1 blocks are still reachable in loss record 48 of 144
==733364==    at 0x586E858: malloc (vg_replace_malloc.c:447)
==733364==    by 0x471C517: fmt_index (in /root/rboxc/target/gawk-format-lifetime-candidate/release/rboxc)
==733364==    by 0x471D606: rboxc_gawk_set_CONVFMT (in /root/rboxc/target/gawk-format-lifetime-candidate/release/rboxc)
==733364==    by 0x443F2E8: single_binary_main_gawk (in /root/rboxc/target/gawk-format-lifetime-candidate/release/rboxc)
==733364==    by 0x5A18600: (below main) (libc_start_call_main.h:59)
==733364== 
==733364== 39 bytes in 1 blocks are still reachable in loss record 49 of 144
==733364==    at 0x586E858: malloc (vg_replace_malloc.c:447)
==733364==    by 0x473F017: rboxc_gawk_make_str_node (in /root/rboxc/target/gawk-format-lifetime-candidate/release/rboxc)
==733364==    by 0x44350EE: rboxc::applet_gawk::path_environ (in /root/rboxc/target/gawk-format-lifetime-candidate/release/rboxc)
==733364==    by 0x443F981: single_binary_main_gawk (in /root/rboxc/target/gawk-format-lifetime-candidate/release/rboxc)
==733364==    by 0x5A18600: (below main) (libc_start_call_main.h:59)
==733364== 
==733364== 42 bytes in 1 blocks are still reachable in loss record 50 of 144
==733364==    at 0x586E858: malloc (vg_replace_malloc.c:447)
==733364==    by 0x473F017: rboxc_gawk_make_str_node (in /root/rboxc/target/gawk-format-lifetime-candidate/release/rboxc)
==733364==    by 0x44350EE: rboxc::applet_gawk::path_environ (in /root/rboxc/target/gawk-format-lifetime-candidate/release/rboxc)
==733364==    by 0x443F96B: single_binary_main_gawk (in /root/rboxc/target/gawk-format-lifetime-candidate/release/rboxc)
==733364==    by 0x5A18600: (below main) (libc_start_call_main.h:59)
==733364== 
==733364== 48 bytes in 1 blocks are still reachable in loss record 51 of 144
==733364==    at 0x586E858: malloc (vg_replace_malloc.c:447)
==733364==    by 0x473EBAB: rboxc_gawk_r_getblock (in /root/rboxc/target/gawk-format-lifetime-candidate/release/rboxc)
==733364==    by 0x474C959: str_lookup (in /root/rboxc/target/gawk-format-lifetime-candidate/release/rboxc)
==733364==    by 0x474D16C: install (in /root/rboxc/target/gawk-format-lifetime-candidate/release/rboxc)
==733364==    by 0x474D449: init_the_tables (in /root/rboxc/target/gawk-format-lifetime-candidate/release/rboxc)
==733364==    by 0x443E550: single_binary_main_gawk (in /root/rboxc/target/gawk-format-lifetime-candidate/release/rboxc)
==733364==    by 0x5A18600: (below main) (libc_start_call_main.h:59)
==733364== 
==733364== 48 bytes in 1 blocks are still reachable in loss record 52 of 144
==733364==    at 0x586E858: malloc (vg_replace_malloc.c:447)
==733364==    by 0x473EBAB: rboxc_gawk_r_getblock (in /root/rboxc/target/gawk-format-lifetime-candidate/release/rboxc)
==733364==    by 0x474C959: str_lookup (in /root/rboxc/target/gawk-format-lifetime-candidate/release/rboxc)
==733364==    by 0x474D16C: install (in /root/rboxc/target/gawk-format-lifetime-candidate/release/rboxc)
==733364==    by 0x474D470: init_the_tables (in /root/rboxc/target/gawk-format-lifetime-candidate/release/rboxc)
==733364==    by 0x443E550: single_binary_main_gawk (in /root/rboxc/target/gawk-format-lifetime-candidate/release/rboxc)
==733364==    by 0x5A18600: (below main) (libc_start_call_main.h:59)
==733364== 
==733364== 48 bytes in 1 blocks are still reachable in loss record 53 of 144
==733364==    at 0x586E858: malloc (vg_replace_malloc.c:447)
==733364==    by 0x473EBAB: rboxc_gawk_r_getblock (in /root/rboxc/target/gawk-format-lifetime-candidate/release/rboxc)
==733364==    by 0x474C959: str_lookup (in /root/rboxc/target/gawk-format-lifetime-candidate/release/rboxc)
==733364==    by 0x474D16C: install (in /root/rboxc/target/gawk-format-lifetime-candidate/release/rboxc)
==733364==    by 0x443F4A1: single_binary_main_gawk (in /root/rboxc/target/gawk-format-lifetime-candidate/release/rboxc)
==733364==    by 0x5A18600: (below main) (libc_start_call_main.h:59)
==733364== 
==733364== 48 bytes in 1 blocks are still reachable in loss record 54 of 144
==733364==    at 0x586E858: malloc (vg_replace_malloc.c:447)
==733364==    by 0x473EBAB: rboxc_gawk_r_getblock (in /root/rboxc/target/gawk-format-lifetime-candidate/release/rboxc)
==733364==    by 0x474C959: str_lookup (in /root/rboxc/target/gawk-format-lifetime-candidate/release/rboxc)
==733364==    by 0x472B6DE: update_PROCINFO_str.part.0 (in /root/rboxc/target/gawk-format-lifetime-candidate/release/rboxc)
==733364==    by 0x443F4C2: single_binary_main_gawk (in /root/rboxc/target/gawk-format-lifetime-candidate/release/rboxc)
==733364==    by 0x5A18600: (below main) (libc_start_call_main.h:59)
==733364== 
==733364== 48 bytes in 1 blocks are still reachable in loss record 55 of 144
==733364==    at 0x586E858: malloc (vg_replace_malloc.c:447)
==733364==    by 0x473EBAB: rboxc_gawk_r_getblock (in /root/rboxc/target/gawk-format-lifetime-candidate/release/rboxc)
==733364==    by 0x474C959: str_lookup (in /root/rboxc/target/gawk-format-lifetime-candidate/release/rboxc)
==733364==    by 0x472B6DE: update_PROCINFO_str.part.0 (in /root/rboxc/target/gawk-format-lifetime-candidate/release/rboxc)
==733364==    by 0x443F4D2: single_binary_main_gawk (in /root/rboxc/target/gawk-format-lifetime-candidate/release/rboxc)
==733364==    by 0x5A18600: (below main) (libc_start_call_main.h:59)
==733364== 
==733364== 48 bytes in 1 blocks are still reachable in loss record 56 of 144
==733364==    at 0x586E858: malloc (vg_replace_malloc.c:447)
==733364==    by 0x473EBAB: rboxc_gawk_r_getblock (in /root/rboxc/target/gawk-format-lifetime-candidate/release/rboxc)
==733364==    by 0x474C959: str_lookup (in /root/rboxc/target/gawk-format-lifetime-candidate/release/rboxc)
==733364==    by 0x472B6DE: update_PROCINFO_str.part.0 (in /root/rboxc/target/gawk-format-lifetime-candidate/release/rboxc)
==733364==    by 0x443F4E2: single_binary_main_gawk (in /root/rboxc/target/gawk-format-lifetime-candidate/release/rboxc)
==733364==    by 0x5A18600: (below main) (libc_start_call_main.h:59)
==733364== 
==733364== 48 bytes in 1 blocks are still reachable in loss record 57 of 144
==733364==    at 0x586E858: malloc (vg_replace_malloc.c:447)
==733364==    by 0x473EBAB: rboxc_gawk_r_getblock (in /root/rboxc/target/gawk-format-lifetime-candidate/release/rboxc)
==733364==    by 0x474C959: str_lookup (in /root/rboxc/target/gawk-format-lifetime-candidate/release/rboxc)
==733364==    by 0x472EB6A: rboxc_gawk_update_PROCINFO_num (in /root/rboxc/target/gawk-format-lifetime-candidate/release/rboxc)
==733364==    by 0x443F4FB: single_binary_main_gawk (in /root/rboxc/target/gawk-format-lifetime-candidate/release/rboxc)
==733364==    by 0x5A18600: (below main) (libc_start_call_main.h:59)
==733364== 
==733364== 48 bytes in 1 blocks are still reachable in loss record 58 of 144
==733364==    at 0x586E858: malloc (vg_replace_malloc.c:447)
==733364==    by 0x473EBAB: rboxc_gawk_r_getblock (in /root/rboxc/target/gawk-format-lifetime-candidate/release/rboxc)
==733364==    by 0x474C959: str_lookup (in /root/rboxc/target/gawk-format-lifetime-candidate/release/rboxc)
==733364==    by 0x472EB6A: rboxc_gawk_update_PROCINFO_num (in /root/rboxc/target/gawk-format-lifetime-candidate/release/rboxc)
==733364==    by 0x443F50D: single_binary_main_gawk (in /root/rboxc/target/gawk-format-lifetime-candidate/release/rboxc)
==733364==    by 0x5A18600: (below main) (libc_start_call_main.h:59)
==733364== 
==733364== 48 bytes in 1 blocks are still reachable in loss record 59 of 144
==733364==    at 0x586E858: malloc (vg_replace_malloc.c:447)
==733364==    by 0x473EBAB: rboxc_gawk_r_getblock (in /root/rboxc/target/gawk-format-lifetime-candidate/release/rboxc)
==733364==    by 0x474C959: str_lookup (in /root/rboxc/target/gawk-format-lifetime-candidate/release/rboxc)
==733364==    by 0x472EB6A: rboxc_gawk_update_PROCINFO_num (in /root/rboxc/target/gawk-format-lifetime-candidate/release/rboxc)
==733364==    by 0x443F524: single_binary_main_gawk (in /root/rboxc/target/gawk-format-lifetime-candidate/release/rboxc)
==733364==    by 0x5A18600: (below main) (libc_start_call_main.h:59)
==733364== 
==733364== 48 bytes in 1 blocks are still reachable in loss record 60 of 144
==733364==    at 0x586E858: malloc (vg_replace_malloc.c:447)
==733364==    by 0x473EBAB: rboxc_gawk_r_getblock (in /root/rboxc/target/gawk-format-lifetime-candidate/release/rboxc)
==733364==    by 0x474C959: str_lookup (in /root/rboxc/target/gawk-format-lifetime-candidate/release/rboxc)
==733364==    by 0x472EB6A: rboxc_gawk_update_PROCINFO_num (in /root/rboxc/target/gawk-format-lifetime-candidate/release/rboxc)
==733364==    by 0x443F53B: single_binary_main_gawk (in /root/rboxc/target/gawk-format-lifetime-candidate/release/rboxc)
==733364==    by 0x5A18600: (below main) (libc_start_call_main.h:59)
==733364== 
==733364== 48 bytes in 1 blocks are still reachable in loss record 61 of 144
==733364==    at 0x586E858: malloc (vg_replace_malloc.c:447)
==733364==    by 0x473EBAB: rboxc_gawk_r_getblock (in /root/rboxc/target/gawk-format-lifetime-candidate/release/rboxc)
==733364==    by 0x474C959: str_lookup (in /root/rboxc/target/gawk-format-lifetime-candidate/release/rboxc)
==733364==    by 0x472EB6A: rboxc_gawk_update_PROCINFO_num (in /root/rboxc/target/gawk-format-lifetime-candidate/release/rboxc)
==733364==    by 0x443F552: single_binary_main_gawk (in /root/rboxc/target/gawk-format-lifetime-candidate/release/rboxc)
==733364==    by 0x5A18600: (below main) (libc_start_call_main.h:59)
==733364== 
==733364== 48 bytes in 1 blocks are still reachable in loss record 62 of 144
==733364==    at 0x586E858: malloc (vg_replace_malloc.c:447)
==733364==    by 0x473EBAB: rboxc_gawk_r_getblock (in /root/rboxc/target/gawk-format-lifetime-candidate/release/rboxc)
==733364==    by 0x474C959: str_lookup (in /root/rboxc/target/gawk-format-lifetime-candidate/release/rboxc)
==733364==    by 0x472EB6A: rboxc_gawk_update_PROCINFO_num (in /root/rboxc/target/gawk-format-lifetime-candidate/release/rboxc)
==733364==    by 0x443F56C: single_binary_main_gawk (in /root/rboxc/target/gawk-format-lifetime-candidate/release/rboxc)
==733364==    by 0x5A18600: (below main) (libc_start_call_main.h:59)
==733364== 
==733364== 48 bytes in 1 blocks are still reachable in loss record 63 of 144
==733364==    at 0x586E858: malloc (vg_replace_malloc.c:447)
==733364==    by 0x473EBAB: rboxc_gawk_r_getblock (in /root/rboxc/target/gawk-format-lifetime-candidate/release/rboxc)
==733364==    by 0x474C959: str_lookup (in /root/rboxc/target/gawk-format-lifetime-candidate/release/rboxc)
==733364==    by 0x472EB6A: rboxc_gawk_update_PROCINFO_num (in /root/rboxc/target/gawk-format-lifetime-candidate/release/rboxc)
==733364==    by 0x443F586: single_binary_main_gawk (in /root/rboxc/target/gawk-format-lifetime-candidate/release/rboxc)
==733364==    by 0x5A18600: (below main) (libc_start_call_main.h:59)
==733364== 
==733364== 48 bytes in 1 blocks are still reachable in loss record 64 of 144
==733364==    at 0x586E858: malloc (vg_replace_malloc.c:447)
==733364==    by 0x473EBAB: rboxc_gawk_r_getblock (in /root/rboxc/target/gawk-format-lifetime-candidate/release/rboxc)
==733364==    by 0x474C959: str_lookup (in /root/rboxc/target/gawk-format-lifetime-candidate/release/rboxc)
==733364==    by 0x472EB6A: rboxc_gawk_update_PROCINFO_num (in /root/rboxc/target/gawk-format-lifetime-candidate/release/rboxc)
==733364==    by 0x443F5A0: single_binary_main_gawk (in /root/rboxc/target/gawk-format-lifetime-candidate/release/rboxc)
==733364==    by 0x5A18600: (below main) (libc_start_call_main.h:59)
==733364== 
==733364== 48 bytes in 1 blocks are still reachable in loss record 65 of 144
==733364==    at 0x586E858: malloc (vg_replace_malloc.c:447)
==733364==    by 0x473EBAB: rboxc_gawk_r_getblock (in /root/rboxc/target/gawk-format-lifetime-candidate/release/rboxc)
==733364==    by 0x474C959: str_lookup (in /root/rboxc/target/gawk-format-lifetime-candidate/release/rboxc)
==733364==    by 0x472EB6A: rboxc_gawk_update_PROCINFO_num (in /root/rboxc/target/gawk-format-lifetime-candidate/release/rboxc)
==733364==    by 0x443F5BA: single_binary_main_gawk (in /root/rboxc/target/gawk-format-lifetime-candidate/release/rboxc)
==733364==    by 0x5A18600: (below main) (libc_start_call_main.h:59)
==733364== 
==733364== 48 bytes in 1 blocks are still reachable in loss record 66 of 144
==733364==    at 0x586E858: malloc (vg_replace_malloc.c:447)
==733364==    by 0x473EBAB: rboxc_gawk_r_getblock (in /root/rboxc/target/gawk-format-lifetime-candidate/release/rboxc)
==733364==    by 0x474C959: str_lookup (in /root/rboxc/target/gawk-format-lifetime-candidate/release/rboxc)
==733364==    by 0x472B6DE: update_PROCINFO_str.part.0 (in /root/rboxc/target/gawk-format-lifetime-candidate/release/rboxc)
==733364==    by 0x443F5CC: single_binary_main_gawk (in /root/rboxc/target/gawk-format-lifetime-candidate/release/rboxc)
==733364==    by 0x5A18600: (below main) (libc_start_call_main.h:59)
==733364== 
==733364== 48 bytes in 1 blocks are still reachable in loss record 67 of 144
==733364==    at 0x586E858: malloc (vg_replace_malloc.c:447)
==733364==    by 0x473EBAB: rboxc_gawk_r_getblock (in /root/rboxc/target/gawk-format-lifetime-candidate/release/rboxc)
==733364==    by 0x474C959: str_lookup (in /root/rboxc/target/gawk-format-lifetime-candidate/release/rboxc)
==733364==    by 0x472B6DE: update_PROCINFO_str.part.0 (in /root/rboxc/target/gawk-format-lifetime-candidate/release/rboxc)
==733364==    by 0x443F758: single_binary_main_gawk (in /root/rboxc/target/gawk-format-lifetime-candidate/release/rboxc)
==733364==    by 0x5A18600: (below main) (libc_start_call_main.h:59)
==733364== 
==733364== 48 bytes in 1 blocks are still reachable in loss record 68 of 144
==733364==    at 0x586E858: malloc (vg_replace_malloc.c:447)
==733364==    by 0x473EBAB: rboxc_gawk_r_getblock (in /root/rboxc/target/gawk-format-lifetime-candidate/release/rboxc)
==733364==    by 0x474C959: str_lookup (in /root/rboxc/target/gawk-format-lifetime-candidate/release/rboxc)
==733364==    by 0x4435AE2: rboxc::applet_gawk::assoc_set (in /root/rboxc/target/gawk-format-lifetime-candidate/release/rboxc)
==733364==    by 0x443F87A: single_binary_main_gawk (in /root/rboxc/target/gawk-format-lifetime-candidate/release/rboxc)
==733364==    by 0x5A18600: (below main) (libc_start_call_main.h:59)
==733364== 
==733364== 48 bytes in 1 blocks are still reachable in loss record 69 of 144
==733364==    at 0x586E858: malloc (vg_replace_malloc.c:447)
==733364==    by 0x473EBAB: rboxc_gawk_r_getblock (in /root/rboxc/target/gawk-format-lifetime-candidate/release/rboxc)
==733364==    by 0x474C959: str_lookup (in /root/rboxc/target/gawk-format-lifetime-candidate/release/rboxc)
==733364==    by 0x474D16C: install (in /root/rboxc/target/gawk-format-lifetime-candidate/release/rboxc)
==733364==    by 0x443F92D: single_binary_main_gawk (in /root/rboxc/target/gawk-format-lifetime-candidate/release/rboxc)
==733364==    by 0x5A18600: (below main) (libc_start_call_main.h:59)
==733364== 
==733364== 48 bytes in 1 blocks are still reachable in loss record 70 of 144
==733364==    at 0x586E858: malloc (vg_replace_malloc.c:447)
==733364==    by 0x473EBAB: rboxc_gawk_r_getblock (in /root/rboxc/target/gawk-format-lifetime-candidate/release/rboxc)
==733364==    by 0x474C959: str_lookup (in /root/rboxc/target/gawk-format-lifetime-candidate/release/rboxc)
==733364==    by 0x44350A6: rboxc::applet_gawk::path_environ (in /root/rboxc/target/gawk-format-lifetime-candidate/release/rboxc)
==733364==    by 0x443F96B: single_binary_main_gawk (in /root/rboxc/target/gawk-format-lifetime-candidate/release/rboxc)
==733364==    by 0x5A18600: (below main) (libc_start_call_main.h:59)
==733364== 
==733364== 48 bytes in 1 blocks are still reachable in loss record 71 of 144
==733364==    at 0x586E858: malloc (vg_replace_malloc.c:447)
==733364==    by 0x473EBAB: rboxc_gawk_r_getblock (in /root/rboxc/target/gawk-format-lifetime-candidate/release/rboxc)
==733364==    by 0x474C959: str_lookup (in /root/rboxc/target/gawk-format-lifetime-candidate/release/rboxc)
==733364==    by 0x44350A6: rboxc::applet_gawk::path_environ (in /root/rboxc/target/gawk-format-lifetime-candidate/release/rboxc)
==733364==    by 0x443F981: single_binary_main_gawk (in /root/rboxc/target/gawk-format-lifetime-candidate/release/rboxc)
==733364==    by 0x5A18600: (below main) (libc_start_call_main.h:59)
==733364== 
==733364== 49 bytes in 14 blocks are still reachable in loss record 72 of 144
==733364==    at 0x586E858: malloc (vg_replace_malloc.c:447)
==733364==    by 0x473F017: rboxc_gawk_make_str_node (in /root/rboxc/target/gawk-format-lifetime-candidate/release/rboxc)
==733364==    by 0x443F2AA: single_binary_main_gawk (in /root/rboxc/target/gawk-format-lifetime-candidate/release/rboxc)
==733364==    by 0x5A18600: (below main) (libc_start_call_main.h:59)
==733364== 
==733364== 51 bytes in 2 blocks are still reachable in loss record 73 of 144
==733364==    at 0x586E858: malloc (vg_replace_malloc.c:447)
==733364==    by 0x443E678: single_binary_main_gawk (in /root/rboxc/target/gawk-format-lifetime-candidate/release/rboxc)
==733364==    by 0x5A18600: (below main) (libc_start_call_main.h:59)
==733364== 
==733364== 51 bytes in 2 blocks are still reachable in loss record 74 of 144
==733364==    at 0x586E858: malloc (vg_replace_malloc.c:447)
==733364==    by 0x473F017: rboxc_gawk_make_str_node (in /root/rboxc/target/gawk-format-lifetime-candidate/release/rboxc)
==733364==    by 0x4440154: single_binary_main_gawk (in /root/rboxc/target/gawk-format-lifetime-candidate/release/rboxc)
==733364==    by 0x5A18600: (below main) (libc_start_call_main.h:59)
==733364== 
==733364== 88 bytes in 1 blocks are still reachable in loss record 75 of 144
==733364==    at 0x586E858: malloc (vg_replace_malloc.c:447)
==733364==    by 0x473EBAB: rboxc_gawk_r_getblock (in /root/rboxc/target/gawk-format-lifetime-candidate/release/rboxc)
==733364==    by 0x473EF81: rboxc_gawk_make_str_node (in /root/rboxc/target/gawk-format-lifetime-candidate/release/rboxc)
==733364==    by 0x443E47C: single_binary_main_gawk (in /root/rboxc/target/gawk-format-lifetime-candidate/release/rboxc)
==733364==    by 0x5A18600: (below main) (libc_start_call_main.h:59)
==733364== 
==733364== 88 bytes in 1 blocks are still reachable in loss record 76 of 144
==733364==    at 0x586E858: malloc (vg_replace_malloc.c:447)
==733364==    by 0x473EBAB: rboxc_gawk_r_getblock (in /root/rboxc/target/gawk-format-lifetime-candidate/release/rboxc)
==733364==    by 0x474D3A7: init_the_tables (in /root/rboxc/target/gawk-format-lifetime-candidate/release/rboxc)
==733364==    by 0x443E550: single_binary_main_gawk (in /root/rboxc/target/gawk-format-lifetime-candidate/release/rboxc)
==733364==    by 0x5A18600: (below main) (libc_start_call_main.h:59)
==733364== 
==733364== 88 bytes in 1 blocks are still reachable in loss record 77 of 144
==733364==    at 0x586E858: malloc (vg_replace_malloc.c:447)
==733364==    by 0x473EBAB: rboxc_gawk_r_getblock (in /root/rboxc/target/gawk-format-lifetime-candidate/release/rboxc)
==733364==    by 0x474D3E8: init_the_tables (in /root/rboxc/target/gawk-format-lifetime-candidate/release/rboxc)
==733364==    by 0x443E550: single_binary_main_gawk (in /root/rboxc/target/gawk-format-lifetime-candidate/release/rboxc)
==733364==    by 0x5A18600: (below main) (libc_start_call_main.h:59)
==733364== 
==733364== 88 bytes in 1 blocks are still reachable in loss record 78 of 144
==733364==    at 0x586E858: malloc (vg_replace_malloc.c:447)
==733364==    by 0x473EBAB: rboxc_gawk_r_getblock (in /root/rboxc/target/gawk-format-lifetime-candidate/release/rboxc)
==733364==    by 0x473EF81: rboxc_gawk_make_str_node (in /root/rboxc/target/gawk-format-lifetime-candidate/release/rboxc)
==733364==    by 0x474D135: install (in /root/rboxc/target/gawk-format-lifetime-candidate/release/rboxc)
==733364==    by 0x474D449: init_the_tables (in /root/rboxc/target/gawk-format-lifetime-candidate/release/rboxc)
==733364==    by 0x443E550: single_binary_main_gawk (in /root/rboxc/target/gawk-format-lifetime-candidate/release/rboxc)
==733364==    by 0x5A18600: (below main) (libc_start_call_main.h:59)
==733364== 
==733364== 88 bytes in 1 blocks are still reachable in loss record 79 of 144
==733364==    at 0x586E858: malloc (vg_replace_malloc.c:447)
==733364==    by 0x473EBAB: rboxc_gawk_r_getblock (in /root/rboxc/target/gawk-format-lifetime-candidate/release/rboxc)
==733364==    by 0x474D213: install (in /root/rboxc/target/gawk-format-lifetime-candidate/release/rboxc)
==733364==    by 0x474D449: init_the_tables (in /root/rboxc/target/gawk-format-lifetime-candidate/release/rboxc)
==733364==    by 0x443E550: single_binary_main_gawk (in /root/rboxc/target/gawk-format-lifetime-candidate/release/rboxc)
==733364==    by 0x5A18600: (below main) (libc_start_call_main.h:59)
==733364== 
==733364== 88 bytes in 1 blocks are still reachable in loss record 80 of 144
==733364==    at 0x586E858: malloc (vg_replace_malloc.c:447)
==733364==    by 0x473EBAB: rboxc_gawk_r_getblock (in /root/rboxc/target/gawk-format-lifetime-candidate/release/rboxc)
==733364==    by 0x473EF81: rboxc_gawk_make_str_node (in /root/rboxc/target/gawk-format-lifetime-candidate/release/rboxc)
==733364==    by 0x474D135: install (in /root/rboxc/target/gawk-format-lifetime-candidate/release/rboxc)
==733364==    by 0x474D470: init_the_tables (in /root/rboxc/target/gawk-format-lifetime-candidate/release/rboxc)
==733364==    by 0x443E550: single_binary_main_gawk (in /root/rboxc/target/gawk-format-lifetime-candidate/release/rboxc)
==733364==    by 0x5A18600: (below main) (libc_start_call_main.h:59)
==733364== 
==733364== 88 bytes in 1 blocks are still reachable in loss record 81 of 144
==733364==    at 0x586E858: malloc (vg_replace_malloc.c:447)
==733364==    by 0x473EBAB: rboxc_gawk_r_getblock (in /root/rboxc/target/gawk-format-lifetime-candidate/release/rboxc)
==733364==    by 0x474D213: install (in /root/rboxc/target/gawk-format-lifetime-candidate/release/rboxc)
==733364==    by 0x474D470: init_the_tables (in /root/rboxc/target/gawk-format-lifetime-candidate/release/rboxc)
==733364==    by 0x443E550: single_binary_main_gawk (in /root/rboxc/target/gawk-format-lifetime-candidate/release/rboxc)
==733364==    by 0x5A18600: (below main) (libc_start_call_main.h:59)
==733364== 
==733364== 88 bytes in 1 blocks are still reachable in loss record 82 of 144
==733364==    at 0x586E858: malloc (vg_replace_malloc.c:447)
==733364==    by 0x473EBAB: rboxc_gawk_r_getblock (in /root/rboxc/target/gawk-format-lifetime-candidate/release/rboxc)
==733364==    by 0x473EF81: rboxc_gawk_make_str_node (in /root/rboxc/target/gawk-format-lifetime-candidate/release/rboxc)
==733364==    by 0x474D135: install (in /root/rboxc/target/gawk-format-lifetime-candidate/release/rboxc)
==733364==    by 0x443F4A1: single_binary_main_gawk (in /root/rboxc/target/gawk-format-lifetime-candidate/release/rboxc)
==733364==    by 0x5A18600: (below main) (libc_start_call_main.h:59)
==733364== 
==733364== 88 bytes in 1 blocks are still reachable in loss record 83 of 144
==733364==    at 0x586E858: malloc (vg_replace_malloc.c:447)
==733364==    by 0x473EBAB: rboxc_gawk_r_getblock (in /root/rboxc/target/gawk-format-lifetime-candidate/release/rboxc)
==733364==    by 0x474D213: install (in /root/rboxc/target/gawk-format-lifetime-candidate/release/rboxc)
==733364==    by 0x443F4A1: single_binary_main_gawk (in /root/rboxc/target/gawk-format-lifetime-candidate/release/rboxc)
==733364==    by 0x5A18600: (below main) (libc_start_call_main.h:59)
==733364== 
==733364== 88 bytes in 1 blocks are still reachable in loss record 84 of 144
==733364==    at 0x586E858: malloc (vg_replace_malloc.c:447)
==733364==    by 0x473EBAB: rboxc_gawk_r_getblock (in /root/rboxc/target/gawk-format-lifetime-candidate/release/rboxc)
==733364==    by 0x473EF81: rboxc_gawk_make_str_node (in /root/rboxc/target/gawk-format-lifetime-candidate/release/rboxc)
==733364==    by 0x472B6AF: update_PROCINFO_str.part.0 (in /root/rboxc/target/gawk-format-lifetime-candidate/release/rboxc)
==733364==    by 0x443F4C2: single_binary_main_gawk (in /root/rboxc/target/gawk-format-lifetime-candidate/release/rboxc)
==733364==    by 0x5A18600: (below main) (libc_start_call_main.h:59)
==733364== 
==733364== 88 bytes in 1 blocks are still reachable in loss record 85 of 144
==733364==    at 0x586E858: malloc (vg_replace_malloc.c:447)
==733364==    by 0x473EBAB: rboxc_gawk_r_getblock (in /root/rboxc/target/gawk-format-lifetime-candidate/release/rboxc)
==733364==    by 0x473EF81: rboxc_gawk_make_str_node (in /root/rboxc/target/gawk-format-lifetime-candidate/release/rboxc)
==733364==    by 0x472B6C7: update_PROCINFO_str.part.0 (in /root/rboxc/target/gawk-format-lifetime-candidate/release/rboxc)
==733364==    by 0x443F4C2: single_binary_main_gawk (in /root/rboxc/target/gawk-format-lifetime-candidate/release/rboxc)
==733364==    by 0x5A18600: (below main) (libc_start_call_main.h:59)
==733364== 
==733364== 88 bytes in 1 blocks are still reachable in loss record 86 of 144
==733364==    at 0x586E858: malloc (vg_replace_malloc.c:447)
==733364==    by 0x473EBAB: rboxc_gawk_r_getblock (in /root/rboxc/target/gawk-format-lifetime-candidate/release/rboxc)
==733364==    by 0x473EF81: rboxc_gawk_make_str_node (in /root/rboxc/target/gawk-format-lifetime-candidate/release/rboxc)
==733364==    by 0x472B6AF: update_PROCINFO_str.part.0 (in /root/rboxc/target/gawk-format-lifetime-candidate/release/rboxc)
==733364==    by 0x443F4D2: single_binary_main_gawk (in /root/rboxc/target/gawk-format-lifetime-candidate/release/rboxc)
==733364==    by 0x5A18600: (below main) (libc_start_call_main.h:59)
==733364== 
==733364== 88 bytes in 1 blocks are still reachable in loss record 87 of 144
==733364==    at 0x586E858: malloc (vg_replace_malloc.c:447)
==733364==    by 0x473EBAB: rboxc_gawk_r_getblock (in /root/rboxc/target/gawk-format-lifetime-candidate/release/rboxc)
==733364==    by 0x473EF81: rboxc_gawk_make_str_node (in /root/rboxc/target/gawk-format-lifetime-candidate/release/rboxc)
==733364==    by 0x472B6C7: update_PROCINFO_str.part.0 (in /root/rboxc/target/gawk-format-lifetime-candidate/release/rboxc)
==733364==    by 0x443F4D2: single_binary_main_gawk (in /root/rboxc/target/gawk-format-lifetime-candidate/release/rboxc)
==733364==    by 0x5A18600: (below main) (libc_start_call_main.h:59)
==733364== 
==733364== 88 bytes in 1 blocks are still reachable in loss record 88 of 144
==733364==    at 0x586E858: malloc (vg_replace_malloc.c:447)
==733364==    by 0x473EBAB: rboxc_gawk_r_getblock (in /root/rboxc/target/gawk-format-lifetime-candidate/release/rboxc)
==733364==    by 0x473EF81: rboxc_gawk_make_str_node (in /root/rboxc/target/gawk-format-lifetime-candidate/release/rboxc)
==733364==    by 0x472B6AF: update_PROCINFO_str.part.0 (in /root/rboxc/target/gawk-format-lifetime-candidate/release/rboxc)
==733364==    by 0x443F4E2: single_binary_main_gawk (in /root/rboxc/target/gawk-format-lifetime-candidate/release/rboxc)
==733364==    by 0x5A18600: (below main) (libc_start_call_main.h:59)
==733364== 
==733364== 88 bytes in 1 blocks are still reachable in loss record 89 of 144
==733364==    at 0x586E858: malloc (vg_replace_malloc.c:447)
==733364==    by 0x473EBAB: rboxc_gawk_r_getblock (in /root/rboxc/target/gawk-format-lifetime-candidate/release/rboxc)
==733364==    by 0x473EF81: rboxc_gawk_make_str_node (in /root/rboxc/target/gawk-format-lifetime-candidate/release/rboxc)
==733364==    by 0x472B6C7: update_PROCINFO_str.part.0 (in /root/rboxc/target/gawk-format-lifetime-candidate/release/rboxc)
==733364==    by 0x443F4E2: single_binary_main_gawk (in /root/rboxc/target/gawk-format-lifetime-candidate/release/rboxc)
==733364==    by 0x5A18600: (below main) (libc_start_call_main.h:59)
==733364== 
==733364== 88 bytes in 1 blocks are still reachable in loss record 90 of 144
==733364==    at 0x586E858: malloc (vg_replace_malloc.c:447)
==733364==    by 0x473EBAB: rboxc_gawk_r_getblock (in /root/rboxc/target/gawk-format-lifetime-candidate/release/rboxc)
==733364==    by 0x473EF81: rboxc_gawk_make_str_node (in /root/rboxc/target/gawk-format-lifetime-candidate/release/rboxc)
==733364==    by 0x472EB44: rboxc_gawk_update_PROCINFO_num (in /root/rboxc/target/gawk-format-lifetime-candidate/release/rboxc)
==733364==    by 0x443F4FB: single_binary_main_gawk (in /root/rboxc/target/gawk-format-lifetime-candidate/release/rboxc)
==733364==    by 0x5A18600: (below main) (libc_start_call_main.h:59)
==733364== 
==733364== 88 bytes in 1 blocks are still reachable in loss record 91 of 144
==733364==    at 0x586E858: malloc (vg_replace_malloc.c:447)
==733364==    by 0x473EBAB: rboxc_gawk_r_getblock (in /root/rboxc/target/gawk-format-lifetime-candidate/release/rboxc)
==733364==    by 0x473F4F0: r_make_number (in /root/rboxc/target/gawk-format-lifetime-candidate/release/rboxc)
==733364==    by 0x472EB53: rboxc_gawk_update_PROCINFO_num (in /root/rboxc/target/gawk-format-lifetime-candidate/release/rboxc)
==733364==    by 0x443F4FB: single_binary_main_gawk (in /root/rboxc/target/gawk-format-lifetime-candidate/release/rboxc)
==733364==    by 0x5A18600: (below main) (libc_start_call_main.h:59)
==733364== 
==733364== 88 bytes in 1 blocks are still reachable in loss record 92 of 144
==733364==    at 0x586E858: malloc (vg_replace_malloc.c:447)
==733364==    by 0x473EBAB: rboxc_gawk_r_getblock (in /root/rboxc/target/gawk-format-lifetime-candidate/release/rboxc)
==733364==    by 0x473EF81: rboxc_gawk_make_str_node (in /root/rboxc/target/gawk-format-lifetime-candidate/release/rboxc)
==733364==    by 0x472EB44: rboxc_gawk_update_PROCINFO_num (in /root/rboxc/target/gawk-format-lifetime-candidate/release/rboxc)
==733364==    by 0x443F50D: single_binary_main_gawk (in /root/rboxc/target/gawk-format-lifetime-candidate/release/rboxc)
==733364==    by 0x5A18600: (below main) (libc_start_call_main.h:59)
==733364== 
==733364== 88 bytes in 1 blocks are still reachable in loss record 93 of 144
==733364==    at 0x586E858: malloc (vg_replace_malloc.c:447)
==733364==    by 0x473EBAB: rboxc_gawk_r_getblock (in /root/rboxc/target/gawk-format-lifetime-candidate/release/rboxc)
==733364==    by 0x473F4F0: r_make_number (in /root/rboxc/target/gawk-format-lifetime-candidate/release/rboxc)
==733364==    by 0x472EB53: rboxc_gawk_update_PROCINFO_num (in /root/rboxc/target/gawk-format-lifetime-candidate/release/rboxc)
==733364==    by 0x443F50D: single_binary_main_gawk (in /root/rboxc/target/gawk-format-lifetime-candidate/release/rboxc)
==733364==    by 0x5A18600: (below main) (libc_start_call_main.h:59)
==733364== 
==733364== 88 bytes in 1 blocks are still reachable in loss record 94 of 144
==733364==    at 0x586E858: malloc (vg_replace_malloc.c:447)
==733364==    by 0x473EBAB: rboxc_gawk_r_getblock (in /root/rboxc/target/gawk-format-lifetime-candidate/release/rboxc)
==733364==    by 0x473EF81: rboxc_gawk_make_str_node (in /root/rboxc/target/gawk-format-lifetime-candidate/release/rboxc)
==733364==    by 0x472EB44: rboxc_gawk_update_PROCINFO_num (in /root/rboxc/target/gawk-format-lifetime-candidate/release/rboxc)
==733364==    by 0x443F524: single_binary_main_gawk (in /root/rboxc/target/gawk-format-lifetime-candidate/release/rboxc)
==733364==    by 0x5A18600: (below main) (libc_start_call_main.h:59)
==733364== 
==733364== 88 bytes in 1 blocks are still reachable in loss record 95 of 144
==733364==    at 0x586E858: malloc (vg_replace_malloc.c:447)
==733364==    by 0x473EBAB: rboxc_gawk_r_getblock (in /root/rboxc/target/gawk-format-lifetime-candidate/release/rboxc)
==733364==    by 0x473F4F0: r_make_number (in /root/rboxc/target/gawk-format-lifetime-candidate/release/rboxc)
==733364==    by 0x472EB53: rboxc_gawk_update_PROCINFO_num (in /root/rboxc/target/gawk-format-lifetime-candidate/release/rboxc)
==733364==    by 0x443F524: single_binary_main_gawk (in /root/rboxc/target/gawk-format-lifetime-candidate/release/rboxc)
==733364==    by 0x5A18600: (below main) (libc_start_call_main.h:59)
==733364== 
==733364== 88 bytes in 1 blocks are still reachable in loss record 96 of 144
==733364==    at 0x586E858: malloc (vg_replace_malloc.c:447)
==733364==    by 0x473EBAB: rboxc_gawk_r_getblock (in /root/rboxc/target/gawk-format-lifetime-candidate/release/rboxc)
==733364==    by 0x473EF81: rboxc_gawk_make_str_node (in /root/rboxc/target/gawk-format-lifetime-candidate/release/rboxc)
==733364==    by 0x472EB44: rboxc_gawk_update_PROCINFO_num (in /root/rboxc/target/gawk-format-lifetime-candidate/release/rboxc)
==733364==    by 0x443F53B: single_binary_main_gawk (in /root/rboxc/target/gawk-format-lifetime-candidate/release/rboxc)
==733364==    by 0x5A18600: (below main) (libc_start_call_main.h:59)
==733364== 
==733364== 88 bytes in 1 blocks are still reachable in loss record 97 of 144
==733364==    at 0x586E858: malloc (vg_replace_malloc.c:447)
==733364==    by 0x473EBAB: rboxc_gawk_r_getblock (in /root/rboxc/target/gawk-format-lifetime-candidate/release/rboxc)
==733364==    by 0x473F4F0: r_make_number (in /root/rboxc/target/gawk-format-lifetime-candidate/release/rboxc)
==733364==    by 0x472EB53: rboxc_gawk_update_PROCINFO_num (in /root/rboxc/target/gawk-format-lifetime-candidate/release/rboxc)
==733364==    by 0x443F53B: single_binary_main_gawk (in /root/rboxc/target/gawk-format-lifetime-candidate/release/rboxc)
==733364==    by 0x5A18600: (below main) (libc_start_call_main.h:59)
==733364== 
==733364== 88 bytes in 1 blocks are still reachable in loss record 98 of 144
==733364==    at 0x586E858: malloc (vg_replace_malloc.c:447)
==733364==    by 0x473EBAB: rboxc_gawk_r_getblock (in /root/rboxc/target/gawk-format-lifetime-candidate/release/rboxc)
==733364==    by 0x473EF81: rboxc_gawk_make_str_node (in /root/rboxc/target/gawk-format-lifetime-candidate/release/rboxc)
==733364==    by 0x472EB44: rboxc_gawk_update_PROCINFO_num (in /root/rboxc/target/gawk-format-lifetime-candidate/release/rboxc)
==733364==    by 0x443F552: single_binary_main_gawk (in /root/rboxc/target/gawk-format-lifetime-candidate/release/rboxc)
==733364==    by 0x5A18600: (below main) (libc_start_call_main.h:59)
==733364== 
==733364== 88 bytes in 1 blocks are still reachable in loss record 99 of 144
==733364==    at 0x586E858: malloc (vg_replace_malloc.c:447)
==733364==    by 0x473EBAB: rboxc_gawk_r_getblock (in /root/rboxc/target/gawk-format-lifetime-candidate/release/rboxc)
==733364==    by 0x473F4F0: r_make_number (in /root/rboxc/target/gawk-format-lifetime-candidate/release/rboxc)
==733364==    by 0x472EB53: rboxc_gawk_update_PROCINFO_num (in /root/rboxc/target/gawk-format-lifetime-candidate/release/rboxc)
==733364==    by 0x443F552: single_binary_main_gawk (in /root/rboxc/target/gawk-format-lifetime-candidate/release/rboxc)
==733364==    by 0x5A18600: (below main) (libc_start_call_main.h:59)
==733364== 
==733364== 88 bytes in 1 blocks are still reachable in loss record 100 of 144
==733364==    at 0x586E858: malloc (vg_replace_malloc.c:447)
==733364==    by 0x473EBAB: rboxc_gawk_r_getblock (in /root/rboxc/target/gawk-format-lifetime-candidate/release/rboxc)
==733364==    by 0x473EF81: rboxc_gawk_make_str_node (in /root/rboxc/target/gawk-format-lifetime-candidate/release/rboxc)
==733364==    by 0x472EB44: rboxc_gawk_update_PROCINFO_num (in /root/rboxc/target/gawk-format-lifetime-candidate/release/rboxc)
==733364==    by 0x443F56C: single_binary_main_gawk (in /root/rboxc/target/gawk-format-lifetime-candidate/release/rboxc)
==733364==    by 0x5A18600: (below main) (libc_start_call_main.h:59)
==733364== 
==733364== 88 bytes in 1 blocks are still reachable in loss record 101 of 144
==733364==    at 0x586E858: malloc (vg_replace_malloc.c:447)
==733364==    by 0x473EBAB: rboxc_gawk_r_getblock (in /root/rboxc/target/gawk-format-lifetime-candidate/release/rboxc)
==733364==    by 0x473F4F0: r_make_number (in /root/rboxc/target/gawk-format-lifetime-candidate/release/rboxc)
==733364==    by 0x472EB53: rboxc_gawk_update_PROCINFO_num (in /root/rboxc/target/gawk-format-lifetime-candidate/release/rboxc)
==733364==    by 0x443F56C: single_binary_main_gawk (in /root/rboxc/target/gawk-format-lifetime-candidate/release/rboxc)
==733364==    by 0x5A18600: (below main) (libc_start_call_main.h:59)
==733364== 
==733364== 88 bytes in 1 blocks are still reachable in loss record 102 of 144
==733364==    at 0x586E858: malloc (vg_replace_malloc.c:447)
==733364==    by 0x473EBAB: rboxc_gawk_r_getblock (in /root/rboxc/target/gawk-format-lifetime-candidate/release/rboxc)
==733364==    by 0x473EF81: rboxc_gawk_make_str_node (in /root/rboxc/target/gawk-format-lifetime-candidate/release/rboxc)
==733364==    by 0x472EB44: rboxc_gawk_update_PROCINFO_num (in /root/rboxc/target/gawk-format-lifetime-candidate/release/rboxc)
==733364==    by 0x443F586: single_binary_main_gawk (in /root/rboxc/target/gawk-format-lifetime-candidate/release/rboxc)
==733364==    by 0x5A18600: (below main) (libc_start_call_main.h:59)
==733364== 
==733364== 88 bytes in 1 blocks are still reachable in loss record 103 of 144
==733364==    at 0x586E858: malloc (vg_replace_malloc.c:447)
==733364==    by 0x473EBAB: rboxc_gawk_r_getblock (in /root/rboxc/target/gawk-format-lifetime-candidate/release/rboxc)
==733364==    by 0x473F4F0: r_make_number (in /root/rboxc/target/gawk-format-lifetime-candidate/release/rboxc)
==733364==    by 0x472EB53: rboxc_gawk_update_PROCINFO_num (in /root/rboxc/target/gawk-format-lifetime-candidate/release/rboxc)
==733364==    by 0x443F586: single_binary_main_gawk (in /root/rboxc/target/gawk-format-lifetime-candidate/release/rboxc)
==733364==    by 0x5A18600: (below main) (libc_start_call_main.h:59)
==733364== 
==733364== 88 bytes in 1 blocks are still reachable in loss record 104 of 144
==733364==    at 0x586E858: malloc (vg_replace_malloc.c:447)
==733364==    by 0x473EBAB: rboxc_gawk_r_getblock (in /root/rboxc/target/gawk-format-lifetime-candidate/release/rboxc)
==733364==    by 0x473EF81: rboxc_gawk_make_str_node (in /root/rboxc/target/gawk-format-lifetime-candidate/release/rboxc)
==733364==    by 0x472EB44: rboxc_gawk_update_PROCINFO_num (in /root/rboxc/target/gawk-format-lifetime-candidate/release/rboxc)
==733364==    by 0x443F5A0: single_binary_main_gawk (in /root/rboxc/target/gawk-format-lifetime-candidate/release/rboxc)
==733364==    by 0x5A18600: (below main) (libc_start_call_main.h:59)
==733364== 
==733364== 88 bytes in 1 blocks are still reachable in loss record 105 of 144
==733364==    at 0x586E858: malloc (vg_replace_malloc.c:447)
==733364==    by 0x473EBAB: rboxc_gawk_r_getblock (in /root/rboxc/target/gawk-format-lifetime-candidate/release/rboxc)
==733364==    by 0x473F4F0: r_make_number (in /root/rboxc/target/gawk-format-lifetime-candidate/release/rboxc)
==733364==    by 0x472EB53: rboxc_gawk_update_PROCINFO_num (in /root/rboxc/target/gawk-format-lifetime-candidate/release/rboxc)
==733364==    by 0x443F5A0: single_binary_main_gawk (in /root/rboxc/target/gawk-format-lifetime-candidate/release/rboxc)
==733364==    by 0x5A18600: (below main) (libc_start_call_main.h:59)
==733364== 
==733364== 88 bytes in 1 blocks are still reachable in loss record 106 of 144
==733364==    at 0x586E858: malloc (vg_replace_malloc.c:447)
==733364==    by 0x473EBAB: rboxc_gawk_r_getblock (in /root/rboxc/target/gawk-format-lifetime-candidate/release/rboxc)
==733364==    by 0x473EF81: rboxc_gawk_make_str_node (in /root/rboxc/target/gawk-format-lifetime-candidate/release/rboxc)
==733364==    by 0x472EB44: rboxc_gawk_update_PROCINFO_num (in /root/rboxc/target/gawk-format-lifetime-candidate/release/rboxc)
==733364==    by 0x443F5BA: single_binary_main_gawk (in /root/rboxc/target/gawk-format-lifetime-candidate/release/rboxc)
==733364==    by 0x5A18600: (below main) (libc_start_call_main.h:59)
==733364== 
==733364== 88 bytes in 1 blocks are still reachable in loss record 107 of 144
==733364==    at 0x586E858: malloc (vg_replace_malloc.c:447)
==733364==    by 0x473EBAB: rboxc_gawk_r_getblock (in /root/rboxc/target/gawk-format-lifetime-candidate/release/rboxc)
==733364==    by 0x473F4F0: r_make_number (in /root/rboxc/target/gawk-format-lifetime-candidate/release/rboxc)
==733364==    by 0x472EB53: rboxc_gawk_update_PROCINFO_num (in /root/rboxc/target/gawk-format-lifetime-candidate/release/rboxc)
==733364==    by 0x443F5BA: single_binary_main_gawk (in /root/rboxc/target/gawk-format-lifetime-candidate/release/rboxc)
==733364==    by 0x5A18600: (below main) (libc_start_call_main.h:59)
==733364== 
==733364== 88 bytes in 1 blocks are still reachable in loss record 108 of 144
==733364==    at 0x586E858: malloc (vg_replace_malloc.c:447)
==733364==    by 0x473EBAB: rboxc_gawk_r_getblock (in /root/rboxc/target/gawk-format-lifetime-candidate/release/rboxc)
==733364==    by 0x473EF81: rboxc_gawk_make_str_node (in /root/rboxc/target/gawk-format-lifetime-candidate/release/rboxc)
==733364==    by 0x472B6AF: update_PROCINFO_str.part.0 (in /root/rboxc/target/gawk-format-lifetime-candidate/release/rboxc)
==733364==    by 0x443F5CC: single_binary_main_gawk (in /root/rboxc/target/gawk-format-lifetime-candidate/release/rboxc)
==733364==    by 0x5A18600: (below main) (libc_start_call_main.h:59)
==733364== 
==733364== 88 bytes in 1 blocks are still reachable in loss record 109 of 144
==733364==    at 0x586E858: malloc (vg_replace_malloc.c:447)
==733364==    by 0x473EBAB: rboxc_gawk_r_getblock (in /root/rboxc/target/gawk-format-lifetime-candidate/release/rboxc)
==733364==    by 0x473EF81: rboxc_gawk_make_str_node (in /root/rboxc/target/gawk-format-lifetime-candidate/release/rboxc)
==733364==    by 0x472B6C7: update_PROCINFO_str.part.0 (in /root/rboxc/target/gawk-format-lifetime-candidate/release/rboxc)
==733364==    by 0x443F5CC: single_binary_main_gawk (in /root/rboxc/target/gawk-format-lifetime-candidate/release/rboxc)
==733364==    by 0x5A18600: (below main) (libc_start_call_main.h:59)
==733364== 
==733364== 88 bytes in 1 blocks are still reachable in loss record 110 of 144
==733364==    at 0x586E858: malloc (vg_replace_malloc.c:447)
==733364==    by 0x473EBAB: rboxc_gawk_r_getblock (in /root/rboxc/target/gawk-format-lifetime-candidate/release/rboxc)
==733364==    by 0x473EF81: rboxc_gawk_make_str_node (in /root/rboxc/target/gawk-format-lifetime-candidate/release/rboxc)
==733364==    by 0x472B6AF: update_PROCINFO_str.part.0 (in /root/rboxc/target/gawk-format-lifetime-candidate/release/rboxc)
==733364==    by 0x443F758: single_binary_main_gawk (in /root/rboxc/target/gawk-format-lifetime-candidate/release/rboxc)
==733364==    by 0x5A18600: (below main) (libc_start_call_main.h:59)
==733364== 
==733364== 88 bytes in 1 blocks are still reachable in loss record 111 of 144
==733364==    at 0x586E858: malloc (vg_replace_malloc.c:447)
==733364==    by 0x473EBAB: rboxc_gawk_r_getblock (in /root/rboxc/target/gawk-format-lifetime-candidate/release/rboxc)
==733364==    by 0x473EF81: rboxc_gawk_make_str_node (in /root/rboxc/target/gawk-format-lifetime-candidate/release/rboxc)
==733364==    by 0x472B6C7: update_PROCINFO_str.part.0 (in /root/rboxc/target/gawk-format-lifetime-candidate/release/rboxc)
==733364==    by 0x443F758: single_binary_main_gawk (in /root/rboxc/target/gawk-format-lifetime-candidate/release/rboxc)
==733364==    by 0x5A18600: (below main) (libc_start_call_main.h:59)
==733364== 
==733364== 88 bytes in 1 blocks are still reachable in loss record 112 of 144
==733364==    at 0x586E858: malloc (vg_replace_malloc.c:447)
==733364==    by 0x473EBAB: rboxc_gawk_r_getblock (in /root/rboxc/target/gawk-format-lifetime-candidate/release/rboxc)
==733364==    by 0x443F782: single_binary_main_gawk (in /root/rboxc/target/gawk-format-lifetime-candidate/release/rboxc)
==733364==    by 0x5A18600: (below main) (libc_start_call_main.h:59)
==733364== 
==733364== 88 bytes in 1 blocks are still reachable in loss record 113 of 144
==733364==    at 0x586E858: malloc (vg_replace_malloc.c:447)
==733364==    by 0x473EBAB: rboxc_gawk_r_getblock (in /root/rboxc/target/gawk-format-lifetime-candidate/release/rboxc)
==733364==    by 0x470A932: cint_lookup (in /root/rboxc/target/gawk-format-lifetime-candidate/release/rboxc)
==733364==    by 0x4435AE2: rboxc::applet_gawk::assoc_set (in /root/rboxc/target/gawk-format-lifetime-candidate/release/rboxc)
==733364==    by 0x4440162: single_binary_main_gawk (in /root/rboxc/target/gawk-format-lifetime-candidate/release/rboxc)
==733364==    by 0x5A18600: (below main) (libc_start_call_main.h:59)
==733364== 
==733364== 88 bytes in 1 blocks are still reachable in loss record 114 of 144
==733364==    at 0x586E858: malloc (vg_replace_malloc.c:447)
==733364==    by 0x473EBAB: rboxc_gawk_r_getblock (in /root/rboxc/target/gawk-format-lifetime-candidate/release/rboxc)
==733364==    by 0x470A547: tree_lookup (in /root/rboxc/target/gawk-format-lifetime-candidate/release/rboxc)
==733364==    by 0x4435AE2: rboxc::applet_gawk::assoc_set (in /root/rboxc/target/gawk-format-lifetime-candidate/release/rboxc)
==733364==    by 0x4440162: single_binary_main_gawk (in /root/rboxc/target/gawk-format-lifetime-candidate/release/rboxc)
==733364==    by 0x5A18600: (below main) (libc_start_call_main.h:59)
==733364== 
==733364== 88 bytes in 1 blocks are still reachable in loss record 115 of 144
==733364==    at 0x586E858: malloc (vg_replace_malloc.c:447)
==733364==    by 0x473EBAB: rboxc_gawk_r_getblock (in /root/rboxc/target/gawk-format-lifetime-candidate/release/rboxc)
==733364==    by 0x473EF81: rboxc_gawk_make_str_node (in /root/rboxc/target/gawk-format-lifetime-candidate/release/rboxc)
==733364==    by 0x443F86B: single_binary_main_gawk (in /root/rboxc/target/gawk-format-lifetime-candidate/release/rboxc)
==733364==    by 0x5A18600: (below main) (libc_start_call_main.h:59)
==733364== 
==733364== 88 bytes in 1 blocks are still reachable in loss record 116 of 144
==733364==    at 0x586E858: malloc (vg_replace_malloc.c:447)
==733364==    by 0x473EBAB: rboxc_gawk_r_getblock (in /root/rboxc/target/gawk-format-lifetime-candidate/release/rboxc)
==733364==    by 0x473EF81: rboxc_gawk_make_str_node (in /root/rboxc/target/gawk-format-lifetime-candidate/release/rboxc)
==733364==    by 0x474D135: install (in /root/rboxc/target/gawk-format-lifetime-candidate/release/rboxc)
==733364==    by 0x443F92D: single_binary_main_gawk (in /root/rboxc/target/gawk-format-lifetime-candidate/release/rboxc)
==733364==    by 0x5A18600: (below main) (libc_start_call_main.h:59)
==733364== 
==733364== 88 bytes in 1 blocks are still reachable in loss record 117 of 144
==733364==    at 0x586E858: malloc (vg_replace_malloc.c:447)
==733364==    by 0x473EBAB: rboxc_gawk_r_getblock (in /root/rboxc/target/gawk-format-lifetime-candidate/release/rboxc)
==733364==    by 0x474D213: install (in /root/rboxc/target/gawk-format-lifetime-candidate/release/rboxc)
==733364==    by 0x443F92D: single_binary_main_gawk (in /root/rboxc/target/gawk-format-lifetime-candidate/release/rboxc)
==733364==    by 0x5A18600: (below main) (libc_start_call_main.h:59)
==733364== 
==733364== 88 bytes in 1 blocks are still reachable in loss record 118 of 144
==733364==    at 0x586E858: malloc (vg_replace_malloc.c:447)
==733364==    by 0x473EBAB: rboxc_gawk_r_getblock (in /root/rboxc/target/gawk-format-lifetime-candidate/release/rboxc)
==733364==    by 0x473EF81: rboxc_gawk_make_str_node (in /root/rboxc/target/gawk-format-lifetime-candidate/release/rboxc)
==733364==    by 0x443506E: rboxc::applet_gawk::path_environ (in /root/rboxc/target/gawk-format-lifetime-candidate/release/rboxc)
==733364==    by 0x443F96B: single_binary_main_gawk (in /root/rboxc/target/gawk-format-lifetime-candidate/release/rboxc)
==733364==    by 0x5A18600: (below main) (libc_start_call_main.h:59)
==733364== 
==733364== 88 bytes in 1 blocks are still reachable in loss record 119 of 144
==733364==    at 0x586E858: malloc (vg_replace_malloc.c:447)
==733364==    by 0x473EBAB: rboxc_gawk_r_getblock (in /root/rboxc/target/gawk-format-lifetime-candidate/release/rboxc)
==733364==    by 0x473EF81: rboxc_gawk_make_str_node (in /root/rboxc/target/gawk-format-lifetime-candidate/release/rboxc)
==733364==    by 0x44350EE: rboxc::applet_gawk::path_environ (in /root/rboxc/target/gawk-format-lifetime-candidate/release/rboxc)
==733364==    by 0x443F96B: single_binary_main_gawk (in /root/rboxc/target/gawk-format-lifetime-candidate/release/rboxc)
==733364==    by 0x5A18600: (below main) (libc_start_call_main.h:59)
==733364== 
==733364== 88 bytes in 1 blocks are still reachable in loss record 120 of 144
==733364==    at 0x586E858: malloc (vg_replace_malloc.c:447)
==733364==    by 0x473EBAB: rboxc_gawk_r_getblock (in /root/rboxc/target/gawk-format-lifetime-candidate/release/rboxc)
==733364==    by 0x473EF81: rboxc_gawk_make_str_node (in /root/rboxc/target/gawk-format-lifetime-candidate/release/rboxc)
==733364==    by 0x443506E: rboxc::applet_gawk::path_environ (in /root/rboxc/target/gawk-format-lifetime-candidate/release/rboxc)
==733364==    by 0x443F981: single_binary_main_gawk (in /root/rboxc/target/gawk-format-lifetime-candidate/release/rboxc)
==733364==    by 0x5A18600: (below main) (libc_start_call_main.h:59)
==733364== 
==733364== 88 bytes in 1 blocks are still reachable in loss record 121 of 144
==733364==    at 0x586E858: malloc (vg_replace_malloc.c:447)
==733364==    by 0x473EBAB: rboxc_gawk_r_getblock (in /root/rboxc/target/gawk-format-lifetime-candidate/release/rboxc)
==733364==    by 0x473EF81: rboxc_gawk_make_str_node (in /root/rboxc/target/gawk-format-lifetime-candidate/release/rboxc)
==733364==    by 0x44350EE: rboxc::applet_gawk::path_environ (in /root/rboxc/target/gawk-format-lifetime-candidate/release/rboxc)
==733364==    by 0x443F981: single_binary_main_gawk (in /root/rboxc/target/gawk-format-lifetime-candidate/release/rboxc)
==733364==    by 0x5A18600: (below main) (libc_start_call_main.h:59)
==733364== 
==733364== 88 bytes in 1 blocks are still reachable in loss record 122 of 144
==733364==    at 0x586E858: malloc (vg_replace_malloc.c:447)
==733364==    by 0x473EBAB: rboxc_gawk_r_getblock (in /root/rboxc/target/gawk-format-lifetime-candidate/release/rboxc)
==733364==    by 0x473EF81: rboxc_gawk_make_str_node (in /root/rboxc/target/gawk-format-lifetime-candidate/release/rboxc)
==733364==    by 0x472BED5: rboxc_gawk_init_fields (in /root/rboxc/target/gawk-format-lifetime-candidate/release/rboxc)
==733364==    by 0x443F9A0: single_binary_main_gawk (in /root/rboxc/target/gawk-format-lifetime-candidate/release/rboxc)
==733364==    by 0x5A18600: (below main) (libc_start_call_main.h:59)
==733364== 
==733364== 88 bytes in 1 blocks are still reachable in loss record 123 of 144
==733364==    at 0x586E858: malloc (vg_replace_malloc.c:447)
==733364==    by 0x473EBAB: rboxc_gawk_r_getblock (in /root/rboxc/target/gawk-format-lifetime-candidate/release/rboxc)
==733364==    by 0x473EF81: rboxc_gawk_make_str_node (in /root/rboxc/target/gawk-format-lifetime-candidate/release/rboxc)
==733364==    by 0x472BF20: rboxc_gawk_init_fields (in /root/rboxc/target/gawk-format-lifetime-candidate/release/rboxc)
==733364==    by 0x443F9A0: single_binary_main_gawk (in /root/rboxc/target/gawk-format-lifetime-candidate/release/rboxc)
==733364==    by 0x5A18600: (below main) (libc_start_call_main.h:59)
==733364== 
==733364== 91 bytes in 9 blocks are still reachable in loss record 124 of 144
==733364==    at 0x586E858: malloc (vg_replace_malloc.c:447)
==733364==    by 0x473F017: rboxc_gawk_make_str_node (in /root/rboxc/target/gawk-format-lifetime-candidate/release/rboxc)
==733364==    by 0x443FD0C: single_binary_main_gawk (in /root/rboxc/target/gawk-format-lifetime-candidate/release/rboxc)
==733364==    by 0x5A18600: (below main) (libc_start_call_main.h:59)
==733364== 
==733364== 104 bytes in 1 blocks are still reachable in loss record 125 of 144
==733364==    at 0x5875E43: calloc (vg_replace_malloc.c:1678)
==733364==    by 0x474BDD4: grow_table (in /root/rboxc/target/gawk-format-lifetime-candidate/release/rboxc)
==733364==    by 0x474C9BC: str_lookup (in /root/rboxc/target/gawk-format-lifetime-candidate/release/rboxc)
==733364==    by 0x474D16C: install (in /root/rboxc/target/gawk-format-lifetime-candidate/release/rboxc)
==733364==    by 0x474D449: init_the_tables (in /root/rboxc/target/gawk-format-lifetime-candidate/release/rboxc)
==733364==    by 0x443E550: single_binary_main_gawk (in /root/rboxc/target/gawk-format-lifetime-candidate/release/rboxc)
==733364==    by 0x5A18600: (below main) (libc_start_call_main.h:59)
==733364== 
==733364== 104 bytes in 1 blocks are still reachable in loss record 126 of 144
==733364==    at 0x5875E43: calloc (vg_replace_malloc.c:1678)
==733364==    by 0x474BDD4: grow_table (in /root/rboxc/target/gawk-format-lifetime-candidate/release/rboxc)
==733364==    by 0x474C9BC: str_lookup (in /root/rboxc/target/gawk-format-lifetime-candidate/release/rboxc)
==733364==    by 0x474D16C: install (in /root/rboxc/target/gawk-format-lifetime-candidate/release/rboxc)
==733364==    by 0x443F280: single_binary_main_gawk (in /root/rboxc/target/gawk-format-lifetime-candidate/release/rboxc)
==733364==    by 0x5A18600: (below main) (libc_start_call_main.h:59)
==733364== 
==733364== 104 bytes in 1 blocks are still reachable in loss record 127 of 144
==733364==    at 0x5875E43: calloc (vg_replace_malloc.c:1678)
==733364==    by 0x474BDD4: grow_table (in /root/rboxc/target/gawk-format-lifetime-candidate/release/rboxc)
==733364==    by 0x474C9BC: str_lookup (in /root/rboxc/target/gawk-format-lifetime-candidate/release/rboxc)
==733364==    by 0x472B6DE: update_PROCINFO_str.part.0 (in /root/rboxc/target/gawk-format-lifetime-candidate/release/rboxc)
==733364==    by 0x443F4C2: single_binary_main_gawk (in /root/rboxc/target/gawk-format-lifetime-candidate/release/rboxc)
==733364==    by 0x5A18600: (below main) (libc_start_call_main.h:59)
==733364== 
==733364== 104 bytes in 1 blocks are still reachable in loss record 128 of 144
==733364==    at 0x5875E43: calloc (vg_replace_malloc.c:1678)
==733364==    by 0x474BDD4: grow_table (in /root/rboxc/target/gawk-format-lifetime-candidate/release/rboxc)
==733364==    by 0x474C9BC: str_lookup (in /root/rboxc/target/gawk-format-lifetime-candidate/release/rboxc)
==733364==    by 0x443FD46: single_binary_main_gawk (in /root/rboxc/target/gawk-format-lifetime-candidate/release/rboxc)
==733364==    by 0x5A18600: (below main) (libc_start_call_main.h:59)
==733364== 
==733364== 151 bytes in 24 blocks are still reachable in loss record 129 of 144
==733364==    at 0x586E858: malloc (vg_replace_malloc.c:447)
==733364==    by 0x443F1EC: single_binary_main_gawk (in /root/rboxc/target/gawk-format-lifetime-candidate/release/rboxc)
==733364==    by 0x5A18600: (below main) (libc_start_call_main.h:59)
==733364== 
==733364== 151 bytes in 24 blocks are still reachable in loss record 130 of 144
==733364==    at 0x586E858: malloc (vg_replace_malloc.c:447)
==733364==    by 0x473F017: rboxc_gawk_make_str_node (in /root/rboxc/target/gawk-format-lifetime-candidate/release/rboxc)
==733364==    by 0x474D135: install (in /root/rboxc/target/gawk-format-lifetime-candidate/release/rboxc)
==733364==    by 0x443F280: single_binary_main_gawk (in /root/rboxc/target/gawk-format-lifetime-candidate/release/rboxc)
==733364==    by 0x5A18600: (below main) (libc_start_call_main.h:59)
==733364== 
==733364== 176 bytes in 2 blocks are still reachable in loss record 131 of 144
==733364==    at 0x586E858: malloc (vg_replace_malloc.c:447)
==733364==    by 0x473EBAB: rboxc_gawk_r_getblock (in /root/rboxc/target/gawk-format-lifetime-candidate/release/rboxc)
==733364==    by 0x473EF81: rboxc_gawk_make_str_node (in /root/rboxc/target/gawk-format-lifetime-candidate/release/rboxc)
==733364==    by 0x4440154: single_binary_main_gawk (in /root/rboxc/target/gawk-format-lifetime-candidate/release/rboxc)
==733364==    by 0x5A18600: (below main) (libc_start_call_main.h:59)
==733364== 
==733364== 192 bytes in 9 blocks are still reachable in loss record 132 of 144
==733364==    at 0x586E858: malloc (vg_replace_malloc.c:447)
==733364==    by 0x473F017: rboxc_gawk_make_str_node (in /root/rboxc/target/gawk-format-lifetime-candidate/release/rboxc)
==733364==    by 0x443FD20: single_binary_main_gawk (in /root/rboxc/target/gawk-format-lifetime-candidate/release/rboxc)
==733364==    by 0x5A18600: (below main) (libc_start_call_main.h:59)
==733364== 
==733364== 256 bytes in 1 blocks are still reachable in loss record 133 of 144
==733364==    at 0x5875E43: calloc (vg_replace_malloc.c:1678)
==733364==    by 0x470A8F2: cint_lookup (in /root/rboxc/target/gawk-format-lifetime-candidate/release/rboxc)
==733364==    by 0x4435AE2: rboxc::applet_gawk::assoc_set (in /root/rboxc/target/gawk-format-lifetime-candidate/release/rboxc)
==733364==    by 0x4440162: single_binary_main_gawk (in /root/rboxc/target/gawk-format-lifetime-candidate/release/rboxc)
==733364==    by 0x5A18600: (below main) (libc_start_call_main.h:59)
==733364== 
==733364== 256 bytes in 1 blocks are still reachable in loss record 134 of 144
==733364==    at 0x5875E43: calloc (vg_replace_malloc.c:1678)
==733364==    by 0x470A2F7: tree_lookup (in /root/rboxc/target/gawk-format-lifetime-candidate/release/rboxc)
==733364==    by 0x4435AE2: rboxc::applet_gawk::assoc_set (in /root/rboxc/target/gawk-format-lifetime-candidate/release/rboxc)
==733364==    by 0x4440162: single_binary_main_gawk (in /root/rboxc/target/gawk-format-lifetime-candidate/release/rboxc)
==733364==    by 0x5A18600: (below main) (libc_start_call_main.h:59)
==733364== 
==733364== 256 bytes in 1 blocks are still reachable in loss record 135 of 144
==733364==    at 0x5875E43: calloc (vg_replace_malloc.c:1678)
==733364==    by 0x470A520: tree_lookup (in /root/rboxc/target/gawk-format-lifetime-candidate/release/rboxc)
==733364==    by 0x4435AE2: rboxc::applet_gawk::assoc_set (in /root/rboxc/target/gawk-format-lifetime-candidate/release/rboxc)
==733364==    by 0x4440162: single_binary_main_gawk (in /root/rboxc/target/gawk-format-lifetime-candidate/release/rboxc)
==733364==    by 0x5A18600: (below main) (libc_start_call_main.h:59)
==733364== 
==733364== 432 bytes in 9 blocks are still reachable in loss record 136 of 144
==733364==    at 0x586E858: malloc (vg_replace_malloc.c:447)
==733364==    by 0x473EBAB: rboxc_gawk_r_getblock (in /root/rboxc/target/gawk-format-lifetime-candidate/release/rboxc)
==733364==    by 0x474C959: str_lookup (in /root/rboxc/target/gawk-format-lifetime-candidate/release/rboxc)
==733364==    by 0x443FD46: single_binary_main_gawk (in /root/rboxc/target/gawk-format-lifetime-candidate/release/rboxc)
==733364==    by 0x5A18600: (below main) (libc_start_call_main.h:59)
==733364== 
==733364== 552 bytes in 1 blocks are still reachable in loss record 137 of 144
==733364==    at 0x5875E43: calloc (vg_replace_malloc.c:1678)
==733364==    by 0x474EA56: rboxc_gawk_new_context (in /root/rboxc/target/gawk-format-lifetime-candidate/release/rboxc)
==733364==    by 0x443E56A: single_binary_main_gawk (in /root/rboxc/target/gawk-format-lifetime-candidate/release/rboxc)
==733364==    by 0x5A18600: (below main) (libc_start_call_main.h:59)
==733364== 
==733364== 792 bytes in 9 blocks are still reachable in loss record 138 of 144
==733364==    at 0x586E858: malloc (vg_replace_malloc.c:447)
==733364==    by 0x473EBAB: rboxc_gawk_r_getblock (in /root/rboxc/target/gawk-format-lifetime-candidate/release/rboxc)
==733364==    by 0x473EF81: rboxc_gawk_make_str_node (in /root/rboxc/target/gawk-format-lifetime-candidate/release/rboxc)
==733364==    by 0x443FD0C: single_binary_main_gawk (in /root/rboxc/target/gawk-format-lifetime-candidate/release/rboxc)
==733364==    by 0x5A18600: (below main) (libc_start_call_main.h:59)
==733364== 
==733364== 792 bytes in 9 blocks are still reachable in loss record 139 of 144
==733364==    at 0x586E858: malloc (vg_replace_malloc.c:447)
==733364==    by 0x473EBAB: rboxc_gawk_r_getblock (in /root/rboxc/target/gawk-format-lifetime-candidate/release/rboxc)
==733364==    by 0x473EF81: rboxc_gawk_make_str_node (in /root/rboxc/target/gawk-format-lifetime-candidate/release/rboxc)
==733364==    by 0x443FD20: single_binary_main_gawk (in /root/rboxc/target/gawk-format-lifetime-candidate/release/rboxc)
==733364==    by 0x5A18600: (below main) (libc_start_call_main.h:59)
==733364== 
==733364== 880 bytes in 10 blocks are still reachable in loss record 140 of 144
==733364==    at 0x586E858: malloc (vg_replace_malloc.c:447)
==733364==    by 0x473EBAB: rboxc_gawk_r_getblock (in /root/rboxc/target/gawk-format-lifetime-candidate/release/rboxc)
==733364==    by 0x473F4F0: r_make_number (in /root/rboxc/target/gawk-format-lifetime-candidate/release/rboxc)
==733364==    by 0x443F2C3: single_binary_main_gawk (in /root/rboxc/target/gawk-format-lifetime-candidate/release/rboxc)
==733364==    by 0x5A18600: (below main) (libc_start_call_main.h:59)
==733364== 
==733364== 1,152 bytes in 24 blocks are still reachable in loss record 141 of 144
==733364==    at 0x586E858: malloc (vg_replace_malloc.c:447)
==733364==    by 0x473EBAB: rboxc_gawk_r_getblock (in /root/rboxc/target/gawk-format-lifetime-candidate/release/rboxc)
==733364==    by 0x474C959: str_lookup (in /root/rboxc/target/gawk-format-lifetime-candidate/release/rboxc)
==733364==    by 0x474D16C: install (in /root/rboxc/target/gawk-format-lifetime-candidate/release/rboxc)
==733364==    by 0x443F280: single_binary_main_gawk (in /root/rboxc/target/gawk-format-lifetime-candidate/release/rboxc)
==733364==    by 0x5A18600: (below main) (libc_start_call_main.h:59)
==733364== 
==733364== 1,232 bytes in 14 blocks are still reachable in loss record 142 of 144
==733364==    at 0x586E858: malloc (vg_replace_malloc.c:447)
==733364==    by 0x473EBAB: rboxc_gawk_r_getblock (in /root/rboxc/target/gawk-format-lifetime-candidate/release/rboxc)
==733364==    by 0x473EF81: rboxc_gawk_make_str_node (in /root/rboxc/target/gawk-format-lifetime-candidate/release/rboxc)
==733364==    by 0x443F2AA: single_binary_main_gawk (in /root/rboxc/target/gawk-format-lifetime-candidate/release/rboxc)
==733364==    by 0x5A18600: (below main) (libc_start_call_main.h:59)
==733364== 
==733364== 2,112 bytes in 24 blocks are still reachable in loss record 143 of 144
==733364==    at 0x586E858: malloc (vg_replace_malloc.c:447)
==733364==    by 0x473EBAB: rboxc_gawk_r_getblock (in /root/rboxc/target/gawk-format-lifetime-candidate/release/rboxc)
==733364==    by 0x473EF81: rboxc_gawk_make_str_node (in /root/rboxc/target/gawk-format-lifetime-candidate/release/rboxc)
==733364==    by 0x474D135: install (in /root/rboxc/target/gawk-format-lifetime-candidate/release/rboxc)
==733364==    by 0x443F280: single_binary_main_gawk (in /root/rboxc/target/gawk-format-lifetime-candidate/release/rboxc)
==733364==    by 0x5A18600: (below main) (libc_start_call_main.h:59)
==733364== 
==733364== 2,112 bytes in 24 blocks are still reachable in loss record 144 of 144
==733364==    at 0x586E858: malloc (vg_replace_malloc.c:447)
==733364==    by 0x473EBAB: rboxc_gawk_r_getblock (in /root/rboxc/target/gawk-format-lifetime-candidate/release/rboxc)
==733364==    by 0x474D213: install (in /root/rboxc/target/gawk-format-lifetime-candidate/release/rboxc)
==733364==    by 0x443F280: single_binary_main_gawk (in /root/rboxc/target/gawk-format-lifetime-candidate/release/rboxc)
==733364==    by 0x5A18600: (below main) (libc_start_call_main.h:59)
==733364== 
==733364== LEAK SUMMARY:
==733364==    definitely lost: 0 bytes in 0 blocks
==733364==    indirectly lost: 0 bytes in 0 blocks
==733364==      possibly lost: 0 bytes in 0 blocks
==733364==    still reachable: 17,862 bytes in 337 blocks
==733364==         suppressed: 0 bytes in 0 blocks
==733364== 
==733364== For lists of detected and suppressed errors, rerun with: -s
==733364== ERROR SUMMARY: 0 errors from 0 contexts (suppressed: 0 from 0)
