==733465== Memcheck, a memory error detector
==733465== Copyright (C) 2002-2024, and GNU GPL'd, by Julian Seward et al.
==733465== Using Valgrind-3.26.0 and LibVEX; rerun with -h for copyright info
==733465== Command: /tmp/rboxc-gawk-r9axbgzj/exec/awk --posix BEGIN\ {print\ (3+4)*6}
==733465== Parent PID: 732337
==733465== 
==733465== 
==733465== FILE DESCRIPTORS: 3 open (3 inherited) at exit.
==733465== 
==733465== HEAP SUMMARY:
==733465==     in use at exit: 34,049 bytes in 305 blocks
==733465==   total heap usage: 419 allocs, 114 frees, 43,279 bytes allocated
==733465== 
==733465== 1 bytes in 1 blocks are still reachable in loss record 1 of 101
==733465==    at 0x586E858: malloc (vg_replace_malloc.c:447)
==733465==    by 0x44390B0: rboxc_gawk_estrdup (in /root/rboxc/target/gawk-format-lifetime-candidate/release/rboxc)
==733465==    by 0x443E31E: single_binary_main_gawk (in /root/rboxc/target/gawk-format-lifetime-candidate/release/rboxc)
==733465==    by 0x5A18600: (below main) (libc_start_call_main.h:59)
==733465== 
==733465== 1 bytes in 1 blocks are still reachable in loss record 2 of 101
==733465==    at 0x586E858: malloc (vg_replace_malloc.c:447)
==733465==    by 0x44390B0: rboxc_gawk_estrdup (in /root/rboxc/target/gawk-format-lifetime-candidate/release/rboxc)
==733465==    by 0x443E34D: single_binary_main_gawk (in /root/rboxc/target/gawk-format-lifetime-candidate/release/rboxc)
==733465==    by 0x5A18600: (below main) (libc_start_call_main.h:59)
==733465== 
==733465== 1 bytes in 1 blocks are still reachable in loss record 3 of 101
==733465==    at 0x586E858: malloc (vg_replace_malloc.c:447)
==733465==    by 0x44390B0: rboxc_gawk_estrdup (in /root/rboxc/target/gawk-format-lifetime-candidate/release/rboxc)
==733465==    by 0x443E365: single_binary_main_gawk (in /root/rboxc/target/gawk-format-lifetime-candidate/release/rboxc)
==733465==    by 0x5A18600: (below main) (libc_start_call_main.h:59)
==733465== 
==733465== 1 bytes in 1 blocks are still reachable in loss record 4 of 101
==733465==    at 0x586E858: malloc (vg_replace_malloc.c:447)
==733465==    by 0x44390B0: rboxc_gawk_estrdup (in /root/rboxc/target/gawk-format-lifetime-candidate/release/rboxc)
==733465==    by 0x443E37D: single_binary_main_gawk (in /root/rboxc/target/gawk-format-lifetime-candidate/release/rboxc)
==733465==    by 0x5A18600: (below main) (libc_start_call_main.h:59)
==733465== 
==733465== 1 bytes in 1 blocks are still reachable in loss record 5 of 101
==733465==    at 0x586E858: malloc (vg_replace_malloc.c:447)
==733465==    by 0x44390B0: rboxc_gawk_estrdup (in /root/rboxc/target/gawk-format-lifetime-candidate/release/rboxc)
==733465==    by 0x443E395: single_binary_main_gawk (in /root/rboxc/target/gawk-format-lifetime-candidate/release/rboxc)
==733465==    by 0x5A18600: (below main) (libc_start_call_main.h:59)
==733465== 
==733465== 1 bytes in 1 blocks are still reachable in loss record 6 of 101
==733465==    at 0x586E858: malloc (vg_replace_malloc.c:447)
==733465==    by 0x44390B0: rboxc_gawk_estrdup (in /root/rboxc/target/gawk-format-lifetime-candidate/release/rboxc)
==733465==    by 0x443E3AD: single_binary_main_gawk (in /root/rboxc/target/gawk-format-lifetime-candidate/release/rboxc)
==733465==    by 0x5A18600: (below main) (libc_start_call_main.h:59)
==733465== 
==733465== 1 bytes in 1 blocks are still reachable in loss record 7 of 101
==733465==    at 0x586E858: malloc (vg_replace_malloc.c:447)
==733465==    by 0x44390B0: rboxc_gawk_estrdup (in /root/rboxc/target/gawk-format-lifetime-candidate/release/rboxc)
==733465==    by 0x443E3C5: single_binary_main_gawk (in /root/rboxc/target/gawk-format-lifetime-candidate/release/rboxc)
==733465==    by 0x5A18600: (below main) (libc_start_call_main.h:59)
==733465== 
==733465== 1 bytes in 1 blocks are still reachable in loss record 8 of 101
==733465==    at 0x586E858: malloc (vg_replace_malloc.c:447)
==733465==    by 0x44390B0: rboxc_gawk_estrdup (in /root/rboxc/target/gawk-format-lifetime-candidate/release/rboxc)
==733465==    by 0x443E3DD: single_binary_main_gawk (in /root/rboxc/target/gawk-format-lifetime-candidate/release/rboxc)
==733465==    by 0x5A18600: (below main) (libc_start_call_main.h:59)
==733465== 
==733465== 1 bytes in 1 blocks are still reachable in loss record 9 of 101
==733465==    at 0x586E858: malloc (vg_replace_malloc.c:447)
==733465==    by 0x44390B0: rboxc_gawk_estrdup (in /root/rboxc/target/gawk-format-lifetime-candidate/release/rboxc)
==733465==    by 0x443E3F5: single_binary_main_gawk (in /root/rboxc/target/gawk-format-lifetime-candidate/release/rboxc)
==733465==    by 0x5A18600: (below main) (libc_start_call_main.h:59)
==733465== 
==733465== 1 bytes in 1 blocks are still reachable in loss record 10 of 101
==733465==    at 0x586E858: malloc (vg_replace_malloc.c:447)
==733465==    by 0x473F017: rboxc_gawk_make_str_node (in /root/rboxc/target/gawk-format-lifetime-candidate/release/rboxc)
==733465==    by 0x443E47C: single_binary_main_gawk (in /root/rboxc/target/gawk-format-lifetime-candidate/release/rboxc)
==733465==    by 0x5A18600: (below main) (libc_start_call_main.h:59)
==733465== 
==733465== 1 bytes in 1 blocks are still reachable in loss record 11 of 101
==733465==    at 0x586E858: malloc (vg_replace_malloc.c:447)
==733465==    by 0x473F017: rboxc_gawk_make_str_node (in /root/rboxc/target/gawk-format-lifetime-candidate/release/rboxc)
==733465==    by 0x472BED5: rboxc_gawk_init_fields (in /root/rboxc/target/gawk-format-lifetime-candidate/release/rboxc)
==733465==    by 0x443F9A0: single_binary_main_gawk (in /root/rboxc/target/gawk-format-lifetime-candidate/release/rboxc)
==733465==    by 0x5A18600: (below main) (libc_start_call_main.h:59)
==733465== 
==733465== 1 bytes in 1 blocks are still reachable in loss record 12 of 101
==733465==    at 0x586E858: malloc (vg_replace_malloc.c:447)
==733465==    by 0x473F017: rboxc_gawk_make_str_node (in /root/rboxc/target/gawk-format-lifetime-candidate/release/rboxc)
==733465==    by 0x472BF20: rboxc_gawk_init_fields (in /root/rboxc/target/gawk-format-lifetime-candidate/release/rboxc)
==733465==    by 0x443F9A0: single_binary_main_gawk (in /root/rboxc/target/gawk-format-lifetime-candidate/release/rboxc)
==733465==    by 0x5A18600: (below main) (libc_start_call_main.h:59)
==733465== 
==733465== 2 bytes in 1 blocks are still reachable in loss record 13 of 101
==733465==    at 0x586E858: malloc (vg_replace_malloc.c:447)
==733465==    by 0x44390B0: rboxc_gawk_estrdup (in /root/rboxc/target/gawk-format-lifetime-candidate/release/rboxc)
==733465==    by 0x443E335: single_binary_main_gawk (in /root/rboxc/target/gawk-format-lifetime-candidate/release/rboxc)
==733465==    by 0x5A18600: (below main) (libc_start_call_main.h:59)
==733465== 
==733465== 2 bytes in 1 blocks are still reachable in loss record 14 of 101
==733465==    at 0x586E858: malloc (vg_replace_malloc.c:447)
==733465==    by 0x471D3BF: rboxc_gawk_set_OFS (in /root/rboxc/target/gawk-format-lifetime-candidate/release/rboxc)
==733465==    by 0x443F2E8: single_binary_main_gawk (in /root/rboxc/target/gawk-format-lifetime-candidate/release/rboxc)
==733465==    by 0x5A18600: (below main) (libc_start_call_main.h:59)
==733465== 
==733465== 5 bytes in 1 blocks are still reachable in loss record 15 of 101
==733465==    at 0x586E858: malloc (vg_replace_malloc.c:447)
==733465==    by 0x443FED2: single_binary_main_gawk (in /root/rboxc/target/gawk-format-lifetime-candidate/release/rboxc)
==733465==    by 0x5A18600: (below main) (libc_start_call_main.h:59)
==733465== 
==733465== 5 bytes in 1 blocks are still reachable in loss record 16 of 101
==733465==    at 0x586E858: malloc (vg_replace_malloc.c:447)
==733465==    by 0x473F017: rboxc_gawk_make_str_node (in /root/rboxc/target/gawk-format-lifetime-candidate/release/rboxc)
==733465==    by 0x474D135: install (in /root/rboxc/target/gawk-format-lifetime-candidate/release/rboxc)
==733465==    by 0x443FF58: single_binary_main_gawk (in /root/rboxc/target/gawk-format-lifetime-candidate/release/rboxc)
==733465==    by 0x5A18600: (below main) (libc_start_call_main.h:59)
==733465== 
==733465== 5 bytes in 1 blocks are still reachable in loss record 17 of 101
==733465==    at 0x586E858: malloc (vg_replace_malloc.c:447)
==733465==    by 0x44401AB: single_binary_main_gawk (in /root/rboxc/target/gawk-format-lifetime-candidate/release/rboxc)
==733465==    by 0x5A18600: (below main) (libc_start_call_main.h:59)
==733465== 
==733465== 5 bytes in 1 blocks are still reachable in loss record 18 of 101
==733465==    at 0x586E858: malloc (vg_replace_malloc.c:447)
==733465==    by 0x473F017: rboxc_gawk_make_str_node (in /root/rboxc/target/gawk-format-lifetime-candidate/release/rboxc)
==733465==    by 0x474D135: install (in /root/rboxc/target/gawk-format-lifetime-candidate/release/rboxc)
==733465==    by 0x4440233: single_binary_main_gawk (in /root/rboxc/target/gawk-format-lifetime-candidate/release/rboxc)
==733465==    by 0x5A18600: (below main) (libc_start_call_main.h:59)
==733465== 
==733465== 7 bytes in 1 blocks are still reachable in loss record 19 of 101
==733465==    at 0x586E858: malloc (vg_replace_malloc.c:447)
==733465==    by 0x44390B0: rboxc_gawk_estrdup (in /root/rboxc/target/gawk-format-lifetime-candidate/release/rboxc)
==733465==    by 0x474D461: init_the_tables (in /root/rboxc/target/gawk-format-lifetime-candidate/release/rboxc)
==733465==    by 0x443E550: single_binary_main_gawk (in /root/rboxc/target/gawk-format-lifetime-candidate/release/rboxc)
==733465==    by 0x5A18600: (below main) (libc_start_call_main.h:59)
==733465== 
==733465== 7 bytes in 1 blocks are still reachable in loss record 20 of 101
==733465==    at 0x586E858: malloc (vg_replace_malloc.c:447)
==733465==    by 0x473F017: rboxc_gawk_make_str_node (in /root/rboxc/target/gawk-format-lifetime-candidate/release/rboxc)
==733465==    by 0x474D135: install (in /root/rboxc/target/gawk-format-lifetime-candidate/release/rboxc)
==733465==    by 0x474D470: init_the_tables (in /root/rboxc/target/gawk-format-lifetime-candidate/release/rboxc)
==733465==    by 0x443E550: single_binary_main_gawk (in /root/rboxc/target/gawk-format-lifetime-candidate/release/rboxc)
==733465==    by 0x5A18600: (below main) (libc_start_call_main.h:59)
==733465== 
==733465== 8 bytes in 1 blocks are still reachable in loss record 21 of 101
==733465==    at 0x586E858: malloc (vg_replace_malloc.c:447)
==733465==    by 0x44390B0: rboxc_gawk_estrdup (in /root/rboxc/target/gawk-format-lifetime-candidate/release/rboxc)
==733465==    by 0x474D43A: init_the_tables (in /root/rboxc/target/gawk-format-lifetime-candidate/release/rboxc)
==733465==    by 0x443E550: single_binary_main_gawk (in /root/rboxc/target/gawk-format-lifetime-candidate/release/rboxc)
==733465==    by 0x5A18600: (below main) (libc_start_call_main.h:59)
==733465== 
==733465== 8 bytes in 1 blocks are still reachable in loss record 22 of 101
==733465==    at 0x586E858: malloc (vg_replace_malloc.c:447)
==733465==    by 0x473F017: rboxc_gawk_make_str_node (in /root/rboxc/target/gawk-format-lifetime-candidate/release/rboxc)
==733465==    by 0x474D135: install (in /root/rboxc/target/gawk-format-lifetime-candidate/release/rboxc)
==733465==    by 0x474D449: init_the_tables (in /root/rboxc/target/gawk-format-lifetime-candidate/release/rboxc)
==733465==    by 0x443E550: single_binary_main_gawk (in /root/rboxc/target/gawk-format-lifetime-candidate/release/rboxc)
==733465==    by 0x5A18600: (below main) (libc_start_call_main.h:59)
==733465== 
==733465== 8 bytes in 1 blocks are still reachable in loss record 23 of 101
==733465==    at 0x586E858: malloc (vg_replace_malloc.c:447)
==733465==    by 0x443F8A0: single_binary_main_gawk (in /root/rboxc/target/gawk-format-lifetime-candidate/release/rboxc)
==733465==    by 0x5A18600: (below main) (libc_start_call_main.h:59)
==733465== 
==733465== 8 bytes in 1 blocks are still reachable in loss record 24 of 101
==733465==    at 0x586E858: malloc (vg_replace_malloc.c:447)
==733465==    by 0x473F017: rboxc_gawk_make_str_node (in /root/rboxc/target/gawk-format-lifetime-candidate/release/rboxc)
==733465==    by 0x474D135: install (in /root/rboxc/target/gawk-format-lifetime-candidate/release/rboxc)
==733465==    by 0x443F92D: single_binary_main_gawk (in /root/rboxc/target/gawk-format-lifetime-candidate/release/rboxc)
==733465==    by 0x5A18600: (below main) (libc_start_call_main.h:59)
==733465== 
==733465== 8 bytes in 1 blocks are still reachable in loss record 25 of 101
==733465==    at 0x586E858: malloc (vg_replace_malloc.c:447)
==733465==    by 0x473F017: rboxc_gawk_make_str_node (in /root/rboxc/target/gawk-format-lifetime-candidate/release/rboxc)
==733465==    by 0x443506E: rboxc::applet_gawk::path_environ (in /root/rboxc/target/gawk-format-lifetime-candidate/release/rboxc)
==733465==    by 0x443F96B: single_binary_main_gawk (in /root/rboxc/target/gawk-format-lifetime-candidate/release/rboxc)
==733465==    by 0x5A18600: (below main) (libc_start_call_main.h:59)
==733465== 
==733465== 8 bytes in 1 blocks are still reachable in loss record 26 of 101
==733465==    at 0x586E858: malloc (vg_replace_malloc.c:447)
==733465==    by 0x472BEB2: rboxc_gawk_init_fields (in /root/rboxc/target/gawk-format-lifetime-candidate/release/rboxc)
==733465==    by 0x443F9A0: single_binary_main_gawk (in /root/rboxc/target/gawk-format-lifetime-candidate/release/rboxc)
==733465==    by 0x5A18600: (below main) (libc_start_call_main.h:59)
==733465== 
==733465== 11 bytes in 1 blocks are still reachable in loss record 27 of 101
==733465==    at 0x586E858: malloc (vg_replace_malloc.c:447)
==733465==    by 0x473F017: rboxc_gawk_make_str_node (in /root/rboxc/target/gawk-format-lifetime-candidate/release/rboxc)
==733465==    by 0x443506E: rboxc::applet_gawk::path_environ (in /root/rboxc/target/gawk-format-lifetime-candidate/release/rboxc)
==733465==    by 0x443F981: single_binary_main_gawk (in /root/rboxc/target/gawk-format-lifetime-candidate/release/rboxc)
==733465==    by 0x5A18600: (below main) (libc_start_call_main.h:59)
==733465== 
==733465== 21 bytes in 8 blocks are still reachable in loss record 28 of 101
==733465==    at 0x586E858: malloc (vg_replace_malloc.c:447)
==733465==    by 0x473F017: rboxc_gawk_make_str_node (in /root/rboxc/target/gawk-format-lifetime-candidate/release/rboxc)
==733465==    by 0x443F2AA: single_binary_main_gawk (in /root/rboxc/target/gawk-format-lifetime-candidate/release/rboxc)
==733465==    by 0x5A18600: (below main) (libc_start_call_main.h:59)
==733465== 
==733465== 22 bytes in 1 blocks are still reachable in loss record 29 of 101
==733465==    at 0x586E858: malloc (vg_replace_malloc.c:447)
==733465==    by 0x44390B0: rboxc_gawk_estrdup (in /root/rboxc/target/gawk-format-lifetime-candidate/release/rboxc)
==733465==    by 0x46EA661: do_add_srcfile (in /root/rboxc/target/gawk-format-lifetime-candidate/release/rboxc)
==733465==    by 0x46EE77F: rboxc_gawk_add_srcfile (in /root/rboxc/target/gawk-format-lifetime-candidate/release/rboxc)
==733465==    by 0x443FE8C: single_binary_main_gawk (in /root/rboxc/target/gawk-format-lifetime-candidate/release/rboxc)
==733465==    by 0x5A18600: (below main) (libc_start_call_main.h:59)
==733465== 
==733465== 24 bytes in 1 blocks are still reachable in loss record 30 of 101
==733465==    at 0x586E858: malloc (vg_replace_malloc.c:447)
==733465==    by 0x46F697E: rboxc_gawk_parse_program (in /root/rboxc/target/gawk-format-lifetime-candidate/release/rboxc)
==733465==    by 0x44402A4: single_binary_main_gawk (in /root/rboxc/target/gawk-format-lifetime-candidate/release/rboxc)
==733465==    by 0x5A18600: (below main) (libc_start_call_main.h:59)
==733465== 
==733465== 32 bytes in 1 blocks are still reachable in loss record 31 of 101
==733465==    at 0x586E858: malloc (vg_replace_malloc.c:447)
==733465==    by 0x443E5D9: single_binary_main_gawk (in /root/rboxc/target/gawk-format-lifetime-candidate/release/rboxc)
==733465==    by 0x5A18600: (below main) (libc_start_call_main.h:59)
==733465== 
==733465== 32 bytes in 1 blocks are still reachable in loss record 32 of 101
==733465==    at 0x586E858: malloc (vg_replace_malloc.c:447)
==733465==    by 0x471C517: fmt_index (in /root/rboxc/target/gawk-format-lifetime-candidate/release/rboxc)
==733465==    by 0x471D606: rboxc_gawk_set_CONVFMT (in /root/rboxc/target/gawk-format-lifetime-candidate/release/rboxc)
==733465==    by 0x443F2E8: single_binary_main_gawk (in /root/rboxc/target/gawk-format-lifetime-candidate/release/rboxc)
==733465==    by 0x5A18600: (below main) (libc_start_call_main.h:59)
==733465== 
==733465== 34 bytes in 1 blocks are still reachable in loss record 33 of 101
==733465==    at 0x586E858: malloc (vg_replace_malloc.c:447)
==733465==    by 0x473F017: rboxc_gawk_make_str_node (in /root/rboxc/target/gawk-format-lifetime-candidate/release/rboxc)
==733465==    by 0x443FF98: single_binary_main_gawk (in /root/rboxc/target/gawk-format-lifetime-candidate/release/rboxc)
==733465==    by 0x5A18600: (below main) (libc_start_call_main.h:59)
==733465== 
==733465== 39 bytes in 1 blocks are still reachable in loss record 34 of 101
==733465==    at 0x586E858: malloc (vg_replace_malloc.c:447)
==733465==    by 0x473F017: rboxc_gawk_make_str_node (in /root/rboxc/target/gawk-format-lifetime-candidate/release/rboxc)
==733465==    by 0x44350EE: rboxc::applet_gawk::path_environ (in /root/rboxc/target/gawk-format-lifetime-candidate/release/rboxc)
==733465==    by 0x443F981: single_binary_main_gawk (in /root/rboxc/target/gawk-format-lifetime-candidate/release/rboxc)
==733465==    by 0x5A18600: (below main) (libc_start_call_main.h:59)
==733465== 
==733465== 42 bytes in 1 blocks are still reachable in loss record 35 of 101
==733465==    at 0x586E858: malloc (vg_replace_malloc.c:447)
==733465==    by 0x473F017: rboxc_gawk_make_str_node (in /root/rboxc/target/gawk-format-lifetime-candidate/release/rboxc)
==733465==    by 0x44350EE: rboxc::applet_gawk::path_environ (in /root/rboxc/target/gawk-format-lifetime-candidate/release/rboxc)
==733465==    by 0x443F96B: single_binary_main_gawk (in /root/rboxc/target/gawk-format-lifetime-candidate/release/rboxc)
==733465==    by 0x5A18600: (below main) (libc_start_call_main.h:59)
==733465== 
==733465== 48 bytes in 1 blocks are still reachable in loss record 36 of 101
==733465==    at 0x586E858: malloc (vg_replace_malloc.c:447)
==733465==    by 0x473EBAB: rboxc_gawk_r_getblock (in /root/rboxc/target/gawk-format-lifetime-candidate/release/rboxc)
==733465==    by 0x474C959: str_lookup (in /root/rboxc/target/gawk-format-lifetime-candidate/release/rboxc)
==733465==    by 0x474D16C: install (in /root/rboxc/target/gawk-format-lifetime-candidate/release/rboxc)
==733465==    by 0x474D449: init_the_tables (in /root/rboxc/target/gawk-format-lifetime-candidate/release/rboxc)
==733465==    by 0x443E550: single_binary_main_gawk (in /root/rboxc/target/gawk-format-lifetime-candidate/release/rboxc)
==733465==    by 0x5A18600: (below main) (libc_start_call_main.h:59)
==733465== 
==733465== 48 bytes in 1 blocks are still reachable in loss record 37 of 101
==733465==    at 0x586E858: malloc (vg_replace_malloc.c:447)
==733465==    by 0x473EBAB: rboxc_gawk_r_getblock (in /root/rboxc/target/gawk-format-lifetime-candidate/release/rboxc)
==733465==    by 0x474C959: str_lookup (in /root/rboxc/target/gawk-format-lifetime-candidate/release/rboxc)
==733465==    by 0x474D16C: install (in /root/rboxc/target/gawk-format-lifetime-candidate/release/rboxc)
==733465==    by 0x474D470: init_the_tables (in /root/rboxc/target/gawk-format-lifetime-candidate/release/rboxc)
==733465==    by 0x443E550: single_binary_main_gawk (in /root/rboxc/target/gawk-format-lifetime-candidate/release/rboxc)
==733465==    by 0x5A18600: (below main) (libc_start_call_main.h:59)
==733465== 
==733465== 48 bytes in 1 blocks are still reachable in loss record 38 of 101
==733465==    at 0x586E858: malloc (vg_replace_malloc.c:447)
==733465==    by 0x473EBAB: rboxc_gawk_r_getblock (in /root/rboxc/target/gawk-format-lifetime-candidate/release/rboxc)
==733465==    by 0x474C959: str_lookup (in /root/rboxc/target/gawk-format-lifetime-candidate/release/rboxc)
==733465==    by 0x474D16C: install (in /root/rboxc/target/gawk-format-lifetime-candidate/release/rboxc)
==733465==    by 0x443F92D: single_binary_main_gawk (in /root/rboxc/target/gawk-format-lifetime-candidate/release/rboxc)
==733465==    by 0x5A18600: (below main) (libc_start_call_main.h:59)
==733465== 
==733465== 48 bytes in 1 blocks are still reachable in loss record 39 of 101
==733465==    at 0x586E858: malloc (vg_replace_malloc.c:447)
==733465==    by 0x473EBAB: rboxc_gawk_r_getblock (in /root/rboxc/target/gawk-format-lifetime-candidate/release/rboxc)
==733465==    by 0x474C959: str_lookup (in /root/rboxc/target/gawk-format-lifetime-candidate/release/rboxc)
==733465==    by 0x44350A6: rboxc::applet_gawk::path_environ (in /root/rboxc/target/gawk-format-lifetime-candidate/release/rboxc)
==733465==    by 0x443F96B: single_binary_main_gawk (in /root/rboxc/target/gawk-format-lifetime-candidate/release/rboxc)
==733465==    by 0x5A18600: (below main) (libc_start_call_main.h:59)
==733465== 
==733465== 48 bytes in 1 blocks are still reachable in loss record 40 of 101
==733465==    at 0x586E858: malloc (vg_replace_malloc.c:447)
==733465==    by 0x473EBAB: rboxc_gawk_r_getblock (in /root/rboxc/target/gawk-format-lifetime-candidate/release/rboxc)
==733465==    by 0x474C959: str_lookup (in /root/rboxc/target/gawk-format-lifetime-candidate/release/rboxc)
==733465==    by 0x44350A6: rboxc::applet_gawk::path_environ (in /root/rboxc/target/gawk-format-lifetime-candidate/release/rboxc)
==733465==    by 0x443F981: single_binary_main_gawk (in /root/rboxc/target/gawk-format-lifetime-candidate/release/rboxc)
==733465==    by 0x5A18600: (below main) (libc_start_call_main.h:59)
==733465== 
==733465== 48 bytes in 1 blocks are still reachable in loss record 41 of 101
==733465==    at 0x586E858: malloc (vg_replace_malloc.c:447)
==733465==    by 0x473EBAB: rboxc_gawk_r_getblock (in /root/rboxc/target/gawk-format-lifetime-candidate/release/rboxc)
==733465==    by 0x474C959: str_lookup (in /root/rboxc/target/gawk-format-lifetime-candidate/release/rboxc)
==733465==    by 0x474D16C: install (in /root/rboxc/target/gawk-format-lifetime-candidate/release/rboxc)
==733465==    by 0x443FF58: single_binary_main_gawk (in /root/rboxc/target/gawk-format-lifetime-candidate/release/rboxc)
==733465==    by 0x5A18600: (below main) (libc_start_call_main.h:59)
==733465== 
==733465== 48 bytes in 1 blocks are still reachable in loss record 42 of 101
==733465==    at 0x586E858: malloc (vg_replace_malloc.c:447)
==733465==    by 0x473EBAB: rboxc_gawk_r_getblock (in /root/rboxc/target/gawk-format-lifetime-candidate/release/rboxc)
==733465==    by 0x474C959: str_lookup (in /root/rboxc/target/gawk-format-lifetime-candidate/release/rboxc)
==733465==    by 0x474D16C: install (in /root/rboxc/target/gawk-format-lifetime-candidate/release/rboxc)
==733465==    by 0x4440233: single_binary_main_gawk (in /root/rboxc/target/gawk-format-lifetime-candidate/release/rboxc)
==733465==    by 0x5A18600: (below main) (libc_start_call_main.h:59)
==733465== 
==733465== 60 bytes in 1 blocks are still reachable in loss record 43 of 101
==733465==    at 0x586E858: malloc (vg_replace_malloc.c:447)
==733465==    by 0x46EAADC: tokexpand (in /root/rboxc/target/gawk-format-lifetime-candidate/release/rboxc)
==733465==    by 0x46F6C46: rboxc_gawk_parse_program (in /root/rboxc/target/gawk-format-lifetime-candidate/release/rboxc)
==733465==    by 0x44402A4: single_binary_main_gawk (in /root/rboxc/target/gawk-format-lifetime-candidate/release/rboxc)
==733465==    by 0x5A18600: (below main) (libc_start_call_main.h:59)
==733465== 
==733465== 64 bytes in 3 blocks are still reachable in loss record 44 of 101
==733465==    at 0x586E858: malloc (vg_replace_malloc.c:447)
==733465==    by 0x443E678: single_binary_main_gawk (in /root/rboxc/target/gawk-format-lifetime-candidate/release/rboxc)
==733465==    by 0x5A18600: (below main) (libc_start_call_main.h:59)
==733465== 
==733465== 68 bytes in 13 blocks are still reachable in loss record 45 of 101
==733465==    at 0x586E858: malloc (vg_replace_malloc.c:447)
==733465==    by 0x443F1EC: single_binary_main_gawk (in /root/rboxc/target/gawk-format-lifetime-candidate/release/rboxc)
==733465==    by 0x5A18600: (below main) (libc_start_call_main.h:59)
==733465== 
==733465== 68 bytes in 13 blocks are still reachable in loss record 46 of 101
==733465==    at 0x586E858: malloc (vg_replace_malloc.c:447)
==733465==    by 0x473F017: rboxc_gawk_make_str_node (in /root/rboxc/target/gawk-format-lifetime-candidate/release/rboxc)
==733465==    by 0x474D135: install (in /root/rboxc/target/gawk-format-lifetime-candidate/release/rboxc)
==733465==    by 0x443F280: single_binary_main_gawk (in /root/rboxc/target/gawk-format-lifetime-candidate/release/rboxc)
==733465==    by 0x5A18600: (below main) (libc_start_call_main.h:59)
==733465== 
==733465== 88 bytes in 1 blocks are still reachable in loss record 47 of 101
==733465==    at 0x586E858: malloc (vg_replace_malloc.c:447)
==733465==    by 0x473EBAB: rboxc_gawk_r_getblock (in /root/rboxc/target/gawk-format-lifetime-candidate/release/rboxc)
==733465==    by 0x473EF81: rboxc_gawk_make_str_node (in /root/rboxc/target/gawk-format-lifetime-candidate/release/rboxc)
==733465==    by 0x443E47C: single_binary_main_gawk (in /root/rboxc/target/gawk-format-lifetime-candidate/release/rboxc)
==733465==    by 0x5A18600: (below main) (libc_start_call_main.h:59)
==733465== 
==733465== 88 bytes in 1 blocks are still reachable in loss record 48 of 101
==733465==    at 0x586E858: malloc (vg_replace_malloc.c:447)
==733465==    by 0x473EBAB: rboxc_gawk_r_getblock (in /root/rboxc/target/gawk-format-lifetime-candidate/release/rboxc)
==733465==    by 0x474D3A7: init_the_tables (in /root/rboxc/target/gawk-format-lifetime-candidate/release/rboxc)
==733465==    by 0x443E550: single_binary_main_gawk (in /root/rboxc/target/gawk-format-lifetime-candidate/release/rboxc)
==733465==    by 0x5A18600: (below main) (libc_start_call_main.h:59)
==733465== 
==733465== 88 bytes in 1 blocks are still reachable in loss record 49 of 101
==733465==    at 0x586E858: malloc (vg_replace_malloc.c:447)
==733465==    by 0x473EBAB: rboxc_gawk_r_getblock (in /root/rboxc/target/gawk-format-lifetime-candidate/release/rboxc)
==733465==    by 0x474D3E8: init_the_tables (in /root/rboxc/target/gawk-format-lifetime-candidate/release/rboxc)
==733465==    by 0x443E550: single_binary_main_gawk (in /root/rboxc/target/gawk-format-lifetime-candidate/release/rboxc)
==733465==    by 0x5A18600: (below main) (libc_start_call_main.h:59)
==733465== 
==733465== 88 bytes in 1 blocks are still reachable in loss record 50 of 101
==733465==    at 0x586E858: malloc (vg_replace_malloc.c:447)
==733465==    by 0x473EBAB: rboxc_gawk_r_getblock (in /root/rboxc/target/gawk-format-lifetime-candidate/release/rboxc)
==733465==    by 0x473EF81: rboxc_gawk_make_str_node (in /root/rboxc/target/gawk-format-lifetime-candidate/release/rboxc)
==733465==    by 0x474D135: install (in /root/rboxc/target/gawk-format-lifetime-candidate/release/rboxc)
==733465==    by 0x474D449: init_the_tables (in /root/rboxc/target/gawk-format-lifetime-candidate/release/rboxc)
==733465==    by 0x443E550: single_binary_main_gawk (in /root/rboxc/target/gawk-format-lifetime-candidate/release/rboxc)
==733465==    by 0x5A18600: (below main) (libc_start_call_main.h:59)
==733465== 
==733465== 88 bytes in 1 blocks are still reachable in loss record 51 of 101
==733465==    at 0x586E858: malloc (vg_replace_malloc.c:447)
==733465==    by 0x473EBAB: rboxc_gawk_r_getblock (in /root/rboxc/target/gawk-format-lifetime-candidate/release/rboxc)
==733465==    by 0x474D213: install (in /root/rboxc/target/gawk-format-lifetime-candidate/release/rboxc)
==733465==    by 0x474D449: init_the_tables (in /root/rboxc/target/gawk-format-lifetime-candidate/release/rboxc)
==733465==    by 0x443E550: single_binary_main_gawk (in /root/rboxc/target/gawk-format-lifetime-candidate/release/rboxc)
==733465==    by 0x5A18600: (below main) (libc_start_call_main.h:59)
==733465== 
==733465== 88 bytes in 1 blocks are still reachable in loss record 52 of 101
==733465==    at 0x586E858: malloc (vg_replace_malloc.c:447)
==733465==    by 0x473EBAB: rboxc_gawk_r_getblock (in /root/rboxc/target/gawk-format-lifetime-candidate/release/rboxc)
==733465==    by 0x473EF81: rboxc_gawk_make_str_node (in /root/rboxc/target/gawk-format-lifetime-candidate/release/rboxc)
==733465==    by 0x474D135: install (in /root/rboxc/target/gawk-format-lifetime-candidate/release/rboxc)
==733465==    by 0x474D470: init_the_tables (in /root/rboxc/target/gawk-format-lifetime-candidate/release/rboxc)
==733465==    by 0x443E550: single_binary_main_gawk (in /root/rboxc/target/gawk-format-lifetime-candidate/release/rboxc)
==733465==    by 0x5A18600: (below main) (libc_start_call_main.h:59)
==733465== 
==733465== 88 bytes in 1 blocks are still reachable in loss record 53 of 101
==733465==    at 0x586E858: malloc (vg_replace_malloc.c:447)
==733465==    by 0x473EBAB: rboxc_gawk_r_getblock (in /root/rboxc/target/gawk-format-lifetime-candidate/release/rboxc)
==733465==    by 0x474D213: install (in /root/rboxc/target/gawk-format-lifetime-candidate/release/rboxc)
==733465==    by 0x474D470: init_the_tables (in /root/rboxc/target/gawk-format-lifetime-candidate/release/rboxc)
==733465==    by 0x443E550: single_binary_main_gawk (in /root/rboxc/target/gawk-format-lifetime-candidate/release/rboxc)
==733465==    by 0x5A18600: (below main) (libc_start_call_main.h:59)
==733465== 
==733465== 88 bytes in 1 blocks are still reachable in loss record 54 of 101
==733465==    at 0x586E858: malloc (vg_replace_malloc.c:447)
==733465==    by 0x473EBAB: rboxc_gawk_r_getblock (in /root/rboxc/target/gawk-format-lifetime-candidate/release/rboxc)
==733465==    by 0x473EF81: rboxc_gawk_make_str_node (in /root/rboxc/target/gawk-format-lifetime-candidate/release/rboxc)
==733465==    by 0x474D135: install (in /root/rboxc/target/gawk-format-lifetime-candidate/release/rboxc)
==733465==    by 0x443F92D: single_binary_main_gawk (in /root/rboxc/target/gawk-format-lifetime-candidate/release/rboxc)
==733465==    by 0x5A18600: (below main) (libc_start_call_main.h:59)
==733465== 
==733465== 88 bytes in 1 blocks are still reachable in loss record 55 of 101
==733465==    at 0x586E858: malloc (vg_replace_malloc.c:447)
==733465==    by 0x473EBAB: rboxc_gawk_r_getblock (in /root/rboxc/target/gawk-format-lifetime-candidate/release/rboxc)
==733465==    by 0x474D213: install (in /root/rboxc/target/gawk-format-lifetime-candidate/release/rboxc)
==733465==    by 0x443F92D: single_binary_main_gawk (in /root/rboxc/target/gawk-format-lifetime-candidate/release/rboxc)
==733465==    by 0x5A18600: (below main) (libc_start_call_main.h:59)
==733465== 
==733465== 88 bytes in 1 blocks are still reachable in loss record 56 of 101
==733465==    at 0x586E858: malloc (vg_replace_malloc.c:447)
==733465==    by 0x473EBAB: rboxc_gawk_r_getblock (in /root/rboxc/target/gawk-format-lifetime-candidate/release/rboxc)
==733465==    by 0x473EF81: rboxc_gawk_make_str_node (in /root/rboxc/target/gawk-format-lifetime-candidate/release/rboxc)
==733465==    by 0x443506E: rboxc::applet_gawk::path_environ (in /root/rboxc/target/gawk-format-lifetime-candidate/release/rboxc)
==733465==    by 0x443F96B: single_binary_main_gawk (in /root/rboxc/target/gawk-format-lifetime-candidate/release/rboxc)
==733465==    by 0x5A18600: (below main) (libc_start_call_main.h:59)
==733465== 
==733465== 88 bytes in 1 blocks are still reachable in loss record 57 of 101
==733465==    at 0x586E858: malloc (vg_replace_malloc.c:447)
==733465==    by 0x473EBAB: rboxc_gawk_r_getblock (in /root/rboxc/target/gawk-format-lifetime-candidate/release/rboxc)
==733465==    by 0x473EF81: rboxc_gawk_make_str_node (in /root/rboxc/target/gawk-format-lifetime-candidate/release/rboxc)
==733465==    by 0x44350EE: rboxc::applet_gawk::path_environ (in /root/rboxc/target/gawk-format-lifetime-candidate/release/rboxc)
==733465==    by 0x443F96B: single_binary_main_gawk (in /root/rboxc/target/gawk-format-lifetime-candidate/release/rboxc)
==733465==    by 0x5A18600: (below main) (libc_start_call_main.h:59)
==733465== 
==733465== 88 bytes in 1 blocks are still reachable in loss record 58 of 101
==733465==    at 0x586E858: malloc (vg_replace_malloc.c:447)
==733465==    by 0x473EBAB: rboxc_gawk_r_getblock (in /root/rboxc/target/gawk-format-lifetime-candidate/release/rboxc)
==733465==    by 0x473EF81: rboxc_gawk_make_str_node (in /root/rboxc/target/gawk-format-lifetime-candidate/release/rboxc)
==733465==    by 0x443506E: rboxc::applet_gawk::path_environ (in /root/rboxc/target/gawk-format-lifetime-candidate/release/rboxc)
==733465==    by 0x443F981: single_binary_main_gawk (in /root/rboxc/target/gawk-format-lifetime-candidate/release/rboxc)
==733465==    by 0x5A18600: (below main) (libc_start_call_main.h:59)
==733465== 
==733465== 88 bytes in 1 blocks are still reachable in loss record 59 of 101
==733465==    at 0x586E858: malloc (vg_replace_malloc.c:447)
==733465==    by 0x473EBAB: rboxc_gawk_r_getblock (in /root/rboxc/target/gawk-format-lifetime-candidate/release/rboxc)
==733465==    by 0x473EF81: rboxc_gawk_make_str_node (in /root/rboxc/target/gawk-format-lifetime-candidate/release/rboxc)
==733465==    by 0x44350EE: rboxc::applet_gawk::path_environ (in /root/rboxc/target/gawk-format-lifetime-candidate/release/rboxc)
==733465==    by 0x443F981: single_binary_main_gawk (in /root/rboxc/target/gawk-format-lifetime-candidate/release/rboxc)
==733465==    by 0x5A18600: (below main) (libc_start_call_main.h:59)
==733465== 
==733465== 88 bytes in 1 blocks are still reachable in loss record 60 of 101
==733465==    at 0x586E858: malloc (vg_replace_malloc.c:447)
==733465==    by 0x473EBAB: rboxc_gawk_r_getblock (in /root/rboxc/target/gawk-format-lifetime-candidate/release/rboxc)
==733465==    by 0x473EF81: rboxc_gawk_make_str_node (in /root/rboxc/target/gawk-format-lifetime-candidate/release/rboxc)
==733465==    by 0x472BED5: rboxc_gawk_init_fields (in /root/rboxc/target/gawk-format-lifetime-candidate/release/rboxc)
==733465==    by 0x443F9A0: single_binary_main_gawk (in /root/rboxc/target/gawk-format-lifetime-candidate/release/rboxc)
==733465==    by 0x5A18600: (below main) (libc_start_call_main.h:59)
==733465== 
==733465== 88 bytes in 1 blocks are still reachable in loss record 61 of 101
==733465==    at 0x586E858: malloc (vg_replace_malloc.c:447)
==733465==    by 0x473EBAB: rboxc_gawk_r_getblock (in /root/rboxc/target/gawk-format-lifetime-candidate/release/rboxc)
==733465==    by 0x473EF81: rboxc_gawk_make_str_node (in /root/rboxc/target/gawk-format-lifetime-candidate/release/rboxc)
==733465==    by 0x472BF20: rboxc_gawk_init_fields (in /root/rboxc/target/gawk-format-lifetime-candidate/release/rboxc)
==733465==    by 0x443F9A0: single_binary_main_gawk (in /root/rboxc/target/gawk-format-lifetime-candidate/release/rboxc)
==733465==    by 0x5A18600: (below main) (libc_start_call_main.h:59)
==733465== 
==733465== 88 bytes in 1 blocks are still reachable in loss record 62 of 101
==733465==    at 0x586E858: malloc (vg_replace_malloc.c:447)
==733465==    by 0x473EBAB: rboxc_gawk_r_getblock (in /root/rboxc/target/gawk-format-lifetime-candidate/release/rboxc)
==733465==    by 0x471F151: rboxc_gawk_init_interpret (in /root/rboxc/target/gawk-format-lifetime-candidate/release/rboxc)
==733465==    by 0x443FE94: single_binary_main_gawk (in /root/rboxc/target/gawk-format-lifetime-candidate/release/rboxc)
==733465==    by 0x5A18600: (below main) (libc_start_call_main.h:59)
==733465== 
==733465== 88 bytes in 1 blocks are still reachable in loss record 63 of 101
==733465==    at 0x586E858: malloc (vg_replace_malloc.c:447)
==733465==    by 0x473EBAB: rboxc_gawk_r_getblock (in /root/rboxc/target/gawk-format-lifetime-candidate/release/rboxc)
==733465==    by 0x473F4F0: r_make_number (in /root/rboxc/target/gawk-format-lifetime-candidate/release/rboxc)
==733465==    by 0x471F1A5: rboxc_gawk_init_interpret (in /root/rboxc/target/gawk-format-lifetime-candidate/release/rboxc)
==733465==    by 0x443FE94: single_binary_main_gawk (in /root/rboxc/target/gawk-format-lifetime-candidate/release/rboxc)
==733465==    by 0x5A18600: (below main) (libc_start_call_main.h:59)
==733465== 
==733465== 88 bytes in 1 blocks are still reachable in loss record 64 of 101
==733465==    at 0x586E858: malloc (vg_replace_malloc.c:447)
==733465==    by 0x473EBAB: rboxc_gawk_r_getblock (in /root/rboxc/target/gawk-format-lifetime-candidate/release/rboxc)
==733465==    by 0x473F4F0: r_make_number (in /root/rboxc/target/gawk-format-lifetime-candidate/release/rboxc)
==733465==    by 0x471F1BA: rboxc_gawk_init_interpret (in /root/rboxc/target/gawk-format-lifetime-candidate/release/rboxc)
==733465==    by 0x443FE94: single_binary_main_gawk (in /root/rboxc/target/gawk-format-lifetime-candidate/release/rboxc)
==733465==    by 0x5A18600: (below main) (libc_start_call_main.h:59)
==733465== 
==733465== 88 bytes in 1 blocks are still reachable in loss record 65 of 101
==733465==    at 0x586E858: malloc (vg_replace_malloc.c:447)
==733465==    by 0x473EBAB: rboxc_gawk_r_getblock (in /root/rboxc/target/gawk-format-lifetime-candidate/release/rboxc)
==733465==    by 0x473EF81: rboxc_gawk_make_str_node (in /root/rboxc/target/gawk-format-lifetime-candidate/release/rboxc)
==733465==    by 0x474D135: install (in /root/rboxc/target/gawk-format-lifetime-candidate/release/rboxc)
==733465==    by 0x443FF58: single_binary_main_gawk (in /root/rboxc/target/gawk-format-lifetime-candidate/release/rboxc)
==733465==    by 0x5A18600: (below main) (libc_start_call_main.h:59)
==733465== 
==733465== 88 bytes in 1 blocks are still reachable in loss record 66 of 101
==733465==    at 0x586E858: malloc (vg_replace_malloc.c:447)
==733465==    by 0x473EBAB: rboxc_gawk_r_getblock (in /root/rboxc/target/gawk-format-lifetime-candidate/release/rboxc)
==733465==    by 0x474D213: install (in /root/rboxc/target/gawk-format-lifetime-candidate/release/rboxc)
==733465==    by 0x443FF58: single_binary_main_gawk (in /root/rboxc/target/gawk-format-lifetime-candidate/release/rboxc)
==733465==    by 0x5A18600: (below main) (libc_start_call_main.h:59)
==733465== 
==733465== 88 bytes in 1 blocks are still reachable in loss record 67 of 101
==733465==    at 0x586E858: malloc (vg_replace_malloc.c:447)
==733465==    by 0x473EBAB: rboxc_gawk_r_getblock (in /root/rboxc/target/gawk-format-lifetime-candidate/release/rboxc)
==733465==    by 0x473EF81: rboxc_gawk_make_str_node (in /root/rboxc/target/gawk-format-lifetime-candidate/release/rboxc)
==733465==    by 0x443FF98: single_binary_main_gawk (in /root/rboxc/target/gawk-format-lifetime-candidate/release/rboxc)
==733465==    by 0x5A18600: (below main) (libc_start_call_main.h:59)
==733465== 
==733465== 88 bytes in 1 blocks are still reachable in loss record 68 of 101
==733465==    at 0x586E858: malloc (vg_replace_malloc.c:447)
==733465==    by 0x473EBAB: rboxc_gawk_r_getblock (in /root/rboxc/target/gawk-format-lifetime-candidate/release/rboxc)
==733465==    by 0x470A932: cint_lookup (in /root/rboxc/target/gawk-format-lifetime-candidate/release/rboxc)
==733465==    by 0x4435AE2: rboxc::applet_gawk::assoc_set (in /root/rboxc/target/gawk-format-lifetime-candidate/release/rboxc)
==733465==    by 0x443FFAB: single_binary_main_gawk (in /root/rboxc/target/gawk-format-lifetime-candidate/release/rboxc)
==733465==    by 0x5A18600: (below main) (libc_start_call_main.h:59)
==733465== 
==733465== 88 bytes in 1 blocks are still reachable in loss record 69 of 101
==733465==    at 0x586E858: malloc (vg_replace_malloc.c:447)
==733465==    by 0x473EBAB: rboxc_gawk_r_getblock (in /root/rboxc/target/gawk-format-lifetime-candidate/release/rboxc)
==733465==    by 0x470A547: tree_lookup (in /root/rboxc/target/gawk-format-lifetime-candidate/release/rboxc)
==733465==    by 0x4435AE2: rboxc::applet_gawk::assoc_set (in /root/rboxc/target/gawk-format-lifetime-candidate/release/rboxc)
==733465==    by 0x443FFAB: single_binary_main_gawk (in /root/rboxc/target/gawk-format-lifetime-candidate/release/rboxc)
==733465==    by 0x5A18600: (below main) (libc_start_call_main.h:59)
==733465== 
==733465== 88 bytes in 1 blocks are still reachable in loss record 70 of 101
==733465==    at 0x586E858: malloc (vg_replace_malloc.c:447)
==733465==    by 0x473EBAB: rboxc_gawk_r_getblock (in /root/rboxc/target/gawk-format-lifetime-candidate/release/rboxc)
==733465==    by 0x473EF81: rboxc_gawk_make_str_node (in /root/rboxc/target/gawk-format-lifetime-candidate/release/rboxc)
==733465==    by 0x474D135: install (in /root/rboxc/target/gawk-format-lifetime-candidate/release/rboxc)
==733465==    by 0x4440233: single_binary_main_gawk (in /root/rboxc/target/gawk-format-lifetime-candidate/release/rboxc)
==733465==    by 0x5A18600: (below main) (libc_start_call_main.h:59)
==733465== 
==733465== 88 bytes in 1 blocks are still reachable in loss record 71 of 101
==733465==    at 0x586E858: malloc (vg_replace_malloc.c:447)
==733465==    by 0x473EBAB: rboxc_gawk_r_getblock (in /root/rboxc/target/gawk-format-lifetime-candidate/release/rboxc)
==733465==    by 0x474D213: install (in /root/rboxc/target/gawk-format-lifetime-candidate/release/rboxc)
==733465==    by 0x4440233: single_binary_main_gawk (in /root/rboxc/target/gawk-format-lifetime-candidate/release/rboxc)
==733465==    by 0x5A18600: (below main) (libc_start_call_main.h:59)
==733465== 
==733465== 88 bytes in 1 blocks are still reachable in loss record 72 of 101
==733465==    at 0x586E858: malloc (vg_replace_malloc.c:447)
==733465==    by 0x473EBAB: rboxc_gawk_r_getblock (in /root/rboxc/target/gawk-format-lifetime-candidate/release/rboxc)
==733465==    by 0x473F4F0: r_make_number (in /root/rboxc/target/gawk-format-lifetime-candidate/release/rboxc)
==733465==    by 0x4440258: single_binary_main_gawk (in /root/rboxc/target/gawk-format-lifetime-candidate/release/rboxc)
==733465==    by 0x5A18600: (below main) (libc_start_call_main.h:59)
==733465== 
==733465== 88 bytes in 1 blocks are still reachable in loss record 73 of 101
==733465==    at 0x586E858: malloc (vg_replace_malloc.c:447)
==733465==    by 0x473EBAB: rboxc_gawk_r_getblock (in /root/rboxc/target/gawk-format-lifetime-candidate/release/rboxc)
==733465==    by 0x473F4F0: r_make_number (in /root/rboxc/target/gawk-format-lifetime-candidate/release/rboxc)
==733465==    by 0x46EFECC: yylex (in /root/rboxc/target/gawk-format-lifetime-candidate/release/rboxc)
==733465==    by 0x46F249C: rboxc_gawk_yyparse (in /root/rboxc/target/gawk-format-lifetime-candidate/release/rboxc)
==733465==    by 0x46F639A: rboxc_gawk_parse_program (in /root/rboxc/target/gawk-format-lifetime-candidate/release/rboxc)
==733465==    by 0x44402A4: single_binary_main_gawk (in /root/rboxc/target/gawk-format-lifetime-candidate/release/rboxc)
==733465==    by 0x5A18600: (below main) (libc_start_call_main.h:59)
==733465== 
==733465== 88 bytes in 1 blocks are still reachable in loss record 74 of 101
==733465==    at 0x586E858: malloc (vg_replace_malloc.c:447)
==733465==    by 0x473EBAB: rboxc_gawk_r_getblock (in /root/rboxc/target/gawk-format-lifetime-candidate/release/rboxc)
==733465==    by 0x473F4F0: r_make_number (in /root/rboxc/target/gawk-format-lifetime-candidate/release/rboxc)
==733465==    by 0x46EC541: mk_binary (in /root/rboxc/target/gawk-format-lifetime-candidate/release/rboxc)
==733465==    by 0x46F41F0: rboxc_gawk_yyparse (in /root/rboxc/target/gawk-format-lifetime-candidate/release/rboxc)
==733465==    by 0x46F639A: rboxc_gawk_parse_program (in /root/rboxc/target/gawk-format-lifetime-candidate/release/rboxc)
==733465==    by 0x44402A4: single_binary_main_gawk (in /root/rboxc/target/gawk-format-lifetime-candidate/release/rboxc)
==733465==    by 0x5A18600: (below main) (libc_start_call_main.h:59)
==733465== 
==733465== 91 bytes in 9 blocks are still reachable in loss record 75 of 101
==733465==    at 0x586E858: malloc (vg_replace_malloc.c:447)
==733465==    by 0x473F017: rboxc_gawk_make_str_node (in /root/rboxc/target/gawk-format-lifetime-candidate/release/rboxc)
==733465==    by 0x443FD0C: single_binary_main_gawk (in /root/rboxc/target/gawk-format-lifetime-candidate/release/rboxc)
==733465==    by 0x5A18600: (below main) (libc_start_call_main.h:59)
==733465== 
==733465== 104 bytes in 1 blocks are still reachable in loss record 76 of 101
==733465==    at 0x5875E43: calloc (vg_replace_malloc.c:1678)
==733465==    by 0x474BDD4: grow_table (in /root/rboxc/target/gawk-format-lifetime-candidate/release/rboxc)
==733465==    by 0x474C9BC: str_lookup (in /root/rboxc/target/gawk-format-lifetime-candidate/release/rboxc)
==733465==    by 0x474D16C: install (in /root/rboxc/target/gawk-format-lifetime-candidate/release/rboxc)
==733465==    by 0x474D449: init_the_tables (in /root/rboxc/target/gawk-format-lifetime-candidate/release/rboxc)
==733465==    by 0x443E550: single_binary_main_gawk (in /root/rboxc/target/gawk-format-lifetime-candidate/release/rboxc)
==733465==    by 0x5A18600: (below main) (libc_start_call_main.h:59)
==733465== 
==733465== 104 bytes in 1 blocks are still reachable in loss record 77 of 101
==733465==    at 0x5875E43: calloc (vg_replace_malloc.c:1678)
==733465==    by 0x474BDD4: grow_table (in /root/rboxc/target/gawk-format-lifetime-candidate/release/rboxc)
==733465==    by 0x474C9BC: str_lookup (in /root/rboxc/target/gawk-format-lifetime-candidate/release/rboxc)
==733465==    by 0x474D16C: install (in /root/rboxc/target/gawk-format-lifetime-candidate/release/rboxc)
==733465==    by 0x443F280: single_binary_main_gawk (in /root/rboxc/target/gawk-format-lifetime-candidate/release/rboxc)
==733465==    by 0x5A18600: (below main) (libc_start_call_main.h:59)
==733465== 
==733465== 104 bytes in 1 blocks are still reachable in loss record 78 of 101
==733465==    at 0x5875E43: calloc (vg_replace_malloc.c:1678)
==733465==    by 0x474BDD4: grow_table (in /root/rboxc/target/gawk-format-lifetime-candidate/release/rboxc)
==733465==    by 0x474C9BC: str_lookup (in /root/rboxc/target/gawk-format-lifetime-candidate/release/rboxc)
==733465==    by 0x443FD46: single_binary_main_gawk (in /root/rboxc/target/gawk-format-lifetime-candidate/release/rboxc)
==733465==    by 0x5A18600: (below main) (libc_start_call_main.h:59)
==733465== 
==733465== 104 bytes in 1 blocks are still reachable in loss record 79 of 101
==733465==    at 0x5875E43: calloc (vg_replace_malloc.c:1678)
==733465==    by 0x474BDD4: grow_table (in /root/rboxc/target/gawk-format-lifetime-candidate/release/rboxc)
==733465==    by 0x474C9BC: str_lookup (in /root/rboxc/target/gawk-format-lifetime-candidate/release/rboxc)
==733465==    by 0x474D16C: install (in /root/rboxc/target/gawk-format-lifetime-candidate/release/rboxc)
==733465==    by 0x46EF48E: rboxc_gawk_install_builtins (in /root/rboxc/target/gawk-format-lifetime-candidate/release/rboxc)
==733465==    by 0x444030E: single_binary_main_gawk (in /root/rboxc/target/gawk-format-lifetime-candidate/release/rboxc)
==733465==    by 0x5A18600: (below main) (libc_start_call_main.h:59)
==733465== 
==733465== 127 bytes in 22 blocks are still reachable in loss record 80 of 101
==733465==    at 0x586E858: malloc (vg_replace_malloc.c:447)
==733465==    by 0x473F017: rboxc_gawk_make_str_node (in /root/rboxc/target/gawk-format-lifetime-candidate/release/rboxc)
==733465==    by 0x474D135: install (in /root/rboxc/target/gawk-format-lifetime-candidate/release/rboxc)
==733465==    by 0x46EF48E: rboxc_gawk_install_builtins (in /root/rboxc/target/gawk-format-lifetime-candidate/release/rboxc)
==733465==    by 0x444030E: single_binary_main_gawk (in /root/rboxc/target/gawk-format-lifetime-candidate/release/rboxc)
==733465==    by 0x5A18600: (below main) (libc_start_call_main.h:59)
==733465== 
==733465== 192 bytes in 9 blocks are still reachable in loss record 81 of 101
==733465==    at 0x586E858: malloc (vg_replace_malloc.c:447)
==733465==    by 0x473F017: rboxc_gawk_make_str_node (in /root/rboxc/target/gawk-format-lifetime-candidate/release/rboxc)
==733465==    by 0x443FD20: single_binary_main_gawk (in /root/rboxc/target/gawk-format-lifetime-candidate/release/rboxc)
==733465==    by 0x5A18600: (below main) (libc_start_call_main.h:59)
==733465== 
==733465== 256 bytes in 1 blocks are still reachable in loss record 82 of 101
==733465==    at 0x5875E43: calloc (vg_replace_malloc.c:1678)
==733465==    by 0x470A8F2: cint_lookup (in /root/rboxc/target/gawk-format-lifetime-candidate/release/rboxc)
==733465==    by 0x4435AE2: rboxc::applet_gawk::assoc_set (in /root/rboxc/target/gawk-format-lifetime-candidate/release/rboxc)
==733465==    by 0x443FFAB: single_binary_main_gawk (in /root/rboxc/target/gawk-format-lifetime-candidate/release/rboxc)
==733465==    by 0x5A18600: (below main) (libc_start_call_main.h:59)
==733465== 
==733465== 256 bytes in 1 blocks are still reachable in loss record 83 of 101
==733465==    at 0x5875E43: calloc (vg_replace_malloc.c:1678)
==733465==    by 0x470A2F7: tree_lookup (in /root/rboxc/target/gawk-format-lifetime-candidate/release/rboxc)
==733465==    by 0x4435AE2: rboxc::applet_gawk::assoc_set (in /root/rboxc/target/gawk-format-lifetime-candidate/release/rboxc)
==733465==    by 0x443FFAB: single_binary_main_gawk (in /root/rboxc/target/gawk-format-lifetime-candidate/release/rboxc)
==733465==    by 0x5A18600: (below main) (libc_start_call_main.h:59)
==733465== 
==733465== 256 bytes in 1 blocks are still reachable in loss record 84 of 101
==733465==    at 0x5875E43: calloc (vg_replace_malloc.c:1678)
==733465==    by 0x470A520: tree_lookup (in /root/rboxc/target/gawk-format-lifetime-candidate/release/rboxc)
==733465==    by 0x4435AE2: rboxc::applet_gawk::assoc_set (in /root/rboxc/target/gawk-format-lifetime-candidate/release/rboxc)
==733465==    by 0x443FFAB: single_binary_main_gawk (in /root/rboxc/target/gawk-format-lifetime-candidate/release/rboxc)
==733465==    by 0x5A18600: (below main) (libc_start_call_main.h:59)
==733465== 
==733465== 296 bytes in 1 blocks are still reachable in loss record 85 of 101
==733465==    at 0x5875E43: calloc (vg_replace_malloc.c:1678)
==733465==    by 0x46EA646: do_add_srcfile (in /root/rboxc/target/gawk-format-lifetime-candidate/release/rboxc)
==733465==    by 0x46EE77F: rboxc_gawk_add_srcfile (in /root/rboxc/target/gawk-format-lifetime-candidate/release/rboxc)
==733465==    by 0x443FE8C: single_binary_main_gawk (in /root/rboxc/target/gawk-format-lifetime-candidate/release/rboxc)
==733465==    by 0x5A18600: (below main) (libc_start_call_main.h:59)
==733465== 
==733465== 432 bytes in 9 blocks are still reachable in loss record 86 of 101
==733465==    at 0x586E858: malloc (vg_replace_malloc.c:447)
==733465==    by 0x473EBAB: rboxc_gawk_r_getblock (in /root/rboxc/target/gawk-format-lifetime-candidate/release/rboxc)
==733465==    by 0x474C959: str_lookup (in /root/rboxc/target/gawk-format-lifetime-candidate/release/rboxc)
==733465==    by 0x443FD46: single_binary_main_gawk (in /root/rboxc/target/gawk-format-lifetime-candidate/release/rboxc)
==733465==    by 0x5A18600: (below main) (libc_start_call_main.h:59)
==733465== 
==733465== 440 bytes in 5 blocks are still reachable in loss record 87 of 101
==733465==    at 0x586E858: malloc (vg_replace_malloc.c:447)
==733465==    by 0x473EBAB: rboxc_gawk_r_getblock (in /root/rboxc/target/gawk-format-lifetime-candidate/release/rboxc)
==733465==    by 0x473F4F0: r_make_number (in /root/rboxc/target/gawk-format-lifetime-candidate/release/rboxc)
==733465==    by 0x443F2C3: single_binary_main_gawk (in /root/rboxc/target/gawk-format-lifetime-candidate/release/rboxc)
==733465==    by 0x5A18600: (below main) (libc_start_call_main.h:59)
==733465== 
==733465== 552 bytes in 1 blocks are still reachable in loss record 88 of 101
==733465==    at 0x5875E43: calloc (vg_replace_malloc.c:1678)
==733465==    by 0x474EA56: rboxc_gawk_new_context (in /root/rboxc/target/gawk-format-lifetime-candidate/release/rboxc)
==733465==    by 0x443E56A: single_binary_main_gawk (in /root/rboxc/target/gawk-format-lifetime-candidate/release/rboxc)
==733465==    by 0x5A18600: (below main) (libc_start_call_main.h:59)
==733465== 
==733465== 624 bytes in 13 blocks are still reachable in loss record 89 of 101
==733465==    at 0x586E858: malloc (vg_replace_malloc.c:447)
==733465==    by 0x473EBAB: rboxc_gawk_r_getblock (in /root/rboxc/target/gawk-format-lifetime-candidate/release/rboxc)
==733465==    by 0x474C959: str_lookup (in /root/rboxc/target/gawk-format-lifetime-candidate/release/rboxc)
==733465==    by 0x474D16C: install (in /root/rboxc/target/gawk-format-lifetime-candidate/release/rboxc)
==733465==    by 0x443F280: single_binary_main_gawk (in /root/rboxc/target/gawk-format-lifetime-candidate/release/rboxc)
==733465==    by 0x5A18600: (below main) (libc_start_call_main.h:59)
==733465== 
==733465== 704 bytes in 8 blocks are still reachable in loss record 90 of 101
==733465==    at 0x586E858: malloc (vg_replace_malloc.c:447)
==733465==    by 0x473EBAB: rboxc_gawk_r_getblock (in /root/rboxc/target/gawk-format-lifetime-candidate/release/rboxc)
==733465==    by 0x473EF81: rboxc_gawk_make_str_node (in /root/rboxc/target/gawk-format-lifetime-candidate/release/rboxc)
==733465==    by 0x443F2AA: single_binary_main_gawk (in /root/rboxc/target/gawk-format-lifetime-candidate/release/rboxc)
==733465==    by 0x5A18600: (below main) (libc_start_call_main.h:59)
==733465== 
==733465== 792 bytes in 9 blocks are still reachable in loss record 91 of 101
==733465==    at 0x586E858: malloc (vg_replace_malloc.c:447)
==733465==    by 0x473EBAB: rboxc_gawk_r_getblock (in /root/rboxc/target/gawk-format-lifetime-candidate/release/rboxc)
==733465==    by 0x473EF81: rboxc_gawk_make_str_node (in /root/rboxc/target/gawk-format-lifetime-candidate/release/rboxc)
==733465==    by 0x443FD0C: single_binary_main_gawk (in /root/rboxc/target/gawk-format-lifetime-candidate/release/rboxc)
==733465==    by 0x5A18600: (below main) (libc_start_call_main.h:59)
==733465== 
==733465== 792 bytes in 9 blocks are still reachable in loss record 92 of 101
==733465==    at 0x586E858: malloc (vg_replace_malloc.c:447)
==733465==    by 0x473EBAB: rboxc_gawk_r_getblock (in /root/rboxc/target/gawk-format-lifetime-candidate/release/rboxc)
==733465==    by 0x473EF81: rboxc_gawk_make_str_node (in /root/rboxc/target/gawk-format-lifetime-candidate/release/rboxc)
==733465==    by 0x443FD20: single_binary_main_gawk (in /root/rboxc/target/gawk-format-lifetime-candidate/release/rboxc)
==733465==    by 0x5A18600: (below main) (libc_start_call_main.h:59)
==733465== 
==733465== 1,056 bytes in 22 blocks are still reachable in loss record 93 of 101
==733465==    at 0x586E858: malloc (vg_replace_malloc.c:447)
==733465==    by 0x473EBAB: rboxc_gawk_r_getblock (in /root/rboxc/target/gawk-format-lifetime-candidate/release/rboxc)
==733465==    by 0x474C959: str_lookup (in /root/rboxc/target/gawk-format-lifetime-candidate/release/rboxc)
==733465==    by 0x474D16C: install (in /root/rboxc/target/gawk-format-lifetime-candidate/release/rboxc)
==733465==    by 0x46EF48E: rboxc_gawk_install_builtins (in /root/rboxc/target/gawk-format-lifetime-candidate/release/rboxc)
==733465==    by 0x444030E: single_binary_main_gawk (in /root/rboxc/target/gawk-format-lifetime-candidate/release/rboxc)
==733465==    by 0x5A18600: (below main) (libc_start_call_main.h:59)
==733465== 
==733465== 1,144 bytes in 13 blocks are still reachable in loss record 94 of 101
==733465==    at 0x586E858: malloc (vg_replace_malloc.c:447)
==733465==    by 0x473EBAB: rboxc_gawk_r_getblock (in /root/rboxc/target/gawk-format-lifetime-candidate/release/rboxc)
==733465==    by 0x473EF81: rboxc_gawk_make_str_node (in /root/rboxc/target/gawk-format-lifetime-candidate/release/rboxc)
==733465==    by 0x474D135: install (in /root/rboxc/target/gawk-format-lifetime-candidate/release/rboxc)
==733465==    by 0x443F280: single_binary_main_gawk (in /root/rboxc/target/gawk-format-lifetime-candidate/release/rboxc)
==733465==    by 0x5A18600: (below main) (libc_start_call_main.h:59)
==733465== 
==733465== 1,144 bytes in 13 blocks are still reachable in loss record 95 of 101
==733465==    at 0x586E858: malloc (vg_replace_malloc.c:447)
==733465==    by 0x473EBAB: rboxc_gawk_r_getblock (in /root/rboxc/target/gawk-format-lifetime-candidate/release/rboxc)
==733465==    by 0x474D213: install (in /root/rboxc/target/gawk-format-lifetime-candidate/release/rboxc)
==733465==    by 0x443F280: single_binary_main_gawk (in /root/rboxc/target/gawk-format-lifetime-candidate/release/rboxc)
==733465==    by 0x5A18600: (below main) (libc_start_call_main.h:59)
==733465== 
==733465== 1,936 bytes in 22 blocks are still reachable in loss record 96 of 101
==733465==    at 0x586E858: malloc (vg_replace_malloc.c:447)
==733465==    by 0x473EBAB: rboxc_gawk_r_getblock (in /root/rboxc/target/gawk-format-lifetime-candidate/release/rboxc)
==733465==    by 0x473EF81: rboxc_gawk_make_str_node (in /root/rboxc/target/gawk-format-lifetime-candidate/release/rboxc)
==733465==    by 0x474D135: install (in /root/rboxc/target/gawk-format-lifetime-candidate/release/rboxc)
==733465==    by 0x46EF48E: rboxc_gawk_install_builtins (in /root/rboxc/target/gawk-format-lifetime-candidate/release/rboxc)
==733465==    by 0x444030E: single_binary_main_gawk (in /root/rboxc/target/gawk-format-lifetime-candidate/release/rboxc)
==733465==    by 0x5A18600: (below main) (libc_start_call_main.h:59)
==733465== 
==733465== 1,936 bytes in 22 blocks are still reachable in loss record 97 of 101
==733465==    at 0x586E858: malloc (vg_replace_malloc.c:447)
==733465==    by 0x473EBAB: rboxc_gawk_r_getblock (in /root/rboxc/target/gawk-format-lifetime-candidate/release/rboxc)
==733465==    by 0x474D2FE: install (in /root/rboxc/target/gawk-format-lifetime-candidate/release/rboxc)
==733465==    by 0x46EF48E: rboxc_gawk_install_builtins (in /root/rboxc/target/gawk-format-lifetime-candidate/release/rboxc)
==733465==    by 0x444030E: single_binary_main_gawk (in /root/rboxc/target/gawk-format-lifetime-candidate/release/rboxc)
==733465==    by 0x5A18600: (below main) (libc_start_call_main.h:59)
==733465== 
==733465== 2,048 bytes in 1 blocks are still reachable in loss record 98 of 101
==733465==    at 0x586E858: malloc (vg_replace_malloc.c:447)
==733465==    by 0x471F119: rboxc_gawk_init_interpret (in /root/rboxc/target/gawk-format-lifetime-candidate/release/rboxc)
==733465==    by 0x443FE94: single_binary_main_gawk (in /root/rboxc/target/gawk-format-lifetime-candidate/release/rboxc)
==733465==    by 0x5A18600: (below main) (libc_start_call_main.h:59)
==733465== 
==733465== 5,048 bytes in 1 blocks are still reachable in loss record 99 of 101
==733465==    at 0x586E858: malloc (vg_replace_malloc.c:447)
==733465==    by 0x474E971: rboxc_gawk_bcalloc (in /root/rboxc/target/gawk-format-lifetime-candidate/release/rboxc)
==733465==    by 0x46F62BC: rboxc_gawk_parse_program (in /root/rboxc/target/gawk-format-lifetime-candidate/release/rboxc)
==733465==    by 0x44402A4: single_binary_main_gawk (in /root/rboxc/target/gawk-format-lifetime-candidate/release/rboxc)
==733465==    by 0x5A18600: (below main) (libc_start_call_main.h:59)
==733465== 
==733465== 5,048 bytes in 1 blocks are still reachable in loss record 100 of 101
==733465==    at 0x586E858: malloc (vg_replace_malloc.c:447)
==733465==    by 0x474E971: rboxc_gawk_bcalloc (in /root/rboxc/target/gawk-format-lifetime-candidate/release/rboxc)
==733465==    by 0x46F67B8: rboxc_gawk_parse_program (in /root/rboxc/target/gawk-format-lifetime-candidate/release/rboxc)
==733465==    by 0x44402A4: single_binary_main_gawk (in /root/rboxc/target/gawk-format-lifetime-candidate/release/rboxc)
==733465==    by 0x5A18600: (below main) (libc_start_call_main.h:59)
==733465== 
==733465== 5,048 bytes in 1 blocks are still reachable in loss record 101 of 101
==733465==    at 0x586E858: malloc (vg_replace_malloc.c:447)
==733465==    by 0x474E971: rboxc_gawk_bcalloc (in /root/rboxc/target/gawk-format-lifetime-candidate/release/rboxc)
==733465==    by 0x46F1F4A: yylex (in /root/rboxc/target/gawk-format-lifetime-candidate/release/rboxc)
==733465==    by 0x46F249C: rboxc_gawk_yyparse (in /root/rboxc/target/gawk-format-lifetime-candidate/release/rboxc)
==733465==    by 0x46F639A: rboxc_gawk_parse_program (in /root/rboxc/target/gawk-format-lifetime-candidate/release/rboxc)
==733465==    by 0x44402A4: single_binary_main_gawk (in /root/rboxc/target/gawk-format-lifetime-candidate/release/rboxc)
==733465==    by 0x5A18600: (below main) (libc_start_call_main.h:59)
==733465== 
==733465== LEAK SUMMARY:
==733465==    definitely lost: 0 bytes in 0 blocks
==733465==    indirectly lost: 0 bytes in 0 blocks
==733465==      possibly lost: 0 bytes in 0 blocks
==733465==    still reachable: 34,049 bytes in 305 blocks
==733465==         suppressed: 0 bytes in 0 blocks
==733465== 
==733465== For lists of detected and suppressed errors, rerun with: -s
==733465== ERROR SUMMARY: 0 errors from 0 contexts (suppressed: 0 from 0)
