==733570== Memcheck, a memory error detector
==733570== Copyright (C) 2002-2024, and GNU GPL'd, by Julian Seward et al.
==733570== Using Valgrind-3.26.0 and LibVEX; rerun with -h for copyright info
==733570== Command: /tmp/rboxc-gawk-39dffnwb/exec/gawk -f missing
==733570== Parent PID: 732337
==733570== 
==733570== 
==733570== FILE DESCRIPTORS: 3 open (3 inherited) at exit.
==733570== 
==733570== HEAP SUMMARY:
==733570==     in use at exit: 1,564 bytes in 33 blocks
==733570==   total heap usage: 51 allocs, 18 frees, 2,095 bytes allocated
==733570== 
==733570== 1 bytes in 1 blocks are still reachable in loss record 1 of 30
==733570==    at 0x586E858: malloc (vg_replace_malloc.c:447)
==733570==    by 0x44390B0: rboxc_gawk_estrdup (in /root/rboxc/target/gawk-format-lifetime-candidate/release/rboxc)
==733570==    by 0x443E31E: single_binary_main_gawk (in /root/rboxc/target/gawk-format-lifetime-candidate/release/rboxc)
==733570==    by 0x5A18600: (below main) (libc_start_call_main.h:59)
==733570== 
==733570== 1 bytes in 1 blocks are still reachable in loss record 2 of 30
==733570==    at 0x586E858: malloc (vg_replace_malloc.c:447)
==733570==    by 0x44390B0: rboxc_gawk_estrdup (in /root/rboxc/target/gawk-format-lifetime-candidate/release/rboxc)
==733570==    by 0x443E34D: single_binary_main_gawk (in /root/rboxc/target/gawk-format-lifetime-candidate/release/rboxc)
==733570==    by 0x5A18600: (below main) (libc_start_call_main.h:59)
==733570== 
==733570== 1 bytes in 1 blocks are still reachable in loss record 3 of 30
==733570==    at 0x586E858: malloc (vg_replace_malloc.c:447)
==733570==    by 0x44390B0: rboxc_gawk_estrdup (in /root/rboxc/target/gawk-format-lifetime-candidate/release/rboxc)
==733570==    by 0x443E365: single_binary_main_gawk (in /root/rboxc/target/gawk-format-lifetime-candidate/release/rboxc)
==733570==    by 0x5A18600: (below main) (libc_start_call_main.h:59)
==733570== 
==733570== 1 bytes in 1 blocks are still reachable in loss record 4 of 30
==733570==    at 0x586E858: malloc (vg_replace_malloc.c:447)
==733570==    by 0x44390B0: rboxc_gawk_estrdup (in /root/rboxc/target/gawk-format-lifetime-candidate/release/rboxc)
==733570==    by 0x443E37D: single_binary_main_gawk (in /root/rboxc/target/gawk-format-lifetime-candidate/release/rboxc)
==733570==    by 0x5A18600: (below main) (libc_start_call_main.h:59)
==733570== 
==733570== 1 bytes in 1 blocks are still reachable in loss record 5 of 30
==733570==    at 0x586E858: malloc (vg_replace_malloc.c:447)
==733570==    by 0x44390B0: rboxc_gawk_estrdup (in /root/rboxc/target/gawk-format-lifetime-candidate/release/rboxc)
==733570==    by 0x443E395: single_binary_main_gawk (in /root/rboxc/target/gawk-format-lifetime-candidate/release/rboxc)
==733570==    by 0x5A18600: (below main) (libc_start_call_main.h:59)
==733570== 
==733570== 1 bytes in 1 blocks are still reachable in loss record 6 of 30
==733570==    at 0x586E858: malloc (vg_replace_malloc.c:447)
==733570==    by 0x44390B0: rboxc_gawk_estrdup (in /root/rboxc/target/gawk-format-lifetime-candidate/release/rboxc)
==733570==    by 0x443E3AD: single_binary_main_gawk (in /root/rboxc/target/gawk-format-lifetime-candidate/release/rboxc)
==733570==    by 0x5A18600: (below main) (libc_start_call_main.h:59)
==733570== 
==733570== 1 bytes in 1 blocks are still reachable in loss record 7 of 30
==733570==    at 0x586E858: malloc (vg_replace_malloc.c:447)
==733570==    by 0x44390B0: rboxc_gawk_estrdup (in /root/rboxc/target/gawk-format-lifetime-candidate/release/rboxc)
==733570==    by 0x443E3C5: single_binary_main_gawk (in /root/rboxc/target/gawk-format-lifetime-candidate/release/rboxc)
==733570==    by 0x5A18600: (below main) (libc_start_call_main.h:59)
==733570== 
==733570== 1 bytes in 1 blocks are still reachable in loss record 8 of 30
==733570==    at 0x586E858: malloc (vg_replace_malloc.c:447)
==733570==    by 0x44390B0: rboxc_gawk_estrdup (in /root/rboxc/target/gawk-format-lifetime-candidate/release/rboxc)
==733570==    by 0x443E3DD: single_binary_main_gawk (in /root/rboxc/target/gawk-format-lifetime-candidate/release/rboxc)
==733570==    by 0x5A18600: (below main) (libc_start_call_main.h:59)
==733570== 
==733570== 1 bytes in 1 blocks are still reachable in loss record 9 of 30
==733570==    at 0x586E858: malloc (vg_replace_malloc.c:447)
==733570==    by 0x44390B0: rboxc_gawk_estrdup (in /root/rboxc/target/gawk-format-lifetime-candidate/release/rboxc)
==733570==    by 0x443E3F5: single_binary_main_gawk (in /root/rboxc/target/gawk-format-lifetime-candidate/release/rboxc)
==733570==    by 0x5A18600: (below main) (libc_start_call_main.h:59)
==733570== 
==733570== 1 bytes in 1 blocks are still reachable in loss record 10 of 30
==733570==    at 0x586E858: malloc (vg_replace_malloc.c:447)
==733570==    by 0x473F017: rboxc_gawk_make_str_node (in /root/rboxc/target/gawk-format-lifetime-candidate/release/rboxc)
==733570==    by 0x443E47C: single_binary_main_gawk (in /root/rboxc/target/gawk-format-lifetime-candidate/release/rboxc)
==733570==    by 0x5A18600: (below main) (libc_start_call_main.h:59)
==733570== 
==733570== 2 bytes in 1 blocks are still reachable in loss record 11 of 30
==733570==    at 0x586E858: malloc (vg_replace_malloc.c:447)
==733570==    by 0x44390B0: rboxc_gawk_estrdup (in /root/rboxc/target/gawk-format-lifetime-candidate/release/rboxc)
==733570==    by 0x443E335: single_binary_main_gawk (in /root/rboxc/target/gawk-format-lifetime-candidate/release/rboxc)
==733570==    by 0x5A18600: (below main) (libc_start_call_main.h:59)
==733570== 
==733570== 7 bytes in 1 blocks are still reachable in loss record 12 of 30
==733570==    at 0x586E858: malloc (vg_replace_malloc.c:447)
==733570==    by 0x44390B0: rboxc_gawk_estrdup (in /root/rboxc/target/gawk-format-lifetime-candidate/release/rboxc)
==733570==    by 0x474D461: init_the_tables (in /root/rboxc/target/gawk-format-lifetime-candidate/release/rboxc)
==733570==    by 0x443E550: single_binary_main_gawk (in /root/rboxc/target/gawk-format-lifetime-candidate/release/rboxc)
==733570==    by 0x5A18600: (below main) (libc_start_call_main.h:59)
==733570== 
==733570== 7 bytes in 1 blocks are still reachable in loss record 13 of 30
==733570==    at 0x586E858: malloc (vg_replace_malloc.c:447)
==733570==    by 0x473F017: rboxc_gawk_make_str_node (in /root/rboxc/target/gawk-format-lifetime-candidate/release/rboxc)
==733570==    by 0x474D135: install (in /root/rboxc/target/gawk-format-lifetime-candidate/release/rboxc)
==733570==    by 0x474D470: init_the_tables (in /root/rboxc/target/gawk-format-lifetime-candidate/release/rboxc)
==733570==    by 0x443E550: single_binary_main_gawk (in /root/rboxc/target/gawk-format-lifetime-candidate/release/rboxc)
==733570==    by 0x5A18600: (below main) (libc_start_call_main.h:59)
==733570== 
==733570== 8 bytes in 1 blocks are still reachable in loss record 14 of 30
==733570==    at 0x586E858: malloc (vg_replace_malloc.c:447)
==733570==    by 0x44390B0: rboxc_gawk_estrdup (in /root/rboxc/target/gawk-format-lifetime-candidate/release/rboxc)
==733570==    by 0x474D43A: init_the_tables (in /root/rboxc/target/gawk-format-lifetime-candidate/release/rboxc)
==733570==    by 0x443E550: single_binary_main_gawk (in /root/rboxc/target/gawk-format-lifetime-candidate/release/rboxc)
==733570==    by 0x5A18600: (below main) (libc_start_call_main.h:59)
==733570== 
==733570== 8 bytes in 1 blocks are still reachable in loss record 15 of 30
==733570==    at 0x586E858: malloc (vg_replace_malloc.c:447)
==733570==    by 0x473F017: rboxc_gawk_make_str_node (in /root/rboxc/target/gawk-format-lifetime-candidate/release/rboxc)
==733570==    by 0x474D135: install (in /root/rboxc/target/gawk-format-lifetime-candidate/release/rboxc)
==733570==    by 0x474D449: init_the_tables (in /root/rboxc/target/gawk-format-lifetime-candidate/release/rboxc)
==733570==    by 0x443E550: single_binary_main_gawk (in /root/rboxc/target/gawk-format-lifetime-candidate/release/rboxc)
==733570==    by 0x5A18600: (below main) (libc_start_call_main.h:59)
==733570== 
==733570== 32 bytes in 1 blocks are still reachable in loss record 16 of 30
==733570==    at 0x586E858: malloc (vg_replace_malloc.c:447)
==733570==    by 0x443E5D9: single_binary_main_gawk (in /root/rboxc/target/gawk-format-lifetime-candidate/release/rboxc)
==733570==    by 0x5A18600: (below main) (libc_start_call_main.h:59)
==733570== 
==733570== 32 bytes in 1 blocks are still reachable in loss record 17 of 30
==733570==    at 0x5875E43: calloc (vg_replace_malloc.c:1678)
==733570==    by 0x4735832: do_find_source (in /root/rboxc/target/gawk-format-lifetime-candidate/release/rboxc)
==733570==    by 0x473C081: rboxc_gawk_find_source (in /root/rboxc/target/gawk-format-lifetime-candidate/release/rboxc)
==733570==    by 0x46EE658: rboxc_gawk_add_srcfile (in /root/rboxc/target/gawk-format-lifetime-candidate/release/rboxc)
==733570==    by 0x443E939: single_binary_main_gawk (in /root/rboxc/target/gawk-format-lifetime-candidate/release/rboxc)
==733570==    by 0x5A18600: (below main) (libc_start_call_main.h:59)
==733570== 
==733570== 44 bytes in 2 blocks are still reachable in loss record 18 of 30
==733570==    at 0x586E858: malloc (vg_replace_malloc.c:447)
==733570==    by 0x4735927: do_find_source (in /root/rboxc/target/gawk-format-lifetime-candidate/release/rboxc)
==733570==    by 0x473C081: rboxc_gawk_find_source (in /root/rboxc/target/gawk-format-lifetime-candidate/release/rboxc)
==733570==    by 0x46EE658: rboxc_gawk_add_srcfile (in /root/rboxc/target/gawk-format-lifetime-candidate/release/rboxc)
==733570==    by 0x443E939: single_binary_main_gawk (in /root/rboxc/target/gawk-format-lifetime-candidate/release/rboxc)
==733570==    by 0x5A18600: (below main) (libc_start_call_main.h:59)
==733570== 
==733570== 46 bytes in 3 blocks are still reachable in loss record 19 of 30
==733570==    at 0x586E858: malloc (vg_replace_malloc.c:447)
==733570==    by 0x443E678: single_binary_main_gawk (in /root/rboxc/target/gawk-format-lifetime-candidate/release/rboxc)
==733570==    by 0x5A18600: (below main) (libc_start_call_main.h:59)
==733570== 
==733570== 48 bytes in 1 blocks are still reachable in loss record 20 of 30
==733570==    at 0x586E858: malloc (vg_replace_malloc.c:447)
==733570==    by 0x473EBAB: rboxc_gawk_r_getblock (in /root/rboxc/target/gawk-format-lifetime-candidate/release/rboxc)
==733570==    by 0x474C959: str_lookup (in /root/rboxc/target/gawk-format-lifetime-candidate/release/rboxc)
==733570==    by 0x474D16C: install (in /root/rboxc/target/gawk-format-lifetime-candidate/release/rboxc)
==733570==    by 0x474D449: init_the_tables (in /root/rboxc/target/gawk-format-lifetime-candidate/release/rboxc)
==733570==    by 0x443E550: single_binary_main_gawk (in /root/rboxc/target/gawk-format-lifetime-candidate/release/rboxc)
==733570==    by 0x5A18600: (below main) (libc_start_call_main.h:59)
==733570== 
==733570== 48 bytes in 1 blocks are still reachable in loss record 21 of 30
==733570==    at 0x586E858: malloc (vg_replace_malloc.c:447)
==733570==    by 0x473EBAB: rboxc_gawk_r_getblock (in /root/rboxc/target/gawk-format-lifetime-candidate/release/rboxc)
==733570==    by 0x474C959: str_lookup (in /root/rboxc/target/gawk-format-lifetime-candidate/release/rboxc)
==733570==    by 0x474D16C: install (in /root/rboxc/target/gawk-format-lifetime-candidate/release/rboxc)
==733570==    by 0x474D470: init_the_tables (in /root/rboxc/target/gawk-format-lifetime-candidate/release/rboxc)
==733570==    by 0x443E550: single_binary_main_gawk (in /root/rboxc/target/gawk-format-lifetime-candidate/release/rboxc)
==733570==    by 0x5A18600: (below main) (libc_start_call_main.h:59)
==733570== 
==733570== 88 bytes in 1 blocks are still reachable in loss record 22 of 30
==733570==    at 0x586E858: malloc (vg_replace_malloc.c:447)
==733570==    by 0x473EBAB: rboxc_gawk_r_getblock (in /root/rboxc/target/gawk-format-lifetime-candidate/release/rboxc)
==733570==    by 0x473EF81: rboxc_gawk_make_str_node (in /root/rboxc/target/gawk-format-lifetime-candidate/release/rboxc)
==733570==    by 0x443E47C: single_binary_main_gawk (in /root/rboxc/target/gawk-format-lifetime-candidate/release/rboxc)
==733570==    by 0x5A18600: (below main) (libc_start_call_main.h:59)
==733570== 
==733570== 88 bytes in 1 blocks are still reachable in loss record 23 of 30
==733570==    at 0x586E858: malloc (vg_replace_malloc.c:447)
==733570==    by 0x473EBAB: rboxc_gawk_r_getblock (in /root/rboxc/target/gawk-format-lifetime-candidate/release/rboxc)
==733570==    by 0x474D3A7: init_the_tables (in /root/rboxc/target/gawk-format-lifetime-candidate/release/rboxc)
==733570==    by 0x443E550: single_binary_main_gawk (in /root/rboxc/target/gawk-format-lifetime-candidate/release/rboxc)
==733570==    by 0x5A18600: (below main) (libc_start_call_main.h:59)
==733570== 
==733570== 88 bytes in 1 blocks are still reachable in loss record 24 of 30
==733570==    at 0x586E858: malloc (vg_replace_malloc.c:447)
==733570==    by 0x473EBAB: rboxc_gawk_r_getblock (in /root/rboxc/target/gawk-format-lifetime-candidate/release/rboxc)
==733570==    by 0x474D3E8: init_the_tables (in /root/rboxc/target/gawk-format-lifetime-candidate/release/rboxc)
==733570==    by 0x443E550: single_binary_main_gawk (in /root/rboxc/target/gawk-format-lifetime-candidate/release/rboxc)
==733570==    by 0x5A18600: (below main) (libc_start_call_main.h:59)
==733570== 
==733570== 88 bytes in 1 blocks are still reachable in loss record 25 of 30
==733570==    at 0x586E858: malloc (vg_replace_malloc.c:447)
==733570==    by 0x473EBAB: rboxc_gawk_r_getblock (in /root/rboxc/target/gawk-format-lifetime-candidate/release/rboxc)
==733570==    by 0x473EF81: rboxc_gawk_make_str_node (in /root/rboxc/target/gawk-format-lifetime-candidate/release/rboxc)
==733570==    by 0x474D135: install (in /root/rboxc/target/gawk-format-lifetime-candidate/release/rboxc)
==733570==    by 0x474D449: init_the_tables (in /root/rboxc/target/gawk-format-lifetime-candidate/release/rboxc)
==733570==    by 0x443E550: single_binary_main_gawk (in /root/rboxc/target/gawk-format-lifetime-candidate/release/rboxc)
==733570==    by 0x5A18600: (below main) (libc_start_call_main.h:59)
==733570== 
==733570== 88 bytes in 1 blocks are still reachable in loss record 26 of 30
==733570==    at 0x586E858: malloc (vg_replace_malloc.c:447)
==733570==    by 0x473EBAB: rboxc_gawk_r_getblock (in /root/rboxc/target/gawk-format-lifetime-candidate/release/rboxc)
==733570==    by 0x474D213: install (in /root/rboxc/target/gawk-format-lifetime-candidate/release/rboxc)
==733570==    by 0x474D449: init_the_tables (in /root/rboxc/target/gawk-format-lifetime-candidate/release/rboxc)
==733570==    by 0x443E550: single_binary_main_gawk (in /root/rboxc/target/gawk-format-lifetime-candidate/release/rboxc)
==733570==    by 0x5A18600: (below main) (libc_start_call_main.h:59)
==733570== 
==733570== 88 bytes in 1 blocks are still reachable in loss record 27 of 30
==733570==    at 0x586E858: malloc (vg_replace_malloc.c:447)
==733570==    by 0x473EBAB: rboxc_gawk_r_getblock (in /root/rboxc/target/gawk-format-lifetime-candidate/release/rboxc)
==733570==    by 0x473EF81: rboxc_gawk_make_str_node (in /root/rboxc/target/gawk-format-lifetime-candidate/release/rboxc)
==733570==    by 0x474D135: install (in /root/rboxc/target/gawk-format-lifetime-candidate/release/rboxc)
==733570==    by 0x474D470: init_the_tables (in /root/rboxc/target/gawk-format-lifetime-candidate/release/rboxc)
==733570==    by 0x443E550: single_binary_main_gawk (in /root/rboxc/target/gawk-format-lifetime-candidate/release/rboxc)
==733570==    by 0x5A18600: (below main) (libc_start_call_main.h:59)
==733570== 
==733570== 88 bytes in 1 blocks are still reachable in loss record 28 of 30
==733570==    at 0x586E858: malloc (vg_replace_malloc.c:447)
==733570==    by 0x473EBAB: rboxc_gawk_r_getblock (in /root/rboxc/target/gawk-format-lifetime-candidate/release/rboxc)
==733570==    by 0x474D213: install (in /root/rboxc/target/gawk-format-lifetime-candidate/release/rboxc)
==733570==    by 0x474D470: init_the_tables (in /root/rboxc/target/gawk-format-lifetime-candidate/release/rboxc)
==733570==    by 0x443E550: single_binary_main_gawk (in /root/rboxc/target/gawk-format-lifetime-candidate/release/rboxc)
==733570==    by 0x5A18600: (below main) (libc_start_call_main.h:59)
==733570== 
==733570== 104 bytes in 1 blocks are still reachable in loss record 29 of 30
==733570==    at 0x5875E43: calloc (vg_replace_malloc.c:1678)
==733570==    by 0x474BDD4: grow_table (in /root/rboxc/target/gawk-format-lifetime-candidate/release/rboxc)
==733570==    by 0x474C9BC: str_lookup (in /root/rboxc/target/gawk-format-lifetime-candidate/release/rboxc)
==733570==    by 0x474D16C: install (in /root/rboxc/target/gawk-format-lifetime-candidate/release/rboxc)
==733570==    by 0x474D449: init_the_tables (in /root/rboxc/target/gawk-format-lifetime-candidate/release/rboxc)
==733570==    by 0x443E550: single_binary_main_gawk (in /root/rboxc/target/gawk-format-lifetime-candidate/release/rboxc)
==733570==    by 0x5A18600: (below main) (libc_start_call_main.h:59)
==733570== 
==733570== 552 bytes in 1 blocks are still reachable in loss record 30 of 30
==733570==    at 0x5875E43: calloc (vg_replace_malloc.c:1678)
==733570==    by 0x474EA56: rboxc_gawk_new_context (in /root/rboxc/target/gawk-format-lifetime-candidate/release/rboxc)
==733570==    by 0x443E56A: single_binary_main_gawk (in /root/rboxc/target/gawk-format-lifetime-candidate/release/rboxc)
==733570==    by 0x5A18600: (below main) (libc_start_call_main.h:59)
==733570== 
==733570== LEAK SUMMARY:
==733570==    definitely lost: 0 bytes in 0 blocks
==733570==    indirectly lost: 0 bytes in 0 blocks
==733570==      possibly lost: 0 bytes in 0 blocks
==733570==    still reachable: 1,564 bytes in 33 blocks
==733570==         suppressed: 0 bytes in 0 blocks
==733570== 
==733570== For lists of detected and suppressed errors, rerun with: -s
==733570== ERROR SUMMARY: 0 errors from 0 contexts (suppressed: 0 from 0)
