==667406== Memcheck, a memory error detector
==667406== Copyright (C) 2002-2024, and GNU GPL'd, by Julian Seward et al.
==667406== Using Valgrind-3.26.0 and LibVEX; rerun with -h for copyright info
==667406== Command: tar tf archive
==667406== Parent PID: 667405
==667406== 
==667406== 
==667406== Process terminating with default action of signal 13 (SIGPIPE)
==667406==    at 0x49933E6: __internal_syscall_cancel (cancellation.c:40)
==667406==    by 0x49933E6: __syscall_cancel (cancellation.c:75)
==667406==    by 0x4A1BC2D: write (write.c:26)
==667406==    by 0x498E104: _IO_file_write@@GLIBC_2.2.5 (fileops.c:1241)
==667406==    by 0x498CBAF: new_do_write (fileops.c:483)
==667406==    by 0x498CBAF: _IO_do_write@@GLIBC_2.2.5 (fileops.c:460)
==667406==    by 0x498D777: _IO_file_sync@@GLIBC_2.2.5 (fileops.c:833)
==667406==    by 0x498B740: fflush_unlocked (iofflush_u.c:38)
==667406==    by 0x4024CC2: simple_print_header (list.c:1339)
==667406==    by 0x4025956: print_header (list.c:1374)
==667406==    by 0x4025956: list_archive (list.c:323)
==667406==    by 0x4025852: read_and (list.c:229)
==667406==    by 0x400CD4B: main (tar.c:2832)
==667406== 
==667406== FILE DESCRIPTORS: 5 open (4 inherited) at exit.
==667406== Open file descriptor 4: archive
==667406==    at 0x4A1A9E6: open (open64.c:41)
==667406==    by 0x4010EBD: open (fcntl2.h:55)
==667406==    by 0x4010EBD: open_compressed_archive (buffer.c:435)
==667406==    by 0x4010EBD: _open_archive (buffer.c:802)
==667406==    by 0x4010EBD: open_archive (buffer.c:2025)
==667406==    by 0x402543F: read_and (list.c:176)
==667406==    by 0x400CD4B: main (tar.c:2832)
==667406== 
==667406== 
==667406== HEAP SUMMARY:
==667406==     in use at exit: 30,042 bytes in 39 blocks
==667406==   total heap usage: 50 allocs, 11 frees, 51,564 bytes allocated
==667406== 
==667406== 1 bytes in 1 blocks are still reachable in loss record 1 of 25
==667406==    at 0x48BD858: malloc (vg_replace_malloc.c:447)
==667406==    by 0x405185D: xmalloc (xmalloc.c:45)
==667406==    by 0x405185D: xmemdup (xmalloc.c:314)
==667406==    by 0x405185D: xstrdup (xmalloc.c:339)
==667406==    by 0x402644F: assign_string (misc.c:58)
==667406==    by 0x4023E76: read_header (list.c:599)
==667406==    by 0x4025460: read_and (list.c:182)
==667406==    by 0x400CD4B: main (tar.c:2832)
==667406== 
==667406== 4 bytes in 1 blocks are still reachable in loss record 2 of 25
==667406==    at 0x48BD858: malloc (vg_replace_malloc.c:447)
==667406==    by 0x49AE96E: strdup (strdup.c:42)
==667406==    by 0x493441F: __textdomain (textdomain.c:94)
==667406==    by 0x493441F: textdomain (textdomain.c:64)
==667406==    by 0x400BDD8: main (tar.c:2763)
==667406== 
==667406== 5 bytes in 1 blocks are still reachable in loss record 3 of 25
==667406==    at 0x48BD858: malloc (vg_replace_malloc.c:447)
==667406==    by 0x40512CC: xmalloc (xmalloc.c:45)
==667406==    by 0x40264C0: assign_string_n (misc.c:76)
==667406==    by 0x40241A8: decode_header (list.c:656)
==667406==    by 0x4025616: read_and (list.c:194)
==667406==    by 0x400CD4B: main (tar.c:2832)
==667406== 
==667406== 5 bytes in 1 blocks are still reachable in loss record 4 of 25
==667406==    at 0x48BD858: malloc (vg_replace_malloc.c:447)
==667406==    by 0x40512CC: xmalloc (xmalloc.c:45)
==667406==    by 0x40264C0: assign_string_n (misc.c:76)
==667406==    by 0x40241C8: decode_header (list.c:659)
==667406==    by 0x4025616: read_and (list.c:194)
==667406==    by 0x400CD4B: main (tar.c:2832)
==667406== 
==667406== 5 bytes in 1 blocks are still reachable in loss record 5 of 25
==667406==    at 0x48BD858: malloc (vg_replace_malloc.c:447)
==667406==    by 0x405185D: xmalloc (xmalloc.c:45)
==667406==    by 0x405185D: xmemdup (xmalloc.c:314)
==667406==    by 0x405185D: xstrdup (xmalloc.c:339)
==667406==    by 0x402644F: assign_string (misc.c:58)
==667406==    by 0x402973C: uname_to_uid (names.c:550)
==667406==    by 0x402457F: decode_header (list.c:694)
==667406==    by 0x4025616: read_and (list.c:194)
==667406==    by 0x400CD4B: main (tar.c:2832)
==667406== 
==667406== 5 bytes in 1 blocks are still reachable in loss record 6 of 25
==667406==    at 0x48BD858: malloc (vg_replace_malloc.c:447)
==667406==    by 0x405185D: xmalloc (xmalloc.c:45)
==667406==    by 0x405185D: xmemdup (xmalloc.c:314)
==667406==    by 0x405185D: xstrdup (xmalloc.c:339)
==667406==    by 0x402644F: assign_string (misc.c:58)
==667406==    by 0x40297DC: gname_to_gid (names.c:580)
==667406==    by 0x402455F: decode_header (list.c:699)
==667406==    by 0x4025616: read_and (list.c:194)
==667406==    by 0x400CD4B: main (tar.c:2832)
==667406== 
==667406== 6 bytes in 1 blocks are still reachable in loss record 7 of 25
==667406==    at 0x48BD858: malloc (vg_replace_malloc.c:447)
==667406==    by 0x405185D: xmalloc (xmalloc.c:45)
==667406==    by 0x405185D: xmemdup (xmalloc.c:314)
==667406==    by 0x405185D: xstrdup (xmalloc.c:339)
==667406==    by 0x402644F: assign_string (misc.c:58)
==667406==    by 0x4023E1B: read_header (list.c:578)
==667406==    by 0x4025460: read_and (list.c:182)
==667406==    by 0x400CD4B: main (tar.c:2832)
==667406== 
==667406== 6 bytes in 1 blocks are still reachable in loss record 8 of 25
==667406==    at 0x48BD858: malloc (vg_replace_malloc.c:447)
==667406==    by 0x405185D: xmalloc (xmalloc.c:45)
==667406==    by 0x405185D: xmemdup (xmalloc.c:314)
==667406==    by 0x405185D: xstrdup (xmalloc.c:339)
==667406==    by 0x402644F: assign_string (misc.c:58)
==667406==    by 0x4032BF1: transform_name_fp (transform.c:623)
==667406==    by 0x4023670: transform_member_name (list.c:114)
==667406==    by 0x4023670: transform_stat_info.part.0 (list.c:150)
==667406==    by 0x4025850: transform_stat_info (list.c:227)
==667406==    by 0x4025850: read_and (list.c:227)
==667406==    by 0x400CD4B: main (tar.c:2832)
==667406== 
==667406== 6 bytes in 2 blocks are still reachable in loss record 9 of 25
==667406==    at 0x48BD858: malloc (vg_replace_malloc.c:447)
==667406==    by 0x405185D: xmalloc (xmalloc.c:45)
==667406==    by 0x405185D: xmemdup (xmalloc.c:314)
==667406==    by 0x405185D: xstrdup (xmalloc.c:339)
==667406==    by 0x400C4F1: decode_options (tar.c:2353)
==667406==    by 0x400C4F1: main (tar.c:2792)
==667406== 
==667406== 16 bytes in 1 blocks are still reachable in loss record 10 of 25
==667406==    at 0x48C4E43: calloc (vg_replace_malloc.c:1678)
==667406==    by 0x40516F1: xcalloc (xmalloc.c:298)
==667406==    by 0x40516F1: xzalloc (xmalloc.c:283)
==667406==    by 0x400BEF9: decode_options (tar.c:2297)
==667406==    by 0x400BEF9: main (tar.c:2792)
==667406== 
==667406== 28 bytes in 1 blocks are still reachable in loss record 11 of 25
==667406==    at 0x48BD858: malloc (vg_replace_malloc.c:447)
==667406==    by 0x492F63A: set_binding_values.part.0 (bindtextdom.c:203)
==667406==    by 0x492F90A: set_binding_values (bindtextdom.c:322)
==667406==    by 0x492F90A: bindtextdomain (bindtextdom.c:320)
==667406==    by 0x400BDCC: main (tar.c:2762)
==667406== 
==667406== 40 bytes in 1 blocks are still reachable in loss record 12 of 25
==667406==    at 0x48BD858: malloc (vg_replace_malloc.c:447)
==667406==    by 0x40512CC: xmalloc (xmalloc.c:45)
==667406==    by 0x400C46E: decode_options (tar.c:2340)
==667406==    by 0x400C46E: main (tar.c:2792)
==667406== 
==667406== 42 bytes in 1 blocks are still reachable in loss record 13 of 25
==667406==    at 0x48BD858: malloc (vg_replace_malloc.c:447)
==667406==    by 0x49AE96E: strdup (strdup.c:42)
==667406==    by 0x492F856: set_binding_values.part.0 (bindtextdom.c:225)
==667406==    by 0x492F90A: set_binding_values (bindtextdom.c:322)
==667406==    by 0x492F90A: bindtextdomain (bindtextdom.c:320)
==667406==    by 0x400BDCC: main (tar.c:2762)
==667406== 
==667406== 80 bytes in 1 blocks are still reachable in loss record 14 of 25
==667406==    at 0x48BD858: malloc (vg_replace_malloc.c:447)
==667406==    by 0x40512CC: xmalloc (xmalloc.c:45)
==667406==    by 0x400BE43: main (tar.c:2781)
==667406== 
==667406== 102 bytes in 1 blocks are still reachable in loss record 15 of 25
==667406==    at 0x48BD858: malloc (vg_replace_malloc.c:447)
==667406==    by 0x40512CC: xmalloc (xmalloc.c:45)
==667406==    by 0x4029881: name_init (names.c:869)
==667406==    by 0x400C94C: main (tar.c:2794)
==667406== 
==667406== 112 bytes in 2 blocks are still reachable in loss record 16 of 25
==667406==    at 0x48BD858: malloc (vg_replace_malloc.c:447)
==667406==    by 0x4A53E87: __nss_action_allocate (nss_action.c:90)
==667406==    by 0x4A5445B: __nss_action_parse (nss_action_parse.c:186)
==667406==    by 0x4A54BD3: nss_database_select_default (nss_database.c:156)
==667406==    by 0x4A54BD3: nss_database_reload (nss_database.c:359)
==667406==    by 0x4A54BD3: nss_database_check_reload_and_get (nss_database.c:447)
==667406==    by 0x4A52B87: __nss_passwd_lookup2 (XXX-lookup.c:49)
==667406==    by 0x4A646E9: getpwnam_r@@GLIBC_2.2.5 (getXXbyYY_r.c:256)
==667406==    by 0x4A645AD: getpwnam (getXXbyYY.c:140)
==667406==    by 0x402971F: uname_to_uid (names.c:546)
==667406==    by 0x402457F: decode_header (list.c:694)
==667406==    by 0x4025616: read_and (list.c:194)
==667406==    by 0x400CD4B: main (tar.c:2832)
==667406== 
==667406== 216 bytes in 1 blocks are still reachable in loss record 17 of 25
==667406==    at 0x48BD858: malloc (vg_replace_malloc.c:447)
==667406==    by 0x4A54711: global_state_allocate (nss_database.c:54)
==667406==    by 0x4A1DDCC: __libc_allocate_once_slow (allocate_once.c:28)
==667406==    by 0x4A55066: allocate_once (allocate_once.h:90)
==667406==    by 0x4A55066: nss_database_state_get (nss_database.c:72)
==667406==    by 0x4A55066: __nss_database_get (nss_database.c:470)
==667406==    by 0x4A52B87: __nss_passwd_lookup2 (XXX-lookup.c:49)
==667406==    by 0x4A646E9: getpwnam_r@@GLIBC_2.2.5 (getXXbyYY_r.c:256)
==667406==    by 0x4A645AD: getpwnam (getXXbyYY.c:140)
==667406==    by 0x402971F: uname_to_uid (names.c:546)
==667406==    by 0x402457F: decode_header (list.c:694)
==667406==    by 0x4025616: read_and (list.c:194)
==667406==    by 0x400CD4B: main (tar.c:2832)
==667406== 
==667406== 480 bytes in 7 blocks are still reachable in loss record 18 of 25
==667406==    at 0x48BD858: malloc (vg_replace_malloc.c:447)
==667406==    by 0x4A53E87: __nss_action_allocate (nss_action.c:90)
==667406==    by 0x4A5445B: __nss_action_parse (nss_action_parse.c:186)
==667406==    by 0x4A54AE2: process_line (nss_database.c:222)
==667406==    by 0x4A54AE2: nss_database_reload_1 (nss_database.c:287)
==667406==    by 0x4A54AE2: nss_database_reload (nss_database.c:325)
==667406==    by 0x4A54AE2: nss_database_check_reload_and_get (nss_database.c:447)
==667406==    by 0x4A52B87: __nss_passwd_lookup2 (XXX-lookup.c:49)
==667406==    by 0x4A646E9: getpwnam_r@@GLIBC_2.2.5 (getXXbyYY_r.c:256)
==667406==    by 0x4A645AD: getpwnam (getXXbyYY.c:140)
==667406==    by 0x402971F: uname_to_uid (names.c:546)
==667406==    by 0x402457F: decode_header (list.c:694)
==667406==    by 0x4025616: read_and (list.c:194)
==667406==    by 0x400CD4B: main (tar.c:2832)
==667406== 
==667406== 544 bytes in 1 blocks are still reachable in loss record 19 of 25
==667406==    at 0x48BD858: malloc (vg_replace_malloc.c:447)
==667406==    by 0x4A56220: __nss_module_allocate (nss_module.c:88)
==667406==    by 0x4A5409F: nss_action_parse (nss_action_parse.c:58)
==667406==    by 0x4A5409F: __nss_action_parse (nss_action_parse.c:177)
==667406==    by 0x4A54BD3: nss_database_select_default (nss_database.c:156)
==667406==    by 0x4A54BD3: nss_database_reload (nss_database.c:359)
==667406==    by 0x4A54BD3: nss_database_check_reload_and_get (nss_database.c:447)
==667406==    by 0x4A52B87: __nss_passwd_lookup2 (XXX-lookup.c:49)
==667406==    by 0x4A646E9: getpwnam_r@@GLIBC_2.2.5 (getXXbyYY_r.c:256)
==667406==    by 0x4A645AD: getpwnam (getXXbyYY.c:140)
==667406==    by 0x402971F: uname_to_uid (names.c:546)
==667406==    by 0x402457F: decode_header (list.c:694)
==667406==    by 0x4025616: read_and (list.c:194)
==667406==    by 0x400CD4B: main (tar.c:2832)
==667406== 
==667406== 1,024 bytes in 1 blocks are still reachable in loss record 20 of 25
==667406==    at 0x48BD858: malloc (vg_replace_malloc.c:447)
==667406==    by 0x4A64604: getpwnam (getXXbyYY.c:126)
==667406==    by 0x402971F: uname_to_uid (names.c:546)
==667406==    by 0x402457F: decode_header (list.c:694)
==667406==    by 0x4025616: read_and (list.c:194)
==667406==    by 0x400CD4B: main (tar.c:2832)
==667406== 
==667406== 1,024 bytes in 1 blocks are still reachable in loss record 21 of 25
==667406==    at 0x48BD858: malloc (vg_replace_malloc.c:447)
==667406==    by 0x4A58634: getgrnam (getXXbyYY.c:126)
==667406==    by 0x40297BF: gname_to_gid (names.c:576)
==667406==    by 0x402455F: decode_header (list.c:699)
==667406==    by 0x4025616: read_and (list.c:194)
==667406==    by 0x400CD4B: main (tar.c:2832)
==667406== 
==667406== 3,795 bytes in 7 blocks are still reachable in loss record 22 of 25
==667406==    at 0x48BD858: malloc (vg_replace_malloc.c:447)
==667406==    by 0x4A56220: __nss_module_allocate (nss_module.c:88)
==667406==    by 0x4A5409F: nss_action_parse (nss_action_parse.c:58)
==667406==    by 0x4A5409F: __nss_action_parse (nss_action_parse.c:177)
==667406==    by 0x4A54AE2: process_line (nss_database.c:222)
==667406==    by 0x4A54AE2: nss_database_reload_1 (nss_database.c:287)
==667406==    by 0x4A54AE2: nss_database_reload (nss_database.c:325)
==667406==    by 0x4A54AE2: nss_database_check_reload_and_get (nss_database.c:447)
==667406==    by 0x4A52B87: __nss_passwd_lookup2 (XXX-lookup.c:49)
==667406==    by 0x4A646E9: getpwnam_r@@GLIBC_2.2.5 (getXXbyYY_r.c:256)
==667406==    by 0x4A645AD: getpwnam (getXXbyYY.c:140)
==667406==    by 0x402971F: uname_to_uid (names.c:546)
==667406==    by 0x402457F: decode_header (list.c:694)
==667406==    by 0x4025616: read_and (list.c:194)
==667406==    by 0x400CD4B: main (tar.c:2832)
==667406== 
==667406== 4,064 bytes in 1 blocks are still reachable in loss record 23 of 25
==667406==    at 0x48BD858: malloc (vg_replace_malloc.c:447)
==667406==    by 0x40512CC: xmalloc (xmalloc.c:45)
==667406==    by 0x404A07D: call_chunkfun (obstack.c:88)
==667406==    by 0x404A07D: _obstack_begin_worker.isra.0 (obstack.c:135)
==667406==    by 0x404A0A8: _obstack_begin (obstack.c:157)
==667406==    by 0x4032C57: _transform_name_to_obstack (transform.c:592)
==667406==    by 0x4032C57: transform_name_fp (transform.c:614)
==667406==    by 0x4023670: transform_member_name (list.c:114)
==667406==    by 0x4023670: transform_stat_info.part.0 (list.c:150)
==667406==    by 0x4025850: transform_stat_info (list.c:227)
==667406==    by 0x4025850: read_and (list.c:227)
==667406==    by 0x400CD4B: main (tar.c:2832)
==667406== 
==667406== 4,096 bytes in 1 blocks are still reachable in loss record 24 of 25
==667406==    at 0x48BD858: malloc (vg_replace_malloc.c:447)
==667406==    by 0x497EA0B: _IO_file_doallocate (filedoalloc.c:91)
==667406==    by 0x498FF85: _IO_doallocbuf (genops.c:373)
==667406==    by 0x498D638: _IO_file_overflow@@GLIBC_2.2.5 (fileops.c:779)
==667406==    by 0x498E232: _IO_new_file_xsputn (fileops.c:1305)
==667406==    by 0x498E232: _IO_file_xsputn@@GLIBC_2.2.5 (fileops.c:1258)
==667406==    by 0x498BB3A: fputs_unlocked (iofputs_u.c:37)
==667406==    by 0x4024C89: simple_print_header (list.c:1164)
==667406==    by 0x4025956: print_header (list.c:1374)
==667406==    by 0x4025956: list_archive (list.c:323)
==667406==    by 0x4025852: read_and (list.c:229)
==667406==    by 0x400CD4B: main (tar.c:2832)
==667406== 
==667406== 14,336 bytes in 1 blocks are still reachable in loss record 25 of 25
==667406==    at 0x48BD858: malloc (vg_replace_malloc.c:447)
==667406==    by 0x40512CC: xmalloc (xmalloc.c:45)
==667406==    by 0x4027C22: page_aligned_alloc (misc.c:1235)
==667406==    by 0x400D5A3: init_buffer (buffer.c:657)
==667406==    by 0x4010B3B: _open_archive (buffer.c:725)
==667406==    by 0x4010B3B: open_archive (buffer.c:2025)
==667406==    by 0x402543F: read_and (list.c:176)
==667406==    by 0x400CD4B: main (tar.c:2832)
==667406== 
==667406== LEAK SUMMARY:
==667406==    definitely lost: 0 bytes in 0 blocks
==667406==    indirectly lost: 0 bytes in 0 blocks
==667406==      possibly lost: 0 bytes in 0 blocks
==667406==    still reachable: 30,042 bytes in 39 blocks
==667406==         suppressed: 0 bytes in 0 blocks
==667406== 
==667406== For lists of detected and suppressed errors, rerun with: -s
==667406== ERROR SUMMARY: 1 errors from 1 contexts (suppressed: 0 from 0)
