==708219== Memcheck, a memory error detector
==708219== Copyright (C) 2002-2024, and GNU GPL'd, by Julian Seward et al.
==708219== Using Valgrind-3.26.0 and LibVEX; rerun with -h for copyright info
==708219== Command: tar --version
==708219== Parent PID: 707897
==708219== 
==708219== 
==708219== FILE DESCRIPTORS: 4 open (4 inherited) at exit.
==708219== 
==708219== HEAP SUMMARY:
==708219==     in use at exit: 7,767 bytes in 3 blocks
==708219==   total heap usage: 15 allocs, 12 frees, 12,021 bytes allocated
==708219== 
==708219== 16 bytes in 1 blocks are still reachable in loss record 1 of 3
==708219==    at 0x48C4E43: calloc (vg_replace_malloc.c:1678)
==708219==    by 0x40516F1: xcalloc (xmalloc.c:298)
==708219==    by 0x40516F1: xzalloc (xmalloc.c:283)
==708219==    by 0x400BEF9: decode_options (tar.c:2297)
==708219==    by 0x400BEF9: main (tar.c:2792)
==708219== 
==708219== 80 bytes in 1 blocks are still reachable in loss record 2 of 3
==708219==    at 0x48BD858: malloc (vg_replace_malloc.c:447)
==708219==    by 0x40512CC: xmalloc (xmalloc.c:45)
==708219==    by 0x400BE43: main (tar.c:2781)
==708219== 
==708219== 7,671 bytes in 1 blocks are still reachable in loss record 3 of 3
==708219==    at 0x48BD858: malloc (vg_replace_malloc.c:447)
==708219==    by 0x4041854: parser_init (argp-parse.c:495)
==708219==    by 0x4041854: argp_parse (argp-parse.c:921)
==708219==    by 0x400C045: decode_options (tar.c:2380)
==708219==    by 0x400C045: main (tar.c:2792)
==708219== 
==708219== LEAK SUMMARY:
==708219==    definitely lost: 0 bytes in 0 blocks
==708219==    indirectly lost: 0 bytes in 0 blocks
==708219==      possibly lost: 0 bytes in 0 blocks
==708219==    still reachable: 7,767 bytes in 3 blocks
==708219==         suppressed: 0 bytes in 0 blocks
==708219== 
==708219== For lists of detected and suppressed errors, rerun with: -s
==708219== ERROR SUMMARY: 0 errors from 0 contexts (suppressed: 0 from 0)
