==628142== Memcheck, a memory error detector
==628142== Copyright (C) 2002-2024, and GNU GPL'd, by Julian Seward et al.
==628142== Using Valgrind-3.26.0 and LibVEX; rerun with -h for copyright info
==628142== Command: tar cf archive --ignore-failed-read file
==628142== Parent PID: 628084
==628142== 
==628142== 
==628142== FILE DESCRIPTORS: 1 open (1 inherited) at exit.
==628142== 
==628142== HEAP SUMMARY:
==628142==     in use at exit: 4,262 bytes in 4 blocks
==628142==   total heap usage: 35 allocs, 31 frees, 35,459 bytes allocated
==628142== 
==628142== 16 bytes in 1 blocks are still reachable in loss record 1 of 4
==628142==    at 0x5875E43: calloc (vg_replace_malloc.c:1678)
==628142==    by 0x469E501: rboxc_tar_xzalloc (in /tmp/rboxc-tar-original-0eahxmnw/copies/9)
==628142==    by 0x4477AF5: single_binary_main_tar (in /tmp/rboxc-tar-original-0eahxmnw/copies/9)
==628142==    by 0x5A18600: (below main) (libc_start_call_main.h:59)
==628142== 
==628142== 80 bytes in 1 blocks are still reachable in loss record 2 of 4
==628142==    at 0x586E858: malloc (vg_replace_malloc.c:447)
==628142==    by 0x469E0DC: rboxc_tar_xmalloc (in /tmp/rboxc-tar-original-0eahxmnw/copies/9)
==628142==    by 0x4477A00: single_binary_main_tar (in /tmp/rboxc-tar-original-0eahxmnw/copies/9)
==628142==    by 0x5A18600: (below main) (libc_start_call_main.h:59)
==628142== 
==628142== 102 bytes in 1 blocks are still reachable in loss record 3 of 4
==628142==    at 0x586E858: malloc (vg_replace_malloc.c:447)
==628142==    by 0x469E0DC: rboxc_tar_xmalloc (in /tmp/rboxc-tar-original-0eahxmnw/copies/9)
==628142==    by 0x46734A1: rboxc_tar_name_init (in /tmp/rboxc-tar-original-0eahxmnw/copies/9)
==628142==    by 0x4478A7A: single_binary_main_tar (in /tmp/rboxc-tar-original-0eahxmnw/copies/9)
==628142==    by 0x5A18600: (below main) (libc_start_call_main.h:59)
==628142== 
==628142== 4,064 bytes in 1 blocks are still reachable in loss record 4 of 4
==628142==    at 0x586E858: malloc (vg_replace_malloc.c:447)
==628142==    by 0x469E0DC: rboxc_tar_xmalloc (in /tmp/rboxc-tar-original-0eahxmnw/copies/9)
==628142==    by 0x4695FFD: _obstack_begin_worker.isra.0 (in /tmp/rboxc-tar-original-0eahxmnw/copies/9)
==628142==    by 0x4696028: rboxc_tar__obstack_begin (in /tmp/rboxc-tar-original-0eahxmnw/copies/9)
==628142==    by 0x4679CD7: rboxc_tar_transform_name_fp (in /tmp/rboxc-tar-original-0eahxmnw/copies/9)
==628142==    by 0x46632A4: dump_file0 (in /tmp/rboxc-tar-original-0eahxmnw/copies/9)
==628142==    by 0x46643E9: rboxc_tar_create_archive (in /tmp/rboxc-tar-original-0eahxmnw/copies/9)
==628142==    by 0x4478AF8: single_binary_main_tar (in /tmp/rboxc-tar-original-0eahxmnw/copies/9)
==628142==    by 0x5A18600: (below main) (libc_start_call_main.h:59)
==628142== 
==628142== LEAK SUMMARY:
==628142==    definitely lost: 0 bytes in 0 blocks
==628142==    indirectly lost: 0 bytes in 0 blocks
==628142==      possibly lost: 0 bytes in 0 blocks
==628142==    still reachable: 4,262 bytes in 4 blocks
==628142==         suppressed: 0 bytes in 0 blocks
==628142== 
==628142== For lists of detected and suppressed errors, rerun with: -s
==628142== ERROR SUMMARY: 0 errors from 0 contexts (suppressed: 0 from 0)
