==620148== Memcheck, a memory error detector
==620148== Copyright (C) 2002-2024, and GNU GPL'd, by Julian Seward et al.
==620148== Using Valgrind-3.26.0 and LibVEX; rerun with -h for copyright info
==620148== Command: tar Cxf directory archive
==620148== Parent PID: 619822
==620148== 
==620148== 
==620148== FILE DESCRIPTORS: 1 open (1 inherited) at exit.
==620148== 
==620148== HEAP SUMMARY:
==620148==     in use at exit: 37,232 bytes in 9 blocks
==620148==   total heap usage: 90 allocs, 81 frees, 92,031 bytes allocated
==620148== 
==620148== 5 bytes in 1 blocks are still reachable in loss record 1 of 9
==620148==    at 0x586E858: malloc (vg_replace_malloc.c:447)
==620148==    by 0x469E66D: rboxc_tar_xstrdup (in /root/rboxc/target/screen-owned-candidate/release/rboxc)
==620148==    by 0x466FF4F: rboxc_tar_assign_string (in /root/rboxc/target/screen-owned-candidate/release/rboxc)
==620148==    by 0x467335C: rboxc_tar_uname_to_uid (in /root/rboxc/target/screen-owned-candidate/release/rboxc)
==620148==    by 0x466DFBF: rboxc_tar_decode_header (in /root/rboxc/target/screen-owned-candidate/release/rboxc)
==620148==    by 0x466F056: rboxc_tar_read_and (in /root/rboxc/target/screen-owned-candidate/release/rboxc)
==620148==    by 0x4478C40: single_binary_main_tar (in /root/rboxc/target/screen-owned-candidate/release/rboxc)
==620148==    by 0x5A18600: (below main) (libc_start_call_main.h:59)
==620148== 
==620148== 5 bytes in 1 blocks are still reachable in loss record 2 of 9
==620148==    at 0x586E858: malloc (vg_replace_malloc.c:447)
==620148==    by 0x469E66D: rboxc_tar_xstrdup (in /root/rboxc/target/screen-owned-candidate/release/rboxc)
==620148==    by 0x466FF4F: rboxc_tar_assign_string (in /root/rboxc/target/screen-owned-candidate/release/rboxc)
==620148==    by 0x46733FC: rboxc_tar_gname_to_gid (in /root/rboxc/target/screen-owned-candidate/release/rboxc)
==620148==    by 0x466DF9F: rboxc_tar_decode_header (in /root/rboxc/target/screen-owned-candidate/release/rboxc)
==620148==    by 0x466F056: rboxc_tar_read_and (in /root/rboxc/target/screen-owned-candidate/release/rboxc)
==620148==    by 0x4478C40: single_binary_main_tar (in /root/rboxc/target/screen-owned-candidate/release/rboxc)
==620148==    by 0x5A18600: (below main) (libc_start_call_main.h:59)
==620148== 
==620148== 16 bytes in 1 blocks are still reachable in loss record 3 of 9
==620148==    at 0x5875E43: calloc (vg_replace_malloc.c:1678)
==620148==    by 0x469E501: rboxc_tar_xzalloc (in /root/rboxc/target/screen-owned-candidate/release/rboxc)
==620148==    by 0x4477AF5: single_binary_main_tar (in /root/rboxc/target/screen-owned-candidate/release/rboxc)
==620148==    by 0x5A18600: (below main) (libc_start_call_main.h:59)
==620148== 
==620148== 80 bytes in 1 blocks are still reachable in loss record 4 of 9
==620148==    at 0x586E858: malloc (vg_replace_malloc.c:447)
==620148==    by 0x469E0DC: rboxc_tar_xmalloc (in /root/rboxc/target/screen-owned-candidate/release/rboxc)
==620148==    by 0x4477A00: single_binary_main_tar (in /root/rboxc/target/screen-owned-candidate/release/rboxc)
==620148==    by 0x5A18600: (below main) (libc_start_call_main.h:59)
==620148== 
==620148== 102 bytes in 1 blocks are still reachable in loss record 5 of 9
==620148==    at 0x586E858: malloc (vg_replace_malloc.c:447)
==620148==    by 0x469E0DC: rboxc_tar_xmalloc (in /root/rboxc/target/screen-owned-candidate/release/rboxc)
==620148==    by 0x46734A1: rboxc_tar_name_init (in /root/rboxc/target/screen-owned-candidate/release/rboxc)
==620148==    by 0x4478A7A: single_binary_main_tar (in /root/rboxc/target/screen-owned-candidate/release/rboxc)
==620148==    by 0x5A18600: (below main) (libc_start_call_main.h:59)
==620148== 
==620148== 112 bytes in 1 blocks are still reachable in loss record 6 of 9
==620148==    at 0x586E858: malloc (vg_replace_malloc.c:447)
==620148==    by 0x5A18E43: __gconv_open (gconv_open.c:77)
==620148==    by 0x5A189E0: iconv_open (iconv_open.c:39)
==620148==    by 0x467A8CD: rboxc_tar_utf8_convert (in /root/rboxc/target/screen-owned-candidate/release/rboxc)
==620148==    by 0x467E673: sparse_path_decoder (in /root/rboxc/target/screen-owned-candidate/release/rboxc)
==620148==    by 0x467D2B1: decode_record.isra.0 (in /root/rboxc/target/screen-owned-candidate/release/rboxc)
==620148==    by 0x467F3D9: rboxc_tar_xheader_decode (in /root/rboxc/target/screen-owned-candidate/release/rboxc)
==620148==    by 0x466DCFA: rboxc_tar_decode_header (in /root/rboxc/target/screen-owned-candidate/release/rboxc)
==620148==    by 0x466F056: rboxc_tar_read_and (in /root/rboxc/target/screen-owned-candidate/release/rboxc)
==620148==    by 0x4478C40: single_binary_main_tar (in /root/rboxc/target/screen-owned-candidate/release/rboxc)
==620148==    by 0x5A18600: (below main) (libc_start_call_main.h:59)
==620148== 
==620148== 208 bytes in 1 blocks are still reachable in loss record 7 of 9
==620148==    at 0x586E858: malloc (vg_replace_malloc.c:447)
==620148==    by 0x5A24C6F: __gconv_lookup_cache (gconv_cache.c:361)
==620148==    by 0x5A1A8EE: __gconv_find_transform (gconv_db.c:717)
==620148==    by 0x5A18DE5: __gconv_open (gconv_open.c:73)
==620148==    by 0x5A189E0: iconv_open (iconv_open.c:39)
==620148==    by 0x467A8CD: rboxc_tar_utf8_convert (in /root/rboxc/target/screen-owned-candidate/release/rboxc)
==620148==    by 0x467E673: sparse_path_decoder (in /root/rboxc/target/screen-owned-candidate/release/rboxc)
==620148==    by 0x467D2B1: decode_record.isra.0 (in /root/rboxc/target/screen-owned-candidate/release/rboxc)
==620148==    by 0x467F3D9: rboxc_tar_xheader_decode (in /root/rboxc/target/screen-owned-candidate/release/rboxc)
==620148==    by 0x466DCFA: rboxc_tar_decode_header (in /root/rboxc/target/screen-owned-candidate/release/rboxc)
==620148==    by 0x466F056: rboxc_tar_read_and (in /root/rboxc/target/screen-owned-candidate/release/rboxc)
==620148==    by 0x4478C40: single_binary_main_tar (in /root/rboxc/target/screen-owned-candidate/release/rboxc)
==620148== 
==620148== 4,064 bytes in 1 blocks are still reachable in loss record 8 of 9
==620148==    at 0x586E858: malloc (vg_replace_malloc.c:447)
==620148==    by 0x469E0DC: rboxc_tar_xmalloc (in /root/rboxc/target/screen-owned-candidate/release/rboxc)
==620148==    by 0x4695FFD: _obstack_begin_worker.isra.0 (in /root/rboxc/target/screen-owned-candidate/release/rboxc)
==620148==    by 0x4696028: rboxc_tar__obstack_begin (in /root/rboxc/target/screen-owned-candidate/release/rboxc)
==620148==    by 0x4679CD7: rboxc_tar_transform_name_fp (in /root/rboxc/target/screen-owned-candidate/release/rboxc)
==620148==    by 0x466D0B0: transform_stat_info.part.0 (in /root/rboxc/target/screen-owned-candidate/release/rboxc)
==620148==    by 0x466F290: rboxc_tar_read_and (in /root/rboxc/target/screen-owned-candidate/release/rboxc)
==620148==    by 0x4478C40: single_binary_main_tar (in /root/rboxc/target/screen-owned-candidate/release/rboxc)
==620148==    by 0x5A18600: (below main) (libc_start_call_main.h:59)
==620148== 
==620148== 32,640 bytes in 1 blocks are still reachable in loss record 9 of 9
==620148==    at 0x586E858: malloc (vg_replace_malloc.c:447)
==620148==    by 0x5A18ECE: __gconv_open (gconv_open.c:127)
==620148==    by 0x5A189E0: iconv_open (iconv_open.c:39)
==620148==    by 0x467A8CD: rboxc_tar_utf8_convert (in /root/rboxc/target/screen-owned-candidate/release/rboxc)
==620148==    by 0x467E673: sparse_path_decoder (in /root/rboxc/target/screen-owned-candidate/release/rboxc)
==620148==    by 0x467D2B1: decode_record.isra.0 (in /root/rboxc/target/screen-owned-candidate/release/rboxc)
==620148==    by 0x467F3D9: rboxc_tar_xheader_decode (in /root/rboxc/target/screen-owned-candidate/release/rboxc)
==620148==    by 0x466DCFA: rboxc_tar_decode_header (in /root/rboxc/target/screen-owned-candidate/release/rboxc)
==620148==    by 0x466F056: rboxc_tar_read_and (in /root/rboxc/target/screen-owned-candidate/release/rboxc)
==620148==    by 0x4478C40: single_binary_main_tar (in /root/rboxc/target/screen-owned-candidate/release/rboxc)
==620148==    by 0x5A18600: (below main) (libc_start_call_main.h:59)
==620148== 
==620148== LEAK SUMMARY:
==620148==    definitely lost: 0 bytes in 0 blocks
==620148==    indirectly lost: 0 bytes in 0 blocks
==620148==      possibly lost: 0 bytes in 0 blocks
==620148==    still reachable: 37,232 bytes in 9 blocks
==620148==         suppressed: 0 bytes in 0 blocks
==620148== 
==620148== For lists of detected and suppressed errors, rerun with: -s
==620148== ERROR SUMMARY: 0 errors from 0 contexts (suppressed: 0 from 0)
