==670898== Memcheck, a memory error detector
==670898== Copyright (C) 2002-2024, and GNU GPL'd, by Julian Seward et al.
==670898== Using Valgrind-3.26.0 and LibVEX; rerun with -h for copyright info
==670898== Command: tar cf archive --anchored --exclude-from=exclfile testdir
==670898== Parent PID: 670798
==670898== 
==670898== 
==670898== FILE DESCRIPTORS: 1 open (1 inherited) at exit.
==670898== 
==670898== HEAP SUMMARY:
==670898==     in use at exit: 55,912,866 bytes in 1,486,414 blocks
==670898==   total heap usage: 1,486,666 allocs, 252 frees, 154,630,254 bytes allocated
==670898== 
==670898== 5 bytes in 1 blocks are still reachable in loss record 1 of 16
==670898==    at 0x586E858: malloc (vg_replace_malloc.c:447)
==670898==    by 0x469E66D: rboxc_tar_xstrdup (in /root/rboxc/target/tar-map-probe-candidate/release/rboxc)
==670898==    by 0x466FF4F: rboxc_tar_assign_string (in /root/rboxc/target/tar-map-probe-candidate/release/rboxc)
==670898==    by 0x4673232: rboxc_tar_uid_to_uname (in /root/rboxc/target/tar-map-probe-candidate/release/rboxc)
==670898==    by 0x4662453: rboxc_tar_start_header (in /root/rboxc/target/tar-map-probe-candidate/release/rboxc)
==670898==    by 0x4663659: dump_file0 (in /root/rboxc/target/tar-map-probe-candidate/release/rboxc)
==670898==    by 0x46643E9: rboxc_tar_create_archive (in /root/rboxc/target/tar-map-probe-candidate/release/rboxc)
==670898==    by 0x4478AF8: single_binary_main_tar (in /root/rboxc/target/tar-map-probe-candidate/release/rboxc)
==670898==    by 0x5A18600: (below main) (libc_start_call_main.h:59)
==670898== 
==670898== 5 bytes in 1 blocks are still reachable in loss record 2 of 16
==670898==    at 0x586E858: malloc (vg_replace_malloc.c:447)
==670898==    by 0x469E66D: rboxc_tar_xstrdup (in /root/rboxc/target/tar-map-probe-candidate/release/rboxc)
==670898==    by 0x466FF4F: rboxc_tar_assign_string (in /root/rboxc/target/tar-map-probe-candidate/release/rboxc)
==670898==    by 0x46732C2: rboxc_tar_gid_to_gname (in /root/rboxc/target/tar-map-probe-candidate/release/rboxc)
==670898==    by 0x466243B: rboxc_tar_start_header (in /root/rboxc/target/tar-map-probe-candidate/release/rboxc)
==670898==    by 0x4663659: dump_file0 (in /root/rboxc/target/tar-map-probe-candidate/release/rboxc)
==670898==    by 0x46643E9: rboxc_tar_create_archive (in /root/rboxc/target/tar-map-probe-candidate/release/rboxc)
==670898==    by 0x4478AF8: single_binary_main_tar (in /root/rboxc/target/tar-map-probe-candidate/release/rboxc)
==670898==    by 0x5A18600: (below main) (libc_start_call_main.h:59)
==670898== 
==670898== 16 bytes in 1 blocks are still reachable in loss record 3 of 16
==670898==    at 0x5875E43: calloc (vg_replace_malloc.c:1678)
==670898==    by 0x469E501: rboxc_tar_xzalloc (in /root/rboxc/target/tar-map-probe-candidate/release/rboxc)
==670898==    by 0x4477AF5: single_binary_main_tar (in /root/rboxc/target/tar-map-probe-candidate/release/rboxc)
==670898==    by 0x5A18600: (below main) (libc_start_call_main.h:59)
==670898== 
==670898== 16 bytes in 1 blocks are still reachable in loss record 4 of 16
==670898==    at 0x586E858: malloc (vg_replace_malloc.c:447)
==670898==    by 0x469E0DC: rboxc_tar_xmalloc (in /root/rboxc/target/tar-map-probe-candidate/release/rboxc)
==670898==    by 0x468F315: rboxc_tar_add_exclude_fp (in /root/rboxc/target/tar-map-probe-candidate/release/rboxc)
==670898==    by 0x468F46C: rboxc_tar_add_exclude_file (in /root/rboxc/target/tar-map-probe-candidate/release/rboxc)
==670898==    by 0x4672E36: name_next_elt (in /root/rboxc/target/tar-map-probe-candidate/release/rboxc)
==670898==    by 0x467350C: rboxc_tar_name_next (in /root/rboxc/target/tar-map-probe-candidate/release/rboxc)
==670898==    by 0x466436F: rboxc_tar_create_archive (in /root/rboxc/target/tar-map-probe-candidate/release/rboxc)
==670898==    by 0x4478AF8: single_binary_main_tar (in /root/rboxc/target/tar-map-probe-candidate/release/rboxc)
==670898==    by 0x5A18600: (below main) (libc_start_call_main.h:59)
==670898== 
==670898== 17 bytes in 1 blocks are still reachable in loss record 5 of 16
==670898==    at 0x586E858: malloc (vg_replace_malloc.c:447)
==670898==    by 0x469E66D: rboxc_tar_xstrdup (in /root/rboxc/target/tar-map-probe-candidate/release/rboxc)
==670898==    by 0x466FF4F: rboxc_tar_assign_string (in /root/rboxc/target/tar-map-probe-candidate/release/rboxc)
==670898==    by 0x467EFE6: rboxc_tar_xheader_xhdr_name (in /root/rboxc/target/tar-map-probe-candidate/release/rboxc)
==670898==    by 0x46610F7: write_extended.part.0 (in /root/rboxc/target/tar-map-probe-candidate/release/rboxc)
==670898==    by 0x46616F6: rboxc_tar_finish_header (in /root/rboxc/target/tar-map-probe-candidate/release/rboxc)
==670898==    by 0x4663ABE: dump_file0 (in /root/rboxc/target/tar-map-probe-candidate/release/rboxc)
==670898==    by 0x46643E9: rboxc_tar_create_archive (in /root/rboxc/target/tar-map-probe-candidate/release/rboxc)
==670898==    by 0x4478AF8: single_binary_main_tar (in /root/rboxc/target/tar-map-probe-candidate/release/rboxc)
==670898==    by 0x5A18600: (below main) (libc_start_call_main.h:59)
==670898== 
==670898== 40 bytes in 1 blocks are still reachable in loss record 6 of 16
==670898==    at 0x5875E43: calloc (vg_replace_malloc.c:1678)
==670898==    by 0x469E501: rboxc_tar_xzalloc (in /root/rboxc/target/tar-map-probe-candidate/release/rboxc)
==670898==    by 0x468EFB1: rboxc_tar_add_exclude (in /root/rboxc/target/tar-map-probe-candidate/release/rboxc)
==670898==    by 0x468F3AC: rboxc_tar_add_exclude_fp (in /root/rboxc/target/tar-map-probe-candidate/release/rboxc)
==670898==    by 0x468F46C: rboxc_tar_add_exclude_file (in /root/rboxc/target/tar-map-probe-candidate/release/rboxc)
==670898==    by 0x4672E36: name_next_elt (in /root/rboxc/target/tar-map-probe-candidate/release/rboxc)
==670898==    by 0x467350C: rboxc_tar_name_next (in /root/rboxc/target/tar-map-probe-candidate/release/rboxc)
==670898==    by 0x466436F: rboxc_tar_create_archive (in /root/rboxc/target/tar-map-probe-candidate/release/rboxc)
==670898==    by 0x4478AF8: single_binary_main_tar (in /root/rboxc/target/tar-map-probe-candidate/release/rboxc)
==670898==    by 0x5A18600: (below main) (libc_start_call_main.h:59)
==670898== 
==670898== 80 bytes in 1 blocks are still reachable in loss record 7 of 16
==670898==    at 0x586E858: malloc (vg_replace_malloc.c:447)
==670898==    by 0x469E0DC: rboxc_tar_xmalloc (in /root/rboxc/target/tar-map-probe-candidate/release/rboxc)
==670898==    by 0x4477A00: single_binary_main_tar (in /root/rboxc/target/tar-map-probe-candidate/release/rboxc)
==670898==    by 0x5A18600: (below main) (libc_start_call_main.h:59)
==670898== 
==670898== 80 bytes in 1 blocks are still reachable in loss record 8 of 16
==670898==    at 0x586E858: malloc (vg_replace_malloc.c:447)
==670898==    by 0x4693786: rboxc_tar_hash_initialize (in /root/rboxc/target/tar-map-probe-candidate/release/rboxc)
==670898==    by 0x468EFE6: rboxc_tar_add_exclude (in /root/rboxc/target/tar-map-probe-candidate/release/rboxc)
==670898==    by 0x468F3AC: rboxc_tar_add_exclude_fp (in /root/rboxc/target/tar-map-probe-candidate/release/rboxc)
==670898==    by 0x468F46C: rboxc_tar_add_exclude_file (in /root/rboxc/target/tar-map-probe-candidate/release/rboxc)
==670898==    by 0x4672E36: name_next_elt (in /root/rboxc/target/tar-map-probe-candidate/release/rboxc)
==670898==    by 0x467350C: rboxc_tar_name_next (in /root/rboxc/target/tar-map-probe-candidate/release/rboxc)
==670898==    by 0x466436F: rboxc_tar_create_archive (in /root/rboxc/target/tar-map-probe-candidate/release/rboxc)
==670898==    by 0x4478AF8: single_binary_main_tar (in /root/rboxc/target/tar-map-probe-candidate/release/rboxc)
==670898==    by 0x5A18600: (below main) (libc_start_call_main.h:59)
==670898== 
==670898== 102 bytes in 1 blocks are still reachable in loss record 9 of 16
==670898==    at 0x586E858: malloc (vg_replace_malloc.c:447)
==670898==    by 0x469E0DC: rboxc_tar_xmalloc (in /root/rboxc/target/tar-map-probe-candidate/release/rboxc)
==670898==    by 0x46734A1: rboxc_tar_name_init (in /root/rboxc/target/tar-map-probe-candidate/release/rboxc)
==670898==    by 0x4478A7A: single_binary_main_tar (in /root/rboxc/target/tar-map-probe-candidate/release/rboxc)
==670898==    by 0x5A18600: (below main) (libc_start_call_main.h:59)
==670898== 
==670898== 256 bytes in 1 blocks are still reachable in loss record 10 of 16
==670898==    at 0x586E858: malloc (vg_replace_malloc.c:447)
==670898==    by 0x469E0DC: rboxc_tar_xmalloc (in /root/rboxc/target/tar-map-probe-candidate/release/rboxc)
==670898==    by 0x467DAB4: xheader_print_n (in /root/rboxc/target/tar-map-probe-candidate/release/rboxc)
==670898==    by 0x467DD3B: mtime_coder (in /root/rboxc/target/tar-map-probe-candidate/release/rboxc)
==670898==    by 0x46620DF: rboxc_tar_start_header (in /root/rboxc/target/tar-map-probe-candidate/release/rboxc)
==670898==    by 0x4663659: dump_file0 (in /root/rboxc/target/tar-map-probe-candidate/release/rboxc)
==670898==    by 0x46643E9: rboxc_tar_create_archive (in /root/rboxc/target/tar-map-probe-candidate/release/rboxc)
==670898==    by 0x4478AF8: single_binary_main_tar (in /root/rboxc/target/tar-map-probe-candidate/release/rboxc)
==670898==    by 0x5A18600: (below main) (libc_start_call_main.h:59)
==670898== 
==670898== 2,800 bytes in 175 blocks are still reachable in loss record 11 of 16
==670898==    at 0x586E858: malloc (vg_replace_malloc.c:447)
==670898==    by 0x46931D3: transfer_entries (in /root/rboxc/target/tar-map-probe-candidate/release/rboxc)
==670898==    by 0x4693AA4: rboxc_tar_hash_rehash (in /root/rboxc/target/tar-map-probe-candidate/release/rboxc)
==670898==    by 0x4693D15: rboxc_tar_hash_insert_if_absent (in /root/rboxc/target/tar-map-probe-candidate/release/rboxc)
==670898==    by 0x4693DA1: rboxc_tar_hash_insert (in /root/rboxc/target/tar-map-probe-candidate/release/rboxc)
==670898==    by 0x468F01E: rboxc_tar_add_exclude (in /root/rboxc/target/tar-map-probe-candidate/release/rboxc)
==670898==    by 0x468F3AC: rboxc_tar_add_exclude_fp (in /root/rboxc/target/tar-map-probe-candidate/release/rboxc)
==670898==    by 0x468F46C: rboxc_tar_add_exclude_file (in /root/rboxc/target/tar-map-probe-candidate/release/rboxc)
==670898==    by 0x4672E36: name_next_elt (in /root/rboxc/target/tar-map-probe-candidate/release/rboxc)
==670898==    by 0x467350C: rboxc_tar_name_next (in /root/rboxc/target/tar-map-probe-candidate/release/rboxc)
==670898==    by 0x466436F: rboxc_tar_create_archive (in /root/rboxc/target/tar-map-probe-candidate/release/rboxc)
==670898==    by 0x4478AF8: single_binary_main_tar (in /root/rboxc/target/tar-map-probe-candidate/release/rboxc)
==670898== 
==670898== 4,064 bytes in 1 blocks are still reachable in loss record 12 of 16
==670898==    at 0x586E858: malloc (vg_replace_malloc.c:447)
==670898==    by 0x469E0DC: rboxc_tar_xmalloc (in /root/rboxc/target/tar-map-probe-candidate/release/rboxc)
==670898==    by 0x4695FFD: _obstack_begin_worker.isra.0 (in /root/rboxc/target/tar-map-probe-candidate/release/rboxc)
==670898==    by 0x4696028: rboxc_tar__obstack_begin (in /root/rboxc/target/tar-map-probe-candidate/release/rboxc)
==670898==    by 0x4679CD7: rboxc_tar_transform_name_fp (in /root/rboxc/target/tar-map-probe-candidate/release/rboxc)
==670898==    by 0x46632A4: dump_file0 (in /root/rboxc/target/tar-map-probe-candidate/release/rboxc)
==670898==    by 0x46643E9: rboxc_tar_create_archive (in /root/rboxc/target/tar-map-probe-candidate/release/rboxc)
==670898==    by 0x4478AF8: single_binary_main_tar (in /root/rboxc/target/tar-map-probe-candidate/release/rboxc)
==670898==    by 0x5A18600: (below main) (libc_start_call_main.h:59)
==670898== 
==670898== 7,779,792 bytes in 486,237 blocks are still reachable in loss record 13 of 16
==670898==    at 0x586E858: malloc (vg_replace_malloc.c:447)
==670898==    by 0x4693D49: rboxc_tar_hash_insert_if_absent (in /root/rboxc/target/tar-map-probe-candidate/release/rboxc)
==670898==    by 0x4693DA1: rboxc_tar_hash_insert (in /root/rboxc/target/tar-map-probe-candidate/release/rboxc)
==670898==    by 0x468F01E: rboxc_tar_add_exclude (in /root/rboxc/target/tar-map-probe-candidate/release/rboxc)
==670898==    by 0x468F3AC: rboxc_tar_add_exclude_fp (in /root/rboxc/target/tar-map-probe-candidate/release/rboxc)
==670898==    by 0x468F46C: rboxc_tar_add_exclude_file (in /root/rboxc/target/tar-map-probe-candidate/release/rboxc)
==670898==    by 0x4672E36: name_next_elt (in /root/rboxc/target/tar-map-probe-candidate/release/rboxc)
==670898==    by 0x467350C: rboxc_tar_name_next (in /root/rboxc/target/tar-map-probe-candidate/release/rboxc)
==670898==    by 0x466436F: rboxc_tar_create_archive (in /root/rboxc/target/tar-map-probe-candidate/release/rboxc)
==670898==    by 0x4478AF8: single_binary_main_tar (in /root/rboxc/target/tar-map-probe-candidate/release/rboxc)
==670898==    by 0x5A18600: (below main) (libc_start_call_main.h:59)
==670898== 
==670898== 10,348,112 bytes in 1 blocks are still reachable in loss record 14 of 16
==670898==    at 0x5875E43: calloc (vg_replace_malloc.c:1678)
==670898==    by 0x4693A39: rboxc_tar_hash_rehash (in /root/rboxc/target/tar-map-probe-candidate/release/rboxc)
==670898==    by 0x4693D15: rboxc_tar_hash_insert_if_absent (in /root/rboxc/target/tar-map-probe-candidate/release/rboxc)
==670898==    by 0x4693DA1: rboxc_tar_hash_insert (in /root/rboxc/target/tar-map-probe-candidate/release/rboxc)
==670898==    by 0x468F01E: rboxc_tar_add_exclude (in /root/rboxc/target/tar-map-probe-candidate/release/rboxc)
==670898==    by 0x468F3AC: rboxc_tar_add_exclude_fp (in /root/rboxc/target/tar-map-probe-candidate/release/rboxc)
==670898==    by 0x468F46C: rboxc_tar_add_exclude_file (in /root/rboxc/target/tar-map-probe-candidate/release/rboxc)
==670898==    by 0x4672E36: name_next_elt (in /root/rboxc/target/tar-map-probe-candidate/release/rboxc)
==670898==    by 0x467350C: rboxc_tar_name_next (in /root/rboxc/target/tar-map-probe-candidate/release/rboxc)
==670898==    by 0x466436F: rboxc_tar_create_archive (in /root/rboxc/target/tar-map-probe-candidate/release/rboxc)
==670898==    by 0x4478AF8: single_binary_main_tar (in /root/rboxc/target/tar-map-probe-candidate/release/rboxc)
==670898==    by 0x5A18600: (below main) (libc_start_call_main.h:59)
==670898== 
==670898== 18,888,740 bytes in 999,989 blocks are still reachable in loss record 15 of 16
==670898==    at 0x586E858: malloc (vg_replace_malloc.c:447)
==670898==    by 0x469E66D: rboxc_tar_xstrdup (in /root/rboxc/target/tar-map-probe-candidate/release/rboxc)
==670898==    by 0x468F003: rboxc_tar_add_exclude (in /root/rboxc/target/tar-map-probe-candidate/release/rboxc)
==670898==    by 0x468F3AC: rboxc_tar_add_exclude_fp (in /root/rboxc/target/tar-map-probe-candidate/release/rboxc)
==670898==    by 0x468F46C: rboxc_tar_add_exclude_file (in /root/rboxc/target/tar-map-probe-candidate/release/rboxc)
==670898==    by 0x4672E36: name_next_elt (in /root/rboxc/target/tar-map-probe-candidate/release/rboxc)
==670898==    by 0x467350C: rboxc_tar_name_next (in /root/rboxc/target/tar-map-probe-candidate/release/rboxc)
==670898==    by 0x466436F: rboxc_tar_create_archive (in /root/rboxc/target/tar-map-probe-candidate/release/rboxc)
==670898==    by 0x4478AF8: single_binary_main_tar (in /root/rboxc/target/tar-map-probe-candidate/release/rboxc)
==670898==    by 0x5A18600: (below main) (libc_start_call_main.h:59)
==670898== 
==670898== 18,888,741 bytes in 1 blocks are still reachable in loss record 16 of 16
==670898==    at 0x587607F: realloc (vg_replace_malloc.c:1804)
==670898==    by 0x469E17D: rboxc_tar_xirealloc (in /root/rboxc/target/tar-map-probe-candidate/release/rboxc)
==670898==    by 0x468F290: rboxc_tar_add_exclude_fp (in /root/rboxc/target/tar-map-probe-candidate/release/rboxc)
==670898==    by 0x468F46C: rboxc_tar_add_exclude_file (in /root/rboxc/target/tar-map-probe-candidate/release/rboxc)
==670898==    by 0x4672E36: name_next_elt (in /root/rboxc/target/tar-map-probe-candidate/release/rboxc)
==670898==    by 0x467350C: rboxc_tar_name_next (in /root/rboxc/target/tar-map-probe-candidate/release/rboxc)
==670898==    by 0x466436F: rboxc_tar_create_archive (in /root/rboxc/target/tar-map-probe-candidate/release/rboxc)
==670898==    by 0x4478AF8: single_binary_main_tar (in /root/rboxc/target/tar-map-probe-candidate/release/rboxc)
==670898==    by 0x5A18600: (below main) (libc_start_call_main.h:59)
==670898== 
==670898== LEAK SUMMARY:
==670898==    definitely lost: 0 bytes in 0 blocks
==670898==    indirectly lost: 0 bytes in 0 blocks
==670898==      possibly lost: 0 bytes in 0 blocks
==670898==    still reachable: 55,912,866 bytes in 1,486,414 blocks
==670898==         suppressed: 0 bytes in 0 blocks
==670898== 
==670898== For lists of detected and suppressed errors, rerun with: -s
==670898== ERROR SUMMARY: 0 errors from 0 contexts (suppressed: 0 from 0)
