==615399== Memcheck, a memory error detector
==615399== Copyright (C) 2002-2024, and GNU GPL'd, by Julian Seward et al.
==615399== Using Valgrind-3.26.0 and LibVEX; rerun with -h for copyright info
==615399== Command: tar -v -c -L 10 -M -f 1.tar -f 2.tar -f 3.tar -f 4.tar -f 5.tar data1 data2
==615399== Parent PID: 615395
==615399== 
==615399== 
==615399== FILE DESCRIPTORS: 1 open (1 inherited) at exit.
==615399== 
==615399== HEAP SUMMARY:
==615399==     in use at exit: 38,010 bytes in 30 blocks
==615399==   total heap usage: 141 allocs, 111 frees, 151,109 bytes allocated
==615399== 
==615399== 5 bytes in 1 blocks are still reachable in loss record 1 of 22
==615399==    at 0x48BD858: malloc (vg_replace_malloc.c:447)
==615399==    by 0x405185D: xmalloc (xmalloc.c:45)
==615399==    by 0x405185D: xmemdup (xmalloc.c:314)
==615399==    by 0x405185D: xstrdup (xmalloc.c:339)
==615399==    by 0x402644F: assign_string (misc.c:58)
==615399==    by 0x4029612: uid_to_uname (names.c:490)
==615399==    by 0x40155F3: start_header (create.c:931)
==615399==    by 0x4015798: dump_regular_file (create.c:1050)
==615399==    by 0x40165E2: dump_file0 (create.c:1773)
==615399==    by 0x4017589: dump_file (create.c:1968)
==615399==    by 0x4017589: create_archive (create.c:1412)
==615399==    by 0x400CD90: main (tar.c:2818)
==615399== 
==615399== 5 bytes in 1 blocks are still reachable in loss record 2 of 22
==615399==    at 0x48BD858: malloc (vg_replace_malloc.c:447)
==615399==    by 0x405185D: xmalloc (xmalloc.c:45)
==615399==    by 0x405185D: xmemdup (xmalloc.c:314)
==615399==    by 0x405185D: xstrdup (xmalloc.c:339)
==615399==    by 0x402644F: assign_string (misc.c:58)
==615399==    by 0x40296A2: gid_to_gname (names.c:520)
==615399==    by 0x40155DB: start_header (create.c:936)
==615399==    by 0x4015798: dump_regular_file (create.c:1050)
==615399==    by 0x40165E2: dump_file0 (create.c:1773)
==615399==    by 0x4017589: dump_file (create.c:1968)
==615399==    by 0x4017589: create_archive (create.c:1412)
==615399==    by 0x400CD90: main (tar.c:2818)
==615399== 
==615399== 9 bytes in 2 blocks are indirectly lost in loss record 3 of 22
==615399==    at 0x48BD858: malloc (vg_replace_malloc.c:447)
==615399==    by 0x40387DD: wsnode_quoteremoval (wordsplit.c:651)
==615399==    by 0x4039CFD: wordsplit_process_list (wordsplit.c:2390)
==615399==    by 0x403A562: wordsplit_run.constprop.0 (wordsplit.c:2434)
==615399==    by 0x400BFFA: parse_default_options (tar.c:2256)
==615399==    by 0x400BFFA: decode_options (tar.c:2378)
==615399==    by 0x400BFFA: main (tar.c:2792)
==615399== 
==615399== 9 bytes in 2 blocks are definitely lost in loss record 4 of 22
==615399==    at 0x48BD858: malloc (vg_replace_malloc.c:447)
==615399==    by 0x403A1FB: wordsplit_finish (wordsplit.c:836)
==615399==    by 0x400BFFA: parse_default_options (tar.c:2256)
==615399==    by 0x400BFFA: decode_options (tar.c:2378)
==615399==    by 0x400BFFA: main (tar.c:2792)
==615399== 
==615399== 10 bytes in 2 blocks are definitely lost in loss record 5 of 22
==615399==    at 0x48BD858: malloc (vg_replace_malloc.c:447)
==615399==    by 0x405185D: xmalloc (xmalloc.c:45)
==615399==    by 0x405185D: xmemdup (xmalloc.c:314)
==615399==    by 0x405185D: xstrdup (xmalloc.c:339)
==615399==    by 0x4029621: uid_to_uname (names.c:499)
==615399==    by 0x40155F3: start_header (create.c:931)
==615399==    by 0x400D8BB: add_chunk_header (buffer.c:1719)
==615399==    by 0x400FC27: _gnu_flush_write (buffer.c:1979)
==615399==    by 0x400FC27: gnu_flush_write (buffer.c:2003)
==615399==    by 0x400E689: find_next_block (buffer.c:609)
==615399==    by 0x40157CC: dump_regular_file (create.c:1065)
==615399==    by 0x40165E2: dump_file0 (create.c:1773)
==615399==    by 0x4017589: dump_file (create.c:1968)
==615399==    by 0x4017589: create_archive (create.c:1412)
==615399==    by 0x400CD90: main (tar.c:2818)
==615399== 
==615399== 10 bytes in 2 blocks are definitely lost in loss record 6 of 22
==615399==    at 0x48BD858: malloc (vg_replace_malloc.c:447)
==615399==    by 0x405185D: xmalloc (xmalloc.c:45)
==615399==    by 0x405185D: xmemdup (xmalloc.c:314)
==615399==    by 0x405185D: xstrdup (xmalloc.c:339)
==615399==    by 0x40296B1: gid_to_gname (names.c:529)
==615399==    by 0x40155DB: start_header (create.c:936)
==615399==    by 0x400D8BB: add_chunk_header (buffer.c:1719)
==615399==    by 0x400FC27: _gnu_flush_write (buffer.c:1979)
==615399==    by 0x400FC27: gnu_flush_write (buffer.c:2003)
==615399==    by 0x400E689: find_next_block (buffer.c:609)
==615399==    by 0x40157CC: dump_regular_file (create.c:1065)
==615399==    by 0x40165E2: dump_file0 (create.c:1773)
==615399==    by 0x4017589: dump_file (create.c:1968)
==615399==    by 0x4017589: create_archive (create.c:1412)
==615399==    by 0x400CD90: main (tar.c:2818)
==615399== 
==615399== 10 bytes in 2 blocks are definitely lost in loss record 7 of 22
==615399==    at 0x48BD858: malloc (vg_replace_malloc.c:447)
==615399==    by 0x405185D: xmalloc (xmalloc.c:45)
==615399==    by 0x405185D: xmemdup (xmalloc.c:314)
==615399==    by 0x405185D: xstrdup (xmalloc.c:339)
==615399==    by 0x4029621: uid_to_uname (names.c:499)
==615399==    by 0x40155F3: start_header (create.c:931)
==615399==    by 0x400D8BB: add_chunk_header (buffer.c:1719)
==615399==    by 0x400FC27: _gnu_flush_write (buffer.c:1979)
==615399==    by 0x400FC27: gnu_flush_write (buffer.c:2003)
==615399==    by 0x400ECD4: close_archive (buffer.c:1111)
==615399==    by 0x4017521: create_archive (create.c:1416)
==615399==    by 0x400CD90: main (tar.c:2818)
==615399== 
==615399== 10 bytes in 2 blocks are definitely lost in loss record 8 of 22
==615399==    at 0x48BD858: malloc (vg_replace_malloc.c:447)
==615399==    by 0x405185D: xmalloc (xmalloc.c:45)
==615399==    by 0x405185D: xmemdup (xmalloc.c:314)
==615399==    by 0x405185D: xstrdup (xmalloc.c:339)
==615399==    by 0x40296B1: gid_to_gname (names.c:529)
==615399==    by 0x40155DB: start_header (create.c:936)
==615399==    by 0x400D8BB: add_chunk_header (buffer.c:1719)
==615399==    by 0x400FC27: _gnu_flush_write (buffer.c:1979)
==615399==    by 0x400FC27: gnu_flush_write (buffer.c:2003)
==615399==    by 0x400ECD4: close_archive (buffer.c:1111)
==615399==    by 0x4017521: create_archive (create.c:1416)
==615399==    by 0x400CD90: main (tar.c:2818)
==615399== 
==615399== 16 bytes in 1 blocks are still reachable in loss record 9 of 22
==615399==    at 0x48C4E43: calloc (vg_replace_malloc.c:1678)
==615399==    by 0x40516F1: xcalloc (xmalloc.c:298)
==615399==    by 0x40516F1: xzalloc (xmalloc.c:283)
==615399==    by 0x400BEF9: decode_options (tar.c:2297)
==615399==    by 0x400BEF9: main (tar.c:2792)
==615399== 
==615399== 17 bytes in 1 blocks are still reachable in loss record 10 of 22
==615399==    at 0x48BD858: malloc (vg_replace_malloc.c:447)
==615399==    by 0x405185D: xmalloc (xmalloc.c:45)
==615399==    by 0x405185D: xmemdup (xmalloc.c:314)
==615399==    by 0x405185D: xstrdup (xmalloc.c:339)
==615399==    by 0x402644F: assign_string (misc.c:58)
==615399==    by 0x401E7A6: xheader_xhdr_name (xheader.c:393)
==615399==    by 0x4014297: write_extended.part.0 (create.c:713)
==615399==    by 0x4014896: write_extended (create.c:699)
==615399==    by 0x4014896: finish_header (create.c:1024)
==615399==    by 0x40157AF: dump_regular_file (create.c:1058)
==615399==    by 0x40165E2: dump_file0 (create.c:1773)
==615399==    by 0x4017589: dump_file (create.c:1968)
==615399==    by 0x4017589: create_archive (create.c:1412)
==615399==    by 0x400CD90: main (tar.c:2818)
==615399== 
==615399== 47 bytes in 1 blocks are still reachable in loss record 11 of 22
==615399==    at 0x48BD858: malloc (vg_replace_malloc.c:447)
==615399==    by 0x40512CC: xmalloc (xmalloc.c:45)
==615399==    by 0x401E864: xheader_ghdr_name (xheader.c:408)
==615399==    by 0x4014203: write_extended.part.0 (create.c:707)
==615399==    by 0x400FC0E: _gnu_flush_write (buffer.c:1975)
==615399==    by 0x400FC0E: gnu_flush_write (buffer.c:2003)
==615399==    by 0x400E689: find_next_block (buffer.c:609)
==615399==    by 0x40157CC: dump_regular_file (create.c:1065)
==615399==    by 0x40165E2: dump_file0 (create.c:1773)
==615399==    by 0x4017589: dump_file (create.c:1968)
==615399==    by 0x4017589: create_archive (create.c:1412)
==615399==    by 0x400CD90: main (tar.c:2818)
==615399== 
==615399== 64 bytes in 2 blocks are still reachable in loss record 12 of 22
==615399==    at 0x48BD858: malloc (vg_replace_malloc.c:447)
==615399==    by 0x40512CC: xmalloc (xmalloc.c:45)
==615399==    by 0x401407E: file_count_links (create.c:1522)
==615399==    by 0x401407E: file_count_links (create.c:1508)
==615399==    by 0x4016A58: dump_file0 (create.c:1779)
==615399==    by 0x4017589: dump_file (create.c:1968)
==615399==    by 0x4017589: create_archive (create.c:1412)
==615399==    by 0x400CD90: main (tar.c:2818)
==615399== 
==615399== 80 bytes in 1 blocks are still reachable in loss record 13 of 22
==615399==    at 0x48BD858: malloc (vg_replace_malloc.c:447)
==615399==    by 0x40512CC: xmalloc (xmalloc.c:45)
==615399==    by 0x400BE43: main (tar.c:2781)
==615399== 
==615399== 80 bytes in 1 blocks are still reachable in loss record 14 of 22
==615399==    at 0x48BD858: malloc (vg_replace_malloc.c:447)
==615399==    by 0x4047846: hash_initialize (hash.c:523)
==615399==    by 0x401411B: file_count_links (create.c:1530)
==615399==    by 0x401411B: file_count_links (create.c:1508)
==615399==    by 0x4016A58: dump_file0 (create.c:1779)
==615399==    by 0x4017589: dump_file (create.c:1968)
==615399==    by 0x4017589: create_archive (create.c:1412)
==615399==    by 0x400CD90: main (tar.c:2818)
==615399== 
==615399== 89 (80 direct, 9 indirect) bytes in 2 blocks are definitely lost in loss record 15 of 22
==615399==    at 0x48C4E43: calloc (vg_replace_malloc.c:1678)
==615399==    by 0x403959D: wsnode_new (wordsplit.c:422)
==615399==    by 0x403959D: wordsplit_add_segm (wordsplit.c:523)
==615399==    by 0x4039854: scan_word (wordsplit.c:2062)
==615399==    by 0x4039C7C: wordsplit_process_list (wordsplit.c:2358)
==615399==    by 0x403A562: wordsplit_run.constprop.0 (wordsplit.c:2434)
==615399==    by 0x400BFFA: parse_default_options (tar.c:2256)
==615399==    by 0x400BFFA: decode_options (tar.c:2378)
==615399==    by 0x400BFFA: main (tar.c:2792)
==615399== 
==615399== 102 bytes in 1 blocks are still reachable in loss record 16 of 22
==615399==    at 0x48BD858: malloc (vg_replace_malloc.c:447)
==615399==    by 0x40512CC: xmalloc (xmalloc.c:45)
==615399==    by 0x4029881: name_init (names.c:869)
==615399==    by 0x400C94C: main (tar.c:2794)
==615399== 
==615399== 112 bytes in 1 blocks are still reachable in loss record 17 of 22
==615399==    at 0x48BD858: malloc (vg_replace_malloc.c:447)
==615399==    by 0x491DE43: __gconv_open (gconv_open.c:77)
==615399==    by 0x491D9E0: iconv_open (iconv_open.c:39)
==615399==    by 0x403387B: utf8_init (utf8.c:59)
==615399==    by 0x403387B: utf8_convert (utf8.c:73)
==615399==    by 0x401D32E: code_string (xheader.c:1015)
==615399==    by 0x400FED4: add_multi_volume_header (buffer.c:1778)
==615399==    by 0x400FED4: _gnu_flush_write (buffer.c:1973)
==615399==    by 0x400FED4: gnu_flush_write (buffer.c:2003)
==615399==    by 0x400E689: find_next_block (buffer.c:609)
==615399==    by 0x40157CC: dump_regular_file (create.c:1065)
==615399==    by 0x40165E2: dump_file0 (create.c:1773)
==615399==    by 0x4017589: dump_file (create.c:1968)
==615399==    by 0x4017589: create_archive (create.c:1412)
==615399==    by 0x400CD90: main (tar.c:2818)
==615399== 
==615399== 176 bytes in 1 blocks are still reachable in loss record 18 of 22
==615399==    at 0x48C4E43: calloc (vg_replace_malloc.c:1678)
==615399==    by 0x404789C: hash_initialize (hash.c:544)
==615399==    by 0x401411B: file_count_links (create.c:1530)
==615399==    by 0x401411B: file_count_links (create.c:1508)
==615399==    by 0x4016A58: dump_file0 (create.c:1779)
==615399==    by 0x4017589: dump_file (create.c:1968)
==615399==    by 0x4017589: create_archive (create.c:1412)
==615399==    by 0x400CD90: main (tar.c:2818)
==615399== 
==615399== 208 bytes in 1 blocks are still reachable in loss record 19 of 22
==615399==    at 0x48BD858: malloc (vg_replace_malloc.c:447)
==615399==    by 0x4929C6F: __gconv_lookup_cache (gconv_cache.c:361)
==615399==    by 0x491F8EE: __gconv_find_transform (gconv_db.c:717)
==615399==    by 0x491DDE5: __gconv_open (gconv_open.c:73)
==615399==    by 0x491D9E0: iconv_open (iconv_open.c:39)
==615399==    by 0x403387B: utf8_init (utf8.c:59)
==615399==    by 0x403387B: utf8_convert (utf8.c:73)
==615399==    by 0x401D32E: code_string (xheader.c:1015)
==615399==    by 0x400FED4: add_multi_volume_header (buffer.c:1778)
==615399==    by 0x400FED4: _gnu_flush_write (buffer.c:1973)
==615399==    by 0x400FED4: gnu_flush_write (buffer.c:2003)
==615399==    by 0x400E689: find_next_block (buffer.c:609)
==615399==    by 0x40157CC: dump_regular_file (create.c:1065)
==615399==    by 0x40165E2: dump_file0 (create.c:1773)
==615399==    by 0x4017589: dump_file (create.c:1968)
==615399==    by 0x4017589: create_archive (create.c:1412)
==615399== 
==615399== 256 bytes in 1 blocks are still reachable in loss record 20 of 22
==615399==    at 0x48BD858: malloc (vg_replace_malloc.c:447)
==615399==    by 0x40512CC: xmalloc (xmalloc.c:45)
==615399==    by 0x401D274: xattr_encode_keyword (xheader.c:833)
==615399==    by 0x401D274: xheader_print_n (xheader.c:876)
==615399==    by 0x401D4FB: xheader_print (xheader.c:899)
==615399==    by 0x401D4FB: code_time (xheader.c:1043)
==615399==    by 0x401D4FB: mtime_coder (xheader.c:1232)
==615399==    by 0x401527F: start_header (create.c:852)
==615399==    by 0x4015798: dump_regular_file (create.c:1050)
==615399==    by 0x40165E2: dump_file0 (create.c:1773)
==615399==    by 0x4017589: dump_file (create.c:1968)
==615399==    by 0x4017589: create_archive (create.c:1412)
==615399==    by 0x400CD90: main (tar.c:2818)
==615399== 
==615399== 4,064 bytes in 1 blocks are still reachable in loss record 21 of 22
==615399==    at 0x48BD858: malloc (vg_replace_malloc.c:447)
==615399==    by 0x40512CC: xmalloc (xmalloc.c:45)
==615399==    by 0x404A07D: call_chunkfun (obstack.c:88)
==615399==    by 0x404A07D: _obstack_begin_worker.isra.0 (obstack.c:135)
==615399==    by 0x404A0A8: _obstack_begin (obstack.c:157)
==615399==    by 0x4032C57: _transform_name_to_obstack (transform.c:592)
==615399==    by 0x4032C57: transform_name_fp (transform.c:614)
==615399==    by 0x4016444: dump_file0 (create.c:1657)
==615399==    by 0x4017589: dump_file (create.c:1968)
==615399==    by 0x4017589: create_archive (create.c:1412)
==615399==    by 0x400CD90: main (tar.c:2818)
==615399== 
==615399== 32,640 bytes in 1 blocks are still reachable in loss record 22 of 22
==615399==    at 0x48BD858: malloc (vg_replace_malloc.c:447)
==615399==    by 0x491DECE: __gconv_open (gconv_open.c:127)
==615399==    by 0x491D9E0: iconv_open (iconv_open.c:39)
==615399==    by 0x403387B: utf8_init (utf8.c:59)
==615399==    by 0x403387B: utf8_convert (utf8.c:73)
==615399==    by 0x401D32E: code_string (xheader.c:1015)
==615399==    by 0x400FED4: add_multi_volume_header (buffer.c:1778)
==615399==    by 0x400FED4: _gnu_flush_write (buffer.c:1973)
==615399==    by 0x400FED4: gnu_flush_write (buffer.c:2003)
==615399==    by 0x400E689: find_next_block (buffer.c:609)
==615399==    by 0x40157CC: dump_regular_file (create.c:1065)
==615399==    by 0x40165E2: dump_file0 (create.c:1773)
==615399==    by 0x4017589: dump_file (create.c:1968)
==615399==    by 0x4017589: create_archive (create.c:1412)
==615399==    by 0x400CD90: main (tar.c:2818)
==615399== 
==615399== LEAK SUMMARY:
==615399==    definitely lost: 129 bytes in 12 blocks
==615399==    indirectly lost: 9 bytes in 2 blocks
==615399==      possibly lost: 0 bytes in 0 blocks
==615399==    still reachable: 37,872 bytes in 16 blocks
==615399==         suppressed: 0 bytes in 0 blocks
==615399== 
==615399== For lists of detected and suppressed errors, rerun with: -s
==615399== ERROR SUMMARY: 6 errors from 6 contexts (suppressed: 0 from 0)
