==726609== Memcheck, a memory error detector
==726609== Copyright (C) 2002-2024, and GNU GPL'd, by Julian Seward et al.
==726609== Using Valgrind-3.26.0 and LibVEX; rerun with -h for copyright info
==726609== Command: /tmp/rboxc-gawk-original-9s7gpz6x/deps/sort
==726609== Parent PID: 726589
==726609== 
==726609== 
==726609== FILE DESCRIPTORS: 0 open (0 inherited) at exit.
==726609== 
==726609== HEAP SUMMARY:
==726609==     in use at exit: 128 bytes in 1 blocks
==726609==   total heap usage: 25 allocs, 24 frees, 16,935,129 bytes allocated
==726609== 
==726609== 128 bytes in 1 blocks are still reachable in loss record 1 of 1
==726609==    at 0x4BF907F: realloc (vg_replace_malloc.c:1804)
==726609==    by 0x411C0A6: rpl_realloc (stdlib.h:2059)
==726609==    by 0x411C0A6: xrealloc (xmalloc.c:70)
==726609==    by 0x411C0A6: xpalloc (xmalloc.c:269)
==726609==    by 0x40A7BB6: add_temp_dir (sort.c:1347)
==726609==    by 0x40AE3A4: single_binary_main_sort (sort.c:4921)
==726609==    by 0x401A532: launch_program (coreutils.c:126)
==726609==    by 0x4018E7A: main (coreutils.c:143)
==726609== 
==726609== LEAK SUMMARY:
==726609==    definitely lost: 0 bytes in 0 blocks
==726609==    indirectly lost: 0 bytes in 0 blocks
==726609==      possibly lost: 0 bytes in 0 blocks
==726609==    still reachable: 128 bytes in 1 blocks
==726609==         suppressed: 0 bytes in 0 blocks
==726609== 
==726609== For lists of detected and suppressed errors, rerun with: -s
==726609== ERROR SUMMARY: 0 errors from 0 contexts (suppressed: 0 from 0)
