==688473== Memcheck, a memory error detector
==688473== Copyright (C) 2002-2024, and GNU GPL'd, by Julian Seward et al.
==688473== Using Valgrind-3.26.0 and LibVEX; rerun with -h for copyright info
==688473== Command: /tmp/rboxc-tar-behavior-pveafuha/exec/tar -xOf archive.tar ./alpha.txt
==688473== Parent PID: 683658
==688473== 
==688473== 
==688473== FILE DESCRIPTORS: 2 open (2 inherited) at exit.
==688473== 
==688473== HEAP SUMMARY:
==688473==     in use at exit: 4,380 bytes in 8 blocks
==688473==   total heap usage: 81 allocs, 73 frees, 47,862 bytes allocated
==688473== 
==688473== 5 bytes in 1 blocks are still reachable in loss record 1 of 8
==688473==    at 0x48BD858: malloc (vg_replace_malloc.c:447)
==688473==    by 0x405185D: xmalloc (xmalloc.c:45)
==688473==    by 0x405185D: xmemdup (xmalloc.c:314)
==688473==    by 0x405185D: xstrdup (xmalloc.c:339)
==688473==    by 0x402644F: assign_string (misc.c:58)
==688473==    by 0x402973C: uname_to_uid (names.c:550)
==688473==    by 0x402457F: decode_header (list.c:694)
==688473==    by 0x4025616: read_and (list.c:194)
==688473==    by 0x400CD61: main (tar.c:2823)
==688473== 
==688473== 5 bytes in 1 blocks are still reachable in loss record 2 of 8
==688473==    at 0x48BD858: malloc (vg_replace_malloc.c:447)
==688473==    by 0x405185D: xmalloc (xmalloc.c:45)
==688473==    by 0x405185D: xmemdup (xmalloc.c:314)
==688473==    by 0x405185D: xstrdup (xmalloc.c:339)
==688473==    by 0x402644F: assign_string (misc.c:58)
==688473==    by 0x40297DC: gname_to_gid (names.c:580)
==688473==    by 0x402455F: decode_header (list.c:699)
==688473==    by 0x4025616: read_and (list.c:194)
==688473==    by 0x400CD61: main (tar.c:2823)
==688473== 
==688473== 12 bytes in 1 blocks are indirectly lost in loss record 3 of 8
==688473==    at 0x48BD858: malloc (vg_replace_malloc.c:447)
==688473==    by 0x405185D: xmalloc (xmalloc.c:45)
==688473==    by 0x405185D: xmemdup (xmalloc.c:314)
==688473==    by 0x405185D: xstrdup (xmalloc.c:339)
==688473==    by 0x402994B: make_name (names.c:599)
==688473==    by 0x402994B: addname (names.c:1233)
==688473==    by 0x4029AB7: name_gather (names.c:1218)
==688473==    by 0x4025436: read_and (list.c:174)
==688473==    by 0x400CD61: main (tar.c:2823)
==688473== 
==688473== 16 bytes in 1 blocks are still reachable in loss record 4 of 8
==688473==    at 0x48C4E43: calloc (vg_replace_malloc.c:1678)
==688473==    by 0x40516F1: xcalloc (xmalloc.c:298)
==688473==    by 0x40516F1: xzalloc (xmalloc.c:283)
==688473==    by 0x400BEF9: decode_options (tar.c:2297)
==688473==    by 0x400BEF9: main (tar.c:2792)
==688473== 
==688473== 80 bytes in 1 blocks are still reachable in loss record 5 of 8
==688473==    at 0x48BD858: malloc (vg_replace_malloc.c:447)
==688473==    by 0x40512CC: xmalloc (xmalloc.c:45)
==688473==    by 0x400BE43: main (tar.c:2781)
==688473== 
==688473== 102 bytes in 1 blocks are still reachable in loss record 6 of 8
==688473==    at 0x48BD858: malloc (vg_replace_malloc.c:447)
==688473==    by 0x40512CC: xmalloc (xmalloc.c:45)
==688473==    by 0x4029881: name_init (names.c:869)
==688473==    by 0x400C94C: main (tar.c:2794)
==688473== 
==688473== 108 (96 direct, 12 indirect) bytes in 1 blocks are definitely lost in loss record 7 of 8
==688473==    at 0x48C4E43: calloc (vg_replace_malloc.c:1678)
==688473==    by 0x40516F1: xcalloc (xmalloc.c:298)
==688473==    by 0x40516F1: xzalloc (xmalloc.c:283)
==688473==    by 0x4029932: make_name (names.c:596)
==688473==    by 0x4029932: addname (names.c:1233)
==688473==    by 0x4029AB7: name_gather (names.c:1218)
==688473==    by 0x4025436: read_and (list.c:174)
==688473==    by 0x400CD61: main (tar.c:2823)
==688473== 
==688473== 4,064 bytes in 1 blocks are still reachable in loss record 8 of 8
==688473==    at 0x48BD858: malloc (vg_replace_malloc.c:447)
==688473==    by 0x40512CC: xmalloc (xmalloc.c:45)
==688473==    by 0x404A07D: call_chunkfun (obstack.c:88)
==688473==    by 0x404A07D: _obstack_begin_worker.isra.0 (obstack.c:135)
==688473==    by 0x404A0A8: _obstack_begin (obstack.c:157)
==688473==    by 0x4032C57: _transform_name_to_obstack (transform.c:592)
==688473==    by 0x4032C57: transform_name_fp (transform.c:614)
==688473==    by 0x4023670: transform_member_name (list.c:114)
==688473==    by 0x4023670: transform_stat_info.part.0 (list.c:150)
==688473==    by 0x4025850: transform_stat_info (list.c:227)
==688473==    by 0x4025850: read_and (list.c:227)
==688473==    by 0x400CD61: main (tar.c:2823)
==688473== 
==688473== LEAK SUMMARY:
==688473==    definitely lost: 96 bytes in 1 blocks
==688473==    indirectly lost: 12 bytes in 1 blocks
==688473==      possibly lost: 0 bytes in 0 blocks
==688473==    still reachable: 4,272 bytes in 6 blocks
==688473==         suppressed: 0 bytes in 0 blocks
==688473== 
==688473== For lists of detected and suppressed errors, rerun with: -s
==688473== ERROR SUMMARY: 1 errors from 1 contexts (suppressed: 0 from 0)
