==649563== Memcheck, a memory error detector
==649563== Copyright (C) 2002-2024, and GNU GPL'd, by Julian Seward et al.
==649563== Using Valgrind-3.26.0 and LibVEX; rerun with -h for copyright info
==649563== Command: tar --extract -vvf a dir --numeric-owner
==649563== Parent PID: 648972
==649563== 
==649563== 
==649563== FILE DESCRIPTORS: 1 open (1 inherited) at exit.
==649563== 
==649563== HEAP SUMMARY:
==649563==     in use at exit: 4,262 bytes in 4 blocks
==649563==   total heap usage: 44 allocs, 40 frees, 41,460 bytes allocated
==649563== 
==649563== 16 bytes in 1 blocks are still reachable in loss record 1 of 4
==649563==    at 0x5875E43: calloc (vg_replace_malloc.c:1678)
==649563==    by 0x469E501: rboxc_tar_xzalloc (in /root/rboxc/target/tar-map-probe-candidate/release/rboxc)
==649563==    by 0x4477AF5: single_binary_main_tar (in /root/rboxc/target/tar-map-probe-candidate/release/rboxc)
==649563==    by 0x5A18600: (below main) (libc_start_call_main.h:59)
==649563== 
==649563== 80 bytes in 1 blocks are still reachable in loss record 2 of 4
==649563==    at 0x586E858: malloc (vg_replace_malloc.c:447)
==649563==    by 0x469E0DC: rboxc_tar_xmalloc (in /root/rboxc/target/tar-map-probe-candidate/release/rboxc)
==649563==    by 0x4477A00: single_binary_main_tar (in /root/rboxc/target/tar-map-probe-candidate/release/rboxc)
==649563==    by 0x5A18600: (below main) (libc_start_call_main.h:59)
==649563== 
==649563== 102 bytes in 1 blocks are still reachable in loss record 3 of 4
==649563==    at 0x586E858: malloc (vg_replace_malloc.c:447)
==649563==    by 0x469E0DC: rboxc_tar_xmalloc (in /root/rboxc/target/tar-map-probe-candidate/release/rboxc)
==649563==    by 0x46734A1: rboxc_tar_name_init (in /root/rboxc/target/tar-map-probe-candidate/release/rboxc)
==649563==    by 0x4478A7A: single_binary_main_tar (in /root/rboxc/target/tar-map-probe-candidate/release/rboxc)
==649563==    by 0x5A18600: (below main) (libc_start_call_main.h:59)
==649563== 
==649563== 4,064 bytes in 1 blocks are still reachable in loss record 4 of 4
==649563==    at 0x586E858: malloc (vg_replace_malloc.c:447)
==649563==    by 0x469E0DC: rboxc_tar_xmalloc (in /root/rboxc/target/tar-map-probe-candidate/release/rboxc)
==649563==    by 0x4695FFD: _obstack_begin_worker.isra.0 (in /root/rboxc/target/tar-map-probe-candidate/release/rboxc)
==649563==    by 0x4696028: rboxc_tar__obstack_begin (in /root/rboxc/target/tar-map-probe-candidate/release/rboxc)
==649563==    by 0x4679CD7: rboxc_tar_transform_name_fp (in /root/rboxc/target/tar-map-probe-candidate/release/rboxc)
==649563==    by 0x466D0B0: transform_stat_info.part.0 (in /root/rboxc/target/tar-map-probe-candidate/release/rboxc)
==649563==    by 0x466F290: rboxc_tar_read_and (in /root/rboxc/target/tar-map-probe-candidate/release/rboxc)
==649563==    by 0x4478C40: single_binary_main_tar (in /root/rboxc/target/tar-map-probe-candidate/release/rboxc)
==649563==    by 0x5A18600: (below main) (libc_start_call_main.h:59)
==649563== 
==649563== LEAK SUMMARY:
==649563==    definitely lost: 0 bytes in 0 blocks
==649563==    indirectly lost: 0 bytes in 0 blocks
==649563==      possibly lost: 0 bytes in 0 blocks
==649563==    still reachable: 4,262 bytes in 4 blocks
==649563==         suppressed: 0 bytes in 0 blocks
==649563== 
==649563== For lists of detected and suppressed errors, rerun with: -s
==649563== ERROR SUMMARY: 0 errors from 0 contexts (suppressed: 0 from 0)
