==642637== Memcheck, a memory error detector
==642637== Copyright (C) 2002-2024, and GNU GPL'd, by Julian Seward et al.
==642637== Using Valgrind-3.26.0 and LibVEX; rerun with -h for copyright info
==642637== Command: /tmp/rboxc-tar-behavior-q5w2wp4u/exec/tar tvf archive.tar
==642637== Parent PID: 635373
==642637== 
==642637== 
==642637== FILE DESCRIPTORS: 1 open (1 inherited) at exit.
==642637== 
==642637== HEAP SUMMARY:
==642637==     in use at exit: 4,329 bytes in 10 blocks
==642637==   total heap usage: 95 allocs, 85 frees, 52,399 bytes allocated
==642637== 
==642637== 5 bytes in 1 blocks are still reachable in loss record 1 of 8
==642637==    at 0x48BD858: malloc (vg_replace_malloc.c:447)
==642637==    by 0x405185D: xmalloc (xmalloc.c:45)
==642637==    by 0x405185D: xmemdup (xmalloc.c:314)
==642637==    by 0x405185D: xstrdup (xmalloc.c:339)
==642637==    by 0x402644F: assign_string (misc.c:58)
==642637==    by 0x402973C: uname_to_uid (names.c:550)
==642637==    by 0x402457F: decode_header (list.c:694)
==642637==    by 0x4025616: read_and (list.c:194)
==642637==    by 0x400CD4B: main (tar.c:2832)
==642637== 
==642637== 5 bytes in 1 blocks are still reachable in loss record 2 of 8
==642637==    at 0x48BD858: malloc (vg_replace_malloc.c:447)
==642637==    by 0x405185D: xmalloc (xmalloc.c:45)
==642637==    by 0x405185D: xmemdup (xmalloc.c:314)
==642637==    by 0x405185D: xstrdup (xmalloc.c:339)
==642637==    by 0x402644F: assign_string (misc.c:58)
==642637==    by 0x40297DC: gname_to_gid (names.c:580)
==642637==    by 0x402455F: decode_header (list.c:699)
==642637==    by 0x4025616: read_and (list.c:194)
==642637==    by 0x400CD4B: main (tar.c:2832)
==642637== 
==642637== 9 bytes in 3 blocks are indirectly lost in loss record 3 of 8
==642637==    at 0x48BD858: malloc (vg_replace_malloc.c:447)
==642637==    by 0x405185D: xmalloc (xmalloc.c:45)
==642637==    by 0x405185D: xmemdup (xmalloc.c:314)
==642637==    by 0x405185D: xstrdup (xmalloc.c:339)
==642637==    by 0x400C4F1: decode_options (tar.c:2353)
==642637==    by 0x400C4F1: main (tar.c:2792)
==642637== 
==642637== 16 bytes in 1 blocks are still reachable in loss record 4 of 8
==642637==    at 0x48C4E43: calloc (vg_replace_malloc.c:1678)
==642637==    by 0x40516F1: xcalloc (xmalloc.c:298)
==642637==    by 0x40516F1: xzalloc (xmalloc.c:283)
==642637==    by 0x400BEF9: decode_options (tar.c:2297)
==642637==    by 0x400BEF9: main (tar.c:2792)
==642637== 
==642637== 57 (48 direct, 9 indirect) bytes in 1 blocks are definitely lost in loss record 5 of 8
==642637==    at 0x48BD858: malloc (vg_replace_malloc.c:447)
==642637==    by 0x40512CC: xmalloc (xmalloc.c:45)
==642637==    by 0x400C46E: decode_options (tar.c:2340)
==642637==    by 0x400C46E: main (tar.c:2792)
==642637== 
==642637== 80 bytes in 1 blocks are still reachable in loss record 6 of 8
==642637==    at 0x48BD858: malloc (vg_replace_malloc.c:447)
==642637==    by 0x40512CC: xmalloc (xmalloc.c:45)
==642637==    by 0x400BE43: main (tar.c:2781)
==642637== 
==642637== 102 bytes in 1 blocks are still reachable in loss record 7 of 8
==642637==    at 0x48BD858: malloc (vg_replace_malloc.c:447)
==642637==    by 0x40512CC: xmalloc (xmalloc.c:45)
==642637==    by 0x4029881: name_init (names.c:869)
==642637==    by 0x400C94C: main (tar.c:2794)
==642637== 
==642637== 4,064 bytes in 1 blocks are still reachable in loss record 8 of 8
==642637==    at 0x48BD858: malloc (vg_replace_malloc.c:447)
==642637==    by 0x40512CC: xmalloc (xmalloc.c:45)
==642637==    by 0x404A07D: call_chunkfun (obstack.c:88)
==642637==    by 0x404A07D: _obstack_begin_worker.isra.0 (obstack.c:135)
==642637==    by 0x404A0A8: _obstack_begin (obstack.c:157)
==642637==    by 0x4032C57: _transform_name_to_obstack (transform.c:592)
==642637==    by 0x4032C57: transform_name_fp (transform.c:614)
==642637==    by 0x4023670: transform_member_name (list.c:114)
==642637==    by 0x4023670: transform_stat_info.part.0 (list.c:150)
==642637==    by 0x4025850: transform_stat_info (list.c:227)
==642637==    by 0x4025850: read_and (list.c:227)
==642637==    by 0x400CD4B: main (tar.c:2832)
==642637== 
==642637== LEAK SUMMARY:
==642637==    definitely lost: 48 bytes in 1 blocks
==642637==    indirectly lost: 9 bytes in 3 blocks
==642637==      possibly lost: 0 bytes in 0 blocks
==642637==    still reachable: 4,272 bytes in 6 blocks
==642637==         suppressed: 0 bytes in 0 blocks
==642637== 
==642637== For lists of detected and suppressed errors, rerun with: -s
==642637== ERROR SUMMARY: 1 errors from 1 contexts (suppressed: 0 from 0)
