==697374== Memcheck, a memory error detector
==697374== Copyright (C) 2002-2024, and GNU GPL'd, by Julian Seward et al.
==697374== Using Valgrind-3.26.0 and LibVEX; rerun with -h for copyright info
==697374== Command: tar --version
==697374== Parent PID: 697289
==697374== 
==697374== 
==697374== FILE DESCRIPTORS: 4 open (4 inherited) at exit.
==697374== 
==697374== HEAP SUMMARY:
==697374==     in use at exit: 7,767 bytes in 3 blocks
==697374==   total heap usage: 15 allocs, 12 frees, 12,021 bytes allocated
==697374== 
==697374== 16 bytes in 1 blocks are still reachable in loss record 1 of 3
==697374==    at 0x48C4E43: calloc (vg_replace_malloc.c:1678)
==697374==    by 0x40516F1: xcalloc (xmalloc.c:298)
==697374==    by 0x40516F1: xzalloc (xmalloc.c:283)
==697374==    by 0x400BEF9: decode_options (tar.c:2297)
==697374==    by 0x400BEF9: main (tar.c:2792)
==697374== 
==697374== 80 bytes in 1 blocks are still reachable in loss record 2 of 3
==697374==    at 0x48BD858: malloc (vg_replace_malloc.c:447)
==697374==    by 0x40512CC: xmalloc (xmalloc.c:45)
==697374==    by 0x400BE43: main (tar.c:2781)
==697374== 
==697374== 7,671 bytes in 1 blocks are still reachable in loss record 3 of 3
==697374==    at 0x48BD858: malloc (vg_replace_malloc.c:447)
==697374==    by 0x4041854: parser_init (argp-parse.c:495)
==697374==    by 0x4041854: argp_parse (argp-parse.c:921)
==697374==    by 0x400C045: decode_options (tar.c:2380)
==697374==    by 0x400C045: main (tar.c:2792)
==697374== 
==697374== LEAK SUMMARY:
==697374==    definitely lost: 0 bytes in 0 blocks
==697374==    indirectly lost: 0 bytes in 0 blocks
==697374==      possibly lost: 0 bytes in 0 blocks
==697374==    still reachable: 7,767 bytes in 3 blocks
==697374==         suppressed: 0 bytes in 0 blocks
==697374== 
==697374== For lists of detected and suppressed errors, rerun with: -s
==697374== ERROR SUMMARY: 0 errors from 0 contexts (suppressed: 0 from 0)
