==697428== Memcheck, a memory error detector
==697428== Copyright (C) 2002-2024, and GNU GPL'd, by Julian Seward et al.
==697428== Using Valgrind-3.26.0 and LibVEX; rerun with -h for copyright info
==697428== Command: tar rzf test.tar newfile
==697428== Parent PID: 697425
==697428== 
==697428== 
==697428== FILE DESCRIPTORS: 1 open (1 inherited) at exit.
==697428== 
==697428== HEAP SUMMARY:
==697428==     in use at exit: 305 bytes in 9 blocks
==697428==   total heap usage: 21 allocs, 12 frees, 8,385 bytes allocated
==697428== 
==697428== 9 bytes in 3 blocks are still reachable in loss record 1 of 7
==697428==    at 0x48BD858: malloc (vg_replace_malloc.c:447)
==697428==    by 0x405185D: xmalloc (xmalloc.c:45)
==697428==    by 0x405185D: xmemdup (xmalloc.c:314)
==697428==    by 0x405185D: xstrdup (xmalloc.c:339)
==697428==    by 0x400C4F1: decode_options (tar.c:2353)
==697428==    by 0x400C4F1: main (tar.c:2792)
==697428== 
==697428== 16 bytes in 1 blocks are still reachable in loss record 2 of 7
==697428==    at 0x48C4E43: calloc (vg_replace_malloc.c:1678)
==697428==    by 0x40516F1: xcalloc (xmalloc.c:298)
==697428==    by 0x40516F1: xzalloc (xmalloc.c:283)
==697428==    by 0x400BEF9: decode_options (tar.c:2297)
==697428==    by 0x400BEF9: main (tar.c:2792)
==697428== 
==697428== 32 bytes in 1 blocks are still reachable in loss record 3 of 7
==697428==    at 0x48BD858: malloc (vg_replace_malloc.c:447)
==697428==    by 0x40512CC: xmalloc (xmalloc.c:45)
==697428==    by 0x402F07B: optloc_save (tar.c:926)
==697428==    by 0x402FFB0: set_use_compress_program_option (tar.c:985)
==697428==    by 0x4030B0E: parse_opt (tar.c:1777)
==697428==    by 0x404233D: group_parse (argp-parse.c:233)
==697428==    by 0x404233D: parser_parse_opt (argp-parse.c:736)
==697428==    by 0x404233D: parser_parse_next (argp-parse.c:859)
==697428==    by 0x404233D: argp_parse (argp-parse.c:927)
==697428==    by 0x400C045: decode_options (tar.c:2380)
==697428==    by 0x400C045: main (tar.c:2792)
==697428== 
==697428== 56 bytes in 1 blocks are still reachable in loss record 4 of 7
==697428==    at 0x48BD858: malloc (vg_replace_malloc.c:447)
==697428==    by 0x40512CC: xmalloc (xmalloc.c:45)
==697428==    by 0x400C46E: decode_options (tar.c:2340)
==697428==    by 0x400C46E: main (tar.c:2792)
==697428== 
==697428== 56 bytes in 1 blocks are still reachable in loss record 5 of 7
==697428==    at 0x48BD858: malloc (vg_replace_malloc.c:447)
==697428==    by 0x40512CC: xmalloc (xmalloc.c:45)
==697428==    by 0x402837D: name_elt_alloc (names.c:677)
==697428==    by 0x402982C: name_add_name (names.c:806)
==697428==    by 0x4030660: parse_opt (tar.c:1382)
==697428==    by 0x4041C43: group_parse (argp-parse.c:233)
==697428==    by 0x4041C43: parser_parse_arg (argp-parse.c:682)
==697428==    by 0x4041C43: parser_parse_next (argp-parse.c:857)
==697428==    by 0x4041C43: argp_parse (argp-parse.c:927)
==697428==    by 0x400C045: decode_options (tar.c:2380)
==697428==    by 0x400C045: main (tar.c:2792)
==697428== 
==697428== 56 bytes in 1 blocks are still reachable in loss record 6 of 7
==697428==    at 0x48BD858: malloc (vg_replace_malloc.c:447)
==697428==    by 0x40512CC: xmalloc (xmalloc.c:45)
==697428==    by 0x40283CE: name_elt_alloc (names.c:683)
==697428==    by 0x402982C: name_add_name (names.c:806)
==697428==    by 0x4030660: parse_opt (tar.c:1382)
==697428==    by 0x4041C43: group_parse (argp-parse.c:233)
==697428==    by 0x4041C43: parser_parse_arg (argp-parse.c:682)
==697428==    by 0x4041C43: parser_parse_next (argp-parse.c:857)
==697428==    by 0x4041C43: argp_parse (argp-parse.c:927)
==697428==    by 0x400C045: decode_options (tar.c:2380)
==697428==    by 0x400C045: main (tar.c:2792)
==697428== 
==697428== 80 bytes in 1 blocks are still reachable in loss record 7 of 7
==697428==    at 0x48BD858: malloc (vg_replace_malloc.c:447)
==697428==    by 0x40512CC: xmalloc (xmalloc.c:45)
==697428==    by 0x400BE43: main (tar.c:2781)
==697428== 
==697428== LEAK SUMMARY:
==697428==    definitely lost: 0 bytes in 0 blocks
==697428==    indirectly lost: 0 bytes in 0 blocks
==697428==      possibly lost: 0 bytes in 0 blocks
==697428==    still reachable: 305 bytes in 9 blocks
==697428==         suppressed: 0 bytes in 0 blocks
==697428== 
==697428== For lists of detected and suppressed errors, rerun with: -s
==697428== ERROR SUMMARY: 0 errors from 0 contexts (suppressed: 0 from 0)
