==645201== Memcheck, a memory error detector
==645201== Copyright (C) 2002-2024, and GNU GPL'd, by Julian Seward et al.
==645201== Using Valgrind-3.26.0 and LibVEX; rerun with -h for copyright info
==645201== Command: tar --version
==645201== Parent PID: 645106
==645201== 
==645201== 
==645201== FILE DESCRIPTORS: 4 open (4 inherited) at exit.
==645201== 
==645201== HEAP SUMMARY:
==645201==     in use at exit: 7,767 bytes in 3 blocks
==645201==   total heap usage: 15 allocs, 12 frees, 12,021 bytes allocated
==645201== 
==645201== 16 bytes in 1 blocks are still reachable in loss record 1 of 3
==645201==    at 0x48C4E43: calloc (vg_replace_malloc.c:1678)
==645201==    by 0x40516F1: xcalloc (xmalloc.c:298)
==645201==    by 0x40516F1: xzalloc (xmalloc.c:283)
==645201==    by 0x400BEF9: decode_options (tar.c:2297)
==645201==    by 0x400BEF9: main (tar.c:2792)
==645201== 
==645201== 80 bytes in 1 blocks are still reachable in loss record 2 of 3
==645201==    at 0x48BD858: malloc (vg_replace_malloc.c:447)
==645201==    by 0x40512CC: xmalloc (xmalloc.c:45)
==645201==    by 0x400BE43: main (tar.c:2781)
==645201== 
==645201== 7,671 bytes in 1 blocks are still reachable in loss record 3 of 3
==645201==    at 0x48BD858: malloc (vg_replace_malloc.c:447)
==645201==    by 0x4041854: parser_init (argp-parse.c:495)
==645201==    by 0x4041854: argp_parse (argp-parse.c:921)
==645201==    by 0x400C045: decode_options (tar.c:2380)
==645201==    by 0x400C045: main (tar.c:2792)
==645201== 
==645201== LEAK SUMMARY:
==645201==    definitely lost: 0 bytes in 0 blocks
==645201==    indirectly lost: 0 bytes in 0 blocks
==645201==      possibly lost: 0 bytes in 0 blocks
==645201==    still reachable: 7,767 bytes in 3 blocks
==645201==         suppressed: 0 bytes in 0 blocks
==645201== 
==645201== For lists of detected and suppressed errors, rerun with: -s
==645201== ERROR SUMMARY: 0 errors from 0 contexts (suppressed: 0 from 0)
