==645947== Memcheck, a memory error detector
==645947== Copyright (C) 2002-2024, and GNU GPL'd, by Julian Seward et al.
==645947== Using Valgrind-3.26.0 and LibVEX; rerun with -h for copyright info
==645947== Command: tar --diff -vvf a dir --numeric-owner
==645947== Parent PID: 645302
==645947== 
==645947== 
==645947== FILE DESCRIPTORS: 1 open (1 inherited) at exit.
==645947== 
==645947== HEAP SUMMARY:
==645947==     in use at exit: 18,796 bytes in 13 blocks
==645947==   total heap usage: 43 allocs, 30 frees, 55,592 bytes allocated
==645947== 
==645947== 4 bytes in 1 blocks are indirectly lost in loss record 1 of 10
==645947==    at 0x48BD858: malloc (vg_replace_malloc.c:447)
==645947==    by 0x405185D: xmalloc (xmalloc.c:45)
==645947==    by 0x405185D: xmemdup (xmalloc.c:314)
==645947==    by 0x405185D: xstrdup (xmalloc.c:339)
==645947==    by 0x402994B: make_name (names.c:599)
==645947==    by 0x402994B: addname (names.c:1233)
==645947==    by 0x4029AB7: name_gather (names.c:1218)
==645947==    by 0x4025436: read_and (list.c:174)
==645947==    by 0x400CD7C: main (tar.c:2837)
==645947== 
==645947== 9 bytes in 2 blocks are indirectly lost in loss record 2 of 10
==645947==    at 0x48BD858: malloc (vg_replace_malloc.c:447)
==645947==    by 0x40387DD: wsnode_quoteremoval (wordsplit.c:651)
==645947==    by 0x4039CFD: wordsplit_process_list (wordsplit.c:2390)
==645947==    by 0x403A562: wordsplit_run.constprop.0 (wordsplit.c:2434)
==645947==    by 0x400BFFA: parse_default_options (tar.c:2256)
==645947==    by 0x400BFFA: decode_options (tar.c:2378)
==645947==    by 0x400BFFA: main (tar.c:2792)
==645947== 
==645947== 9 bytes in 2 blocks are definitely lost in loss record 3 of 10
==645947==    at 0x48BD858: malloc (vg_replace_malloc.c:447)
==645947==    by 0x403A1FB: wordsplit_finish (wordsplit.c:836)
==645947==    by 0x400BFFA: parse_default_options (tar.c:2256)
==645947==    by 0x400BFFA: decode_options (tar.c:2378)
==645947==    by 0x400BFFA: main (tar.c:2792)
==645947== 
==645947== 16 bytes in 1 blocks are still reachable in loss record 4 of 10
==645947==    at 0x48C4E43: calloc (vg_replace_malloc.c:1678)
==645947==    by 0x40516F1: xcalloc (xmalloc.c:298)
==645947==    by 0x40516F1: xzalloc (xmalloc.c:283)
==645947==    by 0x400BEF9: decode_options (tar.c:2297)
==645947==    by 0x400BEF9: main (tar.c:2792)
==645947== 
==645947== 80 bytes in 1 blocks are still reachable in loss record 5 of 10
==645947==    at 0x48BD858: malloc (vg_replace_malloc.c:447)
==645947==    by 0x40512CC: xmalloc (xmalloc.c:45)
==645947==    by 0x400BE43: main (tar.c:2781)
==645947== 
==645947== 89 (80 direct, 9 indirect) bytes in 2 blocks are definitely lost in loss record 6 of 10
==645947==    at 0x48C4E43: calloc (vg_replace_malloc.c:1678)
==645947==    by 0x403959D: wsnode_new (wordsplit.c:422)
==645947==    by 0x403959D: wordsplit_add_segm (wordsplit.c:523)
==645947==    by 0x4039854: scan_word (wordsplit.c:2062)
==645947==    by 0x4039C7C: wordsplit_process_list (wordsplit.c:2358)
==645947==    by 0x403A562: wordsplit_run.constprop.0 (wordsplit.c:2434)
==645947==    by 0x400BFFA: parse_default_options (tar.c:2256)
==645947==    by 0x400BFFA: decode_options (tar.c:2378)
==645947==    by 0x400BFFA: main (tar.c:2792)
==645947== 
==645947== 100 (96 direct, 4 indirect) bytes in 1 blocks are definitely lost in loss record 7 of 10
==645947==    at 0x48C4E43: calloc (vg_replace_malloc.c:1678)
==645947==    by 0x40516F1: xcalloc (xmalloc.c:298)
==645947==    by 0x40516F1: xzalloc (xmalloc.c:283)
==645947==    by 0x4029932: make_name (names.c:596)
==645947==    by 0x4029932: addname (names.c:1233)
==645947==    by 0x4029AB7: name_gather (names.c:1218)
==645947==    by 0x4025436: read_and (list.c:174)
==645947==    by 0x400CD7C: main (tar.c:2837)
==645947== 
==645947== 102 bytes in 1 blocks are still reachable in loss record 8 of 10
==645947==    at 0x48BD858: malloc (vg_replace_malloc.c:447)
==645947==    by 0x40512CC: xmalloc (xmalloc.c:45)
==645947==    by 0x4029881: name_init (names.c:869)
==645947==    by 0x400C94C: main (tar.c:2794)
==645947== 
==645947== 4,064 bytes in 1 blocks are still reachable in loss record 9 of 10
==645947==    at 0x48BD858: malloc (vg_replace_malloc.c:447)
==645947==    by 0x40512CC: xmalloc (xmalloc.c:45)
==645947==    by 0x404A07D: call_chunkfun (obstack.c:88)
==645947==    by 0x404A07D: _obstack_begin_worker.isra.0 (obstack.c:135)
==645947==    by 0x404A0A8: _obstack_begin (obstack.c:157)
==645947==    by 0x4032C57: _transform_name_to_obstack (transform.c:592)
==645947==    by 0x4032C57: transform_name_fp (transform.c:614)
==645947==    by 0x4023670: transform_member_name (list.c:114)
==645947==    by 0x4023670: transform_stat_info.part.0 (list.c:150)
==645947==    by 0x4025850: transform_stat_info (list.c:227)
==645947==    by 0x4025850: read_and (list.c:227)
==645947==    by 0x400CD7C: main (tar.c:2837)
==645947== 
==645947== 14,336 bytes in 1 blocks are possibly lost in loss record 10 of 10
==645947==    at 0x48BD858: malloc (vg_replace_malloc.c:447)
==645947==    by 0x40512CC: xmalloc (xmalloc.c:45)
==645947==    by 0x4027C22: page_aligned_alloc (misc.c:1235)
==645947==    by 0x4012544: diff_init (compare.c:48)
==645947==    by 0x400CD70: main (tar.c:2836)
==645947== 
==645947== LEAK SUMMARY:
==645947==    definitely lost: 185 bytes in 5 blocks
==645947==    indirectly lost: 13 bytes in 3 blocks
==645947==      possibly lost: 14,336 bytes in 1 blocks
==645947==    still reachable: 4,262 bytes in 4 blocks
==645947==         suppressed: 0 bytes in 0 blocks
==645947== 
==645947== For lists of detected and suppressed errors, rerun with: -s
==645947== ERROR SUMMARY: 4 errors from 4 contexts (suppressed: 0 from 0)
