==646807== Memcheck, a memory error detector
==646807== Copyright (C) 2002-2024, and GNU GPL'd, by Julian Seward et al.
==646807== Using Valgrind-3.26.0 and LibVEX; rerun with -h for copyright info
==646807== Command: tar --create -vvf a dir --numeric-owner
==646807== Parent PID: 646797
==646807== 
==646807== 
==646807== FILE DESCRIPTORS: 1 open (1 inherited) at exit.
==646807== 
==646807== HEAP SUMMARY:
==646807==     in use at exit: 4,360 bytes in 10 blocks
==646807==   total heap usage: 40 allocs, 30 frees, 72,924 bytes allocated
==646807== 
==646807== 9 bytes in 2 blocks are indirectly lost in loss record 1 of 7
==646807==    at 0x48BD858: malloc (vg_replace_malloc.c:447)
==646807==    by 0x40387DD: wsnode_quoteremoval (wordsplit.c:651)
==646807==    by 0x4039CFD: wordsplit_process_list (wordsplit.c:2390)
==646807==    by 0x403A562: wordsplit_run.constprop.0 (wordsplit.c:2434)
==646807==    by 0x400BFFA: parse_default_options (tar.c:2256)
==646807==    by 0x400BFFA: decode_options (tar.c:2378)
==646807==    by 0x400BFFA: main (tar.c:2792)
==646807== 
==646807== 9 bytes in 2 blocks are definitely lost in loss record 2 of 7
==646807==    at 0x48BD858: malloc (vg_replace_malloc.c:447)
==646807==    by 0x403A1FB: wordsplit_finish (wordsplit.c:836)
==646807==    by 0x400BFFA: parse_default_options (tar.c:2256)
==646807==    by 0x400BFFA: decode_options (tar.c:2378)
==646807==    by 0x400BFFA: main (tar.c:2792)
==646807== 
==646807== 16 bytes in 1 blocks are still reachable in loss record 3 of 7
==646807==    at 0x48C4E43: calloc (vg_replace_malloc.c:1678)
==646807==    by 0x40516F1: xcalloc (xmalloc.c:298)
==646807==    by 0x40516F1: xzalloc (xmalloc.c:283)
==646807==    by 0x400BEF9: decode_options (tar.c:2297)
==646807==    by 0x400BEF9: main (tar.c:2792)
==646807== 
==646807== 80 bytes in 1 blocks are still reachable in loss record 4 of 7
==646807==    at 0x48BD858: malloc (vg_replace_malloc.c:447)
==646807==    by 0x40512CC: xmalloc (xmalloc.c:45)
==646807==    by 0x400BE43: main (tar.c:2781)
==646807== 
==646807== 89 (80 direct, 9 indirect) bytes in 2 blocks are definitely lost in loss record 5 of 7
==646807==    at 0x48C4E43: calloc (vg_replace_malloc.c:1678)
==646807==    by 0x403959D: wsnode_new (wordsplit.c:422)
==646807==    by 0x403959D: wordsplit_add_segm (wordsplit.c:523)
==646807==    by 0x4039854: scan_word (wordsplit.c:2062)
==646807==    by 0x4039C7C: wordsplit_process_list (wordsplit.c:2358)
==646807==    by 0x403A562: wordsplit_run.constprop.0 (wordsplit.c:2434)
==646807==    by 0x400BFFA: parse_default_options (tar.c:2256)
==646807==    by 0x400BFFA: decode_options (tar.c:2378)
==646807==    by 0x400BFFA: main (tar.c:2792)
==646807== 
==646807== 102 bytes in 1 blocks are still reachable in loss record 6 of 7
==646807==    at 0x48BD858: malloc (vg_replace_malloc.c:447)
==646807==    by 0x40512CC: xmalloc (xmalloc.c:45)
==646807==    by 0x4029881: name_init (names.c:869)
==646807==    by 0x400C94C: main (tar.c:2794)
==646807== 
==646807== 4,064 bytes in 1 blocks are still reachable in loss record 7 of 7
==646807==    at 0x48BD858: malloc (vg_replace_malloc.c:447)
==646807==    by 0x40512CC: xmalloc (xmalloc.c:45)
==646807==    by 0x404A07D: call_chunkfun (obstack.c:88)
==646807==    by 0x404A07D: _obstack_begin_worker.isra.0 (obstack.c:135)
==646807==    by 0x404A0A8: _obstack_begin (obstack.c:157)
==646807==    by 0x4032C57: _transform_name_to_obstack (transform.c:592)
==646807==    by 0x4032C57: transform_name_fp (transform.c:614)
==646807==    by 0x4016444: dump_file0 (create.c:1657)
==646807==    by 0x4017589: dump_file (create.c:1968)
==646807==    by 0x4017589: create_archive (create.c:1412)
==646807==    by 0x400CD90: main (tar.c:2818)
==646807== 
==646807== LEAK SUMMARY:
==646807==    definitely lost: 89 bytes in 4 blocks
==646807==    indirectly lost: 9 bytes in 2 blocks
==646807==      possibly lost: 0 bytes in 0 blocks
==646807==    still reachable: 4,262 bytes in 4 blocks
==646807==         suppressed: 0 bytes in 0 blocks
==646807== 
==646807== For lists of detected and suppressed errors, rerun with: -s
==646807== ERROR SUMMARY: 2 errors from 2 contexts (suppressed: 0 from 0)
