==646817== Memcheck, a memory error detector
==646817== Copyright (C) 2002-2024, and GNU GPL'd, by Julian Seward et al.
==646817== Using Valgrind-3.26.0 and LibVEX; rerun with -h for copyright info
==646817== Command: tar --create -vvf a dir
==646817== Parent PID: 646797
==646817== 
==646817== 
==646817== FILE DESCRIPTORS: 1 open (1 inherited) at exit.
==646817== 
==646817== HEAP SUMMARY:
==646817==     in use at exit: 4,370 bytes in 12 blocks
==646817==   total heap usage: 70 allocs, 58 frees, 93,285 bytes allocated
==646817== 
==646817== 5 bytes in 1 blocks are still reachable in loss record 1 of 9
==646817==    at 0x48BD858: malloc (vg_replace_malloc.c:447)
==646817==    by 0x405185D: xmalloc (xmalloc.c:45)
==646817==    by 0x405185D: xmemdup (xmalloc.c:314)
==646817==    by 0x405185D: xstrdup (xmalloc.c:339)
==646817==    by 0x402644F: assign_string (misc.c:58)
==646817==    by 0x4029612: uid_to_uname (names.c:490)
==646817==    by 0x40155F3: start_header (create.c:931)
==646817==    by 0x40167F9: dump_dir0 (create.c:1123)
==646817==    by 0x40167F9: dump_dir (create.c:1320)
==646817==    by 0x40167F9: dump_file0 (create.c:1757)
==646817==    by 0x4017589: dump_file (create.c:1968)
==646817==    by 0x4017589: create_archive (create.c:1412)
==646817==    by 0x400CD90: main (tar.c:2818)
==646817== 
==646817== 5 bytes in 1 blocks are still reachable in loss record 2 of 9
==646817==    at 0x48BD858: malloc (vg_replace_malloc.c:447)
==646817==    by 0x405185D: xmalloc (xmalloc.c:45)
==646817==    by 0x405185D: xmemdup (xmalloc.c:314)
==646817==    by 0x405185D: xstrdup (xmalloc.c:339)
==646817==    by 0x402644F: assign_string (misc.c:58)
==646817==    by 0x40296A2: gid_to_gname (names.c:520)
==646817==    by 0x40155DB: start_header (create.c:936)
==646817==    by 0x40167F9: dump_dir0 (create.c:1123)
==646817==    by 0x40167F9: dump_dir (create.c:1320)
==646817==    by 0x40167F9: dump_file0 (create.c:1757)
==646817==    by 0x4017589: dump_file (create.c:1968)
==646817==    by 0x4017589: create_archive (create.c:1412)
==646817==    by 0x400CD90: main (tar.c:2818)
==646817== 
==646817== 9 bytes in 2 blocks are indirectly lost in loss record 3 of 9
==646817==    at 0x48BD858: malloc (vg_replace_malloc.c:447)
==646817==    by 0x40387DD: wsnode_quoteremoval (wordsplit.c:651)
==646817==    by 0x4039CFD: wordsplit_process_list (wordsplit.c:2390)
==646817==    by 0x403A562: wordsplit_run.constprop.0 (wordsplit.c:2434)
==646817==    by 0x400BFFA: parse_default_options (tar.c:2256)
==646817==    by 0x400BFFA: decode_options (tar.c:2378)
==646817==    by 0x400BFFA: main (tar.c:2792)
==646817== 
==646817== 9 bytes in 2 blocks are definitely lost in loss record 4 of 9
==646817==    at 0x48BD858: malloc (vg_replace_malloc.c:447)
==646817==    by 0x403A1FB: wordsplit_finish (wordsplit.c:836)
==646817==    by 0x400BFFA: parse_default_options (tar.c:2256)
==646817==    by 0x400BFFA: decode_options (tar.c:2378)
==646817==    by 0x400BFFA: main (tar.c:2792)
==646817== 
==646817== 16 bytes in 1 blocks are still reachable in loss record 5 of 9
==646817==    at 0x48C4E43: calloc (vg_replace_malloc.c:1678)
==646817==    by 0x40516F1: xcalloc (xmalloc.c:298)
==646817==    by 0x40516F1: xzalloc (xmalloc.c:283)
==646817==    by 0x400BEF9: decode_options (tar.c:2297)
==646817==    by 0x400BEF9: main (tar.c:2792)
==646817== 
==646817== 80 bytes in 1 blocks are still reachable in loss record 6 of 9
==646817==    at 0x48BD858: malloc (vg_replace_malloc.c:447)
==646817==    by 0x40512CC: xmalloc (xmalloc.c:45)
==646817==    by 0x400BE43: main (tar.c:2781)
==646817== 
==646817== 89 (80 direct, 9 indirect) bytes in 2 blocks are definitely lost in loss record 7 of 9
==646817==    at 0x48C4E43: calloc (vg_replace_malloc.c:1678)
==646817==    by 0x403959D: wsnode_new (wordsplit.c:422)
==646817==    by 0x403959D: wordsplit_add_segm (wordsplit.c:523)
==646817==    by 0x4039854: scan_word (wordsplit.c:2062)
==646817==    by 0x4039C7C: wordsplit_process_list (wordsplit.c:2358)
==646817==    by 0x403A562: wordsplit_run.constprop.0 (wordsplit.c:2434)
==646817==    by 0x400BFFA: parse_default_options (tar.c:2256)
==646817==    by 0x400BFFA: decode_options (tar.c:2378)
==646817==    by 0x400BFFA: main (tar.c:2792)
==646817== 
==646817== 102 bytes in 1 blocks are still reachable in loss record 8 of 9
==646817==    at 0x48BD858: malloc (vg_replace_malloc.c:447)
==646817==    by 0x40512CC: xmalloc (xmalloc.c:45)
==646817==    by 0x4029881: name_init (names.c:869)
==646817==    by 0x400C94C: main (tar.c:2794)
==646817== 
==646817== 4,064 bytes in 1 blocks are still reachable in loss record 9 of 9
==646817==    at 0x48BD858: malloc (vg_replace_malloc.c:447)
==646817==    by 0x40512CC: xmalloc (xmalloc.c:45)
==646817==    by 0x404A07D: call_chunkfun (obstack.c:88)
==646817==    by 0x404A07D: _obstack_begin_worker.isra.0 (obstack.c:135)
==646817==    by 0x404A0A8: _obstack_begin (obstack.c:157)
==646817==    by 0x4032C57: _transform_name_to_obstack (transform.c:592)
==646817==    by 0x4032C57: transform_name_fp (transform.c:614)
==646817==    by 0x4016444: dump_file0 (create.c:1657)
==646817==    by 0x4017589: dump_file (create.c:1968)
==646817==    by 0x4017589: create_archive (create.c:1412)
==646817==    by 0x400CD90: main (tar.c:2818)
==646817== 
==646817== LEAK SUMMARY:
==646817==    definitely lost: 89 bytes in 4 blocks
==646817==    indirectly lost: 9 bytes in 2 blocks
==646817==      possibly lost: 0 bytes in 0 blocks
==646817==    still reachable: 4,272 bytes in 6 blocks
==646817==         suppressed: 0 bytes in 0 blocks
==646817== 
==646817== For lists of detected and suppressed errors, rerun with: -s
==646817== ERROR SUMMARY: 2 errors from 2 contexts (suppressed: 0 from 0)
