==647329== Memcheck, a memory error detector
==647329== Copyright (C) 2002-2024, and GNU GPL'd, by Julian Seward et al.
==647329== Using Valgrind-3.26.0 and LibVEX; rerun with -h for copyright info
==647329== Command: tar --diff -vvf a dir
==647329== Parent PID: 646797
==647329== 
==647329== 
==647329== FILE DESCRIPTORS: 1 open (1 inherited) at exit.
==647329== 
==647329== HEAP SUMMARY:
==647329==     in use at exit: 18,806 bytes in 15 blocks
==647329==   total heap usage: 67 allocs, 52 frees, 74,727 bytes allocated
==647329== 
==647329== 4 bytes in 1 blocks are indirectly lost in loss record 1 of 12
==647329==    at 0x48BD858: malloc (vg_replace_malloc.c:447)
==647329==    by 0x405185D: xmalloc (xmalloc.c:45)
==647329==    by 0x405185D: xmemdup (xmalloc.c:314)
==647329==    by 0x405185D: xstrdup (xmalloc.c:339)
==647329==    by 0x402994B: make_name (names.c:599)
==647329==    by 0x402994B: addname (names.c:1233)
==647329==    by 0x4029AB7: name_gather (names.c:1218)
==647329==    by 0x4025436: read_and (list.c:174)
==647329==    by 0x400CD7C: main (tar.c:2837)
==647329== 
==647329== 5 bytes in 1 blocks are still reachable in loss record 2 of 12
==647329==    at 0x48BD858: malloc (vg_replace_malloc.c:447)
==647329==    by 0x405185D: xmalloc (xmalloc.c:45)
==647329==    by 0x405185D: xmemdup (xmalloc.c:314)
==647329==    by 0x405185D: xstrdup (xmalloc.c:339)
==647329==    by 0x402644F: assign_string (misc.c:58)
==647329==    by 0x402973C: uname_to_uid (names.c:550)
==647329==    by 0x402457F: decode_header (list.c:694)
==647329==    by 0x4025616: read_and (list.c:194)
==647329==    by 0x400CD7C: main (tar.c:2837)
==647329== 
==647329== 5 bytes in 1 blocks are still reachable in loss record 3 of 12
==647329==    at 0x48BD858: malloc (vg_replace_malloc.c:447)
==647329==    by 0x405185D: xmalloc (xmalloc.c:45)
==647329==    by 0x405185D: xmemdup (xmalloc.c:314)
==647329==    by 0x405185D: xstrdup (xmalloc.c:339)
==647329==    by 0x402644F: assign_string (misc.c:58)
==647329==    by 0x40297DC: gname_to_gid (names.c:580)
==647329==    by 0x402455F: decode_header (list.c:699)
==647329==    by 0x4025616: read_and (list.c:194)
==647329==    by 0x400CD7C: main (tar.c:2837)
==647329== 
==647329== 9 bytes in 2 blocks are indirectly lost in loss record 4 of 12
==647329==    at 0x48BD858: malloc (vg_replace_malloc.c:447)
==647329==    by 0x40387DD: wsnode_quoteremoval (wordsplit.c:651)
==647329==    by 0x4039CFD: wordsplit_process_list (wordsplit.c:2390)
==647329==    by 0x403A562: wordsplit_run.constprop.0 (wordsplit.c:2434)
==647329==    by 0x400BFFA: parse_default_options (tar.c:2256)
==647329==    by 0x400BFFA: decode_options (tar.c:2378)
==647329==    by 0x400BFFA: main (tar.c:2792)
==647329== 
==647329== 9 bytes in 2 blocks are definitely lost in loss record 5 of 12
==647329==    at 0x48BD858: malloc (vg_replace_malloc.c:447)
==647329==    by 0x403A1FB: wordsplit_finish (wordsplit.c:836)
==647329==    by 0x400BFFA: parse_default_options (tar.c:2256)
==647329==    by 0x400BFFA: decode_options (tar.c:2378)
==647329==    by 0x400BFFA: main (tar.c:2792)
==647329== 
==647329== 16 bytes in 1 blocks are still reachable in loss record 6 of 12
==647329==    at 0x48C4E43: calloc (vg_replace_malloc.c:1678)
==647329==    by 0x40516F1: xcalloc (xmalloc.c:298)
==647329==    by 0x40516F1: xzalloc (xmalloc.c:283)
==647329==    by 0x400BEF9: decode_options (tar.c:2297)
==647329==    by 0x400BEF9: main (tar.c:2792)
==647329== 
==647329== 80 bytes in 1 blocks are still reachable in loss record 7 of 12
==647329==    at 0x48BD858: malloc (vg_replace_malloc.c:447)
==647329==    by 0x40512CC: xmalloc (xmalloc.c:45)
==647329==    by 0x400BE43: main (tar.c:2781)
==647329== 
==647329== 89 (80 direct, 9 indirect) bytes in 2 blocks are definitely lost in loss record 8 of 12
==647329==    at 0x48C4E43: calloc (vg_replace_malloc.c:1678)
==647329==    by 0x403959D: wsnode_new (wordsplit.c:422)
==647329==    by 0x403959D: wordsplit_add_segm (wordsplit.c:523)
==647329==    by 0x4039854: scan_word (wordsplit.c:2062)
==647329==    by 0x4039C7C: wordsplit_process_list (wordsplit.c:2358)
==647329==    by 0x403A562: wordsplit_run.constprop.0 (wordsplit.c:2434)
==647329==    by 0x400BFFA: parse_default_options (tar.c:2256)
==647329==    by 0x400BFFA: decode_options (tar.c:2378)
==647329==    by 0x400BFFA: main (tar.c:2792)
==647329== 
==647329== 100 (96 direct, 4 indirect) bytes in 1 blocks are definitely lost in loss record 9 of 12
==647329==    at 0x48C4E43: calloc (vg_replace_malloc.c:1678)
==647329==    by 0x40516F1: xcalloc (xmalloc.c:298)
==647329==    by 0x40516F1: xzalloc (xmalloc.c:283)
==647329==    by 0x4029932: make_name (names.c:596)
==647329==    by 0x4029932: addname (names.c:1233)
==647329==    by 0x4029AB7: name_gather (names.c:1218)
==647329==    by 0x4025436: read_and (list.c:174)
==647329==    by 0x400CD7C: main (tar.c:2837)
==647329== 
==647329== 102 bytes in 1 blocks are still reachable in loss record 10 of 12
==647329==    at 0x48BD858: malloc (vg_replace_malloc.c:447)
==647329==    by 0x40512CC: xmalloc (xmalloc.c:45)
==647329==    by 0x4029881: name_init (names.c:869)
==647329==    by 0x400C94C: main (tar.c:2794)
==647329== 
==647329== 4,064 bytes in 1 blocks are still reachable in loss record 11 of 12
==647329==    at 0x48BD858: malloc (vg_replace_malloc.c:447)
==647329==    by 0x40512CC: xmalloc (xmalloc.c:45)
==647329==    by 0x404A07D: call_chunkfun (obstack.c:88)
==647329==    by 0x404A07D: _obstack_begin_worker.isra.0 (obstack.c:135)
==647329==    by 0x404A0A8: _obstack_begin (obstack.c:157)
==647329==    by 0x4032C57: _transform_name_to_obstack (transform.c:592)
==647329==    by 0x4032C57: transform_name_fp (transform.c:614)
==647329==    by 0x4023670: transform_member_name (list.c:114)
==647329==    by 0x4023670: transform_stat_info.part.0 (list.c:150)
==647329==    by 0x4025850: transform_stat_info (list.c:227)
==647329==    by 0x4025850: read_and (list.c:227)
==647329==    by 0x400CD7C: main (tar.c:2837)
==647329== 
==647329== 14,336 bytes in 1 blocks are possibly lost in loss record 12 of 12
==647329==    at 0x48BD858: malloc (vg_replace_malloc.c:447)
==647329==    by 0x40512CC: xmalloc (xmalloc.c:45)
==647329==    by 0x4027C22: page_aligned_alloc (misc.c:1235)
==647329==    by 0x4012544: diff_init (compare.c:48)
==647329==    by 0x400CD70: main (tar.c:2836)
==647329== 
==647329== LEAK SUMMARY:
==647329==    definitely lost: 185 bytes in 5 blocks
==647329==    indirectly lost: 13 bytes in 3 blocks
==647329==      possibly lost: 14,336 bytes in 1 blocks
==647329==    still reachable: 4,272 bytes in 6 blocks
==647329==         suppressed: 0 bytes in 0 blocks
==647329== 
==647329== For lists of detected and suppressed errors, rerun with: -s
==647329== ERROR SUMMARY: 4 errors from 4 contexts (suppressed: 0 from 0)
