==647999== Memcheck, a memory error detector
==647999== Copyright (C) 2002-2024, and GNU GPL'd, by Julian Seward et al.
==647999== Using Valgrind-3.26.0 and LibVEX; rerun with -h for copyright info
==647999== Command: tar --diff -vvf a dir --numeric-owner
==647999== Parent PID: 647442
==647999== 
==647999== 
==647999== FILE DESCRIPTORS: 1 open (1 inherited) at exit.
==647999== 
==647999== HEAP SUMMARY:
==647999==     in use at exit: 18,798 bytes in 13 blocks
==647999==   total heap usage: 41 allocs, 28 frees, 54,388 bytes allocated
==647999== 
==647999== 4 bytes in 1 blocks are indirectly lost in loss record 1 of 10
==647999==    at 0x48BD858: malloc (vg_replace_malloc.c:447)
==647999==    by 0x405185D: xmalloc (xmalloc.c:45)
==647999==    by 0x405185D: xmemdup (xmalloc.c:314)
==647999==    by 0x405185D: xstrdup (xmalloc.c:339)
==647999==    by 0x402994B: make_name (names.c:599)
==647999==    by 0x402994B: addname (names.c:1233)
==647999==    by 0x4029AB7: name_gather (names.c:1218)
==647999==    by 0x4025436: read_and (list.c:174)
==647999==    by 0x400CD7C: main (tar.c:2837)
==647999== 
==647999== 10 bytes in 2 blocks are indirectly lost in loss record 2 of 10
==647999==    at 0x48BD858: malloc (vg_replace_malloc.c:447)
==647999==    by 0x40387DD: wsnode_quoteremoval (wordsplit.c:651)
==647999==    by 0x4039CFD: wordsplit_process_list (wordsplit.c:2390)
==647999==    by 0x403A562: wordsplit_run.constprop.0 (wordsplit.c:2434)
==647999==    by 0x400BFFA: parse_default_options (tar.c:2256)
==647999==    by 0x400BFFA: decode_options (tar.c:2378)
==647999==    by 0x400BFFA: main (tar.c:2792)
==647999== 
==647999== 10 bytes in 2 blocks are definitely lost in loss record 3 of 10
==647999==    at 0x48BD858: malloc (vg_replace_malloc.c:447)
==647999==    by 0x403A1FB: wordsplit_finish (wordsplit.c:836)
==647999==    by 0x400BFFA: parse_default_options (tar.c:2256)
==647999==    by 0x400BFFA: decode_options (tar.c:2378)
==647999==    by 0x400BFFA: main (tar.c:2792)
==647999== 
==647999== 16 bytes in 1 blocks are still reachable in loss record 4 of 10
==647999==    at 0x48C4E43: calloc (vg_replace_malloc.c:1678)
==647999==    by 0x40516F1: xcalloc (xmalloc.c:298)
==647999==    by 0x40516F1: xzalloc (xmalloc.c:283)
==647999==    by 0x400BEF9: decode_options (tar.c:2297)
==647999==    by 0x400BEF9: main (tar.c:2792)
==647999== 
==647999== 80 bytes in 1 blocks are still reachable in loss record 5 of 10
==647999==    at 0x48BD858: malloc (vg_replace_malloc.c:447)
==647999==    by 0x40512CC: xmalloc (xmalloc.c:45)
==647999==    by 0x400BE43: main (tar.c:2781)
==647999== 
==647999== 90 (80 direct, 10 indirect) bytes in 2 blocks are definitely lost in loss record 6 of 10
==647999==    at 0x48C4E43: calloc (vg_replace_malloc.c:1678)
==647999==    by 0x403959D: wsnode_new (wordsplit.c:422)
==647999==    by 0x403959D: wordsplit_add_segm (wordsplit.c:523)
==647999==    by 0x4039854: scan_word (wordsplit.c:2062)
==647999==    by 0x4039C7C: wordsplit_process_list (wordsplit.c:2358)
==647999==    by 0x403A562: wordsplit_run.constprop.0 (wordsplit.c:2434)
==647999==    by 0x400BFFA: parse_default_options (tar.c:2256)
==647999==    by 0x400BFFA: decode_options (tar.c:2378)
==647999==    by 0x400BFFA: main (tar.c:2792)
==647999== 
==647999== 100 (96 direct, 4 indirect) bytes in 1 blocks are definitely lost in loss record 7 of 10
==647999==    at 0x48C4E43: calloc (vg_replace_malloc.c:1678)
==647999==    by 0x40516F1: xcalloc (xmalloc.c:298)
==647999==    by 0x40516F1: xzalloc (xmalloc.c:283)
==647999==    by 0x4029932: make_name (names.c:596)
==647999==    by 0x4029932: addname (names.c:1233)
==647999==    by 0x4029AB7: name_gather (names.c:1218)
==647999==    by 0x4025436: read_and (list.c:174)
==647999==    by 0x400CD7C: main (tar.c:2837)
==647999== 
==647999== 102 bytes in 1 blocks are still reachable in loss record 8 of 10
==647999==    at 0x48BD858: malloc (vg_replace_malloc.c:447)
==647999==    by 0x40512CC: xmalloc (xmalloc.c:45)
==647999==    by 0x4029881: name_init (names.c:869)
==647999==    by 0x400C94C: main (tar.c:2794)
==647999== 
==647999== 4,064 bytes in 1 blocks are still reachable in loss record 9 of 10
==647999==    at 0x48BD858: malloc (vg_replace_malloc.c:447)
==647999==    by 0x40512CC: xmalloc (xmalloc.c:45)
==647999==    by 0x404A07D: call_chunkfun (obstack.c:88)
==647999==    by 0x404A07D: _obstack_begin_worker.isra.0 (obstack.c:135)
==647999==    by 0x404A0A8: _obstack_begin (obstack.c:157)
==647999==    by 0x4032C57: _transform_name_to_obstack (transform.c:592)
==647999==    by 0x4032C57: transform_name_fp (transform.c:614)
==647999==    by 0x4023670: transform_member_name (list.c:114)
==647999==    by 0x4023670: transform_stat_info.part.0 (list.c:150)
==647999==    by 0x4025850: transform_stat_info (list.c:227)
==647999==    by 0x4025850: read_and (list.c:227)
==647999==    by 0x400CD7C: main (tar.c:2837)
==647999== 
==647999== 14,336 bytes in 1 blocks are possibly lost in loss record 10 of 10
==647999==    at 0x48BD858: malloc (vg_replace_malloc.c:447)
==647999==    by 0x40512CC: xmalloc (xmalloc.c:45)
==647999==    by 0x4027C22: page_aligned_alloc (misc.c:1235)
==647999==    by 0x4012544: diff_init (compare.c:48)
==647999==    by 0x400CD70: main (tar.c:2836)
==647999== 
==647999== LEAK SUMMARY:
==647999==    definitely lost: 186 bytes in 5 blocks
==647999==    indirectly lost: 14 bytes in 3 blocks
==647999==      possibly lost: 14,336 bytes in 1 blocks
==647999==    still reachable: 4,262 bytes in 4 blocks
==647999==         suppressed: 0 bytes in 0 blocks
==647999== 
==647999== For lists of detected and suppressed errors, rerun with: -s
==647999== ERROR SUMMARY: 4 errors from 4 contexts (suppressed: 0 from 0)
