==648021== Memcheck, a memory error detector
==648021== Copyright (C) 2002-2024, and GNU GPL'd, by Julian Seward et al.
==648021== Using Valgrind-3.26.0 and LibVEX; rerun with -h for copyright info
==648021== Command: tar --diff -vvf a dir
==648021== Parent PID: 647442
==648021== 
==648021== 
==648021== FILE DESCRIPTORS: 1 open (1 inherited) at exit.
==648021== 
==648021== HEAP SUMMARY:
==648021==     in use at exit: 18,808 bytes in 15 blocks
==648021==   total heap usage: 67 allocs, 52 frees, 74,729 bytes allocated
==648021== 
==648021== 4 bytes in 1 blocks are indirectly lost in loss record 1 of 12
==648021==    at 0x48BD858: malloc (vg_replace_malloc.c:447)
==648021==    by 0x405185D: xmalloc (xmalloc.c:45)
==648021==    by 0x405185D: xmemdup (xmalloc.c:314)
==648021==    by 0x405185D: xstrdup (xmalloc.c:339)
==648021==    by 0x402994B: make_name (names.c:599)
==648021==    by 0x402994B: addname (names.c:1233)
==648021==    by 0x4029AB7: name_gather (names.c:1218)
==648021==    by 0x4025436: read_and (list.c:174)
==648021==    by 0x400CD7C: main (tar.c:2837)
==648021== 
==648021== 5 bytes in 1 blocks are still reachable in loss record 2 of 12
==648021==    at 0x48BD858: malloc (vg_replace_malloc.c:447)
==648021==    by 0x405185D: xmalloc (xmalloc.c:45)
==648021==    by 0x405185D: xmemdup (xmalloc.c:314)
==648021==    by 0x405185D: xstrdup (xmalloc.c:339)
==648021==    by 0x402644F: assign_string (misc.c:58)
==648021==    by 0x402973C: uname_to_uid (names.c:550)
==648021==    by 0x402457F: decode_header (list.c:694)
==648021==    by 0x4025616: read_and (list.c:194)
==648021==    by 0x400CD7C: main (tar.c:2837)
==648021== 
==648021== 5 bytes in 1 blocks are still reachable in loss record 3 of 12
==648021==    at 0x48BD858: malloc (vg_replace_malloc.c:447)
==648021==    by 0x405185D: xmalloc (xmalloc.c:45)
==648021==    by 0x405185D: xmemdup (xmalloc.c:314)
==648021==    by 0x405185D: xstrdup (xmalloc.c:339)
==648021==    by 0x402644F: assign_string (misc.c:58)
==648021==    by 0x40297DC: gname_to_gid (names.c:580)
==648021==    by 0x402455F: decode_header (list.c:699)
==648021==    by 0x4025616: read_and (list.c:194)
==648021==    by 0x400CD7C: main (tar.c:2837)
==648021== 
==648021== 10 bytes in 2 blocks are indirectly lost in loss record 4 of 12
==648021==    at 0x48BD858: malloc (vg_replace_malloc.c:447)
==648021==    by 0x40387DD: wsnode_quoteremoval (wordsplit.c:651)
==648021==    by 0x4039CFD: wordsplit_process_list (wordsplit.c:2390)
==648021==    by 0x403A562: wordsplit_run.constprop.0 (wordsplit.c:2434)
==648021==    by 0x400BFFA: parse_default_options (tar.c:2256)
==648021==    by 0x400BFFA: decode_options (tar.c:2378)
==648021==    by 0x400BFFA: main (tar.c:2792)
==648021== 
==648021== 10 bytes in 2 blocks are definitely lost in loss record 5 of 12
==648021==    at 0x48BD858: malloc (vg_replace_malloc.c:447)
==648021==    by 0x403A1FB: wordsplit_finish (wordsplit.c:836)
==648021==    by 0x400BFFA: parse_default_options (tar.c:2256)
==648021==    by 0x400BFFA: decode_options (tar.c:2378)
==648021==    by 0x400BFFA: main (tar.c:2792)
==648021== 
==648021== 16 bytes in 1 blocks are still reachable in loss record 6 of 12
==648021==    at 0x48C4E43: calloc (vg_replace_malloc.c:1678)
==648021==    by 0x40516F1: xcalloc (xmalloc.c:298)
==648021==    by 0x40516F1: xzalloc (xmalloc.c:283)
==648021==    by 0x400BEF9: decode_options (tar.c:2297)
==648021==    by 0x400BEF9: main (tar.c:2792)
==648021== 
==648021== 80 bytes in 1 blocks are still reachable in loss record 7 of 12
==648021==    at 0x48BD858: malloc (vg_replace_malloc.c:447)
==648021==    by 0x40512CC: xmalloc (xmalloc.c:45)
==648021==    by 0x400BE43: main (tar.c:2781)
==648021== 
==648021== 90 (80 direct, 10 indirect) bytes in 2 blocks are definitely lost in loss record 8 of 12
==648021==    at 0x48C4E43: calloc (vg_replace_malloc.c:1678)
==648021==    by 0x403959D: wsnode_new (wordsplit.c:422)
==648021==    by 0x403959D: wordsplit_add_segm (wordsplit.c:523)
==648021==    by 0x4039854: scan_word (wordsplit.c:2062)
==648021==    by 0x4039C7C: wordsplit_process_list (wordsplit.c:2358)
==648021==    by 0x403A562: wordsplit_run.constprop.0 (wordsplit.c:2434)
==648021==    by 0x400BFFA: parse_default_options (tar.c:2256)
==648021==    by 0x400BFFA: decode_options (tar.c:2378)
==648021==    by 0x400BFFA: main (tar.c:2792)
==648021== 
==648021== 100 (96 direct, 4 indirect) bytes in 1 blocks are definitely lost in loss record 9 of 12
==648021==    at 0x48C4E43: calloc (vg_replace_malloc.c:1678)
==648021==    by 0x40516F1: xcalloc (xmalloc.c:298)
==648021==    by 0x40516F1: xzalloc (xmalloc.c:283)
==648021==    by 0x4029932: make_name (names.c:596)
==648021==    by 0x4029932: addname (names.c:1233)
==648021==    by 0x4029AB7: name_gather (names.c:1218)
==648021==    by 0x4025436: read_and (list.c:174)
==648021==    by 0x400CD7C: main (tar.c:2837)
==648021== 
==648021== 102 bytes in 1 blocks are still reachable in loss record 10 of 12
==648021==    at 0x48BD858: malloc (vg_replace_malloc.c:447)
==648021==    by 0x40512CC: xmalloc (xmalloc.c:45)
==648021==    by 0x4029881: name_init (names.c:869)
==648021==    by 0x400C94C: main (tar.c:2794)
==648021== 
==648021== 4,064 bytes in 1 blocks are still reachable in loss record 11 of 12
==648021==    at 0x48BD858: malloc (vg_replace_malloc.c:447)
==648021==    by 0x40512CC: xmalloc (xmalloc.c:45)
==648021==    by 0x404A07D: call_chunkfun (obstack.c:88)
==648021==    by 0x404A07D: _obstack_begin_worker.isra.0 (obstack.c:135)
==648021==    by 0x404A0A8: _obstack_begin (obstack.c:157)
==648021==    by 0x4032C57: _transform_name_to_obstack (transform.c:592)
==648021==    by 0x4032C57: transform_name_fp (transform.c:614)
==648021==    by 0x4023670: transform_member_name (list.c:114)
==648021==    by 0x4023670: transform_stat_info.part.0 (list.c:150)
==648021==    by 0x4025850: transform_stat_info (list.c:227)
==648021==    by 0x4025850: read_and (list.c:227)
==648021==    by 0x400CD7C: main (tar.c:2837)
==648021== 
==648021== 14,336 bytes in 1 blocks are possibly lost in loss record 12 of 12
==648021==    at 0x48BD858: malloc (vg_replace_malloc.c:447)
==648021==    by 0x40512CC: xmalloc (xmalloc.c:45)
==648021==    by 0x4027C22: page_aligned_alloc (misc.c:1235)
==648021==    by 0x4012544: diff_init (compare.c:48)
==648021==    by 0x400CD70: main (tar.c:2836)
==648021== 
==648021== LEAK SUMMARY:
==648021==    definitely lost: 186 bytes in 5 blocks
==648021==    indirectly lost: 14 bytes in 3 blocks
==648021==      possibly lost: 14,336 bytes in 1 blocks
==648021==    still reachable: 4,272 bytes in 6 blocks
==648021==         suppressed: 0 bytes in 0 blocks
==648021== 
==648021== For lists of detected and suppressed errors, rerun with: -s
==648021== ERROR SUMMARY: 4 errors from 4 contexts (suppressed: 0 from 0)
