==711488== Memcheck, a memory error detector
==711488== Copyright (C) 2002-2024, and GNU GPL'd, by Julian Seward et al.
==711488== Using Valgrind-3.26.0 and LibVEX; rerun with -h for copyright info
==711488== Command: tar -dvf gitrepo.tar --exclude-vcs gitrepo
==711488== Parent PID: 711471
==711488== 
==711488== 
==711488== FILE DESCRIPTORS: 1 open (1 inherited) at exit.
==711488== 
==711488== HEAP SUMMARY:
==711488==     in use at exit: 5,016 bytes in 41 blocks
==711488==   total heap usage: 136 allocs, 95 frees, 76,228 bytes allocated
==711488== 
==711488== 5 bytes in 1 blocks are still reachable in loss record 1 of 11
==711488==    at 0x586E858: malloc (vg_replace_malloc.c:447)
==711488==    by 0x469E7ED: rboxc_tar_xstrdup (in /root/rboxc/target/tar-child-input-candidate/release/rboxc)
==711488==    by 0x467004F: rboxc_tar_assign_string (in /root/rboxc/target/tar-child-input-candidate/release/rboxc)
==711488==    by 0x467345C: rboxc_tar_uname_to_uid (in /root/rboxc/target/tar-child-input-candidate/release/rboxc)
==711488==    by 0x466E0BF: rboxc_tar_decode_header (in /root/rboxc/target/tar-child-input-candidate/release/rboxc)
==711488==    by 0x466F156: rboxc_tar_read_and (in /root/rboxc/target/tar-child-input-candidate/release/rboxc)
==711488==    by 0x440EF63: single_binary_main_tar (in /root/rboxc/target/tar-child-input-candidate/release/rboxc)
==711488==    by 0x5A18600: (below main) (libc_start_call_main.h:59)
==711488== 
==711488== 5 bytes in 1 blocks are still reachable in loss record 2 of 11
==711488==    at 0x586E858: malloc (vg_replace_malloc.c:447)
==711488==    by 0x469E7ED: rboxc_tar_xstrdup (in /root/rboxc/target/tar-child-input-candidate/release/rboxc)
==711488==    by 0x467004F: rboxc_tar_assign_string (in /root/rboxc/target/tar-child-input-candidate/release/rboxc)
==711488==    by 0x46734FC: rboxc_tar_gname_to_gid (in /root/rboxc/target/tar-child-input-candidate/release/rboxc)
==711488==    by 0x466E09F: rboxc_tar_decode_header (in /root/rboxc/target/tar-child-input-candidate/release/rboxc)
==711488==    by 0x466F156: rboxc_tar_read_and (in /root/rboxc/target/tar-child-input-candidate/release/rboxc)
==711488==    by 0x440EF63: single_binary_main_tar (in /root/rboxc/target/tar-child-input-candidate/release/rboxc)
==711488==    by 0x5A18600: (below main) (libc_start_call_main.h:59)
==711488== 
==711488== 16 bytes in 1 blocks are still reachable in loss record 3 of 11
==711488==    at 0x5875E43: calloc (vg_replace_malloc.c:1678)
==711488==    by 0x469E681: rboxc_tar_xzalloc (in /root/rboxc/target/tar-child-input-candidate/release/rboxc)
==711488==    by 0x440DEF5: single_binary_main_tar (in /root/rboxc/target/tar-child-input-candidate/release/rboxc)
==711488==    by 0x5A18600: (below main) (libc_start_call_main.h:59)
==711488== 
==711488== 40 bytes in 1 blocks are still reachable in loss record 4 of 11
==711488==    at 0x5875E43: calloc (vg_replace_malloc.c:1678)
==711488==    by 0x469E681: rboxc_tar_xzalloc (in /root/rboxc/target/tar-child-input-candidate/release/rboxc)
==711488==    by 0x468F131: rboxc_tar_add_exclude (in /root/rboxc/target/tar-child-input-candidate/release/rboxc)
==711488==    by 0x4672E64: name_next_elt (in /root/rboxc/target/tar-child-input-candidate/release/rboxc)
==711488==    by 0x467372F: rboxc_tar_name_gather (in /root/rboxc/target/tar-child-input-candidate/release/rboxc)
==711488==    by 0x466EF76: rboxc_tar_read_and (in /root/rboxc/target/tar-child-input-candidate/release/rboxc)
==711488==    by 0x440EF63: single_binary_main_tar (in /root/rboxc/target/tar-child-input-candidate/release/rboxc)
==711488==    by 0x5A18600: (below main) (libc_start_call_main.h:59)
==711488== 
==711488== 80 bytes in 1 blocks are still reachable in loss record 5 of 11
==711488==    at 0x586E858: malloc (vg_replace_malloc.c:447)
==711488==    by 0x469E25C: rboxc_tar_xmalloc (in /root/rboxc/target/tar-child-input-candidate/release/rboxc)
==711488==    by 0x440DE00: single_binary_main_tar (in /root/rboxc/target/tar-child-input-candidate/release/rboxc)
==711488==    by 0x5A18600: (below main) (libc_start_call_main.h:59)
==711488== 
==711488== 80 bytes in 1 blocks are still reachable in loss record 6 of 11
==711488==    at 0x586E858: malloc (vg_replace_malloc.c:447)
==711488==    by 0x4693906: rboxc_tar_hash_initialize (in /root/rboxc/target/tar-child-input-candidate/release/rboxc)
==711488==    by 0x468F166: rboxc_tar_add_exclude (in /root/rboxc/target/tar-child-input-candidate/release/rboxc)
==711488==    by 0x4672E64: name_next_elt (in /root/rboxc/target/tar-child-input-candidate/release/rboxc)
==711488==    by 0x467372F: rboxc_tar_name_gather (in /root/rboxc/target/tar-child-input-candidate/release/rboxc)
==711488==    by 0x466EF76: rboxc_tar_read_and (in /root/rboxc/target/tar-child-input-candidate/release/rboxc)
==711488==    by 0x440EF63: single_binary_main_tar (in /root/rboxc/target/tar-child-input-candidate/release/rboxc)
==711488==    by 0x5A18600: (below main) (libc_start_call_main.h:59)
==711488== 
==711488== 102 bytes in 1 blocks are still reachable in loss record 7 of 11
==711488==    at 0x586E858: malloc (vg_replace_malloc.c:447)
==711488==    by 0x469E25C: rboxc_tar_xmalloc (in /root/rboxc/target/tar-child-input-candidate/release/rboxc)
==711488==    by 0x46735A1: rboxc_tar_name_init (in /root/rboxc/target/tar-child-input-candidate/release/rboxc)
==711488==    by 0x440EE7A: single_binary_main_tar (in /root/rboxc/target/tar-child-input-candidate/release/rboxc)
==711488==    by 0x5A18600: (below main) (libc_start_call_main.h:59)
==711488== 
==711488== 176 bytes in 11 blocks are still reachable in loss record 8 of 11
==711488==    at 0x586E858: malloc (vg_replace_malloc.c:447)
==711488==    by 0x4693EC9: rboxc_tar_hash_insert_if_absent (in /root/rboxc/target/tar-child-input-candidate/release/rboxc)
==711488==    by 0x4693F21: rboxc_tar_hash_insert (in /root/rboxc/target/tar-child-input-candidate/release/rboxc)
==711488==    by 0x468F19E: rboxc_tar_add_exclude (in /root/rboxc/target/tar-child-input-candidate/release/rboxc)
==711488==    by 0x4672E64: name_next_elt (in /root/rboxc/target/tar-child-input-candidate/release/rboxc)
==711488==    by 0x467372F: rboxc_tar_name_gather (in /root/rboxc/target/tar-child-input-candidate/release/rboxc)
==711488==    by 0x466EF76: rboxc_tar_read_and (in /root/rboxc/target/tar-child-input-candidate/release/rboxc)
==711488==    by 0x440EF63: single_binary_main_tar (in /root/rboxc/target/tar-child-input-candidate/release/rboxc)
==711488==    by 0x5A18600: (below main) (libc_start_call_main.h:59)
==711488== 
==711488== 176 bytes in 21 blocks are still reachable in loss record 9 of 11
==711488==    at 0x586E858: malloc (vg_replace_malloc.c:447)
==711488==    by 0x469E7ED: rboxc_tar_xstrdup (in /root/rboxc/target/tar-child-input-candidate/release/rboxc)
==711488==    by 0x468F183: rboxc_tar_add_exclude (in /root/rboxc/target/tar-child-input-candidate/release/rboxc)
==711488==    by 0x4672E64: name_next_elt (in /root/rboxc/target/tar-child-input-candidate/release/rboxc)
==711488==    by 0x467372F: rboxc_tar_name_gather (in /root/rboxc/target/tar-child-input-candidate/release/rboxc)
==711488==    by 0x466EF76: rboxc_tar_read_and (in /root/rboxc/target/tar-child-input-candidate/release/rboxc)
==711488==    by 0x440EF63: single_binary_main_tar (in /root/rboxc/target/tar-child-input-candidate/release/rboxc)
==711488==    by 0x5A18600: (below main) (libc_start_call_main.h:59)
==711488== 
==711488== 272 bytes in 1 blocks are still reachable in loss record 10 of 11
==711488==    at 0x5875E43: calloc (vg_replace_malloc.c:1678)
==711488==    by 0x4693BB9: rboxc_tar_hash_rehash (in /root/rboxc/target/tar-child-input-candidate/release/rboxc)
==711488==    by 0x4693E95: rboxc_tar_hash_insert_if_absent (in /root/rboxc/target/tar-child-input-candidate/release/rboxc)
==711488==    by 0x4693F21: rboxc_tar_hash_insert (in /root/rboxc/target/tar-child-input-candidate/release/rboxc)
==711488==    by 0x468F19E: rboxc_tar_add_exclude (in /root/rboxc/target/tar-child-input-candidate/release/rboxc)
==711488==    by 0x4672E64: name_next_elt (in /root/rboxc/target/tar-child-input-candidate/release/rboxc)
==711488==    by 0x467372F: rboxc_tar_name_gather (in /root/rboxc/target/tar-child-input-candidate/release/rboxc)
==711488==    by 0x466EF76: rboxc_tar_read_and (in /root/rboxc/target/tar-child-input-candidate/release/rboxc)
==711488==    by 0x440EF63: single_binary_main_tar (in /root/rboxc/target/tar-child-input-candidate/release/rboxc)
==711488==    by 0x5A18600: (below main) (libc_start_call_main.h:59)
==711488== 
==711488== 4,064 bytes in 1 blocks are still reachable in loss record 11 of 11
==711488==    at 0x586E858: malloc (vg_replace_malloc.c:447)
==711488==    by 0x469E25C: rboxc_tar_xmalloc (in /root/rboxc/target/tar-child-input-candidate/release/rboxc)
==711488==    by 0x469617D: _obstack_begin_worker.isra.0 (in /root/rboxc/target/tar-child-input-candidate/release/rboxc)
==711488==    by 0x46961A8: rboxc_tar__obstack_begin (in /root/rboxc/target/tar-child-input-candidate/release/rboxc)
==711488==    by 0x4679E77: rboxc_tar_transform_name_fp (in /root/rboxc/target/tar-child-input-candidate/release/rboxc)
==711488==    by 0x466D1B0: transform_stat_info.part.0 (in /root/rboxc/target/tar-child-input-candidate/release/rboxc)
==711488==    by 0x466F390: rboxc_tar_read_and (in /root/rboxc/target/tar-child-input-candidate/release/rboxc)
==711488==    by 0x440EF63: single_binary_main_tar (in /root/rboxc/target/tar-child-input-candidate/release/rboxc)
==711488==    by 0x5A18600: (below main) (libc_start_call_main.h:59)
==711488== 
==711488== LEAK SUMMARY:
==711488==    definitely lost: 0 bytes in 0 blocks
==711488==    indirectly lost: 0 bytes in 0 blocks
==711488==      possibly lost: 0 bytes in 0 blocks
==711488==    still reachable: 5,016 bytes in 41 blocks
==711488==         suppressed: 0 bytes in 0 blocks
==711488== 
==711488== For lists of detected and suppressed errors, rerun with: -s
==711488== ERROR SUMMARY: 0 errors from 0 contexts (suppressed: 0 from 0)
