==683727== Memcheck, a memory error detector
==683727== Copyright (C) 2002-2024, and GNU GPL'd, by Julian Seward et al.
==683727== Using Valgrind-3.26.0 and LibVEX; rerun with -h for copyright info
==683727== Command: tar -cf archive.tar -C src .
==683727== Parent PID: 683721
==683727== 
==683727== 
==683727== FILE DESCRIPTORS: 2 open (1 inherited) at exit.
==683727== Open file descriptor 4: src
==683727==    at 0x4A1AADA: openat (openat64.c:39)
==683727==    by 0x4027817: openat (fcntl2.h:175)
==683727==    by 0x4027817: chdir_do (misc.c:988)
==683727==    by 0x4028D52: name_next_elt (names.c:1123)
==683727==    by 0x40298EC: name_next (names.c:1152)
==683727==    by 0x401750F: create_archive (create.c:1410)
==683727==    by 0x400CD90: main (tar.c:2818)
==683727== 
==683727== 
==683727== HEAP SUMMARY:
==683727==     in use at exit: 4,418 bytes in 14 blocks
==683727==   total heap usage: 71 allocs, 57 frees, 89,446 bytes allocated
==683727== 
==683727== 4 bytes in 1 blocks are still reachable in loss record 1 of 11
==683727==    at 0x48BD858: malloc (vg_replace_malloc.c:447)
==683727==    by 0x405185D: xmalloc (xmalloc.c:45)
==683727==    by 0x405185D: xmemdup (xmalloc.c:314)
==683727==    by 0x405185D: xstrdup (xmalloc.c:339)
==683727==    by 0x4028D43: name_next_elt (names.c:1123)
==683727==    by 0x40298EC: name_next (names.c:1152)
==683727==    by 0x401750F: create_archive (create.c:1410)
==683727==    by 0x400CD90: main (tar.c:2818)
==683727== 
==683727== 5 bytes in 1 blocks are still reachable in loss record 2 of 11
==683727==    at 0x48BD858: malloc (vg_replace_malloc.c:447)
==683727==    by 0x405185D: xmalloc (xmalloc.c:45)
==683727==    by 0x405185D: xmemdup (xmalloc.c:314)
==683727==    by 0x405185D: xstrdup (xmalloc.c:339)
==683727==    by 0x402644F: assign_string (misc.c:58)
==683727==    by 0x4029612: uid_to_uname (names.c:490)
==683727==    by 0x40155F3: start_header (create.c:931)
==683727==    by 0x40167F9: dump_dir0 (create.c:1123)
==683727==    by 0x40167F9: dump_dir (create.c:1320)
==683727==    by 0x40167F9: dump_file0 (create.c:1757)
==683727==    by 0x4017589: dump_file (create.c:1968)
==683727==    by 0x4017589: create_archive (create.c:1412)
==683727==    by 0x400CD90: main (tar.c:2818)
==683727== 
==683727== 5 bytes in 1 blocks are still reachable in loss record 3 of 11
==683727==    at 0x48BD858: malloc (vg_replace_malloc.c:447)
==683727==    by 0x405185D: xmalloc (xmalloc.c:45)
==683727==    by 0x405185D: xmemdup (xmalloc.c:314)
==683727==    by 0x405185D: xstrdup (xmalloc.c:339)
==683727==    by 0x402644F: assign_string (misc.c:58)
==683727==    by 0x40296A2: gid_to_gname (names.c:520)
==683727==    by 0x40155DB: start_header (create.c:936)
==683727==    by 0x40167F9: dump_dir0 (create.c:1123)
==683727==    by 0x40167F9: dump_dir (create.c:1320)
==683727==    by 0x40167F9: dump_file0 (create.c:1757)
==683727==    by 0x4017589: dump_file (create.c:1968)
==683727==    by 0x4017589: create_archive (create.c:1412)
==683727==    by 0x400CD90: main (tar.c:2818)
==683727== 
==683727== 7 bytes in 2 blocks are indirectly lost in loss record 4 of 11
==683727==    at 0x48BD858: malloc (vg_replace_malloc.c:447)
==683727==    by 0x40387DD: wsnode_quoteremoval (wordsplit.c:651)
==683727==    by 0x4039CFD: wordsplit_process_list (wordsplit.c:2390)
==683727==    by 0x403A562: wordsplit_run.constprop.0 (wordsplit.c:2434)
==683727==    by 0x400BFFA: parse_default_options (tar.c:2256)
==683727==    by 0x400BFFA: decode_options (tar.c:2378)
==683727==    by 0x400BFFA: main (tar.c:2792)
==683727== 
==683727== 7 bytes in 2 blocks are definitely lost in loss record 5 of 11
==683727==    at 0x48BD858: malloc (vg_replace_malloc.c:447)
==683727==    by 0x403A1FB: wordsplit_finish (wordsplit.c:836)
==683727==    by 0x400BFFA: parse_default_options (tar.c:2256)
==683727==    by 0x400BFFA: decode_options (tar.c:2378)
==683727==    by 0x400BFFA: main (tar.c:2792)
==683727== 
==683727== 16 bytes in 1 blocks are still reachable in loss record 6 of 11
==683727==    at 0x48C4E43: calloc (vg_replace_malloc.c:1678)
==683727==    by 0x40516F1: xcalloc (xmalloc.c:298)
==683727==    by 0x40516F1: xzalloc (xmalloc.c:283)
==683727==    by 0x400BEF9: decode_options (tar.c:2297)
==683727==    by 0x400BEF9: main (tar.c:2792)
==683727== 
==683727== 48 bytes in 1 blocks are still reachable in loss record 7 of 11
==683727==    at 0x48C53C0: reallocarray (vg_replace_malloc.c:1806)
==683727==    by 0x40515C9: xreallocarray (xmalloc.c:84)
==683727==    by 0x40515C9: x2nrealloc (xmalloc.c:203)
==683727==    by 0x4027754: chdir_arg (misc.c:934)
==683727==    by 0x4028D4B: name_next_elt (names.c:1123)
==683727==    by 0x40298EC: name_next (names.c:1152)
==683727==    by 0x401750F: create_archive (create.c:1410)
==683727==    by 0x400CD90: main (tar.c:2818)
==683727== 
==683727== 80 bytes in 1 blocks are still reachable in loss record 8 of 11
==683727==    at 0x48BD858: malloc (vg_replace_malloc.c:447)
==683727==    by 0x40512CC: xmalloc (xmalloc.c:45)
==683727==    by 0x400BE43: main (tar.c:2781)
==683727== 
==683727== 87 (80 direct, 7 indirect) bytes in 2 blocks are definitely lost in loss record 9 of 11
==683727==    at 0x48C4E43: calloc (vg_replace_malloc.c:1678)
==683727==    by 0x403959D: wsnode_new (wordsplit.c:422)
==683727==    by 0x403959D: wordsplit_add_segm (wordsplit.c:523)
==683727==    by 0x4039854: scan_word (wordsplit.c:2062)
==683727==    by 0x4039C7C: wordsplit_process_list (wordsplit.c:2358)
==683727==    by 0x403A562: wordsplit_run.constprop.0 (wordsplit.c:2434)
==683727==    by 0x400BFFA: parse_default_options (tar.c:2256)
==683727==    by 0x400BFFA: decode_options (tar.c:2378)
==683727==    by 0x400BFFA: main (tar.c:2792)
==683727== 
==683727== 102 bytes in 1 blocks are still reachable in loss record 10 of 11
==683727==    at 0x48BD858: malloc (vg_replace_malloc.c:447)
==683727==    by 0x40512CC: xmalloc (xmalloc.c:45)
==683727==    by 0x4029881: name_init (names.c:869)
==683727==    by 0x400C94C: main (tar.c:2794)
==683727== 
==683727== 4,064 bytes in 1 blocks are still reachable in loss record 11 of 11
==683727==    at 0x48BD858: malloc (vg_replace_malloc.c:447)
==683727==    by 0x40512CC: xmalloc (xmalloc.c:45)
==683727==    by 0x404A07D: call_chunkfun (obstack.c:88)
==683727==    by 0x404A07D: _obstack_begin_worker.isra.0 (obstack.c:135)
==683727==    by 0x404A0A8: _obstack_begin (obstack.c:157)
==683727==    by 0x4032C57: _transform_name_to_obstack (transform.c:592)
==683727==    by 0x4032C57: transform_name_fp (transform.c:614)
==683727==    by 0x4016444: dump_file0 (create.c:1657)
==683727==    by 0x4017589: dump_file (create.c:1968)
==683727==    by 0x4017589: create_archive (create.c:1412)
==683727==    by 0x400CD90: main (tar.c:2818)
==683727== 
==683727== LEAK SUMMARY:
==683727==    definitely lost: 87 bytes in 4 blocks
==683727==    indirectly lost: 7 bytes in 2 blocks
==683727==      possibly lost: 0 bytes in 0 blocks
==683727==    still reachable: 4,324 bytes in 8 blocks
==683727==         suppressed: 0 bytes in 0 blocks
==683727== 
==683727== For lists of detected and suppressed errors, rerun with: -s
==683727== ERROR SUMMARY: 3 errors from 3 contexts (suppressed: 0 from 0)
