==642276== Memcheck, a memory error detector
==642276== Copyright (C) 2002-2024, and GNU GPL'd, by Julian Seward et al.
==642276== Using Valgrind-3.26.0 and LibVEX; rerun with -h for copyright info
==642276== Command: tar uf archive foo
==642276== Parent PID: 642271
==642276== 
==642276== Conditional jump or move depends on uninitialised value(s)
==642276==    at 0x48CB135: bcmp (vg_replace_strmem.c:1234)
==642276==    by 0x400E98F: check_compressed_archive (buffer.c:423)
==642276==    by 0x4010FFD: _open_archive (buffer.c:824)
==642276==    by 0x4010FFD: open_archive (buffer.c:2025)
==642276==    by 0x4033236: update_archive (update.c:112)
==642276==    by 0x400CC4C: main (tar.c:2810)
==642276== 
==642276== Conditional jump or move depends on uninitialised value(s)
==642276==    at 0x400E992: check_compressed_archive (buffer.c:423)
==642276==    by 0x4010FFD: _open_archive (buffer.c:824)
==642276==    by 0x4010FFD: open_archive (buffer.c:2025)
==642276==    by 0x4033236: update_archive (update.c:112)
==642276==    by 0x400CC4C: main (tar.c:2810)
==642276== 
==642276== 
==642276== FILE DESCRIPTORS: 1 open (1 inherited) at exit.
==642276== 
==642276== HEAP SUMMARY:
==642276==     in use at exit: 4,796 bytes in 18 blocks
==642276==   total heap usage: 32 allocs, 14 frees, 35,717 bytes allocated
==642276== 
==642276== 4 bytes in 1 blocks are indirectly lost in loss record 1 of 14
==642276==    at 0x48BD858: malloc (vg_replace_malloc.c:447)
==642276==    by 0x405185D: xmalloc (xmalloc.c:45)
==642276==    by 0x405185D: xmemdup (xmalloc.c:314)
==642276==    by 0x405185D: xstrdup (xmalloc.c:339)
==642276==    by 0x402994B: make_name (names.c:599)
==642276==    by 0x402994B: addname (names.c:1233)
==642276==    by 0x4029AB7: name_gather (names.c:1218)
==642276==    by 0x403322C: update_archive (update.c:111)
==642276==    by 0x400CC4C: main (tar.c:2810)
==642276== 
==642276== 6 bytes in 2 blocks are indirectly lost in loss record 2 of 14
==642276==    at 0x48BD858: malloc (vg_replace_malloc.c:447)
==642276==    by 0x405185D: xmalloc (xmalloc.c:45)
==642276==    by 0x405185D: xmemdup (xmalloc.c:314)
==642276==    by 0x405185D: xstrdup (xmalloc.c:339)
==642276==    by 0x400C4F1: decode_options (tar.c:2353)
==642276==    by 0x400C4F1: main (tar.c:2792)
==642276== 
==642276== 6 bytes in 2 blocks are indirectly lost in loss record 3 of 14
==642276==    at 0x48BD858: malloc (vg_replace_malloc.c:447)
==642276==    by 0x40387DD: wsnode_quoteremoval (wordsplit.c:651)
==642276==    by 0x4039CFD: wordsplit_process_list (wordsplit.c:2390)
==642276==    by 0x403A562: wordsplit_run.constprop.0 (wordsplit.c:2434)
==642276==    by 0x400BFFA: parse_default_options (tar.c:2256)
==642276==    by 0x400BFFA: decode_options (tar.c:2378)
==642276==    by 0x400BFFA: main (tar.c:2792)
==642276== 
==642276== 6 bytes in 2 blocks are definitely lost in loss record 4 of 14
==642276==    at 0x48BD858: malloc (vg_replace_malloc.c:447)
==642276==    by 0x403A1FB: wordsplit_finish (wordsplit.c:836)
==642276==    by 0x400BFFA: parse_default_options (tar.c:2256)
==642276==    by 0x400BFFA: decode_options (tar.c:2378)
==642276==    by 0x400BFFA: main (tar.c:2792)
==642276== 
==642276== 16 bytes in 1 blocks are still reachable in loss record 5 of 14
==642276==    at 0x48C4E43: calloc (vg_replace_malloc.c:1678)
==642276==    by 0x40516F1: xcalloc (xmalloc.c:298)
==642276==    by 0x40516F1: xzalloc (xmalloc.c:283)
==642276==    by 0x400BEF9: decode_options (tar.c:2297)
==642276==    by 0x400BEF9: main (tar.c:2792)
==642276== 
==642276== 32 bytes in 1 blocks are still reachable in loss record 6 of 14
==642276==    at 0x48BD858: malloc (vg_replace_malloc.c:447)
==642276==    by 0x40512CC: xmalloc (xmalloc.c:45)
==642276==    by 0x401407E: file_count_links (create.c:1522)
==642276==    by 0x401407E: file_count_links (create.c:1508)
==642276==    by 0x4016A58: dump_file0 (create.c:1779)
==642276==    by 0x4015F1E: dump_file (create.c:1968)
==642276==    by 0x4033312: update_archive (update.c:229)
==642276==    by 0x400CC4C: main (tar.c:2810)
==642276== 
==642276== 54 (48 direct, 6 indirect) bytes in 1 blocks are definitely lost in loss record 7 of 14
==642276==    at 0x48BD858: malloc (vg_replace_malloc.c:447)
==642276==    by 0x40512CC: xmalloc (xmalloc.c:45)
==642276==    by 0x400C46E: decode_options (tar.c:2340)
==642276==    by 0x400C46E: main (tar.c:2792)
==642276== 
==642276== 80 bytes in 1 blocks are still reachable in loss record 8 of 14
==642276==    at 0x48BD858: malloc (vg_replace_malloc.c:447)
==642276==    by 0x40512CC: xmalloc (xmalloc.c:45)
==642276==    by 0x400BE43: main (tar.c:2781)
==642276== 
==642276== 80 bytes in 1 blocks are still reachable in loss record 9 of 14
==642276==    at 0x48BD858: malloc (vg_replace_malloc.c:447)
==642276==    by 0x4047846: hash_initialize (hash.c:523)
==642276==    by 0x401411B: file_count_links (create.c:1530)
==642276==    by 0x401411B: file_count_links (create.c:1508)
==642276==    by 0x4016A58: dump_file0 (create.c:1779)
==642276==    by 0x4015F1E: dump_file (create.c:1968)
==642276==    by 0x4033312: update_archive (update.c:229)
==642276==    by 0x400CC4C: main (tar.c:2810)
==642276== 
==642276== 86 (80 direct, 6 indirect) bytes in 2 blocks are definitely lost in loss record 10 of 14
==642276==    at 0x48C4E43: calloc (vg_replace_malloc.c:1678)
==642276==    by 0x403959D: wsnode_new (wordsplit.c:422)
==642276==    by 0x403959D: wordsplit_add_segm (wordsplit.c:523)
==642276==    by 0x4039854: scan_word (wordsplit.c:2062)
==642276==    by 0x4039C7C: wordsplit_process_list (wordsplit.c:2358)
==642276==    by 0x403A562: wordsplit_run.constprop.0 (wordsplit.c:2434)
==642276==    by 0x400BFFA: parse_default_options (tar.c:2256)
==642276==    by 0x400BFFA: decode_options (tar.c:2378)
==642276==    by 0x400BFFA: main (tar.c:2792)
==642276== 
==642276== 100 (96 direct, 4 indirect) bytes in 1 blocks are definitely lost in loss record 11 of 14
==642276==    at 0x48C4E43: calloc (vg_replace_malloc.c:1678)
==642276==    by 0x40516F1: xcalloc (xmalloc.c:298)
==642276==    by 0x40516F1: xzalloc (xmalloc.c:283)
==642276==    by 0x4029932: make_name (names.c:596)
==642276==    by 0x4029932: addname (names.c:1233)
==642276==    by 0x4029AB7: name_gather (names.c:1218)
==642276==    by 0x403322C: update_archive (update.c:111)
==642276==    by 0x400CC4C: main (tar.c:2810)
==642276== 
==642276== 102 bytes in 1 blocks are still reachable in loss record 12 of 14
==642276==    at 0x48BD858: malloc (vg_replace_malloc.c:447)
==642276==    by 0x40512CC: xmalloc (xmalloc.c:45)
==642276==    by 0x4029881: name_init (names.c:869)
==642276==    by 0x400C94C: main (tar.c:2794)
==642276== 
==642276== 176 bytes in 1 blocks are still reachable in loss record 13 of 14
==642276==    at 0x48C4E43: calloc (vg_replace_malloc.c:1678)
==642276==    by 0x404789C: hash_initialize (hash.c:544)
==642276==    by 0x401411B: file_count_links (create.c:1530)
==642276==    by 0x401411B: file_count_links (create.c:1508)
==642276==    by 0x4016A58: dump_file0 (create.c:1779)
==642276==    by 0x4015F1E: dump_file (create.c:1968)
==642276==    by 0x4033312: update_archive (update.c:229)
==642276==    by 0x400CC4C: main (tar.c:2810)
==642276== 
==642276== 4,064 bytes in 1 blocks are still reachable in loss record 14 of 14
==642276==    at 0x48BD858: malloc (vg_replace_malloc.c:447)
==642276==    by 0x40512CC: xmalloc (xmalloc.c:45)
==642276==    by 0x404A07D: call_chunkfun (obstack.c:88)
==642276==    by 0x404A07D: _obstack_begin_worker.isra.0 (obstack.c:135)
==642276==    by 0x404A0A8: _obstack_begin (obstack.c:157)
==642276==    by 0x4032C57: _transform_name_to_obstack (transform.c:592)
==642276==    by 0x4032C57: transform_name_fp (transform.c:614)
==642276==    by 0x4016444: dump_file0 (create.c:1657)
==642276==    by 0x4015F1E: dump_file (create.c:1968)
==642276==    by 0x4033312: update_archive (update.c:229)
==642276==    by 0x400CC4C: main (tar.c:2810)
==642276== 
==642276== LEAK SUMMARY:
==642276==    definitely lost: 230 bytes in 6 blocks
==642276==    indirectly lost: 16 bytes in 5 blocks
==642276==      possibly lost: 0 bytes in 0 blocks
==642276==    still reachable: 4,550 bytes in 7 blocks
==642276==         suppressed: 0 bytes in 0 blocks
==642276== 
==642276== Use --track-origins=yes to see where uninitialised values come from
==642276== For lists of detected and suppressed errors, rerun with: -s
==642276== ERROR SUMMARY: 22 errors from 6 contexts (suppressed: 0 from 0)
