==666014== Memcheck, a memory error detector
==666014== Copyright (C) 2002-2024, and GNU GPL'd, by Julian Seward et al.
==666014== Using Valgrind-3.26.0 and LibVEX; rerun with -h for copyright info
==666014== Command: tar -C tartest --create --one-file-system --verbose --file archive-1.tar --listed-incremental=archive-1.snar .
==666014== Parent PID: 665232
==666014== 
==666014== 
==666014== FILE DESCRIPTORS: 1 open (1 inherited) at exit.
==666014== 
==666014== HEAP SUMMARY:
==666014==     in use at exit: 5,318 bytes in 21 blocks
==666014==   total heap usage: 144 allocs, 123 frees, 212,356 bytes allocated
==666014== 
==666014== 5 bytes in 1 blocks are still reachable in loss record 1 of 18
==666014==    at 0x586E858: malloc (vg_replace_malloc.c:447)
==666014==    by 0x469E66D: rboxc_tar_xstrdup (in /root/rboxc/target/tar-map-probe-candidate/release/rboxc)
==666014==    by 0x466FF4F: rboxc_tar_assign_string (in /root/rboxc/target/tar-map-probe-candidate/release/rboxc)
==666014==    by 0x4673232: rboxc_tar_uid_to_uname (in /root/rboxc/target/tar-map-probe-candidate/release/rboxc)
==666014==    by 0x4662453: rboxc_tar_start_header (in /root/rboxc/target/tar-map-probe-candidate/release/rboxc)
==666014==    by 0x4663659: dump_file0 (in /root/rboxc/target/tar-map-probe-candidate/release/rboxc)
==666014==    by 0x466468F: rboxc_tar_create_archive (in /root/rboxc/target/tar-map-probe-candidate/release/rboxc)
==666014==    by 0x4478AF8: single_binary_main_tar (in /root/rboxc/target/tar-map-probe-candidate/release/rboxc)
==666014==    by 0x5A18600: (below main) (libc_start_call_main.h:59)
==666014== 
==666014== 5 bytes in 1 blocks are still reachable in loss record 2 of 18
==666014==    at 0x586E858: malloc (vg_replace_malloc.c:447)
==666014==    by 0x469E66D: rboxc_tar_xstrdup (in /root/rboxc/target/tar-map-probe-candidate/release/rboxc)
==666014==    by 0x466FF4F: rboxc_tar_assign_string (in /root/rboxc/target/tar-map-probe-candidate/release/rboxc)
==666014==    by 0x46732C2: rboxc_tar_gid_to_gname (in /root/rboxc/target/tar-map-probe-candidate/release/rboxc)
==666014==    by 0x466243B: rboxc_tar_start_header (in /root/rboxc/target/tar-map-probe-candidate/release/rboxc)
==666014==    by 0x4663659: dump_file0 (in /root/rboxc/target/tar-map-probe-candidate/release/rboxc)
==666014==    by 0x466468F: rboxc_tar_create_archive (in /root/rboxc/target/tar-map-probe-candidate/release/rboxc)
==666014==    by 0x4478AF8: single_binary_main_tar (in /root/rboxc/target/tar-map-probe-candidate/release/rboxc)
==666014==    by 0x5A18600: (below main) (libc_start_call_main.h:59)
==666014== 
==666014== 11 bytes in 2 blocks are still reachable in loss record 3 of 18
==666014==    at 0x586E858: malloc (vg_replace_malloc.c:447)
==666014==    by 0x469E0DC: rboxc_tar_xmalloc (in /root/rboxc/target/tar-map-probe-candidate/release/rboxc)
==666014==    by 0x4668DE1: make_directory (in /root/rboxc/target/tar-map-probe-candidate/release/rboxc)
==666014==    by 0x4669095: note_directory (in /root/rboxc/target/tar-map-probe-candidate/release/rboxc)
==666014==    by 0x466B6B0: rboxc_tar_read_directory_file (in /root/rboxc/target/tar-map-probe-candidate/release/rboxc)
==666014==    by 0x46740C1: rboxc_tar_collect_and_sort_names (in /root/rboxc/target/tar-map-probe-candidate/release/rboxc)
==666014==    by 0x466443D: rboxc_tar_create_archive (in /root/rboxc/target/tar-map-probe-candidate/release/rboxc)
==666014==    by 0x4478AF8: single_binary_main_tar (in /root/rboxc/target/tar-map-probe-candidate/release/rboxc)
==666014==    by 0x5A18600: (below main) (libc_start_call_main.h:59)
==666014== 
==666014== 16 bytes in 1 blocks are still reachable in loss record 4 of 18
==666014==    at 0x5875E43: calloc (vg_replace_malloc.c:1678)
==666014==    by 0x469E501: rboxc_tar_xzalloc (in /root/rboxc/target/tar-map-probe-candidate/release/rboxc)
==666014==    by 0x4477AF5: single_binary_main_tar (in /root/rboxc/target/tar-map-probe-candidate/release/rboxc)
==666014==    by 0x5A18600: (below main) (libc_start_call_main.h:59)
==666014== 
==666014== 24 bytes in 1 blocks are still reachable in loss record 5 of 18
==666014==    at 0x5875E43: calloc (vg_replace_malloc.c:1678)
==666014==    by 0x469E55C: rboxc_tar_xcalloc (in /root/rboxc/target/tar-map-probe-candidate/release/rboxc)
==666014==    by 0x4668FB2: dumpdir_create0 (in /root/rboxc/target/tar-map-probe-candidate/release/rboxc)
==666014==    by 0x46690F0: note_directory (in /root/rboxc/target/tar-map-probe-candidate/release/rboxc)
==666014==    by 0x466B6B0: rboxc_tar_read_directory_file (in /root/rboxc/target/tar-map-probe-candidate/release/rboxc)
==666014==    by 0x46740C1: rboxc_tar_collect_and_sort_names (in /root/rboxc/target/tar-map-probe-candidate/release/rboxc)
==666014==    by 0x466443D: rboxc_tar_create_archive (in /root/rboxc/target/tar-map-probe-candidate/release/rboxc)
==666014==    by 0x4478AF8: single_binary_main_tar (in /root/rboxc/target/tar-map-probe-candidate/release/rboxc)
==666014==    by 0x5A18600: (below main) (libc_start_call_main.h:59)
==666014== 
==666014== 24 bytes in 1 blocks are still reachable in loss record 6 of 18
==666014==    at 0x5875E43: calloc (vg_replace_malloc.c:1678)
==666014==    by 0x469E55C: rboxc_tar_xcalloc (in /root/rboxc/target/tar-map-probe-candidate/release/rboxc)
==666014==    by 0x4668FB2: dumpdir_create0 (in /root/rboxc/target/tar-map-probe-candidate/release/rboxc)
==666014==    by 0x466A7F8: rboxc_tar_scan_directory (in /root/rboxc/target/tar-map-probe-candidate/release/rboxc)
==666014==    by 0x46737AE: add_hierarchy_to_namelist (in /root/rboxc/target/tar-map-probe-candidate/release/rboxc)
==666014==    by 0x4674520: rboxc_tar_collect_and_sort_names (in /root/rboxc/target/tar-map-probe-candidate/release/rboxc)
==666014==    by 0x466443D: rboxc_tar_create_archive (in /root/rboxc/target/tar-map-probe-candidate/release/rboxc)
==666014==    by 0x4478AF8: single_binary_main_tar (in /root/rboxc/target/tar-map-probe-candidate/release/rboxc)
==666014==    by 0x5A18600: (below main) (libc_start_call_main.h:59)
==666014== 
==666014== 32 bytes in 1 blocks are still reachable in loss record 7 of 18
==666014==    at 0x586E858: malloc (vg_replace_malloc.c:447)
==666014==    by 0x469E0DC: rboxc_tar_xmalloc (in /root/rboxc/target/tar-map-probe-candidate/release/rboxc)
==666014==    by 0x446DA2F: rboxc::applet_tar::optloc_save (in /root/rboxc/target/tar-map-probe-candidate/release/rboxc)
==666014==    by 0x446F7A4: rboxc::applet_tar::parse_opt (in /root/rboxc/target/tar-map-probe-candidate/release/rboxc)
==666014==    by 0x468D0C3: rboxc_tar_argp_parse (in /root/rboxc/target/tar-map-probe-candidate/release/rboxc)
==666014==    by 0x4478025: single_binary_main_tar (in /root/rboxc/target/tar-map-probe-candidate/release/rboxc)
==666014==    by 0x5A18600: (below main) (libc_start_call_main.h:59)
==666014== 
==666014== 57 bytes in 1 blocks are still reachable in loss record 8 of 18
==666014==    at 0x586E858: malloc (vg_replace_malloc.c:447)
==666014==    by 0x469E0DC: rboxc_tar_xmalloc (in /root/rboxc/target/tar-map-probe-candidate/release/rboxc)
==666014==    by 0x4668F7C: dumpdir_create0 (in /root/rboxc/target/tar-map-probe-candidate/release/rboxc)
==666014==    by 0x46690F0: note_directory (in /root/rboxc/target/tar-map-probe-candidate/release/rboxc)
==666014==    by 0x466B6B0: rboxc_tar_read_directory_file (in /root/rboxc/target/tar-map-probe-candidate/release/rboxc)
==666014==    by 0x46740C1: rboxc_tar_collect_and_sort_names (in /root/rboxc/target/tar-map-probe-candidate/release/rboxc)
==666014==    by 0x466443D: rboxc_tar_create_archive (in /root/rboxc/target/tar-map-probe-candidate/release/rboxc)
==666014==    by 0x4478AF8: single_binary_main_tar (in /root/rboxc/target/tar-map-probe-candidate/release/rboxc)
==666014==    by 0x5A18600: (below main) (libc_start_call_main.h:59)
==666014== 
==666014== 57 bytes in 1 blocks are still reachable in loss record 9 of 18
==666014==    at 0x586E858: malloc (vg_replace_malloc.c:447)
==666014==    by 0x469E0DC: rboxc_tar_xmalloc (in /root/rboxc/target/tar-map-probe-candidate/release/rboxc)
==666014==    by 0x4668F7C: dumpdir_create0 (in /root/rboxc/target/tar-map-probe-candidate/release/rboxc)
==666014==    by 0x466A7F8: rboxc_tar_scan_directory (in /root/rboxc/target/tar-map-probe-candidate/release/rboxc)
==666014==    by 0x46737AE: add_hierarchy_to_namelist (in /root/rboxc/target/tar-map-probe-candidate/release/rboxc)
==666014==    by 0x4674520: rboxc_tar_collect_and_sort_names (in /root/rboxc/target/tar-map-probe-candidate/release/rboxc)
==666014==    by 0x466443D: rboxc_tar_create_archive (in /root/rboxc/target/tar-map-probe-candidate/release/rboxc)
==666014==    by 0x4478AF8: single_binary_main_tar (in /root/rboxc/target/tar-map-probe-candidate/release/rboxc)
==666014==    by 0x5A18600: (below main) (libc_start_call_main.h:59)
==666014== 
==666014== 80 bytes in 1 blocks are still reachable in loss record 10 of 18
==666014==    at 0x586E858: malloc (vg_replace_malloc.c:447)
==666014==    by 0x469E0DC: rboxc_tar_xmalloc (in /root/rboxc/target/tar-map-probe-candidate/release/rboxc)
==666014==    by 0x4477A00: single_binary_main_tar (in /root/rboxc/target/tar-map-probe-candidate/release/rboxc)
==666014==    by 0x5A18600: (below main) (libc_start_call_main.h:59)
==666014== 
==666014== 80 bytes in 1 blocks are still reachable in loss record 11 of 18
==666014==    at 0x586E858: malloc (vg_replace_malloc.c:447)
==666014==    by 0x4693786: rboxc_tar_hash_initialize (in /root/rboxc/target/tar-map-probe-candidate/release/rboxc)
==666014==    by 0x4669167: note_directory (in /root/rboxc/target/tar-map-probe-candidate/release/rboxc)
==666014==    by 0x466B6B0: rboxc_tar_read_directory_file (in /root/rboxc/target/tar-map-probe-candidate/release/rboxc)
==666014==    by 0x46740C1: rboxc_tar_collect_and_sort_names (in /root/rboxc/target/tar-map-probe-candidate/release/rboxc)
==666014==    by 0x466443D: rboxc_tar_create_archive (in /root/rboxc/target/tar-map-probe-candidate/release/rboxc)
==666014==    by 0x4478AF8: single_binary_main_tar (in /root/rboxc/target/tar-map-probe-candidate/release/rboxc)
==666014==    by 0x5A18600: (below main) (libc_start_call_main.h:59)
==666014== 
==666014== 80 bytes in 1 blocks are still reachable in loss record 12 of 18
==666014==    at 0x586E858: malloc (vg_replace_malloc.c:447)
==666014==    by 0x4693786: rboxc_tar_hash_initialize (in /root/rboxc/target/tar-map-probe-candidate/release/rboxc)
==666014==    by 0x4669197: note_directory (in /root/rboxc/target/tar-map-probe-candidate/release/rboxc)
==666014==    by 0x466B6B0: rboxc_tar_read_directory_file (in /root/rboxc/target/tar-map-probe-candidate/release/rboxc)
==666014==    by 0x46740C1: rboxc_tar_collect_and_sort_names (in /root/rboxc/target/tar-map-probe-candidate/release/rboxc)
==666014==    by 0x466443D: rboxc_tar_create_archive (in /root/rboxc/target/tar-map-probe-candidate/release/rboxc)
==666014==    by 0x4478AF8: single_binary_main_tar (in /root/rboxc/target/tar-map-probe-candidate/release/rboxc)
==666014==    by 0x5A18600: (below main) (libc_start_call_main.h:59)
==666014== 
==666014== 102 bytes in 1 blocks are still reachable in loss record 13 of 18
==666014==    at 0x586E858: malloc (vg_replace_malloc.c:447)
==666014==    by 0x469E0DC: rboxc_tar_xmalloc (in /root/rboxc/target/tar-map-probe-candidate/release/rboxc)
==666014==    by 0x46734A1: rboxc_tar_name_init (in /root/rboxc/target/tar-map-probe-candidate/release/rboxc)
==666014==    by 0x4478A7A: single_binary_main_tar (in /root/rboxc/target/tar-map-probe-candidate/release/rboxc)
==666014==    by 0x5A18600: (below main) (libc_start_call_main.h:59)
==666014== 
==666014== 137 bytes in 2 blocks are still reachable in loss record 14 of 18
==666014==    at 0x586E858: malloc (vg_replace_malloc.c:447)
==666014==    by 0x469E0DC: rboxc_tar_xmalloc (in /root/rboxc/target/tar-map-probe-candidate/release/rboxc)
==666014==    by 0x467190A: rboxc_tar_normalize_filename (in /root/rboxc/target/tar-map-probe-candidate/release/rboxc)
==666014==    by 0x466908A: note_directory (in /root/rboxc/target/tar-map-probe-candidate/release/rboxc)
==666014==    by 0x466B6B0: rboxc_tar_read_directory_file (in /root/rboxc/target/tar-map-probe-candidate/release/rboxc)
==666014==    by 0x46740C1: rboxc_tar_collect_and_sort_names (in /root/rboxc/target/tar-map-probe-candidate/release/rboxc)
==666014==    by 0x466443D: rboxc_tar_create_archive (in /root/rboxc/target/tar-map-probe-candidate/release/rboxc)
==666014==    by 0x4478AF8: single_binary_main_tar (in /root/rboxc/target/tar-map-probe-candidate/release/rboxc)
==666014==    by 0x5A18600: (below main) (libc_start_call_main.h:59)
==666014== 
==666014== 176 bytes in 1 blocks are still reachable in loss record 15 of 18
==666014==    at 0x5875E43: calloc (vg_replace_malloc.c:1678)
==666014==    by 0x46937DC: rboxc_tar_hash_initialize (in /root/rboxc/target/tar-map-probe-candidate/release/rboxc)
==666014==    by 0x4669167: note_directory (in /root/rboxc/target/tar-map-probe-candidate/release/rboxc)
==666014==    by 0x466B6B0: rboxc_tar_read_directory_file (in /root/rboxc/target/tar-map-probe-candidate/release/rboxc)
==666014==    by 0x46740C1: rboxc_tar_collect_and_sort_names (in /root/rboxc/target/tar-map-probe-candidate/release/rboxc)
==666014==    by 0x466443D: rboxc_tar_create_archive (in /root/rboxc/target/tar-map-probe-candidate/release/rboxc)
==666014==    by 0x4478AF8: single_binary_main_tar (in /root/rboxc/target/tar-map-probe-candidate/release/rboxc)
==666014==    by 0x5A18600: (below main) (libc_start_call_main.h:59)
==666014== 
==666014== 176 bytes in 1 blocks are still reachable in loss record 16 of 18
==666014==    at 0x5875E43: calloc (vg_replace_malloc.c:1678)
==666014==    by 0x46937DC: rboxc_tar_hash_initialize (in /root/rboxc/target/tar-map-probe-candidate/release/rboxc)
==666014==    by 0x4669197: note_directory (in /root/rboxc/target/tar-map-probe-candidate/release/rboxc)
==666014==    by 0x466B6B0: rboxc_tar_read_directory_file (in /root/rboxc/target/tar-map-probe-candidate/release/rboxc)
==666014==    by 0x46740C1: rboxc_tar_collect_and_sort_names (in /root/rboxc/target/tar-map-probe-candidate/release/rboxc)
==666014==    by 0x466443D: rboxc_tar_create_archive (in /root/rboxc/target/tar-map-probe-candidate/release/rboxc)
==666014==    by 0x4478AF8: single_binary_main_tar (in /root/rboxc/target/tar-map-probe-candidate/release/rboxc)
==666014==    by 0x5A18600: (below main) (libc_start_call_main.h:59)
==666014== 
==666014== 192 bytes in 2 blocks are still reachable in loss record 17 of 18
==666014==    at 0x586E858: malloc (vg_replace_malloc.c:447)
==666014==    by 0x469E0DC: rboxc_tar_xmalloc (in /root/rboxc/target/tar-map-probe-candidate/release/rboxc)
==666014==    by 0x4668DA6: make_directory (in /root/rboxc/target/tar-map-probe-candidate/release/rboxc)
==666014==    by 0x4669095: note_directory (in /root/rboxc/target/tar-map-probe-candidate/release/rboxc)
==666014==    by 0x466B6B0: rboxc_tar_read_directory_file (in /root/rboxc/target/tar-map-probe-candidate/release/rboxc)
==666014==    by 0x46740C1: rboxc_tar_collect_and_sort_names (in /root/rboxc/target/tar-map-probe-candidate/release/rboxc)
==666014==    by 0x466443D: rboxc_tar_create_archive (in /root/rboxc/target/tar-map-probe-candidate/release/rboxc)
==666014==    by 0x4478AF8: single_binary_main_tar (in /root/rboxc/target/tar-map-probe-candidate/release/rboxc)
==666014==    by 0x5A18600: (below main) (libc_start_call_main.h:59)
==666014== 
==666014== 4,064 bytes in 1 blocks are still reachable in loss record 18 of 18
==666014==    at 0x586E858: malloc (vg_replace_malloc.c:447)
==666014==    by 0x469E0DC: rboxc_tar_xmalloc (in /root/rboxc/target/tar-map-probe-candidate/release/rboxc)
==666014==    by 0x4695FFD: _obstack_begin_worker.isra.0 (in /root/rboxc/target/tar-map-probe-candidate/release/rboxc)
==666014==    by 0x4696028: rboxc_tar__obstack_begin (in /root/rboxc/target/tar-map-probe-candidate/release/rboxc)
==666014==    by 0x4679CD7: rboxc_tar_transform_name_fp (in /root/rboxc/target/tar-map-probe-candidate/release/rboxc)
==666014==    by 0x46632A4: dump_file0 (in /root/rboxc/target/tar-map-probe-candidate/release/rboxc)
==666014==    by 0x466468F: rboxc_tar_create_archive (in /root/rboxc/target/tar-map-probe-candidate/release/rboxc)
==666014==    by 0x4478AF8: single_binary_main_tar (in /root/rboxc/target/tar-map-probe-candidate/release/rboxc)
==666014==    by 0x5A18600: (below main) (libc_start_call_main.h:59)
==666014== 
==666014== LEAK SUMMARY:
==666014==    definitely lost: 0 bytes in 0 blocks
==666014==    indirectly lost: 0 bytes in 0 blocks
==666014==      possibly lost: 0 bytes in 0 blocks
==666014==    still reachable: 5,318 bytes in 21 blocks
==666014==         suppressed: 0 bytes in 0 blocks
==666014== 
==666014== For lists of detected and suppressed errors, rerun with: -s
==666014== ERROR SUMMARY: 0 errors from 0 contexts (suppressed: 0 from 0)
