==706467== Memcheck, a memory error detector
==706467== Copyright (C) 2002-2024, and GNU GPL'd, by Julian Seward et al.
==706467== Using Valgrind-3.26.0 and LibVEX; rerun with -h for copyright info
==706467== Command: /tmp/rboxc-tar-behavior-jkzxj99_/exec/tar --delete -f archive.tar ./alpha.txt
==706467== Parent PID: 705177
==706467== 
==706467== 
==706467== FILE DESCRIPTORS: 1 open (1 inherited) at exit.
==706467== 
==706467== HEAP SUMMARY:
==706467==     in use at exit: 306 bytes in 5 blocks
==706467==   total heap usage: 36 allocs, 31 frees, 32,916 bytes allocated
==706467== 
==706467== 12 bytes in 1 blocks are indirectly lost in loss record 1 of 5
==706467==    at 0x48BD858: malloc (vg_replace_malloc.c:447)
==706467==    by 0x405185D: xmalloc (xmalloc.c:45)
==706467==    by 0x405185D: xmemdup (xmalloc.c:314)
==706467==    by 0x405185D: xstrdup (xmalloc.c:339)
==706467==    by 0x402994B: make_name (names.c:599)
==706467==    by 0x402994B: addname (names.c:1233)
==706467==    by 0x4029AB7: name_gather (names.c:1218)
==706467==    by 0x4017C54: delete_archive_members (delete.c:170)
==706467==    by 0x400CD86: main (tar.c:2814)
==706467== 
==706467== 16 bytes in 1 blocks are still reachable in loss record 2 of 5
==706467==    at 0x48C4E43: calloc (vg_replace_malloc.c:1678)
==706467==    by 0x40516F1: xcalloc (xmalloc.c:298)
==706467==    by 0x40516F1: xzalloc (xmalloc.c:283)
==706467==    by 0x400BEF9: decode_options (tar.c:2297)
==706467==    by 0x400BEF9: main (tar.c:2792)
==706467== 
==706467== 80 bytes in 1 blocks are still reachable in loss record 3 of 5
==706467==    at 0x48BD858: malloc (vg_replace_malloc.c:447)
==706467==    by 0x40512CC: xmalloc (xmalloc.c:45)
==706467==    by 0x400BE43: main (tar.c:2781)
==706467== 
==706467== 102 bytes in 1 blocks are still reachable in loss record 4 of 5
==706467==    at 0x48BD858: malloc (vg_replace_malloc.c:447)
==706467==    by 0x40512CC: xmalloc (xmalloc.c:45)
==706467==    by 0x4029881: name_init (names.c:869)
==706467==    by 0x400C94C: main (tar.c:2794)
==706467== 
==706467== 108 (96 direct, 12 indirect) bytes in 1 blocks are definitely lost in loss record 5 of 5
==706467==    at 0x48C4E43: calloc (vg_replace_malloc.c:1678)
==706467==    by 0x40516F1: xcalloc (xmalloc.c:298)
==706467==    by 0x40516F1: xzalloc (xmalloc.c:283)
==706467==    by 0x4029932: make_name (names.c:596)
==706467==    by 0x4029932: addname (names.c:1233)
==706467==    by 0x4029AB7: name_gather (names.c:1218)
==706467==    by 0x4017C54: delete_archive_members (delete.c:170)
==706467==    by 0x400CD86: main (tar.c:2814)
==706467== 
==706467== LEAK SUMMARY:
==706467==    definitely lost: 96 bytes in 1 blocks
==706467==    indirectly lost: 12 bytes in 1 blocks
==706467==      possibly lost: 0 bytes in 0 blocks
==706467==    still reachable: 198 bytes in 3 blocks
==706467==         suppressed: 0 bytes in 0 blocks
==706467== 
==706467== For lists of detected and suppressed errors, rerun with: -s
==706467== ERROR SUMMARY: 1 errors from 1 contexts (suppressed: 0 from 0)
