==746229== Memcheck, a memory error detector
==746229== Copyright (C) 2002-2024, and GNU GPL'd, by Julian Seward et al.
==746229== Using Valgrind-3.26.0 and LibVEX; rerun with -h for copyright info
==746229== Command: /tmp/rboxc-gawk-original-5w_0wtjm/deps/cat
==746229== Parent PID: 746228
==746229== 
==746229== 
==746229== FILE DESCRIPTORS: 2 open (0 inherited) at exit.
==746229== Open file descriptor 4:
==746229==    at 0x537FB8D: pipe (pipe.c:29)
==746229==    by 0x411A7E1: pipe_safer (pipe-safer.c:33)
==746229==    by 0x403683B: splice_cat (cat.c:578)
==746229==    by 0x4037923: single_binary_main_cat (cat.c:899)
==746229==    by 0x401A532: launch_program (coreutils.c:126)
==746229==    by 0x4018E7A: main (coreutils.c:143)
==746229== 
==746229== Open file descriptor 3:
==746229==    at 0x537FB8D: pipe (pipe.c:29)
==746229==    by 0x411A7E1: pipe_safer (pipe-safer.c:33)
==746229==    by 0x403683B: splice_cat (cat.c:578)
==746229==    by 0x4037923: single_binary_main_cat (cat.c:899)
==746229==    by 0x401A532: launch_program (coreutils.c:126)
==746229==    by 0x4018E7A: main (coreutils.c:143)
==746229== 
==746229== 
==746229== HEAP SUMMARY:
==746229==     in use at exit: 0 bytes in 0 blocks
==746229==   total heap usage: 3 allocs, 3 frees, 82 bytes allocated
==746229== 
==746229== All heap blocks were freed -- no leaks are possible
==746229== 
==746229== For lists of detected and suppressed errors, rerun with: -s
==746229== ERROR SUMMARY: 2 errors from 2 contexts (suppressed: 0 from 0)
