==638154== Memcheck, a memory error detector
==638154== Copyright (C) 2002-2024, and GNU GPL'd, by Julian Seward et al.
==638154== Using Valgrind-3.26.0 and LibVEX; rerun with -h for copyright info
==638154== Command: tar --create --file=archive.2 --listed-incremental=db.2 directory
==638154== Parent PID: 637179
==638154== 
==638154== 
==638154== FILE DESCRIPTORS: 1 open (1 inherited) at exit.
==638154== 
==638154== HEAP SUMMARY:
==638154==     in use at exit: 5,804 bytes in 34 blocks
==638154==   total heap usage: 155 allocs, 121 frees, 204,509 bytes allocated
==638154== 
==638154== 5 bytes in 1 blocks are still reachable in loss record 1 of 30
==638154==    at 0x48BD858: malloc (vg_replace_malloc.c:447)
==638154==    by 0x405185D: xmalloc (xmalloc.c:45)
==638154==    by 0x405185D: xmemdup (xmalloc.c:314)
==638154==    by 0x405185D: xstrdup (xmalloc.c:339)
==638154==    by 0x402644F: assign_string (misc.c:58)
==638154==    by 0x4029612: uid_to_uname (names.c:490)
==638154==    by 0x40155F3: start_header (create.c:931)
==638154==    by 0x40167F9: dump_dir0 (create.c:1123)
==638154==    by 0x40167F9: dump_dir (create.c:1320)
==638154==    by 0x40167F9: dump_file0 (create.c:1757)
==638154==    by 0x401782F: dump_file (create.c:1968)
==638154==    by 0x401782F: create_archive (create.c:1356)
==638154==    by 0x400CD90: main (tar.c:2818)
==638154== 
==638154== 5 bytes in 1 blocks are still reachable in loss record 2 of 30
==638154==    at 0x48BD858: malloc (vg_replace_malloc.c:447)
==638154==    by 0x405185D: xmalloc (xmalloc.c:45)
==638154==    by 0x405185D: xmemdup (xmalloc.c:314)
==638154==    by 0x405185D: xstrdup (xmalloc.c:339)
==638154==    by 0x402644F: assign_string (misc.c:58)
==638154==    by 0x40296A2: gid_to_gname (names.c:520)
==638154==    by 0x40155DB: start_header (create.c:936)
==638154==    by 0x40167F9: dump_dir0 (create.c:1123)
==638154==    by 0x40167F9: dump_dir (create.c:1320)
==638154==    by 0x40167F9: dump_file0 (create.c:1757)
==638154==    by 0x401782F: dump_file (create.c:1968)
==638154==    by 0x401782F: create_archive (create.c:1356)
==638154==    by 0x400CD90: main (tar.c:2818)
==638154== 
==638154== 10 bytes in 1 blocks are still reachable in loss record 3 of 30
==638154==    at 0x48BD858: malloc (vg_replace_malloc.c:447)
==638154==    by 0x405185D: xmalloc (xmalloc.c:45)
==638154==    by 0x405185D: xmemdup (xmalloc.c:314)
==638154==    by 0x405185D: xstrdup (xmalloc.c:339)
==638154==    by 0x402994B: make_name (names.c:599)
==638154==    by 0x402994B: addname (names.c:1233)
==638154==    by 0x4029AB7: name_gather (names.c:1218)
==638154==    by 0x402A4BC: collect_and_sort_names (names.c:1747)
==638154==    by 0x40175DD: create_archive (create.c:1352)
==638154==    by 0x400CD90: main (tar.c:2818)
==638154== 
==638154== 10 bytes in 1 blocks are still reachable in loss record 4 of 30
==638154==    at 0x48BD858: malloc (vg_replace_malloc.c:447)
==638154==    by 0x40512CC: xmalloc (xmalloc.c:45)
==638154==    by 0x401F481: make_directory (incremen.c:271)
==638154==    by 0x401F735: attach_directory (incremen.c:291)
==638154==    by 0x401F735: note_directory (incremen.c:338)
==638154==    by 0x4020348: procdir (incremen.c:531)
==638154==    by 0x4020C14: scan_directory (incremen.c:751)
==638154==    by 0x4029BDE: add_hierarchy_to_namelist (names.c:1610)
==638154==    by 0x402A940: collect_and_sort_names (names.c:1813)
==638154==    by 0x40175DD: create_archive (create.c:1352)
==638154==    by 0x400CD90: main (tar.c:2818)
==638154== 
==638154== 10 bytes in 2 blocks are indirectly lost in loss record 5 of 30
==638154==    at 0x48BD858: malloc (vg_replace_malloc.c:447)
==638154==    by 0x40387DD: wsnode_quoteremoval (wordsplit.c:651)
==638154==    by 0x4039CFD: wordsplit_process_list (wordsplit.c:2390)
==638154==    by 0x403A562: wordsplit_run.constprop.0 (wordsplit.c:2434)
==638154==    by 0x400BFFA: parse_default_options (tar.c:2256)
==638154==    by 0x400BFFA: decode_options (tar.c:2378)
==638154==    by 0x400BFFA: main (tar.c:2792)
==638154== 
==638154== 10 bytes in 2 blocks are definitely lost in loss record 6 of 30
==638154==    at 0x48BD858: malloc (vg_replace_malloc.c:447)
==638154==    by 0x403A1FB: wordsplit_finish (wordsplit.c:836)
==638154==    by 0x400BFFA: parse_default_options (tar.c:2256)
==638154==    by 0x400BFFA: decode_options (tar.c:2378)
==638154==    by 0x400BFFA: main (tar.c:2792)
==638154== 
==638154== 12 bytes in 1 blocks are still reachable in loss record 7 of 30
==638154==    at 0x48BD858: malloc (vg_replace_malloc.c:447)
==638154==    by 0x40512CC: xmalloc (xmalloc.c:45)
==638154==    by 0x401F481: make_directory (incremen.c:271)
==638154==    by 0x401F735: attach_directory (incremen.c:291)
==638154==    by 0x401F735: note_directory (incremen.c:338)
==638154==    by 0x4020348: procdir (incremen.c:531)
==638154==    by 0x4021100: scan_directory (incremen.c:822)
==638154==    by 0x4029BDE: add_hierarchy_to_namelist (names.c:1610)
==638154==    by 0x402A940: collect_and_sort_names (names.c:1813)
==638154==    by 0x40175DD: create_archive (create.c:1352)
==638154==    by 0x400CD90: main (tar.c:2818)
==638154== 
==638154== 12 bytes in 1 blocks are still reachable in loss record 8 of 30
==638154==    at 0x48BD858: malloc (vg_replace_malloc.c:447)
==638154==    by 0x405185D: xmalloc (xmalloc.c:45)
==638154==    by 0x405185D: xmemdup (xmalloc.c:314)
==638154==    by 0x405185D: xstrdup (xmalloc.c:339)
==638154==    by 0x402994B: make_name (names.c:599)
==638154==    by 0x402994B: addname (names.c:1233)
==638154==    by 0x4029D1B: add_hierarchy_to_namelist (names.c:1645)
==638154==    by 0x402A940: collect_and_sort_names (names.c:1813)
==638154==    by 0x40175DD: create_archive (create.c:1352)
==638154==    by 0x400CD90: main (tar.c:2818)
==638154== 
==638154== 16 bytes in 1 blocks are still reachable in loss record 9 of 30
==638154==    at 0x48C4E43: calloc (vg_replace_malloc.c:1678)
==638154==    by 0x40516F1: xcalloc (xmalloc.c:298)
==638154==    by 0x40516F1: xzalloc (xmalloc.c:283)
==638154==    by 0x400BEF9: decode_options (tar.c:2297)
==638154==    by 0x400BEF9: main (tar.c:2792)
==638154== 
==638154== 24 bytes in 1 blocks are still reachable in loss record 10 of 30
==638154==    at 0x48C4E43: calloc (vg_replace_malloc.c:1678)
==638154==    by 0x405174C: xcalloc (xmalloc.c:298)
==638154==    by 0x401F652: dumpdir_create0 (incremen.c:108)
==638154==    by 0x4020E38: makedumpdir (incremen.c:709)
==638154==    by 0x4020E38: scan_directory (incremen.c:766)
==638154==    by 0x4029BDE: add_hierarchy_to_namelist (names.c:1610)
==638154==    by 0x402A940: collect_and_sort_names (names.c:1813)
==638154==    by 0x40175DD: create_archive (create.c:1352)
==638154==    by 0x400CD90: main (tar.c:2818)
==638154== 
==638154== 24 bytes in 1 blocks are still reachable in loss record 11 of 30
==638154==    at 0x48C4E43: calloc (vg_replace_malloc.c:1678)
==638154==    by 0x405174C: xcalloc (xmalloc.c:298)
==638154==    by 0x401F652: dumpdir_create0 (incremen.c:108)
==638154==    by 0x4020E38: makedumpdir (incremen.c:709)
==638154==    by 0x4020E38: scan_directory (incremen.c:766)
==638154==    by 0x4029BDE: add_hierarchy_to_namelist (names.c:1610)
==638154==    by 0x4029DF7: add_hierarchy_to_namelist (names.c:1677)
==638154==    by 0x402A940: collect_and_sort_names (names.c:1813)
==638154==    by 0x40175DD: create_archive (create.c:1352)
==638154==    by 0x400CD90: main (tar.c:2818)
==638154== 
==638154== 32 bytes in 1 blocks are still reachable in loss record 12 of 30
==638154==    at 0x48BD858: malloc (vg_replace_malloc.c:447)
==638154==    by 0x40512CC: xmalloc (xmalloc.c:45)
==638154==    by 0x402F07B: optloc_save (tar.c:926)
==638154==    by 0x403020B: parse_opt (tar.c:1520)
==638154==    by 0x40421C3: group_parse (argp-parse.c:233)
==638154==    by 0x40421C3: parser_parse_opt (argp-parse.c:748)
==638154==    by 0x40421C3: parser_parse_next (argp-parse.c:859)
==638154==    by 0x40421C3: argp_parse (argp-parse.c:927)
==638154==    by 0x400C045: decode_options (tar.c:2380)
==638154==    by 0x400C045: main (tar.c:2792)
==638154== 
==638154== 39 bytes in 1 blocks are still reachable in loss record 13 of 30
==638154==    at 0x48BD858: malloc (vg_replace_malloc.c:447)
==638154==    by 0x40512CC: xmalloc (xmalloc.c:45)
==638154==    by 0x401F61C: dumpdir_create0 (incremen.c:103)
==638154==    by 0x4020E38: makedumpdir (incremen.c:709)
==638154==    by 0x4020E38: scan_directory (incremen.c:766)
==638154==    by 0x4029BDE: add_hierarchy_to_namelist (names.c:1610)
==638154==    by 0x402A940: collect_and_sort_names (names.c:1813)
==638154==    by 0x40175DD: create_archive (create.c:1352)
==638154==    by 0x400CD90: main (tar.c:2818)
==638154== 
==638154== 39 bytes in 1 blocks are still reachable in loss record 14 of 30
==638154==    at 0x48BD858: malloc (vg_replace_malloc.c:447)
==638154==    by 0x40512CC: xmalloc (xmalloc.c:45)
==638154==    by 0x401F61C: dumpdir_create0 (incremen.c:103)
==638154==    by 0x4020E38: makedumpdir (incremen.c:709)
==638154==    by 0x4020E38: scan_directory (incremen.c:766)
==638154==    by 0x4029BDE: add_hierarchy_to_namelist (names.c:1610)
==638154==    by 0x4029DF7: add_hierarchy_to_namelist (names.c:1677)
==638154==    by 0x402A940: collect_and_sort_names (names.c:1813)
==638154==    by 0x40175DD: create_archive (create.c:1352)
==638154==    by 0x400CD90: main (tar.c:2818)
==638154== 
==638154== 58 bytes in 1 blocks are still reachable in loss record 15 of 30
==638154==    at 0x48C507F: realloc (vg_replace_malloc.c:1804)
==638154==    by 0x4A1A327: getcwd (getcwd.c:86)
==638154==    by 0x4052EB3: getcwd (unistd.h:116)
==638154==    by 0x4052EB3: rpl_getcwd (getcwd.c:218)
==638154==    by 0x4051890: xgetcwd (xgetcwd.c:37)
==638154==    by 0x4027E44: tar_getcdpath (misc.c:1052)
==638154==    by 0x4027E44: normalize_filename (misc.c:332)
==638154==    by 0x401F72A: attach_directory (incremen.c:290)
==638154==    by 0x401F72A: note_directory (incremen.c:338)
==638154==    by 0x4020348: procdir (incremen.c:531)
==638154==    by 0x4020C14: scan_directory (incremen.c:751)
==638154==    by 0x4029BDE: add_hierarchy_to_namelist (names.c:1610)
==638154==    by 0x402A940: collect_and_sort_names (names.c:1813)
==638154==    by 0x40175DD: create_archive (create.c:1352)
==638154==    by 0x400CD90: main (tar.c:2818)
==638154== 
==638154== 68 bytes in 1 blocks are still reachable in loss record 16 of 30
==638154==    at 0x48BD858: malloc (vg_replace_malloc.c:447)
==638154==    by 0x40512CC: xmalloc (xmalloc.c:45)
==638154==    by 0x4027DDB: normalize_filename (misc.c:339)
==638154==    by 0x401F72A: attach_directory (incremen.c:290)
==638154==    by 0x401F72A: note_directory (incremen.c:338)
==638154==    by 0x4020348: procdir (incremen.c:531)
==638154==    by 0x4020C14: scan_directory (incremen.c:751)
==638154==    by 0x4029BDE: add_hierarchy_to_namelist (names.c:1610)
==638154==    by 0x402A940: collect_and_sort_names (names.c:1813)
==638154==    by 0x40175DD: create_archive (create.c:1352)
==638154==    by 0x400CD90: main (tar.c:2818)
==638154== 
==638154== 70 bytes in 1 blocks are still reachable in loss record 17 of 30
==638154==    at 0x48BD858: malloc (vg_replace_malloc.c:447)
==638154==    by 0x40512CC: xmalloc (xmalloc.c:45)
==638154==    by 0x4027DDB: normalize_filename (misc.c:339)
==638154==    by 0x401F72A: attach_directory (incremen.c:290)
==638154==    by 0x401F72A: note_directory (incremen.c:338)
==638154==    by 0x4020348: procdir (incremen.c:531)
==638154==    by 0x4021100: scan_directory (incremen.c:822)
==638154==    by 0x4029BDE: add_hierarchy_to_namelist (names.c:1610)
==638154==    by 0x402A940: collect_and_sort_names (names.c:1813)
==638154==    by 0x40175DD: create_archive (create.c:1352)
==638154==    by 0x400CD90: main (tar.c:2818)
==638154== 
==638154== 80 bytes in 1 blocks are still reachable in loss record 18 of 30
==638154==    at 0x48BD858: malloc (vg_replace_malloc.c:447)
==638154==    by 0x40512CC: xmalloc (xmalloc.c:45)
==638154==    by 0x400BE43: main (tar.c:2781)
==638154== 
==638154== 80 bytes in 1 blocks are still reachable in loss record 19 of 30
==638154==    at 0x48BD858: malloc (vg_replace_malloc.c:447)
==638154==    by 0x4047846: hash_initialize (hash.c:523)
==638154==    by 0x401F807: note_directory (incremen.c:354)
==638154==    by 0x4020348: procdir (incremen.c:531)
==638154==    by 0x4020C14: scan_directory (incremen.c:751)
==638154==    by 0x4029BDE: add_hierarchy_to_namelist (names.c:1610)
==638154==    by 0x402A940: collect_and_sort_names (names.c:1813)
==638154==    by 0x40175DD: create_archive (create.c:1352)
==638154==    by 0x400CD90: main (tar.c:2818)
==638154== 
==638154== 80 bytes in 1 blocks are still reachable in loss record 20 of 30
==638154==    at 0x48BD858: malloc (vg_replace_malloc.c:447)
==638154==    by 0x4047846: hash_initialize (hash.c:523)
==638154==    by 0x401F837: note_directory (incremen.c:362)
==638154==    by 0x4020348: procdir (incremen.c:531)
==638154==    by 0x4020C14: scan_directory (incremen.c:751)
==638154==    by 0x4029BDE: add_hierarchy_to_namelist (names.c:1610)
==638154==    by 0x402A940: collect_and_sort_names (names.c:1813)
==638154==    by 0x40175DD: create_archive (create.c:1352)
==638154==    by 0x400CD90: main (tar.c:2818)
==638154== 
==638154== 90 (80 direct, 10 indirect) bytes in 2 blocks are definitely lost in loss record 21 of 30
==638154==    at 0x48C4E43: calloc (vg_replace_malloc.c:1678)
==638154==    by 0x403959D: wsnode_new (wordsplit.c:422)
==638154==    by 0x403959D: wordsplit_add_segm (wordsplit.c:523)
==638154==    by 0x4039854: scan_word (wordsplit.c:2062)
==638154==    by 0x4039C7C: wordsplit_process_list (wordsplit.c:2358)
==638154==    by 0x403A562: wordsplit_run.constprop.0 (wordsplit.c:2434)
==638154==    by 0x400BFFA: parse_default_options (tar.c:2256)
==638154==    by 0x400BFFA: decode_options (tar.c:2378)
==638154==    by 0x400BFFA: main (tar.c:2792)
==638154== 
==638154== 96 bytes in 1 blocks are still reachable in loss record 22 of 30
==638154==    at 0x48C4E43: calloc (vg_replace_malloc.c:1678)
==638154==    by 0x40516F1: xcalloc (xmalloc.c:298)
==638154==    by 0x40516F1: xzalloc (xmalloc.c:283)
==638154==    by 0x4029932: make_name (names.c:596)
==638154==    by 0x4029932: addname (names.c:1233)
==638154==    by 0x4029AB7: name_gather (names.c:1218)
==638154==    by 0x402A4BC: collect_and_sort_names (names.c:1747)
==638154==    by 0x40175DD: create_archive (create.c:1352)
==638154==    by 0x400CD90: main (tar.c:2818)
==638154== 
==638154== 96 bytes in 1 blocks are still reachable in loss record 23 of 30
==638154==    at 0x48BD858: malloc (vg_replace_malloc.c:447)
==638154==    by 0x40512CC: xmalloc (xmalloc.c:45)
==638154==    by 0x401F446: make_directory (incremen.c:264)
==638154==    by 0x401F735: attach_directory (incremen.c:291)
==638154==    by 0x401F735: note_directory (incremen.c:338)
==638154==    by 0x4020348: procdir (incremen.c:531)
==638154==    by 0x4020C14: scan_directory (incremen.c:751)
==638154==    by 0x4029BDE: add_hierarchy_to_namelist (names.c:1610)
==638154==    by 0x402A940: collect_and_sort_names (names.c:1813)
==638154==    by 0x40175DD: create_archive (create.c:1352)
==638154==    by 0x400CD90: main (tar.c:2818)
==638154== 
==638154== 96 bytes in 1 blocks are still reachable in loss record 24 of 30
==638154==    at 0x48BD858: malloc (vg_replace_malloc.c:447)
==638154==    by 0x40512CC: xmalloc (xmalloc.c:45)
==638154==    by 0x401F446: make_directory (incremen.c:264)
==638154==    by 0x401F735: attach_directory (incremen.c:291)
==638154==    by 0x401F735: note_directory (incremen.c:338)
==638154==    by 0x4020348: procdir (incremen.c:531)
==638154==    by 0x4021100: scan_directory (incremen.c:822)
==638154==    by 0x4029BDE: add_hierarchy_to_namelist (names.c:1610)
==638154==    by 0x402A940: collect_and_sort_names (names.c:1813)
==638154==    by 0x40175DD: create_archive (create.c:1352)
==638154==    by 0x400CD90: main (tar.c:2818)
==638154== 
==638154== 96 bytes in 1 blocks are still reachable in loss record 25 of 30
==638154==    at 0x48C4E43: calloc (vg_replace_malloc.c:1678)
==638154==    by 0x40516F1: xcalloc (xmalloc.c:298)
==638154==    by 0x40516F1: xzalloc (xmalloc.c:283)
==638154==    by 0x4029932: make_name (names.c:596)
==638154==    by 0x4029932: addname (names.c:1233)
==638154==    by 0x4029D1B: add_hierarchy_to_namelist (names.c:1645)
==638154==    by 0x402A940: collect_and_sort_names (names.c:1813)
==638154==    by 0x40175DD: create_archive (create.c:1352)
==638154==    by 0x400CD90: main (tar.c:2818)
==638154== 
==638154== 102 bytes in 1 blocks are still reachable in loss record 26 of 30
==638154==    at 0x48BD858: malloc (vg_replace_malloc.c:447)
==638154==    by 0x40512CC: xmalloc (xmalloc.c:45)
==638154==    by 0x4029881: name_init (names.c:869)
==638154==    by 0x400C94C: main (tar.c:2794)
==638154== 
==638154== 138 bytes in 2 blocks are still reachable in loss record 27 of 30
==638154==    at 0x48BD858: malloc (vg_replace_malloc.c:447)
==638154==    by 0x40512CC: xmalloc (xmalloc.c:45)
==638154==    by 0x4027DDB: normalize_filename (misc.c:339)
==638154==    by 0x402A6B2: collect_and_sort_names (names.c:1833)
==638154==    by 0x40175DD: create_archive (create.c:1352)
==638154==    by 0x400CD90: main (tar.c:2818)
==638154== 
==638154== 176 bytes in 1 blocks are still reachable in loss record 28 of 30
==638154==    at 0x48C4E43: calloc (vg_replace_malloc.c:1678)
==638154==    by 0x404789C: hash_initialize (hash.c:544)
==638154==    by 0x401F807: note_directory (incremen.c:354)
==638154==    by 0x4020348: procdir (incremen.c:531)
==638154==    by 0x4020C14: scan_directory (incremen.c:751)
==638154==    by 0x4029BDE: add_hierarchy_to_namelist (names.c:1610)
==638154==    by 0x402A940: collect_and_sort_names (names.c:1813)
==638154==    by 0x40175DD: create_archive (create.c:1352)
==638154==    by 0x400CD90: main (tar.c:2818)
==638154== 
==638154== 176 bytes in 1 blocks are still reachable in loss record 29 of 30
==638154==    at 0x48C4E43: calloc (vg_replace_malloc.c:1678)
==638154==    by 0x404789C: hash_initialize (hash.c:544)
==638154==    by 0x401F837: note_directory (incremen.c:362)
==638154==    by 0x4020348: procdir (incremen.c:531)
==638154==    by 0x4020C14: scan_directory (incremen.c:751)
==638154==    by 0x4029BDE: add_hierarchy_to_namelist (names.c:1610)
==638154==    by 0x402A940: collect_and_sort_names (names.c:1813)
==638154==    by 0x40175DD: create_archive (create.c:1352)
==638154==    by 0x400CD90: main (tar.c:2818)
==638154== 
==638154== 4,064 bytes in 1 blocks are still reachable in loss record 30 of 30
==638154==    at 0x48BD858: malloc (vg_replace_malloc.c:447)
==638154==    by 0x40512CC: xmalloc (xmalloc.c:45)
==638154==    by 0x404A07D: call_chunkfun (obstack.c:88)
==638154==    by 0x404A07D: _obstack_begin_worker.isra.0 (obstack.c:135)
==638154==    by 0x404A0A8: _obstack_begin (obstack.c:157)
==638154==    by 0x4032C57: _transform_name_to_obstack (transform.c:592)
==638154==    by 0x4032C57: transform_name_fp (transform.c:614)
==638154==    by 0x4016444: dump_file0 (create.c:1657)
==638154==    by 0x401782F: dump_file (create.c:1968)
==638154==    by 0x401782F: create_archive (create.c:1356)
==638154==    by 0x400CD90: main (tar.c:2818)
==638154== 
==638154== LEAK SUMMARY:
==638154==    definitely lost: 90 bytes in 4 blocks
==638154==    indirectly lost: 10 bytes in 2 blocks
==638154==      possibly lost: 0 bytes in 0 blocks
==638154==    still reachable: 5,704 bytes in 28 blocks
==638154==         suppressed: 0 bytes in 0 blocks
==638154== 
==638154== For lists of detected and suppressed errors, rerun with: -s
==638154== ERROR SUMMARY: 2 errors from 2 contexts (suppressed: 0 from 0)
