==638458== Memcheck, a memory error detector
==638458== Copyright (C) 2002-2024, and GNU GPL'd, by Julian Seward et al.
==638458== Using Valgrind-3.26.0 and LibVEX; rerun with -h for copyright info
==638458== Command: tar -xf archive.2 --listed-incremental=/dev/null --warning=no-timestamp
==638458== Parent PID: 638332
==638458== 
==638458== 
==638458== FILE DESCRIPTORS: 1 open (1 inherited) at exit.
==638458== 
==638458== HEAP SUMMARY:
==638458==     in use at exit: 4,402 bytes in 13 blocks
==638458==   total heap usage: 107 allocs, 94 frees, 191,897 bytes allocated
==638458== 
==638458== 5 bytes in 1 blocks are still reachable in loss record 1 of 10
==638458==    at 0x48BD858: malloc (vg_replace_malloc.c:447)
==638458==    by 0x405185D: xmalloc (xmalloc.c:45)
==638458==    by 0x405185D: xmemdup (xmalloc.c:314)
==638458==    by 0x405185D: xstrdup (xmalloc.c:339)
==638458==    by 0x402644F: assign_string (misc.c:58)
==638458==    by 0x402973C: uname_to_uid (names.c:550)
==638458==    by 0x402457F: decode_header (list.c:694)
==638458==    by 0x4025616: read_and (list.c:194)
==638458==    by 0x400CD61: main (tar.c:2823)
==638458== 
==638458== 5 bytes in 1 blocks are still reachable in loss record 2 of 10
==638458==    at 0x48BD858: malloc (vg_replace_malloc.c:447)
==638458==    by 0x405185D: xmalloc (xmalloc.c:45)
==638458==    by 0x405185D: xmemdup (xmalloc.c:314)
==638458==    by 0x405185D: xstrdup (xmalloc.c:339)
==638458==    by 0x402644F: assign_string (misc.c:58)
==638458==    by 0x40297DC: gname_to_gid (names.c:580)
==638458==    by 0x402455F: decode_header (list.c:699)
==638458==    by 0x4025616: read_and (list.c:194)
==638458==    by 0x400CD61: main (tar.c:2823)
==638458== 
==638458== 9 bytes in 2 blocks are indirectly lost in loss record 3 of 10
==638458==    at 0x48BD858: malloc (vg_replace_malloc.c:447)
==638458==    by 0x40387DD: wsnode_quoteremoval (wordsplit.c:651)
==638458==    by 0x4039CFD: wordsplit_process_list (wordsplit.c:2390)
==638458==    by 0x403A562: wordsplit_run.constprop.0 (wordsplit.c:2434)
==638458==    by 0x400BFFA: parse_default_options (tar.c:2256)
==638458==    by 0x400BFFA: decode_options (tar.c:2378)
==638458==    by 0x400BFFA: main (tar.c:2792)
==638458== 
==638458== 9 bytes in 2 blocks are definitely lost in loss record 4 of 10
==638458==    at 0x48BD858: malloc (vg_replace_malloc.c:447)
==638458==    by 0x403A1FB: wordsplit_finish (wordsplit.c:836)
==638458==    by 0x400BFFA: parse_default_options (tar.c:2256)
==638458==    by 0x400BFFA: decode_options (tar.c:2378)
==638458==    by 0x400BFFA: main (tar.c:2792)
==638458== 
==638458== 16 bytes in 1 blocks are still reachable in loss record 5 of 10
==638458==    at 0x48C4E43: calloc (vg_replace_malloc.c:1678)
==638458==    by 0x40516F1: xcalloc (xmalloc.c:298)
==638458==    by 0x40516F1: xzalloc (xmalloc.c:283)
==638458==    by 0x400BEF9: decode_options (tar.c:2297)
==638458==    by 0x400BEF9: main (tar.c:2792)
==638458== 
==638458== 32 bytes in 1 blocks are still reachable in loss record 6 of 10
==638458==    at 0x48BD858: malloc (vg_replace_malloc.c:447)
==638458==    by 0x40512CC: xmalloc (xmalloc.c:45)
==638458==    by 0x402F07B: optloc_save (tar.c:926)
==638458==    by 0x403020B: parse_opt (tar.c:1520)
==638458==    by 0x40421C3: group_parse (argp-parse.c:233)
==638458==    by 0x40421C3: parser_parse_opt (argp-parse.c:748)
==638458==    by 0x40421C3: parser_parse_next (argp-parse.c:859)
==638458==    by 0x40421C3: argp_parse (argp-parse.c:927)
==638458==    by 0x400C045: decode_options (tar.c:2380)
==638458==    by 0x400C045: main (tar.c:2792)
==638458== 
==638458== 80 bytes in 1 blocks are still reachable in loss record 7 of 10
==638458==    at 0x48BD858: malloc (vg_replace_malloc.c:447)
==638458==    by 0x40512CC: xmalloc (xmalloc.c:45)
==638458==    by 0x400BE43: main (tar.c:2781)
==638458== 
==638458== 89 (80 direct, 9 indirect) bytes in 2 blocks are definitely lost in loss record 8 of 10
==638458==    at 0x48C4E43: calloc (vg_replace_malloc.c:1678)
==638458==    by 0x403959D: wsnode_new (wordsplit.c:422)
==638458==    by 0x403959D: wordsplit_add_segm (wordsplit.c:523)
==638458==    by 0x4039854: scan_word (wordsplit.c:2062)
==638458==    by 0x4039C7C: wordsplit_process_list (wordsplit.c:2358)
==638458==    by 0x403A562: wordsplit_run.constprop.0 (wordsplit.c:2434)
==638458==    by 0x400BFFA: parse_default_options (tar.c:2256)
==638458==    by 0x400BFFA: decode_options (tar.c:2378)
==638458==    by 0x400BFFA: main (tar.c:2792)
==638458== 
==638458== 102 bytes in 1 blocks are still reachable in loss record 9 of 10
==638458==    at 0x48BD858: malloc (vg_replace_malloc.c:447)
==638458==    by 0x40512CC: xmalloc (xmalloc.c:45)
==638458==    by 0x4029881: name_init (names.c:869)
==638458==    by 0x400C94C: main (tar.c:2794)
==638458== 
==638458== 4,064 bytes in 1 blocks are still reachable in loss record 10 of 10
==638458==    at 0x48BD858: malloc (vg_replace_malloc.c:447)
==638458==    by 0x40512CC: xmalloc (xmalloc.c:45)
==638458==    by 0x404A07D: call_chunkfun (obstack.c:88)
==638458==    by 0x404A07D: _obstack_begin_worker.isra.0 (obstack.c:135)
==638458==    by 0x404A0A8: _obstack_begin (obstack.c:157)
==638458==    by 0x4032C57: _transform_name_to_obstack (transform.c:592)
==638458==    by 0x4032C57: transform_name_fp (transform.c:614)
==638458==    by 0x4023670: transform_member_name (list.c:114)
==638458==    by 0x4023670: transform_stat_info.part.0 (list.c:150)
==638458==    by 0x4025850: transform_stat_info (list.c:227)
==638458==    by 0x4025850: read_and (list.c:227)
==638458==    by 0x400CD61: main (tar.c:2823)
==638458== 
==638458== LEAK SUMMARY:
==638458==    definitely lost: 89 bytes in 4 blocks
==638458==    indirectly lost: 9 bytes in 2 blocks
==638458==      possibly lost: 0 bytes in 0 blocks
==638458==    still reachable: 4,304 bytes in 7 blocks
==638458==         suppressed: 0 bytes in 0 blocks
==638458== 
==638458== For lists of detected and suppressed errors, rerun with: -s
==638458== ERROR SUMMARY: 2 errors from 2 contexts (suppressed: 0 from 0)
