==690818== Memcheck, a memory error detector
==690818== Copyright (C) 2002-2024, and GNU GPL'd, by Julian Seward et al.
==690818== Using Valgrind-3.26.0 and LibVEX; rerun with -h for copyright info
==690818== Command: /tmp/rboxc-tar-behavior-jjpv_rw5/exec/tar -rf archive.tar -C tree new.txt
==690818== Parent PID: 683658
==690818== 
==690818== 
==690818== FILE DESCRIPTORS: 2 open (1 inherited) at exit.
==690818== Open file descriptor 4: tree
==690818==    at 0x4A1AADA: openat (openat64.c:39)
==690818==    by 0x4027817: openat (fcntl2.h:175)
==690818==    by 0x4027817: chdir_do (misc.c:988)
==690818==    by 0x402AA73: name_from_list (names.c:1931)
==690818==    by 0x40332D4: update_archive (update.c:219)
==690818==    by 0x400CC4C: main (tar.c:2810)
==690818== 
==690818== 
==690818== HEAP SUMMARY:
==690818==     in use at exit: 4,773 bytes in 14 blocks
==690818==   total heap usage: 103 allocs, 89 frees, 48,393 bytes allocated
==690818== 
==690818== 5 bytes in 1 blocks are still reachable in loss record 1 of 14
==690818==    at 0x48BD858: malloc (vg_replace_malloc.c:447)
==690818==    by 0x405185D: xmalloc (xmalloc.c:45)
==690818==    by 0x405185D: xmemdup (xmalloc.c:314)
==690818==    by 0x405185D: xstrdup (xmalloc.c:339)
==690818==    by 0x4029A2E: name_gather (names.c:1215)
==690818==    by 0x403322C: update_archive (update.c:111)
==690818==    by 0x400CC4C: main (tar.c:2810)
==690818== 
==690818== 5 bytes in 1 blocks are still reachable in loss record 2 of 14
==690818==    at 0x48BD858: malloc (vg_replace_malloc.c:447)
==690818==    by 0x405185D: xmalloc (xmalloc.c:45)
==690818==    by 0x405185D: xmemdup (xmalloc.c:314)
==690818==    by 0x405185D: xstrdup (xmalloc.c:339)
==690818==    by 0x402644F: assign_string (misc.c:58)
==690818==    by 0x4029612: uid_to_uname (names.c:490)
==690818==    by 0x40155F3: start_header (create.c:931)
==690818==    by 0x4015798: dump_regular_file (create.c:1050)
==690818==    by 0x40165E2: dump_file0 (create.c:1773)
==690818==    by 0x4015F1E: dump_file (create.c:1968)
==690818==    by 0x4033312: update_archive (update.c:229)
==690818==    by 0x400CC4C: main (tar.c:2810)
==690818== 
==690818== 5 bytes in 1 blocks are still reachable in loss record 3 of 14
==690818==    at 0x48BD858: malloc (vg_replace_malloc.c:447)
==690818==    by 0x405185D: xmalloc (xmalloc.c:45)
==690818==    by 0x405185D: xmemdup (xmalloc.c:314)
==690818==    by 0x405185D: xstrdup (xmalloc.c:339)
==690818==    by 0x402644F: assign_string (misc.c:58)
==690818==    by 0x40296A2: gid_to_gname (names.c:520)
==690818==    by 0x40155DB: start_header (create.c:936)
==690818==    by 0x4015798: dump_regular_file (create.c:1050)
==690818==    by 0x40165E2: dump_file0 (create.c:1773)
==690818==    by 0x4015F1E: dump_file (create.c:1968)
==690818==    by 0x4033312: update_archive (update.c:229)
==690818==    by 0x400CC4C: main (tar.c:2810)
==690818== 
==690818== 8 bytes in 1 blocks are indirectly lost in loss record 4 of 14
==690818==    at 0x48BD858: malloc (vg_replace_malloc.c:447)
==690818==    by 0x405185D: xmalloc (xmalloc.c:45)
==690818==    by 0x405185D: xmemdup (xmalloc.c:314)
==690818==    by 0x405185D: xstrdup (xmalloc.c:339)
==690818==    by 0x402994B: make_name (names.c:599)
==690818==    by 0x402994B: addname (names.c:1233)
==690818==    by 0x4029AB7: name_gather (names.c:1218)
==690818==    by 0x403322C: update_archive (update.c:111)
==690818==    by 0x400CC4C: main (tar.c:2810)
==690818== 
==690818== 16 bytes in 1 blocks are still reachable in loss record 5 of 14
==690818==    at 0x48C4E43: calloc (vg_replace_malloc.c:1678)
==690818==    by 0x40516F1: xcalloc (xmalloc.c:298)
==690818==    by 0x40516F1: xzalloc (xmalloc.c:283)
==690818==    by 0x400BEF9: decode_options (tar.c:2297)
==690818==    by 0x400BEF9: main (tar.c:2792)
==690818== 
==690818== 32 bytes in 1 blocks are still reachable in loss record 6 of 14
==690818==    at 0x48BD858: malloc (vg_replace_malloc.c:447)
==690818==    by 0x40512CC: xmalloc (xmalloc.c:45)
==690818==    by 0x401407E: file_count_links (create.c:1522)
==690818==    by 0x401407E: file_count_links (create.c:1508)
==690818==    by 0x4016A58: dump_file0 (create.c:1779)
==690818==    by 0x4015F1E: dump_file (create.c:1968)
==690818==    by 0x4033312: update_archive (update.c:229)
==690818==    by 0x400CC4C: main (tar.c:2810)
==690818== 
==690818== 48 bytes in 1 blocks are still reachable in loss record 7 of 14
==690818==    at 0x48C53C0: reallocarray (vg_replace_malloc.c:1806)
==690818==    by 0x40515C9: xreallocarray (xmalloc.c:84)
==690818==    by 0x40515C9: x2nrealloc (xmalloc.c:203)
==690818==    by 0x4027754: chdir_arg (misc.c:934)
==690818==    by 0x4029A36: name_gather (names.c:1215)
==690818==    by 0x403322C: update_archive (update.c:111)
==690818==    by 0x400CC4C: main (tar.c:2810)
==690818== 
==690818== 56 bytes in 1 blocks are definitely lost in loss record 8 of 14
==690818==    at 0x48BD858: malloc (vg_replace_malloc.c:447)
==690818==    by 0x40512CC: xmalloc (xmalloc.c:45)
==690818==    by 0x40283CE: name_elt_alloc (names.c:683)
==690818==    by 0x40289D8: name_add_dir (names.c:839)
==690818==    by 0x40289D8: names_parse_opt (names.c:192)
==690818==    by 0x404233D: group_parse (argp-parse.c:233)
==690818==    by 0x404233D: parser_parse_opt (argp-parse.c:736)
==690818==    by 0x404233D: parser_parse_next (argp-parse.c:859)
==690818==    by 0x404233D: argp_parse (argp-parse.c:927)
==690818==    by 0x400C045: decode_options (tar.c:2380)
==690818==    by 0x400C045: main (tar.c:2792)
==690818== 
==690818== 80 bytes in 1 blocks are still reachable in loss record 9 of 14
==690818==    at 0x48BD858: malloc (vg_replace_malloc.c:447)
==690818==    by 0x40512CC: xmalloc (xmalloc.c:45)
==690818==    by 0x400BE43: main (tar.c:2781)
==690818== 
==690818== 80 bytes in 1 blocks are still reachable in loss record 10 of 14
==690818==    at 0x48BD858: malloc (vg_replace_malloc.c:447)
==690818==    by 0x4047846: hash_initialize (hash.c:523)
==690818==    by 0x401411B: file_count_links (create.c:1530)
==690818==    by 0x401411B: file_count_links (create.c:1508)
==690818==    by 0x4016A58: dump_file0 (create.c:1779)
==690818==    by 0x4015F1E: dump_file (create.c:1968)
==690818==    by 0x4033312: update_archive (update.c:229)
==690818==    by 0x400CC4C: main (tar.c:2810)
==690818== 
==690818== 102 bytes in 1 blocks are still reachable in loss record 11 of 14
==690818==    at 0x48BD858: malloc (vg_replace_malloc.c:447)
==690818==    by 0x40512CC: xmalloc (xmalloc.c:45)
==690818==    by 0x4029881: name_init (names.c:869)
==690818==    by 0x400C94C: main (tar.c:2794)
==690818== 
==690818== 104 (96 direct, 8 indirect) bytes in 1 blocks are definitely lost in loss record 12 of 14
==690818==    at 0x48C4E43: calloc (vg_replace_malloc.c:1678)
==690818==    by 0x40516F1: xcalloc (xmalloc.c:298)
==690818==    by 0x40516F1: xzalloc (xmalloc.c:283)
==690818==    by 0x4029932: make_name (names.c:596)
==690818==    by 0x4029932: addname (names.c:1233)
==690818==    by 0x4029AB7: name_gather (names.c:1218)
==690818==    by 0x403322C: update_archive (update.c:111)
==690818==    by 0x400CC4C: main (tar.c:2810)
==690818== 
==690818== 176 bytes in 1 blocks are still reachable in loss record 13 of 14
==690818==    at 0x48C4E43: calloc (vg_replace_malloc.c:1678)
==690818==    by 0x404789C: hash_initialize (hash.c:544)
==690818==    by 0x401411B: file_count_links (create.c:1530)
==690818==    by 0x401411B: file_count_links (create.c:1508)
==690818==    by 0x4016A58: dump_file0 (create.c:1779)
==690818==    by 0x4015F1E: dump_file (create.c:1968)
==690818==    by 0x4033312: update_archive (update.c:229)
==690818==    by 0x400CC4C: main (tar.c:2810)
==690818== 
==690818== 4,064 bytes in 1 blocks are still reachable in loss record 14 of 14
==690818==    at 0x48BD858: malloc (vg_replace_malloc.c:447)
==690818==    by 0x40512CC: xmalloc (xmalloc.c:45)
==690818==    by 0x404A07D: call_chunkfun (obstack.c:88)
==690818==    by 0x404A07D: _obstack_begin_worker.isra.0 (obstack.c:135)
==690818==    by 0x404A0A8: _obstack_begin (obstack.c:157)
==690818==    by 0x4032C57: _transform_name_to_obstack (transform.c:592)
==690818==    by 0x4032C57: transform_name_fp (transform.c:614)
==690818==    by 0x4023670: transform_member_name (list.c:114)
==690818==    by 0x4023670: transform_stat_info.part.0 (list.c:150)
==690818==    by 0x403343D: update_archive (update.c:134)
==690818==    by 0x400CC4C: main (tar.c:2810)
==690818== 
==690818== LEAK SUMMARY:
==690818==    definitely lost: 152 bytes in 2 blocks
==690818==    indirectly lost: 8 bytes in 1 blocks
==690818==      possibly lost: 0 bytes in 0 blocks
==690818==    still reachable: 4,613 bytes in 11 blocks
==690818==         suppressed: 0 bytes in 0 blocks
==690818== 
==690818== For lists of detected and suppressed errors, rerun with: -s
==690818== ERROR SUMMARY: 3 errors from 3 contexts (suppressed: 0 from 0)
