==635199== Memcheck, a memory error detector
==635199== Copyright (C) 2002-2024, and GNU GPL'd, by Julian Seward et al.
==635199== Using Valgrind-3.26.0 and LibVEX; rerun with -h for copyright info
==635199== Command: tar --version
==635199== Parent PID: 634986
==635199== 
==635199== 
==635199== FILE DESCRIPTORS: 4 open (4 inherited) at exit.
==635199== 
==635199== HEAP SUMMARY:
==635199==     in use at exit: 7,767 bytes in 3 blocks
==635199==   total heap usage: 15 allocs, 12 frees, 12,021 bytes allocated
==635199== 
==635199== 16 bytes in 1 blocks are still reachable in loss record 1 of 3
==635199==    at 0x48C4E43: calloc (vg_replace_malloc.c:1678)
==635199==    by 0x40516F1: xcalloc (xmalloc.c:298)
==635199==    by 0x40516F1: xzalloc (xmalloc.c:283)
==635199==    by 0x400BEF9: decode_options (tar.c:2297)
==635199==    by 0x400BEF9: main (tar.c:2792)
==635199== 
==635199== 80 bytes in 1 blocks are still reachable in loss record 2 of 3
==635199==    at 0x48BD858: malloc (vg_replace_malloc.c:447)
==635199==    by 0x40512CC: xmalloc (xmalloc.c:45)
==635199==    by 0x400BE43: main (tar.c:2781)
==635199== 
==635199== 7,671 bytes in 1 blocks are still reachable in loss record 3 of 3
==635199==    at 0x48BD858: malloc (vg_replace_malloc.c:447)
==635199==    by 0x4041854: parser_init (argp-parse.c:495)
==635199==    by 0x4041854: argp_parse (argp-parse.c:921)
==635199==    by 0x400C045: decode_options (tar.c:2380)
==635199==    by 0x400C045: main (tar.c:2792)
==635199== 
==635199== LEAK SUMMARY:
==635199==    definitely lost: 0 bytes in 0 blocks
==635199==    indirectly lost: 0 bytes in 0 blocks
==635199==      possibly lost: 0 bytes in 0 blocks
==635199==    still reachable: 7,767 bytes in 3 blocks
==635199==         suppressed: 0 bytes in 0 blocks
==635199== 
==635199== For lists of detected and suppressed errors, rerun with: -s
==635199== ERROR SUMMARY: 0 errors from 0 contexts (suppressed: 0 from 0)
