==694283== Memcheck, a memory error detector
==694283== Copyright (C) 2002-2024, and GNU GPL'd, by Julian Seward et al.
==694283== Using Valgrind-3.26.0 and LibVEX; rerun with -h for copyright info
==694283== Command: /tmp/rboxc-tar-behavior-575ck2o4/exec/tar --version
==694283== Parent PID: 683658
==694283== 
==694283== 
==694283== FILE DESCRIPTORS: 3 open (2 inherited) at exit.
==694283== Open file descriptor 0: /dev/full
==694283==    at 0x4A1A9E6: open (open64.c:41)
==694283==    by 0x4050574: open (fcntl2.h:55)
==694283==    by 0x4050574: stdopen (stdopen.c:51)
==694283==    by 0x400BE26: main (tar.c:2773)
==694283== 
==694283== 
==694283== HEAP SUMMARY:
==694283==     in use at exit: 7,767 bytes in 3 blocks
==694283==   total heap usage: 15 allocs, 12 frees, 12,021 bytes allocated
==694283== 
==694283== 16 bytes in 1 blocks are still reachable in loss record 1 of 3
==694283==    at 0x48C4E43: calloc (vg_replace_malloc.c:1678)
==694283==    by 0x40516F1: xcalloc (xmalloc.c:298)
==694283==    by 0x40516F1: xzalloc (xmalloc.c:283)
==694283==    by 0x400BEF9: decode_options (tar.c:2297)
==694283==    by 0x400BEF9: main (tar.c:2792)
==694283== 
==694283== 80 bytes in 1 blocks are still reachable in loss record 2 of 3
==694283==    at 0x48BD858: malloc (vg_replace_malloc.c:447)
==694283==    by 0x40512CC: xmalloc (xmalloc.c:45)
==694283==    by 0x400BE43: main (tar.c:2781)
==694283== 
==694283== 7,671 bytes in 1 blocks are still reachable in loss record 3 of 3
==694283==    at 0x48BD858: malloc (vg_replace_malloc.c:447)
==694283==    by 0x4041854: parser_init (argp-parse.c:495)
==694283==    by 0x4041854: argp_parse (argp-parse.c:921)
==694283==    by 0x400C045: decode_options (tar.c:2380)
==694283==    by 0x400C045: main (tar.c:2792)
==694283== 
==694283== LEAK SUMMARY:
==694283==    definitely lost: 0 bytes in 0 blocks
==694283==    indirectly lost: 0 bytes in 0 blocks
==694283==      possibly lost: 0 bytes in 0 blocks
==694283==    still reachable: 7,767 bytes in 3 blocks
==694283==         suppressed: 0 bytes in 0 blocks
==694283== 
==694283== For lists of detected and suppressed errors, rerun with: -s
==694283== ERROR SUMMARY: 1 errors from 1 contexts (suppressed: 0 from 0)
