==639449== Memcheck, a memory error detector
==639449== Copyright (C) 2002-2024, and GNU GPL'd, by Julian Seward et al.
==639449== Using Valgrind-3.26.0 and LibVEX; rerun with -h for copyright info
==639449== Command: tar cf archive --ignore-failed-read directory
==639449== Parent PID: 638649
==639449== 
==639449== 
==639449== FILE DESCRIPTORS: 1 open (1 inherited) at exit.
==639449== 
==639449== HEAP SUMMARY:
==639449==     in use at exit: 4,262 bytes in 4 blocks
==639449==   total heap usage: 35 allocs, 31 frees, 35,469 bytes allocated
==639449== 
==639449== 16 bytes in 1 blocks are still reachable in loss record 1 of 4
==639449==    at 0x5875E43: calloc (vg_replace_malloc.c:1678)
==639449==    by 0x469E501: rboxc_tar_xzalloc (in /tmp/rboxc-tar-original-m83r2ba4/copies/16)
==639449==    by 0x4477AF5: single_binary_main_tar (in /tmp/rboxc-tar-original-m83r2ba4/copies/16)
==639449==    by 0x5A18600: (below main) (libc_start_call_main.h:59)
==639449== 
==639449== 80 bytes in 1 blocks are still reachable in loss record 2 of 4
==639449==    at 0x586E858: malloc (vg_replace_malloc.c:447)
==639449==    by 0x469E0DC: rboxc_tar_xmalloc (in /tmp/rboxc-tar-original-m83r2ba4/copies/16)
==639449==    by 0x4477A00: single_binary_main_tar (in /tmp/rboxc-tar-original-m83r2ba4/copies/16)
==639449==    by 0x5A18600: (below main) (libc_start_call_main.h:59)
==639449== 
==639449== 102 bytes in 1 blocks are still reachable in loss record 3 of 4
==639449==    at 0x586E858: malloc (vg_replace_malloc.c:447)
==639449==    by 0x469E0DC: rboxc_tar_xmalloc (in /tmp/rboxc-tar-original-m83r2ba4/copies/16)
==639449==    by 0x46734A1: rboxc_tar_name_init (in /tmp/rboxc-tar-original-m83r2ba4/copies/16)
==639449==    by 0x4478A7A: single_binary_main_tar (in /tmp/rboxc-tar-original-m83r2ba4/copies/16)
==639449==    by 0x5A18600: (below main) (libc_start_call_main.h:59)
==639449== 
==639449== 4,064 bytes in 1 blocks are still reachable in loss record 4 of 4
==639449==    at 0x586E858: malloc (vg_replace_malloc.c:447)
==639449==    by 0x469E0DC: rboxc_tar_xmalloc (in /tmp/rboxc-tar-original-m83r2ba4/copies/16)
==639449==    by 0x4695FFD: _obstack_begin_worker.isra.0 (in /tmp/rboxc-tar-original-m83r2ba4/copies/16)
==639449==    by 0x4696028: rboxc_tar__obstack_begin (in /tmp/rboxc-tar-original-m83r2ba4/copies/16)
==639449==    by 0x4679CD7: rboxc_tar_transform_name_fp (in /tmp/rboxc-tar-original-m83r2ba4/copies/16)
==639449==    by 0x46632A4: dump_file0 (in /tmp/rboxc-tar-original-m83r2ba4/copies/16)
==639449==    by 0x46643E9: rboxc_tar_create_archive (in /tmp/rboxc-tar-original-m83r2ba4/copies/16)
==639449==    by 0x4478AF8: single_binary_main_tar (in /tmp/rboxc-tar-original-m83r2ba4/copies/16)
==639449==    by 0x5A18600: (below main) (libc_start_call_main.h:59)
==639449== 
==639449== LEAK SUMMARY:
==639449==    definitely lost: 0 bytes in 0 blocks
==639449==    indirectly lost: 0 bytes in 0 blocks
==639449==      possibly lost: 0 bytes in 0 blocks
==639449==    still reachable: 4,262 bytes in 4 blocks
==639449==         suppressed: 0 bytes in 0 blocks
==639449== 
==639449== For lists of detected and suppressed errors, rerun with: -s
==639449== ERROR SUMMARY: 0 errors from 0 contexts (suppressed: 0 from 0)
