==724163== Memcheck, a memory error detector
==724163== Copyright (C) 2002-2024, and GNU GPL'd, by Julian Seward et al.
==724163== Using Valgrind-3.26.0 and LibVEX; rerun with -h for copyright info
==724163== Command: /tmp/rboxc-gawk-original-9u51e5kk/deps/sort
==724163== Parent PID: 724161
==724163== 
==724163== 
==724163== FILE DESCRIPTORS: 0 open (0 inherited) at exit.
==724163== 
==724163== HEAP SUMMARY:
==724163==     in use at exit: 128 bytes in 1 blocks
==724163==   total heap usage: 25 allocs, 24 frees, 16,935,129 bytes allocated
==724163== 
==724163== 128 bytes in 1 blocks are still reachable in loss record 1 of 1
==724163==    at 0x4BF907F: realloc (vg_replace_malloc.c:1804)
==724163==    by 0x411C0A6: rpl_realloc (stdlib.h:2059)
==724163==    by 0x411C0A6: xrealloc (xmalloc.c:70)
==724163==    by 0x411C0A6: xpalloc (xmalloc.c:269)
==724163==    by 0x40A7BB6: add_temp_dir (sort.c:1347)
==724163==    by 0x40AE3A4: single_binary_main_sort (sort.c:4921)
==724163==    by 0x401A532: launch_program (coreutils.c:126)
==724163==    by 0x4018E7A: main (coreutils.c:143)
==724163== 
==724163== LEAK SUMMARY:
==724163==    definitely lost: 0 bytes in 0 blocks
==724163==    indirectly lost: 0 bytes in 0 blocks
==724163==      possibly lost: 0 bytes in 0 blocks
==724163==    still reachable: 128 bytes in 1 blocks
==724163==         suppressed: 0 bytes in 0 blocks
==724163== 
==724163== For lists of detected and suppressed errors, rerun with: -s
==724163== ERROR SUMMARY: 0 errors from 0 contexts (suppressed: 0 from 0)
