==648026== Memcheck, a memory error detector
==648026== Copyright (C) 2002-2024, and GNU GPL'd, by Julian Seward et al.
==648026== Using Valgrind-3.26.0 and LibVEX; rerun with -h for copyright info
==648026== Command: /tmp/rboxc-tar-behavior-2lce2r7o/exec/tar -tf -
==648026== Parent PID: 635373
==648026== 
==648026== 
==648026== FILE DESCRIPTORS: 2 open (2 inherited) at exit.
==648026== 
==648026== HEAP SUMMARY:
==648026==     in use at exit: 14,534 bytes in 4 blocks
==648026==   total heap usage: 18 allocs, 14 frees, 22,385 bytes allocated
==648026== 
==648026== 16 bytes in 1 blocks are still reachable in loss record 1 of 4
==648026==    at 0x5875E43: calloc (vg_replace_malloc.c:1678)
==648026==    by 0x469E501: rboxc_tar_xzalloc (in /root/rboxc/target/tar-map-probe-candidate/release/rboxc)
==648026==    by 0x4477AF5: single_binary_main_tar (in /root/rboxc/target/tar-map-probe-candidate/release/rboxc)
==648026==    by 0x5A18600: (below main) (libc_start_call_main.h:59)
==648026== 
==648026== 80 bytes in 1 blocks are still reachable in loss record 2 of 4
==648026==    at 0x586E858: malloc (vg_replace_malloc.c:447)
==648026==    by 0x469E0DC: rboxc_tar_xmalloc (in /root/rboxc/target/tar-map-probe-candidate/release/rboxc)
==648026==    by 0x4477A00: single_binary_main_tar (in /root/rboxc/target/tar-map-probe-candidate/release/rboxc)
==648026==    by 0x5A18600: (below main) (libc_start_call_main.h:59)
==648026== 
==648026== 102 bytes in 1 blocks are still reachable in loss record 3 of 4
==648026==    at 0x586E858: malloc (vg_replace_malloc.c:447)
==648026==    by 0x469E0DC: rboxc_tar_xmalloc (in /root/rboxc/target/tar-map-probe-candidate/release/rboxc)
==648026==    by 0x46734A1: rboxc_tar_name_init (in /root/rboxc/target/tar-map-probe-candidate/release/rboxc)
==648026==    by 0x4478A7A: single_binary_main_tar (in /root/rboxc/target/tar-map-probe-candidate/release/rboxc)
==648026==    by 0x5A18600: (below main) (libc_start_call_main.h:59)
==648026== 
==648026== 14,336 bytes in 1 blocks are still reachable in loss record 4 of 4
==648026==    at 0x586E858: malloc (vg_replace_malloc.c:447)
==648026==    by 0x469E0DC: rboxc_tar_xmalloc (in /root/rboxc/target/tar-map-probe-candidate/release/rboxc)
==648026==    by 0x4671752: rboxc_tar_page_aligned_alloc (in /root/rboxc/target/tar-map-probe-candidate/release/rboxc)
==648026==    by 0x465A203: init_buffer (in /root/rboxc/target/tar-map-probe-candidate/release/rboxc)
==648026==    by 0x465D8FF: rboxc_tar_open_archive (in /root/rboxc/target/tar-map-probe-candidate/release/rboxc)
==648026==    by 0x466EE7F: rboxc_tar_read_and (in /root/rboxc/target/tar-map-probe-candidate/release/rboxc)
==648026==    by 0x4478B39: single_binary_main_tar (in /root/rboxc/target/tar-map-probe-candidate/release/rboxc)
==648026==    by 0x5A18600: (below main) (libc_start_call_main.h:59)
==648026== 
==648026== LEAK SUMMARY:
==648026==    definitely lost: 0 bytes in 0 blocks
==648026==    indirectly lost: 0 bytes in 0 blocks
==648026==      possibly lost: 0 bytes in 0 blocks
==648026==    still reachable: 14,534 bytes in 4 blocks
==648026==         suppressed: 0 bytes in 0 blocks
==648026== 
==648026== For lists of detected and suppressed errors, rerun with: -s
==648026== ERROR SUMMARY: 0 errors from 0 contexts (suppressed: 0 from 0)
