==724701== Memcheck, a memory error detector
==724701== Copyright (C) 2002-2024, and GNU GPL'd, by Julian Seward et al.
==724701== Using Valgrind-3.26.0 and LibVEX; rerun with -h for copyright info
==724701== Command: /bin/sh -c echo\ test1&&\ echo\ test2&&\ sleep\ 2
==724701== Parent PID: 724694
==724701== 
==724701== 
==724701== FILE DESCRIPTORS: 3 open (3 inherited) at exit.
==724701== 
==724701== HEAP SUMMARY:
==724701==     in use at exit: 9,281 bytes in 31 blocks
==724701==   total heap usage: 38 allocs, 7 frees, 11,001 bytes allocated
==724701== 
==724701== 28 bytes in 1 blocks are still reachable in loss record 1 of 8
==724701==    at 0x486E858: malloc (vg_replace_malloc.c:447)
==724701==    by 0x40083FA: ??? (in /usr/bin/dash)
==724701==    by 0x4012D83: ??? (in /usr/bin/dash)
==724701==    by 0x4013C6C: ??? (in /usr/bin/dash)
==724701==    by 0x400BCE7: ??? (in /usr/bin/dash)
==724701==    by 0x400BCAC: ??? (in /usr/bin/dash)
==724701==    by 0x400BCAC: ??? (in /usr/bin/dash)
==724701==    by 0x40120F8: ??? (in /usr/bin/dash)
==724701==    by 0x4004DA0: ??? (in /usr/bin/dash)
==724701==    by 0x48C4600: (below main) (libc_start_call_main.h:59)
==724701== 
==724701== 29 bytes in 1 blocks are still reachable in loss record 2 of 8
==724701==    at 0x486E858: malloc (vg_replace_malloc.c:447)
==724701==    by 0x40083FA: ??? (in /usr/bin/dash)
==724701==    by 0x4012E0A: ??? (in /usr/bin/dash)
==724701==    by 0x4013FFF: ??? (in /usr/bin/dash)
==724701==    by 0x400BCE7: ??? (in /usr/bin/dash)
==724701==    by 0x400BCE7: ??? (in /usr/bin/dash)
==724701==    by 0x40120F8: ??? (in /usr/bin/dash)
==724701==    by 0x4004DA0: ??? (in /usr/bin/dash)
==724701==    by 0x48C4600: (below main) (libc_start_call_main.h:59)
==724701== 
==724701== 32 bytes in 1 blocks are still reachable in loss record 3 of 8
==724701==    at 0x486E858: malloc (vg_replace_malloc.c:447)
==724701==    by 0x4017AB2: ??? (in /usr/bin/dash)
==724701==    by 0x40186D4: ??? (in /usr/bin/dash)
==724701==    by 0x4004BC6: ??? (in /usr/bin/dash)
==724701==    by 0x48C4600: (below main) (libc_start_call_main.h:59)
==724701== 
==724701== 34 bytes in 1 blocks are still reachable in loss record 4 of 8
==724701==    at 0x486E858: malloc (vg_replace_malloc.c:447)
==724701==    by 0x495596E: strdup (strdup.c:42)
==724701==    by 0x40081DF: ??? (in /usr/bin/dash)
==724701==    by 0x40186F9: ??? (in /usr/bin/dash)
==724701==    by 0x4004BC6: ??? (in /usr/bin/dash)
==724701==    by 0x48C4600: (below main) (libc_start_call_main.h:59)
==724701== 
==724701== 38 bytes in 1 blocks are still reachable in loss record 5 of 8
==724701==    at 0x486E858: malloc (vg_replace_malloc.c:447)
==724701==    by 0x4017C53: ??? (in /usr/bin/dash)
==724701==    by 0x40186F9: ??? (in /usr/bin/dash)
==724701==    by 0x4004BC6: ??? (in /usr/bin/dash)
==724701==    by 0x48C4600: (below main) (libc_start_call_main.h:59)
==724701== 
==724701== 160 bytes in 1 blocks are still reachable in loss record 6 of 8
==724701==    at 0x487607F: realloc (vg_replace_malloc.c:1804)
==724701==    by 0x40074DC: ??? (in /usr/bin/dash)
==724701==    by 0x400A64D: ??? (in /usr/bin/dash)
==724701==    by 0x4014058: ??? (in /usr/bin/dash)
==724701==    by 0x400BCE7: ??? (in /usr/bin/dash)
==724701==    by 0x400BCE7: ??? (in /usr/bin/dash)
==724701==    by 0x40120F8: ??? (in /usr/bin/dash)
==724701==    by 0x4004DA0: ??? (in /usr/bin/dash)
==724701==    by 0x48C4600: (below main) (libc_start_call_main.h:59)
==724701== 
==724701== 768 bytes in 24 blocks are still reachable in loss record 7 of 8
==724701==    at 0x486E858: malloc (vg_replace_malloc.c:447)
==724701==    by 0x4017AB2: ??? (in /usr/bin/dash)
==724701==    by 0x4018670: ??? (in /usr/bin/dash)
==724701==    by 0x4004BC6: ??? (in /usr/bin/dash)
==724701==    by 0x48C4600: (below main) (libc_start_call_main.h:59)
==724701== 
==724701== 8,192 bytes in 1 blocks are still reachable in loss record 8 of 8
==724701==    at 0x487607F: realloc (vg_replace_malloc.c:1804)
==724701==    by 0x40168C6: ??? (in /usr/bin/dash)
==724701==    by 0x4016B3F: ??? (in /usr/bin/dash)
==724701==    by 0x4016CB6: ??? (in /usr/bin/dash)
==724701==    by 0x4012281: ??? (in /usr/bin/dash)
==724701==    by 0x40141BA: ??? (in /usr/bin/dash)
==724701==    by 0x400BCE7: ??? (in /usr/bin/dash)
==724701==    by 0x400BCAC: ??? (in /usr/bin/dash)
==724701==    by 0x400BCAC: ??? (in /usr/bin/dash)
==724701==    by 0x40120F8: ??? (in /usr/bin/dash)
==724701==    by 0x4004DA0: ??? (in /usr/bin/dash)
==724701==    by 0x48C4600: (below main) (libc_start_call_main.h:59)
==724701== 
==724701== LEAK SUMMARY:
==724701==    definitely lost: 0 bytes in 0 blocks
==724701==    indirectly lost: 0 bytes in 0 blocks
==724701==      possibly lost: 0 bytes in 0 blocks
==724701==    still reachable: 9,281 bytes in 31 blocks
==724701==         suppressed: 0 bytes in 0 blocks
==724701== 
==724701== For lists of detected and suppressed errors, rerun with: -s
==724701== ERROR SUMMARY: 0 errors from 0 contexts (suppressed: 0 from 0)
