==739250== Memcheck, a memory error detector
==739250== Copyright (C) 2002-2024, and GNU GPL'd, by Julian Seward et al.
==739250== Using Valgrind-3.26.0 and LibVEX; rerun with -h for copyright info
==739250== Command: /bin/sh -c echo\ D
==739250== Parent PID: 739169
==739250== 
==739250== 
==739250== FILE DESCRIPTORS: 3 open (3 inherited) at exit.
==739250== 
==739250== HEAP SUMMARY:
==739250==     in use at exit: 9,092 bytes in 29 blocks
==739250==   total heap usage: 31 allocs, 2 frees, 9,244 bytes allocated
==739250== 
==739250== 28 bytes in 1 blocks are still reachable in loss record 1 of 6
==739250==    at 0x486E858: malloc (vg_replace_malloc.c:447)
==739250==    by 0x40083FA: ??? (in /usr/bin/dash)
==739250==    by 0x4012D83: ??? (in /usr/bin/dash)
==739250==    by 0x4013C6C: ??? (in /usr/bin/dash)
==739250==    by 0x400BCE7: ??? (in /usr/bin/dash)
==739250==    by 0x40120F8: ??? (in /usr/bin/dash)
==739250==    by 0x4004DA0: ??? (in /usr/bin/dash)
==739250==    by 0x48C4600: (below main) (libc_start_call_main.h:59)
==739250== 
==739250== 32 bytes in 1 blocks are still reachable in loss record 2 of 6
==739250==    at 0x486E858: malloc (vg_replace_malloc.c:447)
==739250==    by 0x4017AB2: ??? (in /usr/bin/dash)
==739250==    by 0x40186D4: ??? (in /usr/bin/dash)
==739250==    by 0x4004BC6: ??? (in /usr/bin/dash)
==739250==    by 0x48C4600: (below main) (libc_start_call_main.h:59)
==739250== 
==739250== 34 bytes in 1 blocks are still reachable in loss record 3 of 6
==739250==    at 0x486E858: malloc (vg_replace_malloc.c:447)
==739250==    by 0x495596E: strdup (strdup.c:42)
==739250==    by 0x40081DF: ??? (in /usr/bin/dash)
==739250==    by 0x40186F9: ??? (in /usr/bin/dash)
==739250==    by 0x4004BC6: ??? (in /usr/bin/dash)
==739250==    by 0x48C4600: (below main) (libc_start_call_main.h:59)
==739250== 
==739250== 38 bytes in 1 blocks are still reachable in loss record 4 of 6
==739250==    at 0x486E858: malloc (vg_replace_malloc.c:447)
==739250==    by 0x4017C53: ??? (in /usr/bin/dash)
==739250==    by 0x40186F9: ??? (in /usr/bin/dash)
==739250==    by 0x4004BC6: ??? (in /usr/bin/dash)
==739250==    by 0x48C4600: (below main) (libc_start_call_main.h:59)
==739250== 
==739250== 768 bytes in 24 blocks are still reachable in loss record 5 of 6
==739250==    at 0x486E858: malloc (vg_replace_malloc.c:447)
==739250==    by 0x4017AB2: ??? (in /usr/bin/dash)
==739250==    by 0x4018670: ??? (in /usr/bin/dash)
==739250==    by 0x4004BC6: ??? (in /usr/bin/dash)
==739250==    by 0x48C4600: (below main) (libc_start_call_main.h:59)
==739250== 
==739250== 8,192 bytes in 1 blocks are still reachable in loss record 6 of 6
==739250==    at 0x487607F: realloc (vg_replace_malloc.c:1804)
==739250==    by 0x40168C6: ??? (in /usr/bin/dash)
==739250==    by 0x4016B3F: ??? (in /usr/bin/dash)
==739250==    by 0x4016CB6: ??? (in /usr/bin/dash)
==739250==    by 0x4012281: ??? (in /usr/bin/dash)
==739250==    by 0x40141BA: ??? (in /usr/bin/dash)
==739250==    by 0x400BCE7: ??? (in /usr/bin/dash)
==739250==    by 0x40120F8: ??? (in /usr/bin/dash)
==739250==    by 0x4004DA0: ??? (in /usr/bin/dash)
==739250==    by 0x48C4600: (below main) (libc_start_call_main.h:59)
==739250== 
==739250== LEAK SUMMARY:
==739250==    definitely lost: 0 bytes in 0 blocks
==739250==    indirectly lost: 0 bytes in 0 blocks
==739250==      possibly lost: 0 bytes in 0 blocks
==739250==    still reachable: 9,092 bytes in 29 blocks
==739250==         suppressed: 0 bytes in 0 blocks
==739250== 
==739250== For lists of detected and suppressed errors, rerun with: -s
==739250== ERROR SUMMARY: 0 errors from 0 contexts (suppressed: 0 from 0)
