==625853== Memcheck, a memory error detector
==625853== Copyright (C) 2002-2024, and GNU GPL'd, by Julian Seward et al.
==625853== Using Valgrind-3.26.0 and LibVEX; rerun with -h for copyright info
==625853== Command: tar --create --file=archive.1 --listed-incremental=db.1 directory
==625853== Parent PID: 625838
==625853== 
==625853== 
==625853== FILE DESCRIPTORS: 1 open (1 inherited) at exit.
==625853== 
==625853== HEAP SUMMARY:
==625853==     in use at exit: 6,617 bytes in 50 blocks
==625853==   total heap usage: 220 allocs, 170 frees, 338,428 bytes allocated
==625853== 
==625853== 5 bytes in 1 blocks are still reachable in loss record 1 of 37
==625853==    at 0x48BD858: malloc (vg_replace_malloc.c:447)
==625853==    by 0x405185D: xmalloc (xmalloc.c:45)
==625853==    by 0x405185D: xmemdup (xmalloc.c:314)
==625853==    by 0x405185D: xstrdup (xmalloc.c:339)
==625853==    by 0x402644F: assign_string (misc.c:58)
==625853==    by 0x4029612: uid_to_uname (names.c:490)
==625853==    by 0x40155F3: start_header (create.c:931)
==625853==    by 0x40167F9: dump_dir0 (create.c:1123)
==625853==    by 0x40167F9: dump_dir (create.c:1320)
==625853==    by 0x40167F9: dump_file0 (create.c:1757)
==625853==    by 0x401782F: dump_file (create.c:1968)
==625853==    by 0x401782F: create_archive (create.c:1356)
==625853==    by 0x400CD90: main (tar.c:2818)
==625853== 
==625853== 5 bytes in 1 blocks are still reachable in loss record 2 of 37
==625853==    at 0x48BD858: malloc (vg_replace_malloc.c:447)
==625853==    by 0x405185D: xmalloc (xmalloc.c:45)
==625853==    by 0x405185D: xmemdup (xmalloc.c:314)
==625853==    by 0x405185D: xstrdup (xmalloc.c:339)
==625853==    by 0x402644F: assign_string (misc.c:58)
==625853==    by 0x40296A2: gid_to_gname (names.c:520)
==625853==    by 0x40155DB: start_header (create.c:936)
==625853==    by 0x40167F9: dump_dir0 (create.c:1123)
==625853==    by 0x40167F9: dump_dir (create.c:1320)
==625853==    by 0x40167F9: dump_file0 (create.c:1757)
==625853==    by 0x401782F: dump_file (create.c:1968)
==625853==    by 0x401782F: create_archive (create.c:1356)
==625853==    by 0x400CD90: main (tar.c:2818)
==625853== 
==625853== 10 bytes in 1 blocks are still reachable in loss record 3 of 37
==625853==    at 0x48BD858: malloc (vg_replace_malloc.c:447)
==625853==    by 0x405185D: xmalloc (xmalloc.c:45)
==625853==    by 0x405185D: xmemdup (xmalloc.c:314)
==625853==    by 0x405185D: xstrdup (xmalloc.c:339)
==625853==    by 0x402994B: make_name (names.c:599)
==625853==    by 0x402994B: addname (names.c:1233)
==625853==    by 0x4029AB7: name_gather (names.c:1218)
==625853==    by 0x402A4BC: collect_and_sort_names (names.c:1747)
==625853==    by 0x40175DD: create_archive (create.c:1352)
==625853==    by 0x400CD90: main (tar.c:2818)
==625853== 
==625853== 10 bytes in 1 blocks are still reachable in loss record 4 of 37
==625853==    at 0x48BD858: malloc (vg_replace_malloc.c:447)
==625853==    by 0x40512CC: xmalloc (xmalloc.c:45)
==625853==    by 0x401F481: make_directory (incremen.c:271)
==625853==    by 0x401F735: attach_directory (incremen.c:291)
==625853==    by 0x401F735: note_directory (incremen.c:338)
==625853==    by 0x4020348: procdir (incremen.c:531)
==625853==    by 0x4020C14: scan_directory (incremen.c:751)
==625853==    by 0x4029BDE: add_hierarchy_to_namelist (names.c:1610)
==625853==    by 0x402A940: collect_and_sort_names (names.c:1813)
==625853==    by 0x40175DD: create_archive (create.c:1352)
==625853==    by 0x400CD90: main (tar.c:2818)
==625853== 
==625853== 10 bytes in 2 blocks are indirectly lost in loss record 5 of 37
==625853==    at 0x48BD858: malloc (vg_replace_malloc.c:447)
==625853==    by 0x40387DD: wsnode_quoteremoval (wordsplit.c:651)
==625853==    by 0x4039CFD: wordsplit_process_list (wordsplit.c:2390)
==625853==    by 0x403A562: wordsplit_run.constprop.0 (wordsplit.c:2434)
==625853==    by 0x400BFFA: parse_default_options (tar.c:2256)
==625853==    by 0x400BFFA: decode_options (tar.c:2378)
==625853==    by 0x400BFFA: main (tar.c:2792)
==625853== 
==625853== 10 bytes in 2 blocks are definitely lost in loss record 6 of 37
==625853==    at 0x48BD858: malloc (vg_replace_malloc.c:447)
==625853==    by 0x403A1FB: wordsplit_finish (wordsplit.c:836)
==625853==    by 0x400BFFA: parse_default_options (tar.c:2256)
==625853==    by 0x400BFFA: decode_options (tar.c:2378)
==625853==    by 0x400BFFA: main (tar.c:2792)
==625853== 
==625853== 14 bytes in 1 blocks are still reachable in loss record 7 of 37
==625853==    at 0x48BD858: malloc (vg_replace_malloc.c:447)
==625853==    by 0x40512CC: xmalloc (xmalloc.c:45)
==625853==    by 0x401F481: make_directory (incremen.c:271)
==625853==    by 0x401F735: attach_directory (incremen.c:291)
==625853==    by 0x401F735: note_directory (incremen.c:338)
==625853==    by 0x4020348: procdir (incremen.c:531)
==625853==    by 0x4021100: scan_directory (incremen.c:822)
==625853==    by 0x4029BDE: add_hierarchy_to_namelist (names.c:1610)
==625853==    by 0x4029DF7: add_hierarchy_to_namelist (names.c:1677)
==625853==    by 0x402A940: collect_and_sort_names (names.c:1813)
==625853==    by 0x40175DD: create_archive (create.c:1352)
==625853==    by 0x400CD90: main (tar.c:2818)
==625853== 
==625853== 14 bytes in 1 blocks are still reachable in loss record 8 of 37
==625853==    at 0x48BD858: malloc (vg_replace_malloc.c:447)
==625853==    by 0x405185D: xmalloc (xmalloc.c:45)
==625853==    by 0x405185D: xmemdup (xmalloc.c:314)
==625853==    by 0x405185D: xstrdup (xmalloc.c:339)
==625853==    by 0x402994B: make_name (names.c:599)
==625853==    by 0x402994B: addname (names.c:1233)
==625853==    by 0x4029D1B: add_hierarchy_to_namelist (names.c:1645)
==625853==    by 0x4029DF7: add_hierarchy_to_namelist (names.c:1677)
==625853==    by 0x402A940: collect_and_sort_names (names.c:1813)
==625853==    by 0x40175DD: create_archive (create.c:1352)
==625853==    by 0x400CD90: main (tar.c:2818)
==625853== 
==625853== 16 bytes in 1 blocks are still reachable in loss record 9 of 37
==625853==    at 0x48C4E43: calloc (vg_replace_malloc.c:1678)
==625853==    by 0x40516F1: xcalloc (xmalloc.c:298)
==625853==    by 0x40516F1: xzalloc (xmalloc.c:283)
==625853==    by 0x400BEF9: decode_options (tar.c:2297)
==625853==    by 0x400BEF9: main (tar.c:2792)
==625853== 
==625853== 16 bytes in 1 blocks are still reachable in loss record 10 of 37
==625853==    at 0x48C4E43: calloc (vg_replace_malloc.c:1678)
==625853==    by 0x405174C: xcalloc (xmalloc.c:298)
==625853==    by 0x401F652: dumpdir_create0 (incremen.c:108)
==625853==    by 0x4020E38: makedumpdir (incremen.c:709)
==625853==    by 0x4020E38: scan_directory (incremen.c:766)
==625853==    by 0x4029BDE: add_hierarchy_to_namelist (names.c:1610)
==625853==    by 0x4029DF7: add_hierarchy_to_namelist (names.c:1677)
==625853==    by 0x4029DF7: add_hierarchy_to_namelist (names.c:1677)
==625853==    by 0x402A940: collect_and_sort_names (names.c:1813)
==625853==    by 0x40175DD: create_archive (create.c:1352)
==625853==    by 0x400CD90: main (tar.c:2818)
==625853== 
==625853== 24 bytes in 1 blocks are still reachable in loss record 11 of 37
==625853==    at 0x48C4E43: calloc (vg_replace_malloc.c:1678)
==625853==    by 0x405174C: xcalloc (xmalloc.c:298)
==625853==    by 0x401F652: dumpdir_create0 (incremen.c:108)
==625853==    by 0x4020E38: makedumpdir (incremen.c:709)
==625853==    by 0x4020E38: scan_directory (incremen.c:766)
==625853==    by 0x4029BDE: add_hierarchy_to_namelist (names.c:1610)
==625853==    by 0x402A940: collect_and_sort_names (names.c:1813)
==625853==    by 0x40175DD: create_archive (create.c:1352)
==625853==    by 0x400CD90: main (tar.c:2818)
==625853== 
==625853== 24 bytes in 2 blocks are still reachable in loss record 12 of 37
==625853==    at 0x48BD858: malloc (vg_replace_malloc.c:447)
==625853==    by 0x40512CC: xmalloc (xmalloc.c:45)
==625853==    by 0x401F481: make_directory (incremen.c:271)
==625853==    by 0x401F735: attach_directory (incremen.c:291)
==625853==    by 0x401F735: note_directory (incremen.c:338)
==625853==    by 0x4020348: procdir (incremen.c:531)
==625853==    by 0x4021100: scan_directory (incremen.c:822)
==625853==    by 0x4029BDE: add_hierarchy_to_namelist (names.c:1610)
==625853==    by 0x402A940: collect_and_sort_names (names.c:1813)
==625853==    by 0x40175DD: create_archive (create.c:1352)
==625853==    by 0x400CD90: main (tar.c:2818)
==625853== 
==625853== 24 bytes in 2 blocks are still reachable in loss record 13 of 37
==625853==    at 0x48BD858: malloc (vg_replace_malloc.c:447)
==625853==    by 0x405185D: xmalloc (xmalloc.c:45)
==625853==    by 0x405185D: xmemdup (xmalloc.c:314)
==625853==    by 0x405185D: xstrdup (xmalloc.c:339)
==625853==    by 0x402994B: make_name (names.c:599)
==625853==    by 0x402994B: addname (names.c:1233)
==625853==    by 0x4029D1B: add_hierarchy_to_namelist (names.c:1645)
==625853==    by 0x402A940: collect_and_sort_names (names.c:1813)
==625853==    by 0x40175DD: create_archive (create.c:1352)
==625853==    by 0x400CD90: main (tar.c:2818)
==625853== 
==625853== 32 bytes in 1 blocks are still reachable in loss record 14 of 37
==625853==    at 0x48BD858: malloc (vg_replace_malloc.c:447)
==625853==    by 0x40512CC: xmalloc (xmalloc.c:45)
==625853==    by 0x402F07B: optloc_save (tar.c:926)
==625853==    by 0x403020B: parse_opt (tar.c:1520)
==625853==    by 0x40421C3: group_parse (argp-parse.c:233)
==625853==    by 0x40421C3: parser_parse_opt (argp-parse.c:748)
==625853==    by 0x40421C3: parser_parse_next (argp-parse.c:859)
==625853==    by 0x40421C3: argp_parse (argp-parse.c:927)
==625853==    by 0x400C045: decode_options (tar.c:2380)
==625853==    by 0x400C045: main (tar.c:2792)
==625853== 
==625853== 32 bytes in 2 blocks are still reachable in loss record 15 of 37
==625853==    at 0x48C4E43: calloc (vg_replace_malloc.c:1678)
==625853==    by 0x405174C: xcalloc (xmalloc.c:298)
==625853==    by 0x401F652: dumpdir_create0 (incremen.c:108)
==625853==    by 0x4020E38: makedumpdir (incremen.c:709)
==625853==    by 0x4020E38: scan_directory (incremen.c:766)
==625853==    by 0x4029BDE: add_hierarchy_to_namelist (names.c:1610)
==625853==    by 0x4029DF7: add_hierarchy_to_namelist (names.c:1677)
==625853==    by 0x402A940: collect_and_sort_names (names.c:1813)
==625853==    by 0x40175DD: create_archive (create.c:1352)
==625853==    by 0x400CD90: main (tar.c:2818)
==625853== 
==625853== 36 bytes in 1 blocks are still reachable in loss record 16 of 37
==625853==    at 0x48BD858: malloc (vg_replace_malloc.c:447)
==625853==    by 0x40512CC: xmalloc (xmalloc.c:45)
==625853==    by 0x401F61C: dumpdir_create0 (incremen.c:103)
==625853==    by 0x4020E38: makedumpdir (incremen.c:709)
==625853==    by 0x4020E38: scan_directory (incremen.c:766)
==625853==    by 0x4029BDE: add_hierarchy_to_namelist (names.c:1610)
==625853==    by 0x4029DF7: add_hierarchy_to_namelist (names.c:1677)
==625853==    by 0x4029DF7: add_hierarchy_to_namelist (names.c:1677)
==625853==    by 0x402A940: collect_and_sort_names (names.c:1813)
==625853==    by 0x40175DD: create_archive (create.c:1352)
==625853==    by 0x400CD90: main (tar.c:2818)
==625853== 
==625853== 39 bytes in 1 blocks are still reachable in loss record 17 of 37
==625853==    at 0x48BD858: malloc (vg_replace_malloc.c:447)
==625853==    by 0x40512CC: xmalloc (xmalloc.c:45)
==625853==    by 0x401F61C: dumpdir_create0 (incremen.c:103)
==625853==    by 0x4020E38: makedumpdir (incremen.c:709)
==625853==    by 0x4020E38: scan_directory (incremen.c:766)
==625853==    by 0x4029BDE: add_hierarchy_to_namelist (names.c:1610)
==625853==    by 0x402A940: collect_and_sort_names (names.c:1813)
==625853==    by 0x40175DD: create_archive (create.c:1352)
==625853==    by 0x400CD90: main (tar.c:2818)
==625853== 
==625853== 58 bytes in 1 blocks are still reachable in loss record 18 of 37
==625853==    at 0x48C507F: realloc (vg_replace_malloc.c:1804)
==625853==    by 0x4A1A327: getcwd (getcwd.c:86)
==625853==    by 0x4052EB3: getcwd (unistd.h:116)
==625853==    by 0x4052EB3: rpl_getcwd (getcwd.c:218)
==625853==    by 0x4051890: xgetcwd (xgetcwd.c:37)
==625853==    by 0x4027E44: tar_getcdpath (misc.c:1052)
==625853==    by 0x4027E44: normalize_filename (misc.c:332)
==625853==    by 0x401F72A: attach_directory (incremen.c:290)
==625853==    by 0x401F72A: note_directory (incremen.c:338)
==625853==    by 0x4020348: procdir (incremen.c:531)
==625853==    by 0x4020C14: scan_directory (incremen.c:751)
==625853==    by 0x4029BDE: add_hierarchy_to_namelist (names.c:1610)
==625853==    by 0x402A940: collect_and_sort_names (names.c:1813)
==625853==    by 0x40175DD: create_archive (create.c:1352)
==625853==    by 0x400CD90: main (tar.c:2818)
==625853== 
==625853== 68 bytes in 1 blocks are still reachable in loss record 19 of 37
==625853==    at 0x48BD858: malloc (vg_replace_malloc.c:447)
==625853==    by 0x40512CC: xmalloc (xmalloc.c:45)
==625853==    by 0x4027DDB: normalize_filename (misc.c:339)
==625853==    by 0x401F72A: attach_directory (incremen.c:290)
==625853==    by 0x401F72A: note_directory (incremen.c:338)
==625853==    by 0x4020348: procdir (incremen.c:531)
==625853==    by 0x4020C14: scan_directory (incremen.c:751)
==625853==    by 0x4029BDE: add_hierarchy_to_namelist (names.c:1610)
==625853==    by 0x402A940: collect_and_sort_names (names.c:1813)
==625853==    by 0x40175DD: create_archive (create.c:1352)
==625853==    by 0x400CD90: main (tar.c:2818)
==625853== 
==625853== 72 bytes in 1 blocks are still reachable in loss record 20 of 37
==625853==    at 0x48BD858: malloc (vg_replace_malloc.c:447)
==625853==    by 0x40512CC: xmalloc (xmalloc.c:45)
==625853==    by 0x4027DDB: normalize_filename (misc.c:339)
==625853==    by 0x401F72A: attach_directory (incremen.c:290)
==625853==    by 0x401F72A: note_directory (incremen.c:338)
==625853==    by 0x4020348: procdir (incremen.c:531)
==625853==    by 0x4021100: scan_directory (incremen.c:822)
==625853==    by 0x4029BDE: add_hierarchy_to_namelist (names.c:1610)
==625853==    by 0x4029DF7: add_hierarchy_to_namelist (names.c:1677)
==625853==    by 0x402A940: collect_and_sort_names (names.c:1813)
==625853==    by 0x40175DD: create_archive (create.c:1352)
==625853==    by 0x400CD90: main (tar.c:2818)
==625853== 
==625853== 72 bytes in 2 blocks are still reachable in loss record 21 of 37
==625853==    at 0x48BD858: malloc (vg_replace_malloc.c:447)
==625853==    by 0x40512CC: xmalloc (xmalloc.c:45)
==625853==    by 0x401F61C: dumpdir_create0 (incremen.c:103)
==625853==    by 0x4020E38: makedumpdir (incremen.c:709)
==625853==    by 0x4020E38: scan_directory (incremen.c:766)
==625853==    by 0x4029BDE: add_hierarchy_to_namelist (names.c:1610)
==625853==    by 0x4029DF7: add_hierarchy_to_namelist (names.c:1677)
==625853==    by 0x402A940: collect_and_sort_names (names.c:1813)
==625853==    by 0x40175DD: create_archive (create.c:1352)
==625853==    by 0x400CD90: main (tar.c:2818)
==625853== 
==625853== 80 bytes in 1 blocks are still reachable in loss record 22 of 37
==625853==    at 0x48BD858: malloc (vg_replace_malloc.c:447)
==625853==    by 0x40512CC: xmalloc (xmalloc.c:45)
==625853==    by 0x400BE43: main (tar.c:2781)
==625853== 
==625853== 80 bytes in 1 blocks are still reachable in loss record 23 of 37
==625853==    at 0x48BD858: malloc (vg_replace_malloc.c:447)
==625853==    by 0x4047846: hash_initialize (hash.c:523)
==625853==    by 0x401F807: note_directory (incremen.c:354)
==625853==    by 0x4020348: procdir (incremen.c:531)
==625853==    by 0x4020C14: scan_directory (incremen.c:751)
==625853==    by 0x4029BDE: add_hierarchy_to_namelist (names.c:1610)
==625853==    by 0x402A940: collect_and_sort_names (names.c:1813)
==625853==    by 0x40175DD: create_archive (create.c:1352)
==625853==    by 0x400CD90: main (tar.c:2818)
==625853== 
==625853== 80 bytes in 1 blocks are still reachable in loss record 24 of 37
==625853==    at 0x48BD858: malloc (vg_replace_malloc.c:447)
==625853==    by 0x4047846: hash_initialize (hash.c:523)
==625853==    by 0x401F837: note_directory (incremen.c:362)
==625853==    by 0x4020348: procdir (incremen.c:531)
==625853==    by 0x4020C14: scan_directory (incremen.c:751)
==625853==    by 0x4029BDE: add_hierarchy_to_namelist (names.c:1610)
==625853==    by 0x402A940: collect_and_sort_names (names.c:1813)
==625853==    by 0x40175DD: create_archive (create.c:1352)
==625853==    by 0x400CD90: main (tar.c:2818)
==625853== 
==625853== 90 (80 direct, 10 indirect) bytes in 2 blocks are definitely lost in loss record 25 of 37
==625853==    at 0x48C4E43: calloc (vg_replace_malloc.c:1678)
==625853==    by 0x403959D: wsnode_new (wordsplit.c:422)
==625853==    by 0x403959D: wordsplit_add_segm (wordsplit.c:523)
==625853==    by 0x4039854: scan_word (wordsplit.c:2062)
==625853==    by 0x4039C7C: wordsplit_process_list (wordsplit.c:2358)
==625853==    by 0x403A562: wordsplit_run.constprop.0 (wordsplit.c:2434)
==625853==    by 0x400BFFA: parse_default_options (tar.c:2256)
==625853==    by 0x400BFFA: decode_options (tar.c:2378)
==625853==    by 0x400BFFA: main (tar.c:2792)
==625853== 
==625853== 96 bytes in 1 blocks are still reachable in loss record 26 of 37
==625853==    at 0x48C4E43: calloc (vg_replace_malloc.c:1678)
==625853==    by 0x40516F1: xcalloc (xmalloc.c:298)
==625853==    by 0x40516F1: xzalloc (xmalloc.c:283)
==625853==    by 0x4029932: make_name (names.c:596)
==625853==    by 0x4029932: addname (names.c:1233)
==625853==    by 0x4029AB7: name_gather (names.c:1218)
==625853==    by 0x402A4BC: collect_and_sort_names (names.c:1747)
==625853==    by 0x40175DD: create_archive (create.c:1352)
==625853==    by 0x400CD90: main (tar.c:2818)
==625853== 
==625853== 96 bytes in 1 blocks are still reachable in loss record 27 of 37
==625853==    at 0x48BD858: malloc (vg_replace_malloc.c:447)
==625853==    by 0x40512CC: xmalloc (xmalloc.c:45)
==625853==    by 0x401F446: make_directory (incremen.c:264)
==625853==    by 0x401F735: attach_directory (incremen.c:291)
==625853==    by 0x401F735: note_directory (incremen.c:338)
==625853==    by 0x4020348: procdir (incremen.c:531)
==625853==    by 0x4020C14: scan_directory (incremen.c:751)
==625853==    by 0x4029BDE: add_hierarchy_to_namelist (names.c:1610)
==625853==    by 0x402A940: collect_and_sort_names (names.c:1813)
==625853==    by 0x40175DD: create_archive (create.c:1352)
==625853==    by 0x400CD90: main (tar.c:2818)
==625853== 
==625853== 96 bytes in 1 blocks are still reachable in loss record 28 of 37
==625853==    at 0x48BD858: malloc (vg_replace_malloc.c:447)
==625853==    by 0x40512CC: xmalloc (xmalloc.c:45)
==625853==    by 0x401F446: make_directory (incremen.c:264)
==625853==    by 0x401F735: attach_directory (incremen.c:291)
==625853==    by 0x401F735: note_directory (incremen.c:338)
==625853==    by 0x4020348: procdir (incremen.c:531)
==625853==    by 0x4021100: scan_directory (incremen.c:822)
==625853==    by 0x4029BDE: add_hierarchy_to_namelist (names.c:1610)
==625853==    by 0x4029DF7: add_hierarchy_to_namelist (names.c:1677)
==625853==    by 0x402A940: collect_and_sort_names (names.c:1813)
==625853==    by 0x40175DD: create_archive (create.c:1352)
==625853==    by 0x400CD90: main (tar.c:2818)
==625853== 
==625853== 96 bytes in 1 blocks are still reachable in loss record 29 of 37
==625853==    at 0x48C4E43: calloc (vg_replace_malloc.c:1678)
==625853==    by 0x40516F1: xcalloc (xmalloc.c:298)
==625853==    by 0x40516F1: xzalloc (xmalloc.c:283)
==625853==    by 0x4029932: make_name (names.c:596)
==625853==    by 0x4029932: addname (names.c:1233)
==625853==    by 0x4029D1B: add_hierarchy_to_namelist (names.c:1645)
==625853==    by 0x4029DF7: add_hierarchy_to_namelist (names.c:1677)
==625853==    by 0x402A940: collect_and_sort_names (names.c:1813)
==625853==    by 0x40175DD: create_archive (create.c:1352)
==625853==    by 0x400CD90: main (tar.c:2818)
==625853== 
==625853== 102 bytes in 1 blocks are still reachable in loss record 30 of 37
==625853==    at 0x48BD858: malloc (vg_replace_malloc.c:447)
==625853==    by 0x40512CC: xmalloc (xmalloc.c:45)
==625853==    by 0x4029881: name_init (names.c:869)
==625853==    by 0x400C94C: main (tar.c:2794)
==625853== 
==625853== 140 bytes in 2 blocks are still reachable in loss record 31 of 37
==625853==    at 0x48BD858: malloc (vg_replace_malloc.c:447)
==625853==    by 0x40512CC: xmalloc (xmalloc.c:45)
==625853==    by 0x4027DDB: normalize_filename (misc.c:339)
==625853==    by 0x401F72A: attach_directory (incremen.c:290)
==625853==    by 0x401F72A: note_directory (incremen.c:338)
==625853==    by 0x4020348: procdir (incremen.c:531)
==625853==    by 0x4021100: scan_directory (incremen.c:822)
==625853==    by 0x4029BDE: add_hierarchy_to_namelist (names.c:1610)
==625853==    by 0x402A940: collect_and_sort_names (names.c:1813)
==625853==    by 0x40175DD: create_archive (create.c:1352)
==625853==    by 0x400CD90: main (tar.c:2818)
==625853== 
==625853== 176 bytes in 1 blocks are still reachable in loss record 32 of 37
==625853==    at 0x48C4E43: calloc (vg_replace_malloc.c:1678)
==625853==    by 0x404789C: hash_initialize (hash.c:544)
==625853==    by 0x401F807: note_directory (incremen.c:354)
==625853==    by 0x4020348: procdir (incremen.c:531)
==625853==    by 0x4020C14: scan_directory (incremen.c:751)
==625853==    by 0x4029BDE: add_hierarchy_to_namelist (names.c:1610)
==625853==    by 0x402A940: collect_and_sort_names (names.c:1813)
==625853==    by 0x40175DD: create_archive (create.c:1352)
==625853==    by 0x400CD90: main (tar.c:2818)
==625853== 
==625853== 176 bytes in 1 blocks are still reachable in loss record 33 of 37
==625853==    at 0x48C4E43: calloc (vg_replace_malloc.c:1678)
==625853==    by 0x404789C: hash_initialize (hash.c:544)
==625853==    by 0x401F837: note_directory (incremen.c:362)
==625853==    by 0x4020348: procdir (incremen.c:531)
==625853==    by 0x4020C14: scan_directory (incremen.c:751)
==625853==    by 0x4029BDE: add_hierarchy_to_namelist (names.c:1610)
==625853==    by 0x402A940: collect_and_sort_names (names.c:1813)
==625853==    by 0x40175DD: create_archive (create.c:1352)
==625853==    by 0x400CD90: main (tar.c:2818)
==625853== 
==625853== 192 bytes in 2 blocks are still reachable in loss record 34 of 37
==625853==    at 0x48BD858: malloc (vg_replace_malloc.c:447)
==625853==    by 0x40512CC: xmalloc (xmalloc.c:45)
==625853==    by 0x401F446: make_directory (incremen.c:264)
==625853==    by 0x401F735: attach_directory (incremen.c:291)
==625853==    by 0x401F735: note_directory (incremen.c:338)
==625853==    by 0x4020348: procdir (incremen.c:531)
==625853==    by 0x4021100: scan_directory (incremen.c:822)
==625853==    by 0x4029BDE: add_hierarchy_to_namelist (names.c:1610)
==625853==    by 0x402A940: collect_and_sort_names (names.c:1813)
==625853==    by 0x40175DD: create_archive (create.c:1352)
==625853==    by 0x400CD90: main (tar.c:2818)
==625853== 
==625853== 192 bytes in 2 blocks are still reachable in loss record 35 of 37
==625853==    at 0x48C4E43: calloc (vg_replace_malloc.c:1678)
==625853==    by 0x40516F1: xcalloc (xmalloc.c:298)
==625853==    by 0x40516F1: xzalloc (xmalloc.c:283)
==625853==    by 0x4029932: make_name (names.c:596)
==625853==    by 0x4029932: addname (names.c:1233)
==625853==    by 0x4029D1B: add_hierarchy_to_namelist (names.c:1645)
==625853==    by 0x402A940: collect_and_sort_names (names.c:1813)
==625853==    by 0x40175DD: create_archive (create.c:1352)
==625853==    by 0x400CD90: main (tar.c:2818)
==625853== 
==625853== 280 bytes in 4 blocks are still reachable in loss record 36 of 37
==625853==    at 0x48BD858: malloc (vg_replace_malloc.c:447)
==625853==    by 0x40512CC: xmalloc (xmalloc.c:45)
==625853==    by 0x4027DDB: normalize_filename (misc.c:339)
==625853==    by 0x402A6B2: collect_and_sort_names (names.c:1833)
==625853==    by 0x40175DD: create_archive (create.c:1352)
==625853==    by 0x400CD90: main (tar.c:2818)
==625853== 
==625853== 4,064 bytes in 1 blocks are still reachable in loss record 37 of 37
==625853==    at 0x48BD858: malloc (vg_replace_malloc.c:447)
==625853==    by 0x40512CC: xmalloc (xmalloc.c:45)
==625853==    by 0x404A07D: call_chunkfun (obstack.c:88)
==625853==    by 0x404A07D: _obstack_begin_worker.isra.0 (obstack.c:135)
==625853==    by 0x404A0A8: _obstack_begin (obstack.c:157)
==625853==    by 0x4032C57: _transform_name_to_obstack (transform.c:592)
==625853==    by 0x4032C57: transform_name_fp (transform.c:614)
==625853==    by 0x4016444: dump_file0 (create.c:1657)
==625853==    by 0x401782F: dump_file (create.c:1968)
==625853==    by 0x401782F: create_archive (create.c:1356)
==625853==    by 0x400CD90: main (tar.c:2818)
==625853== 
==625853== LEAK SUMMARY:
==625853==    definitely lost: 90 bytes in 4 blocks
==625853==    indirectly lost: 10 bytes in 2 blocks
==625853==      possibly lost: 0 bytes in 0 blocks
==625853==    still reachable: 6,517 bytes in 44 blocks
==625853==         suppressed: 0 bytes in 0 blocks
==625853== 
==625853== For lists of detected and suppressed errors, rerun with: -s
==625853== ERROR SUMMARY: 2 errors from 2 contexts (suppressed: 0 from 0)
