==627089== Memcheck, a memory error detector
==627089== Copyright (C) 2002-2024, and GNU GPL'd, by Julian Seward et al.
==627089== Using Valgrind-3.26.0 and LibVEX; rerun with -h for copyright info
==627089== Command: tar --create --file=archive.2 --listed-incremental=db.2 directory
==627089== Parent PID: 627013
==627089== 
==627089== 
==627089== FILE DESCRIPTORS: 1 open (1 inherited) at exit.
==627089== 
==627089== HEAP SUMMARY:
==627089==     in use at exit: 6,070 bytes in 36 blocks
==627089==   total heap usage: 177 allocs, 141 frees, 225,697 bytes allocated
==627089== 
==627089== 5 bytes in 1 blocks are still reachable in loss record 1 of 32
==627089==    at 0x48BD858: malloc (vg_replace_malloc.c:447)
==627089==    by 0x405185D: xmalloc (xmalloc.c:45)
==627089==    by 0x405185D: xmemdup (xmalloc.c:314)
==627089==    by 0x405185D: xstrdup (xmalloc.c:339)
==627089==    by 0x402644F: assign_string (misc.c:58)
==627089==    by 0x4029612: uid_to_uname (names.c:490)
==627089==    by 0x40155F3: start_header (create.c:931)
==627089==    by 0x40167F9: dump_dir0 (create.c:1123)
==627089==    by 0x40167F9: dump_dir (create.c:1320)
==627089==    by 0x40167F9: dump_file0 (create.c:1757)
==627089==    by 0x401782F: dump_file (create.c:1968)
==627089==    by 0x401782F: create_archive (create.c:1356)
==627089==    by 0x400CD90: main (tar.c:2818)
==627089== 
==627089== 5 bytes in 1 blocks are still reachable in loss record 2 of 32
==627089==    at 0x48BD858: malloc (vg_replace_malloc.c:447)
==627089==    by 0x405185D: xmalloc (xmalloc.c:45)
==627089==    by 0x405185D: xmemdup (xmalloc.c:314)
==627089==    by 0x405185D: xstrdup (xmalloc.c:339)
==627089==    by 0x402644F: assign_string (misc.c:58)
==627089==    by 0x40296A2: gid_to_gname (names.c:520)
==627089==    by 0x40155DB: start_header (create.c:936)
==627089==    by 0x40167F9: dump_dir0 (create.c:1123)
==627089==    by 0x40167F9: dump_dir (create.c:1320)
==627089==    by 0x40167F9: dump_file0 (create.c:1757)
==627089==    by 0x401782F: dump_file (create.c:1968)
==627089==    by 0x401782F: create_archive (create.c:1356)
==627089==    by 0x400CD90: main (tar.c:2818)
==627089== 
==627089== 9 bytes in 2 blocks are indirectly lost in loss record 3 of 32
==627089==    at 0x48BD858: malloc (vg_replace_malloc.c:447)
==627089==    by 0x40387DD: wsnode_quoteremoval (wordsplit.c:651)
==627089==    by 0x4039CFD: wordsplit_process_list (wordsplit.c:2390)
==627089==    by 0x403A562: wordsplit_run.constprop.0 (wordsplit.c:2434)
==627089==    by 0x400BFFA: parse_default_options (tar.c:2256)
==627089==    by 0x400BFFA: decode_options (tar.c:2378)
==627089==    by 0x400BFFA: main (tar.c:2792)
==627089== 
==627089== 9 bytes in 2 blocks are definitely lost in loss record 4 of 32
==627089==    at 0x48BD858: malloc (vg_replace_malloc.c:447)
==627089==    by 0x403A1FB: wordsplit_finish (wordsplit.c:836)
==627089==    by 0x400BFFA: parse_default_options (tar.c:2256)
==627089==    by 0x400BFFA: decode_options (tar.c:2378)
==627089==    by 0x400BFFA: main (tar.c:2792)
==627089== 
==627089== 10 bytes in 1 blocks are still reachable in loss record 5 of 32
==627089==    at 0x48BD858: malloc (vg_replace_malloc.c:447)
==627089==    by 0x405185D: xmalloc (xmalloc.c:45)
==627089==    by 0x405185D: xmemdup (xmalloc.c:314)
==627089==    by 0x405185D: xstrdup (xmalloc.c:339)
==627089==    by 0x402994B: make_name (names.c:599)
==627089==    by 0x402994B: addname (names.c:1233)
==627089==    by 0x4029AB7: name_gather (names.c:1218)
==627089==    by 0x402A4BC: collect_and_sort_names (names.c:1747)
==627089==    by 0x40175DD: create_archive (create.c:1352)
==627089==    by 0x400CD90: main (tar.c:2818)
==627089== 
==627089== 10 bytes in 1 blocks are still reachable in loss record 6 of 32
==627089==    at 0x48BD858: malloc (vg_replace_malloc.c:447)
==627089==    by 0x40512CC: xmalloc (xmalloc.c:45)
==627089==    by 0x401F481: make_directory (incremen.c:271)
==627089==    by 0x401F735: attach_directory (incremen.c:291)
==627089==    by 0x401F735: note_directory (incremen.c:338)
==627089==    by 0x4020348: procdir (incremen.c:531)
==627089==    by 0x4020C14: scan_directory (incremen.c:751)
==627089==    by 0x4029BDE: add_hierarchy_to_namelist (names.c:1610)
==627089==    by 0x402A940: collect_and_sort_names (names.c:1813)
==627089==    by 0x40175DD: create_archive (create.c:1352)
==627089==    by 0x400CD90: main (tar.c:2818)
==627089== 
==627089== 12 bytes in 1 blocks are still reachable in loss record 7 of 32
==627089==    at 0x48BD858: malloc (vg_replace_malloc.c:447)
==627089==    by 0x40512CC: xmalloc (xmalloc.c:45)
==627089==    by 0x401F481: make_directory (incremen.c:271)
==627089==    by 0x401F735: attach_directory (incremen.c:291)
==627089==    by 0x401F735: note_directory (incremen.c:338)
==627089==    by 0x4020348: procdir (incremen.c:531)
==627089==    by 0x4021100: scan_directory (incremen.c:822)
==627089==    by 0x4029BDE: add_hierarchy_to_namelist (names.c:1610)
==627089==    by 0x402A940: collect_and_sort_names (names.c:1813)
==627089==    by 0x40175DD: create_archive (create.c:1352)
==627089==    by 0x400CD90: main (tar.c:2818)
==627089== 
==627089== 12 bytes in 1 blocks are still reachable in loss record 8 of 32
==627089==    at 0x48BD858: malloc (vg_replace_malloc.c:447)
==627089==    by 0x405185D: xmalloc (xmalloc.c:45)
==627089==    by 0x405185D: xmemdup (xmalloc.c:314)
==627089==    by 0x405185D: xstrdup (xmalloc.c:339)
==627089==    by 0x402994B: make_name (names.c:599)
==627089==    by 0x402994B: addname (names.c:1233)
==627089==    by 0x4029D1B: add_hierarchy_to_namelist (names.c:1645)
==627089==    by 0x402A940: collect_and_sort_names (names.c:1813)
==627089==    by 0x40175DD: create_archive (create.c:1352)
==627089==    by 0x400CD90: main (tar.c:2818)
==627089== 
==627089== 16 bytes in 1 blocks are still reachable in loss record 9 of 32
==627089==    at 0x48C4E43: calloc (vg_replace_malloc.c:1678)
==627089==    by 0x40516F1: xcalloc (xmalloc.c:298)
==627089==    by 0x40516F1: xzalloc (xmalloc.c:283)
==627089==    by 0x400BEF9: decode_options (tar.c:2297)
==627089==    by 0x400BEF9: main (tar.c:2792)
==627089== 
==627089== 17 bytes in 1 blocks are still reachable in loss record 10 of 32
==627089==    at 0x48BD858: malloc (vg_replace_malloc.c:447)
==627089==    by 0x405185D: xmalloc (xmalloc.c:45)
==627089==    by 0x405185D: xmemdup (xmalloc.c:314)
==627089==    by 0x405185D: xstrdup (xmalloc.c:339)
==627089==    by 0x402644F: assign_string (misc.c:58)
==627089==    by 0x401E7A6: xheader_xhdr_name (xheader.c:393)
==627089==    by 0x4014297: write_extended.part.0 (create.c:713)
==627089==    by 0x4014896: write_extended (create.c:699)
==627089==    by 0x4014896: finish_header (create.c:1024)
==627089==    by 0x40171CF: dump_dir0 (create.c:1144)
==627089==    by 0x40171CF: dump_dir (create.c:1320)
==627089==    by 0x40171CF: dump_file0 (create.c:1757)
==627089==    by 0x401782F: dump_file (create.c:1968)
==627089==    by 0x401782F: create_archive (create.c:1356)
==627089==    by 0x400CD90: main (tar.c:2818)
==627089== 
==627089== 24 bytes in 1 blocks are still reachable in loss record 11 of 32
==627089==    at 0x48C4E43: calloc (vg_replace_malloc.c:1678)
==627089==    by 0x405174C: xcalloc (xmalloc.c:298)
==627089==    by 0x401F652: dumpdir_create0 (incremen.c:108)
==627089==    by 0x4020E38: makedumpdir (incremen.c:709)
==627089==    by 0x4020E38: scan_directory (incremen.c:766)
==627089==    by 0x4029BDE: add_hierarchy_to_namelist (names.c:1610)
==627089==    by 0x402A940: collect_and_sort_names (names.c:1813)
==627089==    by 0x40175DD: create_archive (create.c:1352)
==627089==    by 0x400CD90: main (tar.c:2818)
==627089== 
==627089== 24 bytes in 1 blocks are still reachable in loss record 12 of 32
==627089==    at 0x48C4E43: calloc (vg_replace_malloc.c:1678)
==627089==    by 0x405174C: xcalloc (xmalloc.c:298)
==627089==    by 0x401F652: dumpdir_create0 (incremen.c:108)
==627089==    by 0x4020E38: makedumpdir (incremen.c:709)
==627089==    by 0x4020E38: scan_directory (incremen.c:766)
==627089==    by 0x4029BDE: add_hierarchy_to_namelist (names.c:1610)
==627089==    by 0x4029DF7: add_hierarchy_to_namelist (names.c:1677)
==627089==    by 0x402A940: collect_and_sort_names (names.c:1813)
==627089==    by 0x40175DD: create_archive (create.c:1352)
==627089==    by 0x400CD90: main (tar.c:2818)
==627089== 
==627089== 32 bytes in 1 blocks are still reachable in loss record 13 of 32
==627089==    at 0x48BD858: malloc (vg_replace_malloc.c:447)
==627089==    by 0x40512CC: xmalloc (xmalloc.c:45)
==627089==    by 0x402F07B: optloc_save (tar.c:926)
==627089==    by 0x403020B: parse_opt (tar.c:1520)
==627089==    by 0x40421C3: group_parse (argp-parse.c:233)
==627089==    by 0x40421C3: parser_parse_opt (argp-parse.c:748)
==627089==    by 0x40421C3: parser_parse_next (argp-parse.c:859)
==627089==    by 0x40421C3: argp_parse (argp-parse.c:927)
==627089==    by 0x400C045: decode_options (tar.c:2380)
==627089==    by 0x400C045: main (tar.c:2792)
==627089== 
==627089== 39 bytes in 1 blocks are still reachable in loss record 14 of 32
==627089==    at 0x48BD858: malloc (vg_replace_malloc.c:447)
==627089==    by 0x40512CC: xmalloc (xmalloc.c:45)
==627089==    by 0x401F61C: dumpdir_create0 (incremen.c:103)
==627089==    by 0x4020E38: makedumpdir (incremen.c:709)
==627089==    by 0x4020E38: scan_directory (incremen.c:766)
==627089==    by 0x4029BDE: add_hierarchy_to_namelist (names.c:1610)
==627089==    by 0x402A940: collect_and_sort_names (names.c:1813)
==627089==    by 0x40175DD: create_archive (create.c:1352)
==627089==    by 0x400CD90: main (tar.c:2818)
==627089== 
==627089== 39 bytes in 1 blocks are still reachable in loss record 15 of 32
==627089==    at 0x48BD858: malloc (vg_replace_malloc.c:447)
==627089==    by 0x40512CC: xmalloc (xmalloc.c:45)
==627089==    by 0x401F61C: dumpdir_create0 (incremen.c:103)
==627089==    by 0x4020E38: makedumpdir (incremen.c:709)
==627089==    by 0x4020E38: scan_directory (incremen.c:766)
==627089==    by 0x4029BDE: add_hierarchy_to_namelist (names.c:1610)
==627089==    by 0x4029DF7: add_hierarchy_to_namelist (names.c:1677)
==627089==    by 0x402A940: collect_and_sort_names (names.c:1813)
==627089==    by 0x40175DD: create_archive (create.c:1352)
==627089==    by 0x400CD90: main (tar.c:2818)
==627089== 
==627089== 57 bytes in 1 blocks are still reachable in loss record 16 of 32
==627089==    at 0x48C507F: realloc (vg_replace_malloc.c:1804)
==627089==    by 0x4A1A327: getcwd (getcwd.c:86)
==627089==    by 0x4052EB3: getcwd (unistd.h:116)
==627089==    by 0x4052EB3: rpl_getcwd (getcwd.c:218)
==627089==    by 0x4051890: xgetcwd (xgetcwd.c:37)
==627089==    by 0x4027E44: tar_getcdpath (misc.c:1052)
==627089==    by 0x4027E44: normalize_filename (misc.c:332)
==627089==    by 0x401F72A: attach_directory (incremen.c:290)
==627089==    by 0x401F72A: note_directory (incremen.c:338)
==627089==    by 0x4020348: procdir (incremen.c:531)
==627089==    by 0x4020C14: scan_directory (incremen.c:751)
==627089==    by 0x4029BDE: add_hierarchy_to_namelist (names.c:1610)
==627089==    by 0x402A940: collect_and_sort_names (names.c:1813)
==627089==    by 0x40175DD: create_archive (create.c:1352)
==627089==    by 0x400CD90: main (tar.c:2818)
==627089== 
==627089== 67 bytes in 1 blocks are still reachable in loss record 17 of 32
==627089==    at 0x48BD858: malloc (vg_replace_malloc.c:447)
==627089==    by 0x40512CC: xmalloc (xmalloc.c:45)
==627089==    by 0x4027DDB: normalize_filename (misc.c:339)
==627089==    by 0x401F72A: attach_directory (incremen.c:290)
==627089==    by 0x401F72A: note_directory (incremen.c:338)
==627089==    by 0x4020348: procdir (incremen.c:531)
==627089==    by 0x4020C14: scan_directory (incremen.c:751)
==627089==    by 0x4029BDE: add_hierarchy_to_namelist (names.c:1610)
==627089==    by 0x402A940: collect_and_sort_names (names.c:1813)
==627089==    by 0x40175DD: create_archive (create.c:1352)
==627089==    by 0x400CD90: main (tar.c:2818)
==627089== 
==627089== 69 bytes in 1 blocks are still reachable in loss record 18 of 32
==627089==    at 0x48BD858: malloc (vg_replace_malloc.c:447)
==627089==    by 0x40512CC: xmalloc (xmalloc.c:45)
==627089==    by 0x4027DDB: normalize_filename (misc.c:339)
==627089==    by 0x401F72A: attach_directory (incremen.c:290)
==627089==    by 0x401F72A: note_directory (incremen.c:338)
==627089==    by 0x4020348: procdir (incremen.c:531)
==627089==    by 0x4021100: scan_directory (incremen.c:822)
==627089==    by 0x4029BDE: add_hierarchy_to_namelist (names.c:1610)
==627089==    by 0x402A940: collect_and_sort_names (names.c:1813)
==627089==    by 0x40175DD: create_archive (create.c:1352)
==627089==    by 0x400CD90: main (tar.c:2818)
==627089== 
==627089== 80 bytes in 1 blocks are still reachable in loss record 19 of 32
==627089==    at 0x48BD858: malloc (vg_replace_malloc.c:447)
==627089==    by 0x40512CC: xmalloc (xmalloc.c:45)
==627089==    by 0x400BE43: main (tar.c:2781)
==627089== 
==627089== 80 bytes in 1 blocks are still reachable in loss record 20 of 32
==627089==    at 0x48BD858: malloc (vg_replace_malloc.c:447)
==627089==    by 0x4047846: hash_initialize (hash.c:523)
==627089==    by 0x401F807: note_directory (incremen.c:354)
==627089==    by 0x4020348: procdir (incremen.c:531)
==627089==    by 0x4020C14: scan_directory (incremen.c:751)
==627089==    by 0x4029BDE: add_hierarchy_to_namelist (names.c:1610)
==627089==    by 0x402A940: collect_and_sort_names (names.c:1813)
==627089==    by 0x40175DD: create_archive (create.c:1352)
==627089==    by 0x400CD90: main (tar.c:2818)
==627089== 
==627089== 80 bytes in 1 blocks are still reachable in loss record 21 of 32
==627089==    at 0x48BD858: malloc (vg_replace_malloc.c:447)
==627089==    by 0x4047846: hash_initialize (hash.c:523)
==627089==    by 0x401F837: note_directory (incremen.c:362)
==627089==    by 0x4020348: procdir (incremen.c:531)
==627089==    by 0x4020C14: scan_directory (incremen.c:751)
==627089==    by 0x4029BDE: add_hierarchy_to_namelist (names.c:1610)
==627089==    by 0x402A940: collect_and_sort_names (names.c:1813)
==627089==    by 0x40175DD: create_archive (create.c:1352)
==627089==    by 0x400CD90: main (tar.c:2818)
==627089== 
==627089== 89 (80 direct, 9 indirect) bytes in 2 blocks are definitely lost in loss record 22 of 32
==627089==    at 0x48C4E43: calloc (vg_replace_malloc.c:1678)
==627089==    by 0x403959D: wsnode_new (wordsplit.c:422)
==627089==    by 0x403959D: wordsplit_add_segm (wordsplit.c:523)
==627089==    by 0x4039854: scan_word (wordsplit.c:2062)
==627089==    by 0x4039C7C: wordsplit_process_list (wordsplit.c:2358)
==627089==    by 0x403A562: wordsplit_run.constprop.0 (wordsplit.c:2434)
==627089==    by 0x400BFFA: parse_default_options (tar.c:2256)
==627089==    by 0x400BFFA: decode_options (tar.c:2378)
==627089==    by 0x400BFFA: main (tar.c:2792)
==627089== 
==627089== 96 bytes in 1 blocks are still reachable in loss record 23 of 32
==627089==    at 0x48C4E43: calloc (vg_replace_malloc.c:1678)
==627089==    by 0x40516F1: xcalloc (xmalloc.c:298)
==627089==    by 0x40516F1: xzalloc (xmalloc.c:283)
==627089==    by 0x4029932: make_name (names.c:596)
==627089==    by 0x4029932: addname (names.c:1233)
==627089==    by 0x4029AB7: name_gather (names.c:1218)
==627089==    by 0x402A4BC: collect_and_sort_names (names.c:1747)
==627089==    by 0x40175DD: create_archive (create.c:1352)
==627089==    by 0x400CD90: main (tar.c:2818)
==627089== 
==627089== 96 bytes in 1 blocks are still reachable in loss record 24 of 32
==627089==    at 0x48BD858: malloc (vg_replace_malloc.c:447)
==627089==    by 0x40512CC: xmalloc (xmalloc.c:45)
==627089==    by 0x401F446: make_directory (incremen.c:264)
==627089==    by 0x401F735: attach_directory (incremen.c:291)
==627089==    by 0x401F735: note_directory (incremen.c:338)
==627089==    by 0x4020348: procdir (incremen.c:531)
==627089==    by 0x4020C14: scan_directory (incremen.c:751)
==627089==    by 0x4029BDE: add_hierarchy_to_namelist (names.c:1610)
==627089==    by 0x402A940: collect_and_sort_names (names.c:1813)
==627089==    by 0x40175DD: create_archive (create.c:1352)
==627089==    by 0x400CD90: main (tar.c:2818)
==627089== 
==627089== 96 bytes in 1 blocks are still reachable in loss record 25 of 32
==627089==    at 0x48BD858: malloc (vg_replace_malloc.c:447)
==627089==    by 0x40512CC: xmalloc (xmalloc.c:45)
==627089==    by 0x401F446: make_directory (incremen.c:264)
==627089==    by 0x401F735: attach_directory (incremen.c:291)
==627089==    by 0x401F735: note_directory (incremen.c:338)
==627089==    by 0x4020348: procdir (incremen.c:531)
==627089==    by 0x4021100: scan_directory (incremen.c:822)
==627089==    by 0x4029BDE: add_hierarchy_to_namelist (names.c:1610)
==627089==    by 0x402A940: collect_and_sort_names (names.c:1813)
==627089==    by 0x40175DD: create_archive (create.c:1352)
==627089==    by 0x400CD90: main (tar.c:2818)
==627089== 
==627089== 96 bytes in 1 blocks are still reachable in loss record 26 of 32
==627089==    at 0x48C4E43: calloc (vg_replace_malloc.c:1678)
==627089==    by 0x40516F1: xcalloc (xmalloc.c:298)
==627089==    by 0x40516F1: xzalloc (xmalloc.c:283)
==627089==    by 0x4029932: make_name (names.c:596)
==627089==    by 0x4029932: addname (names.c:1233)
==627089==    by 0x4029D1B: add_hierarchy_to_namelist (names.c:1645)
==627089==    by 0x402A940: collect_and_sort_names (names.c:1813)
==627089==    by 0x40175DD: create_archive (create.c:1352)
==627089==    by 0x400CD90: main (tar.c:2818)
==627089== 
==627089== 102 bytes in 1 blocks are still reachable in loss record 27 of 32
==627089==    at 0x48BD858: malloc (vg_replace_malloc.c:447)
==627089==    by 0x40512CC: xmalloc (xmalloc.c:45)
==627089==    by 0x4029881: name_init (names.c:869)
==627089==    by 0x400C94C: main (tar.c:2794)
==627089== 
==627089== 136 bytes in 2 blocks are still reachable in loss record 28 of 32
==627089==    at 0x48BD858: malloc (vg_replace_malloc.c:447)
==627089==    by 0x40512CC: xmalloc (xmalloc.c:45)
==627089==    by 0x4027DDB: normalize_filename (misc.c:339)
==627089==    by 0x402A6B2: collect_and_sort_names (names.c:1833)
==627089==    by 0x40175DD: create_archive (create.c:1352)
==627089==    by 0x400CD90: main (tar.c:2818)
==627089== 
==627089== 176 bytes in 1 blocks are still reachable in loss record 29 of 32
==627089==    at 0x48C4E43: calloc (vg_replace_malloc.c:1678)
==627089==    by 0x404789C: hash_initialize (hash.c:544)
==627089==    by 0x401F807: note_directory (incremen.c:354)
==627089==    by 0x4020348: procdir (incremen.c:531)
==627089==    by 0x4020C14: scan_directory (incremen.c:751)
==627089==    by 0x4029BDE: add_hierarchy_to_namelist (names.c:1610)
==627089==    by 0x402A940: collect_and_sort_names (names.c:1813)
==627089==    by 0x40175DD: create_archive (create.c:1352)
==627089==    by 0x400CD90: main (tar.c:2818)
==627089== 
==627089== 176 bytes in 1 blocks are still reachable in loss record 30 of 32
==627089==    at 0x48C4E43: calloc (vg_replace_malloc.c:1678)
==627089==    by 0x404789C: hash_initialize (hash.c:544)
==627089==    by 0x401F837: note_directory (incremen.c:362)
==627089==    by 0x4020348: procdir (incremen.c:531)
==627089==    by 0x4020C14: scan_directory (incremen.c:751)
==627089==    by 0x4029BDE: add_hierarchy_to_namelist (names.c:1610)
==627089==    by 0x402A940: collect_and_sort_names (names.c:1813)
==627089==    by 0x40175DD: create_archive (create.c:1352)
==627089==    by 0x400CD90: main (tar.c:2818)
==627089== 
==627089== 256 bytes in 1 blocks are still reachable in loss record 31 of 32
==627089==    at 0x48BD858: malloc (vg_replace_malloc.c:447)
==627089==    by 0x40512CC: xmalloc (xmalloc.c:45)
==627089==    by 0x401D274: xattr_encode_keyword (xheader.c:833)
==627089==    by 0x401D274: xheader_print_n (xheader.c:876)
==627089==    by 0x401D4FB: xheader_print (xheader.c:899)
==627089==    by 0x401D4FB: code_time (xheader.c:1043)
==627089==    by 0x401D4FB: mtime_coder (xheader.c:1232)
==627089==    by 0x401527F: start_header (create.c:852)
==627089==    by 0x40167F9: dump_dir0 (create.c:1123)
==627089==    by 0x40167F9: dump_dir (create.c:1320)
==627089==    by 0x40167F9: dump_file0 (create.c:1757)
==627089==    by 0x401782F: dump_file (create.c:1968)
==627089==    by 0x401782F: create_archive (create.c:1356)
==627089==    by 0x400CD90: main (tar.c:2818)
==627089== 
==627089== 4,064 bytes in 1 blocks are still reachable in loss record 32 of 32
==627089==    at 0x48BD858: malloc (vg_replace_malloc.c:447)
==627089==    by 0x40512CC: xmalloc (xmalloc.c:45)
==627089==    by 0x404A07D: call_chunkfun (obstack.c:88)
==627089==    by 0x404A07D: _obstack_begin_worker.isra.0 (obstack.c:135)
==627089==    by 0x404A0A8: _obstack_begin (obstack.c:157)
==627089==    by 0x4032C57: _transform_name_to_obstack (transform.c:592)
==627089==    by 0x4032C57: transform_name_fp (transform.c:614)
==627089==    by 0x4016444: dump_file0 (create.c:1657)
==627089==    by 0x401782F: dump_file (create.c:1968)
==627089==    by 0x401782F: create_archive (create.c:1356)
==627089==    by 0x400CD90: main (tar.c:2818)
==627089== 
==627089== LEAK SUMMARY:
==627089==    definitely lost: 89 bytes in 4 blocks
==627089==    indirectly lost: 9 bytes in 2 blocks
==627089==      possibly lost: 0 bytes in 0 blocks
==627089==    still reachable: 5,972 bytes in 30 blocks
==627089==         suppressed: 0 bytes in 0 blocks
==627089== 
==627089== For lists of detected and suppressed errors, rerun with: -s
==627089== ERROR SUMMARY: 2 errors from 2 contexts (suppressed: 0 from 0)
