==627124== Memcheck, a memory error detector
==627124== Copyright (C) 2002-2024, and GNU GPL'd, by Julian Seward et al.
==627124== Using Valgrind-3.26.0 and LibVEX; rerun with -h for copyright info
==627124== Command: tar -xf archive.2 --listed-incremental=/dev/null --warning=no-timestamp
==627124== Parent PID: 627013
==627124== 
==627124== 
==627124== FILE DESCRIPTORS: 1 open (1 inherited) at exit.
==627124== 
==627124== HEAP SUMMARY:
==627124==     in use at exit: 4,402 bytes in 13 blocks
==627124==   total heap usage: 107 allocs, 94 frees, 191,893 bytes allocated
==627124== 
==627124== 5 bytes in 1 blocks are still reachable in loss record 1 of 10
==627124==    at 0x48BD858: malloc (vg_replace_malloc.c:447)
==627124==    by 0x405185D: xmalloc (xmalloc.c:45)
==627124==    by 0x405185D: xmemdup (xmalloc.c:314)
==627124==    by 0x405185D: xstrdup (xmalloc.c:339)
==627124==    by 0x402644F: assign_string (misc.c:58)
==627124==    by 0x402973C: uname_to_uid (names.c:550)
==627124==    by 0x402457F: decode_header (list.c:694)
==627124==    by 0x4025616: read_and (list.c:194)
==627124==    by 0x400CD61: main (tar.c:2823)
==627124== 
==627124== 5 bytes in 1 blocks are still reachable in loss record 2 of 10
==627124==    at 0x48BD858: malloc (vg_replace_malloc.c:447)
==627124==    by 0x405185D: xmalloc (xmalloc.c:45)
==627124==    by 0x405185D: xmemdup (xmalloc.c:314)
==627124==    by 0x405185D: xstrdup (xmalloc.c:339)
==627124==    by 0x402644F: assign_string (misc.c:58)
==627124==    by 0x40297DC: gname_to_gid (names.c:580)
==627124==    by 0x402455F: decode_header (list.c:699)
==627124==    by 0x4025616: read_and (list.c:194)
==627124==    by 0x400CD61: main (tar.c:2823)
==627124== 
==627124== 9 bytes in 2 blocks are indirectly lost in loss record 3 of 10
==627124==    at 0x48BD858: malloc (vg_replace_malloc.c:447)
==627124==    by 0x40387DD: wsnode_quoteremoval (wordsplit.c:651)
==627124==    by 0x4039CFD: wordsplit_process_list (wordsplit.c:2390)
==627124==    by 0x403A562: wordsplit_run.constprop.0 (wordsplit.c:2434)
==627124==    by 0x400BFFA: parse_default_options (tar.c:2256)
==627124==    by 0x400BFFA: decode_options (tar.c:2378)
==627124==    by 0x400BFFA: main (tar.c:2792)
==627124== 
==627124== 9 bytes in 2 blocks are definitely lost in loss record 4 of 10
==627124==    at 0x48BD858: malloc (vg_replace_malloc.c:447)
==627124==    by 0x403A1FB: wordsplit_finish (wordsplit.c:836)
==627124==    by 0x400BFFA: parse_default_options (tar.c:2256)
==627124==    by 0x400BFFA: decode_options (tar.c:2378)
==627124==    by 0x400BFFA: main (tar.c:2792)
==627124== 
==627124== 16 bytes in 1 blocks are still reachable in loss record 5 of 10
==627124==    at 0x48C4E43: calloc (vg_replace_malloc.c:1678)
==627124==    by 0x40516F1: xcalloc (xmalloc.c:298)
==627124==    by 0x40516F1: xzalloc (xmalloc.c:283)
==627124==    by 0x400BEF9: decode_options (tar.c:2297)
==627124==    by 0x400BEF9: main (tar.c:2792)
==627124== 
==627124== 32 bytes in 1 blocks are still reachable in loss record 6 of 10
==627124==    at 0x48BD858: malloc (vg_replace_malloc.c:447)
==627124==    by 0x40512CC: xmalloc (xmalloc.c:45)
==627124==    by 0x402F07B: optloc_save (tar.c:926)
==627124==    by 0x403020B: parse_opt (tar.c:1520)
==627124==    by 0x40421C3: group_parse (argp-parse.c:233)
==627124==    by 0x40421C3: parser_parse_opt (argp-parse.c:748)
==627124==    by 0x40421C3: parser_parse_next (argp-parse.c:859)
==627124==    by 0x40421C3: argp_parse (argp-parse.c:927)
==627124==    by 0x400C045: decode_options (tar.c:2380)
==627124==    by 0x400C045: main (tar.c:2792)
==627124== 
==627124== 80 bytes in 1 blocks are still reachable in loss record 7 of 10
==627124==    at 0x48BD858: malloc (vg_replace_malloc.c:447)
==627124==    by 0x40512CC: xmalloc (xmalloc.c:45)
==627124==    by 0x400BE43: main (tar.c:2781)
==627124== 
==627124== 89 (80 direct, 9 indirect) bytes in 2 blocks are definitely lost in loss record 8 of 10
==627124==    at 0x48C4E43: calloc (vg_replace_malloc.c:1678)
==627124==    by 0x403959D: wsnode_new (wordsplit.c:422)
==627124==    by 0x403959D: wordsplit_add_segm (wordsplit.c:523)
==627124==    by 0x4039854: scan_word (wordsplit.c:2062)
==627124==    by 0x4039C7C: wordsplit_process_list (wordsplit.c:2358)
==627124==    by 0x403A562: wordsplit_run.constprop.0 (wordsplit.c:2434)
==627124==    by 0x400BFFA: parse_default_options (tar.c:2256)
==627124==    by 0x400BFFA: decode_options (tar.c:2378)
==627124==    by 0x400BFFA: main (tar.c:2792)
==627124== 
==627124== 102 bytes in 1 blocks are still reachable in loss record 9 of 10
==627124==    at 0x48BD858: malloc (vg_replace_malloc.c:447)
==627124==    by 0x40512CC: xmalloc (xmalloc.c:45)
==627124==    by 0x4029881: name_init (names.c:869)
==627124==    by 0x400C94C: main (tar.c:2794)
==627124== 
==627124== 4,064 bytes in 1 blocks are still reachable in loss record 10 of 10
==627124==    at 0x48BD858: malloc (vg_replace_malloc.c:447)
==627124==    by 0x40512CC: xmalloc (xmalloc.c:45)
==627124==    by 0x404A07D: call_chunkfun (obstack.c:88)
==627124==    by 0x404A07D: _obstack_begin_worker.isra.0 (obstack.c:135)
==627124==    by 0x404A0A8: _obstack_begin (obstack.c:157)
==627124==    by 0x4032C57: _transform_name_to_obstack (transform.c:592)
==627124==    by 0x4032C57: transform_name_fp (transform.c:614)
==627124==    by 0x4023670: transform_member_name (list.c:114)
==627124==    by 0x4023670: transform_stat_info.part.0 (list.c:150)
==627124==    by 0x4025850: transform_stat_info (list.c:227)
==627124==    by 0x4025850: read_and (list.c:227)
==627124==    by 0x400CD61: main (tar.c:2823)
==627124== 
==627124== LEAK SUMMARY:
==627124==    definitely lost: 89 bytes in 4 blocks
==627124==    indirectly lost: 9 bytes in 2 blocks
==627124==      possibly lost: 0 bytes in 0 blocks
==627124==    still reachable: 4,304 bytes in 7 blocks
==627124==         suppressed: 0 bytes in 0 blocks
==627124== 
==627124== For lists of detected and suppressed errors, rerun with: -s
==627124== ERROR SUMMARY: 2 errors from 2 contexts (suppressed: 0 from 0)
