==691176== Memcheck, a memory error detector
==691176== Copyright (C) 2002-2024, and GNU GPL'd, by Julian Seward et al.
==691176== Using Valgrind-3.26.0 and LibVEX; rerun with -h for copyright info
==691176== Command: /tmp/rboxc-tar-behavior-umz_liig/exec/tar --delete -f archive.tar ./alpha.txt
==691176== Parent PID: 683658
==691176== 
==691176== 
==691176== FILE DESCRIPTORS: 1 open (1 inherited) at exit.
==691176== 
==691176== HEAP SUMMARY:
==691176==     in use at exit: 198 bytes in 3 blocks
==691176==   total heap usage: 36 allocs, 33 frees, 32,932 bytes allocated
==691176== 
==691176== 16 bytes in 1 blocks are still reachable in loss record 1 of 3
==691176==    at 0x5875E43: calloc (vg_replace_malloc.c:1678)
==691176==    by 0x469E5C1: rboxc_tar_xzalloc (in /root/rboxc/target/tar-child-prefix-candidate/release/rboxc)
==691176==    by 0x440DEB5: single_binary_main_tar (in /root/rboxc/target/tar-child-prefix-candidate/release/rboxc)
==691176==    by 0x5A18600: (below main) (libc_start_call_main.h:59)
==691176== 
==691176== 80 bytes in 1 blocks are still reachable in loss record 2 of 3
==691176==    at 0x586E858: malloc (vg_replace_malloc.c:447)
==691176==    by 0x469E19C: rboxc_tar_xmalloc (in /root/rboxc/target/tar-child-prefix-candidate/release/rboxc)
==691176==    by 0x440DDC0: single_binary_main_tar (in /root/rboxc/target/tar-child-prefix-candidate/release/rboxc)
==691176==    by 0x5A18600: (below main) (libc_start_call_main.h:59)
==691176== 
==691176== 102 bytes in 1 blocks are still reachable in loss record 3 of 3
==691176==    at 0x586E858: malloc (vg_replace_malloc.c:447)
==691176==    by 0x469E19C: rboxc_tar_xmalloc (in /root/rboxc/target/tar-child-prefix-candidate/release/rboxc)
==691176==    by 0x4673561: rboxc_tar_name_init (in /root/rboxc/target/tar-child-prefix-candidate/release/rboxc)
==691176==    by 0x440EE3A: single_binary_main_tar (in /root/rboxc/target/tar-child-prefix-candidate/release/rboxc)
==691176==    by 0x5A18600: (below main) (libc_start_call_main.h:59)
==691176== 
==691176== LEAK SUMMARY:
==691176==    definitely lost: 0 bytes in 0 blocks
==691176==    indirectly lost: 0 bytes in 0 blocks
==691176==      possibly lost: 0 bytes in 0 blocks
==691176==    still reachable: 198 bytes in 3 blocks
==691176==         suppressed: 0 bytes in 0 blocks
==691176== 
==691176== For lists of detected and suppressed errors, rerun with: -s
==691176== ERROR SUMMARY: 0 errors from 0 contexts (suppressed: 0 from 0)
