==648346== Memcheck, a memory error detector
==648346== Copyright (C) 2002-2024, and GNU GPL'd, by Julian Seward et al.
==648346== Using Valgrind-3.26.0 and LibVEX; rerun with -h for copyright info
==648346== Command: /tmp/rboxc-tar-behavior-hx9eylk1/exec/tar --version
==648346== Parent PID: 635373
==648346== 
==648346== 
==648346== FILE DESCRIPTORS: 3 open (2 inherited) at exit.
==648346== Open file descriptor 1: /dev/null
==648346==    at 0x4A1A9E6: open (open64.c:41)
==648346==    by 0x4050546: open (fcntl2.h:59)
==648346==    by 0x4050546: stdopen (stdopen.c:52)
==648346==    by 0x400BE26: main (tar.c:2773)
==648346== 
==648346== 
==648346== HEAP SUMMARY:
==648346==     in use at exit: 7,767 bytes in 3 blocks
==648346==   total heap usage: 15 allocs, 12 frees, 12,021 bytes allocated
==648346== 
==648346== 16 bytes in 1 blocks are still reachable in loss record 1 of 3
==648346==    at 0x48C4E43: calloc (vg_replace_malloc.c:1678)
==648346==    by 0x40516F1: xcalloc (xmalloc.c:298)
==648346==    by 0x40516F1: xzalloc (xmalloc.c:283)
==648346==    by 0x400BEF9: decode_options (tar.c:2297)
==648346==    by 0x400BEF9: main (tar.c:2792)
==648346== 
==648346== 80 bytes in 1 blocks are still reachable in loss record 2 of 3
==648346==    at 0x48BD858: malloc (vg_replace_malloc.c:447)
==648346==    by 0x40512CC: xmalloc (xmalloc.c:45)
==648346==    by 0x400BE43: main (tar.c:2781)
==648346== 
==648346== 7,671 bytes in 1 blocks are still reachable in loss record 3 of 3
==648346==    at 0x48BD858: malloc (vg_replace_malloc.c:447)
==648346==    by 0x4041854: parser_init (argp-parse.c:495)
==648346==    by 0x4041854: argp_parse (argp-parse.c:921)
==648346==    by 0x400C045: decode_options (tar.c:2380)
==648346==    by 0x400C045: main (tar.c:2792)
==648346== 
==648346== LEAK SUMMARY:
==648346==    definitely lost: 0 bytes in 0 blocks
==648346==    indirectly lost: 0 bytes in 0 blocks
==648346==      possibly lost: 0 bytes in 0 blocks
==648346==    still reachable: 7,767 bytes in 3 blocks
==648346==         suppressed: 0 bytes in 0 blocks
==648346== 
==648346== For lists of detected and suppressed errors, rerun with: -s
==648346== ERROR SUMMARY: 1 errors from 1 contexts (suppressed: 0 from 0)
