==729567== Memcheck, a memory error detector
==729567== Copyright (C) 2002-2024, and GNU GPL'd, by Julian Seward et al.
==729567== Using Valgrind-3.26.0 and LibVEX; rerun with -h for copyright info
==729567== Command: /tmp/rboxc-gawk-original-xagmpcw3/deps/cat
==729567== Parent PID: 729564
==729567== 
==729567== 
==729567== FILE DESCRIPTORS: 2 open (0 inherited) at exit.
==729567== Open file descriptor 4:
==729567==    at 0x537FB8D: pipe (pipe.c:29)
==729567==    by 0x411A7E1: pipe_safer (pipe-safer.c:33)
==729567==    by 0x403683B: splice_cat (cat.c:578)
==729567==    by 0x4037923: single_binary_main_cat (cat.c:899)
==729567==    by 0x401A532: launch_program (coreutils.c:126)
==729567==    by 0x4018E7A: main (coreutils.c:143)
==729567== 
==729567== Open file descriptor 3:
==729567==    at 0x537FB8D: pipe (pipe.c:29)
==729567==    by 0x411A7E1: pipe_safer (pipe-safer.c:33)
==729567==    by 0x403683B: splice_cat (cat.c:578)
==729567==    by 0x4037923: single_binary_main_cat (cat.c:899)
==729567==    by 0x401A532: launch_program (coreutils.c:126)
==729567==    by 0x4018E7A: main (coreutils.c:143)
==729567== 
==729567== 
==729567== HEAP SUMMARY:
==729567==     in use at exit: 0 bytes in 0 blocks
==729567==   total heap usage: 3 allocs, 3 frees, 82 bytes allocated
==729567== 
==729567== All heap blocks were freed -- no leaks are possible
==729567== 
==729567== For lists of detected and suppressed errors, rerun with: -s
==729567== ERROR SUMMARY: 2 errors from 2 contexts (suppressed: 0 from 0)
