==706372== Memcheck, a memory error detector
==706372== Copyright (C) 2002-2024, and GNU GPL'd, by Julian Seward et al.
==706372== Using Valgrind-3.26.0 and LibVEX; rerun with -h for copyright info
==706372== Command: /tmp/rboxc-tar-behavior-t7zpaunj/exec/tar -xf archive.tar -C out --transform=s/alpha/renamed/
==706372== Parent PID: 705177
==706372== 
==706372== 
==706372== FILE DESCRIPTORS: 1 open (1 inherited) at exit.
==706372== 
==706372== HEAP SUMMARY:
==706372==     in use at exit: 18,328 bytes in 52 blocks
==706372==   total heap usage: 165 allocs, 113 frees, 63,577 bytes allocated
==706372== 
==706372== 4 bytes in 1 blocks are still reachable in loss record 1 of 32
==706372==    at 0x586E858: malloc (vg_replace_malloc.c:447)
==706372==    by 0x5AF9BBB: re_node_set_init_copy (regex_internal.c:1034)
==706372==    by 0x5AF9BBB: create_cd_newstate (regex_internal.c:1690)
==706372==    by 0x5AF9BBB: re_acquire_state_context (regex_internal.c:1562)
==706372==    by 0x5B05FD1: create_initial_state (regcomp.c:1051)
==706372==    by 0x5B05FD1: re_compile_internal (regcomp.c:807)
==706372==    by 0x5B06EA8: regcomp (regcomp.c:491)
==706372==    by 0x4679256: parse_transform_expr (in /root/rboxc/target/tar-child-input-candidate/release/rboxc)
==706372==    by 0x4679844: rboxc_tar_set_transform_expr (in /root/rboxc/target/tar-child-input-candidate/release/rboxc)
==706372==    by 0x44057FD: rboxc::applet_tar::parse_opt (in /root/rboxc/target/tar-child-input-candidate/release/rboxc)
==706372==    by 0x468D243: rboxc_tar_argp_parse (in /root/rboxc/target/tar-child-input-candidate/release/rboxc)
==706372==    by 0x440E425: single_binary_main_tar (in /root/rboxc/target/tar-child-input-candidate/release/rboxc)
==706372==    by 0x5A18600: (below main) (libc_start_call_main.h:59)
==706372== 
==706372== 4 bytes in 1 blocks are still reachable in loss record 2 of 32
==706372==    at 0x586E858: malloc (vg_replace_malloc.c:447)
==706372==    by 0x5AF25D5: re_node_set_alloc (regex_internal.c:973)
==706372==    by 0x5AF25D5: register_state (regex_internal.c:1583)
==706372==    by 0x5AF9D8E: create_cd_newstate (regex_internal.c:1746)
==706372==    by 0x5AF9D8E: re_acquire_state_context (regex_internal.c:1562)
==706372==    by 0x5B05FD1: create_initial_state (regcomp.c:1051)
==706372==    by 0x5B05FD1: re_compile_internal (regcomp.c:807)
==706372==    by 0x5B06EA8: regcomp (regcomp.c:491)
==706372==    by 0x4679256: parse_transform_expr (in /root/rboxc/target/tar-child-input-candidate/release/rboxc)
==706372==    by 0x4679844: rboxc_tar_set_transform_expr (in /root/rboxc/target/tar-child-input-candidate/release/rboxc)
==706372==    by 0x44057FD: rboxc::applet_tar::parse_opt (in /root/rboxc/target/tar-child-input-candidate/release/rboxc)
==706372==    by 0x468D243: rboxc_tar_argp_parse (in /root/rboxc/target/tar-child-input-candidate/release/rboxc)
==706372==    by 0x440E425: single_binary_main_tar (in /root/rboxc/target/tar-child-input-candidate/release/rboxc)
==706372==    by 0x5A18600: (below main) (libc_start_call_main.h:59)
==706372== 
==706372== 5 bytes in 1 blocks are still reachable in loss record 3 of 32
==706372==    at 0x586E858: malloc (vg_replace_malloc.c:447)
==706372==    by 0x469E7ED: rboxc_tar_xstrdup (in /root/rboxc/target/tar-child-input-candidate/release/rboxc)
==706372==    by 0x467004F: rboxc_tar_assign_string (in /root/rboxc/target/tar-child-input-candidate/release/rboxc)
==706372==    by 0x467345C: rboxc_tar_uname_to_uid (in /root/rboxc/target/tar-child-input-candidate/release/rboxc)
==706372==    by 0x466E0BF: rboxc_tar_decode_header (in /root/rboxc/target/tar-child-input-candidate/release/rboxc)
==706372==    by 0x466F156: rboxc_tar_read_and (in /root/rboxc/target/tar-child-input-candidate/release/rboxc)
==706372==    by 0x440F040: single_binary_main_tar (in /root/rboxc/target/tar-child-input-candidate/release/rboxc)
==706372==    by 0x5A18600: (below main) (libc_start_call_main.h:59)
==706372== 
==706372== 5 bytes in 1 blocks are still reachable in loss record 4 of 32
==706372==    at 0x586E858: malloc (vg_replace_malloc.c:447)
==706372==    by 0x469E7ED: rboxc_tar_xstrdup (in /root/rboxc/target/tar-child-input-candidate/release/rboxc)
==706372==    by 0x467004F: rboxc_tar_assign_string (in /root/rboxc/target/tar-child-input-candidate/release/rboxc)
==706372==    by 0x46734FC: rboxc_tar_gname_to_gid (in /root/rboxc/target/tar-child-input-candidate/release/rboxc)
==706372==    by 0x466E09F: rboxc_tar_decode_header (in /root/rboxc/target/tar-child-input-candidate/release/rboxc)
==706372==    by 0x466F156: rboxc_tar_read_and (in /root/rboxc/target/tar-child-input-candidate/release/rboxc)
==706372==    by 0x440F040: single_binary_main_tar (in /root/rboxc/target/tar-child-input-candidate/release/rboxc)
==706372==    by 0x5A18600: (below main) (libc_start_call_main.h:59)
==706372== 
==706372== 8 bytes in 1 blocks are still reachable in loss record 5 of 32
==706372==    at 0x586E858: malloc (vg_replace_malloc.c:447)
==706372==    by 0x469E25C: rboxc_tar_xmalloc (in /root/rboxc/target/tar-child-input-candidate/release/rboxc)
==706372==    by 0x4678F4D: add_literal_segment (in /root/rboxc/target/tar-child-input-candidate/release/rboxc)
==706372==    by 0x46793F7: parse_transform_expr (in /root/rboxc/target/tar-child-input-candidate/release/rboxc)
==706372==    by 0x4679844: rboxc_tar_set_transform_expr (in /root/rboxc/target/tar-child-input-candidate/release/rboxc)
==706372==    by 0x44057FD: rboxc::applet_tar::parse_opt (in /root/rboxc/target/tar-child-input-candidate/release/rboxc)
==706372==    by 0x468D243: rboxc_tar_argp_parse (in /root/rboxc/target/tar-child-input-candidate/release/rboxc)
==706372==    by 0x440E425: single_binary_main_tar (in /root/rboxc/target/tar-child-input-candidate/release/rboxc)
==706372==    by 0x5A18600: (below main) (libc_start_call_main.h:59)
==706372== 
==706372== 8 bytes in 2 blocks are still reachable in loss record 6 of 32
==706372==    at 0x586E858: malloc (vg_replace_malloc.c:447)
==706372==    by 0x5AFB0BD: re_node_set_init_copy (regex_internal.c:1034)
==706372==    by 0x5AFB0BD: create_cd_newstate (regex_internal.c:1690)
==706372==    by 0x5AFB0BD: re_acquire_state_context (regex_internal.c:1562)
==706372==    by 0x5AFB0BD: build_trtable (regexec.c:3331)
==706372==    by 0x5AFF847: transit_state (regexec.c:2257)
==706372==    by 0x5AFF847: check_matching (regexec.c:1120)
==706372==    by 0x5AFF847: re_search_internal (regexec.c:792)
==706372==    by 0x5B07259: regexec@@GLIBC_2.3.4 (regexec.c:219)
==706372==    by 0x467999A: rboxc_tar_transform_name_fp (in /root/rboxc/target/tar-child-input-candidate/release/rboxc)
==706372==    by 0x466D1B0: transform_stat_info.part.0 (in /root/rboxc/target/tar-child-input-candidate/release/rboxc)
==706372==    by 0x466F390: rboxc_tar_read_and (in /root/rboxc/target/tar-child-input-candidate/release/rboxc)
==706372==    by 0x440F040: single_binary_main_tar (in /root/rboxc/target/tar-child-input-candidate/release/rboxc)
==706372==    by 0x5A18600: (below main) (libc_start_call_main.h:59)
==706372== 
==706372== 8 bytes in 2 blocks are still reachable in loss record 7 of 32
==706372==    at 0x586E858: malloc (vg_replace_malloc.c:447)
==706372==    by 0x5AF25D5: re_node_set_alloc (regex_internal.c:973)
==706372==    by 0x5AF25D5: register_state (regex_internal.c:1583)
==706372==    by 0x5AFB393: create_cd_newstate (regex_internal.c:1746)
==706372==    by 0x5AFB393: re_acquire_state_context (regex_internal.c:1562)
==706372==    by 0x5AFB393: build_trtable (regexec.c:3331)
==706372==    by 0x5AFF847: transit_state (regexec.c:2257)
==706372==    by 0x5AFF847: check_matching (regexec.c:1120)
==706372==    by 0x5AFF847: re_search_internal (regexec.c:792)
==706372==    by 0x5B07259: regexec@@GLIBC_2.3.4 (regexec.c:219)
==706372==    by 0x467999A: rboxc_tar_transform_name_fp (in /root/rboxc/target/tar-child-input-candidate/release/rboxc)
==706372==    by 0x466D1B0: transform_stat_info.part.0 (in /root/rboxc/target/tar-child-input-candidate/release/rboxc)
==706372==    by 0x466F390: rboxc_tar_read_and (in /root/rboxc/target/tar-child-input-candidate/release/rboxc)
==706372==    by 0x440F040: single_binary_main_tar (in /root/rboxc/target/tar-child-input-candidate/release/rboxc)
==706372==    by 0x5A18600: (below main) (libc_start_call_main.h:59)
==706372== 
==706372== 12 bytes in 3 blocks are still reachable in loss record 8 of 32
==706372==    at 0x586E858: malloc (vg_replace_malloc.c:447)
==706372==    by 0x5AFB0BD: re_node_set_init_copy (regex_internal.c:1034)
==706372==    by 0x5AFB0BD: create_cd_newstate (regex_internal.c:1690)
==706372==    by 0x5AFB0BD: re_acquire_state_context (regex_internal.c:1562)
==706372==    by 0x5AFB0BD: build_trtable (regexec.c:3331)
==706372==    by 0x5AFF847: transit_state (regexec.c:2257)
==706372==    by 0x5AFF847: check_matching (regexec.c:1120)
==706372==    by 0x5AFF847: re_search_internal (regexec.c:792)
==706372==    by 0x5B07259: regexec@@GLIBC_2.3.4 (regexec.c:219)
==706372==    by 0x467999A: rboxc_tar_transform_name_fp (in /root/rboxc/target/tar-child-input-candidate/release/rboxc)
==706372==    by 0x466D20F: transform_stat_info.part.0 (in /root/rboxc/target/tar-child-input-candidate/release/rboxc)
==706372==    by 0x466F390: rboxc_tar_read_and (in /root/rboxc/target/tar-child-input-candidate/release/rboxc)
==706372==    by 0x440F040: single_binary_main_tar (in /root/rboxc/target/tar-child-input-candidate/release/rboxc)
==706372==    by 0x5A18600: (below main) (libc_start_call_main.h:59)
==706372== 
==706372== 12 bytes in 3 blocks are still reachable in loss record 9 of 32
==706372==    at 0x586E858: malloc (vg_replace_malloc.c:447)
==706372==    by 0x5AF25D5: re_node_set_alloc (regex_internal.c:973)
==706372==    by 0x5AF25D5: register_state (regex_internal.c:1583)
==706372==    by 0x5AFB393: create_cd_newstate (regex_internal.c:1746)
==706372==    by 0x5AFB393: re_acquire_state_context (regex_internal.c:1562)
==706372==    by 0x5AFB393: build_trtable (regexec.c:3331)
==706372==    by 0x5AFF847: transit_state (regexec.c:2257)
==706372==    by 0x5AFF847: check_matching (regexec.c:1120)
==706372==    by 0x5AFF847: re_search_internal (regexec.c:792)
==706372==    by 0x5B07259: regexec@@GLIBC_2.3.4 (regexec.c:219)
==706372==    by 0x467999A: rboxc_tar_transform_name_fp (in /root/rboxc/target/tar-child-input-candidate/release/rboxc)
==706372==    by 0x466D20F: transform_stat_info.part.0 (in /root/rboxc/target/tar-child-input-candidate/release/rboxc)
==706372==    by 0x466F390: rboxc_tar_read_and (in /root/rboxc/target/tar-child-input-candidate/release/rboxc)
==706372==    by 0x440F040: single_binary_main_tar (in /root/rboxc/target/tar-child-input-candidate/release/rboxc)
==706372==    by 0x5A18600: (below main) (libc_start_call_main.h:59)
==706372== 
==706372== 16 bytes in 1 blocks are still reachable in loss record 10 of 32
==706372==    at 0x5875E43: calloc (vg_replace_malloc.c:1678)
==706372==    by 0x469E681: rboxc_tar_xzalloc (in /root/rboxc/target/tar-child-input-candidate/release/rboxc)
==706372==    by 0x440DEF5: single_binary_main_tar (in /root/rboxc/target/tar-child-input-candidate/release/rboxc)
==706372==    by 0x5A18600: (below main) (libc_start_call_main.h:59)
==706372== 
==706372== 16 bytes in 1 blocks are still reachable in loss record 11 of 32
==706372==    at 0x587607F: realloc (vg_replace_malloc.c:1804)
==706372==    by 0x5AF26D3: register_state (regex_internal.c:1598)
==706372==    by 0x5AF9D8E: create_cd_newstate (regex_internal.c:1746)
==706372==    by 0x5AF9D8E: re_acquire_state_context (regex_internal.c:1562)
==706372==    by 0x5B05FD1: create_initial_state (regcomp.c:1051)
==706372==    by 0x5B05FD1: re_compile_internal (regcomp.c:807)
==706372==    by 0x5B06EA8: regcomp (regcomp.c:491)
==706372==    by 0x4679256: parse_transform_expr (in /root/rboxc/target/tar-child-input-candidate/release/rboxc)
==706372==    by 0x4679844: rboxc_tar_set_transform_expr (in /root/rboxc/target/tar-child-input-candidate/release/rboxc)
==706372==    by 0x44057FD: rboxc::applet_tar::parse_opt (in /root/rboxc/target/tar-child-input-candidate/release/rboxc)
==706372==    by 0x468D243: rboxc_tar_argp_parse (in /root/rboxc/target/tar-child-input-candidate/release/rboxc)
==706372==    by 0x440E425: single_binary_main_tar (in /root/rboxc/target/tar-child-input-candidate/release/rboxc)
==706372==    by 0x5A18600: (below main) (libc_start_call_main.h:59)
==706372== 
==706372== 24 bytes in 1 blocks are still reachable in loss record 12 of 32
==706372==    at 0x586E858: malloc (vg_replace_malloc.c:447)
==706372==    by 0x5B05369: analyze (regcomp.c:1170)
==706372==    by 0x5B05369: re_compile_internal (regcomp.c:796)
==706372==    by 0x5B06EA8: regcomp (regcomp.c:491)
==706372==    by 0x4679256: parse_transform_expr (in /root/rboxc/target/tar-child-input-candidate/release/rboxc)
==706372==    by 0x4679844: rboxc_tar_set_transform_expr (in /root/rboxc/target/tar-child-input-candidate/release/rboxc)
==706372==    by 0x44057FD: rboxc::applet_tar::parse_opt (in /root/rboxc/target/tar-child-input-candidate/release/rboxc)
==706372==    by 0x468D243: rboxc_tar_argp_parse (in /root/rboxc/target/tar-child-input-candidate/release/rboxc)
==706372==    by 0x440E425: single_binary_main_tar (in /root/rboxc/target/tar-child-input-candidate/release/rboxc)
==706372==    by 0x5A18600: (below main) (libc_start_call_main.h:59)
==706372== 
==706372== 24 bytes in 6 blocks are still reachable in loss record 13 of 32
==706372==    at 0x586E858: malloc (vg_replace_malloc.c:447)
==706372==    by 0x5B015C5: re_node_set_alloc (regex_internal.c:973)
==706372==    by 0x5B015C5: calc_eclosure_iter (regcomp.c:1700)
==706372==    by 0x5B059B5: calc_eclosure (regcomp.c:1678)
==706372==    by 0x5B059B5: analyze (regcomp.c:1205)
==706372==    by 0x5B059B5: re_compile_internal (regcomp.c:796)
==706372==    by 0x5B06EA8: regcomp (regcomp.c:491)
==706372==    by 0x4679256: parse_transform_expr (in /root/rboxc/target/tar-child-input-candidate/release/rboxc)
==706372==    by 0x4679844: rboxc_tar_set_transform_expr (in /root/rboxc/target/tar-child-input-candidate/release/rboxc)
==706372==    by 0x44057FD: rboxc::applet_tar::parse_opt (in /root/rboxc/target/tar-child-input-candidate/release/rboxc)
==706372==    by 0x468D243: rboxc_tar_argp_parse (in /root/rboxc/target/tar-child-input-candidate/release/rboxc)
==706372==    by 0x440E425: single_binary_main_tar (in /root/rboxc/target/tar-child-input-candidate/release/rboxc)
==706372==    by 0x5A18600: (below main) (libc_start_call_main.h:59)
==706372== 
==706372== 32 bytes in 1 blocks are still reachable in loss record 14 of 32
==706372==    at 0x586E858: malloc (vg_replace_malloc.c:447)
==706372==    by 0x469E25C: rboxc_tar_xmalloc (in /root/rboxc/target/tar-child-input-candidate/release/rboxc)
==706372==    by 0x4678F11: add_literal_segment (in /root/rboxc/target/tar-child-input-candidate/release/rboxc)
==706372==    by 0x46793F7: parse_transform_expr (in /root/rboxc/target/tar-child-input-candidate/release/rboxc)
==706372==    by 0x4679844: rboxc_tar_set_transform_expr (in /root/rboxc/target/tar-child-input-candidate/release/rboxc)
==706372==    by 0x44057FD: rboxc::applet_tar::parse_opt (in /root/rboxc/target/tar-child-input-candidate/release/rboxc)
==706372==    by 0x468D243: rboxc_tar_argp_parse (in /root/rboxc/target/tar-child-input-candidate/release/rboxc)
==706372==    by 0x440E425: single_binary_main_tar (in /root/rboxc/target/tar-child-input-candidate/release/rboxc)
==706372==    by 0x5A18600: (below main) (libc_start_call_main.h:59)
==706372== 
==706372== 32 bytes in 2 blocks are still reachable in loss record 15 of 32
==706372==    at 0x587607F: realloc (vg_replace_malloc.c:1804)
==706372==    by 0x5AF26D3: register_state (regex_internal.c:1598)
==706372==    by 0x5AFB393: create_cd_newstate (regex_internal.c:1746)
==706372==    by 0x5AFB393: re_acquire_state_context (regex_internal.c:1562)
==706372==    by 0x5AFB393: build_trtable (regexec.c:3331)
==706372==    by 0x5AFF847: transit_state (regexec.c:2257)
==706372==    by 0x5AFF847: check_matching (regexec.c:1120)
==706372==    by 0x5AFF847: re_search_internal (regexec.c:792)
==706372==    by 0x5B07259: regexec@@GLIBC_2.3.4 (regexec.c:219)
==706372==    by 0x467999A: rboxc_tar_transform_name_fp (in /root/rboxc/target/tar-child-input-candidate/release/rboxc)
==706372==    by 0x466D1B0: transform_stat_info.part.0 (in /root/rboxc/target/tar-child-input-candidate/release/rboxc)
==706372==    by 0x466F390: rboxc_tar_read_and (in /root/rboxc/target/tar-child-input-candidate/release/rboxc)
==706372==    by 0x440F040: single_binary_main_tar (in /root/rboxc/target/tar-child-input-candidate/release/rboxc)
==706372==    by 0x5A18600: (below main) (libc_start_call_main.h:59)
==706372== 
==706372== 48 bytes in 3 blocks are still reachable in loss record 16 of 32
==706372==    at 0x587607F: realloc (vg_replace_malloc.c:1804)
==706372==    by 0x5AF26D3: register_state (regex_internal.c:1598)
==706372==    by 0x5AFB393: create_cd_newstate (regex_internal.c:1746)
==706372==    by 0x5AFB393: re_acquire_state_context (regex_internal.c:1562)
==706372==    by 0x5AFB393: build_trtable (regexec.c:3331)
==706372==    by 0x5AFF847: transit_state (regexec.c:2257)
==706372==    by 0x5AFF847: check_matching (regexec.c:1120)
==706372==    by 0x5AFF847: re_search_internal (regexec.c:792)
==706372==    by 0x5B07259: regexec@@GLIBC_2.3.4 (regexec.c:219)
==706372==    by 0x467999A: rboxc_tar_transform_name_fp (in /root/rboxc/target/tar-child-input-candidate/release/rboxc)
==706372==    by 0x466D20F: transform_stat_info.part.0 (in /root/rboxc/target/tar-child-input-candidate/release/rboxc)
==706372==    by 0x466F390: rboxc_tar_read_and (in /root/rboxc/target/tar-child-input-candidate/release/rboxc)
==706372==    by 0x440F040: single_binary_main_tar (in /root/rboxc/target/tar-child-input-candidate/release/rboxc)
==706372==    by 0x5A18600: (below main) (libc_start_call_main.h:59)
==706372== 
==706372== 80 bytes in 1 blocks are still reachable in loss record 17 of 32
==706372==    at 0x586E858: malloc (vg_replace_malloc.c:447)
==706372==    by 0x469E25C: rboxc_tar_xmalloc (in /root/rboxc/target/tar-child-input-candidate/release/rboxc)
==706372==    by 0x440DE00: single_binary_main_tar (in /root/rboxc/target/tar-child-input-candidate/release/rboxc)
==706372==    by 0x5A18600: (below main) (libc_start_call_main.h:59)
==706372== 
==706372== 88 bytes in 1 blocks are still reachable in loss record 18 of 32
==706372==    at 0x5875E43: calloc (vg_replace_malloc.c:1678)
==706372==    by 0x5AF9B7E: create_cd_newstate (regex_internal.c:1687)
==706372==    by 0x5AF9B7E: re_acquire_state_context (regex_internal.c:1562)
==706372==    by 0x5B05FD1: create_initial_state (regcomp.c:1051)
==706372==    by 0x5B05FD1: re_compile_internal (regcomp.c:807)
==706372==    by 0x5B06EA8: regcomp (regcomp.c:491)
==706372==    by 0x4679256: parse_transform_expr (in /root/rboxc/target/tar-child-input-candidate/release/rboxc)
==706372==    by 0x4679844: rboxc_tar_set_transform_expr (in /root/rboxc/target/tar-child-input-candidate/release/rboxc)
==706372==    by 0x44057FD: rboxc::applet_tar::parse_opt (in /root/rboxc/target/tar-child-input-candidate/release/rboxc)
==706372==    by 0x468D243: rboxc_tar_argp_parse (in /root/rboxc/target/tar-child-input-candidate/release/rboxc)
==706372==    by 0x440E425: single_binary_main_tar (in /root/rboxc/target/tar-child-input-candidate/release/rboxc)
==706372==    by 0x5A18600: (below main) (libc_start_call_main.h:59)
==706372== 
==706372== 96 bytes in 1 blocks are still reachable in loss record 19 of 32
==706372==    at 0x586E858: malloc (vg_replace_malloc.c:447)
==706372==    by 0x5B04D66: init_dfa (regcomp.c:860)
==706372==    by 0x5B04D66: re_compile_internal (regcomp.c:759)
==706372==    by 0x5B06EA8: regcomp (regcomp.c:491)
==706372==    by 0x4679256: parse_transform_expr (in /root/rboxc/target/tar-child-input-candidate/release/rboxc)
==706372==    by 0x4679844: rboxc_tar_set_transform_expr (in /root/rboxc/target/tar-child-input-candidate/release/rboxc)
==706372==    by 0x44057FD: rboxc::applet_tar::parse_opt (in /root/rboxc/target/tar-child-input-candidate/release/rboxc)
==706372==    by 0x468D243: rboxc_tar_argp_parse (in /root/rboxc/target/tar-child-input-candidate/release/rboxc)
==706372==    by 0x440E425: single_binary_main_tar (in /root/rboxc/target/tar-child-input-candidate/release/rboxc)
==706372==    by 0x5A18600: (below main) (libc_start_call_main.h:59)
==706372== 
==706372== 96 bytes in 1 blocks are still reachable in loss record 20 of 32
==706372==    at 0x586E858: malloc (vg_replace_malloc.c:447)
==706372==    by 0x5B05390: analyze (regcomp.c:1172)
==706372==    by 0x5B05390: re_compile_internal (regcomp.c:796)
==706372==    by 0x5B06EA8: regcomp (regcomp.c:491)
==706372==    by 0x4679256: parse_transform_expr (in /root/rboxc/target/tar-child-input-candidate/release/rboxc)
==706372==    by 0x4679844: rboxc_tar_set_transform_expr (in /root/rboxc/target/tar-child-input-candidate/release/rboxc)
==706372==    by 0x44057FD: rboxc::applet_tar::parse_opt (in /root/rboxc/target/tar-child-input-candidate/release/rboxc)
==706372==    by 0x468D243: rboxc_tar_argp_parse (in /root/rboxc/target/tar-child-input-candidate/release/rboxc)
==706372==    by 0x440E425: single_binary_main_tar (in /root/rboxc/target/tar-child-input-candidate/release/rboxc)
==706372==    by 0x5A18600: (below main) (libc_start_call_main.h:59)
==706372== 
==706372== 96 bytes in 1 blocks are still reachable in loss record 21 of 32
==706372==    at 0x586E858: malloc (vg_replace_malloc.c:447)
==706372==    by 0x5B053A3: analyze (regcomp.c:1173)
==706372==    by 0x5B053A3: re_compile_internal (regcomp.c:796)
==706372==    by 0x5B06EA8: regcomp (regcomp.c:491)
==706372==    by 0x4679256: parse_transform_expr (in /root/rboxc/target/tar-child-input-candidate/release/rboxc)
==706372==    by 0x4679844: rboxc_tar_set_transform_expr (in /root/rboxc/target/tar-child-input-candidate/release/rboxc)
==706372==    by 0x44057FD: rboxc::applet_tar::parse_opt (in /root/rboxc/target/tar-child-input-candidate/release/rboxc)
==706372==    by 0x468D243: rboxc_tar_argp_parse (in /root/rboxc/target/tar-child-input-candidate/release/rboxc)
==706372==    by 0x440E425: single_binary_main_tar (in /root/rboxc/target/tar-child-input-candidate/release/rboxc)
==706372==    by 0x5A18600: (below main) (libc_start_call_main.h:59)
==706372== 
==706372== 102 bytes in 1 blocks are still reachable in loss record 22 of 32
==706372==    at 0x586E858: malloc (vg_replace_malloc.c:447)
==706372==    by 0x469E25C: rboxc_tar_xmalloc (in /root/rboxc/target/tar-child-input-candidate/release/rboxc)
==706372==    by 0x46735A1: rboxc_tar_name_init (in /root/rboxc/target/tar-child-input-candidate/release/rboxc)
==706372==    by 0x440EE7A: single_binary_main_tar (in /root/rboxc/target/tar-child-input-candidate/release/rboxc)
==706372==    by 0x5A18600: (below main) (libc_start_call_main.h:59)
==706372== 
==706372== 112 bytes in 1 blocks are still reachable in loss record 23 of 32
==706372==    at 0x5875E43: calloc (vg_replace_malloc.c:1678)
==706372==    by 0x469E681: rboxc_tar_xzalloc (in /root/rboxc/target/tar-child-input-candidate/release/rboxc)
==706372==    by 0x4678FBE: parse_transform_expr (in /root/rboxc/target/tar-child-input-candidate/release/rboxc)
==706372==    by 0x4679844: rboxc_tar_set_transform_expr (in /root/rboxc/target/tar-child-input-candidate/release/rboxc)
==706372==    by 0x44057FD: rboxc::applet_tar::parse_opt (in /root/rboxc/target/tar-child-input-candidate/release/rboxc)
==706372==    by 0x468D243: rboxc_tar_argp_parse (in /root/rboxc/target/tar-child-input-candidate/release/rboxc)
==706372==    by 0x440E425: single_binary_main_tar (in /root/rboxc/target/tar-child-input-candidate/release/rboxc)
==706372==    by 0x5A18600: (below main) (libc_start_call_main.h:59)
==706372== 
==706372== 128 bytes in 1 blocks are still reachable in loss record 24 of 32
==706372==    at 0x5875E43: calloc (vg_replace_malloc.c:1678)
==706372==    by 0x5B04DAE: init_dfa (regcomp.c:867)
==706372==    by 0x5B04DAE: re_compile_internal (regcomp.c:759)
==706372==    by 0x5B06EA8: regcomp (regcomp.c:491)
==706372==    by 0x4679256: parse_transform_expr (in /root/rboxc/target/tar-child-input-candidate/release/rboxc)
==706372==    by 0x4679844: rboxc_tar_set_transform_expr (in /root/rboxc/target/tar-child-input-candidate/release/rboxc)
==706372==    by 0x44057FD: rboxc::applet_tar::parse_opt (in /root/rboxc/target/tar-child-input-candidate/release/rboxc)
==706372==    by 0x468D243: rboxc_tar_argp_parse (in /root/rboxc/target/tar-child-input-candidate/release/rboxc)
==706372==    by 0x440E425: single_binary_main_tar (in /root/rboxc/target/tar-child-input-candidate/release/rboxc)
==706372==    by 0x5A18600: (below main) (libc_start_call_main.h:59)
==706372== 
==706372== 176 bytes in 2 blocks are still reachable in loss record 25 of 32
==706372==    at 0x5875E43: calloc (vg_replace_malloc.c:1678)
==706372==    by 0x5AFB05C: create_cd_newstate (regex_internal.c:1687)
==706372==    by 0x5AFB05C: re_acquire_state_context (regex_internal.c:1562)
==706372==    by 0x5AFB05C: build_trtable (regexec.c:3331)
==706372==    by 0x5AFF847: transit_state (regexec.c:2257)
==706372==    by 0x5AFF847: check_matching (regexec.c:1120)
==706372==    by 0x5AFF847: re_search_internal (regexec.c:792)
==706372==    by 0x5B07259: regexec@@GLIBC_2.3.4 (regexec.c:219)
==706372==    by 0x467999A: rboxc_tar_transform_name_fp (in /root/rboxc/target/tar-child-input-candidate/release/rboxc)
==706372==    by 0x466D1B0: transform_stat_info.part.0 (in /root/rboxc/target/tar-child-input-candidate/release/rboxc)
==706372==    by 0x466F390: rboxc_tar_read_and (in /root/rboxc/target/tar-child-input-candidate/release/rboxc)
==706372==    by 0x440F040: single_binary_main_tar (in /root/rboxc/target/tar-child-input-candidate/release/rboxc)
==706372==    by 0x5A18600: (below main) (libc_start_call_main.h:59)
==706372== 
==706372== 224 bytes in 1 blocks are still reachable in loss record 26 of 32
==706372==    at 0x587607F: realloc (vg_replace_malloc.c:1804)
==706372==    by 0x5B0638F: re_compile_internal (regcomp.c:751)
==706372==    by 0x5B06EA8: regcomp (regcomp.c:491)
==706372==    by 0x4679256: parse_transform_expr (in /root/rboxc/target/tar-child-input-candidate/release/rboxc)
==706372==    by 0x4679844: rboxc_tar_set_transform_expr (in /root/rboxc/target/tar-child-input-candidate/release/rboxc)
==706372==    by 0x44057FD: rboxc::applet_tar::parse_opt (in /root/rboxc/target/tar-child-input-candidate/release/rboxc)
==706372==    by 0x468D243: rboxc_tar_argp_parse (in /root/rboxc/target/tar-child-input-candidate/release/rboxc)
==706372==    by 0x440E425: single_binary_main_tar (in /root/rboxc/target/tar-child-input-candidate/release/rboxc)
==706372==    by 0x5A18600: (below main) (libc_start_call_main.h:59)
==706372== 
==706372== 256 bytes in 1 blocks are still reachable in loss record 27 of 32
==706372==    at 0x586E858: malloc (vg_replace_malloc.c:447)
==706372==    by 0x5B06E48: regcomp (regcomp.c:472)
==706372==    by 0x4679256: parse_transform_expr (in /root/rboxc/target/tar-child-input-candidate/release/rboxc)
==706372==    by 0x4679844: rboxc_tar_set_transform_expr (in /root/rboxc/target/tar-child-input-candidate/release/rboxc)
==706372==    by 0x44057FD: rboxc::applet_tar::parse_opt (in /root/rboxc/target/tar-child-input-candidate/release/rboxc)
==706372==    by 0x468D243: rboxc_tar_argp_parse (in /root/rboxc/target/tar-child-input-candidate/release/rboxc)
==706372==    by 0x440E425: single_binary_main_tar (in /root/rboxc/target/tar-child-input-candidate/release/rboxc)
==706372==    by 0x5A18600: (below main) (libc_start_call_main.h:59)
==706372== 
==706372== 264 bytes in 3 blocks are still reachable in loss record 28 of 32
==706372==    at 0x5875E43: calloc (vg_replace_malloc.c:1678)
==706372==    by 0x5AFB05C: create_cd_newstate (regex_internal.c:1687)
==706372==    by 0x5AFB05C: re_acquire_state_context (regex_internal.c:1562)
==706372==    by 0x5AFB05C: build_trtable (regexec.c:3331)
==706372==    by 0x5AFF847: transit_state (regexec.c:2257)
==706372==    by 0x5AFF847: check_matching (regexec.c:1120)
==706372==    by 0x5AFF847: re_search_internal (regexec.c:792)
==706372==    by 0x5B07259: regexec@@GLIBC_2.3.4 (regexec.c:219)
==706372==    by 0x467999A: rboxc_tar_transform_name_fp (in /root/rboxc/target/tar-child-input-candidate/release/rboxc)
==706372==    by 0x466D20F: transform_stat_info.part.0 (in /root/rboxc/target/tar-child-input-candidate/release/rboxc)
==706372==    by 0x466F390: rboxc_tar_read_and (in /root/rboxc/target/tar-child-input-candidate/release/rboxc)
==706372==    by 0x440F040: single_binary_main_tar (in /root/rboxc/target/tar-child-input-candidate/release/rboxc)
==706372==    by 0x5A18600: (below main) (libc_start_call_main.h:59)
==706372== 
==706372== 2,048 bytes in 1 blocks are still reachable in loss record 29 of 32
==706372==    at 0x5875E43: calloc (vg_replace_malloc.c:1678)
==706372==    by 0x5AFB527: build_trtable (regexec.c:3295)
==706372==    by 0x5AFF847: transit_state (regexec.c:2257)
==706372==    by 0x5AFF847: check_matching (regexec.c:1120)
==706372==    by 0x5AFF847: re_search_internal (regexec.c:792)
==706372==    by 0x5B07259: regexec@@GLIBC_2.3.4 (regexec.c:219)
==706372==    by 0x467999A: rboxc_tar_transform_name_fp (in /root/rboxc/target/tar-child-input-candidate/release/rboxc)
==706372==    by 0x466D20F: transform_stat_info.part.0 (in /root/rboxc/target/tar-child-input-candidate/release/rboxc)
==706372==    by 0x466F390: rboxc_tar_read_and (in /root/rboxc/target/tar-child-input-candidate/release/rboxc)
==706372==    by 0x440F040: single_binary_main_tar (in /root/rboxc/target/tar-child-input-candidate/release/rboxc)
==706372==    by 0x5A18600: (below main) (libc_start_call_main.h:59)
==706372== 
==706372== 4,064 bytes in 1 blocks are still reachable in loss record 30 of 32
==706372==    at 0x586E858: malloc (vg_replace_malloc.c:447)
==706372==    by 0x469E25C: rboxc_tar_xmalloc (in /root/rboxc/target/tar-child-input-candidate/release/rboxc)
==706372==    by 0x469617D: _obstack_begin_worker.isra.0 (in /root/rboxc/target/tar-child-input-candidate/release/rboxc)
==706372==    by 0x46961A8: rboxc_tar__obstack_begin (in /root/rboxc/target/tar-child-input-candidate/release/rboxc)
==706372==    by 0x4679E77: rboxc_tar_transform_name_fp (in /root/rboxc/target/tar-child-input-candidate/release/rboxc)
==706372==    by 0x466D1B0: transform_stat_info.part.0 (in /root/rboxc/target/tar-child-input-candidate/release/rboxc)
==706372==    by 0x466F390: rboxc_tar_read_and (in /root/rboxc/target/tar-child-input-candidate/release/rboxc)
==706372==    by 0x440F040: single_binary_main_tar (in /root/rboxc/target/tar-child-input-candidate/release/rboxc)
==706372==    by 0x5A18600: (below main) (libc_start_call_main.h:59)
==706372== 
==706372== 4,096 bytes in 2 blocks are still reachable in loss record 31 of 32
==706372==    at 0x5875E43: calloc (vg_replace_malloc.c:1678)
==706372==    by 0x5AFA3BE: build_trtable (regexec.c:3367)
==706372==    by 0x5AFF847: transit_state (regexec.c:2257)
==706372==    by 0x5AFF847: check_matching (regexec.c:1120)
==706372==    by 0x5AFF847: re_search_internal (regexec.c:792)
==706372==    by 0x5B07259: regexec@@GLIBC_2.3.4 (regexec.c:219)
==706372==    by 0x467999A: rboxc_tar_transform_name_fp (in /root/rboxc/target/tar-child-input-candidate/release/rboxc)
==706372==    by 0x466D1B0: transform_stat_info.part.0 (in /root/rboxc/target/tar-child-input-candidate/release/rboxc)
==706372==    by 0x466F390: rboxc_tar_read_and (in /root/rboxc/target/tar-child-input-candidate/release/rboxc)
==706372==    by 0x440F040: single_binary_main_tar (in /root/rboxc/target/tar-child-input-candidate/release/rboxc)
==706372==    by 0x5A18600: (below main) (libc_start_call_main.h:59)
==706372== 
==706372== 6,144 bytes in 3 blocks are still reachable in loss record 32 of 32
==706372==    at 0x5875E43: calloc (vg_replace_malloc.c:1678)
==706372==    by 0x5AFA3BE: build_trtable (regexec.c:3367)
==706372==    by 0x5AFF847: transit_state (regexec.c:2257)
==706372==    by 0x5AFF847: check_matching (regexec.c:1120)
==706372==    by 0x5AFF847: re_search_internal (regexec.c:792)
==706372==    by 0x5B07259: regexec@@GLIBC_2.3.4 (regexec.c:219)
==706372==    by 0x467999A: rboxc_tar_transform_name_fp (in /root/rboxc/target/tar-child-input-candidate/release/rboxc)
==706372==    by 0x466D20F: transform_stat_info.part.0 (in /root/rboxc/target/tar-child-input-candidate/release/rboxc)
==706372==    by 0x466F390: rboxc_tar_read_and (in /root/rboxc/target/tar-child-input-candidate/release/rboxc)
==706372==    by 0x440F040: single_binary_main_tar (in /root/rboxc/target/tar-child-input-candidate/release/rboxc)
==706372==    by 0x5A18600: (below main) (libc_start_call_main.h:59)
==706372== 
==706372== LEAK SUMMARY:
==706372==    definitely lost: 0 bytes in 0 blocks
==706372==    indirectly lost: 0 bytes in 0 blocks
==706372==      possibly lost: 0 bytes in 0 blocks
==706372==    still reachable: 18,328 bytes in 52 blocks
==706372==         suppressed: 0 bytes in 0 blocks
==706372== 
==706372== For lists of detected and suppressed errors, rerun with: -s
==706372== ERROR SUMMARY: 0 errors from 0 contexts (suppressed: 0 from 0)
