==673999== Memcheck, a memory error detector
==673999== Copyright (C) 2002-2024, and GNU GPL'd, by Julian Seward et al.
==673999== Using Valgrind-3.26.0 and LibVEX; rerun with -h for copyright info
==673999== Command: tar --version
==673999== Parent PID: 673908
==673999== 
==673999== 
==673999== FILE DESCRIPTORS: 4 open (4 inherited) at exit.
==673999== 
==673999== HEAP SUMMARY:
==673999==     in use at exit: 7,767 bytes in 3 blocks
==673999==   total heap usage: 15 allocs, 12 frees, 12,021 bytes allocated
==673999== 
==673999== 16 bytes in 1 blocks are still reachable in loss record 1 of 3
==673999==    at 0x48C4E43: calloc (vg_replace_malloc.c:1678)
==673999==    by 0x40516F1: xcalloc (xmalloc.c:298)
==673999==    by 0x40516F1: xzalloc (xmalloc.c:283)
==673999==    by 0x400BEF9: decode_options (tar.c:2297)
==673999==    by 0x400BEF9: main (tar.c:2792)
==673999== 
==673999== 80 bytes in 1 blocks are still reachable in loss record 2 of 3
==673999==    at 0x48BD858: malloc (vg_replace_malloc.c:447)
==673999==    by 0x40512CC: xmalloc (xmalloc.c:45)
==673999==    by 0x400BE43: main (tar.c:2781)
==673999== 
==673999== 7,671 bytes in 1 blocks are still reachable in loss record 3 of 3
==673999==    at 0x48BD858: malloc (vg_replace_malloc.c:447)
==673999==    by 0x4041854: parser_init (argp-parse.c:495)
==673999==    by 0x4041854: argp_parse (argp-parse.c:921)
==673999==    by 0x400C045: decode_options (tar.c:2380)
==673999==    by 0x400C045: main (tar.c:2792)
==673999== 
==673999== LEAK SUMMARY:
==673999==    definitely lost: 0 bytes in 0 blocks
==673999==    indirectly lost: 0 bytes in 0 blocks
==673999==      possibly lost: 0 bytes in 0 blocks
==673999==    still reachable: 7,767 bytes in 3 blocks
==673999==         suppressed: 0 bytes in 0 blocks
==673999== 
==673999== For lists of detected and suppressed errors, rerun with: -s
==673999== ERROR SUMMARY: 0 errors from 0 contexts (suppressed: 0 from 0)
