==706515== Memcheck, a memory error detector
==706515== Copyright (C) 2002-2024, and GNU GPL'd, by Julian Seward et al.
==706515== Using Valgrind-3.26.0 and LibVEX; rerun with -h for copyright info
==706515== Command: /tmp/rboxc-tar-behavior-m4f6ji8b/exec/tar cf result.tar -C tree .
==706515== Parent PID: 705177
==706515== 
==706515== 
==706515== FILE DESCRIPTORS: 1 open (1 inherited) at exit.
==706515== 
==706515== HEAP SUMMARY:
==706515==     in use at exit: 4,568 bytes in 9 blocks
==706515==   total heap usage: 100 allocs, 91 frees, 114,263 bytes allocated
==706515== 
==706515== 5 bytes in 1 blocks are still reachable in loss record 1 of 9
==706515==    at 0x586E858: malloc (vg_replace_malloc.c:447)
==706515==    by 0x469E7ED: rboxc_tar_xstrdup (in /root/rboxc/target/tar-child-input-candidate/release/rboxc)
==706515==    by 0x467004F: rboxc_tar_assign_string (in /root/rboxc/target/tar-child-input-candidate/release/rboxc)
==706515==    by 0x4673332: rboxc_tar_uid_to_uname (in /root/rboxc/target/tar-child-input-candidate/release/rboxc)
==706515==    by 0x4662553: rboxc_tar_start_header (in /root/rboxc/target/tar-child-input-candidate/release/rboxc)
==706515==    by 0x4663759: dump_file0 (in /root/rboxc/target/tar-child-input-candidate/release/rboxc)
==706515==    by 0x46644E9: rboxc_tar_create_archive (in /root/rboxc/target/tar-child-input-candidate/release/rboxc)
==706515==    by 0x440EEF8: single_binary_main_tar (in /root/rboxc/target/tar-child-input-candidate/release/rboxc)
==706515==    by 0x5A18600: (below main) (libc_start_call_main.h:59)
==706515== 
==706515== 5 bytes in 1 blocks are still reachable in loss record 2 of 9
==706515==    at 0x586E858: malloc (vg_replace_malloc.c:447)
==706515==    by 0x469E7ED: rboxc_tar_xstrdup (in /root/rboxc/target/tar-child-input-candidate/release/rboxc)
==706515==    by 0x467004F: rboxc_tar_assign_string (in /root/rboxc/target/tar-child-input-candidate/release/rboxc)
==706515==    by 0x46733C2: rboxc_tar_gid_to_gname (in /root/rboxc/target/tar-child-input-candidate/release/rboxc)
==706515==    by 0x466253B: rboxc_tar_start_header (in /root/rboxc/target/tar-child-input-candidate/release/rboxc)
==706515==    by 0x4663759: dump_file0 (in /root/rboxc/target/tar-child-input-candidate/release/rboxc)
==706515==    by 0x46644E9: rboxc_tar_create_archive (in /root/rboxc/target/tar-child-input-candidate/release/rboxc)
==706515==    by 0x440EEF8: single_binary_main_tar (in /root/rboxc/target/tar-child-input-candidate/release/rboxc)
==706515==    by 0x5A18600: (below main) (libc_start_call_main.h:59)
==706515== 
==706515== 16 bytes in 1 blocks are still reachable in loss record 3 of 9
==706515==    at 0x5875E43: calloc (vg_replace_malloc.c:1678)
==706515==    by 0x469E681: rboxc_tar_xzalloc (in /root/rboxc/target/tar-child-input-candidate/release/rboxc)
==706515==    by 0x440DEF5: single_binary_main_tar (in /root/rboxc/target/tar-child-input-candidate/release/rboxc)
==706515==    by 0x5A18600: (below main) (libc_start_call_main.h:59)
==706515== 
==706515== 40 bytes in 1 blocks are still reachable in loss record 4 of 9
==706515==    at 0x586E858: malloc (vg_replace_malloc.c:447)
==706515==    by 0x469E25C: rboxc_tar_xmalloc (in /root/rboxc/target/tar-child-input-candidate/release/rboxc)
==706515==    by 0x4660FDE: file_count_links (in /root/rboxc/target/tar-child-input-candidate/release/rboxc)
==706515==    by 0x46639B8: dump_file0 (in /root/rboxc/target/tar-child-input-candidate/release/rboxc)
==706515==    by 0x4662E7E: rboxc_tar_dump_file (in /root/rboxc/target/tar-child-input-candidate/release/rboxc)
==706515==    by 0x46640C7: dump_file0 (in /root/rboxc/target/tar-child-input-candidate/release/rboxc)
==706515==    by 0x46644E9: rboxc_tar_create_archive (in /root/rboxc/target/tar-child-input-candidate/release/rboxc)
==706515==    by 0x440EEF8: single_binary_main_tar (in /root/rboxc/target/tar-child-input-candidate/release/rboxc)
==706515==    by 0x5A18600: (below main) (libc_start_call_main.h:59)
==706515== 
==706515== 80 bytes in 1 blocks are still reachable in loss record 5 of 9
==706515==    at 0x586E858: malloc (vg_replace_malloc.c:447)
==706515==    by 0x469E25C: rboxc_tar_xmalloc (in /root/rboxc/target/tar-child-input-candidate/release/rboxc)
==706515==    by 0x440DE00: single_binary_main_tar (in /root/rboxc/target/tar-child-input-candidate/release/rboxc)
==706515==    by 0x5A18600: (below main) (libc_start_call_main.h:59)
==706515== 
==706515== 80 bytes in 1 blocks are still reachable in loss record 6 of 9
==706515==    at 0x586E858: malloc (vg_replace_malloc.c:447)
==706515==    by 0x4693906: rboxc_tar_hash_initialize (in /root/rboxc/target/tar-child-input-candidate/release/rboxc)
==706515==    by 0x466107B: file_count_links (in /root/rboxc/target/tar-child-input-candidate/release/rboxc)
==706515==    by 0x46639B8: dump_file0 (in /root/rboxc/target/tar-child-input-candidate/release/rboxc)
==706515==    by 0x4662E7E: rboxc_tar_dump_file (in /root/rboxc/target/tar-child-input-candidate/release/rboxc)
==706515==    by 0x46640C7: dump_file0 (in /root/rboxc/target/tar-child-input-candidate/release/rboxc)
==706515==    by 0x46644E9: rboxc_tar_create_archive (in /root/rboxc/target/tar-child-input-candidate/release/rboxc)
==706515==    by 0x440EEF8: single_binary_main_tar (in /root/rboxc/target/tar-child-input-candidate/release/rboxc)
==706515==    by 0x5A18600: (below main) (libc_start_call_main.h:59)
==706515== 
==706515== 102 bytes in 1 blocks are still reachable in loss record 7 of 9
==706515==    at 0x586E858: malloc (vg_replace_malloc.c:447)
==706515==    by 0x469E25C: rboxc_tar_xmalloc (in /root/rboxc/target/tar-child-input-candidate/release/rboxc)
==706515==    by 0x46735A1: rboxc_tar_name_init (in /root/rboxc/target/tar-child-input-candidate/release/rboxc)
==706515==    by 0x440EE7A: single_binary_main_tar (in /root/rboxc/target/tar-child-input-candidate/release/rboxc)
==706515==    by 0x5A18600: (below main) (libc_start_call_main.h:59)
==706515== 
==706515== 176 bytes in 1 blocks are still reachable in loss record 8 of 9
==706515==    at 0x5875E43: calloc (vg_replace_malloc.c:1678)
==706515==    by 0x469395C: rboxc_tar_hash_initialize (in /root/rboxc/target/tar-child-input-candidate/release/rboxc)
==706515==    by 0x466107B: file_count_links (in /root/rboxc/target/tar-child-input-candidate/release/rboxc)
==706515==    by 0x46639B8: dump_file0 (in /root/rboxc/target/tar-child-input-candidate/release/rboxc)
==706515==    by 0x4662E7E: rboxc_tar_dump_file (in /root/rboxc/target/tar-child-input-candidate/release/rboxc)
==706515==    by 0x46640C7: dump_file0 (in /root/rboxc/target/tar-child-input-candidate/release/rboxc)
==706515==    by 0x46644E9: rboxc_tar_create_archive (in /root/rboxc/target/tar-child-input-candidate/release/rboxc)
==706515==    by 0x440EEF8: single_binary_main_tar (in /root/rboxc/target/tar-child-input-candidate/release/rboxc)
==706515==    by 0x5A18600: (below main) (libc_start_call_main.h:59)
==706515== 
==706515== 4,064 bytes in 1 blocks are still reachable in loss record 9 of 9
==706515==    at 0x586E858: malloc (vg_replace_malloc.c:447)
==706515==    by 0x469E25C: rboxc_tar_xmalloc (in /root/rboxc/target/tar-child-input-candidate/release/rboxc)
==706515==    by 0x469617D: _obstack_begin_worker.isra.0 (in /root/rboxc/target/tar-child-input-candidate/release/rboxc)
==706515==    by 0x46961A8: rboxc_tar__obstack_begin (in /root/rboxc/target/tar-child-input-candidate/release/rboxc)
==706515==    by 0x4679E77: rboxc_tar_transform_name_fp (in /root/rboxc/target/tar-child-input-candidate/release/rboxc)
==706515==    by 0x46633A4: dump_file0 (in /root/rboxc/target/tar-child-input-candidate/release/rboxc)
==706515==    by 0x46644E9: rboxc_tar_create_archive (in /root/rboxc/target/tar-child-input-candidate/release/rboxc)
==706515==    by 0x440EEF8: single_binary_main_tar (in /root/rboxc/target/tar-child-input-candidate/release/rboxc)
==706515==    by 0x5A18600: (below main) (libc_start_call_main.h:59)
==706515== 
==706515== LEAK SUMMARY:
==706515==    definitely lost: 0 bytes in 0 blocks
==706515==    indirectly lost: 0 bytes in 0 blocks
==706515==      possibly lost: 0 bytes in 0 blocks
==706515==    still reachable: 4,568 bytes in 9 blocks
==706515==         suppressed: 0 bytes in 0 blocks
==706515== 
==706515== For lists of detected and suppressed errors, rerun with: -s
==706515== ERROR SUMMARY: 0 errors from 0 contexts (suppressed: 0 from 0)
