==641665== Memcheck, a memory error detector
==641665== Copyright (C) 2002-2024, and GNU GPL'd, by Julian Seward et al.
==641665== Using Valgrind-3.26.0 and LibVEX; rerun with -h for copyright info
==641665== Command: /tmp/rboxc-tar-behavior-r6ikw05c/exec/tar --version
==641665== Parent PID: 635373
==641665== 
==641665== 
==641665== FILE DESCRIPTORS: 3 open (3 inherited) at exit.
==641665== 
==641665== HEAP SUMMARY:
==641665==     in use at exit: 7,767 bytes in 3 blocks
==641665==   total heap usage: 15 allocs, 12 frees, 12,021 bytes allocated
==641665== 
==641665== 16 bytes in 1 blocks are still reachable in loss record 1 of 3
==641665==    at 0x5875E43: calloc (vg_replace_malloc.c:1678)
==641665==    by 0x469E501: rboxc_tar_xzalloc (in /root/rboxc/target/tar-map-probe-candidate/release/rboxc)
==641665==    by 0x4477AF5: single_binary_main_tar (in /root/rboxc/target/tar-map-probe-candidate/release/rboxc)
==641665==    by 0x5A18600: (below main) (libc_start_call_main.h:59)
==641665== 
==641665== 80 bytes in 1 blocks are still reachable in loss record 2 of 3
==641665==    at 0x586E858: malloc (vg_replace_malloc.c:447)
==641665==    by 0x469E0DC: rboxc_tar_xmalloc (in /root/rboxc/target/tar-map-probe-candidate/release/rboxc)
==641665==    by 0x4477A00: single_binary_main_tar (in /root/rboxc/target/tar-map-probe-candidate/release/rboxc)
==641665==    by 0x5A18600: (below main) (libc_start_call_main.h:59)
==641665== 
==641665== 7,671 bytes in 1 blocks are still reachable in loss record 3 of 3
==641665==    at 0x586E858: malloc (vg_replace_malloc.c:447)
==641665==    by 0x468C754: rboxc_tar_argp_parse (in /root/rboxc/target/tar-map-probe-candidate/release/rboxc)
==641665==    by 0x4478025: single_binary_main_tar (in /root/rboxc/target/tar-map-probe-candidate/release/rboxc)
==641665==    by 0x5A18600: (below main) (libc_start_call_main.h:59)
==641665== 
==641665== LEAK SUMMARY:
==641665==    definitely lost: 0 bytes in 0 blocks
==641665==    indirectly lost: 0 bytes in 0 blocks
==641665==      possibly lost: 0 bytes in 0 blocks
==641665==    still reachable: 7,767 bytes in 3 blocks
==641665==         suppressed: 0 bytes in 0 blocks
==641665== 
==641665== For lists of detected and suppressed errors, rerun with: -s
==641665== ERROR SUMMARY: 0 errors from 0 contexts (suppressed: 0 from 0)
