==646154== Memcheck, a memory error detector
==646154== Copyright (C) 2002-2024, and GNU GPL'd, by Julian Seward et al.
==646154== Using Valgrind-3.26.0 and LibVEX; rerun with -h for copyright info
==646154== Command: /tmp/rboxc-tar-behavior-9rcq42ya/exec/tar --same-order -tf archive.tar ./alpha.txt ./nested/beta
==646154== Parent PID: 635373
==646154== 
==646154== 
==646154== FILE DESCRIPTORS: 1 open (1 inherited) at exit.
==646154== 
==646154== HEAP SUMMARY:
==646154==     in use at exit: 4,304 bytes in 7 blocks
==646154==   total heap usage: 87 allocs, 80 frees, 52,202 bytes allocated
==646154== 
==646154== 5 bytes in 1 blocks are still reachable in loss record 1 of 7
==646154==    at 0x586E858: malloc (vg_replace_malloc.c:447)
==646154==    by 0x469E66D: rboxc_tar_xstrdup (in /root/rboxc/target/tar-map-probe-candidate/release/rboxc)
==646154==    by 0x466FF4F: rboxc_tar_assign_string (in /root/rboxc/target/tar-map-probe-candidate/release/rboxc)
==646154==    by 0x467335C: rboxc_tar_uname_to_uid (in /root/rboxc/target/tar-map-probe-candidate/release/rboxc)
==646154==    by 0x466DFBF: rboxc_tar_decode_header (in /root/rboxc/target/tar-map-probe-candidate/release/rboxc)
==646154==    by 0x466F056: rboxc_tar_read_and (in /root/rboxc/target/tar-map-probe-candidate/release/rboxc)
==646154==    by 0x4478B39: single_binary_main_tar (in /root/rboxc/target/tar-map-probe-candidate/release/rboxc)
==646154==    by 0x5A18600: (below main) (libc_start_call_main.h:59)
==646154== 
==646154== 5 bytes in 1 blocks are still reachable in loss record 2 of 7
==646154==    at 0x586E858: malloc (vg_replace_malloc.c:447)
==646154==    by 0x469E66D: rboxc_tar_xstrdup (in /root/rboxc/target/tar-map-probe-candidate/release/rboxc)
==646154==    by 0x466FF4F: rboxc_tar_assign_string (in /root/rboxc/target/tar-map-probe-candidate/release/rboxc)
==646154==    by 0x46733FC: rboxc_tar_gname_to_gid (in /root/rboxc/target/tar-map-probe-candidate/release/rboxc)
==646154==    by 0x466DF9F: rboxc_tar_decode_header (in /root/rboxc/target/tar-map-probe-candidate/release/rboxc)
==646154==    by 0x466F056: rboxc_tar_read_and (in /root/rboxc/target/tar-map-probe-candidate/release/rboxc)
==646154==    by 0x4478B39: single_binary_main_tar (in /root/rboxc/target/tar-map-probe-candidate/release/rboxc)
==646154==    by 0x5A18600: (below main) (libc_start_call_main.h:59)
==646154== 
==646154== 16 bytes in 1 blocks are still reachable in loss record 3 of 7
==646154==    at 0x5875E43: calloc (vg_replace_malloc.c:1678)
==646154==    by 0x469E501: rboxc_tar_xzalloc (in /root/rboxc/target/tar-map-probe-candidate/release/rboxc)
==646154==    by 0x4477AF5: single_binary_main_tar (in /root/rboxc/target/tar-map-probe-candidate/release/rboxc)
==646154==    by 0x5A18600: (below main) (libc_start_call_main.h:59)
==646154== 
==646154== 32 bytes in 1 blocks are still reachable in loss record 4 of 7
==646154==    at 0x586E858: malloc (vg_replace_malloc.c:447)
==646154==    by 0x469E0DC: rboxc_tar_xmalloc (in /root/rboxc/target/tar-map-probe-candidate/release/rboxc)
==646154==    by 0x446DA2F: rboxc::applet_tar::optloc_save (in /root/rboxc/target/tar-map-probe-candidate/release/rboxc)
==646154==    by 0x446FA56: rboxc::applet_tar::parse_opt (in /root/rboxc/target/tar-map-probe-candidate/release/rboxc)
==646154==    by 0x468D0C3: rboxc_tar_argp_parse (in /root/rboxc/target/tar-map-probe-candidate/release/rboxc)
==646154==    by 0x4478025: single_binary_main_tar (in /root/rboxc/target/tar-map-probe-candidate/release/rboxc)
==646154==    by 0x5A18600: (below main) (libc_start_call_main.h:59)
==646154== 
==646154== 80 bytes in 1 blocks are still reachable in loss record 5 of 7
==646154==    at 0x586E858: malloc (vg_replace_malloc.c:447)
==646154==    by 0x469E0DC: rboxc_tar_xmalloc (in /root/rboxc/target/tar-map-probe-candidate/release/rboxc)
==646154==    by 0x4477A00: single_binary_main_tar (in /root/rboxc/target/tar-map-probe-candidate/release/rboxc)
==646154==    by 0x5A18600: (below main) (libc_start_call_main.h:59)
==646154== 
==646154== 102 bytes in 1 blocks are still reachable in loss record 6 of 7
==646154==    at 0x586E858: malloc (vg_replace_malloc.c:447)
==646154==    by 0x469E0DC: rboxc_tar_xmalloc (in /root/rboxc/target/tar-map-probe-candidate/release/rboxc)
==646154==    by 0x46734A1: rboxc_tar_name_init (in /root/rboxc/target/tar-map-probe-candidate/release/rboxc)
==646154==    by 0x4478A7A: single_binary_main_tar (in /root/rboxc/target/tar-map-probe-candidate/release/rboxc)
==646154==    by 0x5A18600: (below main) (libc_start_call_main.h:59)
==646154== 
==646154== 4,064 bytes in 1 blocks are still reachable in loss record 7 of 7
==646154==    at 0x586E858: malloc (vg_replace_malloc.c:447)
==646154==    by 0x469E0DC: rboxc_tar_xmalloc (in /root/rboxc/target/tar-map-probe-candidate/release/rboxc)
==646154==    by 0x4695FFD: _obstack_begin_worker.isra.0 (in /root/rboxc/target/tar-map-probe-candidate/release/rboxc)
==646154==    by 0x4696028: rboxc_tar__obstack_begin (in /root/rboxc/target/tar-map-probe-candidate/release/rboxc)
==646154==    by 0x4679CD7: rboxc_tar_transform_name_fp (in /root/rboxc/target/tar-map-probe-candidate/release/rboxc)
==646154==    by 0x466D0B0: transform_stat_info.part.0 (in /root/rboxc/target/tar-map-probe-candidate/release/rboxc)
==646154==    by 0x466F290: rboxc_tar_read_and (in /root/rboxc/target/tar-map-probe-candidate/release/rboxc)
==646154==    by 0x4478B39: single_binary_main_tar (in /root/rboxc/target/tar-map-probe-candidate/release/rboxc)
==646154==    by 0x5A18600: (below main) (libc_start_call_main.h:59)
==646154== 
==646154== LEAK SUMMARY:
==646154==    definitely lost: 0 bytes in 0 blocks
==646154==    indirectly lost: 0 bytes in 0 blocks
==646154==      possibly lost: 0 bytes in 0 blocks
==646154==    still reachable: 4,304 bytes in 7 blocks
==646154==         suppressed: 0 bytes in 0 blocks
==646154== 
==646154== For lists of detected and suppressed errors, rerun with: -s
==646154== ERROR SUMMARY: 0 errors from 0 contexts (suppressed: 0 from 0)
