==612220== Memcheck, a memory error detector
==612220== Copyright (C) 2002-2024, and GNU GPL'd, by Julian Seward et al.
==612220== Using Valgrind-3.26.0 and LibVEX; rerun with -h for copyright info
==612220== Command: tar -M -L 10 -c -f arch.1 -f arch.2 aaaaaaaaaaaaaaaaaaaaaaaaaaaaaaaaaaaaaaaaaaaaaaaaaaaaaaaaaaaaaaaaaaaaaaaaaaaaaaaaaaaaaaaaaaaaaaaaaaaa
==612220== Parent PID: 612211
==612220== 
==612220== 
==612220== FILE DESCRIPTORS: 1 open (0 inherited) at exit.
==612220== Open file descriptor 0: /dev/full
==612220==    at 0x4A1A9E6: open (open64.c:41)
==612220==    by 0x4050574: open (fcntl2.h:55)
==612220==    by 0x4050574: stdopen (stdopen.c:51)
==612220==    by 0x400BE26: main (tar.c:2773)
==612220== 
==612220== 
==612220== HEAP SUMMARY:
==612220==     in use at exit: 4,415 bytes in 12 blocks
==612220==   total heap usage: 62 allocs, 50 frees, 71,185 bytes allocated
==612220== 
==612220== 5 bytes in 1 blocks are still reachable in loss record 1 of 9
==612220==    at 0x48BD858: malloc (vg_replace_malloc.c:447)
==612220==    by 0x405185D: xmalloc (xmalloc.c:45)
==612220==    by 0x405185D: xmemdup (xmalloc.c:314)
==612220==    by 0x405185D: xstrdup (xmalloc.c:339)
==612220==    by 0x402644F: assign_string (misc.c:58)
==612220==    by 0x4029612: uid_to_uname (names.c:490)
==612220==    by 0x40155F3: start_header (create.c:931)
==612220==    by 0x4015798: dump_regular_file (create.c:1050)
==612220==    by 0x40165E2: dump_file0 (create.c:1773)
==612220==    by 0x4017589: dump_file (create.c:1968)
==612220==    by 0x4017589: create_archive (create.c:1412)
==612220==    by 0x400CD90: main (tar.c:2818)
==612220== 
==612220== 5 bytes in 1 blocks are still reachable in loss record 2 of 9
==612220==    at 0x48BD858: malloc (vg_replace_malloc.c:447)
==612220==    by 0x405185D: xmalloc (xmalloc.c:45)
==612220==    by 0x405185D: xmemdup (xmalloc.c:314)
==612220==    by 0x405185D: xstrdup (xmalloc.c:339)
==612220==    by 0x402644F: assign_string (misc.c:58)
==612220==    by 0x40296A2: gid_to_gname (names.c:520)
==612220==    by 0x40155DB: start_header (create.c:936)
==612220==    by 0x4015798: dump_regular_file (create.c:1050)
==612220==    by 0x40165E2: dump_file0 (create.c:1773)
==612220==    by 0x4017589: dump_file (create.c:1968)
==612220==    by 0x4017589: create_archive (create.c:1412)
==612220==    by 0x400CD90: main (tar.c:2818)
==612220== 
==612220== 7 bytes in 2 blocks are indirectly lost in loss record 3 of 9
==612220==    at 0x48BD858: malloc (vg_replace_malloc.c:447)
==612220==    by 0x40387DD: wsnode_quoteremoval (wordsplit.c:651)
==612220==    by 0x4039CFD: wordsplit_process_list (wordsplit.c:2390)
==612220==    by 0x403A562: wordsplit_run.constprop.0 (wordsplit.c:2434)
==612220==    by 0x400BFFA: parse_default_options (tar.c:2256)
==612220==    by 0x400BFFA: decode_options (tar.c:2378)
==612220==    by 0x400BFFA: main (tar.c:2792)
==612220== 
==612220== 7 bytes in 2 blocks are definitely lost in loss record 4 of 9
==612220==    at 0x48BD858: malloc (vg_replace_malloc.c:447)
==612220==    by 0x403A1FB: wordsplit_finish (wordsplit.c:836)
==612220==    by 0x400BFFA: parse_default_options (tar.c:2256)
==612220==    by 0x400BFFA: decode_options (tar.c:2378)
==612220==    by 0x400BFFA: main (tar.c:2792)
==612220== 
==612220== 16 bytes in 1 blocks are still reachable in loss record 5 of 9
==612220==    at 0x48C4E43: calloc (vg_replace_malloc.c:1678)
==612220==    by 0x40516F1: xcalloc (xmalloc.c:298)
==612220==    by 0x40516F1: xzalloc (xmalloc.c:283)
==612220==    by 0x400BEF9: decode_options (tar.c:2297)
==612220==    by 0x400BEF9: main (tar.c:2792)
==612220== 
==612220== 80 bytes in 1 blocks are still reachable in loss record 6 of 9
==612220==    at 0x48BD858: malloc (vg_replace_malloc.c:447)
==612220==    by 0x40512CC: xmalloc (xmalloc.c:45)
==612220==    by 0x400BE43: main (tar.c:2781)
==612220== 
==612220== 87 (80 direct, 7 indirect) bytes in 2 blocks are definitely lost in loss record 7 of 9
==612220==    at 0x48C4E43: calloc (vg_replace_malloc.c:1678)
==612220==    by 0x403959D: wsnode_new (wordsplit.c:422)
==612220==    by 0x403959D: wordsplit_add_segm (wordsplit.c:523)
==612220==    by 0x4039854: scan_word (wordsplit.c:2062)
==612220==    by 0x4039C7C: wordsplit_process_list (wordsplit.c:2358)
==612220==    by 0x403A562: wordsplit_run.constprop.0 (wordsplit.c:2434)
==612220==    by 0x400BFFA: parse_default_options (tar.c:2256)
==612220==    by 0x400BFFA: decode_options (tar.c:2378)
==612220==    by 0x400BFFA: main (tar.c:2792)
==612220== 
==612220== 151 bytes in 1 blocks are still reachable in loss record 8 of 9
==612220==    at 0x48C53C0: reallocarray (vg_replace_malloc.c:1806)
==612220==    by 0x40514B0: xreallocarray (xmalloc.c:84)
==612220==    by 0x40514B0: x2nrealloc (xmalloc.c:203)
==612220==    by 0x40514B0: x2realloc (xmalloc.c:120)
==612220==    by 0x4028B17: copy_name (names.c:1088)
==612220==    by 0x4028B17: name_next_elt (names.c:1129)
==612220==    by 0x40298EC: name_next (names.c:1152)
==612220==    by 0x401750F: create_archive (create.c:1410)
==612220==    by 0x400CD90: main (tar.c:2818)
==612220== 
==612220== 4,064 bytes in 1 blocks are still reachable in loss record 9 of 9
==612220==    at 0x48BD858: malloc (vg_replace_malloc.c:447)
==612220==    by 0x40512CC: xmalloc (xmalloc.c:45)
==612220==    by 0x404A07D: call_chunkfun (obstack.c:88)
==612220==    by 0x404A07D: _obstack_begin_worker.isra.0 (obstack.c:135)
==612220==    by 0x404A0A8: _obstack_begin (obstack.c:157)
==612220==    by 0x4032C57: _transform_name_to_obstack (transform.c:592)
==612220==    by 0x4032C57: transform_name_fp (transform.c:614)
==612220==    by 0x4016444: dump_file0 (create.c:1657)
==612220==    by 0x4017589: dump_file (create.c:1968)
==612220==    by 0x4017589: create_archive (create.c:1412)
==612220==    by 0x400CD90: main (tar.c:2818)
==612220== 
==612220== LEAK SUMMARY:
==612220==    definitely lost: 87 bytes in 4 blocks
==612220==    indirectly lost: 7 bytes in 2 blocks
==612220==      possibly lost: 0 bytes in 0 blocks
==612220==    still reachable: 4,321 bytes in 6 blocks
==612220==         suppressed: 0 bytes in 0 blocks
==612220== 
==612220== For lists of detected and suppressed errors, rerun with: -s
==612220== ERROR SUMMARY: 3 errors from 3 contexts (suppressed: 0 from 0)
