==612298== Memcheck, a memory error detector
==612298== Copyright (C) 2002-2024, and GNU GPL'd, by Julian Seward et al.
==612298== Using Valgrind-3.26.0 and LibVEX; rerun with -h for copyright info
==612298== Command: tar -tM -f arch.1 -f arch.2
==612298== Parent PID: 612267
==612298== 
==612298== 
==612298== FILE DESCRIPTORS: 1 open (0 inherited) at exit.
==612298== Open file descriptor 0: /dev/full
==612298==    at 0x4A1A9E6: open (open64.c:41)
==612298==    by 0x4050574: open (fcntl2.h:55)
==612298==    by 0x4050574: stdopen (stdopen.c:51)
==612298==    by 0x400BE26: main (tar.c:2773)
==612298== 
==612298== 
==612298== HEAP SUMMARY:
==612298==     in use at exit: 4,473 bytes in 13 blocks
==612298==   total heap usage: 62 allocs, 49 frees, 62,076 bytes allocated
==612298== 
==612298== 5 bytes in 1 blocks are still reachable in loss record 1 of 10
==612298==    at 0x48BD858: malloc (vg_replace_malloc.c:447)
==612298==    by 0x405185D: xmalloc (xmalloc.c:45)
==612298==    by 0x405185D: xmemdup (xmalloc.c:314)
==612298==    by 0x405185D: xstrdup (xmalloc.c:339)
==612298==    by 0x402644F: assign_string (misc.c:58)
==612298==    by 0x402973C: uname_to_uid (names.c:550)
==612298==    by 0x402457F: decode_header (list.c:694)
==612298==    by 0x4025616: read_and (list.c:194)
==612298==    by 0x400CD4B: main (tar.c:2832)
==612298== 
==612298== 5 bytes in 1 blocks are still reachable in loss record 2 of 10
==612298==    at 0x48BD858: malloc (vg_replace_malloc.c:447)
==612298==    by 0x405185D: xmalloc (xmalloc.c:45)
==612298==    by 0x405185D: xmemdup (xmalloc.c:314)
==612298==    by 0x405185D: xstrdup (xmalloc.c:339)
==612298==    by 0x402644F: assign_string (misc.c:58)
==612298==    by 0x40297DC: gname_to_gid (names.c:580)
==612298==    by 0x402455F: decode_header (list.c:699)
==612298==    by 0x4025616: read_and (list.c:194)
==612298==    by 0x400CD4B: main (tar.c:2832)
==612298== 
==612298== 10 bytes in 2 blocks are indirectly lost in loss record 3 of 10
==612298==    at 0x48BD858: malloc (vg_replace_malloc.c:447)
==612298==    by 0x40387DD: wsnode_quoteremoval (wordsplit.c:651)
==612298==    by 0x4039CFD: wordsplit_process_list (wordsplit.c:2390)
==612298==    by 0x403A562: wordsplit_run.constprop.0 (wordsplit.c:2434)
==612298==    by 0x400BFFA: parse_default_options (tar.c:2256)
==612298==    by 0x400BFFA: decode_options (tar.c:2378)
==612298==    by 0x400BFFA: main (tar.c:2792)
==612298== 
==612298== 10 bytes in 2 blocks are definitely lost in loss record 4 of 10
==612298==    at 0x48BD858: malloc (vg_replace_malloc.c:447)
==612298==    by 0x403A1FB: wordsplit_finish (wordsplit.c:836)
==612298==    by 0x400BFFA: parse_default_options (tar.c:2256)
==612298==    by 0x400BFFA: decode_options (tar.c:2378)
==612298==    by 0x400BFFA: main (tar.c:2792)
==612298== 
==612298== 16 bytes in 1 blocks are still reachable in loss record 5 of 10
==612298==    at 0x48C4E43: calloc (vg_replace_malloc.c:1678)
==612298==    by 0x40516F1: xcalloc (xmalloc.c:298)
==612298==    by 0x40516F1: xzalloc (xmalloc.c:283)
==612298==    by 0x400BEF9: decode_options (tar.c:2297)
==612298==    by 0x400BEF9: main (tar.c:2792)
==612298== 
==612298== 80 bytes in 1 blocks are still reachable in loss record 6 of 10
==612298==    at 0x48BD858: malloc (vg_replace_malloc.c:447)
==612298==    by 0x40512CC: xmalloc (xmalloc.c:45)
==612298==    by 0x400BE43: main (tar.c:2781)
==612298== 
==612298== 90 (80 direct, 10 indirect) bytes in 2 blocks are definitely lost in loss record 7 of 10
==612298==    at 0x48C4E43: calloc (vg_replace_malloc.c:1678)
==612298==    by 0x403959D: wsnode_new (wordsplit.c:422)
==612298==    by 0x403959D: wordsplit_add_segm (wordsplit.c:523)
==612298==    by 0x4039854: scan_word (wordsplit.c:2062)
==612298==    by 0x4039C7C: wordsplit_process_list (wordsplit.c:2358)
==612298==    by 0x403A562: wordsplit_run.constprop.0 (wordsplit.c:2434)
==612298==    by 0x400BFFA: parse_default_options (tar.c:2256)
==612298==    by 0x400BFFA: decode_options (tar.c:2378)
==612298==    by 0x400BFFA: main (tar.c:2792)
==612298== 
==612298== 101 bytes in 1 blocks are still reachable in loss record 8 of 10
==612298==    at 0x48BD858: malloc (vg_replace_malloc.c:447)
==612298==    by 0x40512CC: xmalloc (xmalloc.c:45)
==612298==    by 0x40264C0: assign_string_n (misc.c:76)
==612298==    by 0x4010243: try_new_volume (buffer.c:1494)
==612298==    by 0x4010243: _gnu_flush_read (buffer.c:1888)
==612298==    by 0x4010243: gnu_flush_read (buffer.c:1909)
==612298==    by 0x400E689: find_next_block (buffer.c:609)
==612298==    by 0x4025264: skim_file (list.c:1425)
==612298==    by 0x4025336: skim_member.part.0 (list.c:1458)
==612298==    by 0x4025852: read_and (list.c:229)
==612298==    by 0x400CD4B: main (tar.c:2832)
==612298== 
==612298== 102 bytes in 1 blocks are still reachable in loss record 9 of 10
==612298==    at 0x48BD858: malloc (vg_replace_malloc.c:447)
==612298==    by 0x40512CC: xmalloc (xmalloc.c:45)
==612298==    by 0x4029881: name_init (names.c:869)
==612298==    by 0x400C94C: main (tar.c:2794)
==612298== 
==612298== 4,064 bytes in 1 blocks are still reachable in loss record 10 of 10
==612298==    at 0x48BD858: malloc (vg_replace_malloc.c:447)
==612298==    by 0x40512CC: xmalloc (xmalloc.c:45)
==612298==    by 0x404A07D: call_chunkfun (obstack.c:88)
==612298==    by 0x404A07D: _obstack_begin_worker.isra.0 (obstack.c:135)
==612298==    by 0x404A0A8: _obstack_begin (obstack.c:157)
==612298==    by 0x4032C57: _transform_name_to_obstack (transform.c:592)
==612298==    by 0x4032C57: transform_name_fp (transform.c:614)
==612298==    by 0x4023670: transform_member_name (list.c:114)
==612298==    by 0x4023670: transform_stat_info.part.0 (list.c:150)
==612298==    by 0x4025850: transform_stat_info (list.c:227)
==612298==    by 0x4025850: read_and (list.c:227)
==612298==    by 0x400CD4B: main (tar.c:2832)
==612298== 
==612298== LEAK SUMMARY:
==612298==    definitely lost: 90 bytes in 4 blocks
==612298==    indirectly lost: 10 bytes in 2 blocks
==612298==      possibly lost: 0 bytes in 0 blocks
==612298==    still reachable: 4,373 bytes in 7 blocks
==612298==         suppressed: 0 bytes in 0 blocks
==612298== 
==612298== For lists of detected and suppressed errors, rerun with: -s
==612298== ERROR SUMMARY: 3 errors from 3 contexts (suppressed: 0 from 0)
