==612283== Memcheck, a memory error detector
==612283== Copyright (C) 2002-2024, and GNU GPL'd, by Julian Seward et al.
==612283== Using Valgrind-3.26.0 and LibVEX; rerun with -h for copyright info
==612283== Command: tar -M -L 10 -c -f arch.1 -f arch.2 aaaaaaaaaaaaaaaaaaaaaaaaaaaaaaaaaaaaaaaaaaaaaaaaaaaaaaaaaaaaaaaaaaaaaaaaaaaaaaaaaaaaaaaaaaaaaaaaaaaa
==612283== Parent PID: 612267
==612283== 
==612283== 
==612283== FILE DESCRIPTORS: 1 open (0 inherited) at exit.
==612283== Open file descriptor 0: /dev/full
==612283==    at 0x4A1A9E6: open (open64.c:41)
==612283==    by 0x4050574: open (fcntl2.h:55)
==612283==    by 0x4050574: stdopen (stdopen.c:51)
==612283==    by 0x400BE26: main (tar.c:2773)
==612283== 
==612283== 
==612283== HEAP SUMMARY:
==612283==     in use at exit: 4,431 bytes in 14 blocks
==612283==   total heap usage: 64 allocs, 50 frees, 71,201 bytes allocated
==612283== 
==612283== 5 bytes in 1 blocks are still reachable in loss record 1 of 11
==612283==    at 0x48BD858: malloc (vg_replace_malloc.c:447)
==612283==    by 0x405185D: xmalloc (xmalloc.c:45)
==612283==    by 0x405185D: xmemdup (xmalloc.c:314)
==612283==    by 0x405185D: xstrdup (xmalloc.c:339)
==612283==    by 0x402644F: assign_string (misc.c:58)
==612283==    by 0x4029612: uid_to_uname (names.c:490)
==612283==    by 0x4014A82: write_gnu_long_link (create.c:552)
==612283==    by 0x4015049: write_long_name (create.c:682)
==612283==    by 0x4015049: write_header_name (create.c:733)
==612283==    by 0x4015049: start_header (create.c:751)
==612283==    by 0x4015798: dump_regular_file (create.c:1050)
==612283==    by 0x40165E2: dump_file0 (create.c:1773)
==612283==    by 0x4017589: dump_file (create.c:1968)
==612283==    by 0x4017589: create_archive (create.c:1412)
==612283==    by 0x400CD90: main (tar.c:2818)
==612283== 
==612283== 5 bytes in 1 blocks are still reachable in loss record 2 of 11
==612283==    at 0x48BD858: malloc (vg_replace_malloc.c:447)
==612283==    by 0x405185D: xmalloc (xmalloc.c:45)
==612283==    by 0x405185D: xmemdup (xmalloc.c:314)
==612283==    by 0x405185D: xstrdup (xmalloc.c:339)
==612283==    by 0x4029621: uid_to_uname (names.c:499)
==612283==    by 0x4014A82: write_gnu_long_link (create.c:552)
==612283==    by 0x4015049: write_long_name (create.c:682)
==612283==    by 0x4015049: write_header_name (create.c:733)
==612283==    by 0x4015049: start_header (create.c:751)
==612283==    by 0x4015798: dump_regular_file (create.c:1050)
==612283==    by 0x40165E2: dump_file0 (create.c:1773)
==612283==    by 0x4017589: dump_file (create.c:1968)
==612283==    by 0x4017589: create_archive (create.c:1412)
==612283==    by 0x400CD90: main (tar.c:2818)
==612283== 
==612283== 5 bytes in 1 blocks are still reachable in loss record 3 of 11
==612283==    at 0x48BD858: malloc (vg_replace_malloc.c:447)
==612283==    by 0x405185D: xmalloc (xmalloc.c:45)
==612283==    by 0x405185D: xmemdup (xmalloc.c:314)
==612283==    by 0x405185D: xstrdup (xmalloc.c:339)
==612283==    by 0x402644F: assign_string (misc.c:58)
==612283==    by 0x40296A2: gid_to_gname (names.c:520)
==612283==    by 0x4014A90: write_gnu_long_link (create.c:553)
==612283==    by 0x4015049: write_long_name (create.c:682)
==612283==    by 0x4015049: write_header_name (create.c:733)
==612283==    by 0x4015049: start_header (create.c:751)
==612283==    by 0x4015798: dump_regular_file (create.c:1050)
==612283==    by 0x40165E2: dump_file0 (create.c:1773)
==612283==    by 0x4017589: dump_file (create.c:1968)
==612283==    by 0x4017589: create_archive (create.c:1412)
==612283==    by 0x400CD90: main (tar.c:2818)
==612283== 
==612283== 5 bytes in 1 blocks are still reachable in loss record 4 of 11
==612283==    at 0x48BD858: malloc (vg_replace_malloc.c:447)
==612283==    by 0x405185D: xmalloc (xmalloc.c:45)
==612283==    by 0x405185D: xmemdup (xmalloc.c:314)
==612283==    by 0x405185D: xstrdup (xmalloc.c:339)
==612283==    by 0x40296B1: gid_to_gname (names.c:529)
==612283==    by 0x4014A90: write_gnu_long_link (create.c:553)
==612283==    by 0x4015049: write_long_name (create.c:682)
==612283==    by 0x4015049: write_header_name (create.c:733)
==612283==    by 0x4015049: start_header (create.c:751)
==612283==    by 0x4015798: dump_regular_file (create.c:1050)
==612283==    by 0x40165E2: dump_file0 (create.c:1773)
==612283==    by 0x4017589: dump_file (create.c:1968)
==612283==    by 0x4017589: create_archive (create.c:1412)
==612283==    by 0x400CD90: main (tar.c:2818)
==612283== 
==612283== 10 bytes in 2 blocks are indirectly lost in loss record 5 of 11
==612283==    at 0x48BD858: malloc (vg_replace_malloc.c:447)
==612283==    by 0x40387DD: wsnode_quoteremoval (wordsplit.c:651)
==612283==    by 0x4039CFD: wordsplit_process_list (wordsplit.c:2390)
==612283==    by 0x403A562: wordsplit_run.constprop.0 (wordsplit.c:2434)
==612283==    by 0x400BFFA: parse_default_options (tar.c:2256)
==612283==    by 0x400BFFA: decode_options (tar.c:2378)
==612283==    by 0x400BFFA: main (tar.c:2792)
==612283== 
==612283== 10 bytes in 2 blocks are definitely lost in loss record 6 of 11
==612283==    at 0x48BD858: malloc (vg_replace_malloc.c:447)
==612283==    by 0x403A1FB: wordsplit_finish (wordsplit.c:836)
==612283==    by 0x400BFFA: parse_default_options (tar.c:2256)
==612283==    by 0x400BFFA: decode_options (tar.c:2378)
==612283==    by 0x400BFFA: main (tar.c:2792)
==612283== 
==612283== 16 bytes in 1 blocks are still reachable in loss record 7 of 11
==612283==    at 0x48C4E43: calloc (vg_replace_malloc.c:1678)
==612283==    by 0x40516F1: xcalloc (xmalloc.c:298)
==612283==    by 0x40516F1: xzalloc (xmalloc.c:283)
==612283==    by 0x400BEF9: decode_options (tar.c:2297)
==612283==    by 0x400BEF9: main (tar.c:2792)
==612283== 
==612283== 80 bytes in 1 blocks are still reachable in loss record 8 of 11
==612283==    at 0x48BD858: malloc (vg_replace_malloc.c:447)
==612283==    by 0x40512CC: xmalloc (xmalloc.c:45)
==612283==    by 0x400BE43: main (tar.c:2781)
==612283== 
==612283== 90 (80 direct, 10 indirect) bytes in 2 blocks are definitely lost in loss record 9 of 11
==612283==    at 0x48C4E43: calloc (vg_replace_malloc.c:1678)
==612283==    by 0x403959D: wsnode_new (wordsplit.c:422)
==612283==    by 0x403959D: wordsplit_add_segm (wordsplit.c:523)
==612283==    by 0x4039854: scan_word (wordsplit.c:2062)
==612283==    by 0x4039C7C: wordsplit_process_list (wordsplit.c:2358)
==612283==    by 0x403A562: wordsplit_run.constprop.0 (wordsplit.c:2434)
==612283==    by 0x400BFFA: parse_default_options (tar.c:2256)
==612283==    by 0x400BFFA: decode_options (tar.c:2378)
==612283==    by 0x400BFFA: main (tar.c:2792)
==612283== 
==612283== 151 bytes in 1 blocks are still reachable in loss record 10 of 11
==612283==    at 0x48C53C0: reallocarray (vg_replace_malloc.c:1806)
==612283==    by 0x40514B0: xreallocarray (xmalloc.c:84)
==612283==    by 0x40514B0: x2nrealloc (xmalloc.c:203)
==612283==    by 0x40514B0: x2realloc (xmalloc.c:120)
==612283==    by 0x4028B17: copy_name (names.c:1088)
==612283==    by 0x4028B17: name_next_elt (names.c:1129)
==612283==    by 0x40298EC: name_next (names.c:1152)
==612283==    by 0x401750F: create_archive (create.c:1410)
==612283==    by 0x400CD90: main (tar.c:2818)
==612283== 
==612283== 4,064 bytes in 1 blocks are still reachable in loss record 11 of 11
==612283==    at 0x48BD858: malloc (vg_replace_malloc.c:447)
==612283==    by 0x40512CC: xmalloc (xmalloc.c:45)
==612283==    by 0x404A07D: call_chunkfun (obstack.c:88)
==612283==    by 0x404A07D: _obstack_begin_worker.isra.0 (obstack.c:135)
==612283==    by 0x404A0A8: _obstack_begin (obstack.c:157)
==612283==    by 0x4032C57: _transform_name_to_obstack (transform.c:592)
==612283==    by 0x4032C57: transform_name_fp (transform.c:614)
==612283==    by 0x4016444: dump_file0 (create.c:1657)
==612283==    by 0x4017589: dump_file (create.c:1968)
==612283==    by 0x4017589: create_archive (create.c:1412)
==612283==    by 0x400CD90: main (tar.c:2818)
==612283== 
==612283== LEAK SUMMARY:
==612283==    definitely lost: 90 bytes in 4 blocks
==612283==    indirectly lost: 10 bytes in 2 blocks
==612283==      possibly lost: 0 bytes in 0 blocks
==612283==    still reachable: 4,331 bytes in 8 blocks
==612283==         suppressed: 0 bytes in 0 blocks
==612283== 
==612283== For lists of detected and suppressed errors, rerun with: -s
==612283== ERROR SUMMARY: 3 errors from 3 contexts (suppressed: 0 from 0)
