==612828== Memcheck, a memory error detector
==612828== Copyright (C) 2002-2024, and GNU GPL'd, by Julian Seward et al.
==612828== Using Valgrind-3.26.0 and LibVEX; rerun with -h for copyright info
==612828== Command: tar -M -x -f arch.1 -f arch.2 --warning=no-timestamp
==612828== Parent PID: 612267
==612828== 
==612828== 
==612828== FILE DESCRIPTORS: 1 open (0 inherited) at exit.
==612828== Open file descriptor 0: /dev/full
==612828==    at 0x4A1A9E6: open (open64.c:41)
==612828==    by 0x4050574: open (fcntl2.h:55)
==612828==    by 0x4050574: stdopen (stdopen.c:51)
==612828==    by 0x400BE26: main (tar.c:2773)
==612828== 
==612828== 
==612828== HEAP SUMMARY:
==612828==     in use at exit: 4,473 bytes in 13 blocks
==612828==   total heap usage: 67 allocs, 54 frees, 58,047 bytes allocated
==612828== 
==612828== 5 bytes in 1 blocks are still reachable in loss record 1 of 10
==612828==    at 0x48BD858: malloc (vg_replace_malloc.c:447)
==612828==    by 0x405185D: xmalloc (xmalloc.c:45)
==612828==    by 0x405185D: xmemdup (xmalloc.c:314)
==612828==    by 0x405185D: xstrdup (xmalloc.c:339)
==612828==    by 0x402644F: assign_string (misc.c:58)
==612828==    by 0x402973C: uname_to_uid (names.c:550)
==612828==    by 0x402457F: decode_header (list.c:694)
==612828==    by 0x4025616: read_and (list.c:194)
==612828==    by 0x400CD61: main (tar.c:2823)
==612828== 
==612828== 5 bytes in 1 blocks are still reachable in loss record 2 of 10
==612828==    at 0x48BD858: malloc (vg_replace_malloc.c:447)
==612828==    by 0x405185D: xmalloc (xmalloc.c:45)
==612828==    by 0x405185D: xmemdup (xmalloc.c:314)
==612828==    by 0x405185D: xstrdup (xmalloc.c:339)
==612828==    by 0x402644F: assign_string (misc.c:58)
==612828==    by 0x40297DC: gname_to_gid (names.c:580)
==612828==    by 0x402455F: decode_header (list.c:699)
==612828==    by 0x4025616: read_and (list.c:194)
==612828==    by 0x400CD61: main (tar.c:2823)
==612828== 
==612828== 10 bytes in 2 blocks are indirectly lost in loss record 3 of 10
==612828==    at 0x48BD858: malloc (vg_replace_malloc.c:447)
==612828==    by 0x40387DD: wsnode_quoteremoval (wordsplit.c:651)
==612828==    by 0x4039CFD: wordsplit_process_list (wordsplit.c:2390)
==612828==    by 0x403A562: wordsplit_run.constprop.0 (wordsplit.c:2434)
==612828==    by 0x400BFFA: parse_default_options (tar.c:2256)
==612828==    by 0x400BFFA: decode_options (tar.c:2378)
==612828==    by 0x400BFFA: main (tar.c:2792)
==612828== 
==612828== 10 bytes in 2 blocks are definitely lost in loss record 4 of 10
==612828==    at 0x48BD858: malloc (vg_replace_malloc.c:447)
==612828==    by 0x403A1FB: wordsplit_finish (wordsplit.c:836)
==612828==    by 0x400BFFA: parse_default_options (tar.c:2256)
==612828==    by 0x400BFFA: decode_options (tar.c:2378)
==612828==    by 0x400BFFA: main (tar.c:2792)
==612828== 
==612828== 16 bytes in 1 blocks are still reachable in loss record 5 of 10
==612828==    at 0x48C4E43: calloc (vg_replace_malloc.c:1678)
==612828==    by 0x40516F1: xcalloc (xmalloc.c:298)
==612828==    by 0x40516F1: xzalloc (xmalloc.c:283)
==612828==    by 0x400BEF9: decode_options (tar.c:2297)
==612828==    by 0x400BEF9: main (tar.c:2792)
==612828== 
==612828== 80 bytes in 1 blocks are still reachable in loss record 6 of 10
==612828==    at 0x48BD858: malloc (vg_replace_malloc.c:447)
==612828==    by 0x40512CC: xmalloc (xmalloc.c:45)
==612828==    by 0x400BE43: main (tar.c:2781)
==612828== 
==612828== 90 (80 direct, 10 indirect) bytes in 2 blocks are definitely lost in loss record 7 of 10
==612828==    at 0x48C4E43: calloc (vg_replace_malloc.c:1678)
==612828==    by 0x403959D: wsnode_new (wordsplit.c:422)
==612828==    by 0x403959D: wordsplit_add_segm (wordsplit.c:523)
==612828==    by 0x4039854: scan_word (wordsplit.c:2062)
==612828==    by 0x4039C7C: wordsplit_process_list (wordsplit.c:2358)
==612828==    by 0x403A562: wordsplit_run.constprop.0 (wordsplit.c:2434)
==612828==    by 0x400BFFA: parse_default_options (tar.c:2256)
==612828==    by 0x400BFFA: decode_options (tar.c:2378)
==612828==    by 0x400BFFA: main (tar.c:2792)
==612828== 
==612828== 101 bytes in 1 blocks are still reachable in loss record 8 of 10
==612828==    at 0x48BD858: malloc (vg_replace_malloc.c:447)
==612828==    by 0x40512CC: xmalloc (xmalloc.c:45)
==612828==    by 0x40264C0: assign_string_n (misc.c:76)
==612828==    by 0x4010243: try_new_volume (buffer.c:1494)
==612828==    by 0x4010243: _gnu_flush_read (buffer.c:1888)
==612828==    by 0x4010243: gnu_flush_read (buffer.c:1909)
==612828==    by 0x400E689: find_next_block (buffer.c:609)
==612828==    by 0x401A2E1: extract_file (extract.c:1313)
==612828==    by 0x401B89C: extract_archive (extract.c:1849)
==612828==    by 0x4025852: read_and (list.c:229)
==612828==    by 0x400CD61: main (tar.c:2823)
==612828== 
==612828== 102 bytes in 1 blocks are still reachable in loss record 9 of 10
==612828==    at 0x48BD858: malloc (vg_replace_malloc.c:447)
==612828==    by 0x40512CC: xmalloc (xmalloc.c:45)
==612828==    by 0x4029881: name_init (names.c:869)
==612828==    by 0x400C94C: main (tar.c:2794)
==612828== 
==612828== 4,064 bytes in 1 blocks are still reachable in loss record 10 of 10
==612828==    at 0x48BD858: malloc (vg_replace_malloc.c:447)
==612828==    by 0x40512CC: xmalloc (xmalloc.c:45)
==612828==    by 0x404A07D: call_chunkfun (obstack.c:88)
==612828==    by 0x404A07D: _obstack_begin_worker.isra.0 (obstack.c:135)
==612828==    by 0x404A0A8: _obstack_begin (obstack.c:157)
==612828==    by 0x4032C57: _transform_name_to_obstack (transform.c:592)
==612828==    by 0x4032C57: transform_name_fp (transform.c:614)
==612828==    by 0x4023670: transform_member_name (list.c:114)
==612828==    by 0x4023670: transform_stat_info.part.0 (list.c:150)
==612828==    by 0x4025850: transform_stat_info (list.c:227)
==612828==    by 0x4025850: read_and (list.c:227)
==612828==    by 0x400CD61: main (tar.c:2823)
==612828== 
==612828== LEAK SUMMARY:
==612828==    definitely lost: 90 bytes in 4 blocks
==612828==    indirectly lost: 10 bytes in 2 blocks
==612828==      possibly lost: 0 bytes in 0 blocks
==612828==    still reachable: 4,373 bytes in 7 blocks
==612828==         suppressed: 0 bytes in 0 blocks
==612828== 
==612828== For lists of detected and suppressed errors, rerun with: -s
==612828== ERROR SUMMARY: 3 errors from 3 contexts (suppressed: 0 from 0)
