==687172== Memcheck, a memory error detector
==687172== Copyright (C) 2002-2024, and GNU GPL'd, by Julian Seward et al.
==687172== Using Valgrind-3.26.0 and LibVEX; rerun with -h for copyright info
==687172== Command: /tmp/rboxc-tar-behavior-7sl4iz37/exec/tar -tf archive.tar --wildcards *.txt
==687172== Parent PID: 683658
==687172== 
==687172== 
==687172== FILE DESCRIPTORS: 1 open (1 inherited) at exit.
==687172== 
==687172== HEAP SUMMARY:
==687172==     in use at exit: 4,430 bytes in 9 blocks
==687172==   total heap usage: 83 allocs, 74 frees, 52,008 bytes allocated
==687172== 
==687172== 5 bytes in 1 blocks are still reachable in loss record 1 of 9
==687172==    at 0x48BD858: malloc (vg_replace_malloc.c:447)
==687172==    by 0x405185D: xmalloc (xmalloc.c:45)
==687172==    by 0x405185D: xmemdup (xmalloc.c:314)
==687172==    by 0x405185D: xstrdup (xmalloc.c:339)
==687172==    by 0x402644F: assign_string (misc.c:58)
==687172==    by 0x402973C: uname_to_uid (names.c:550)
==687172==    by 0x402457F: decode_header (list.c:694)
==687172==    by 0x4025616: read_and (list.c:194)
==687172==    by 0x400CD4B: main (tar.c:2832)
==687172== 
==687172== 5 bytes in 1 blocks are still reachable in loss record 2 of 9
==687172==    at 0x48BD858: malloc (vg_replace_malloc.c:447)
==687172==    by 0x405185D: xmalloc (xmalloc.c:45)
==687172==    by 0x405185D: xmemdup (xmalloc.c:314)
==687172==    by 0x405185D: xstrdup (xmalloc.c:339)
==687172==    by 0x402644F: assign_string (misc.c:58)
==687172==    by 0x40297DC: gname_to_gid (names.c:580)
==687172==    by 0x402455F: decode_header (list.c:699)
==687172==    by 0x4025616: read_and (list.c:194)
==687172==    by 0x400CD4B: main (tar.c:2832)
==687172== 
==687172== 6 bytes in 1 blocks are indirectly lost in loss record 3 of 9
==687172==    at 0x48BD858: malloc (vg_replace_malloc.c:447)
==687172==    by 0x405185D: xmalloc (xmalloc.c:45)
==687172==    by 0x405185D: xmemdup (xmalloc.c:314)
==687172==    by 0x405185D: xstrdup (xmalloc.c:339)
==687172==    by 0x402994B: make_name (names.c:599)
==687172==    by 0x402994B: addname (names.c:1233)
==687172==    by 0x4029AB7: name_gather (names.c:1218)
==687172==    by 0x4025436: read_and (list.c:174)
==687172==    by 0x400CD4B: main (tar.c:2832)
==687172== 
==687172== 16 bytes in 1 blocks are still reachable in loss record 4 of 9
==687172==    at 0x48C4E43: calloc (vg_replace_malloc.c:1678)
==687172==    by 0x40516F1: xcalloc (xmalloc.c:298)
==687172==    by 0x40516F1: xzalloc (xmalloc.c:283)
==687172==    by 0x400BEF9: decode_options (tar.c:2297)
==687172==    by 0x400BEF9: main (tar.c:2792)
==687172== 
==687172== 56 bytes in 1 blocks are definitely lost in loss record 5 of 9
==687172==    at 0x48BD858: malloc (vg_replace_malloc.c:447)
==687172==    by 0x40512CC: xmalloc (xmalloc.c:45)
==687172==    by 0x40283CE: name_elt_alloc (names.c:683)
==687172==    by 0x402896C: name_add_option (names.c:829)
==687172==    by 0x402896C: names_parse_opt (names.c:217)
==687172==    by 0x40421C3: group_parse (argp-parse.c:233)
==687172==    by 0x40421C3: parser_parse_opt (argp-parse.c:748)
==687172==    by 0x40421C3: parser_parse_next (argp-parse.c:859)
==687172==    by 0x40421C3: argp_parse (argp-parse.c:927)
==687172==    by 0x400C045: decode_options (tar.c:2380)
==687172==    by 0x400C045: main (tar.c:2792)
==687172== 
==687172== 80 bytes in 1 blocks are still reachable in loss record 6 of 9
==687172==    at 0x48BD858: malloc (vg_replace_malloc.c:447)
==687172==    by 0x40512CC: xmalloc (xmalloc.c:45)
==687172==    by 0x400BE43: main (tar.c:2781)
==687172== 
==687172== 102 bytes in 1 blocks are still reachable in loss record 7 of 9
==687172==    at 0x48BD858: malloc (vg_replace_malloc.c:447)
==687172==    by 0x40512CC: xmalloc (xmalloc.c:45)
==687172==    by 0x4029881: name_init (names.c:869)
==687172==    by 0x400C94C: main (tar.c:2794)
==687172== 
==687172== 102 (96 direct, 6 indirect) bytes in 1 blocks are definitely lost in loss record 8 of 9
==687172==    at 0x48C4E43: calloc (vg_replace_malloc.c:1678)
==687172==    by 0x40516F1: xcalloc (xmalloc.c:298)
==687172==    by 0x40516F1: xzalloc (xmalloc.c:283)
==687172==    by 0x4029932: make_name (names.c:596)
==687172==    by 0x4029932: addname (names.c:1233)
==687172==    by 0x4029AB7: name_gather (names.c:1218)
==687172==    by 0x4025436: read_and (list.c:174)
==687172==    by 0x400CD4B: main (tar.c:2832)
==687172== 
==687172== 4,064 bytes in 1 blocks are still reachable in loss record 9 of 9
==687172==    at 0x48BD858: malloc (vg_replace_malloc.c:447)
==687172==    by 0x40512CC: xmalloc (xmalloc.c:45)
==687172==    by 0x404A07D: call_chunkfun (obstack.c:88)
==687172==    by 0x404A07D: _obstack_begin_worker.isra.0 (obstack.c:135)
==687172==    by 0x404A0A8: _obstack_begin (obstack.c:157)
==687172==    by 0x4032C57: _transform_name_to_obstack (transform.c:592)
==687172==    by 0x4032C57: transform_name_fp (transform.c:614)
==687172==    by 0x4023670: transform_member_name (list.c:114)
==687172==    by 0x4023670: transform_stat_info.part.0 (list.c:150)
==687172==    by 0x4025850: transform_stat_info (list.c:227)
==687172==    by 0x4025850: read_and (list.c:227)
==687172==    by 0x400CD4B: main (tar.c:2832)
==687172== 
==687172== LEAK SUMMARY:
==687172==    definitely lost: 152 bytes in 2 blocks
==687172==    indirectly lost: 6 bytes in 1 blocks
==687172==      possibly lost: 0 bytes in 0 blocks
==687172==    still reachable: 4,272 bytes in 6 blocks
==687172==         suppressed: 0 bytes in 0 blocks
==687172== 
==687172== For lists of detected and suppressed errors, rerun with: -s
==687172== ERROR SUMMARY: 2 errors from 2 contexts (suppressed: 0 from 0)
