==724597== Memcheck, a memory error detector
==724597== Copyright (C) 2002-2024, and GNU GPL'd, by Julian Seward et al.
==724597== Using Valgrind-3.26.0 and LibVEX; rerun with -h for copyright info
==724597== Command: /tmp/rboxc-gawk-original-_laxo8g_/deps/cat
==724597== Parent PID: 724594
==724597== 
==724597== 
==724597== FILE DESCRIPTORS: 0 open (0 inherited) at exit.
==724597== 
==724597== HEAP SUMMARY:
==724597==     in use at exit: 262,144 bytes in 1 blocks
==724597==   total heap usage: 4 allocs, 3 frees, 262,226 bytes allocated
==724597== 
==724597== 262,144 bytes in 1 blocks are definitely lost in loss record 1 of 1
==724597==    at 0x4BF90AC: aligned_alloc (vg_replace_malloc.c:2404)
==724597==    by 0x411BCBC: alignalloc (alignalloc.h:98)
==724597==    by 0x411BCBC: xalignalloc (xalignalloc.c:29)
==724597==    by 0x4037A5E: ensure_buf_size (cat.c:674)
==724597==    by 0x4037A5E: single_binary_main_cat (cat.c:905)
==724597==    by 0x401A532: launch_program (coreutils.c:126)
==724597==    by 0x4018E7A: main (coreutils.c:143)
==724597== 
==724597== LEAK SUMMARY:
==724597==    definitely lost: 262,144 bytes in 1 blocks
==724597==    indirectly lost: 0 bytes in 0 blocks
==724597==      possibly lost: 0 bytes in 0 blocks
==724597==    still reachable: 0 bytes in 0 blocks
==724597==         suppressed: 0 bytes in 0 blocks
==724597== 
==724597== For lists of detected and suppressed errors, rerun with: -s
==724597== ERROR SUMMARY: 1 errors from 1 contexts (suppressed: 0 from 0)
