==724594== Memcheck, a memory error detector
==724594== Copyright (C) 2002-2024, and GNU GPL'd, by Julian Seward et al.
==724594== Using Valgrind-3.26.0 and LibVEX; rerun with -h for copyright info
==724594== Command: /bin/sh -c cat
==724594== Parent PID: 724567
==724594== 
==724594== 
==724594== FILE DESCRIPTORS: 3 open (3 inherited) at exit.
==724594== 
==724594== HEAP SUMMARY:
==724594==     in use at exit: 1,059 bytes in 29 blocks
==724594==   total heap usage: 31 allocs, 2 frees, 1,211 bytes allocated
==724594== 
==724594== 27 bytes in 1 blocks are still reachable in loss record 1 of 6
==724594==    at 0x486E858: malloc (vg_replace_malloc.c:447)
==724594==    by 0x40083FA: ??? (in /usr/bin/dash)
==724594==    by 0x4012E0A: ??? (in /usr/bin/dash)
==724594==    by 0x4013FFF: ??? (in /usr/bin/dash)
==724594==    by 0x400BCE7: ??? (in /usr/bin/dash)
==724594==    by 0x40120F8: ??? (in /usr/bin/dash)
==724594==    by 0x4004DA0: ??? (in /usr/bin/dash)
==724594==    by 0x48C4600: (below main) (libc_start_call_main.h:59)
==724594== 
==724594== 32 bytes in 1 blocks are still reachable in loss record 2 of 6
==724594==    at 0x486E858: malloc (vg_replace_malloc.c:447)
==724594==    by 0x4017AB2: ??? (in /usr/bin/dash)
==724594==    by 0x40186D4: ??? (in /usr/bin/dash)
==724594==    by 0x4004BC6: ??? (in /usr/bin/dash)
==724594==    by 0x48C4600: (below main) (libc_start_call_main.h:59)
==724594== 
==724594== 34 bytes in 1 blocks are still reachable in loss record 3 of 6
==724594==    at 0x486E858: malloc (vg_replace_malloc.c:447)
==724594==    by 0x495596E: strdup (strdup.c:42)
==724594==    by 0x40081DF: ??? (in /usr/bin/dash)
==724594==    by 0x40186F9: ??? (in /usr/bin/dash)
==724594==    by 0x4004BC6: ??? (in /usr/bin/dash)
==724594==    by 0x48C4600: (below main) (libc_start_call_main.h:59)
==724594== 
==724594== 38 bytes in 1 blocks are still reachable in loss record 4 of 6
==724594==    at 0x486E858: malloc (vg_replace_malloc.c:447)
==724594==    by 0x4017C53: ??? (in /usr/bin/dash)
==724594==    by 0x40186F9: ??? (in /usr/bin/dash)
==724594==    by 0x4004BC6: ??? (in /usr/bin/dash)
==724594==    by 0x48C4600: (below main) (libc_start_call_main.h:59)
==724594== 
==724594== 160 bytes in 1 blocks are still reachable in loss record 5 of 6
==724594==    at 0x487607F: realloc (vg_replace_malloc.c:1804)
==724594==    by 0x40074DC: ??? (in /usr/bin/dash)
==724594==    by 0x400A64D: ??? (in /usr/bin/dash)
==724594==    by 0x4014058: ??? (in /usr/bin/dash)
==724594==    by 0x400BCE7: ??? (in /usr/bin/dash)
==724594==    by 0x40120F8: ??? (in /usr/bin/dash)
==724594==    by 0x4004DA0: ??? (in /usr/bin/dash)
==724594==    by 0x48C4600: (below main) (libc_start_call_main.h:59)
==724594== 
==724594== 768 bytes in 24 blocks are still reachable in loss record 6 of 6
==724594==    at 0x486E858: malloc (vg_replace_malloc.c:447)
==724594==    by 0x4017AB2: ??? (in /usr/bin/dash)
==724594==    by 0x4018670: ??? (in /usr/bin/dash)
==724594==    by 0x4004BC6: ??? (in /usr/bin/dash)
==724594==    by 0x48C4600: (below main) (libc_start_call_main.h:59)
==724594== 
==724594== LEAK SUMMARY:
==724594==    definitely lost: 0 bytes in 0 blocks
==724594==    indirectly lost: 0 bytes in 0 blocks
==724594==      possibly lost: 0 bytes in 0 blocks
==724594==    still reachable: 1,059 bytes in 29 blocks
==724594==         suppressed: 0 bytes in 0 blocks
==724594== 
==724594== For lists of detected and suppressed errors, rerun with: -s
==724594== ERROR SUMMARY: 0 errors from 0 contexts (suppressed: 0 from 0)
