==614511== Memcheck, a memory error detector
==614511== Copyright (C) 2002-2024, and GNU GPL'd, by Julian Seward et al.
==614511== Using Valgrind-3.26.0 and LibVEX; rerun with -h for copyright info
==614511== Command: tar --version
==614511== Parent PID: 614426
==614511== 
==614511== 
==614511== FILE DESCRIPTORS: 4 open (4 inherited) at exit.
==614511== 
==614511== HEAP SUMMARY:
==614511==     in use at exit: 7,767 bytes in 3 blocks
==614511==   total heap usage: 15 allocs, 12 frees, 12,021 bytes allocated
==614511== 
==614511== 16 bytes in 1 blocks are still reachable in loss record 1 of 3
==614511==    at 0x48C4E43: calloc (vg_replace_malloc.c:1678)
==614511==    by 0x40516F1: xcalloc (xmalloc.c:298)
==614511==    by 0x40516F1: xzalloc (xmalloc.c:283)
==614511==    by 0x400BEF9: decode_options (tar.c:2297)
==614511==    by 0x400BEF9: main (tar.c:2792)
==614511== 
==614511== 80 bytes in 1 blocks are still reachable in loss record 2 of 3
==614511==    at 0x48BD858: malloc (vg_replace_malloc.c:447)
==614511==    by 0x40512CC: xmalloc (xmalloc.c:45)
==614511==    by 0x400BE43: main (tar.c:2781)
==614511== 
==614511== 7,671 bytes in 1 blocks are still reachable in loss record 3 of 3
==614511==    at 0x48BD858: malloc (vg_replace_malloc.c:447)
==614511==    by 0x4041854: parser_init (argp-parse.c:495)
==614511==    by 0x4041854: argp_parse (argp-parse.c:921)
==614511==    by 0x400C045: decode_options (tar.c:2380)
==614511==    by 0x400C045: main (tar.c:2792)
==614511== 
==614511== LEAK SUMMARY:
==614511==    definitely lost: 0 bytes in 0 blocks
==614511==    indirectly lost: 0 bytes in 0 blocks
==614511==      possibly lost: 0 bytes in 0 blocks
==614511==    still reachable: 7,767 bytes in 3 blocks
==614511==         suppressed: 0 bytes in 0 blocks
==614511== 
==614511== For lists of detected and suppressed errors, rerun with: -s
==614511== ERROR SUMMARY: 0 errors from 0 contexts (suppressed: 0 from 0)
