==613437== Memcheck, a memory error detector
==613437== Copyright (C) 2002-2024, and GNU GPL'd, by Julian Seward et al.
==613437== Using Valgrind-3.26.0 and LibVEX; rerun with -h for copyright info
==613437== Command: tar --listed-incremental=list -c -f archive.a directory
==613437== Parent PID: 613358
==613437== 
==613437== 
==613437== FILE DESCRIPTORS: 1 open (0 inherited) at exit.
==613437== Open file descriptor 0: /dev/full
==613437==    at 0x4A1A9E6: open (open64.c:41)
==613437==    by 0x4050574: open (fcntl2.h:55)
==613437==    by 0x4050574: stdopen (stdopen.c:51)
==613437==    by 0x400BE26: main (tar.c:2773)
==613437== 
==613437== 
==613437== HEAP SUMMARY:
==613437==     in use at exit: 29,924 bytes in 26 blocks
==613437==   total heap usage: 7,292 allocs, 7,266 frees, 546,001 bytes allocated
==613437== 
==613437== 5 bytes in 1 blocks are still reachable in loss record 1 of 23
==613437==    at 0x48BD858: malloc (vg_replace_malloc.c:447)
==613437==    by 0x405185D: xmalloc (xmalloc.c:45)
==613437==    by 0x405185D: xmemdup (xmalloc.c:314)
==613437==    by 0x405185D: xstrdup (xmalloc.c:339)
==613437==    by 0x402644F: assign_string (misc.c:58)
==613437==    by 0x4029612: uid_to_uname (names.c:490)
==613437==    by 0x40155F3: start_header (create.c:931)
==613437==    by 0x40167F9: dump_dir0 (create.c:1123)
==613437==    by 0x40167F9: dump_dir (create.c:1320)
==613437==    by 0x40167F9: dump_file0 (create.c:1757)
==613437==    by 0x401782F: dump_file (create.c:1968)
==613437==    by 0x401782F: create_archive (create.c:1356)
==613437==    by 0x400CD90: main (tar.c:2818)
==613437== 
==613437== 5 bytes in 1 blocks are still reachable in loss record 2 of 23
==613437==    at 0x48BD858: malloc (vg_replace_malloc.c:447)
==613437==    by 0x405185D: xmalloc (xmalloc.c:45)
==613437==    by 0x405185D: xmemdup (xmalloc.c:314)
==613437==    by 0x405185D: xstrdup (xmalloc.c:339)
==613437==    by 0x402644F: assign_string (misc.c:58)
==613437==    by 0x40296A2: gid_to_gname (names.c:520)
==613437==    by 0x40155DB: start_header (create.c:936)
==613437==    by 0x40167F9: dump_dir0 (create.c:1123)
==613437==    by 0x40167F9: dump_dir (create.c:1320)
==613437==    by 0x40167F9: dump_file0 (create.c:1757)
==613437==    by 0x401782F: dump_file (create.c:1968)
==613437==    by 0x401782F: create_archive (create.c:1356)
==613437==    by 0x400CD90: main (tar.c:2818)
==613437== 
==613437== 7 bytes in 2 blocks are indirectly lost in loss record 3 of 23
==613437==    at 0x48BD858: malloc (vg_replace_malloc.c:447)
==613437==    by 0x40387DD: wsnode_quoteremoval (wordsplit.c:651)
==613437==    by 0x4039CFD: wordsplit_process_list (wordsplit.c:2390)
==613437==    by 0x403A562: wordsplit_run.constprop.0 (wordsplit.c:2434)
==613437==    by 0x400BFFA: parse_default_options (tar.c:2256)
==613437==    by 0x400BFFA: decode_options (tar.c:2378)
==613437==    by 0x400BFFA: main (tar.c:2792)
==613437== 
==613437== 7 bytes in 2 blocks are definitely lost in loss record 4 of 23
==613437==    at 0x48BD858: malloc (vg_replace_malloc.c:447)
==613437==    by 0x403A1FB: wordsplit_finish (wordsplit.c:836)
==613437==    by 0x400BFFA: parse_default_options (tar.c:2256)
==613437==    by 0x400BFFA: decode_options (tar.c:2378)
==613437==    by 0x400BFFA: main (tar.c:2792)
==613437== 
==613437== 10 bytes in 1 blocks are still reachable in loss record 5 of 23
==613437==    at 0x48BD858: malloc (vg_replace_malloc.c:447)
==613437==    by 0x405185D: xmalloc (xmalloc.c:45)
==613437==    by 0x405185D: xmemdup (xmalloc.c:314)
==613437==    by 0x405185D: xstrdup (xmalloc.c:339)
==613437==    by 0x402994B: make_name (names.c:599)
==613437==    by 0x402994B: addname (names.c:1233)
==613437==    by 0x4029AB7: name_gather (names.c:1218)
==613437==    by 0x402A4BC: collect_and_sort_names (names.c:1747)
==613437==    by 0x40175DD: create_archive (create.c:1352)
==613437==    by 0x400CD90: main (tar.c:2818)
==613437== 
==613437== 10 bytes in 1 blocks are still reachable in loss record 6 of 23
==613437==    at 0x48BD858: malloc (vg_replace_malloc.c:447)
==613437==    by 0x40512CC: xmalloc (xmalloc.c:45)
==613437==    by 0x401F481: make_directory (incremen.c:271)
==613437==    by 0x401F735: attach_directory (incremen.c:291)
==613437==    by 0x401F735: note_directory (incremen.c:338)
==613437==    by 0x4020348: procdir (incremen.c:531)
==613437==    by 0x4020C14: scan_directory (incremen.c:751)
==613437==    by 0x4029BDE: add_hierarchy_to_namelist (names.c:1610)
==613437==    by 0x402A940: collect_and_sort_names (names.c:1813)
==613437==    by 0x40175DD: create_archive (create.c:1352)
==613437==    by 0x400CD90: main (tar.c:2818)
==613437== 
==613437== 16 bytes in 1 blocks are still reachable in loss record 7 of 23
==613437==    at 0x48C4E43: calloc (vg_replace_malloc.c:1678)
==613437==    by 0x40516F1: xcalloc (xmalloc.c:298)
==613437==    by 0x40516F1: xzalloc (xmalloc.c:283)
==613437==    by 0x400BEF9: decode_options (tar.c:2297)
==613437==    by 0x400BEF9: main (tar.c:2792)
==613437== 
==613437== 32 bytes in 1 blocks are still reachable in loss record 8 of 23
==613437==    at 0x48BD858: malloc (vg_replace_malloc.c:447)
==613437==    by 0x40512CC: xmalloc (xmalloc.c:45)
==613437==    by 0x402F07B: optloc_save (tar.c:926)
==613437==    by 0x403020B: parse_opt (tar.c:1520)
==613437==    by 0x40421C3: group_parse (argp-parse.c:233)
==613437==    by 0x40421C3: parser_parse_opt (argp-parse.c:748)
==613437==    by 0x40421C3: parser_parse_next (argp-parse.c:859)
==613437==    by 0x40421C3: argp_parse (argp-parse.c:927)
==613437==    by 0x400C045: decode_options (tar.c:2380)
==613437==    by 0x400C045: main (tar.c:2792)
==613437== 
==613437== 55 bytes in 1 blocks are still reachable in loss record 9 of 23
==613437==    at 0x48C507F: realloc (vg_replace_malloc.c:1804)
==613437==    by 0x4A1A327: getcwd (getcwd.c:86)
==613437==    by 0x4052EB3: getcwd (unistd.h:116)
==613437==    by 0x4052EB3: rpl_getcwd (getcwd.c:218)
==613437==    by 0x4051890: xgetcwd (xgetcwd.c:37)
==613437==    by 0x4027E44: tar_getcdpath (misc.c:1052)
==613437==    by 0x4027E44: normalize_filename (misc.c:332)
==613437==    by 0x401F72A: attach_directory (incremen.c:290)
==613437==    by 0x401F72A: note_directory (incremen.c:338)
==613437==    by 0x4020348: procdir (incremen.c:531)
==613437==    by 0x4020C14: scan_directory (incremen.c:751)
==613437==    by 0x4029BDE: add_hierarchy_to_namelist (names.c:1610)
==613437==    by 0x402A940: collect_and_sort_names (names.c:1813)
==613437==    by 0x40175DD: create_archive (create.c:1352)
==613437==    by 0x400CD90: main (tar.c:2818)
==613437== 
==613437== 65 bytes in 1 blocks are still reachable in loss record 10 of 23
==613437==    at 0x48BD858: malloc (vg_replace_malloc.c:447)
==613437==    by 0x40512CC: xmalloc (xmalloc.c:45)
==613437==    by 0x4027DDB: normalize_filename (misc.c:339)
==613437==    by 0x401F72A: attach_directory (incremen.c:290)
==613437==    by 0x401F72A: note_directory (incremen.c:338)
==613437==    by 0x4020348: procdir (incremen.c:531)
==613437==    by 0x4020C14: scan_directory (incremen.c:751)
==613437==    by 0x4029BDE: add_hierarchy_to_namelist (names.c:1610)
==613437==    by 0x402A940: collect_and_sort_names (names.c:1813)
==613437==    by 0x40175DD: create_archive (create.c:1352)
==613437==    by 0x400CD90: main (tar.c:2818)
==613437== 
==613437== 65 bytes in 1 blocks are still reachable in loss record 11 of 23
==613437==    at 0x48BD858: malloc (vg_replace_malloc.c:447)
==613437==    by 0x40512CC: xmalloc (xmalloc.c:45)
==613437==    by 0x4027DDB: normalize_filename (misc.c:339)
==613437==    by 0x402A6B2: collect_and_sort_names (names.c:1833)
==613437==    by 0x40175DD: create_archive (create.c:1352)
==613437==    by 0x400CD90: main (tar.c:2818)
==613437== 
==613437== 80 bytes in 1 blocks are still reachable in loss record 12 of 23
==613437==    at 0x48BD858: malloc (vg_replace_malloc.c:447)
==613437==    by 0x40512CC: xmalloc (xmalloc.c:45)
==613437==    by 0x400BE43: main (tar.c:2781)
==613437== 
==613437== 80 bytes in 1 blocks are still reachable in loss record 13 of 23
==613437==    at 0x48BD858: malloc (vg_replace_malloc.c:447)
==613437==    by 0x4047846: hash_initialize (hash.c:523)
==613437==    by 0x401F807: note_directory (incremen.c:354)
==613437==    by 0x4020348: procdir (incremen.c:531)
==613437==    by 0x4020C14: scan_directory (incremen.c:751)
==613437==    by 0x4029BDE: add_hierarchy_to_namelist (names.c:1610)
==613437==    by 0x402A940: collect_and_sort_names (names.c:1813)
==613437==    by 0x40175DD: create_archive (create.c:1352)
==613437==    by 0x400CD90: main (tar.c:2818)
==613437== 
==613437== 80 bytes in 1 blocks are still reachable in loss record 14 of 23
==613437==    at 0x48BD858: malloc (vg_replace_malloc.c:447)
==613437==    by 0x4047846: hash_initialize (hash.c:523)
==613437==    by 0x401F837: note_directory (incremen.c:362)
==613437==    by 0x4020348: procdir (incremen.c:531)
==613437==    by 0x4020C14: scan_directory (incremen.c:751)
==613437==    by 0x4029BDE: add_hierarchy_to_namelist (names.c:1610)
==613437==    by 0x402A940: collect_and_sort_names (names.c:1813)
==613437==    by 0x40175DD: create_archive (create.c:1352)
==613437==    by 0x400CD90: main (tar.c:2818)
==613437== 
==613437== 87 (80 direct, 7 indirect) bytes in 2 blocks are definitely lost in loss record 15 of 23
==613437==    at 0x48C4E43: calloc (vg_replace_malloc.c:1678)
==613437==    by 0x403959D: wsnode_new (wordsplit.c:422)
==613437==    by 0x403959D: wordsplit_add_segm (wordsplit.c:523)
==613437==    by 0x4039854: scan_word (wordsplit.c:2062)
==613437==    by 0x4039C7C: wordsplit_process_list (wordsplit.c:2358)
==613437==    by 0x403A562: wordsplit_run.constprop.0 (wordsplit.c:2434)
==613437==    by 0x400BFFA: parse_default_options (tar.c:2256)
==613437==    by 0x400BFFA: decode_options (tar.c:2378)
==613437==    by 0x400BFFA: main (tar.c:2792)
==613437== 
==613437== 96 bytes in 1 blocks are still reachable in loss record 16 of 23
==613437==    at 0x48C4E43: calloc (vg_replace_malloc.c:1678)
==613437==    by 0x40516F1: xcalloc (xmalloc.c:298)
==613437==    by 0x40516F1: xzalloc (xmalloc.c:283)
==613437==    by 0x4029932: make_name (names.c:596)
==613437==    by 0x4029932: addname (names.c:1233)
==613437==    by 0x4029AB7: name_gather (names.c:1218)
==613437==    by 0x402A4BC: collect_and_sort_names (names.c:1747)
==613437==    by 0x40175DD: create_archive (create.c:1352)
==613437==    by 0x400CD90: main (tar.c:2818)
==613437== 
==613437== 96 bytes in 1 blocks are still reachable in loss record 17 of 23
==613437==    at 0x48BD858: malloc (vg_replace_malloc.c:447)
==613437==    by 0x40512CC: xmalloc (xmalloc.c:45)
==613437==    by 0x401F446: make_directory (incremen.c:264)
==613437==    by 0x401F735: attach_directory (incremen.c:291)
==613437==    by 0x401F735: note_directory (incremen.c:338)
==613437==    by 0x4020348: procdir (incremen.c:531)
==613437==    by 0x4020C14: scan_directory (incremen.c:751)
==613437==    by 0x4029BDE: add_hierarchy_to_namelist (names.c:1610)
==613437==    by 0x402A940: collect_and_sort_names (names.c:1813)
==613437==    by 0x40175DD: create_archive (create.c:1352)
==613437==    by 0x400CD90: main (tar.c:2818)
==613437== 
==613437== 102 bytes in 1 blocks are still reachable in loss record 18 of 23
==613437==    at 0x48BD858: malloc (vg_replace_malloc.c:447)
==613437==    by 0x40512CC: xmalloc (xmalloc.c:45)
==613437==    by 0x4029881: name_init (names.c:869)
==613437==    by 0x400C94C: main (tar.c:2794)
==613437== 
==613437== 176 bytes in 1 blocks are still reachable in loss record 19 of 23
==613437==    at 0x48C4E43: calloc (vg_replace_malloc.c:1678)
==613437==    by 0x404789C: hash_initialize (hash.c:544)
==613437==    by 0x401F807: note_directory (incremen.c:354)
==613437==    by 0x4020348: procdir (incremen.c:531)
==613437==    by 0x4020C14: scan_directory (incremen.c:751)
==613437==    by 0x4029BDE: add_hierarchy_to_namelist (names.c:1610)
==613437==    by 0x402A940: collect_and_sort_names (names.c:1813)
==613437==    by 0x40175DD: create_archive (create.c:1352)
==613437==    by 0x400CD90: main (tar.c:2818)
==613437== 
==613437== 176 bytes in 1 blocks are still reachable in loss record 20 of 23
==613437==    at 0x48C4E43: calloc (vg_replace_malloc.c:1678)
==613437==    by 0x404789C: hash_initialize (hash.c:544)
==613437==    by 0x401F837: note_directory (incremen.c:362)
==613437==    by 0x4020348: procdir (incremen.c:531)
==613437==    by 0x4020C14: scan_directory (incremen.c:751)
==613437==    by 0x4029BDE: add_hierarchy_to_namelist (names.c:1610)
==613437==    by 0x402A940: collect_and_sort_names (names.c:1813)
==613437==    by 0x40175DD: create_archive (create.c:1352)
==613437==    by 0x400CD90: main (tar.c:2818)
==613437== 
==613437== 4,064 bytes in 1 blocks are still reachable in loss record 21 of 23
==613437==    at 0x48BD858: malloc (vg_replace_malloc.c:447)
==613437==    by 0x40512CC: xmalloc (xmalloc.c:45)
==613437==    by 0x404A07D: call_chunkfun (obstack.c:88)
==613437==    by 0x404A07D: _obstack_begin_worker.isra.0 (obstack.c:135)
==613437==    by 0x404A0A8: _obstack_begin (obstack.c:157)
==613437==    by 0x4032C57: _transform_name_to_obstack (transform.c:592)
==613437==    by 0x4032C57: transform_name_fp (transform.c:614)
==613437==    by 0x4016444: dump_file0 (create.c:1657)
==613437==    by 0x401782F: dump_file (create.c:1968)
==613437==    by 0x401782F: create_archive (create.c:1356)
==613437==    by 0x400CD90: main (tar.c:2818)
==613437== 
==613437== 8,200 bytes in 1 blocks are still reachable in loss record 22 of 23
==613437==    at 0x48C4E43: calloc (vg_replace_malloc.c:1678)
==613437==    by 0x405174C: xcalloc (xmalloc.c:298)
==613437==    by 0x401F652: dumpdir_create0 (incremen.c:108)
==613437==    by 0x4020E38: makedumpdir (incremen.c:709)
==613437==    by 0x4020E38: scan_directory (incremen.c:766)
==613437==    by 0x4029BDE: add_hierarchy_to_namelist (names.c:1610)
==613437==    by 0x402A940: collect_and_sort_names (names.c:1813)
==613437==    by 0x40175DD: create_archive (create.c:1352)
==613437==    by 0x400CD90: main (tar.c:2818)
==613437== 
==613437== 16,417 bytes in 1 blocks are still reachable in loss record 23 of 23
==613437==    at 0x48BD858: malloc (vg_replace_malloc.c:447)
==613437==    by 0x40512CC: xmalloc (xmalloc.c:45)
==613437==    by 0x401F61C: dumpdir_create0 (incremen.c:103)
==613437==    by 0x4020E38: makedumpdir (incremen.c:709)
==613437==    by 0x4020E38: scan_directory (incremen.c:766)
==613437==    by 0x4029BDE: add_hierarchy_to_namelist (names.c:1610)
==613437==    by 0x402A940: collect_and_sort_names (names.c:1813)
==613437==    by 0x40175DD: create_archive (create.c:1352)
==613437==    by 0x400CD90: main (tar.c:2818)
==613437== 
==613437== LEAK SUMMARY:
==613437==    definitely lost: 87 bytes in 4 blocks
==613437==    indirectly lost: 7 bytes in 2 blocks
==613437==      possibly lost: 0 bytes in 0 blocks
==613437==    still reachable: 29,830 bytes in 20 blocks
==613437==         suppressed: 0 bytes in 0 blocks
==613437== 
==613437== For lists of detected and suppressed errors, rerun with: -s
==613437== ERROR SUMMARY: 3 errors from 3 contexts (suppressed: 0 from 0)
