==615740== Memcheck, a memory error detector
==615740== Copyright (C) 2002-2024, and GNU GPL'd, by Julian Seward et al.
==615740== Using Valgrind-3.26.0 and LibVEX; rerun with -h for copyright info
==615740== Command: tar --listed-incremental=list -c --record-size 1024 -L 16 -f arc.1 -f arc.2 -v directory
==615740== Parent PID: 614552
==615740== 
==615740== 
==615740== FILE DESCRIPTORS: 1 open (0 inherited) at exit.
==615740== Open file descriptor 0: /dev/full
==615740==    at 0x4A1A9E6: open (open64.c:41)
==615740==    by 0x4050574: open (fcntl2.h:55)
==615740==    by 0x4050574: stdopen (stdopen.c:51)
==615740==    by 0x400BE26: main (tar.c:2773)
==615740== 
==615740== 
==615740== HEAP SUMMARY:
==615740==     in use at exit: 75,481 bytes in 30 blocks
==615740==   total heap usage: 144 allocs, 114 frees, 445,102 bytes allocated
==615740== 
==615740== 5 bytes in 1 blocks are still reachable in loss record 1 of 27
==615740==    at 0x48BD858: malloc (vg_replace_malloc.c:447)
==615740==    by 0x405185D: xmalloc (xmalloc.c:45)
==615740==    by 0x405185D: xmemdup (xmalloc.c:314)
==615740==    by 0x405185D: xstrdup (xmalloc.c:339)
==615740==    by 0x402644F: assign_string (misc.c:58)
==615740==    by 0x4029612: uid_to_uname (names.c:490)
==615740==    by 0x40155F3: start_header (create.c:931)
==615740==    by 0x40167F9: dump_dir0 (create.c:1123)
==615740==    by 0x40167F9: dump_dir (create.c:1320)
==615740==    by 0x40167F9: dump_file0 (create.c:1757)
==615740==    by 0x401782F: dump_file (create.c:1968)
==615740==    by 0x401782F: create_archive (create.c:1356)
==615740==    by 0x400CD90: main (tar.c:2818)
==615740== 
==615740== 5 bytes in 1 blocks are still reachable in loss record 2 of 27
==615740==    at 0x48BD858: malloc (vg_replace_malloc.c:447)
==615740==    by 0x405185D: xmalloc (xmalloc.c:45)
==615740==    by 0x405185D: xmemdup (xmalloc.c:314)
==615740==    by 0x405185D: xstrdup (xmalloc.c:339)
==615740==    by 0x402644F: assign_string (misc.c:58)
==615740==    by 0x40296A2: gid_to_gname (names.c:520)
==615740==    by 0x40155DB: start_header (create.c:936)
==615740==    by 0x40167F9: dump_dir0 (create.c:1123)
==615740==    by 0x40167F9: dump_dir (create.c:1320)
==615740==    by 0x40167F9: dump_file0 (create.c:1757)
==615740==    by 0x401782F: dump_file (create.c:1968)
==615740==    by 0x401782F: create_archive (create.c:1356)
==615740==    by 0x400CD90: main (tar.c:2818)
==615740== 
==615740== 10 bytes in 1 blocks are still reachable in loss record 3 of 27
==615740==    at 0x48BD858: malloc (vg_replace_malloc.c:447)
==615740==    by 0x405185D: xmalloc (xmalloc.c:45)
==615740==    by 0x405185D: xmemdup (xmalloc.c:314)
==615740==    by 0x405185D: xstrdup (xmalloc.c:339)
==615740==    by 0x402994B: make_name (names.c:599)
==615740==    by 0x402994B: addname (names.c:1233)
==615740==    by 0x4029AB7: name_gather (names.c:1218)
==615740==    by 0x402A4BC: collect_and_sort_names (names.c:1747)
==615740==    by 0x40175DD: create_archive (create.c:1352)
==615740==    by 0x400CD90: main (tar.c:2818)
==615740== 
==615740== 10 bytes in 1 blocks are still reachable in loss record 4 of 27
==615740==    at 0x48BD858: malloc (vg_replace_malloc.c:447)
==615740==    by 0x40512CC: xmalloc (xmalloc.c:45)
==615740==    by 0x401F481: make_directory (incremen.c:271)
==615740==    by 0x401F735: attach_directory (incremen.c:291)
==615740==    by 0x401F735: note_directory (incremen.c:338)
==615740==    by 0x4021CBA: read_incr_db_2 (incremen.c:1271)
==615740==    by 0x4021CBA: read_directory_file (incremen.c:1392)
==615740==    by 0x402A501: collect_and_sort_names (names.c:1772)
==615740==    by 0x40175DD: create_archive (create.c:1352)
==615740==    by 0x400CD90: main (tar.c:2818)
==615740== 
==615740== 10 bytes in 2 blocks are indirectly lost in loss record 5 of 27
==615740==    at 0x48BD858: malloc (vg_replace_malloc.c:447)
==615740==    by 0x40387DD: wsnode_quoteremoval (wordsplit.c:651)
==615740==    by 0x4039CFD: wordsplit_process_list (wordsplit.c:2390)
==615740==    by 0x403A562: wordsplit_run.constprop.0 (wordsplit.c:2434)
==615740==    by 0x400BFFA: parse_default_options (tar.c:2256)
==615740==    by 0x400BFFA: decode_options (tar.c:2378)
==615740==    by 0x400BFFA: main (tar.c:2792)
==615740== 
==615740== 10 bytes in 2 blocks are definitely lost in loss record 6 of 27
==615740==    at 0x48BD858: malloc (vg_replace_malloc.c:447)
==615740==    by 0x403A1FB: wordsplit_finish (wordsplit.c:836)
==615740==    by 0x400BFFA: parse_default_options (tar.c:2256)
==615740==    by 0x400BFFA: decode_options (tar.c:2378)
==615740==    by 0x400BFFA: main (tar.c:2792)
==615740== 
==615740== 16 bytes in 1 blocks are still reachable in loss record 7 of 27
==615740==    at 0x48C4E43: calloc (vg_replace_malloc.c:1678)
==615740==    by 0x40516F1: xcalloc (xmalloc.c:298)
==615740==    by 0x40516F1: xzalloc (xmalloc.c:283)
==615740==    by 0x400BEF9: decode_options (tar.c:2297)
==615740==    by 0x400BEF9: main (tar.c:2792)
==615740== 
==615740== 32 bytes in 1 blocks are still reachable in loss record 8 of 27
==615740==    at 0x48BD858: malloc (vg_replace_malloc.c:447)
==615740==    by 0x40512CC: xmalloc (xmalloc.c:45)
==615740==    by 0x402F07B: optloc_save (tar.c:926)
==615740==    by 0x403020B: parse_opt (tar.c:1520)
==615740==    by 0x40421C3: group_parse (argp-parse.c:233)
==615740==    by 0x40421C3: parser_parse_opt (argp-parse.c:748)
==615740==    by 0x40421C3: parser_parse_next (argp-parse.c:859)
==615740==    by 0x40421C3: argp_parse (argp-parse.c:927)
==615740==    by 0x400C045: decode_options (tar.c:2380)
==615740==    by 0x400C045: main (tar.c:2792)
==615740== 
==615740== 58 bytes in 1 blocks are still reachable in loss record 9 of 27
==615740==    at 0x48C507F: realloc (vg_replace_malloc.c:1804)
==615740==    by 0x4A1A327: getcwd (getcwd.c:86)
==615740==    by 0x4052EB3: getcwd (unistd.h:116)
==615740==    by 0x4052EB3: rpl_getcwd (getcwd.c:218)
==615740==    by 0x4051890: xgetcwd (xgetcwd.c:37)
==615740==    by 0x4027E44: tar_getcdpath (misc.c:1052)
==615740==    by 0x4027E44: normalize_filename (misc.c:332)
==615740==    by 0x401F72A: attach_directory (incremen.c:290)
==615740==    by 0x401F72A: note_directory (incremen.c:338)
==615740==    by 0x4021CBA: read_incr_db_2 (incremen.c:1271)
==615740==    by 0x4021CBA: read_directory_file (incremen.c:1392)
==615740==    by 0x402A501: collect_and_sort_names (names.c:1772)
==615740==    by 0x40175DD: create_archive (create.c:1352)
==615740==    by 0x400CD90: main (tar.c:2818)
==615740== 
==615740== 68 bytes in 1 blocks are still reachable in loss record 10 of 27
==615740==    at 0x48BD858: malloc (vg_replace_malloc.c:447)
==615740==    by 0x40512CC: xmalloc (xmalloc.c:45)
==615740==    by 0x4027DDB: normalize_filename (misc.c:339)
==615740==    by 0x401F72A: attach_directory (incremen.c:290)
==615740==    by 0x401F72A: note_directory (incremen.c:338)
==615740==    by 0x4021CBA: read_incr_db_2 (incremen.c:1271)
==615740==    by 0x4021CBA: read_directory_file (incremen.c:1392)
==615740==    by 0x402A501: collect_and_sort_names (names.c:1772)
==615740==    by 0x40175DD: create_archive (create.c:1352)
==615740==    by 0x400CD90: main (tar.c:2818)
==615740== 
==615740== 68 bytes in 1 blocks are still reachable in loss record 11 of 27
==615740==    at 0x48BD858: malloc (vg_replace_malloc.c:447)
==615740==    by 0x40512CC: xmalloc (xmalloc.c:45)
==615740==    by 0x4027DDB: normalize_filename (misc.c:339)
==615740==    by 0x402A6B2: collect_and_sort_names (names.c:1833)
==615740==    by 0x40175DD: create_archive (create.c:1352)
==615740==    by 0x400CD90: main (tar.c:2818)
==615740== 
==615740== 80 bytes in 1 blocks are still reachable in loss record 12 of 27
==615740==    at 0x48BD858: malloc (vg_replace_malloc.c:447)
==615740==    by 0x40512CC: xmalloc (xmalloc.c:45)
==615740==    by 0x400BE43: main (tar.c:2781)
==615740== 
==615740== 80 bytes in 1 blocks are still reachable in loss record 13 of 27
==615740==    at 0x48BD858: malloc (vg_replace_malloc.c:447)
==615740==    by 0x4047846: hash_initialize (hash.c:523)
==615740==    by 0x401F807: note_directory (incremen.c:354)
==615740==    by 0x4021CBA: read_incr_db_2 (incremen.c:1271)
==615740==    by 0x4021CBA: read_directory_file (incremen.c:1392)
==615740==    by 0x402A501: collect_and_sort_names (names.c:1772)
==615740==    by 0x40175DD: create_archive (create.c:1352)
==615740==    by 0x400CD90: main (tar.c:2818)
==615740== 
==615740== 80 bytes in 1 blocks are still reachable in loss record 14 of 27
==615740==    at 0x48BD858: malloc (vg_replace_malloc.c:447)
==615740==    by 0x4047846: hash_initialize (hash.c:523)
==615740==    by 0x401F837: note_directory (incremen.c:362)
==615740==    by 0x4021CBA: read_incr_db_2 (incremen.c:1271)
==615740==    by 0x4021CBA: read_directory_file (incremen.c:1392)
==615740==    by 0x402A501: collect_and_sort_names (names.c:1772)
==615740==    by 0x40175DD: create_archive (create.c:1352)
==615740==    by 0x400CD90: main (tar.c:2818)
==615740== 
==615740== 90 (80 direct, 10 indirect) bytes in 2 blocks are definitely lost in loss record 15 of 27
==615740==    at 0x48C4E43: calloc (vg_replace_malloc.c:1678)
==615740==    by 0x403959D: wsnode_new (wordsplit.c:422)
==615740==    by 0x403959D: wordsplit_add_segm (wordsplit.c:523)
==615740==    by 0x4039854: scan_word (wordsplit.c:2062)
==615740==    by 0x4039C7C: wordsplit_process_list (wordsplit.c:2358)
==615740==    by 0x403A562: wordsplit_run.constprop.0 (wordsplit.c:2434)
==615740==    by 0x400BFFA: parse_default_options (tar.c:2256)
==615740==    by 0x400BFFA: decode_options (tar.c:2378)
==615740==    by 0x400BFFA: main (tar.c:2792)
==615740== 
==615740== 96 bytes in 1 blocks are still reachable in loss record 16 of 27
==615740==    at 0x48C4E43: calloc (vg_replace_malloc.c:1678)
==615740==    by 0x40516F1: xcalloc (xmalloc.c:298)
==615740==    by 0x40516F1: xzalloc (xmalloc.c:283)
==615740==    by 0x4029932: make_name (names.c:596)
==615740==    by 0x4029932: addname (names.c:1233)
==615740==    by 0x4029AB7: name_gather (names.c:1218)
==615740==    by 0x402A4BC: collect_and_sort_names (names.c:1747)
==615740==    by 0x40175DD: create_archive (create.c:1352)
==615740==    by 0x400CD90: main (tar.c:2818)
==615740== 
==615740== 96 bytes in 1 blocks are still reachable in loss record 17 of 27
==615740==    at 0x48BD858: malloc (vg_replace_malloc.c:447)
==615740==    by 0x40512CC: xmalloc (xmalloc.c:45)
==615740==    by 0x401F446: make_directory (incremen.c:264)
==615740==    by 0x401F735: attach_directory (incremen.c:291)
==615740==    by 0x401F735: note_directory (incremen.c:338)
==615740==    by 0x4021CBA: read_incr_db_2 (incremen.c:1271)
==615740==    by 0x4021CBA: read_directory_file (incremen.c:1392)
==615740==    by 0x402A501: collect_and_sort_names (names.c:1772)
==615740==    by 0x40175DD: create_archive (create.c:1352)
==615740==    by 0x400CD90: main (tar.c:2818)
==615740== 
==615740== 102 bytes in 1 blocks are still reachable in loss record 18 of 27
==615740==    at 0x48BD858: malloc (vg_replace_malloc.c:447)
==615740==    by 0x40512CC: xmalloc (xmalloc.c:45)
==615740==    by 0x4029881: name_init (names.c:869)
==615740==    by 0x400C94C: main (tar.c:2794)
==615740== 
==615740== 176 bytes in 1 blocks are still reachable in loss record 19 of 27
==615740==    at 0x48C4E43: calloc (vg_replace_malloc.c:1678)
==615740==    by 0x404789C: hash_initialize (hash.c:544)
==615740==    by 0x401F807: note_directory (incremen.c:354)
==615740==    by 0x4021CBA: read_incr_db_2 (incremen.c:1271)
==615740==    by 0x4021CBA: read_directory_file (incremen.c:1392)
==615740==    by 0x402A501: collect_and_sort_names (names.c:1772)
==615740==    by 0x40175DD: create_archive (create.c:1352)
==615740==    by 0x400CD90: main (tar.c:2818)
==615740== 
==615740== 176 bytes in 1 blocks are still reachable in loss record 20 of 27
==615740==    at 0x48C4E43: calloc (vg_replace_malloc.c:1678)
==615740==    by 0x404789C: hash_initialize (hash.c:544)
==615740==    by 0x401F837: note_directory (incremen.c:362)
==615740==    by 0x4021CBA: read_incr_db_2 (incremen.c:1271)
==615740==    by 0x4021CBA: read_directory_file (incremen.c:1392)
==615740==    by 0x402A501: collect_and_sort_names (names.c:1772)
==615740==    by 0x40175DD: create_archive (create.c:1352)
==615740==    by 0x400CD90: main (tar.c:2818)
==615740== 
==615740== 4,064 bytes in 1 blocks are still reachable in loss record 21 of 27
==615740==    at 0x48BD858: malloc (vg_replace_malloc.c:447)
==615740==    by 0x40512CC: xmalloc (xmalloc.c:45)
==615740==    by 0x404A07D: call_chunkfun (obstack.c:88)
==615740==    by 0x404A07D: _obstack_begin_worker.isra.0 (obstack.c:135)
==615740==    by 0x404A0A8: _obstack_begin (obstack.c:157)
==615740==    by 0x4032C57: _transform_name_to_obstack (transform.c:592)
==615740==    by 0x4032C57: transform_name_fp (transform.c:614)
==615740==    by 0x4016444: dump_file0 (create.c:1657)
==615740==    by 0x401782F: dump_file (create.c:1968)
==615740==    by 0x401782F: create_archive (create.c:1356)
==615740==    by 0x400CD90: main (tar.c:2818)
==615740== 
==615740== 4,064 bytes in 1 blocks are indirectly lost in loss record 22 of 27
==615740==    at 0x48BD858: malloc (vg_replace_malloc.c:447)
==615740==    by 0x40512CC: xmalloc (xmalloc.c:45)
==615740==    by 0x404A07D: call_chunkfun (obstack.c:88)
==615740==    by 0x404A07D: _obstack_begin_worker.isra.0 (obstack.c:135)
==615740==    by 0x404A0A8: _obstack_begin (obstack.c:157)
==615740==    by 0x4021AC1: read_incr_db_2 (incremen.c:1225)
==615740==    by 0x4021AC1: read_directory_file (incremen.c:1392)
==615740==    by 0x402A501: collect_and_sort_names (names.c:1772)
==615740==    by 0x40175DD: create_archive (create.c:1352)
==615740==    by 0x400CD90: main (tar.c:2818)
==615740== 
==615740== 8,200 bytes in 1 blocks are still reachable in loss record 23 of 27
==615740==    at 0x48C4E43: calloc (vg_replace_malloc.c:1678)
==615740==    by 0x405174C: xcalloc (xmalloc.c:298)
==615740==    by 0x401F652: dumpdir_create0 (incremen.c:108)
==615740==    by 0x401F790: dumpdir_create (incremen.c:122)
==615740==    by 0x401F790: note_directory (incremen.c:349)
==615740==    by 0x4021CBA: read_incr_db_2 (incremen.c:1271)
==615740==    by 0x4021CBA: read_directory_file (incremen.c:1392)
==615740==    by 0x402A501: collect_and_sort_names (names.c:1772)
==615740==    by 0x40175DD: create_archive (create.c:1352)
==615740==    by 0x400CD90: main (tar.c:2818)
==615740== 
==615740== 8,200 bytes in 1 blocks are still reachable in loss record 24 of 27
==615740==    at 0x48C4E43: calloc (vg_replace_malloc.c:1678)
==615740==    by 0x405174C: xcalloc (xmalloc.c:298)
==615740==    by 0x401F652: dumpdir_create0 (incremen.c:108)
==615740==    by 0x4020E38: makedumpdir (incremen.c:709)
==615740==    by 0x4020E38: scan_directory (incremen.c:766)
==615740==    by 0x4029BDE: add_hierarchy_to_namelist (names.c:1610)
==615740==    by 0x402A940: collect_and_sort_names (names.c:1813)
==615740==    by 0x40175DD: create_archive (create.c:1352)
==615740==    by 0x400CD90: main (tar.c:2818)
==615740== 
==615740== 16,417 bytes in 1 blocks are still reachable in loss record 25 of 27
==615740==    at 0x48BD858: malloc (vg_replace_malloc.c:447)
==615740==    by 0x40512CC: xmalloc (xmalloc.c:45)
==615740==    by 0x401F61C: dumpdir_create0 (incremen.c:103)
==615740==    by 0x401F790: dumpdir_create (incremen.c:122)
==615740==    by 0x401F790: note_directory (incremen.c:349)
==615740==    by 0x4021CBA: read_incr_db_2 (incremen.c:1271)
==615740==    by 0x4021CBA: read_directory_file (incremen.c:1392)
==615740==    by 0x402A501: collect_and_sort_names (names.c:1772)
==615740==    by 0x40175DD: create_archive (create.c:1352)
==615740==    by 0x400CD90: main (tar.c:2818)
==615740== 
==615740== 16,417 bytes in 1 blocks are still reachable in loss record 26 of 27
==615740==    at 0x48BD858: malloc (vg_replace_malloc.c:447)
==615740==    by 0x40512CC: xmalloc (xmalloc.c:45)
==615740==    by 0x401F61C: dumpdir_create0 (incremen.c:103)
==615740==    by 0x4020E38: makedumpdir (incremen.c:709)
==615740==    by 0x4020E38: scan_directory (incremen.c:766)
==615740==    by 0x4029BDE: add_hierarchy_to_namelist (names.c:1610)
==615740==    by 0x402A940: collect_and_sort_names (names.c:1813)
==615740==    by 0x40175DD: create_archive (create.c:1352)
==615740==    by 0x400CD90: main (tar.c:2818)
==615740== 
==615740== 20,925 (16,861 direct, 4,064 indirect) bytes in 1 blocks are definitely lost in loss record 27 of 27
==615740==    at 0x48BD858: malloc (vg_replace_malloc.c:447)
==615740==    by 0x40512CC: xmalloc (xmalloc.c:45)
==615740==    by 0x404A15A: call_chunkfun (obstack.c:88)
==615740==    by 0x404A15A: _obstack_newchunk (obstack.c:199)
==615740==    by 0x401FDD2: read_obstack (incremen.c:1104)
==615740==    by 0x4021C09: read_incr_db_2 (incremen.c:1262)
==615740==    by 0x4021C09: read_directory_file (incremen.c:1392)
==615740==    by 0x402A501: collect_and_sort_names (names.c:1772)
==615740==    by 0x40175DD: create_archive (create.c:1352)
==615740==    by 0x400CD90: main (tar.c:2818)
==615740== 
==615740== LEAK SUMMARY:
==615740==    definitely lost: 16,951 bytes in 5 blocks
==615740==    indirectly lost: 4,074 bytes in 3 blocks
==615740==      possibly lost: 0 bytes in 0 blocks
==615740==    still reachable: 54,456 bytes in 22 blocks
==615740==         suppressed: 0 bytes in 0 blocks
==615740== 
==615740== For lists of detected and suppressed errors, rerun with: -s
==615740== ERROR SUMMARY: 4 errors from 4 contexts (suppressed: 0 from 0)
