==684324== Memcheck, a memory error detector
==684324== Copyright (C) 2002-2024, and GNU GPL'd, by Julian Seward et al.
==684324== Using Valgrind-3.26.0 and LibVEX; rerun with -h for copyright info
==684324== Command: tar -xvf test.tar
==684324== Parent PID: 684322
==684324== 
==684324== 
==684324== FILE DESCRIPTORS: 1 open (1 inherited) at exit.
==684324== 
==684324== HEAP SUMMARY:
==684324==     in use at exit: 4,370 bytes in 12 blocks
==684324==   total heap usage: 65 allocs, 53 frees, 60,439 bytes allocated
==684324== 
==684324== 5 bytes in 1 blocks are still reachable in loss record 1 of 9
==684324==    at 0x48BD858: malloc (vg_replace_malloc.c:447)
==684324==    by 0x405185D: xmalloc (xmalloc.c:45)
==684324==    by 0x405185D: xmemdup (xmalloc.c:314)
==684324==    by 0x405185D: xstrdup (xmalloc.c:339)
==684324==    by 0x402644F: assign_string (misc.c:58)
==684324==    by 0x402973C: uname_to_uid (names.c:550)
==684324==    by 0x402457F: decode_header (list.c:694)
==684324==    by 0x4025616: read_and (list.c:194)
==684324==    by 0x400CD61: main (tar.c:2823)
==684324== 
==684324== 5 bytes in 1 blocks are still reachable in loss record 2 of 9
==684324==    at 0x48BD858: malloc (vg_replace_malloc.c:447)
==684324==    by 0x405185D: xmalloc (xmalloc.c:45)
==684324==    by 0x405185D: xmemdup (xmalloc.c:314)
==684324==    by 0x405185D: xstrdup (xmalloc.c:339)
==684324==    by 0x402644F: assign_string (misc.c:58)
==684324==    by 0x40297DC: gname_to_gid (names.c:580)
==684324==    by 0x402455F: decode_header (list.c:699)
==684324==    by 0x4025616: read_and (list.c:194)
==684324==    by 0x400CD61: main (tar.c:2823)
==684324== 
==684324== 9 bytes in 2 blocks are indirectly lost in loss record 3 of 9
==684324==    at 0x48BD858: malloc (vg_replace_malloc.c:447)
==684324==    by 0x40387DD: wsnode_quoteremoval (wordsplit.c:651)
==684324==    by 0x4039CFD: wordsplit_process_list (wordsplit.c:2390)
==684324==    by 0x403A562: wordsplit_run.constprop.0 (wordsplit.c:2434)
==684324==    by 0x400BFFA: parse_default_options (tar.c:2256)
==684324==    by 0x400BFFA: decode_options (tar.c:2378)
==684324==    by 0x400BFFA: main (tar.c:2792)
==684324== 
==684324== 9 bytes in 2 blocks are definitely lost in loss record 4 of 9
==684324==    at 0x48BD858: malloc (vg_replace_malloc.c:447)
==684324==    by 0x403A1FB: wordsplit_finish (wordsplit.c:836)
==684324==    by 0x400BFFA: parse_default_options (tar.c:2256)
==684324==    by 0x400BFFA: decode_options (tar.c:2378)
==684324==    by 0x400BFFA: main (tar.c:2792)
==684324== 
==684324== 16 bytes in 1 blocks are still reachable in loss record 5 of 9
==684324==    at 0x48C4E43: calloc (vg_replace_malloc.c:1678)
==684324==    by 0x40516F1: xcalloc (xmalloc.c:298)
==684324==    by 0x40516F1: xzalloc (xmalloc.c:283)
==684324==    by 0x400BEF9: decode_options (tar.c:2297)
==684324==    by 0x400BEF9: main (tar.c:2792)
==684324== 
==684324== 80 bytes in 1 blocks are still reachable in loss record 6 of 9
==684324==    at 0x48BD858: malloc (vg_replace_malloc.c:447)
==684324==    by 0x40512CC: xmalloc (xmalloc.c:45)
==684324==    by 0x400BE43: main (tar.c:2781)
==684324== 
==684324== 89 (80 direct, 9 indirect) bytes in 2 blocks are definitely lost in loss record 7 of 9
==684324==    at 0x48C4E43: calloc (vg_replace_malloc.c:1678)
==684324==    by 0x403959D: wsnode_new (wordsplit.c:422)
==684324==    by 0x403959D: wordsplit_add_segm (wordsplit.c:523)
==684324==    by 0x4039854: scan_word (wordsplit.c:2062)
==684324==    by 0x4039C7C: wordsplit_process_list (wordsplit.c:2358)
==684324==    by 0x403A562: wordsplit_run.constprop.0 (wordsplit.c:2434)
==684324==    by 0x400BFFA: parse_default_options (tar.c:2256)
==684324==    by 0x400BFFA: decode_options (tar.c:2378)
==684324==    by 0x400BFFA: main (tar.c:2792)
==684324== 
==684324== 102 bytes in 1 blocks are still reachable in loss record 8 of 9
==684324==    at 0x48BD858: malloc (vg_replace_malloc.c:447)
==684324==    by 0x40512CC: xmalloc (xmalloc.c:45)
==684324==    by 0x4029881: name_init (names.c:869)
==684324==    by 0x400C94C: main (tar.c:2794)
==684324== 
==684324== 4,064 bytes in 1 blocks are still reachable in loss record 9 of 9
==684324==    at 0x48BD858: malloc (vg_replace_malloc.c:447)
==684324==    by 0x40512CC: xmalloc (xmalloc.c:45)
==684324==    by 0x404A07D: call_chunkfun (obstack.c:88)
==684324==    by 0x404A07D: _obstack_begin_worker.isra.0 (obstack.c:135)
==684324==    by 0x404A0A8: _obstack_begin (obstack.c:157)
==684324==    by 0x4032C57: _transform_name_to_obstack (transform.c:592)
==684324==    by 0x4032C57: transform_name_fp (transform.c:614)
==684324==    by 0x4023670: transform_member_name (list.c:114)
==684324==    by 0x4023670: transform_stat_info.part.0 (list.c:150)
==684324==    by 0x4025850: transform_stat_info (list.c:227)
==684324==    by 0x4025850: read_and (list.c:227)
==684324==    by 0x400CD61: main (tar.c:2823)
==684324== 
==684324== LEAK SUMMARY:
==684324==    definitely lost: 89 bytes in 4 blocks
==684324==    indirectly lost: 9 bytes in 2 blocks
==684324==      possibly lost: 0 bytes in 0 blocks
==684324==    still reachable: 4,272 bytes in 6 blocks
==684324==         suppressed: 0 bytes in 0 blocks
==684324== 
==684324== For lists of detected and suppressed errors, rerun with: -s
==684324== ERROR SUMMARY: 2 errors from 2 contexts (suppressed: 0 from 0)
