==685177== Memcheck, a memory error detector
==685177== Copyright (C) 2002-2024, and GNU GPL'd, by Julian Seward et al.
==685177== Using Valgrind-3.26.0 and LibVEX; rerun with -h for copyright info
==685177== Command: tar -cf test.tar subdir/a.txt
==685177== Parent PID: 685173
==685177== 
==685177== 
==685177== FILE DESCRIPTORS: 1 open (1 inherited) at exit.
==685177== 
==685177== HEAP SUMMARY:
==685177==     in use at exit: 4,366 bytes in 12 blocks
==685177==   total heap usage: 54 allocs, 42 frees, 56,330 bytes allocated
==685177== 
==685177== 5 bytes in 1 blocks are still reachable in loss record 1 of 9
==685177==    at 0x48BD858: malloc (vg_replace_malloc.c:447)
==685177==    by 0x405185D: xmalloc (xmalloc.c:45)
==685177==    by 0x405185D: xmemdup (xmalloc.c:314)
==685177==    by 0x405185D: xstrdup (xmalloc.c:339)
==685177==    by 0x402644F: assign_string (misc.c:58)
==685177==    by 0x4029612: uid_to_uname (names.c:490)
==685177==    by 0x40155F3: start_header (create.c:931)
==685177==    by 0x4015798: dump_regular_file (create.c:1050)
==685177==    by 0x40165E2: dump_file0 (create.c:1773)
==685177==    by 0x4017589: dump_file (create.c:1968)
==685177==    by 0x4017589: create_archive (create.c:1412)
==685177==    by 0x400CD90: main (tar.c:2818)
==685177== 
==685177== 5 bytes in 1 blocks are still reachable in loss record 2 of 9
==685177==    at 0x48BD858: malloc (vg_replace_malloc.c:447)
==685177==    by 0x405185D: xmalloc (xmalloc.c:45)
==685177==    by 0x405185D: xmemdup (xmalloc.c:314)
==685177==    by 0x405185D: xstrdup (xmalloc.c:339)
==685177==    by 0x402644F: assign_string (misc.c:58)
==685177==    by 0x40296A2: gid_to_gname (names.c:520)
==685177==    by 0x40155DB: start_header (create.c:936)
==685177==    by 0x4015798: dump_regular_file (create.c:1050)
==685177==    by 0x40165E2: dump_file0 (create.c:1773)
==685177==    by 0x4017589: dump_file (create.c:1968)
==685177==    by 0x4017589: create_archive (create.c:1412)
==685177==    by 0x400CD90: main (tar.c:2818)
==685177== 
==685177== 7 bytes in 2 blocks are indirectly lost in loss record 3 of 9
==685177==    at 0x48BD858: malloc (vg_replace_malloc.c:447)
==685177==    by 0x40387DD: wsnode_quoteremoval (wordsplit.c:651)
==685177==    by 0x4039CFD: wordsplit_process_list (wordsplit.c:2390)
==685177==    by 0x403A562: wordsplit_run.constprop.0 (wordsplit.c:2434)
==685177==    by 0x400BFFA: parse_default_options (tar.c:2256)
==685177==    by 0x400BFFA: decode_options (tar.c:2378)
==685177==    by 0x400BFFA: main (tar.c:2792)
==685177== 
==685177== 7 bytes in 2 blocks are definitely lost in loss record 4 of 9
==685177==    at 0x48BD858: malloc (vg_replace_malloc.c:447)
==685177==    by 0x403A1FB: wordsplit_finish (wordsplit.c:836)
==685177==    by 0x400BFFA: parse_default_options (tar.c:2256)
==685177==    by 0x400BFFA: decode_options (tar.c:2378)
==685177==    by 0x400BFFA: main (tar.c:2792)
==685177== 
==685177== 16 bytes in 1 blocks are still reachable in loss record 5 of 9
==685177==    at 0x48C4E43: calloc (vg_replace_malloc.c:1678)
==685177==    by 0x40516F1: xcalloc (xmalloc.c:298)
==685177==    by 0x40516F1: xzalloc (xmalloc.c:283)
==685177==    by 0x400BEF9: decode_options (tar.c:2297)
==685177==    by 0x400BEF9: main (tar.c:2792)
==685177== 
==685177== 80 bytes in 1 blocks are still reachable in loss record 6 of 9
==685177==    at 0x48BD858: malloc (vg_replace_malloc.c:447)
==685177==    by 0x40512CC: xmalloc (xmalloc.c:45)
==685177==    by 0x400BE43: main (tar.c:2781)
==685177== 
==685177== 87 (80 direct, 7 indirect) bytes in 2 blocks are definitely lost in loss record 7 of 9
==685177==    at 0x48C4E43: calloc (vg_replace_malloc.c:1678)
==685177==    by 0x403959D: wsnode_new (wordsplit.c:422)
==685177==    by 0x403959D: wordsplit_add_segm (wordsplit.c:523)
==685177==    by 0x4039854: scan_word (wordsplit.c:2062)
==685177==    by 0x4039C7C: wordsplit_process_list (wordsplit.c:2358)
==685177==    by 0x403A562: wordsplit_run.constprop.0 (wordsplit.c:2434)
==685177==    by 0x400BFFA: parse_default_options (tar.c:2256)
==685177==    by 0x400BFFA: decode_options (tar.c:2378)
==685177==    by 0x400BFFA: main (tar.c:2792)
==685177== 
==685177== 102 bytes in 1 blocks are still reachable in loss record 8 of 9
==685177==    at 0x48BD858: malloc (vg_replace_malloc.c:447)
==685177==    by 0x40512CC: xmalloc (xmalloc.c:45)
==685177==    by 0x4029881: name_init (names.c:869)
==685177==    by 0x400C94C: main (tar.c:2794)
==685177== 
==685177== 4,064 bytes in 1 blocks are still reachable in loss record 9 of 9
==685177==    at 0x48BD858: malloc (vg_replace_malloc.c:447)
==685177==    by 0x40512CC: xmalloc (xmalloc.c:45)
==685177==    by 0x404A07D: call_chunkfun (obstack.c:88)
==685177==    by 0x404A07D: _obstack_begin_worker.isra.0 (obstack.c:135)
==685177==    by 0x404A0A8: _obstack_begin (obstack.c:157)
==685177==    by 0x4032C57: _transform_name_to_obstack (transform.c:592)
==685177==    by 0x4032C57: transform_name_fp (transform.c:614)
==685177==    by 0x4016444: dump_file0 (create.c:1657)
==685177==    by 0x4017589: dump_file (create.c:1968)
==685177==    by 0x4017589: create_archive (create.c:1412)
==685177==    by 0x400CD90: main (tar.c:2818)
==685177== 
==685177== LEAK SUMMARY:
==685177==    definitely lost: 87 bytes in 4 blocks
==685177==    indirectly lost: 7 bytes in 2 blocks
==685177==      possibly lost: 0 bytes in 0 blocks
==685177==    still reachable: 4,272 bytes in 6 blocks
==685177==         suppressed: 0 bytes in 0 blocks
==685177== 
==685177== For lists of detected and suppressed errors, rerun with: -s
==685177== ERROR SUMMARY: 2 errors from 2 contexts (suppressed: 0 from 0)
