==679761== Memcheck, a memory error detector
==679761== Copyright (C) 2002-2024, and GNU GPL'd, by Julian Seward et al.
==679761== Using Valgrind-3.26.0 and LibVEX; rerun with -h for copyright info
==679761== Command: /tmp/rboxc-tar-original-wgm1c3sl/deps/xz
==679761== Parent PID: 679749
==679761== 
==679761== warning: connection to image /usr/lib/x86_64-linux-gnu/liblzma.so.5.8.3 failed
==679761==          no debug info loaded
==679761== warning: connection to image /usr/libexec/valgrind/vgpreload_core-amd64-linux.so failed
==679761==          no debug info loaded
==679761== 
==679761== FILE DESCRIPTORS: 3 open (1 inherited) at exit.
==679761== Open file descriptor 4:
==679761==    at 0x49F1B8D: pipe (pipe.c:29)
==679761==    by 0x4004F36: ??? (in /usr/bin/xz)
==679761==    by 0x48F4600: (below main) (libc_start_call_main.h:59)
==679761== 
==679761== Open file descriptor 3:
==679761==    at 0x49F1B8D: pipe (pipe.c:29)
==679761==    by 0x4004F36: ??? (in /usr/bin/xz)
==679761==    by 0x48F4600: (below main) (libc_start_call_main.h:59)
==679761== 
==679761== 
==679761== HEAP SUMMARY:
==679761==     in use at exit: 147,965,739 bytes in 19 blocks
==679761==   total heap usage: 27 allocs, 8 frees, 147,965,831 bytes allocated
==679761== 
==679761== 80 bytes in 1 blocks are still reachable in loss record 1 of 19
==679761==    at 0x4869858: malloc (vg_replace_malloc.c:447)
==679761==    by 0x489D7D9: lzma_index_init (in /usr/lib/x86_64-linux-gnu/liblzma.so.5.8.3)
==679761==    by 0x48A608F: ??? (in /usr/lib/x86_64-linux-gnu/liblzma.so.5.8.3)
==679761==    by 0x48A641F: lzma_stream_encoder_mt (in /usr/lib/x86_64-linux-gnu/liblzma.so.5.8.3)
==679761==    by 0x400BCED: ??? (in /usr/bin/xz)
==679761==    by 0x400576F: ??? (in /usr/bin/xz)
==679761==    by 0x48F4600: (below main) (libc_start_call_main.h:59)
==679761== 
==679761== 104 bytes in 1 blocks are still reachable in loss record 2 of 19
==679761==    at 0x4869858: malloc (vg_replace_malloc.c:447)
==679761==    by 0x489CC9D: ??? (in /usr/lib/x86_64-linux-gnu/liblzma.so.5.8.3)
==679761==    by 0x48A63F9: lzma_stream_encoder_mt (in /usr/lib/x86_64-linux-gnu/liblzma.so.5.8.3)
==679761==    by 0x400BCED: ??? (in /usr/bin/xz)
==679761==    by 0x400576F: ??? (in /usr/bin/xz)
==679761==    by 0x48F4600: (below main) (libc_start_call_main.h:59)
==679761== 
==679761== 112 bytes in 1 blocks are still reachable in loss record 3 of 19
==679761==    at 0x4869858: malloc (vg_replace_malloc.c:447)
==679761==    by 0x489D505: lzma_filters_copy (in /usr/lib/x86_64-linux-gnu/liblzma.so.5.8.3)
==679761==    by 0x48A6071: ??? (in /usr/lib/x86_64-linux-gnu/liblzma.so.5.8.3)
==679761==    by 0x48A641F: lzma_stream_encoder_mt (in /usr/lib/x86_64-linux-gnu/liblzma.so.5.8.3)
==679761==    by 0x400BCED: ??? (in /usr/bin/xz)
==679761==    by 0x400576F: ??? (in /usr/bin/xz)
==679761==    by 0x48F4600: (below main) (libc_start_call_main.h:59)
==679761== 
==679761== 112 bytes in 1 blocks are still reachable in loss record 4 of 19
==679761==    at 0x4869858: malloc (vg_replace_malloc.c:447)
==679761==    by 0x489D505: lzma_filters_copy (in /usr/lib/x86_64-linux-gnu/liblzma.so.5.8.3)
==679761==    by 0x48A754E: ??? (in /usr/lib/x86_64-linux-gnu/liblzma.so.5.8.3)
==679761==    by 0x489CE2B: lzma_code (in /usr/lib/x86_64-linux-gnu/liblzma.so.5.8.3)
==679761==    by 0x400BC0D: ??? (in /usr/bin/xz)
==679761==    by 0x400576F: ??? (in /usr/bin/xz)
==679761==    by 0x48F4600: (below main) (libc_start_call_main.h:59)
==679761== 
==679761== 168 bytes in 1 blocks are still reachable in loss record 5 of 19
==679761==    at 0x4869858: malloc (vg_replace_malloc.c:447)
==679761==    by 0x489D818: lzma_index_init (in /usr/lib/x86_64-linux-gnu/liblzma.so.5.8.3)
==679761==    by 0x48A608F: ??? (in /usr/lib/x86_64-linux-gnu/liblzma.so.5.8.3)
==679761==    by 0x48A641F: lzma_stream_encoder_mt (in /usr/lib/x86_64-linux-gnu/liblzma.so.5.8.3)
==679761==    by 0x400BCED: ??? (in /usr/bin/xz)
==679761==    by 0x400576F: ??? (in /usr/bin/xz)
==679761==    by 0x48F4600: (below main) (libc_start_call_main.h:59)
==679761== 
==679761== 224 bytes in 1 blocks are still reachable in loss record 6 of 19
==679761==    at 0x4869858: malloc (vg_replace_malloc.c:447)
==679761==    by 0x48A4279: ??? (in /usr/lib/x86_64-linux-gnu/liblzma.so.5.8.3)
==679761==    by 0x48A534E: ??? (in /usr/lib/x86_64-linux-gnu/liblzma.so.5.8.3)
==679761==    by 0x496DDF9: start_thread (pthread_create.c:454)
==679761==    by 0x4A013D3: clone (clone.S:100)
==679761== 
==679761== 240 bytes in 1 blocks are still reachable in loss record 7 of 19
==679761==    at 0x4869858: malloc (vg_replace_malloc.c:447)
==679761==    by 0x48AF0B0: ??? (in /usr/lib/x86_64-linux-gnu/liblzma.so.5.8.3)
==679761==    by 0x489C296: ??? (in /usr/lib/x86_64-linux-gnu/liblzma.so.5.8.3)
==679761==    by 0x48A534E: ??? (in /usr/lib/x86_64-linux-gnu/liblzma.so.5.8.3)
==679761==    by 0x496DDF9: start_thread (pthread_create.c:454)
==679761==    by 0x4A013D3: clone (clone.S:100)
==679761== 
==679761== 272 bytes in 1 blocks are possibly lost in loss record 8 of 19
==679761==    at 0x4870E43: calloc (vg_replace_malloc.c:1678)
==679761==    by 0x4034506: calloc (rtld-malloc.h:44)
==679761==    by 0x4034506: allocate_dtv (dl-tls.c:470)
==679761==    by 0x4034506: _dl_allocate_tls (dl-tls.c:722)
==679761==    by 0x496EC81: allocate_stack (allocatestack.c:568)
==679761==    by 0x496EC81: pthread_create@@GLIBC_2.34 (pthread_create.c:680)
==679761==    by 0x48A7502: ??? (in /usr/lib/x86_64-linux-gnu/liblzma.so.5.8.3)
==679761==    by 0x489CE2B: lzma_code (in /usr/lib/x86_64-linux-gnu/liblzma.so.5.8.3)
==679761==    by 0x400BC0D: ??? (in /usr/bin/xz)
==679761==    by 0x400576F: ??? (in /usr/bin/xz)
==679761==    by 0x48F4600: (below main) (libc_start_call_main.h:59)
==679761== 
==679761== 336 bytes in 1 blocks are still reachable in loss record 9 of 19
==679761==    at 0x4869858: malloc (vg_replace_malloc.c:447)
==679761==    by 0x489E839: ??? (in /usr/lib/x86_64-linux-gnu/liblzma.so.5.8.3)
==679761==    by 0x48A7705: ??? (in /usr/lib/x86_64-linux-gnu/liblzma.so.5.8.3)
==679761==    by 0x489CE2B: lzma_code (in /usr/lib/x86_64-linux-gnu/liblzma.so.5.8.3)
==679761==    by 0x400BC0D: ??? (in /usr/bin/xz)
==679761==    by 0x400576F: ??? (in /usr/bin/xz)
==679761==    by 0x48F4600: (below main) (libc_start_call_main.h:59)
==679761== 
==679761== 568 bytes in 1 blocks are still reachable in loss record 10 of 19
==679761==    at 0x4869858: malloc (vg_replace_malloc.c:447)
==679761==    by 0x48A6309: ??? (in /usr/lib/x86_64-linux-gnu/liblzma.so.5.8.3)
==679761==    by 0x48A641F: lzma_stream_encoder_mt (in /usr/lib/x86_64-linux-gnu/liblzma.so.5.8.3)
==679761==    by 0x400BCED: ??? (in /usr/bin/xz)
==679761==    by 0x400576F: ??? (in /usr/bin/xz)
==679761==    by 0x48F4600: (below main) (libc_start_call_main.h:59)
==679761== 
==679761== 8,256 bytes in 1 blocks are still reachable in loss record 11 of 19
==679761==    at 0x4869858: malloc (vg_replace_malloc.c:447)
==679761==    by 0x489FC67: lzma_index_append (in /usr/lib/x86_64-linux-gnu/liblzma.so.5.8.3)
==679761==    by 0x48A6DFA: ??? (in /usr/lib/x86_64-linux-gnu/liblzma.so.5.8.3)
==679761==    by 0x489CE2B: lzma_code (in /usr/lib/x86_64-linux-gnu/liblzma.so.5.8.3)
==679761==    by 0x400BC0D: ??? (in /usr/bin/xz)
==679761==    by 0x400576F: ??? (in /usr/bin/xz)
==679761==    by 0x48F4600: (below main) (libc_start_call_main.h:59)
==679761== 
==679761== 34,816 bytes in 1 blocks are still reachable in loss record 12 of 19
==679761==    at 0x4869858: malloc (vg_replace_malloc.c:447)
==679761==    by 0x48A6137: ??? (in /usr/lib/x86_64-linux-gnu/liblzma.so.5.8.3)
==679761==    by 0x48A641F: lzma_stream_encoder_mt (in /usr/lib/x86_64-linux-gnu/liblzma.so.5.8.3)
==679761==    by 0x400BCED: ??? (in /usr/bin/xz)
==679761==    by 0x400576F: ??? (in /usr/bin/xz)
==679761==    by 0x48F4600: (below main) (libc_start_call_main.h:59)
==679761== 
==679761== 65,704 bytes in 1 blocks are still reachable in loss record 13 of 19
==679761==    at 0x4869858: malloc (vg_replace_malloc.c:447)
==679761==    by 0x48BA735: ??? (in /usr/lib/x86_64-linux-gnu/liblzma.so.5.8.3)
==679761==    by 0x48AEE0A: ??? (in /usr/lib/x86_64-linux-gnu/liblzma.so.5.8.3)
==679761==    by 0x489C296: ??? (in /usr/lib/x86_64-linux-gnu/liblzma.so.5.8.3)
==679761==    by 0x48A534E: ??? (in /usr/lib/x86_64-linux-gnu/liblzma.so.5.8.3)
==679761==    by 0x496DDF9: start_thread (pthread_create.c:454)
==679761==    by 0x4A013D3: clone (clone.S:100)
==679761== 
==679761== 249,552 bytes in 1 blocks are still reachable in loss record 14 of 19
==679761==    at 0x4869858: malloc (vg_replace_malloc.c:447)
==679761==    by 0x48B2DC1: ??? (in /usr/lib/x86_64-linux-gnu/liblzma.so.5.8.3)
==679761==    by 0x48BA65C: ??? (in /usr/lib/x86_64-linux-gnu/liblzma.so.5.8.3)
==679761==    by 0x48AEE0A: ??? (in /usr/lib/x86_64-linux-gnu/liblzma.so.5.8.3)
==679761==    by 0x489C296: ??? (in /usr/lib/x86_64-linux-gnu/liblzma.so.5.8.3)
==679761==    by 0x48A534E: ??? (in /usr/lib/x86_64-linux-gnu/liblzma.so.5.8.3)
==679761==    by 0x496DDF9: start_thread (pthread_create.c:454)
==679761==    by 0x4A013D3: clone (clone.S:100)
==679761== 
==679761== 13,119,907 bytes in 1 blocks are still reachable in loss record 15 of 19
==679761==    at 0x4869858: malloc (vg_replace_malloc.c:447)
==679761==    by 0x48AF10F: ??? (in /usr/lib/x86_64-linux-gnu/liblzma.so.5.8.3)
==679761==    by 0x489C296: ??? (in /usr/lib/x86_64-linux-gnu/liblzma.so.5.8.3)
==679761==    by 0x48A534E: ??? (in /usr/lib/x86_64-linux-gnu/liblzma.so.5.8.3)
==679761==    by 0x496DDF9: start_thread (pthread_create.c:454)
==679761==    by 0x4A013D3: clone (clone.S:100)
==679761== 
==679761== 17,043,456 bytes in 1 blocks are still reachable in loss record 16 of 19
==679761==    at 0x4870E43: calloc (vg_replace_malloc.c:1678)
==679761==    by 0x48AEFFA: ??? (in /usr/lib/x86_64-linux-gnu/liblzma.so.5.8.3)
==679761==    by 0x489C296: ??? (in /usr/lib/x86_64-linux-gnu/liblzma.so.5.8.3)
==679761==    by 0x48A534E: ??? (in /usr/lib/x86_64-linux-gnu/liblzma.so.5.8.3)
==679761==    by 0x496DDF9: start_thread (pthread_create.c:454)
==679761==    by 0x4A013D3: clone (clone.S:100)
==679761== 
==679761== 25,165,824 bytes in 1 blocks are still reachable in loss record 17 of 19
==679761==    at 0x4869858: malloc (vg_replace_malloc.c:447)
==679761==    by 0x48A765F: ??? (in /usr/lib/x86_64-linux-gnu/liblzma.so.5.8.3)
==679761==    by 0x489CE2B: lzma_code (in /usr/lib/x86_64-linux-gnu/liblzma.so.5.8.3)
==679761==    by 0x400BC0D: ??? (in /usr/bin/xz)
==679761==    by 0x400576F: ??? (in /usr/bin/xz)
==679761==    by 0x48F4600: (below main) (libc_start_call_main.h:59)
==679761== 
==679761== 25,167,136 bytes in 1 blocks are still reachable in loss record 18 of 19
==679761==    at 0x4869858: malloc (vg_replace_malloc.c:447)
==679761==    by 0x48A09CF: ??? (in /usr/lib/x86_64-linux-gnu/liblzma.so.5.8.3)
==679761==    by 0x48A71E3: ??? (in /usr/lib/x86_64-linux-gnu/liblzma.so.5.8.3)
==679761==    by 0x489CE2B: lzma_code (in /usr/lib/x86_64-linux-gnu/liblzma.so.5.8.3)
==679761==    by 0x400BC0D: ??? (in /usr/bin/xz)
==679761==    by 0x400576F: ??? (in /usr/bin/xz)
==679761==    by 0x48F4600: (below main) (libc_start_call_main.h:59)
==679761== 
==679761== 67,108,872 bytes in 1 blocks are still reachable in loss record 19 of 19
==679761==    at 0x4869858: malloc (vg_replace_malloc.c:447)
==679761==    by 0x48AF13F: ??? (in /usr/lib/x86_64-linux-gnu/liblzma.so.5.8.3)
==679761==    by 0x489C296: ??? (in /usr/lib/x86_64-linux-gnu/liblzma.so.5.8.3)
==679761==    by 0x48A534E: ??? (in /usr/lib/x86_64-linux-gnu/liblzma.so.5.8.3)
==679761==    by 0x496DDF9: start_thread (pthread_create.c:454)
==679761==    by 0x4A013D3: clone (clone.S:100)
==679761== 
==679761== LEAK SUMMARY:
==679761==    definitely lost: 0 bytes in 0 blocks
==679761==    indirectly lost: 0 bytes in 0 blocks
==679761==      possibly lost: 272 bytes in 1 blocks
==679761==    still reachable: 147,965,467 bytes in 18 blocks
==679761==         suppressed: 0 bytes in 0 blocks
==679761== 
==679761== For lists of detected and suppressed errors, rerun with: -s
==679761== ERROR SUMMARY: 3 errors from 3 contexts (suppressed: 0 from 0)
==679761== could not unlink /tmp/rboxc-tar-original-wgm1c3sl/vgdb-pipe-from-vgdb-to-679761-by-???-on-???
==679761== could not unlink /tmp/rboxc-tar-original-wgm1c3sl/vgdb-pipe-to-vgdb-from-679761-by-???-on-???
==679761== could not unlink /tmp/rboxc-tar-original-wgm1c3sl/vgdb-pipe-shared-mem-vgdb-679761-by-???-on-???
