==680115== Memcheck, a memory error detector
==680115== Copyright (C) 2002-2024, and GNU GPL'd, by Julian Seward et al.
==680115== Using Valgrind-3.26.0 and LibVEX; rerun with -h for copyright info
==680115== Command: /bin/sh -c xz
==680115== Parent PID: 680060
==680115== 
==680115== 
==680115== FILE DESCRIPTORS: 3 open (3 inherited) at exit.
==680115== 
==680115== HEAP SUMMARY:
==680115==     in use at exit: 932 bytes in 24 blocks
==680115==   total heap usage: 26 allocs, 2 frees, 1,084 bytes allocated
==680115== 
==680115== 26 bytes in 1 blocks are still reachable in loss record 1 of 6
==680115==    at 0x486E858: malloc (vg_replace_malloc.c:447)
==680115==    by 0x40083FA: ??? (in /usr/bin/dash)
==680115==    by 0x4012E0A: ??? (in /usr/bin/dash)
==680115==    by 0x4013FFF: ??? (in /usr/bin/dash)
==680115==    by 0x400BCE7: ??? (in /usr/bin/dash)
==680115==    by 0x40120F8: ??? (in /usr/bin/dash)
==680115==    by 0x4004DA0: ??? (in /usr/bin/dash)
==680115==    by 0x48C4600: (below main) (libc_start_call_main.h:59)
==680115== 
==680115== 32 bytes in 1 blocks are still reachable in loss record 2 of 6
==680115==    at 0x486E858: malloc (vg_replace_malloc.c:447)
==680115==    by 0x4017AB2: ??? (in /usr/bin/dash)
==680115==    by 0x40186D4: ??? (in /usr/bin/dash)
==680115==    by 0x4004BC6: ??? (in /usr/bin/dash)
==680115==    by 0x48C4600: (below main) (libc_start_call_main.h:59)
==680115== 
==680115== 51 bytes in 1 blocks are still reachable in loss record 3 of 6
==680115==    at 0x486E858: malloc (vg_replace_malloc.c:447)
==680115==    by 0x495596E: strdup (strdup.c:42)
==680115==    by 0x40081DF: ??? (in /usr/bin/dash)
==680115==    by 0x40186F9: ??? (in /usr/bin/dash)
==680115==    by 0x4004BC6: ??? (in /usr/bin/dash)
==680115==    by 0x48C4600: (below main) (libc_start_call_main.h:59)
==680115== 
==680115== 55 bytes in 1 blocks are still reachable in loss record 4 of 6
==680115==    at 0x486E858: malloc (vg_replace_malloc.c:447)
==680115==    by 0x4017C53: ??? (in /usr/bin/dash)
==680115==    by 0x40186F9: ??? (in /usr/bin/dash)
==680115==    by 0x4004BC6: ??? (in /usr/bin/dash)
==680115==    by 0x48C4600: (below main) (libc_start_call_main.h:59)
==680115== 
==680115== 160 bytes in 1 blocks are still reachable in loss record 5 of 6
==680115==    at 0x487607F: realloc (vg_replace_malloc.c:1804)
==680115==    by 0x40074DC: ??? (in /usr/bin/dash)
==680115==    by 0x400A64D: ??? (in /usr/bin/dash)
==680115==    by 0x4014058: ??? (in /usr/bin/dash)
==680115==    by 0x400BCE7: ??? (in /usr/bin/dash)
==680115==    by 0x40120F8: ??? (in /usr/bin/dash)
==680115==    by 0x4004DA0: ??? (in /usr/bin/dash)
==680115==    by 0x48C4600: (below main) (libc_start_call_main.h:59)
==680115== 
==680115== 608 bytes in 19 blocks are still reachable in loss record 6 of 6
==680115==    at 0x486E858: malloc (vg_replace_malloc.c:447)
==680115==    by 0x4017AB2: ??? (in /usr/bin/dash)
==680115==    by 0x4018670: ??? (in /usr/bin/dash)
==680115==    by 0x4004BC6: ??? (in /usr/bin/dash)
==680115==    by 0x48C4600: (below main) (libc_start_call_main.h:59)
==680115== 
==680115== LEAK SUMMARY:
==680115==    definitely lost: 0 bytes in 0 blocks
==680115==    indirectly lost: 0 bytes in 0 blocks
==680115==      possibly lost: 0 bytes in 0 blocks
==680115==    still reachable: 932 bytes in 24 blocks
==680115==         suppressed: 0 bytes in 0 blocks
==680115== 
==680115== For lists of detected and suppressed errors, rerun with: -s
==680115== ERROR SUMMARY: 0 errors from 0 contexts (suppressed: 0 from 0)
