==674946== Memcheck, a memory error detector
==674946== Copyright (C) 2002-2024, and GNU GPL'd, by Julian Seward et al.
==674946== Using Valgrind-3.26.0 and LibVEX; rerun with -h for copyright info
==674946== Command: tar xfvz /dev/null
==674946== Parent PID: 674937
==674946== 
==674946== 
==674946== FILE DESCRIPTORS: 3 open (3 inherited) at exit.
==674946== 
==674946== HEAP SUMMARY:
==674946==     in use at exit: 14,566 bytes in 5 blocks
==674946==   total heap usage: 22 allocs, 17 frees, 22,538 bytes allocated
==674946== 
==674946== 16 bytes in 1 blocks are still reachable in loss record 1 of 5
==674946==    at 0x5875E43: calloc (vg_replace_malloc.c:1678)
==674946==    by 0x469E501: rboxc_tar_xzalloc (in /root/rboxc/target/tar-map-probe-candidate/release/rboxc)
==674946==    by 0x4477AF5: single_binary_main_tar (in /root/rboxc/target/tar-map-probe-candidate/release/rboxc)
==674946==    by 0x5A18600: (below main) (libc_start_call_main.h:59)
==674946== 
==674946== 32 bytes in 1 blocks are still reachable in loss record 2 of 5
==674946==    at 0x586E858: malloc (vg_replace_malloc.c:447)
==674946==    by 0x469E0DC: rboxc_tar_xmalloc (in /root/rboxc/target/tar-map-probe-candidate/release/rboxc)
==674946==    by 0x446ED30: rboxc::applet_tar::set_use_compress_program_option (in /root/rboxc/target/tar-map-probe-candidate/release/rboxc)
==674946==    by 0x446FA92: rboxc::applet_tar::parse_opt (in /root/rboxc/target/tar-map-probe-candidate/release/rboxc)
==674946==    by 0x468D23D: rboxc_tar_argp_parse (in /root/rboxc/target/tar-map-probe-candidate/release/rboxc)
==674946==    by 0x4478025: single_binary_main_tar (in /root/rboxc/target/tar-map-probe-candidate/release/rboxc)
==674946==    by 0x5A18600: (below main) (libc_start_call_main.h:59)
==674946== 
==674946== 80 bytes in 1 blocks are still reachable in loss record 3 of 5
==674946==    at 0x586E858: malloc (vg_replace_malloc.c:447)
==674946==    by 0x469E0DC: rboxc_tar_xmalloc (in /root/rboxc/target/tar-map-probe-candidate/release/rboxc)
==674946==    by 0x4477A00: single_binary_main_tar (in /root/rboxc/target/tar-map-probe-candidate/release/rboxc)
==674946==    by 0x5A18600: (below main) (libc_start_call_main.h:59)
==674946== 
==674946== 102 bytes in 1 blocks are still reachable in loss record 4 of 5
==674946==    at 0x586E858: malloc (vg_replace_malloc.c:447)
==674946==    by 0x469E0DC: rboxc_tar_xmalloc (in /root/rboxc/target/tar-map-probe-candidate/release/rboxc)
==674946==    by 0x46734A1: rboxc_tar_name_init (in /root/rboxc/target/tar-map-probe-candidate/release/rboxc)
==674946==    by 0x4478A7A: single_binary_main_tar (in /root/rboxc/target/tar-map-probe-candidate/release/rboxc)
==674946==    by 0x5A18600: (below main) (libc_start_call_main.h:59)
==674946== 
==674946== 14,336 bytes in 1 blocks are still reachable in loss record 5 of 5
==674946==    at 0x586E858: malloc (vg_replace_malloc.c:447)
==674946==    by 0x469E0DC: rboxc_tar_xmalloc (in /root/rboxc/target/tar-map-probe-candidate/release/rboxc)
==674946==    by 0x4671752: rboxc_tar_page_aligned_alloc (in /root/rboxc/target/tar-map-probe-candidate/release/rboxc)
==674946==    by 0x465A203: init_buffer (in /root/rboxc/target/tar-map-probe-candidate/release/rboxc)
==674946==    by 0x465D8FF: rboxc_tar_open_archive (in /root/rboxc/target/tar-map-probe-candidate/release/rboxc)
==674946==    by 0x466EE7F: rboxc_tar_read_and (in /root/rboxc/target/tar-map-probe-candidate/release/rboxc)
==674946==    by 0x4478C40: single_binary_main_tar (in /root/rboxc/target/tar-map-probe-candidate/release/rboxc)
==674946==    by 0x5A18600: (below main) (libc_start_call_main.h:59)
==674946== 
==674946== LEAK SUMMARY:
==674946==    definitely lost: 0 bytes in 0 blocks
==674946==    indirectly lost: 0 bytes in 0 blocks
==674946==      possibly lost: 0 bytes in 0 blocks
==674946==    still reachable: 14,566 bytes in 5 blocks
==674946==         suppressed: 0 bytes in 0 blocks
==674946== 
==674946== For lists of detected and suppressed errors, rerun with: -s
==674946== ERROR SUMMARY: 0 errors from 0 contexts (suppressed: 0 from 0)
