==639575== Memcheck, a memory error detector
==639575== Copyright (C) 2002-2024, and GNU GPL'd, by Julian Seward et al.
==639575== Using Valgrind-3.26.0 and LibVEX; rerun with -h for copyright info
==639575== Command: /tmp/rboxc-tar-behavior-5jp26xnv/exec/tar -df archive.tar -C tree
==639575== Parent PID: 635373
==639575== 
==639575== 
==639575== FILE DESCRIPTORS: 1 open (1 inherited) at exit.
==639575== 
==639575== HEAP SUMMARY:
==639575==     in use at exit: 4,272 bytes in 6 blocks
==639575==   total heap usage: 91 allocs, 85 frees, 62,333 bytes allocated
==639575== 
==639575== 5 bytes in 1 blocks are still reachable in loss record 1 of 6
==639575==    at 0x586E858: malloc (vg_replace_malloc.c:447)
==639575==    by 0x469E66D: rboxc_tar_xstrdup (in /root/rboxc/target/tar-map-probe-candidate/release/rboxc)
==639575==    by 0x466FF4F: rboxc_tar_assign_string (in /root/rboxc/target/tar-map-probe-candidate/release/rboxc)
==639575==    by 0x467335C: rboxc_tar_uname_to_uid (in /root/rboxc/target/tar-map-probe-candidate/release/rboxc)
==639575==    by 0x466DFBF: rboxc_tar_decode_header (in /root/rboxc/target/tar-map-probe-candidate/release/rboxc)
==639575==    by 0x466F056: rboxc_tar_read_and (in /root/rboxc/target/tar-map-probe-candidate/release/rboxc)
==639575==    by 0x4478B63: single_binary_main_tar (in /root/rboxc/target/tar-map-probe-candidate/release/rboxc)
==639575==    by 0x5A18600: (below main) (libc_start_call_main.h:59)
==639575== 
==639575== 5 bytes in 1 blocks are still reachable in loss record 2 of 6
==639575==    at 0x586E858: malloc (vg_replace_malloc.c:447)
==639575==    by 0x469E66D: rboxc_tar_xstrdup (in /root/rboxc/target/tar-map-probe-candidate/release/rboxc)
==639575==    by 0x466FF4F: rboxc_tar_assign_string (in /root/rboxc/target/tar-map-probe-candidate/release/rboxc)
==639575==    by 0x46733FC: rboxc_tar_gname_to_gid (in /root/rboxc/target/tar-map-probe-candidate/release/rboxc)
==639575==    by 0x466DF9F: rboxc_tar_decode_header (in /root/rboxc/target/tar-map-probe-candidate/release/rboxc)
==639575==    by 0x466F056: rboxc_tar_read_and (in /root/rboxc/target/tar-map-probe-candidate/release/rboxc)
==639575==    by 0x4478B63: single_binary_main_tar (in /root/rboxc/target/tar-map-probe-candidate/release/rboxc)
==639575==    by 0x5A18600: (below main) (libc_start_call_main.h:59)
==639575== 
==639575== 16 bytes in 1 blocks are still reachable in loss record 3 of 6
==639575==    at 0x5875E43: calloc (vg_replace_malloc.c:1678)
==639575==    by 0x469E501: rboxc_tar_xzalloc (in /root/rboxc/target/tar-map-probe-candidate/release/rboxc)
==639575==    by 0x4477AF5: single_binary_main_tar (in /root/rboxc/target/tar-map-probe-candidate/release/rboxc)
==639575==    by 0x5A18600: (below main) (libc_start_call_main.h:59)
==639575== 
==639575== 80 bytes in 1 blocks are still reachable in loss record 4 of 6
==639575==    at 0x586E858: malloc (vg_replace_malloc.c:447)
==639575==    by 0x469E0DC: rboxc_tar_xmalloc (in /root/rboxc/target/tar-map-probe-candidate/release/rboxc)
==639575==    by 0x4477A00: single_binary_main_tar (in /root/rboxc/target/tar-map-probe-candidate/release/rboxc)
==639575==    by 0x5A18600: (below main) (libc_start_call_main.h:59)
==639575== 
==639575== 102 bytes in 1 blocks are still reachable in loss record 5 of 6
==639575==    at 0x586E858: malloc (vg_replace_malloc.c:447)
==639575==    by 0x469E0DC: rboxc_tar_xmalloc (in /root/rboxc/target/tar-map-probe-candidate/release/rboxc)
==639575==    by 0x46734A1: rboxc_tar_name_init (in /root/rboxc/target/tar-map-probe-candidate/release/rboxc)
==639575==    by 0x4478A7A: single_binary_main_tar (in /root/rboxc/target/tar-map-probe-candidate/release/rboxc)
==639575==    by 0x5A18600: (below main) (libc_start_call_main.h:59)
==639575== 
==639575== 4,064 bytes in 1 blocks are still reachable in loss record 6 of 6
==639575==    at 0x586E858: malloc (vg_replace_malloc.c:447)
==639575==    by 0x469E0DC: rboxc_tar_xmalloc (in /root/rboxc/target/tar-map-probe-candidate/release/rboxc)
==639575==    by 0x4695FFD: _obstack_begin_worker.isra.0 (in /root/rboxc/target/tar-map-probe-candidate/release/rboxc)
==639575==    by 0x4696028: rboxc_tar__obstack_begin (in /root/rboxc/target/tar-map-probe-candidate/release/rboxc)
==639575==    by 0x4679CD7: rboxc_tar_transform_name_fp (in /root/rboxc/target/tar-map-probe-candidate/release/rboxc)
==639575==    by 0x466D0B0: transform_stat_info.part.0 (in /root/rboxc/target/tar-map-probe-candidate/release/rboxc)
==639575==    by 0x466F290: rboxc_tar_read_and (in /root/rboxc/target/tar-map-probe-candidate/release/rboxc)
==639575==    by 0x4478B63: single_binary_main_tar (in /root/rboxc/target/tar-map-probe-candidate/release/rboxc)
==639575==    by 0x5A18600: (below main) (libc_start_call_main.h:59)
==639575== 
==639575== LEAK SUMMARY:
==639575==    definitely lost: 0 bytes in 0 blocks
==639575==    indirectly lost: 0 bytes in 0 blocks
==639575==      possibly lost: 0 bytes in 0 blocks
==639575==    still reachable: 4,272 bytes in 6 blocks
==639575==         suppressed: 0 bytes in 0 blocks
==639575== 
==639575== For lists of detected and suppressed errors, rerun with: -s
==639575== ERROR SUMMARY: 0 errors from 0 contexts (suppressed: 0 from 0)
