==694204== Memcheck, a memory error detector
==694204== Copyright (C) 2002-2024, and GNU GPL'd, by Julian Seward et al.
==694204== Using Valgrind-3.26.0 and LibVEX; rerun with -h for copyright info
==694204== Command: /tmp/rboxc-tar-behavior-hf1ati4o/exec/tar --format=ustar -cf result.tar -C ./tree -C ./ .
==694204== Parent PID: 683658
==694204== 
==694204== 
==694204== FILE DESCRIPTORS: 1 open (1 inherited) at exit.
==694204== 
==694204== HEAP SUMMARY:
==694204==     in use at exit: 4,568 bytes in 9 blocks
==694204==   total heap usage: 99 allocs, 90 frees, 114,350 bytes allocated
==694204== 
==694204== 5 bytes in 1 blocks are still reachable in loss record 1 of 9
==694204==    at 0x586E858: malloc (vg_replace_malloc.c:447)
==694204==    by 0x469E72D: rboxc_tar_xstrdup (in /root/rboxc/target/tar-child-prefix-candidate/release/rboxc)
==694204==    by 0x467000F: rboxc_tar_assign_string (in /root/rboxc/target/tar-child-prefix-candidate/release/rboxc)
==694204==    by 0x46732F2: rboxc_tar_uid_to_uname (in /root/rboxc/target/tar-child-prefix-candidate/release/rboxc)
==694204==    by 0x4662513: rboxc_tar_start_header (in /root/rboxc/target/tar-child-prefix-candidate/release/rboxc)
==694204==    by 0x4663719: dump_file0 (in /root/rboxc/target/tar-child-prefix-candidate/release/rboxc)
==694204==    by 0x46644A9: rboxc_tar_create_archive (in /root/rboxc/target/tar-child-prefix-candidate/release/rboxc)
==694204==    by 0x440EEB8: single_binary_main_tar (in /root/rboxc/target/tar-child-prefix-candidate/release/rboxc)
==694204==    by 0x5A18600: (below main) (libc_start_call_main.h:59)
==694204== 
==694204== 5 bytes in 1 blocks are still reachable in loss record 2 of 9
==694204==    at 0x586E858: malloc (vg_replace_malloc.c:447)
==694204==    by 0x469E72D: rboxc_tar_xstrdup (in /root/rboxc/target/tar-child-prefix-candidate/release/rboxc)
==694204==    by 0x467000F: rboxc_tar_assign_string (in /root/rboxc/target/tar-child-prefix-candidate/release/rboxc)
==694204==    by 0x4673382: rboxc_tar_gid_to_gname (in /root/rboxc/target/tar-child-prefix-candidate/release/rboxc)
==694204==    by 0x46624FB: rboxc_tar_start_header (in /root/rboxc/target/tar-child-prefix-candidate/release/rboxc)
==694204==    by 0x4663719: dump_file0 (in /root/rboxc/target/tar-child-prefix-candidate/release/rboxc)
==694204==    by 0x46644A9: rboxc_tar_create_archive (in /root/rboxc/target/tar-child-prefix-candidate/release/rboxc)
==694204==    by 0x440EEB8: single_binary_main_tar (in /root/rboxc/target/tar-child-prefix-candidate/release/rboxc)
==694204==    by 0x5A18600: (below main) (libc_start_call_main.h:59)
==694204== 
==694204== 16 bytes in 1 blocks are still reachable in loss record 3 of 9
==694204==    at 0x5875E43: calloc (vg_replace_malloc.c:1678)
==694204==    by 0x469E5C1: rboxc_tar_xzalloc (in /root/rboxc/target/tar-child-prefix-candidate/release/rboxc)
==694204==    by 0x440DEB5: single_binary_main_tar (in /root/rboxc/target/tar-child-prefix-candidate/release/rboxc)
==694204==    by 0x5A18600: (below main) (libc_start_call_main.h:59)
==694204== 
==694204== 40 bytes in 1 blocks are still reachable in loss record 4 of 9
==694204==    at 0x586E858: malloc (vg_replace_malloc.c:447)
==694204==    by 0x469E19C: rboxc_tar_xmalloc (in /root/rboxc/target/tar-child-prefix-candidate/release/rboxc)
==694204==    by 0x4660F9E: file_count_links (in /root/rboxc/target/tar-child-prefix-candidate/release/rboxc)
==694204==    by 0x4663978: dump_file0 (in /root/rboxc/target/tar-child-prefix-candidate/release/rboxc)
==694204==    by 0x4662E3E: rboxc_tar_dump_file (in /root/rboxc/target/tar-child-prefix-candidate/release/rboxc)
==694204==    by 0x4664087: dump_file0 (in /root/rboxc/target/tar-child-prefix-candidate/release/rboxc)
==694204==    by 0x46644A9: rboxc_tar_create_archive (in /root/rboxc/target/tar-child-prefix-candidate/release/rboxc)
==694204==    by 0x440EEB8: single_binary_main_tar (in /root/rboxc/target/tar-child-prefix-candidate/release/rboxc)
==694204==    by 0x5A18600: (below main) (libc_start_call_main.h:59)
==694204== 
==694204== 80 bytes in 1 blocks are still reachable in loss record 5 of 9
==694204==    at 0x586E858: malloc (vg_replace_malloc.c:447)
==694204==    by 0x469E19C: rboxc_tar_xmalloc (in /root/rboxc/target/tar-child-prefix-candidate/release/rboxc)
==694204==    by 0x440DDC0: single_binary_main_tar (in /root/rboxc/target/tar-child-prefix-candidate/release/rboxc)
==694204==    by 0x5A18600: (below main) (libc_start_call_main.h:59)
==694204== 
==694204== 80 bytes in 1 blocks are still reachable in loss record 6 of 9
==694204==    at 0x586E858: malloc (vg_replace_malloc.c:447)
==694204==    by 0x4693846: rboxc_tar_hash_initialize (in /root/rboxc/target/tar-child-prefix-candidate/release/rboxc)
==694204==    by 0x466103B: file_count_links (in /root/rboxc/target/tar-child-prefix-candidate/release/rboxc)
==694204==    by 0x4663978: dump_file0 (in /root/rboxc/target/tar-child-prefix-candidate/release/rboxc)
==694204==    by 0x4662E3E: rboxc_tar_dump_file (in /root/rboxc/target/tar-child-prefix-candidate/release/rboxc)
==694204==    by 0x4664087: dump_file0 (in /root/rboxc/target/tar-child-prefix-candidate/release/rboxc)
==694204==    by 0x46644A9: rboxc_tar_create_archive (in /root/rboxc/target/tar-child-prefix-candidate/release/rboxc)
==694204==    by 0x440EEB8: single_binary_main_tar (in /root/rboxc/target/tar-child-prefix-candidate/release/rboxc)
==694204==    by 0x5A18600: (below main) (libc_start_call_main.h:59)
==694204== 
==694204== 102 bytes in 1 blocks are still reachable in loss record 7 of 9
==694204==    at 0x586E858: malloc (vg_replace_malloc.c:447)
==694204==    by 0x469E19C: rboxc_tar_xmalloc (in /root/rboxc/target/tar-child-prefix-candidate/release/rboxc)
==694204==    by 0x4673561: rboxc_tar_name_init (in /root/rboxc/target/tar-child-prefix-candidate/release/rboxc)
==694204==    by 0x440EE3A: single_binary_main_tar (in /root/rboxc/target/tar-child-prefix-candidate/release/rboxc)
==694204==    by 0x5A18600: (below main) (libc_start_call_main.h:59)
==694204== 
==694204== 176 bytes in 1 blocks are still reachable in loss record 8 of 9
==694204==    at 0x5875E43: calloc (vg_replace_malloc.c:1678)
==694204==    by 0x469389C: rboxc_tar_hash_initialize (in /root/rboxc/target/tar-child-prefix-candidate/release/rboxc)
==694204==    by 0x466103B: file_count_links (in /root/rboxc/target/tar-child-prefix-candidate/release/rboxc)
==694204==    by 0x4663978: dump_file0 (in /root/rboxc/target/tar-child-prefix-candidate/release/rboxc)
==694204==    by 0x4662E3E: rboxc_tar_dump_file (in /root/rboxc/target/tar-child-prefix-candidate/release/rboxc)
==694204==    by 0x4664087: dump_file0 (in /root/rboxc/target/tar-child-prefix-candidate/release/rboxc)
==694204==    by 0x46644A9: rboxc_tar_create_archive (in /root/rboxc/target/tar-child-prefix-candidate/release/rboxc)
==694204==    by 0x440EEB8: single_binary_main_tar (in /root/rboxc/target/tar-child-prefix-candidate/release/rboxc)
==694204==    by 0x5A18600: (below main) (libc_start_call_main.h:59)
==694204== 
==694204== 4,064 bytes in 1 blocks are still reachable in loss record 9 of 9
==694204==    at 0x586E858: malloc (vg_replace_malloc.c:447)
==694204==    by 0x469E19C: rboxc_tar_xmalloc (in /root/rboxc/target/tar-child-prefix-candidate/release/rboxc)
==694204==    by 0x46960BD: _obstack_begin_worker.isra.0 (in /root/rboxc/target/tar-child-prefix-candidate/release/rboxc)
==694204==    by 0x46960E8: rboxc_tar__obstack_begin (in /root/rboxc/target/tar-child-prefix-candidate/release/rboxc)
==694204==    by 0x4679D97: rboxc_tar_transform_name_fp (in /root/rboxc/target/tar-child-prefix-candidate/release/rboxc)
==694204==    by 0x4663364: dump_file0 (in /root/rboxc/target/tar-child-prefix-candidate/release/rboxc)
==694204==    by 0x46644A9: rboxc_tar_create_archive (in /root/rboxc/target/tar-child-prefix-candidate/release/rboxc)
==694204==    by 0x440EEB8: single_binary_main_tar (in /root/rboxc/target/tar-child-prefix-candidate/release/rboxc)
==694204==    by 0x5A18600: (below main) (libc_start_call_main.h:59)
==694204== 
==694204== LEAK SUMMARY:
==694204==    definitely lost: 0 bytes in 0 blocks
==694204==    indirectly lost: 0 bytes in 0 blocks
==694204==      possibly lost: 0 bytes in 0 blocks
==694204==    still reachable: 4,568 bytes in 9 blocks
==694204==         suppressed: 0 bytes in 0 blocks
==694204== 
==694204== For lists of detected and suppressed errors, rerun with: -s
==694204== ERROR SUMMARY: 0 errors from 0 contexts (suppressed: 0 from 0)
