==746996== Memcheck, a memory error detector
==746996== Copyright (C) 2002-2024, and GNU GPL'd, by Julian Seward et al.
==746996== Using Valgrind-3.26.0 and LibVEX; rerun with -h for copyright info
==746996== Command: /tmp/rboxc-gawk-original-bo5fwfta/deps/sort
==746996== Parent PID: 746963
==746996== 
==746996== 
==746996== FILE DESCRIPTORS: 0 open (0 inherited) at exit.
==746996== 
==746996== HEAP SUMMARY:
==746996==     in use at exit: 128 bytes in 1 blocks
==746996==   total heap usage: 25 allocs, 24 frees, 16,935,129 bytes allocated
==746996== 
==746996== 128 bytes in 1 blocks are still reachable in loss record 1 of 1
==746996==    at 0x4BF907F: realloc (vg_replace_malloc.c:1804)
==746996==    by 0x411C0A6: rpl_realloc (stdlib.h:2059)
==746996==    by 0x411C0A6: xrealloc (xmalloc.c:70)
==746996==    by 0x411C0A6: xpalloc (xmalloc.c:269)
==746996==    by 0x40A7BB6: add_temp_dir (sort.c:1347)
==746996==    by 0x40AE3A4: single_binary_main_sort (sort.c:4921)
==746996==    by 0x401A532: launch_program (coreutils.c:126)
==746996==    by 0x4018E7A: main (coreutils.c:143)
==746996== 
==746996== LEAK SUMMARY:
==746996==    definitely lost: 0 bytes in 0 blocks
==746996==    indirectly lost: 0 bytes in 0 blocks
==746996==      possibly lost: 0 bytes in 0 blocks
==746996==    still reachable: 128 bytes in 1 blocks
==746996==         suppressed: 0 bytes in 0 blocks
==746996== 
==746996== For lists of detected and suppressed errors, rerun with: -s
==746996== ERROR SUMMARY: 0 errors from 0 contexts (suppressed: 0 from 0)
