==650712== Memcheck, a memory error detector
==650712== Copyright (C) 2002-2024, and GNU GPL'd, by Julian Seward et al.
==650712== Using Valgrind-3.26.0 and LibVEX; rerun with -h for copyright info
==650712== Command: tar --xattrs -cf archive.tar -C dir .
==650712== Parent PID: 650679
==650712== 
==650712== 
==650712== FILE DESCRIPTORS: 2 open (1 inherited) at exit.
==650712== Open file descriptor 4: dir
==650712==    at 0x4A1AADA: openat (openat64.c:39)
==650712==    by 0x4027817: openat (fcntl2.h:175)
==650712==    by 0x4027817: chdir_do (misc.c:988)
==650712==    by 0x4028D52: name_next_elt (names.c:1123)
==650712==    by 0x40298EC: name_next (names.c:1152)
==650712==    by 0x401750F: create_archive (create.c:1410)
==650712==    by 0x400CD90: main (tar.c:2818)
==650712== 
==650712== 
==650712== HEAP SUMMARY:
==650712==     in use at exit: 6,739 bytes in 18 blocks
==650712==   total heap usage: 87 allocs, 69 frees, 100,278 bytes allocated
==650712== 
==650712== 4 bytes in 1 blocks are still reachable in loss record 1 of 15
==650712==    at 0x48BD858: malloc (vg_replace_malloc.c:447)
==650712==    by 0x405185D: xmalloc (xmalloc.c:45)
==650712==    by 0x405185D: xmemdup (xmalloc.c:314)
==650712==    by 0x405185D: xstrdup (xmalloc.c:339)
==650712==    by 0x4028D43: name_next_elt (names.c:1123)
==650712==    by 0x40298EC: name_next (names.c:1152)
==650712==    by 0x401750F: create_archive (create.c:1410)
==650712==    by 0x400CD90: main (tar.c:2818)
==650712== 
==650712== 5 bytes in 1 blocks are still reachable in loss record 2 of 15
==650712==    at 0x48BD858: malloc (vg_replace_malloc.c:447)
==650712==    by 0x405185D: xmalloc (xmalloc.c:45)
==650712==    by 0x405185D: xmemdup (xmalloc.c:314)
==650712==    by 0x405185D: xstrdup (xmalloc.c:339)
==650712==    by 0x402644F: assign_string (misc.c:58)
==650712==    by 0x4029612: uid_to_uname (names.c:490)
==650712==    by 0x40155F3: start_header (create.c:931)
==650712==    by 0x40167F9: dump_dir0 (create.c:1123)
==650712==    by 0x40167F9: dump_dir (create.c:1320)
==650712==    by 0x40167F9: dump_file0 (create.c:1757)
==650712==    by 0x4017589: dump_file (create.c:1968)
==650712==    by 0x4017589: create_archive (create.c:1412)
==650712==    by 0x400CD90: main (tar.c:2818)
==650712== 
==650712== 5 bytes in 1 blocks are still reachable in loss record 3 of 15
==650712==    at 0x48BD858: malloc (vg_replace_malloc.c:447)
==650712==    by 0x405185D: xmalloc (xmalloc.c:45)
==650712==    by 0x405185D: xmemdup (xmalloc.c:314)
==650712==    by 0x405185D: xstrdup (xmalloc.c:339)
==650712==    by 0x402644F: assign_string (misc.c:58)
==650712==    by 0x40296A2: gid_to_gname (names.c:520)
==650712==    by 0x40155DB: start_header (create.c:936)
==650712==    by 0x40167F9: dump_dir0 (create.c:1123)
==650712==    by 0x40167F9: dump_dir (create.c:1320)
==650712==    by 0x40167F9: dump_file0 (create.c:1757)
==650712==    by 0x4017589: dump_file (create.c:1968)
==650712==    by 0x4017589: create_archive (create.c:1412)
==650712==    by 0x400CD90: main (tar.c:2818)
==650712== 
==650712== 7 bytes in 2 blocks are indirectly lost in loss record 4 of 15
==650712==    at 0x48BD858: malloc (vg_replace_malloc.c:447)
==650712==    by 0x40387DD: wsnode_quoteremoval (wordsplit.c:651)
==650712==    by 0x4039CFD: wordsplit_process_list (wordsplit.c:2390)
==650712==    by 0x403A562: wordsplit_run.constprop.0 (wordsplit.c:2434)
==650712==    by 0x400BFFA: parse_default_options (tar.c:2256)
==650712==    by 0x400BFFA: decode_options (tar.c:2378)
==650712==    by 0x400BFFA: main (tar.c:2792)
==650712== 
==650712== 7 bytes in 2 blocks are definitely lost in loss record 5 of 15
==650712==    at 0x48BD858: malloc (vg_replace_malloc.c:447)
==650712==    by 0x403A1FB: wordsplit_finish (wordsplit.c:836)
==650712==    by 0x400BFFA: parse_default_options (tar.c:2256)
==650712==    by 0x400BFFA: decode_options (tar.c:2378)
==650712==    by 0x400BFFA: main (tar.c:2792)
==650712== 
==650712== 16 bytes in 1 blocks are still reachable in loss record 6 of 15
==650712==    at 0x48C4E43: calloc (vg_replace_malloc.c:1678)
==650712==    by 0x40516F1: xcalloc (xmalloc.c:298)
==650712==    by 0x40516F1: xzalloc (xmalloc.c:283)
==650712==    by 0x400BEF9: decode_options (tar.c:2297)
==650712==    by 0x400BEF9: main (tar.c:2792)
==650712== 
==650712== 17 bytes in 1 blocks are still reachable in loss record 7 of 15
==650712==    at 0x48BD858: malloc (vg_replace_malloc.c:447)
==650712==    by 0x405185D: xmalloc (xmalloc.c:45)
==650712==    by 0x405185D: xmemdup (xmalloc.c:314)
==650712==    by 0x405185D: xstrdup (xmalloc.c:339)
==650712==    by 0x402644F: assign_string (misc.c:58)
==650712==    by 0x401E7A6: xheader_xhdr_name (xheader.c:393)
==650712==    by 0x4014297: write_extended.part.0 (create.c:713)
==650712==    by 0x4014896: write_extended (create.c:699)
==650712==    by 0x4014896: finish_header (create.c:1024)
==650712==    by 0x4016C5E: dump_dir0 (create.c:1137)
==650712==    by 0x4016C5E: dump_dir (create.c:1320)
==650712==    by 0x4016C5E: dump_file0 (create.c:1757)
==650712==    by 0x4017589: dump_file (create.c:1968)
==650712==    by 0x4017589: create_archive (create.c:1412)
==650712==    by 0x400CD90: main (tar.c:2818)
==650712== 
==650712== 48 bytes in 1 blocks are still reachable in loss record 8 of 15
==650712==    at 0x48C53C0: reallocarray (vg_replace_malloc.c:1806)
==650712==    by 0x40515C9: xreallocarray (xmalloc.c:84)
==650712==    by 0x40515C9: x2nrealloc (xmalloc.c:203)
==650712==    by 0x4027754: chdir_arg (misc.c:934)
==650712==    by 0x4028D4B: name_next_elt (names.c:1123)
==650712==    by 0x40298EC: name_next (names.c:1152)
==650712==    by 0x401750F: create_archive (create.c:1410)
==650712==    by 0x400CD90: main (tar.c:2818)
==650712== 
==650712== 80 bytes in 1 blocks are still reachable in loss record 9 of 15
==650712==    at 0x48BD858: malloc (vg_replace_malloc.c:447)
==650712==    by 0x40512CC: xmalloc (xmalloc.c:45)
==650712==    by 0x400BE43: main (tar.c:2781)
==650712== 
==650712== 87 (80 direct, 7 indirect) bytes in 2 blocks are definitely lost in loss record 10 of 15
==650712==    at 0x48C4E43: calloc (vg_replace_malloc.c:1678)
==650712==    by 0x403959D: wsnode_new (wordsplit.c:422)
==650712==    by 0x403959D: wordsplit_add_segm (wordsplit.c:523)
==650712==    by 0x4039854: scan_word (wordsplit.c:2062)
==650712==    by 0x4039C7C: wordsplit_process_list (wordsplit.c:2358)
==650712==    by 0x403A562: wordsplit_run.constprop.0 (wordsplit.c:2434)
==650712==    by 0x400BFFA: parse_default_options (tar.c:2256)
==650712==    by 0x400BFFA: decode_options (tar.c:2378)
==650712==    by 0x400BFFA: main (tar.c:2792)
==650712== 
==650712== 102 bytes in 1 blocks are still reachable in loss record 11 of 15
==650712==    at 0x48BD858: malloc (vg_replace_malloc.c:447)
==650712==    by 0x40512CC: xmalloc (xmalloc.c:45)
==650712==    by 0x4029881: name_init (names.c:869)
==650712==    by 0x400C94C: main (tar.c:2794)
==650712== 
==650712== 256 bytes in 1 blocks are still reachable in loss record 12 of 15
==650712==    at 0x48BD858: malloc (vg_replace_malloc.c:447)
==650712==    by 0x40512CC: xmalloc (xmalloc.c:45)
==650712==    by 0x401D274: xattr_encode_keyword (xheader.c:833)
==650712==    by 0x401D274: xheader_print_n (xheader.c:876)
==650712==    by 0x401D4FB: xheader_print (xheader.c:899)
==650712==    by 0x401D4FB: code_time (xheader.c:1043)
==650712==    by 0x401D4FB: mtime_coder (xheader.c:1232)
==650712==    by 0x401527F: start_header (create.c:852)
==650712==    by 0x40167F9: dump_dir0 (create.c:1123)
==650712==    by 0x40167F9: dump_dir (create.c:1320)
==650712==    by 0x40167F9: dump_file0 (create.c:1757)
==650712==    by 0x4017589: dump_file (create.c:1968)
==650712==    by 0x4017589: create_archive (create.c:1412)
==650712==    by 0x400CD90: main (tar.c:2818)
==650712== 
==650712== 1,024 bytes in 1 blocks are still reachable in loss record 13 of 15
==650712==    at 0x48C53C0: reallocarray (vg_replace_malloc.c:1806)
==650712==    by 0x40515C9: xreallocarray (xmalloc.c:84)
==650712==    by 0x40515C9: x2nrealloc (xmalloc.c:203)
==650712==    by 0x4034EBB: xattrs_xattrs_get (xattrs.c:560)
==650712==    by 0x401676D: dump_file0 (create.c:1742)
==650712==    by 0x4017589: dump_file (create.c:1968)
==650712==    by 0x4017589: create_archive (create.c:1412)
==650712==    by 0x400CD90: main (tar.c:2818)
==650712== 
==650712== 1,024 bytes in 1 blocks are still reachable in loss record 14 of 15
==650712==    at 0x48C53C0: reallocarray (vg_replace_malloc.c:1806)
==650712==    by 0x40515C9: xreallocarray (xmalloc.c:84)
==650712==    by 0x40515C9: x2nrealloc (xmalloc.c:203)
==650712==    by 0x40350AB: xattrs_xattrs_get (xattrs.c:580)
==650712==    by 0x401676D: dump_file0 (create.c:1742)
==650712==    by 0x4017589: dump_file (create.c:1968)
==650712==    by 0x4017589: create_archive (create.c:1412)
==650712==    by 0x400CD90: main (tar.c:2818)
==650712== 
==650712== 4,064 bytes in 1 blocks are still reachable in loss record 15 of 15
==650712==    at 0x48BD858: malloc (vg_replace_malloc.c:447)
==650712==    by 0x40512CC: xmalloc (xmalloc.c:45)
==650712==    by 0x404A07D: call_chunkfun (obstack.c:88)
==650712==    by 0x404A07D: _obstack_begin_worker.isra.0 (obstack.c:135)
==650712==    by 0x404A0A8: _obstack_begin (obstack.c:157)
==650712==    by 0x4032C57: _transform_name_to_obstack (transform.c:592)
==650712==    by 0x4032C57: transform_name_fp (transform.c:614)
==650712==    by 0x4016444: dump_file0 (create.c:1657)
==650712==    by 0x4017589: dump_file (create.c:1968)
==650712==    by 0x4017589: create_archive (create.c:1412)
==650712==    by 0x400CD90: main (tar.c:2818)
==650712== 
==650712== LEAK SUMMARY:
==650712==    definitely lost: 87 bytes in 4 blocks
==650712==    indirectly lost: 7 bytes in 2 blocks
==650712==      possibly lost: 0 bytes in 0 blocks
==650712==    still reachable: 6,645 bytes in 12 blocks
==650712==         suppressed: 0 bytes in 0 blocks
==650712== 
==650712== For lists of detected and suppressed errors, rerun with: -s
==650712== ERROR SUMMARY: 3 errors from 3 contexts (suppressed: 0 from 0)
