==716638== Memcheck, a memory error detector
==716638== Copyright (C) 2002-2024, and GNU GPL'd, by Julian Seward et al.
==716638== Using Valgrind-3.26.0 and LibVEX; rerun with -h for copyright info
==716638== Command: tar --version
==716638== Parent PID: 716552
==716638== 
==716638== 
==716638== FILE DESCRIPTORS: 4 open (4 inherited) at exit.
==716638== 
==716638== HEAP SUMMARY:
==716638==     in use at exit: 7,767 bytes in 3 blocks
==716638==   total heap usage: 15 allocs, 12 frees, 12,021 bytes allocated
==716638== 
==716638== 16 bytes in 1 blocks are still reachable in loss record 1 of 3
==716638==    at 0x48C4E43: calloc (vg_replace_malloc.c:1678)
==716638==    by 0x40516F1: xcalloc (xmalloc.c:298)
==716638==    by 0x40516F1: xzalloc (xmalloc.c:283)
==716638==    by 0x400BEF9: decode_options (tar.c:2297)
==716638==    by 0x400BEF9: main (tar.c:2792)
==716638== 
==716638== 80 bytes in 1 blocks are still reachable in loss record 2 of 3
==716638==    at 0x48BD858: malloc (vg_replace_malloc.c:447)
==716638==    by 0x40512CC: xmalloc (xmalloc.c:45)
==716638==    by 0x400BE43: main (tar.c:2781)
==716638== 
==716638== 7,671 bytes in 1 blocks are still reachable in loss record 3 of 3
==716638==    at 0x48BD858: malloc (vg_replace_malloc.c:447)
==716638==    by 0x4041854: parser_init (argp-parse.c:495)
==716638==    by 0x4041854: argp_parse (argp-parse.c:921)
==716638==    by 0x400C045: decode_options (tar.c:2380)
==716638==    by 0x400C045: main (tar.c:2792)
==716638== 
==716638== LEAK SUMMARY:
==716638==    definitely lost: 0 bytes in 0 blocks
==716638==    indirectly lost: 0 bytes in 0 blocks
==716638==      possibly lost: 0 bytes in 0 blocks
==716638==    still reachable: 7,767 bytes in 3 blocks
==716638==         suppressed: 0 bytes in 0 blocks
==716638== 
==716638== For lists of detected and suppressed errors, rerun with: -s
==716638== ERROR SUMMARY: 0 errors from 0 contexts (suppressed: 0 from 0)
