==740051== Memcheck, a memory error detector
==740051== Copyright (C) 2002-2024, and GNU GPL'd, by Julian Seward et al.
==740051== Using Valgrind-3.26.0 and LibVEX; rerun with -h for copyright info
==740051== Command: /bin/sh -c rm\ x2.out
==740051== Parent PID: 739975
==740051== 
==740051== 
==740051== FILE DESCRIPTORS: 3 open (3 inherited) at exit.
==740051== 
==740051== HEAP SUMMARY:
==740051==     in use at exit: 1,058 bytes in 29 blocks
==740051==   total heap usage: 31 allocs, 2 frees, 1,210 bytes allocated
==740051== 
==740051== 26 bytes in 1 blocks are still reachable in loss record 1 of 6
==740051==    at 0x486E858: malloc (vg_replace_malloc.c:447)
==740051==    by 0x40083FA: ??? (in /usr/bin/dash)
==740051==    by 0x4012E0A: ??? (in /usr/bin/dash)
==740051==    by 0x4013FFF: ??? (in /usr/bin/dash)
==740051==    by 0x400BCE7: ??? (in /usr/bin/dash)
==740051==    by 0x40120F8: ??? (in /usr/bin/dash)
==740051==    by 0x4004DA0: ??? (in /usr/bin/dash)
==740051==    by 0x48C4600: (below main) (libc_start_call_main.h:59)
==740051== 
==740051== 32 bytes in 1 blocks are still reachable in loss record 2 of 6
==740051==    at 0x486E858: malloc (vg_replace_malloc.c:447)
==740051==    by 0x4017AB2: ??? (in /usr/bin/dash)
==740051==    by 0x40186D4: ??? (in /usr/bin/dash)
==740051==    by 0x4004BC6: ??? (in /usr/bin/dash)
==740051==    by 0x48C4600: (below main) (libc_start_call_main.h:59)
==740051== 
==740051== 34 bytes in 1 blocks are still reachable in loss record 3 of 6
==740051==    at 0x486E858: malloc (vg_replace_malloc.c:447)
==740051==    by 0x495596E: strdup (strdup.c:42)
==740051==    by 0x40081DF: ??? (in /usr/bin/dash)
==740051==    by 0x40186F9: ??? (in /usr/bin/dash)
==740051==    by 0x4004BC6: ??? (in /usr/bin/dash)
==740051==    by 0x48C4600: (below main) (libc_start_call_main.h:59)
==740051== 
==740051== 38 bytes in 1 blocks are still reachable in loss record 4 of 6
==740051==    at 0x486E858: malloc (vg_replace_malloc.c:447)
==740051==    by 0x4017C53: ??? (in /usr/bin/dash)
==740051==    by 0x40186F9: ??? (in /usr/bin/dash)
==740051==    by 0x4004BC6: ??? (in /usr/bin/dash)
==740051==    by 0x48C4600: (below main) (libc_start_call_main.h:59)
==740051== 
==740051== 160 bytes in 1 blocks are still reachable in loss record 5 of 6
==740051==    at 0x487607F: realloc (vg_replace_malloc.c:1804)
==740051==    by 0x40074DC: ??? (in /usr/bin/dash)
==740051==    by 0x400A64D: ??? (in /usr/bin/dash)
==740051==    by 0x4014058: ??? (in /usr/bin/dash)
==740051==    by 0x400BCE7: ??? (in /usr/bin/dash)
==740051==    by 0x40120F8: ??? (in /usr/bin/dash)
==740051==    by 0x4004DA0: ??? (in /usr/bin/dash)
==740051==    by 0x48C4600: (below main) (libc_start_call_main.h:59)
==740051== 
==740051== 768 bytes in 24 blocks are still reachable in loss record 6 of 6
==740051==    at 0x486E858: malloc (vg_replace_malloc.c:447)
==740051==    by 0x4017AB2: ??? (in /usr/bin/dash)
==740051==    by 0x4018670: ??? (in /usr/bin/dash)
==740051==    by 0x4004BC6: ??? (in /usr/bin/dash)
==740051==    by 0x48C4600: (below main) (libc_start_call_main.h:59)
==740051== 
==740051== LEAK SUMMARY:
==740051==    definitely lost: 0 bytes in 0 blocks
==740051==    indirectly lost: 0 bytes in 0 blocks
==740051==      possibly lost: 0 bytes in 0 blocks
==740051==    still reachable: 1,058 bytes in 29 blocks
==740051==         suppressed: 0 bytes in 0 blocks
==740051== 
==740051== For lists of detected and suppressed errors, rerun with: -s
==740051== ERROR SUMMARY: 0 errors from 0 contexts (suppressed: 0 from 0)
