==724723== Memcheck, a memory error detector
==724723== Copyright (C) 2002-2024, and GNU GPL'd, by Julian Seward et al.
==724723== Using Valgrind-3.26.0 and LibVEX; rerun with -h for copyright info
==724723== Command: gawk -f /opt/src/gawk-5.4.1/test/devfd1.awk
==724723== Parent PID: 724722
==724723== 
==724723== 
==724723== FILE DESCRIPTORS: 3 open (3 inherited) at exit.
==724723== 
==724723== HEAP SUMMARY:
==724723==     in use at exit: 63,237 bytes in 861 blocks
==724723==   total heap usage: 1,408 allocs, 547 frees, 97,188 bytes allocated
==724723== 
==724723== 1 bytes in 1 blocks are still reachable in loss record 1 of 203
==724723==    at 0x497D858: malloc (vg_replace_malloc.c:447)
==724723==    by 0x4066564: emalloc_real (awk.h:2156)
==724723==    by 0x4066564: estrdup (main.c:1451)
==724723==    by 0x400D434: init_locale (main.c:1476)
==724723==    by 0x400D434: set_locale_stuff (main.c:1849)
==724723==    by 0x400D434: main (main.c:254)
==724723== 
==724723== 1 bytes in 1 blocks are still reachable in loss record 2 of 203
==724723==    at 0x497D858: malloc (vg_replace_malloc.c:447)
==724723==    by 0x4066564: emalloc_real (awk.h:2156)
==724723==    by 0x4066564: estrdup (main.c:1451)
==724723==    by 0x400D469: init_locale (main.c:1478)
==724723==    by 0x400D469: set_locale_stuff (main.c:1849)
==724723==    by 0x400D469: main (main.c:254)
==724723== 
==724723== 1 bytes in 1 blocks are still reachable in loss record 3 of 203
==724723==    at 0x497D858: malloc (vg_replace_malloc.c:447)
==724723==    by 0x4066564: emalloc_real (awk.h:2156)
==724723==    by 0x4066564: estrdup (main.c:1451)
==724723==    by 0x400D485: init_locale (main.c:1479)
==724723==    by 0x400D485: set_locale_stuff (main.c:1849)
==724723==    by 0x400D485: main (main.c:254)
==724723== 
==724723== 1 bytes in 1 blocks are still reachable in loss record 4 of 203
==724723==    at 0x497D858: malloc (vg_replace_malloc.c:447)
==724723==    by 0x4066564: emalloc_real (awk.h:2156)
==724723==    by 0x4066564: estrdup (main.c:1451)
==724723==    by 0x400D4A1: init_locale (main.c:1480)
==724723==    by 0x400D4A1: set_locale_stuff (main.c:1849)
==724723==    by 0x400D4A1: main (main.c:254)
==724723== 
==724723== 1 bytes in 1 blocks are still reachable in loss record 5 of 203
==724723==    at 0x497D858: malloc (vg_replace_malloc.c:447)
==724723==    by 0x4066564: emalloc_real (awk.h:2156)
==724723==    by 0x4066564: estrdup (main.c:1451)
==724723==    by 0x400D4BD: init_locale (main.c:1481)
==724723==    by 0x400D4BD: set_locale_stuff (main.c:1849)
==724723==    by 0x400D4BD: main (main.c:254)
==724723== 
==724723== 1 bytes in 1 blocks are still reachable in loss record 6 of 203
==724723==    at 0x497D858: malloc (vg_replace_malloc.c:447)
==724723==    by 0x4066564: emalloc_real (awk.h:2156)
==724723==    by 0x4066564: estrdup (main.c:1451)
==724723==    by 0x400D4D9: init_locale (main.c:1482)
==724723==    by 0x400D4D9: set_locale_stuff (main.c:1849)
==724723==    by 0x400D4D9: main (main.c:254)
==724723== 
==724723== 1 bytes in 1 blocks are still reachable in loss record 7 of 203
==724723==    at 0x497D858: malloc (vg_replace_malloc.c:447)
==724723==    by 0x4066564: emalloc_real (awk.h:2156)
==724723==    by 0x4066564: estrdup (main.c:1451)
==724723==    by 0x400D4F5: init_locale (main.c:1483)
==724723==    by 0x400D4F5: set_locale_stuff (main.c:1849)
==724723==    by 0x400D4F5: main (main.c:254)
==724723== 
==724723== 1 bytes in 1 blocks are still reachable in loss record 8 of 203
==724723==    at 0x497D858: malloc (vg_replace_malloc.c:447)
==724723==    by 0x4066564: emalloc_real (awk.h:2156)
==724723==    by 0x4066564: estrdup (main.c:1451)
==724723==    by 0x400D511: init_locale (main.c:1484)
==724723==    by 0x400D511: set_locale_stuff (main.c:1849)
==724723==    by 0x400D511: main (main.c:254)
==724723== 
==724723== 1 bytes in 1 blocks are still reachable in loss record 9 of 203
==724723==    at 0x497D858: malloc (vg_replace_malloc.c:447)
==724723==    by 0x4066564: emalloc_real (awk.h:2156)
==724723==    by 0x4066564: estrdup (main.c:1451)
==724723==    by 0x400D52D: init_locale (main.c:1485)
==724723==    by 0x400D52D: set_locale_stuff (main.c:1849)
==724723==    by 0x400D52D: main (main.c:254)
==724723== 
==724723== 1 bytes in 1 blocks are still reachable in loss record 10 of 203
==724723==    at 0x497D858: malloc (vg_replace_malloc.c:447)
==724723==    by 0x4069457: emalloc_real (awk.h:2156)
==724723==    by 0x4069457: make_str_node (node.c:422)
==724723==    by 0x400D5C7: main (main.c:278)
==724723== 
==724723== 1 bytes in 1 blocks are still reachable in loss record 11 of 203
==724723==    at 0x497D858: malloc (vg_replace_malloc.c:447)
==724723==    by 0x4069457: emalloc_real (awk.h:2156)
==724723==    by 0x4069457: make_str_node (node.c:422)
==724723==    by 0x4055395: init_fields (field.c:105)
==724723==    by 0x400E1A4: main (main.c:410)
==724723== 
==724723== 1 bytes in 1 blocks are still reachable in loss record 12 of 203
==724723==    at 0x497D858: malloc (vg_replace_malloc.c:447)
==724723==    by 0x4069457: emalloc_real (awk.h:2156)
==724723==    by 0x4069457: make_str_node (node.c:422)
==724723==    by 0x40553E0: init_fields (field.c:111)
==724723==    by 0x400E1A4: main (main.c:410)
==724723== 
==724723== 2 bytes in 1 blocks are still reachable in loss record 13 of 203
==724723==    at 0x497D858: malloc (vg_replace_malloc.c:447)
==724723==    by 0x4066564: emalloc_real (awk.h:2156)
==724723==    by 0x4066564: estrdup (main.c:1451)
==724723==    by 0x400D44E: init_locale (main.c:1477)
==724723==    by 0x400D44E: set_locale_stuff (main.c:1849)
==724723==    by 0x400D44E: main (main.c:254)
==724723== 
==724723== 2 bytes in 1 blocks are still reachable in loss record 14 of 203
==724723==    at 0x497D858: malloc (vg_replace_malloc.c:447)
==724723==    by 0x4046CFF: emalloc_real (awk.h:2156)
==724723==    by 0x4046CFF: set_OFS (eval.c:839)
==724723==    by 0x400D9A3: init_vars (main.c:873)
==724723==    by 0x400D9A3: main (main.c:403)
==724723== 
==724723== 2 bytes in 1 blocks are still reachable in loss record 15 of 203
==724723==    at 0x497D858: malloc (vg_replace_malloc.c:447)
==724723==    by 0x4069457: emalloc_real (awk.h:2156)
==724723==    by 0x4069457: make_str_node (node.c:422)
==724723==    by 0x40604F8: get_a_record (io.c:4164)
==724723==    by 0x4064C06: do_getline_redir (io.c:2878)
==724723==    by 0x404FD86: r_interpret (interpret.h:1364)
==724723==    by 0x400EDDE: main (main.c:532)
==724723== 
==724723== 3 bytes in 1 blocks are still reachable in loss record 16 of 203
==724723==    at 0x497D858: malloc (vg_replace_malloc.c:447)
==724723==    by 0x4069457: emalloc_real (awk.h:2156)
==724723==    by 0x4069457: make_str_node (node.c:422)
==724723==    by 0x4054B6F: update_PROCINFO_str.part.0 (field.c:1661)
==724723==    by 0x400E83A: load_procinfo (main.c:1072)
==724723==    by 0x400E83A: init_vars (main.c:878)
==724723==    by 0x400E83A: main (main.c:403)
==724723== 
==724723== 3 bytes in 1 blocks are still reachable in loss record 17 of 203
==724723==    at 0x497D858: malloc (vg_replace_malloc.c:447)
==724723==    by 0x4069457: emalloc_real (awk.h:2156)
==724723==    by 0x4069457: make_str_node (node.c:422)
==724723==    by 0x4054B87: update_PROCINFO_str.part.0 (field.c:1662)
==724723==    by 0x400E83A: load_procinfo (main.c:1072)
==724723==    by 0x400E83A: init_vars (main.c:878)
==724723==    by 0x400E83A: main (main.c:403)
==724723== 
==724723== 4 bytes in 1 blocks are still reachable in loss record 18 of 203
==724723==    at 0x497D858: malloc (vg_replace_malloc.c:447)
==724723==    by 0x4069457: emalloc_real (awk.h:2156)
==724723==    by 0x4069457: make_str_node (node.c:422)
==724723==    by 0x4058004: update_PROCINFO_num (field.c:1674)
==724723==    by 0x400E79D: load_procinfo (main.c:1055)
==724723==    by 0x400E79D: init_vars (main.c:878)
==724723==    by 0x400E79D: main (main.c:403)
==724723== 
==724723== 4 bytes in 1 blocks are still reachable in loss record 19 of 203
==724723==    at 0x497D858: malloc (vg_replace_malloc.c:447)
==724723==    by 0x4069457: emalloc_real (awk.h:2156)
==724723==    by 0x4069457: make_str_node (node.c:422)
==724723==    by 0x4058004: update_PROCINFO_num (field.c:1674)
==724723==    by 0x400E7D2: load_procinfo (main.c:1061)
==724723==    by 0x400E7D2: init_vars (main.c:878)
==724723==    by 0x400E7D2: main (main.c:403)
==724723== 
==724723== 4 bytes in 1 blocks are still reachable in loss record 20 of 203
==724723==    at 0x497D858: malloc (vg_replace_malloc.c:447)
==724723==    by 0x4069457: emalloc_real (awk.h:2156)
==724723==    by 0x4069457: make_str_node (node.c:422)
==724723==    by 0x4058004: update_PROCINFO_num (field.c:1674)
==724723==    by 0x400E80A: load_procinfo (main.c:1067)
==724723==    by 0x400E80A: init_vars (main.c:878)
==724723==    by 0x400E80A: main (main.c:403)
==724723== 
==724723== 4 bytes in 1 blocks are still reachable in loss record 21 of 203
==724723==    at 0x497D858: malloc (vg_replace_malloc.c:447)
==724723==    by 0x4069457: emalloc_real (awk.h:2156)
==724723==    by 0x4069457: make_str_node (node.c:422)
==724723==    by 0x4054B6F: update_PROCINFO_str.part.0 (field.c:1661)
==724723==    by 0x400E8D2: load_procinfo (main.c:1087)
==724723==    by 0x400E8D2: init_vars (main.c:878)
==724723==    by 0x400E8D2: main (main.c:403)
==724723== 
==724723== 5 bytes in 1 blocks are still reachable in loss record 22 of 203
==724723==    at 0x497D858: malloc (vg_replace_malloc.c:447)
==724723==    by 0x4069457: emalloc_real (awk.h:2156)
==724723==    by 0x4069457: make_str_node (node.c:422)
==724723==    by 0x4058004: update_PROCINFO_num (field.c:1674)
==724723==    by 0x400E7B6: load_procinfo (main.c:1058)
==724723==    by 0x400E7B6: init_vars (main.c:878)
==724723==    by 0x400E7B6: main (main.c:403)
==724723== 
==724723== 5 bytes in 1 blocks are still reachable in loss record 23 of 203
==724723==    at 0x497D858: malloc (vg_replace_malloc.c:447)
==724723==    by 0x4069457: emalloc_real (awk.h:2156)
==724723==    by 0x4069457: make_str_node (node.c:422)
==724723==    by 0x4058004: update_PROCINFO_num (field.c:1674)
==724723==    by 0x400E7EE: load_procinfo (main.c:1064)
==724723==    by 0x400E7EE: init_vars (main.c:878)
==724723==    by 0x400E7EE: main (main.c:403)
==724723== 
==724723== 5 bytes in 1 blocks are still reachable in loss record 24 of 203
==724723==    at 0x497D858: malloc (vg_replace_malloc.c:447)
==724723==    by 0x4069457: emalloc_real (awk.h:2156)
==724723==    by 0x4069457: make_str_node (node.c:422)
==724723==    by 0x4058004: update_PROCINFO_num (field.c:1674)
==724723==    by 0x400E826: load_procinfo (main.c:1070)
==724723==    by 0x400E826: init_vars (main.c:878)
==724723==    by 0x400E826: main (main.c:403)
==724723== 
==724723== 5 bytes in 1 blocks are still reachable in loss record 25 of 203
==724723==    at 0x497D858: malloc (vg_replace_malloc.c:447)
==724723==    by 0x4066564: emalloc_real (awk.h:2156)
==724723==    by 0x4066564: estrdup (main.c:1451)
==724723==    by 0x400E91C: load_procinfo_argv (main.c:988)
==724723==    by 0x400E91C: load_procinfo (main.c:1093)
==724723==    by 0x400E91C: init_vars (main.c:878)
==724723==    by 0x400E91C: main (main.c:403)
==724723== 
==724723== 5 bytes in 1 blocks are still reachable in loss record 26 of 203
==724723==    at 0x497D858: malloc (vg_replace_malloc.c:447)
==724723==    by 0x4069457: emalloc_real (awk.h:2156)
==724723==    by 0x4069457: make_str_node (node.c:422)
==724723==    by 0x400EC1B: load_procinfo_argv (main.c:996)
==724723==    by 0x400EC1B: load_procinfo (main.c:1093)
==724723==    by 0x400EC1B: init_vars (main.c:878)
==724723==    by 0x400EC1B: main (main.c:403)
==724723== 
==724723== 5 bytes in 1 blocks are still reachable in loss record 27 of 203
==724723==    at 0x497D858: malloc (vg_replace_malloc.c:447)
==724723==    by 0x4066564: emalloc_real (awk.h:2156)
==724723==    by 0x4066564: estrdup (main.c:1451)
==724723==    by 0x400E407: init_args (main.c:764)
==724723==    by 0x400E407: main (main.c:470)
==724723== 
==724723== 5 bytes in 1 blocks are still reachable in loss record 28 of 203
==724723==    at 0x497D858: malloc (vg_replace_malloc.c:447)
==724723==    by 0x4069457: emalloc_real (awk.h:2156)
==724723==    by 0x4069457: make_str_node (node.c:422)
==724723==    by 0x4077055: install (symbol.c:399)
==724723==    by 0x400E414: init_args (main.c:764)
==724723==    by 0x400E414: main (main.c:470)
==724723== 
==724723== 5 bytes in 1 blocks are still reachable in loss record 29 of 203
==724723==    at 0x497D858: malloc (vg_replace_malloc.c:447)
==724723==    by 0x4069457: emalloc_real (awk.h:2156)
==724723==    by 0x4069457: make_str_node (node.c:422)
==724723==    by 0x400E43D: init_args (main.c:766)
==724723==    by 0x400E43D: main (main.c:470)
==724723== 
==724723== 5 bytes in 1 blocks are still reachable in loss record 30 of 203
==724723==    at 0x497D858: malloc (vg_replace_malloc.c:447)
==724723==    by 0x4066564: emalloc_real (awk.h:2156)
==724723==    by 0x4066564: estrdup (main.c:1451)
==724723==    by 0x400EA83: init_args (main.c:791)
==724723==    by 0x400EA83: main (main.c:470)
==724723== 
==724723== 5 bytes in 1 blocks are still reachable in loss record 31 of 203
==724723==    at 0x497D858: malloc (vg_replace_malloc.c:447)
==724723==    by 0x4069457: emalloc_real (awk.h:2156)
==724723==    by 0x4069457: make_str_node (node.c:422)
==724723==    by 0x4077055: install (symbol.c:399)
==724723==    by 0x400EA90: init_args (main.c:791)
==724723==    by 0x400EA90: main (main.c:470)
==724723== 
==724723== 6 bytes in 1 blocks are still reachable in loss record 32 of 203
==724723==    at 0x497D858: malloc (vg_replace_malloc.c:447)
==724723==    by 0x4069457: emalloc_real (awk.h:2156)
==724723==    by 0x4069457: make_str_node (node.c:422)
==724723==    by 0x4054B87: update_PROCINFO_str.part.0 (field.c:1662)
==724723==    by 0x400E71D: load_procinfo (main.c:1021)
==724723==    by 0x400E71D: init_vars (main.c:878)
==724723==    by 0x400E71D: main (main.c:403)
==724723== 
==724723== 6 bytes in 1 blocks are still reachable in loss record 33 of 203
==724723==    at 0x497D858: malloc (vg_replace_malloc.c:447)
==724723==    by 0x4069457: emalloc_real (awk.h:2156)
==724723==    by 0x4069457: make_str_node (node.c:422)
==724723==    by 0x4054B87: update_PROCINFO_str.part.0 (field.c:1662)
==724723==    by 0x400E743: load_procinfo (main.c:1023)
==724723==    by 0x400E743: init_vars (main.c:878)
==724723==    by 0x400E743: main (main.c:403)
==724723== 
==724723== 6 bytes in 1 blocks are still reachable in loss record 34 of 203
==724723==    at 0x497D858: malloc (vg_replace_malloc.c:447)
==724723==    by 0x4069457: emalloc_real (awk.h:2156)
==724723==    by 0x4069457: make_str_node (node.c:422)
==724723==    by 0x407810A: load_symbols (symbol.c:681)
==724723==    by 0x400ED85: main (main.c:499)
==724723== 
==724723== 6 bytes in 2 blocks are still reachable in loss record 35 of 203
==724723==    at 0x497D858: malloc (vg_replace_malloc.c:447)
==724723==    by 0x4066564: emalloc_real (awk.h:2156)
==724723==    by 0x4066564: estrdup (main.c:1451)
==724723==    by 0x401A0B8: yylex (awkgram.y:4495)
==724723==    by 0x401C83C: yyparse (awkgram.c:1879)
==724723==    by 0x402073A: parse_program (awkgram.y:2797)
==724723==    by 0x400EAD8: main (main.c:483)
==724723== 
==724723== 6 bytes in 2 blocks are still reachable in loss record 36 of 203
==724723==    at 0x497D858: malloc (vg_replace_malloc.c:447)
==724723==    by 0x4069457: emalloc_real (awk.h:2156)
==724723==    by 0x4069457: make_str_node (node.c:422)
==724723==    by 0x4077055: install (symbol.c:399)
==724723==    by 0x401CA63: yyparse (awkgram.y:2148)
==724723==    by 0x402073A: parse_program (awkgram.y:2797)
==724723==    by 0x400EAD8: main (main.c:483)
==724723== 
==724723== 7 bytes in 1 blocks are still reachable in loss record 37 of 203
==724723==    at 0x497D858: malloc (vg_replace_malloc.c:447)
==724723==    by 0x4066564: emalloc_real (awk.h:2156)
==724723==    by 0x4066564: estrdup (main.c:1451)
==724723==    by 0x4077381: init_the_tables (symbol.c:78)
==724723==    by 0x400D60A: main (main.c:287)
==724723== 
==724723== 7 bytes in 1 blocks are still reachable in loss record 38 of 203
==724723==    at 0x497D858: malloc (vg_replace_malloc.c:447)
==724723==    by 0x4069457: emalloc_real (awk.h:2156)
==724723==    by 0x4069457: make_str_node (node.c:422)
==724723==    by 0x4077055: install (symbol.c:399)
==724723==    by 0x4077390: install_symbol (symbol.c:173)
==724723==    by 0x4077390: init_the_tables (symbol.c:78)
==724723==    by 0x400D60A: main (main.c:287)
==724723== 
==724723== 7 bytes in 1 blocks are still reachable in loss record 39 of 203
==724723==    at 0x497D858: malloc (vg_replace_malloc.c:447)
==724723==    by 0x4069457: emalloc_real (awk.h:2156)
==724723==    by 0x4069457: make_str_node (node.c:422)
==724723==    by 0x4058004: update_PROCINFO_num (field.c:1674)
==724723==    by 0x400E784: load_procinfo (main.c:1046)
==724723==    by 0x400E784: init_vars (main.c:878)
==724723==    by 0x400E784: main (main.c:403)
==724723== 
==724723== 7 bytes in 1 blocks are still reachable in loss record 40 of 203
==724723==    at 0x497D858: malloc (vg_replace_malloc.c:447)
==724723==    by 0x4069457: emalloc_real (awk.h:2156)
==724723==    by 0x4069457: make_str_node (node.c:422)
==724723==    by 0x40780DA: load_symbols (symbol.c:679)
==724723==    by 0x400ED85: main (main.c:499)
==724723== 
==724723== 8 bytes in 1 blocks are still reachable in loss record 41 of 203
==724723==    at 0x497D858: malloc (vg_replace_malloc.c:447)
==724723==    by 0x4066564: emalloc_real (awk.h:2156)
==724723==    by 0x4066564: estrdup (main.c:1451)
==724723==    by 0x407735A: init_the_tables (symbol.c:77)
==724723==    by 0x400D60A: main (main.c:287)
==724723== 
==724723== 8 bytes in 1 blocks are still reachable in loss record 42 of 203
==724723==    at 0x497D858: malloc (vg_replace_malloc.c:447)
==724723==    by 0x4069457: emalloc_real (awk.h:2156)
==724723==    by 0x4069457: make_str_node (node.c:422)
==724723==    by 0x4077055: install (symbol.c:399)
==724723==    by 0x4077369: install_symbol (symbol.c:173)
==724723==    by 0x4077369: init_the_tables (symbol.c:77)
==724723==    by 0x400D60A: main (main.c:287)
==724723== 
==724723== 8 bytes in 1 blocks are still reachable in loss record 43 of 203
==724723==    at 0x497D858: malloc (vg_replace_malloc.c:447)
==724723==    by 0x4069457: emalloc_real (awk.h:2156)
==724723==    by 0x4069457: make_str_node (node.c:422)
==724723==    by 0x4054B6F: update_PROCINFO_str.part.0 (field.c:1661)
==724723==    by 0x400E71D: load_procinfo (main.c:1021)
==724723==    by 0x400E71D: init_vars (main.c:878)
==724723==    by 0x400E71D: main (main.c:403)
==724723== 
==724723== 8 bytes in 1 blocks are still reachable in loss record 44 of 203
==724723==    at 0x497D858: malloc (vg_replace_malloc.c:447)
==724723==    by 0x4066564: emalloc_real (awk.h:2156)
==724723==    by 0x4066564: estrdup (main.c:1451)
==724723==    by 0x400E02B: load_environ (main.c:930)
==724723==    by 0x400E02B: init_vars (main.c:879)
==724723==    by 0x400E02B: main (main.c:403)
==724723== 
==724723== 8 bytes in 1 blocks are still reachable in loss record 45 of 203
==724723==    at 0x497D858: malloc (vg_replace_malloc.c:447)
==724723==    by 0x4069457: emalloc_real (awk.h:2156)
==724723==    by 0x4069457: make_str_node (node.c:422)
==724723==    by 0x4077055: install (symbol.c:399)
==724723==    by 0x400E038: load_environ (main.c:930)
==724723==    by 0x400E038: init_vars (main.c:879)
==724723==    by 0x400E038: main (main.c:403)
==724723== 
==724723== 8 bytes in 1 blocks are still reachable in loss record 46 of 203
==724723==    at 0x497D858: malloc (vg_replace_malloc.c:447)
==724723==    by 0x4069457: emalloc_real (awk.h:2156)
==724723==    by 0x4069457: make_str_node (node.c:422)
==724723==    by 0x406617B: path_environ (main.c:891)
==724723==    by 0x400E176: load_environ (main.c:964)
==724723==    by 0x400E176: init_vars (main.c:879)
==724723==    by 0x400E176: main (main.c:403)
==724723== 
==724723== 8 bytes in 1 blocks are still reachable in loss record 47 of 203
==724723==    at 0x497D858: malloc (vg_replace_malloc.c:447)
==724723==    by 0x4055372: emalloc_real (awk.h:2156)
==724723==    by 0x4055372: init_fields (field.c:103)
==724723==    by 0x400E1A4: main (main.c:410)
==724723== 
==724723== 8 bytes in 1 blocks are still reachable in loss record 48 of 203
==724723==    at 0x497D858: malloc (vg_replace_malloc.c:447)
==724723==    by 0x4069457: emalloc_real (awk.h:2156)
==724723==    by 0x4069457: make_str_node (node.c:422)
==724723==    by 0x40780F2: load_symbols (symbol.c:680)
==724723==    by 0x400ED85: main (main.c:499)
==724723== 
==724723== 8 bytes in 1 blocks are still reachable in loss record 49 of 203
==724723==    at 0x497D858: malloc (vg_replace_malloc.c:447)
==724723==    by 0x4069457: emalloc_real (awk.h:2156)
==724723==    by 0x4069457: make_str_node (node.c:422)
==724723==    by 0x4078122: load_symbols (symbol.c:682)
==724723==    by 0x400ED85: main (main.c:499)
==724723== 
==724723== 9 bytes in 1 blocks are still reachable in loss record 50 of 203
==724723==    at 0x497D858: malloc (vg_replace_malloc.c:447)
==724723==    by 0x4066564: emalloc_real (awk.h:2156)
==724723==    by 0x4066564: estrdup (main.c:1451)
==724723==    by 0x400E6F6: load_procinfo (main.c:1019)
==724723==    by 0x400E6F6: init_vars (main.c:878)
==724723==    by 0x400E6F6: main (main.c:403)
==724723== 
==724723== 9 bytes in 1 blocks are still reachable in loss record 51 of 203
==724723==    at 0x497D858: malloc (vg_replace_malloc.c:447)
==724723==    by 0x4069457: emalloc_real (awk.h:2156)
==724723==    by 0x4069457: make_str_node (node.c:422)
==724723==    by 0x4077055: install (symbol.c:399)
==724723==    by 0x400E703: load_procinfo (main.c:1019)
==724723==    by 0x400E703: init_vars (main.c:878)
==724723==    by 0x400E703: main (main.c:403)
==724723== 
==724723== 9 bytes in 1 blocks are still reachable in loss record 52 of 203
==724723==    at 0x497D858: malloc (vg_replace_malloc.c:447)
==724723==    by 0x4069457: emalloc_real (awk.h:2156)
==724723==    by 0x4069457: make_str_node (node.c:422)
==724723==    by 0x4054B6F: update_PROCINFO_str.part.0 (field.c:1661)
==724723==    by 0x400E730: load_procinfo (main.c:1022)
==724723==    by 0x400E730: init_vars (main.c:878)
==724723==    by 0x400E730: main (main.c:403)
==724723== 
==724723== 9 bytes in 1 blocks are still reachable in loss record 53 of 203
==724723==    at 0x497D858: malloc (vg_replace_malloc.c:447)
==724723==    by 0x4069457: emalloc_real (awk.h:2156)
==724723==    by 0x4069457: make_str_node (node.c:422)
==724723==    by 0x4054B6F: update_PROCINFO_str.part.0 (field.c:1661)
==724723==    by 0x400E743: load_procinfo (main.c:1023)
==724723==    by 0x400E743: init_vars (main.c:878)
==724723==    by 0x400E743: main (main.c:403)
==724723== 
==724723== 10 bytes in 1 blocks are still reachable in loss record 54 of 203
==724723==    at 0x497D858: malloc (vg_replace_malloc.c:447)
==724723==    by 0x4069457: emalloc_real (awk.h:2156)
==724723==    by 0x4069457: make_str_node (node.c:422)
==724723==    by 0x4058004: update_PROCINFO_num (field.c:1674)
==724723==    by 0x400E757: load_procinfo (main.c:1035)
==724723==    by 0x400E757: init_vars (main.c:878)
==724723==    by 0x400E757: main (main.c:403)
==724723== 
==724723== 10 bytes in 1 blocks are still reachable in loss record 55 of 203
==724723==    at 0x497D858: malloc (vg_replace_malloc.c:447)
==724723==    by 0x4069457: emalloc_real (awk.h:2156)
==724723==    by 0x4069457: make_str_node (node.c:422)
==724723==    by 0x4058004: update_PROCINFO_num (field.c:1674)
==724723==    by 0x400E76B: load_procinfo (main.c:1036)
==724723==    by 0x400E76B: init_vars (main.c:878)
==724723==    by 0x400E76B: main (main.c:403)
==724723== 
==724723== 10 bytes in 1 blocks are still reachable in loss record 56 of 203
==724723==    at 0x497D858: malloc (vg_replace_malloc.c:447)
==724723==    by 0x4069457: emalloc_real (awk.h:2156)
==724723==    by 0x4069457: make_str_node (node.c:422)
==724723==    by 0x4054B87: update_PROCINFO_str.part.0 (field.c:1662)
==724723==    by 0x400E8D2: load_procinfo (main.c:1087)
==724723==    by 0x400E8D2: init_vars (main.c:878)
==724723==    by 0x400E8D2: main (main.c:403)
==724723== 
==724723== 12 bytes in 1 blocks are still reachable in loss record 57 of 203
==724723==    at 0x497D858: malloc (vg_replace_malloc.c:447)
==724723==    by 0x4069457: emalloc_real (awk.h:2156)
==724723==    by 0x4069457: make_str_node (node.c:422)
==724723==    by 0x4077FD7: load_symbols (symbol.c:663)
==724723==    by 0x400ED85: main (main.c:499)
==724723== 
==724723== 12 bytes in 1 blocks are still reachable in loss record 58 of 203
==724723==    at 0x497D858: malloc (vg_replace_malloc.c:447)
==724723==    by 0x4066564: emalloc_real (awk.h:2156)
==724723==    by 0x4066564: estrdup (main.c:1451)
==724723==    by 0x4078093: load_symbols (symbol.c:675)
==724723==    by 0x400ED85: main (main.c:499)
==724723== 
==724723== 20 bytes in 2 blocks are still reachable in loss record 59 of 203
==724723==    at 0x497D858: malloc (vg_replace_malloc.c:447)
==724723==    by 0x4069457: emalloc_real (awk.h:2156)
==724723==    by 0x4069457: make_str_node (node.c:422)
==724723==    by 0x401B194: yylex (awkgram.y:4074)
==724723==    by 0x401C83C: yyparse (awkgram.c:1879)
==724723==    by 0x402073A: parse_program (awkgram.y:2797)
==724723==    by 0x400EAD8: main (main.c:483)
==724723== 
==724723== 24 bytes in 1 blocks are still reachable in loss record 60 of 203
==724723==    at 0x497D858: malloc (vg_replace_malloc.c:447)
==724723==    by 0x4069457: emalloc_real (awk.h:2156)
==724723==    by 0x4069457: make_str_node (node.c:422)
==724723==    by 0x4054B87: update_PROCINFO_str.part.0 (field.c:1662)
==724723==    by 0x400E730: load_procinfo (main.c:1022)
==724723==    by 0x400E730: init_vars (main.c:878)
==724723==    by 0x400E730: main (main.c:403)
==724723== 
==724723== 24 bytes in 1 blocks are still reachable in loss record 61 of 203
==724723==    at 0x497D858: malloc (vg_replace_malloc.c:447)
==724723==    by 0x4020D1E: emalloc_real (awk.h:2156)
==724723==    by 0x4020D1E: parse_program (awkgram.y:2810)
==724723==    by 0x400EAD8: main (main.c:483)
==724723== 
==724723== 32 bytes in 1 blocks are still reachable in loss record 62 of 203
==724723==    at 0x497D858: malloc (vg_replace_malloc.c:447)
==724723==    by 0x4066202: emalloc_real.constprop.0 (awk.h:2156)
==724723==    by 0x400D66C: save_argv (main.c:1496)
==724723==    by 0x400D66C: parse_args (main.c:1554)
==724723==    by 0x400D66C: main (main.c:294)
==724723== 
==724723== 32 bytes in 1 blocks are still reachable in loss record 63 of 203
==724723==    at 0x497D858: malloc (vg_replace_malloc.c:447)
==724723==    by 0x4045E57: emalloc_real (awk.h:2156)
==724723==    by 0x4045E57: fmt_index (eval.c:913)
==724723==    by 0x4046F46: set_CONVFMT (eval.c:956)
==724723==    by 0x400D9A3: init_vars (main.c:873)
==724723==    by 0x400D9A3: main (main.c:403)
==724723== 
==724723== 36 bytes in 1 blocks are still reachable in loss record 64 of 203
==724723==    at 0x497D858: malloc (vg_replace_malloc.c:447)
==724723==    by 0x405E713: emalloc_real (awk.h:2156)
==724723==    by 0x405E713: do_find_source (io.c:3058)
==724723==    by 0x4065061: find_source (io.c:3098)
==724723==    by 0x40189F8: add_srcfile (awkgram.y:2864)
==724723==    by 0x400D7E5: parse_args (main.c:1585)
==724723==    by 0x400D7E5: main (main.c:294)
==724723== 
==724723== 36 bytes in 1 blocks are still reachable in loss record 65 of 203
==724723==    at 0x497D858: malloc (vg_replace_malloc.c:447)
==724723==    by 0x4066564: emalloc_real (awk.h:2156)
==724723==    by 0x4066564: estrdup (main.c:1451)
==724723==    by 0x4014A21: do_add_srcfile (awkgram.y:2834)
==724723==    by 0x4018A70: add_srcfile (awkgram.y:2916)
==724723==    by 0x400D7E5: parse_args (main.c:1585)
==724723==    by 0x400D7E5: main (main.c:294)
==724723== 
==724723== 42 bytes in 1 blocks are still reachable in loss record 66 of 203
==724723==    at 0x497D858: malloc (vg_replace_malloc.c:447)
==724723==    by 0x4069457: emalloc_real (awk.h:2156)
==724723==    by 0x4069457: make_str_node (node.c:422)
==724723==    by 0x40661D5: path_environ (main.c:906)
==724723==    by 0x400E176: load_environ (main.c:964)
==724723==    by 0x400E176: init_vars (main.c:879)
==724723==    by 0x400E176: main (main.c:403)
==724723== 
==724723== 44 bytes in 3 blocks are still reachable in loss record 67 of 203
==724723==    at 0x497D858: malloc (vg_replace_malloc.c:447)
==724723==    by 0x4066564: emalloc_real (awk.h:2156)
==724723==    by 0x4066564: estrdup (main.c:1451)
==724723==    by 0x400D69D: save_argv (main.c:1498)
==724723==    by 0x400D69D: parse_args (main.c:1554)
==724723==    by 0x400D69D: main (main.c:294)
==724723== 
==724723== 44 bytes in 3 blocks are still reachable in loss record 68 of 203
==724723==    at 0x497D858: malloc (vg_replace_malloc.c:447)
==724723==    by 0x4069457: emalloc_real (awk.h:2156)
==724723==    by 0x4069457: make_str_node (node.c:422)
==724723==    by 0x400E9C6: load_procinfo_argv (main.c:991)
==724723==    by 0x400E9C6: load_procinfo (main.c:1093)
==724723==    by 0x400E9C6: init_vars (main.c:878)
==724723==    by 0x400E9C6: main (main.c:403)
==724723== 
==724723== 48 bytes in 1 blocks are still reachable in loss record 69 of 203
==724723==    at 0x497D858: malloc (vg_replace_malloc.c:447)
==724723==    by 0x4068FEB: emalloc_real (awk.h:2156)
==724723==    by 0x4068FEB: r_getblock (node.c:1164)
==724723==    by 0x40768D9: str_lookup (str_array.c:214)
==724723==    by 0x407708C: assoc_set (awk.h:2220)
==724723==    by 0x407708C: install (symbol.c:430)
==724723==    by 0x4077369: install_symbol (symbol.c:173)
==724723==    by 0x4077369: init_the_tables (symbol.c:77)
==724723==    by 0x400D60A: main (main.c:287)
==724723== 
==724723== 48 bytes in 1 blocks are still reachable in loss record 70 of 203
==724723==    at 0x497D858: malloc (vg_replace_malloc.c:447)
==724723==    by 0x4068FEB: emalloc_real (awk.h:2156)
==724723==    by 0x4068FEB: r_getblock (node.c:1164)
==724723==    by 0x40768D9: str_lookup (str_array.c:214)
==724723==    by 0x407708C: assoc_set (awk.h:2220)
==724723==    by 0x407708C: install (symbol.c:430)
==724723==    by 0x4077390: install_symbol (symbol.c:173)
==724723==    by 0x4077390: init_the_tables (symbol.c:78)
==724723==    by 0x400D60A: main (main.c:287)
==724723== 
==724723== 48 bytes in 1 blocks are still reachable in loss record 71 of 203
==724723==    at 0x497D858: malloc (vg_replace_malloc.c:447)
==724723==    by 0x4068FEB: emalloc_real (awk.h:2156)
==724723==    by 0x4068FEB: r_getblock (node.c:1164)
==724723==    by 0x40768D9: str_lookup (str_array.c:214)
==724723==    by 0x407708C: assoc_set (awk.h:2220)
==724723==    by 0x407708C: install (symbol.c:430)
==724723==    by 0x400E703: load_procinfo (main.c:1019)
==724723==    by 0x400E703: init_vars (main.c:878)
==724723==    by 0x400E703: main (main.c:403)
==724723== 
==724723== 48 bytes in 1 blocks are still reachable in loss record 72 of 203
==724723==    at 0x497D858: malloc (vg_replace_malloc.c:447)
==724723==    by 0x4068FEB: emalloc_real (awk.h:2156)
==724723==    by 0x4068FEB: r_getblock (node.c:1164)
==724723==    by 0x40768D9: str_lookup (str_array.c:214)
==724723==    by 0x4054B9E: assoc_set (awk.h:2220)
==724723==    by 0x4054B9E: update_PROCINFO_str.part.0 (field.c:1662)
==724723==    by 0x400E71D: load_procinfo (main.c:1021)
==724723==    by 0x400E71D: init_vars (main.c:878)
==724723==    by 0x400E71D: main (main.c:403)
==724723== 
==724723== 48 bytes in 1 blocks are still reachable in loss record 73 of 203
==724723==    at 0x497D858: malloc (vg_replace_malloc.c:447)
==724723==    by 0x4068FEB: emalloc_real (awk.h:2156)
==724723==    by 0x4068FEB: r_getblock (node.c:1164)
==724723==    by 0x40768D9: str_lookup (str_array.c:214)
==724723==    by 0x4054B9E: assoc_set (awk.h:2220)
==724723==    by 0x4054B9E: update_PROCINFO_str.part.0 (field.c:1662)
==724723==    by 0x400E730: load_procinfo (main.c:1022)
==724723==    by 0x400E730: init_vars (main.c:878)
==724723==    by 0x400E730: main (main.c:403)
==724723== 
==724723== 48 bytes in 1 blocks are still reachable in loss record 74 of 203
==724723==    at 0x497D858: malloc (vg_replace_malloc.c:447)
==724723==    by 0x4068FEB: emalloc_real (awk.h:2156)
==724723==    by 0x4068FEB: r_getblock (node.c:1164)
==724723==    by 0x40768D9: str_lookup (str_array.c:214)
==724723==    by 0x4054B9E: assoc_set (awk.h:2220)
==724723==    by 0x4054B9E: update_PROCINFO_str.part.0 (field.c:1662)
==724723==    by 0x400E743: load_procinfo (main.c:1023)
==724723==    by 0x400E743: init_vars (main.c:878)
==724723==    by 0x400E743: main (main.c:403)
==724723== 
==724723== 48 bytes in 1 blocks are still reachable in loss record 75 of 203
==724723==    at 0x497D858: malloc (vg_replace_malloc.c:447)
==724723==    by 0x4068FEB: emalloc_real (awk.h:2156)
==724723==    by 0x4068FEB: r_getblock (node.c:1164)
==724723==    by 0x40768D9: str_lookup (str_array.c:214)
==724723==    by 0x405802A: assoc_set (awk.h:2220)
==724723==    by 0x405802A: update_PROCINFO_num (field.c:1675)
==724723==    by 0x400E757: load_procinfo (main.c:1035)
==724723==    by 0x400E757: init_vars (main.c:878)
==724723==    by 0x400E757: main (main.c:403)
==724723== 
==724723== 48 bytes in 1 blocks are still reachable in loss record 76 of 203
==724723==    at 0x497D858: malloc (vg_replace_malloc.c:447)
==724723==    by 0x4068FEB: emalloc_real (awk.h:2156)
==724723==    by 0x4068FEB: r_getblock (node.c:1164)
==724723==    by 0x40768D9: str_lookup (str_array.c:214)
==724723==    by 0x405802A: assoc_set (awk.h:2220)
==724723==    by 0x405802A: update_PROCINFO_num (field.c:1675)
==724723==    by 0x400E76B: load_procinfo (main.c:1036)
==724723==    by 0x400E76B: init_vars (main.c:878)
==724723==    by 0x400E76B: main (main.c:403)
==724723== 
==724723== 48 bytes in 1 blocks are still reachable in loss record 77 of 203
==724723==    at 0x497D858: malloc (vg_replace_malloc.c:447)
==724723==    by 0x4068FEB: emalloc_real (awk.h:2156)
==724723==    by 0x4068FEB: r_getblock (node.c:1164)
==724723==    by 0x40768D9: str_lookup (str_array.c:214)
==724723==    by 0x405802A: assoc_set (awk.h:2220)
==724723==    by 0x405802A: update_PROCINFO_num (field.c:1675)
==724723==    by 0x400E784: load_procinfo (main.c:1046)
==724723==    by 0x400E784: init_vars (main.c:878)
==724723==    by 0x400E784: main (main.c:403)
==724723== 
==724723== 48 bytes in 1 blocks are still reachable in loss record 78 of 203
==724723==    at 0x497D858: malloc (vg_replace_malloc.c:447)
==724723==    by 0x4068FEB: emalloc_real (awk.h:2156)
==724723==    by 0x4068FEB: r_getblock (node.c:1164)
==724723==    by 0x40768D9: str_lookup (str_array.c:214)
==724723==    by 0x405802A: assoc_set (awk.h:2220)
==724723==    by 0x405802A: update_PROCINFO_num (field.c:1675)
==724723==    by 0x400E79D: load_procinfo (main.c:1055)
==724723==    by 0x400E79D: init_vars (main.c:878)
==724723==    by 0x400E79D: main (main.c:403)
==724723== 
==724723== 48 bytes in 1 blocks are still reachable in loss record 79 of 203
==724723==    at 0x497D858: malloc (vg_replace_malloc.c:447)
==724723==    by 0x4068FEB: emalloc_real (awk.h:2156)
==724723==    by 0x4068FEB: r_getblock (node.c:1164)
==724723==    by 0x40768D9: str_lookup (str_array.c:214)
==724723==    by 0x405802A: assoc_set (awk.h:2220)
==724723==    by 0x405802A: update_PROCINFO_num (field.c:1675)
==724723==    by 0x400E7B6: load_procinfo (main.c:1058)
==724723==    by 0x400E7B6: init_vars (main.c:878)
==724723==    by 0x400E7B6: main (main.c:403)
==724723== 
==724723== 48 bytes in 1 blocks are still reachable in loss record 80 of 203
==724723==    at 0x497D858: malloc (vg_replace_malloc.c:447)
==724723==    by 0x4068FEB: emalloc_real (awk.h:2156)
==724723==    by 0x4068FEB: r_getblock (node.c:1164)
==724723==    by 0x40768D9: str_lookup (str_array.c:214)
==724723==    by 0x405802A: assoc_set (awk.h:2220)
==724723==    by 0x405802A: update_PROCINFO_num (field.c:1675)
==724723==    by 0x400E7D2: load_procinfo (main.c:1061)
==724723==    by 0x400E7D2: init_vars (main.c:878)
==724723==    by 0x400E7D2: main (main.c:403)
==724723== 
==724723== 48 bytes in 1 blocks are still reachable in loss record 81 of 203
==724723==    at 0x497D858: malloc (vg_replace_malloc.c:447)
==724723==    by 0x4068FEB: emalloc_real (awk.h:2156)
==724723==    by 0x4068FEB: r_getblock (node.c:1164)
==724723==    by 0x40768D9: str_lookup (str_array.c:214)
==724723==    by 0x405802A: assoc_set (awk.h:2220)
==724723==    by 0x405802A: update_PROCINFO_num (field.c:1675)
==724723==    by 0x400E7EE: load_procinfo (main.c:1064)
==724723==    by 0x400E7EE: init_vars (main.c:878)
==724723==    by 0x400E7EE: main (main.c:403)
==724723== 
==724723== 48 bytes in 1 blocks are still reachable in loss record 82 of 203
==724723==    at 0x497D858: malloc (vg_replace_malloc.c:447)
==724723==    by 0x4068FEB: emalloc_real (awk.h:2156)
==724723==    by 0x4068FEB: r_getblock (node.c:1164)
==724723==    by 0x40768D9: str_lookup (str_array.c:214)
==724723==    by 0x405802A: assoc_set (awk.h:2220)
==724723==    by 0x405802A: update_PROCINFO_num (field.c:1675)
==724723==    by 0x400E80A: load_procinfo (main.c:1067)
==724723==    by 0x400E80A: init_vars (main.c:878)
==724723==    by 0x400E80A: main (main.c:403)
==724723== 
==724723== 48 bytes in 1 blocks are still reachable in loss record 83 of 203
==724723==    at 0x497D858: malloc (vg_replace_malloc.c:447)
==724723==    by 0x4068FEB: emalloc_real (awk.h:2156)
==724723==    by 0x4068FEB: r_getblock (node.c:1164)
==724723==    by 0x40768D9: str_lookup (str_array.c:214)
==724723==    by 0x405802A: assoc_set (awk.h:2220)
==724723==    by 0x405802A: update_PROCINFO_num (field.c:1675)
==724723==    by 0x400E826: load_procinfo (main.c:1070)
==724723==    by 0x400E826: init_vars (main.c:878)
==724723==    by 0x400E826: main (main.c:403)
==724723== 
==724723== 48 bytes in 1 blocks are still reachable in loss record 84 of 203
==724723==    at 0x497D858: malloc (vg_replace_malloc.c:447)
==724723==    by 0x4068FEB: emalloc_real (awk.h:2156)
==724723==    by 0x4068FEB: r_getblock (node.c:1164)
==724723==    by 0x40768D9: str_lookup (str_array.c:214)
==724723==    by 0x4054B9E: assoc_set (awk.h:2220)
==724723==    by 0x4054B9E: update_PROCINFO_str.part.0 (field.c:1662)
==724723==    by 0x400E83A: load_procinfo (main.c:1072)
==724723==    by 0x400E83A: init_vars (main.c:878)
==724723==    by 0x400E83A: main (main.c:403)
==724723== 
==724723== 48 bytes in 1 blocks are still reachable in loss record 85 of 203
==724723==    at 0x497D858: malloc (vg_replace_malloc.c:447)
==724723==    by 0x4068FEB: emalloc_real (awk.h:2156)
==724723==    by 0x4068FEB: r_getblock (node.c:1164)
==724723==    by 0x40768D9: str_lookup (str_array.c:214)
==724723==    by 0x4054B9E: assoc_set (awk.h:2220)
==724723==    by 0x4054B9E: update_PROCINFO_str.part.0 (field.c:1662)
==724723==    by 0x400E8D2: load_procinfo (main.c:1087)
==724723==    by 0x400E8D2: init_vars (main.c:878)
==724723==    by 0x400E8D2: main (main.c:403)
==724723== 
==724723== 48 bytes in 1 blocks are still reachable in loss record 86 of 203
==724723==    at 0x497D858: malloc (vg_replace_malloc.c:447)
==724723==    by 0x4068FEB: emalloc_real (awk.h:2156)
==724723==    by 0x4068FEB: r_getblock (node.c:1164)
==724723==    by 0x40768D9: str_lookup (str_array.c:214)
==724723==    by 0x40662E6: assoc_set (awk.h:2220)
==724723==    by 0x400EC2D: load_procinfo_argv (main.c:997)
==724723==    by 0x400EC2D: load_procinfo (main.c:1093)
==724723==    by 0x400EC2D: init_vars (main.c:878)
==724723==    by 0x400EC2D: main (main.c:403)
==724723== 
==724723== 48 bytes in 1 blocks are still reachable in loss record 87 of 203
==724723==    at 0x497D858: malloc (vg_replace_malloc.c:447)
==724723==    by 0x4068FEB: emalloc_real (awk.h:2156)
==724723==    by 0x4068FEB: r_getblock (node.c:1164)
==724723==    by 0x40768D9: str_lookup (str_array.c:214)
==724723==    by 0x407708C: assoc_set (awk.h:2220)
==724723==    by 0x407708C: install (symbol.c:430)
==724723==    by 0x400E038: load_environ (main.c:930)
==724723==    by 0x400E038: init_vars (main.c:879)
==724723==    by 0x400E038: main (main.c:403)
==724723== 
==724723== 48 bytes in 1 blocks are still reachable in loss record 88 of 203
==724723==    at 0x497D858: malloc (vg_replace_malloc.c:447)
==724723==    by 0x4068FEB: emalloc_real (awk.h:2156)
==724723==    by 0x4068FEB: r_getblock (node.c:1164)
==724723==    by 0x40768D9: str_lookup (str_array.c:214)
==724723==    by 0x40661A2: path_environ (main.c:899)
==724723==    by 0x400E176: load_environ (main.c:964)
==724723==    by 0x400E176: init_vars (main.c:879)
==724723==    by 0x400E176: main (main.c:403)
==724723== 
==724723== 48 bytes in 1 blocks are still reachable in loss record 89 of 203
==724723==    at 0x497D858: malloc (vg_replace_malloc.c:447)
==724723==    by 0x4068FEB: emalloc_real (awk.h:2156)
==724723==    by 0x4068FEB: r_getblock (node.c:1164)
==724723==    by 0x40768D9: str_lookup (str_array.c:214)
==724723==    by 0x407708C: assoc_set (awk.h:2220)
==724723==    by 0x407708C: install (symbol.c:430)
==724723==    by 0x400E414: init_args (main.c:764)
==724723==    by 0x400E414: main (main.c:470)
==724723== 
==724723== 48 bytes in 1 blocks are still reachable in loss record 90 of 203
==724723==    at 0x497D858: malloc (vg_replace_malloc.c:447)
==724723==    by 0x4068FEB: emalloc_real (awk.h:2156)
==724723==    by 0x4068FEB: r_getblock (node.c:1164)
==724723==    by 0x40768D9: str_lookup (str_array.c:214)
==724723==    by 0x407708C: assoc_set (awk.h:2220)
==724723==    by 0x407708C: install (symbol.c:430)
==724723==    by 0x400EA90: init_args (main.c:791)
==724723==    by 0x400EA90: main (main.c:470)
==724723== 
==724723== 48 bytes in 1 blocks are still reachable in loss record 91 of 203
==724723==    at 0x497D858: malloc (vg_replace_malloc.c:447)
==724723==    by 0x4068FEB: emalloc_real (awk.h:2156)
==724723==    by 0x4068FEB: r_getblock (node.c:1164)
==724723==    by 0x40768D9: str_lookup (str_array.c:214)
==724723==    by 0x4077FEA: load_symbols (symbol.c:664)
==724723==    by 0x400ED85: main (main.c:499)
==724723== 
==724723== 48 bytes in 13 blocks are still reachable in loss record 92 of 203
==724723==    at 0x497D858: malloc (vg_replace_malloc.c:447)
==724723==    by 0x4069457: emalloc_real (awk.h:2156)
==724723==    by 0x4069457: make_str_node (node.c:422)
==724723==    by 0x400D984: init_vars (main.c:867)
==724723==    by 0x400D984: main (main.c:403)
==724723== 
==724723== 50 bytes in 2 blocks are still reachable in loss record 93 of 203
==724723==    at 0x497D858: malloc (vg_replace_malloc.c:447)
==724723==    by 0x4069457: emalloc_real (awk.h:2156)
==724723==    by 0x4069457: make_str_node (node.c:422)
==724723==    by 0x4064C68: do_getline_redir (io.c:2905)
==724723==    by 0x404FD86: r_interpret (interpret.h:1364)
==724723==    by 0x400EDDE: main (main.c:532)
==724723== 
==724723== 60 bytes in 1 blocks are still reachable in loss record 94 of 203
==724723==    at 0x497D858: malloc (vg_replace_malloc.c:447)
==724723==    by 0x4014E9C: emalloc_real (awk.h:2156)
==724723==    by 0x4014E9C: tokexpand (awkgram.y:3294)
==724723==    by 0x4020FE6: parse_program (awkgram.y:2795)
==724723==    by 0x400EAD8: main (main.c:483)
==724723== 
==724723== 88 bytes in 1 blocks are still reachable in loss record 95 of 203
==724723==    at 0x497D858: malloc (vg_replace_malloc.c:447)
==724723==    by 0x4068FEB: emalloc_real (awk.h:2156)
==724723==    by 0x4068FEB: r_getblock (node.c:1164)
==724723==    by 0x40693C1: make_str_node (node.c:406)
==724723==    by 0x400D5C7: main (main.c:278)
==724723== 
==724723== 88 bytes in 1 blocks are still reachable in loss record 96 of 203
==724723==    at 0x497D858: malloc (vg_replace_malloc.c:447)
==724723==    by 0x4068FEB: emalloc_real (awk.h:2156)
==724723==    by 0x4068FEB: r_getblock (node.c:1164)
==724723==    by 0x40772C7: init_the_tables (symbol.c:68)
==724723==    by 0x400D60A: main (main.c:287)
==724723== 
==724723== 88 bytes in 1 blocks are still reachable in loss record 97 of 203
==724723==    at 0x497D858: malloc (vg_replace_malloc.c:447)
==724723==    by 0x4068FEB: emalloc_real (awk.h:2156)
==724723==    by 0x4068FEB: r_getblock (node.c:1164)
==724723==    by 0x4077308: init_the_tables (symbol.c:72)
==724723==    by 0x400D60A: main (main.c:287)
==724723== 
==724723== 88 bytes in 1 blocks are still reachable in loss record 98 of 203
==724723==    at 0x497D858: malloc (vg_replace_malloc.c:447)
==724723==    by 0x4068FEB: emalloc_real (awk.h:2156)
==724723==    by 0x4068FEB: r_getblock (node.c:1164)
==724723==    by 0x40693C1: make_str_node (node.c:406)
==724723==    by 0x4077055: install (symbol.c:399)
==724723==    by 0x4077369: install_symbol (symbol.c:173)
==724723==    by 0x4077369: init_the_tables (symbol.c:77)
==724723==    by 0x400D60A: main (main.c:287)
==724723== 
==724723== 88 bytes in 1 blocks are still reachable in loss record 99 of 203
==724723==    at 0x497D858: malloc (vg_replace_malloc.c:447)
==724723==    by 0x4068FEB: emalloc_real (awk.h:2156)
==724723==    by 0x4068FEB: r_getblock (node.c:1164)
==724723==    by 0x4077133: make_symbol (symbol.c:376)
==724723==    by 0x4077133: install (symbol.c:417)
==724723==    by 0x4077369: install_symbol (symbol.c:173)
==724723==    by 0x4077369: init_the_tables (symbol.c:77)
==724723==    by 0x400D60A: main (main.c:287)
==724723== 
==724723== 88 bytes in 1 blocks are still reachable in loss record 100 of 203
==724723==    at 0x497D858: malloc (vg_replace_malloc.c:447)
==724723==    by 0x4068FEB: emalloc_real (awk.h:2156)
==724723==    by 0x4068FEB: r_getblock (node.c:1164)
==724723==    by 0x40693C1: make_str_node (node.c:406)
==724723==    by 0x4077055: install (symbol.c:399)
==724723==    by 0x4077390: install_symbol (symbol.c:173)
==724723==    by 0x4077390: init_the_tables (symbol.c:78)
==724723==    by 0x400D60A: main (main.c:287)
==724723== 
==724723== 88 bytes in 1 blocks are still reachable in loss record 101 of 203
==724723==    at 0x497D858: malloc (vg_replace_malloc.c:447)
==724723==    by 0x4068FEB: emalloc_real (awk.h:2156)
==724723==    by 0x4068FEB: r_getblock (node.c:1164)
==724723==    by 0x4077133: make_symbol (symbol.c:376)
==724723==    by 0x4077133: install (symbol.c:417)
==724723==    by 0x4077390: install_symbol (symbol.c:173)
==724723==    by 0x4077390: init_the_tables (symbol.c:78)
==724723==    by 0x400D60A: main (main.c:287)
==724723== 
==724723== 88 bytes in 1 blocks are still reachable in loss record 102 of 203
==724723==    at 0x497D858: malloc (vg_replace_malloc.c:447)
==724723==    by 0x4068FEB: emalloc_real (awk.h:2156)
==724723==    by 0x4068FEB: r_getblock (node.c:1164)
==724723==    by 0x40693C1: make_str_node (node.c:406)
==724723==    by 0x4077055: install (symbol.c:399)
==724723==    by 0x400E703: load_procinfo (main.c:1019)
==724723==    by 0x400E703: init_vars (main.c:878)
==724723==    by 0x400E703: main (main.c:403)
==724723== 
==724723== 88 bytes in 1 blocks are still reachable in loss record 103 of 203
==724723==    at 0x497D858: malloc (vg_replace_malloc.c:447)
==724723==    by 0x4068FEB: emalloc_real (awk.h:2156)
==724723==    by 0x4068FEB: r_getblock (node.c:1164)
==724723==    by 0x4077133: make_symbol (symbol.c:376)
==724723==    by 0x4077133: install (symbol.c:417)
==724723==    by 0x400E703: load_procinfo (main.c:1019)
==724723==    by 0x400E703: init_vars (main.c:878)
==724723==    by 0x400E703: main (main.c:403)
==724723== 
==724723== 88 bytes in 1 blocks are still reachable in loss record 104 of 203
==724723==    at 0x497D858: malloc (vg_replace_malloc.c:447)
==724723==    by 0x4068FEB: emalloc_real (awk.h:2156)
==724723==    by 0x4068FEB: r_getblock (node.c:1164)
==724723==    by 0x40693C1: make_str_node (node.c:406)
==724723==    by 0x4054B6F: update_PROCINFO_str.part.0 (field.c:1661)
==724723==    by 0x400E71D: load_procinfo (main.c:1021)
==724723==    by 0x400E71D: init_vars (main.c:878)
==724723==    by 0x400E71D: main (main.c:403)
==724723== 
==724723== 88 bytes in 1 blocks are still reachable in loss record 105 of 203
==724723==    at 0x497D858: malloc (vg_replace_malloc.c:447)
==724723==    by 0x4068FEB: emalloc_real (awk.h:2156)
==724723==    by 0x4068FEB: r_getblock (node.c:1164)
==724723==    by 0x40693C1: make_str_node (node.c:406)
==724723==    by 0x4054B87: update_PROCINFO_str.part.0 (field.c:1662)
==724723==    by 0x400E71D: load_procinfo (main.c:1021)
==724723==    by 0x400E71D: init_vars (main.c:878)
==724723==    by 0x400E71D: main (main.c:403)
==724723== 
==724723== 88 bytes in 1 blocks are still reachable in loss record 106 of 203
==724723==    at 0x497D858: malloc (vg_replace_malloc.c:447)
==724723==    by 0x4068FEB: emalloc_real (awk.h:2156)
==724723==    by 0x4068FEB: r_getblock (node.c:1164)
==724723==    by 0x40693C1: make_str_node (node.c:406)
==724723==    by 0x4054B6F: update_PROCINFO_str.part.0 (field.c:1661)
==724723==    by 0x400E730: load_procinfo (main.c:1022)
==724723==    by 0x400E730: init_vars (main.c:878)
==724723==    by 0x400E730: main (main.c:403)
==724723== 
==724723== 88 bytes in 1 blocks are still reachable in loss record 107 of 203
==724723==    at 0x497D858: malloc (vg_replace_malloc.c:447)
==724723==    by 0x4068FEB: emalloc_real (awk.h:2156)
==724723==    by 0x4068FEB: r_getblock (node.c:1164)
==724723==    by 0x40693C1: make_str_node (node.c:406)
==724723==    by 0x4054B87: update_PROCINFO_str.part.0 (field.c:1662)
==724723==    by 0x400E730: load_procinfo (main.c:1022)
==724723==    by 0x400E730: init_vars (main.c:878)
==724723==    by 0x400E730: main (main.c:403)
==724723== 
==724723== 88 bytes in 1 blocks are still reachable in loss record 108 of 203
==724723==    at 0x497D858: malloc (vg_replace_malloc.c:447)
==724723==    by 0x4068FEB: emalloc_real (awk.h:2156)
==724723==    by 0x4068FEB: r_getblock (node.c:1164)
==724723==    by 0x40693C1: make_str_node (node.c:406)
==724723==    by 0x4054B6F: update_PROCINFO_str.part.0 (field.c:1661)
==724723==    by 0x400E743: load_procinfo (main.c:1023)
==724723==    by 0x400E743: init_vars (main.c:878)
==724723==    by 0x400E743: main (main.c:403)
==724723== 
==724723== 88 bytes in 1 blocks are still reachable in loss record 109 of 203
==724723==    at 0x497D858: malloc (vg_replace_malloc.c:447)
==724723==    by 0x4068FEB: emalloc_real (awk.h:2156)
==724723==    by 0x4068FEB: r_getblock (node.c:1164)
==724723==    by 0x40693C1: make_str_node (node.c:406)
==724723==    by 0x4054B87: update_PROCINFO_str.part.0 (field.c:1662)
==724723==    by 0x400E743: load_procinfo (main.c:1023)
==724723==    by 0x400E743: init_vars (main.c:878)
==724723==    by 0x400E743: main (main.c:403)
==724723== 
==724723== 88 bytes in 1 blocks are still reachable in loss record 110 of 203
==724723==    at 0x497D858: malloc (vg_replace_malloc.c:447)
==724723==    by 0x4068FEB: emalloc_real (awk.h:2156)
==724723==    by 0x4068FEB: r_getblock (node.c:1164)
==724723==    by 0x40693C1: make_str_node (node.c:406)
==724723==    by 0x4058004: update_PROCINFO_num (field.c:1674)
==724723==    by 0x400E757: load_procinfo (main.c:1035)
==724723==    by 0x400E757: init_vars (main.c:878)
==724723==    by 0x400E757: main (main.c:403)
==724723== 
==724723== 88 bytes in 1 blocks are still reachable in loss record 111 of 203
==724723==    at 0x497D858: malloc (vg_replace_malloc.c:447)
==724723==    by 0x4068FEB: emalloc_real (awk.h:2156)
==724723==    by 0x4068FEB: r_getblock (node.c:1164)
==724723==    by 0x4069930: make_number_node (awk.h:2206)
==724723==    by 0x4069930: r_make_number (node.c:369)
==724723==    by 0x4058013: update_PROCINFO_num (field.c:1675)
==724723==    by 0x400E757: load_procinfo (main.c:1035)
==724723==    by 0x400E757: init_vars (main.c:878)
==724723==    by 0x400E757: main (main.c:403)
==724723== 
==724723== 88 bytes in 1 blocks are still reachable in loss record 112 of 203
==724723==    at 0x497D858: malloc (vg_replace_malloc.c:447)
==724723==    by 0x4068FEB: emalloc_real (awk.h:2156)
==724723==    by 0x4068FEB: r_getblock (node.c:1164)
==724723==    by 0x40693C1: make_str_node (node.c:406)
==724723==    by 0x4058004: update_PROCINFO_num (field.c:1674)
==724723==    by 0x400E76B: load_procinfo (main.c:1036)
==724723==    by 0x400E76B: init_vars (main.c:878)
==724723==    by 0x400E76B: main (main.c:403)
==724723== 
==724723== 88 bytes in 1 blocks are still reachable in loss record 113 of 203
==724723==    at 0x497D858: malloc (vg_replace_malloc.c:447)
==724723==    by 0x4068FEB: emalloc_real (awk.h:2156)
==724723==    by 0x4068FEB: r_getblock (node.c:1164)
==724723==    by 0x4069930: make_number_node (awk.h:2206)
==724723==    by 0x4069930: r_make_number (node.c:369)
==724723==    by 0x4058013: update_PROCINFO_num (field.c:1675)
==724723==    by 0x400E76B: load_procinfo (main.c:1036)
==724723==    by 0x400E76B: init_vars (main.c:878)
==724723==    by 0x400E76B: main (main.c:403)
==724723== 
==724723== 88 bytes in 1 blocks are still reachable in loss record 114 of 203
==724723==    at 0x497D858: malloc (vg_replace_malloc.c:447)
==724723==    by 0x4068FEB: emalloc_real (awk.h:2156)
==724723==    by 0x4068FEB: r_getblock (node.c:1164)
==724723==    by 0x40693C1: make_str_node (node.c:406)
==724723==    by 0x4058004: update_PROCINFO_num (field.c:1674)
==724723==    by 0x400E784: load_procinfo (main.c:1046)
==724723==    by 0x400E784: init_vars (main.c:878)
==724723==    by 0x400E784: main (main.c:403)
==724723== 
==724723== 88 bytes in 1 blocks are still reachable in loss record 115 of 203
==724723==    at 0x497D858: malloc (vg_replace_malloc.c:447)
==724723==    by 0x4068FEB: emalloc_real (awk.h:2156)
==724723==    by 0x4068FEB: r_getblock (node.c:1164)
==724723==    by 0x4069930: make_number_node (awk.h:2206)
==724723==    by 0x4069930: r_make_number (node.c:369)
==724723==    by 0x4058013: update_PROCINFO_num (field.c:1675)
==724723==    by 0x400E784: load_procinfo (main.c:1046)
==724723==    by 0x400E784: init_vars (main.c:878)
==724723==    by 0x400E784: main (main.c:403)
==724723== 
==724723== 88 bytes in 1 blocks are still reachable in loss record 116 of 203
==724723==    at 0x497D858: malloc (vg_replace_malloc.c:447)
==724723==    by 0x4068FEB: emalloc_real (awk.h:2156)
==724723==    by 0x4068FEB: r_getblock (node.c:1164)
==724723==    by 0x40693C1: make_str_node (node.c:406)
==724723==    by 0x4058004: update_PROCINFO_num (field.c:1674)
==724723==    by 0x400E79D: load_procinfo (main.c:1055)
==724723==    by 0x400E79D: init_vars (main.c:878)
==724723==    by 0x400E79D: main (main.c:403)
==724723== 
==724723== 88 bytes in 1 blocks are still reachable in loss record 117 of 203
==724723==    at 0x497D858: malloc (vg_replace_malloc.c:447)
==724723==    by 0x4068FEB: emalloc_real (awk.h:2156)
==724723==    by 0x4068FEB: r_getblock (node.c:1164)
==724723==    by 0x4069930: make_number_node (awk.h:2206)
==724723==    by 0x4069930: r_make_number (node.c:369)
==724723==    by 0x4058013: update_PROCINFO_num (field.c:1675)
==724723==    by 0x400E79D: load_procinfo (main.c:1055)
==724723==    by 0x400E79D: init_vars (main.c:878)
==724723==    by 0x400E79D: main (main.c:403)
==724723== 
==724723== 88 bytes in 1 blocks are still reachable in loss record 118 of 203
==724723==    at 0x497D858: malloc (vg_replace_malloc.c:447)
==724723==    by 0x4068FEB: emalloc_real (awk.h:2156)
==724723==    by 0x4068FEB: r_getblock (node.c:1164)
==724723==    by 0x40693C1: make_str_node (node.c:406)
==724723==    by 0x4058004: update_PROCINFO_num (field.c:1674)
==724723==    by 0x400E7B6: load_procinfo (main.c:1058)
==724723==    by 0x400E7B6: init_vars (main.c:878)
==724723==    by 0x400E7B6: main (main.c:403)
==724723== 
==724723== 88 bytes in 1 blocks are still reachable in loss record 119 of 203
==724723==    at 0x497D858: malloc (vg_replace_malloc.c:447)
==724723==    by 0x4068FEB: emalloc_real (awk.h:2156)
==724723==    by 0x4068FEB: r_getblock (node.c:1164)
==724723==    by 0x4069930: make_number_node (awk.h:2206)
==724723==    by 0x4069930: r_make_number (node.c:369)
==724723==    by 0x4058013: update_PROCINFO_num (field.c:1675)
==724723==    by 0x400E7B6: load_procinfo (main.c:1058)
==724723==    by 0x400E7B6: init_vars (main.c:878)
==724723==    by 0x400E7B6: main (main.c:403)
==724723== 
==724723== 88 bytes in 1 blocks are still reachable in loss record 120 of 203
==724723==    at 0x497D858: malloc (vg_replace_malloc.c:447)
==724723==    by 0x4068FEB: emalloc_real (awk.h:2156)
==724723==    by 0x4068FEB: r_getblock (node.c:1164)
==724723==    by 0x40693C1: make_str_node (node.c:406)
==724723==    by 0x4058004: update_PROCINFO_num (field.c:1674)
==724723==    by 0x400E7D2: load_procinfo (main.c:1061)
==724723==    by 0x400E7D2: init_vars (main.c:878)
==724723==    by 0x400E7D2: main (main.c:403)
==724723== 
==724723== 88 bytes in 1 blocks are still reachable in loss record 121 of 203
==724723==    at 0x497D858: malloc (vg_replace_malloc.c:447)
==724723==    by 0x4068FEB: emalloc_real (awk.h:2156)
==724723==    by 0x4068FEB: r_getblock (node.c:1164)
==724723==    by 0x4069930: make_number_node (awk.h:2206)
==724723==    by 0x4069930: r_make_number (node.c:369)
==724723==    by 0x4058013: update_PROCINFO_num (field.c:1675)
==724723==    by 0x400E7D2: load_procinfo (main.c:1061)
==724723==    by 0x400E7D2: init_vars (main.c:878)
==724723==    by 0x400E7D2: main (main.c:403)
==724723== 
==724723== 88 bytes in 1 blocks are still reachable in loss record 122 of 203
==724723==    at 0x497D858: malloc (vg_replace_malloc.c:447)
==724723==    by 0x4068FEB: emalloc_real (awk.h:2156)
==724723==    by 0x4068FEB: r_getblock (node.c:1164)
==724723==    by 0x40693C1: make_str_node (node.c:406)
==724723==    by 0x4058004: update_PROCINFO_num (field.c:1674)
==724723==    by 0x400E7EE: load_procinfo (main.c:1064)
==724723==    by 0x400E7EE: init_vars (main.c:878)
==724723==    by 0x400E7EE: main (main.c:403)
==724723== 
==724723== 88 bytes in 1 blocks are still reachable in loss record 123 of 203
==724723==    at 0x497D858: malloc (vg_replace_malloc.c:447)
==724723==    by 0x4068FEB: emalloc_real (awk.h:2156)
==724723==    by 0x4068FEB: r_getblock (node.c:1164)
==724723==    by 0x4069930: make_number_node (awk.h:2206)
==724723==    by 0x4069930: r_make_number (node.c:369)
==724723==    by 0x4058013: update_PROCINFO_num (field.c:1675)
==724723==    by 0x400E7EE: load_procinfo (main.c:1064)
==724723==    by 0x400E7EE: init_vars (main.c:878)
==724723==    by 0x400E7EE: main (main.c:403)
==724723== 
==724723== 88 bytes in 1 blocks are still reachable in loss record 124 of 203
==724723==    at 0x497D858: malloc (vg_replace_malloc.c:447)
==724723==    by 0x4068FEB: emalloc_real (awk.h:2156)
==724723==    by 0x4068FEB: r_getblock (node.c:1164)
==724723==    by 0x40693C1: make_str_node (node.c:406)
==724723==    by 0x4058004: update_PROCINFO_num (field.c:1674)
==724723==    by 0x400E80A: load_procinfo (main.c:1067)
==724723==    by 0x400E80A: init_vars (main.c:878)
==724723==    by 0x400E80A: main (main.c:403)
==724723== 
==724723== 88 bytes in 1 blocks are still reachable in loss record 125 of 203
==724723==    at 0x497D858: malloc (vg_replace_malloc.c:447)
==724723==    by 0x4068FEB: emalloc_real (awk.h:2156)
==724723==    by 0x4068FEB: r_getblock (node.c:1164)
==724723==    by 0x4069930: make_number_node (awk.h:2206)
==724723==    by 0x4069930: r_make_number (node.c:369)
==724723==    by 0x4058013: update_PROCINFO_num (field.c:1675)
==724723==    by 0x400E80A: load_procinfo (main.c:1067)
==724723==    by 0x400E80A: init_vars (main.c:878)
==724723==    by 0x400E80A: main (main.c:403)
==724723== 
==724723== 88 bytes in 1 blocks are still reachable in loss record 126 of 203
==724723==    at 0x497D858: malloc (vg_replace_malloc.c:447)
==724723==    by 0x4068FEB: emalloc_real (awk.h:2156)
==724723==    by 0x4068FEB: r_getblock (node.c:1164)
==724723==    by 0x40693C1: make_str_node (node.c:406)
==724723==    by 0x4058004: update_PROCINFO_num (field.c:1674)
==724723==    by 0x400E826: load_procinfo (main.c:1070)
==724723==    by 0x400E826: init_vars (main.c:878)
==724723==    by 0x400E826: main (main.c:403)
==724723== 
==724723== 88 bytes in 1 blocks are still reachable in loss record 127 of 203
==724723==    at 0x497D858: malloc (vg_replace_malloc.c:447)
==724723==    by 0x4068FEB: emalloc_real (awk.h:2156)
==724723==    by 0x4068FEB: r_getblock (node.c:1164)
==724723==    by 0x4069930: make_number_node (awk.h:2206)
==724723==    by 0x4069930: r_make_number (node.c:369)
==724723==    by 0x4058013: update_PROCINFO_num (field.c:1675)
==724723==    by 0x400E826: load_procinfo (main.c:1070)
==724723==    by 0x400E826: init_vars (main.c:878)
==724723==    by 0x400E826: main (main.c:403)
==724723== 
==724723== 88 bytes in 1 blocks are still reachable in loss record 128 of 203
==724723==    at 0x497D858: malloc (vg_replace_malloc.c:447)
==724723==    by 0x4068FEB: emalloc_real (awk.h:2156)
==724723==    by 0x4068FEB: r_getblock (node.c:1164)
==724723==    by 0x40693C1: make_str_node (node.c:406)
==724723==    by 0x4054B6F: update_PROCINFO_str.part.0 (field.c:1661)
==724723==    by 0x400E83A: load_procinfo (main.c:1072)
==724723==    by 0x400E83A: init_vars (main.c:878)
==724723==    by 0x400E83A: main (main.c:403)
==724723== 
==724723== 88 bytes in 1 blocks are still reachable in loss record 129 of 203
==724723==    at 0x497D858: malloc (vg_replace_malloc.c:447)
==724723==    by 0x4068FEB: emalloc_real (awk.h:2156)
==724723==    by 0x4068FEB: r_getblock (node.c:1164)
==724723==    by 0x40693C1: make_str_node (node.c:406)
==724723==    by 0x4054B87: update_PROCINFO_str.part.0 (field.c:1662)
==724723==    by 0x400E83A: load_procinfo (main.c:1072)
==724723==    by 0x400E83A: init_vars (main.c:878)
==724723==    by 0x400E83A: main (main.c:403)
==724723== 
==724723== 88 bytes in 1 blocks are still reachable in loss record 130 of 203
==724723==    at 0x497D858: malloc (vg_replace_malloc.c:447)
==724723==    by 0x4068FEB: emalloc_real (awk.h:2156)
==724723==    by 0x4068FEB: r_getblock (node.c:1164)
==724723==    by 0x40693C1: make_str_node (node.c:406)
==724723==    by 0x4054B6F: update_PROCINFO_str.part.0 (field.c:1661)
==724723==    by 0x400E8D2: load_procinfo (main.c:1087)
==724723==    by 0x400E8D2: init_vars (main.c:878)
==724723==    by 0x400E8D2: main (main.c:403)
==724723== 
==724723== 88 bytes in 1 blocks are still reachable in loss record 131 of 203
==724723==    at 0x497D858: malloc (vg_replace_malloc.c:447)
==724723==    by 0x4068FEB: emalloc_real (awk.h:2156)
==724723==    by 0x4068FEB: r_getblock (node.c:1164)
==724723==    by 0x40693C1: make_str_node (node.c:406)
==724723==    by 0x4054B87: update_PROCINFO_str.part.0 (field.c:1662)
==724723==    by 0x400E8D2: load_procinfo (main.c:1087)
==724723==    by 0x400E8D2: init_vars (main.c:878)
==724723==    by 0x400E8D2: main (main.c:403)
==724723== 
==724723== 88 bytes in 1 blocks are still reachable in loss record 132 of 203
==724723==    at 0x497D858: malloc (vg_replace_malloc.c:447)
==724723==    by 0x4068FEB: emalloc_real (awk.h:2156)
==724723==    by 0x4068FEB: r_getblock (node.c:1164)
==724723==    by 0x400E8E9: load_procinfo_argv (main.c:984)
==724723==    by 0x400E8E9: load_procinfo (main.c:1093)
==724723==    by 0x400E8E9: init_vars (main.c:878)
==724723==    by 0x400E8E9: main (main.c:403)
==724723== 
==724723== 88 bytes in 1 blocks are still reachable in loss record 133 of 203
==724723==    at 0x497D858: malloc (vg_replace_malloc.c:447)
==724723==    by 0x4068FEB: emalloc_real (awk.h:2156)
==724723==    by 0x4068FEB: r_getblock (node.c:1164)
==724723==    by 0x40348D2: make_node (cint_array.c:731)
==724723==    by 0x40348D2: cint_lookup (cint_array.c:256)
==724723==    by 0x400E9D6: assoc_set (awk.h:2220)
==724723==    by 0x400E9D6: load_procinfo_argv (main.c:992)
==724723==    by 0x400E9D6: load_procinfo (main.c:1093)
==724723==    by 0x400E9D6: init_vars (main.c:878)
==724723==    by 0x400E9D6: main (main.c:403)
==724723== 
==724723== 88 bytes in 1 blocks are still reachable in loss record 134 of 203
==724723==    at 0x497D858: malloc (vg_replace_malloc.c:447)
==724723==    by 0x4068FEB: emalloc_real (awk.h:2156)
==724723==    by 0x4068FEB: r_getblock (node.c:1164)
==724723==    by 0x40344E7: make_node (cint_array.c:731)
==724723==    by 0x40344E7: tree_lookup (cint_array.c:796)
==724723==    by 0x400E9D6: assoc_set (awk.h:2220)
==724723==    by 0x400E9D6: load_procinfo_argv (main.c:992)
==724723==    by 0x400E9D6: load_procinfo (main.c:1093)
==724723==    by 0x400E9D6: init_vars (main.c:878)
==724723==    by 0x400E9D6: main (main.c:403)
==724723== 
==724723== 88 bytes in 1 blocks are still reachable in loss record 135 of 203
==724723==    at 0x497D858: malloc (vg_replace_malloc.c:447)
==724723==    by 0x4068FEB: emalloc_real (awk.h:2156)
==724723==    by 0x4068FEB: r_getblock (node.c:1164)
==724723==    by 0x40693C1: make_str_node (node.c:406)
==724723==    by 0x400EC1B: load_procinfo_argv (main.c:996)
==724723==    by 0x400EC1B: load_procinfo (main.c:1093)
==724723==    by 0x400EC1B: init_vars (main.c:878)
==724723==    by 0x400EC1B: main (main.c:403)
==724723== 
==724723== 88 bytes in 1 blocks are still reachable in loss record 136 of 203
==724723==    at 0x497D858: malloc (vg_replace_malloc.c:447)
==724723==    by 0x4068FEB: emalloc_real (awk.h:2156)
==724723==    by 0x4068FEB: r_getblock (node.c:1164)
==724723==    by 0x40693C1: make_str_node (node.c:406)
==724723==    by 0x4077055: install (symbol.c:399)
==724723==    by 0x400E038: load_environ (main.c:930)
==724723==    by 0x400E038: init_vars (main.c:879)
==724723==    by 0x400E038: main (main.c:403)
==724723== 
==724723== 88 bytes in 1 blocks are still reachable in loss record 137 of 203
==724723==    at 0x497D858: malloc (vg_replace_malloc.c:447)
==724723==    by 0x4068FEB: emalloc_real (awk.h:2156)
==724723==    by 0x4068FEB: r_getblock (node.c:1164)
==724723==    by 0x4077133: make_symbol (symbol.c:376)
==724723==    by 0x4077133: install (symbol.c:417)
==724723==    by 0x400E038: load_environ (main.c:930)
==724723==    by 0x400E038: init_vars (main.c:879)
==724723==    by 0x400E038: main (main.c:403)
==724723== 
==724723== 88 bytes in 1 blocks are still reachable in loss record 138 of 203
==724723==    at 0x497D858: malloc (vg_replace_malloc.c:447)
==724723==    by 0x4068FEB: emalloc_real (awk.h:2156)
==724723==    by 0x4068FEB: r_getblock (node.c:1164)
==724723==    by 0x40693C1: make_str_node (node.c:406)
==724723==    by 0x406617B: path_environ (main.c:891)
==724723==    by 0x400E176: load_environ (main.c:964)
==724723==    by 0x400E176: init_vars (main.c:879)
==724723==    by 0x400E176: main (main.c:403)
==724723== 
==724723== 88 bytes in 1 blocks are still reachable in loss record 139 of 203
==724723==    at 0x497D858: malloc (vg_replace_malloc.c:447)
==724723==    by 0x4068FEB: emalloc_real (awk.h:2156)
==724723==    by 0x4068FEB: r_getblock (node.c:1164)
==724723==    by 0x40693C1: make_str_node (node.c:406)
==724723==    by 0x40661D5: path_environ (main.c:906)
==724723==    by 0x400E176: load_environ (main.c:964)
==724723==    by 0x400E176: init_vars (main.c:879)
==724723==    by 0x400E176: main (main.c:403)
==724723== 
==724723== 88 bytes in 1 blocks are still reachable in loss record 140 of 203
==724723==    at 0x497D858: malloc (vg_replace_malloc.c:447)
==724723==    by 0x4068FEB: emalloc_real (awk.h:2156)
==724723==    by 0x4068FEB: r_getblock (node.c:1164)
==724723==    by 0x40693C1: make_str_node (node.c:406)
==724723==    by 0x4055395: init_fields (field.c:105)
==724723==    by 0x400E1A4: main (main.c:410)
==724723== 
==724723== 88 bytes in 1 blocks are still reachable in loss record 141 of 203
==724723==    at 0x497D858: malloc (vg_replace_malloc.c:447)
==724723==    by 0x4068FEB: emalloc_real (awk.h:2156)
==724723==    by 0x4068FEB: r_getblock (node.c:1164)
==724723==    by 0x40693C1: make_str_node (node.c:406)
==724723==    by 0x40553E0: init_fields (field.c:111)
==724723==    by 0x400E1A4: main (main.c:410)
==724723== 
==724723== 88 bytes in 1 blocks are still reachable in loss record 142 of 203
==724723==    at 0x497D858: malloc (vg_replace_malloc.c:447)
==724723==    by 0x4068FEB: emalloc_real (awk.h:2156)
==724723==    by 0x4068FEB: r_getblock (node.c:1164)
==724723==    by 0x4048A91: init_interpret (eval.c:1902)
==724723==    by 0x400E3D5: main (main.c:468)
==724723== 
==724723== 88 bytes in 1 blocks are still reachable in loss record 143 of 203
==724723==    at 0x497D858: malloc (vg_replace_malloc.c:447)
==724723==    by 0x4068FEB: emalloc_real (awk.h:2156)
==724723==    by 0x4068FEB: r_getblock (node.c:1164)
==724723==    by 0x4069930: make_number_node (awk.h:2206)
==724723==    by 0x4069930: r_make_number (node.c:369)
==724723==    by 0x4048AE5: init_interpret (eval.c:1910)
==724723==    by 0x400E3D5: main (main.c:468)
==724723== 
==724723== 88 bytes in 1 blocks are still reachable in loss record 144 of 203
==724723==    at 0x497D858: malloc (vg_replace_malloc.c:447)
==724723==    by 0x4068FEB: emalloc_real (awk.h:2156)
==724723==    by 0x4068FEB: r_getblock (node.c:1164)
==724723==    by 0x4069930: make_number_node (awk.h:2206)
==724723==    by 0x4069930: r_make_number (node.c:369)
==724723==    by 0x4048AFA: init_interpret (eval.c:1911)
==724723==    by 0x400E3D5: main (main.c:468)
==724723== 
==724723== 88 bytes in 1 blocks are still reachable in loss record 145 of 203
==724723==    at 0x497D858: malloc (vg_replace_malloc.c:447)
==724723==    by 0x4068FEB: emalloc_real (awk.h:2156)
==724723==    by 0x4068FEB: r_getblock (node.c:1164)
==724723==    by 0x40693C1: make_str_node (node.c:406)
==724723==    by 0x4077055: install (symbol.c:399)
==724723==    by 0x400E414: init_args (main.c:764)
==724723==    by 0x400E414: main (main.c:470)
==724723== 
==724723== 88 bytes in 1 blocks are still reachable in loss record 146 of 203
==724723==    at 0x497D858: malloc (vg_replace_malloc.c:447)
==724723==    by 0x4068FEB: emalloc_real (awk.h:2156)
==724723==    by 0x4068FEB: r_getblock (node.c:1164)
==724723==    by 0x4077133: make_symbol (symbol.c:376)
==724723==    by 0x4077133: install (symbol.c:417)
==724723==    by 0x400E414: init_args (main.c:764)
==724723==    by 0x400E414: main (main.c:470)
==724723== 
==724723== 88 bytes in 1 blocks are still reachable in loss record 147 of 203
==724723==    at 0x497D858: malloc (vg_replace_malloc.c:447)
==724723==    by 0x4068FEB: emalloc_real (awk.h:2156)
==724723==    by 0x4068FEB: r_getblock (node.c:1164)
==724723==    by 0x40693C1: make_str_node (node.c:406)
==724723==    by 0x400E43D: init_args (main.c:766)
==724723==    by 0x400E43D: main (main.c:470)
==724723== 
==724723== 88 bytes in 1 blocks are still reachable in loss record 148 of 203
==724723==    at 0x497D858: malloc (vg_replace_malloc.c:447)
==724723==    by 0x4068FEB: emalloc_real (awk.h:2156)
==724723==    by 0x4068FEB: r_getblock (node.c:1164)
==724723==    by 0x40348D2: make_node (cint_array.c:731)
==724723==    by 0x40348D2: cint_lookup (cint_array.c:256)
==724723==    by 0x40662E6: assoc_set (awk.h:2220)
==724723==    by 0x400E453: init_args (main.c:768)
==724723==    by 0x400E453: main (main.c:470)
==724723== 
==724723== 88 bytes in 1 blocks are still reachable in loss record 149 of 203
==724723==    at 0x497D858: malloc (vg_replace_malloc.c:447)
==724723==    by 0x4068FEB: emalloc_real (awk.h:2156)
==724723==    by 0x4068FEB: r_getblock (node.c:1164)
==724723==    by 0x40344E7: make_node (cint_array.c:731)
==724723==    by 0x40344E7: tree_lookup (cint_array.c:796)
==724723==    by 0x40662E6: assoc_set (awk.h:2220)
==724723==    by 0x400E453: init_args (main.c:768)
==724723==    by 0x400E453: main (main.c:470)
==724723== 
==724723== 88 bytes in 1 blocks are still reachable in loss record 150 of 203
==724723==    at 0x497D858: malloc (vg_replace_malloc.c:447)
==724723==    by 0x4068FEB: emalloc_real (awk.h:2156)
==724723==    by 0x4068FEB: r_getblock (node.c:1164)
==724723==    by 0x40693C1: make_str_node (node.c:406)
==724723==    by 0x4077055: install (symbol.c:399)
==724723==    by 0x400EA90: init_args (main.c:791)
==724723==    by 0x400EA90: main (main.c:470)
==724723== 
==724723== 88 bytes in 1 blocks are still reachable in loss record 151 of 203
==724723==    at 0x497D858: malloc (vg_replace_malloc.c:447)
==724723==    by 0x4068FEB: emalloc_real (awk.h:2156)
==724723==    by 0x4068FEB: r_getblock (node.c:1164)
==724723==    by 0x4077133: make_symbol (symbol.c:376)
==724723==    by 0x4077133: install (symbol.c:417)
==724723==    by 0x400EA90: init_args (main.c:791)
==724723==    by 0x400EA90: main (main.c:470)
==724723== 
==724723== 88 bytes in 1 blocks are still reachable in loss record 152 of 203
==724723==    at 0x497D858: malloc (vg_replace_malloc.c:447)
==724723==    by 0x4068FEB: emalloc_real (awk.h:2156)
==724723==    by 0x4068FEB: r_getblock (node.c:1164)
==724723==    by 0x4069930: make_number_node (awk.h:2206)
==724723==    by 0x4069930: r_make_number (node.c:369)
==724723==    by 0x400EAA8: init_args (main.c:792)
==724723==    by 0x400EAA8: main (main.c:470)
==724723== 
==724723== 88 bytes in 1 blocks are still reachable in loss record 153 of 203
==724723==    at 0x497D858: malloc (vg_replace_malloc.c:447)
==724723==    by 0x4068FEB: emalloc_real (awk.h:2156)
==724723==    by 0x4068FEB: r_getblock (node.c:1164)
==724723==    by 0x40693C1: make_str_node (node.c:406)
==724723==    by 0x4077FD7: load_symbols (symbol.c:663)
==724723==    by 0x400ED85: main (main.c:499)
==724723== 
==724723== 88 bytes in 1 blocks are still reachable in loss record 154 of 203
==724723==    at 0x497D858: malloc (vg_replace_malloc.c:447)
==724723==    by 0x4068FEB: emalloc_real (awk.h:2156)
==724723==    by 0x4068FEB: r_getblock (node.c:1164)
==724723==    by 0x4077FF4: load_symbols (symbol.c:666)
==724723==    by 0x400ED85: main (main.c:499)
==724723== 
==724723== 88 bytes in 1 blocks are still reachable in loss record 155 of 203
==724723==    at 0x497D858: malloc (vg_replace_malloc.c:447)
==724723==    by 0x4068FEB: emalloc_real (awk.h:2156)
==724723==    by 0x4068FEB: r_getblock (node.c:1164)
==724723==    by 0x40693C1: make_str_node (node.c:406)
==724723==    by 0x40780DA: load_symbols (symbol.c:679)
==724723==    by 0x400ED85: main (main.c:499)
==724723== 
==724723== 88 bytes in 1 blocks are still reachable in loss record 156 of 203
==724723==    at 0x497D858: malloc (vg_replace_malloc.c:447)
==724723==    by 0x4068FEB: emalloc_real (awk.h:2156)
==724723==    by 0x4068FEB: r_getblock (node.c:1164)
==724723==    by 0x40693C1: make_str_node (node.c:406)
==724723==    by 0x40780F2: load_symbols (symbol.c:680)
==724723==    by 0x400ED85: main (main.c:499)
==724723== 
==724723== 88 bytes in 1 blocks are still reachable in loss record 157 of 203
==724723==    at 0x497D858: malloc (vg_replace_malloc.c:447)
==724723==    by 0x4068FEB: emalloc_real (awk.h:2156)
==724723==    by 0x4068FEB: r_getblock (node.c:1164)
==724723==    by 0x40693C1: make_str_node (node.c:406)
==724723==    by 0x407810A: load_symbols (symbol.c:681)
==724723==    by 0x400ED85: main (main.c:499)
==724723== 
==724723== 88 bytes in 1 blocks are still reachable in loss record 158 of 203
==724723==    at 0x497D858: malloc (vg_replace_malloc.c:447)
==724723==    by 0x4068FEB: emalloc_real (awk.h:2156)
==724723==    by 0x4068FEB: r_getblock (node.c:1164)
==724723==    by 0x40693C1: make_str_node (node.c:406)
==724723==    by 0x4078122: load_symbols (symbol.c:682)
==724723==    by 0x400ED85: main (main.c:499)
==724723== 
==724723== 88 bytes in 1 blocks are still reachable in loss record 159 of 203
==724723==    at 0x497D858: malloc (vg_replace_malloc.c:447)
==724723==    by 0x4068FEB: emalloc_real (awk.h:2156)
==724723==    by 0x4068FEB: r_getblock (node.c:1164)
==724723==    by 0x40693C1: make_str_node (node.c:406)
==724723==    by 0x40604F8: get_a_record (io.c:4164)
==724723==    by 0x4064C06: do_getline_redir (io.c:2878)
==724723==    by 0x404FD86: r_interpret (interpret.h:1364)
==724723==    by 0x400EDDE: main (main.c:532)
==724723== 
==724723== 96 bytes in 2 blocks are still reachable in loss record 160 of 203
==724723==    at 0x497D858: malloc (vg_replace_malloc.c:447)
==724723==    by 0x4068FEB: emalloc_real (awk.h:2156)
==724723==    by 0x4068FEB: r_getblock (node.c:1164)
==724723==    by 0x40768D9: str_lookup (str_array.c:214)
==724723==    by 0x407708C: assoc_set (awk.h:2220)
==724723==    by 0x407708C: install (symbol.c:430)
==724723==    by 0x401CA63: yyparse (awkgram.y:2148)
==724723==    by 0x402073A: parse_program (awkgram.y:2797)
==724723==    by 0x400EAD8: main (main.c:483)
==724723== 
==724723== 104 bytes in 1 blocks are still reachable in loss record 161 of 203
==724723==    at 0x4984E43: calloc (vg_replace_malloc.c:1678)
==724723==    by 0x4075D54: ezalloc_real (awk.h:2174)
==724723==    by 0x4075D54: grow_table (str_array.c:682)
==724723==    by 0x407693C: str_lookup (str_array.c:150)
==724723==    by 0x407708C: assoc_set (awk.h:2220)
==724723==    by 0x407708C: install (symbol.c:430)
==724723==    by 0x4077369: install_symbol (symbol.c:173)
==724723==    by 0x4077369: init_the_tables (symbol.c:77)
==724723==    by 0x400D60A: main (main.c:287)
==724723== 
==724723== 104 bytes in 1 blocks are still reachable in loss record 162 of 203
==724723==    at 0x4984E43: calloc (vg_replace_malloc.c:1678)
==724723==    by 0x4075D54: ezalloc_real (awk.h:2174)
==724723==    by 0x4075D54: grow_table (str_array.c:682)
==724723==    by 0x407693C: str_lookup (str_array.c:150)
==724723==    by 0x407708C: assoc_set (awk.h:2220)
==724723==    by 0x407708C: install (symbol.c:430)
==724723==    by 0x400DA01: init_vars (main.c:865)
==724723==    by 0x400DA01: main (main.c:403)
==724723== 
==724723== 104 bytes in 1 blocks are still reachable in loss record 163 of 203
==724723==    at 0x4984E43: calloc (vg_replace_malloc.c:1678)
==724723==    by 0x4075D54: ezalloc_real (awk.h:2174)
==724723==    by 0x4075D54: grow_table (str_array.c:682)
==724723==    by 0x407693C: str_lookup (str_array.c:150)
==724723==    by 0x4054B9E: assoc_set (awk.h:2220)
==724723==    by 0x4054B9E: update_PROCINFO_str.part.0 (field.c:1662)
==724723==    by 0x400E71D: load_procinfo (main.c:1021)
==724723==    by 0x400E71D: init_vars (main.c:878)
==724723==    by 0x400E71D: main (main.c:403)
==724723== 
==724723== 104 bytes in 1 blocks are still reachable in loss record 164 of 203
==724723==    at 0x4984E43: calloc (vg_replace_malloc.c:1678)
==724723==    by 0x4075D54: ezalloc_real (awk.h:2174)
==724723==    by 0x4075D54: grow_table (str_array.c:682)
==724723==    by 0x407693C: str_lookup (str_array.c:150)
==724723==    by 0x400E127: assoc_set (awk.h:2220)
==724723==    by 0x400E127: load_environ (main.c:949)
==724723==    by 0x400E127: init_vars (main.c:879)
==724723==    by 0x400E127: main (main.c:403)
==724723== 
==724723== 104 bytes in 1 blocks are still reachable in loss record 165 of 203
==724723==    at 0x4984E43: calloc (vg_replace_malloc.c:1678)
==724723==    by 0x4075D54: ezalloc_real (awk.h:2174)
==724723==    by 0x4075D54: grow_table (str_array.c:682)
==724723==    by 0x407693C: str_lookup (str_array.c:150)
==724723==    by 0x407708C: assoc_set (awk.h:2220)
==724723==    by 0x407708C: install (symbol.c:430)
==724723==    by 0x401982E: install_builtins (awkgram.y:6601)
==724723==    by 0x400ED71: main (main.c:491)
==724723== 
==724723== 104 bytes in 1 blocks are still reachable in loss record 166 of 203
==724723==    at 0x4984E43: calloc (vg_replace_malloc.c:1678)
==724723==    by 0x4075D54: ezalloc_real (awk.h:2174)
==724723==    by 0x4075D54: grow_table (str_array.c:682)
==724723==    by 0x407693C: str_lookup (str_array.c:150)
==724723==    by 0x40782E9: load_symbols (symbol.c:701)
==724723==    by 0x400ED85: main (main.c:499)
==724723== 
==724723== 151 bytes in 24 blocks are still reachable in loss record 167 of 203
==724723==    at 0x497D858: malloc (vg_replace_malloc.c:447)
==724723==    by 0x4066564: emalloc_real (awk.h:2156)
==724723==    by 0x4066564: estrdup (main.c:1451)
==724723==    by 0x400D9F0: init_vars (main.c:865)
==724723==    by 0x400D9F0: main (main.c:403)
==724723== 
==724723== 151 bytes in 24 blocks are still reachable in loss record 168 of 203
==724723==    at 0x497D858: malloc (vg_replace_malloc.c:447)
==724723==    by 0x4069457: emalloc_real (awk.h:2156)
==724723==    by 0x4069457: make_str_node (node.c:422)
==724723==    by 0x4077055: install (symbol.c:399)
==724723==    by 0x400DA01: init_vars (main.c:865)
==724723==    by 0x400DA01: main (main.c:403)
==724723== 
==724723== 176 bytes in 2 blocks are still reachable in loss record 169 of 203
==724723==    at 0x497D858: malloc (vg_replace_malloc.c:447)
==724723==    by 0x4068FEB: emalloc_real (awk.h:2156)
==724723==    by 0x4068FEB: r_getblock (node.c:1164)
==724723==    by 0x40693C1: make_str_node (node.c:406)
==724723==    by 0x4077055: install (symbol.c:399)
==724723==    by 0x401CA63: yyparse (awkgram.y:2148)
==724723==    by 0x402073A: parse_program (awkgram.y:2797)
==724723==    by 0x400EAD8: main (main.c:483)
==724723== 
==724723== 176 bytes in 2 blocks are still reachable in loss record 170 of 203
==724723==    at 0x497D858: malloc (vg_replace_malloc.c:447)
==724723==    by 0x4068FEB: emalloc_real (awk.h:2156)
==724723==    by 0x4068FEB: r_getblock (node.c:1164)
==724723==    by 0x4077133: make_symbol (symbol.c:376)
==724723==    by 0x4077133: install (symbol.c:417)
==724723==    by 0x401CA63: yyparse (awkgram.y:2148)
==724723==    by 0x402073A: parse_program (awkgram.y:2797)
==724723==    by 0x400EAD8: main (main.c:483)
==724723== 
==724723== 176 bytes in 2 blocks are still reachable in loss record 171 of 203
==724723==    at 0x497D858: malloc (vg_replace_malloc.c:447)
==724723==    by 0x4068FEB: emalloc_real (awk.h:2156)
==724723==    by 0x4068FEB: r_getblock (node.c:1164)
==724723==    by 0x40693C1: make_str_node (node.c:406)
==724723==    by 0x401B194: yylex (awkgram.y:4074)
==724723==    by 0x401C83C: yyparse (awkgram.c:1879)
==724723==    by 0x402073A: parse_program (awkgram.y:2797)
==724723==    by 0x400EAD8: main (main.c:483)
==724723== 
==724723== 176 bytes in 2 blocks are still reachable in loss record 172 of 203
==724723==    at 0x497D858: malloc (vg_replace_malloc.c:447)
==724723==    by 0x4068FEB: emalloc_real (awk.h:2156)
==724723==    by 0x4068FEB: r_getblock (node.c:1164)
==724723==    by 0x40693C1: make_str_node (node.c:406)
==724723==    by 0x4064C68: do_getline_redir (io.c:2905)
==724723==    by 0x404FD86: r_interpret (interpret.h:1364)
==724723==    by 0x400EDDE: main (main.c:532)
==724723== 
==724723== 197 bytes in 23 blocks are still reachable in loss record 173 of 203
==724723==    at 0x497D858: malloc (vg_replace_malloc.c:447)
==724723==    by 0x4069457: emalloc_real (awk.h:2156)
==724723==    by 0x4069457: make_str_node (node.c:422)
==724723==    by 0x400E0F5: load_environ (main.c:946)
==724723==    by 0x400E0F5: init_vars (main.c:879)
==724723==    by 0x400E0F5: main (main.c:403)
==724723== 
==724723== 256 bytes in 1 blocks are still reachable in loss record 174 of 203
==724723==    at 0x4984E43: calloc (vg_replace_malloc.c:1678)
==724723==    by 0x4034892: ezalloc_real (awk.h:2174)
==724723==    by 0x4034892: cint_lookup (cint_array.c:249)
==724723==    by 0x400E9D6: assoc_set (awk.h:2220)
==724723==    by 0x400E9D6: load_procinfo_argv (main.c:992)
==724723==    by 0x400E9D6: load_procinfo (main.c:1093)
==724723==    by 0x400E9D6: init_vars (main.c:878)
==724723==    by 0x400E9D6: main (main.c:403)
==724723== 
==724723== 256 bytes in 1 blocks are still reachable in loss record 175 of 203
==724723==    at 0x4984E43: calloc (vg_replace_malloc.c:1678)
==724723==    by 0x4034297: ezalloc_real (awk.h:2174)
==724723==    by 0x4034297: tree_lookup (cint_array.c:773)
==724723==    by 0x400E9D6: assoc_set (awk.h:2220)
==724723==    by 0x400E9D6: load_procinfo_argv (main.c:992)
==724723==    by 0x400E9D6: load_procinfo (main.c:1093)
==724723==    by 0x400E9D6: init_vars (main.c:878)
==724723==    by 0x400E9D6: main (main.c:403)
==724723== 
==724723== 256 bytes in 1 blocks are still reachable in loss record 176 of 203
==724723==    at 0x4984E43: calloc (vg_replace_malloc.c:1678)
==724723==    by 0x40344C0: ezalloc_real (awk.h:2174)
==724723==    by 0x40344C0: leaf_lookup (cint_array.c:1064)
==724723==    by 0x40344C0: tree_lookup (cint_array.c:797)
==724723==    by 0x400E9D6: assoc_set (awk.h:2220)
==724723==    by 0x400E9D6: load_procinfo_argv (main.c:992)
==724723==    by 0x400E9D6: load_procinfo (main.c:1093)
==724723==    by 0x400E9D6: init_vars (main.c:878)
==724723==    by 0x400E9D6: main (main.c:403)
==724723== 
==724723== 256 bytes in 1 blocks are still reachable in loss record 177 of 203
==724723==    at 0x4984E43: calloc (vg_replace_malloc.c:1678)
==724723==    by 0x4034892: ezalloc_real (awk.h:2174)
==724723==    by 0x4034892: cint_lookup (cint_array.c:249)
==724723==    by 0x40662E6: assoc_set (awk.h:2220)
==724723==    by 0x400E453: init_args (main.c:768)
==724723==    by 0x400E453: main (main.c:470)
==724723== 
==724723== 256 bytes in 1 blocks are still reachable in loss record 178 of 203
==724723==    at 0x4984E43: calloc (vg_replace_malloc.c:1678)
==724723==    by 0x4034297: ezalloc_real (awk.h:2174)
==724723==    by 0x4034297: tree_lookup (cint_array.c:773)
==724723==    by 0x40662E6: assoc_set (awk.h:2220)
==724723==    by 0x400E453: init_args (main.c:768)
==724723==    by 0x400E453: main (main.c:470)
==724723== 
==724723== 256 bytes in 1 blocks are still reachable in loss record 179 of 203
==724723==    at 0x4984E43: calloc (vg_replace_malloc.c:1678)
==724723==    by 0x40344C0: ezalloc_real (awk.h:2174)
==724723==    by 0x40344C0: leaf_lookup (cint_array.c:1064)
==724723==    by 0x40344C0: tree_lookup (cint_array.c:797)
==724723==    by 0x40662E6: assoc_set (awk.h:2220)
==724723==    by 0x400E453: init_args (main.c:768)
==724723==    by 0x400E453: main (main.c:470)
==724723== 
==724723== 264 bytes in 3 blocks are still reachable in loss record 180 of 203
==724723==    at 0x497D858: malloc (vg_replace_malloc.c:447)
==724723==    by 0x4068FEB: emalloc_real (awk.h:2156)
==724723==    by 0x4068FEB: r_getblock (node.c:1164)
==724723==    by 0x40693C1: make_str_node (node.c:406)
==724723==    by 0x400E9C6: load_procinfo_argv (main.c:991)
==724723==    by 0x400E9C6: load_procinfo (main.c:1093)
==724723==    by 0x400E9C6: init_vars (main.c:878)
==724723==    by 0x400E9C6: main (main.c:403)
==724723== 
==724723== 264 bytes in 3 blocks are still reachable in loss record 181 of 203
==724723==    at 0x497D858: malloc (vg_replace_malloc.c:447)
==724723==    by 0x4068FEB: emalloc_real (awk.h:2156)
==724723==    by 0x4068FEB: r_getblock (node.c:1164)
==724723==    by 0x4069930: make_number_node (awk.h:2206)
==724723==    by 0x4069930: r_make_number (node.c:369)
==724723==    by 0x401A26C: yylex (awkgram.y:4256)
==724723==    by 0x401C83C: yyparse (awkgram.c:1879)
==724723==    by 0x402073A: parse_program (awkgram.y:2797)
==724723==    by 0x400EAD8: main (main.c:483)
==724723== 
==724723== 278 bytes in 42 blocks are still reachable in loss record 182 of 203
==724723==    at 0x497D858: malloc (vg_replace_malloc.c:447)
==724723==    by 0x4069457: emalloc_real (awk.h:2156)
==724723==    by 0x4069457: make_str_node (node.c:422)
==724723==    by 0x4077055: install (symbol.c:399)
==724723==    by 0x401982E: install_builtins (awkgram.y:6601)
==724723==    by 0x400ED71: main (main.c:491)
==724723== 
==724723== 296 bytes in 1 blocks are still reachable in loss record 183 of 203
==724723==    at 0x4984E43: calloc (vg_replace_malloc.c:1678)
==724723==    by 0x4014A06: ezalloc_real (awk.h:2174)
==724723==    by 0x4014A06: do_add_srcfile (awkgram.y:2833)
==724723==    by 0x4018A70: add_srcfile (awkgram.y:2916)
==724723==    by 0x400D7E5: parse_args (main.c:1585)
==724723==    by 0x400D7E5: main (main.c:294)
==724723== 
==724723== 477 bytes in 74 blocks are still reachable in loss record 184 of 203
==724723==    at 0x497D858: malloc (vg_replace_malloc.c:447)
==724723==    by 0x4069457: emalloc_real (awk.h:2156)
==724723==    by 0x4069457: make_str_node (node.c:422)
==724723==    by 0x4078494: load_symbols (symbol.c:700)
==724723==    by 0x400ED85: main (main.c:499)
==724723== 
==724723== 552 bytes in 1 blocks are still reachable in loss record 185 of 203
==724723==    at 0x4984E43: calloc (vg_replace_malloc.c:1678)
==724723==    by 0x4078976: ezalloc_real (awk.h:2174)
==724723==    by 0x4078976: new_context (symbol.c:870)
==724723==    by 0x400D61D: main (main.c:292)
==724723== 
==724723== 805 bytes in 23 blocks are still reachable in loss record 186 of 203
==724723==    at 0x497D858: malloc (vg_replace_malloc.c:447)
==724723==    by 0x4069457: emalloc_real (awk.h:2156)
==724723==    by 0x4069457: make_str_node (node.c:422)
==724723==    by 0x400E10D: load_environ (main.c:947)
==724723==    by 0x400E10D: init_vars (main.c:879)
==724723==    by 0x400E10D: main (main.c:403)
==724723== 
==724723== 880 bytes in 10 blocks are still reachable in loss record 187 of 203
==724723==    at 0x497D858: malloc (vg_replace_malloc.c:447)
==724723==    by 0x4068FEB: emalloc_real (awk.h:2156)
==724723==    by 0x4068FEB: r_getblock (node.c:1164)
==724723==    by 0x4069930: make_number_node (awk.h:2206)
==724723==    by 0x4069930: r_make_number (node.c:369)
==724723==    by 0x400DA23: init_vars (main.c:869)
==724723==    by 0x400DA23: main (main.c:403)
==724723== 
==724723== 1,104 bytes in 23 blocks are still reachable in loss record 188 of 203
==724723==    at 0x497D858: malloc (vg_replace_malloc.c:447)
==724723==    by 0x4068FEB: emalloc_real (awk.h:2156)
==724723==    by 0x4068FEB: r_getblock (node.c:1164)
==724723==    by 0x40768D9: str_lookup (str_array.c:214)
==724723==    by 0x400E127: assoc_set (awk.h:2220)
==724723==    by 0x400E127: load_environ (main.c:949)
==724723==    by 0x400E127: init_vars (main.c:879)
==724723==    by 0x400E127: main (main.c:403)
==724723== 
==724723== 1,144 bytes in 13 blocks are still reachable in loss record 189 of 203
==724723==    at 0x497D858: malloc (vg_replace_malloc.c:447)
==724723==    by 0x4068FEB: emalloc_real (awk.h:2156)
==724723==    by 0x4068FEB: r_getblock (node.c:1164)
==724723==    by 0x40693C1: make_str_node (node.c:406)
==724723==    by 0x400D984: init_vars (main.c:867)
==724723==    by 0x400D984: main (main.c:403)
==724723== 
==724723== 1,152 bytes in 24 blocks are still reachable in loss record 190 of 203
==724723==    at 0x497D858: malloc (vg_replace_malloc.c:447)
==724723==    by 0x4068FEB: emalloc_real (awk.h:2156)
==724723==    by 0x4068FEB: r_getblock (node.c:1164)
==724723==    by 0x40768D9: str_lookup (str_array.c:214)
==724723==    by 0x407708C: assoc_set (awk.h:2220)
==724723==    by 0x407708C: install (symbol.c:430)
==724723==    by 0x400DA01: init_vars (main.c:865)
==724723==    by 0x400DA01: main (main.c:403)
==724723== 
==724723== 2,016 bytes in 42 blocks are still reachable in loss record 191 of 203
==724723==    at 0x497D858: malloc (vg_replace_malloc.c:447)
==724723==    by 0x4068FEB: emalloc_real (awk.h:2156)
==724723==    by 0x4068FEB: r_getblock (node.c:1164)
==724723==    by 0x40768D9: str_lookup (str_array.c:214)
==724723==    by 0x407708C: assoc_set (awk.h:2220)
==724723==    by 0x407708C: install (symbol.c:430)
==724723==    by 0x401982E: install_builtins (awkgram.y:6601)
==724723==    by 0x400ED71: main (main.c:491)
==724723== 
==724723== 2,024 bytes in 23 blocks are still reachable in loss record 192 of 203
==724723==    at 0x497D858: malloc (vg_replace_malloc.c:447)
==724723==    by 0x4068FEB: emalloc_real (awk.h:2156)
==724723==    by 0x4068FEB: r_getblock (node.c:1164)
==724723==    by 0x40693C1: make_str_node (node.c:406)
==724723==    by 0x400E0F5: load_environ (main.c:946)
==724723==    by 0x400E0F5: init_vars (main.c:879)
==724723==    by 0x400E0F5: main (main.c:403)
==724723== 
==724723== 2,024 bytes in 23 blocks are still reachable in loss record 193 of 203
==724723==    at 0x497D858: malloc (vg_replace_malloc.c:447)
==724723==    by 0x4068FEB: emalloc_real (awk.h:2156)
==724723==    by 0x4068FEB: r_getblock (node.c:1164)
==724723==    by 0x40693C1: make_str_node (node.c:406)
==724723==    by 0x400E10D: load_environ (main.c:947)
==724723==    by 0x400E10D: init_vars (main.c:879)
==724723==    by 0x400E10D: main (main.c:403)
==724723== 
==724723== 2,048 bytes in 1 blocks are still reachable in loss record 194 of 203
==724723==    at 0x497D858: malloc (vg_replace_malloc.c:447)
==724723==    by 0x4048A59: emalloc_real (awk.h:2156)
==724723==    by 0x4048A59: init_interpret (eval.c:1897)
==724723==    by 0x400E3D5: main (main.c:468)
==724723== 
==724723== 2,112 bytes in 24 blocks are still reachable in loss record 195 of 203
==724723==    at 0x497D858: malloc (vg_replace_malloc.c:447)
==724723==    by 0x4068FEB: emalloc_real (awk.h:2156)
==724723==    by 0x4068FEB: r_getblock (node.c:1164)
==724723==    by 0x40693C1: make_str_node (node.c:406)
==724723==    by 0x4077055: install (symbol.c:399)
==724723==    by 0x400DA01: init_vars (main.c:865)
==724723==    by 0x400DA01: main (main.c:403)
==724723== 
==724723== 2,112 bytes in 24 blocks are still reachable in loss record 196 of 203
==724723==    at 0x497D858: malloc (vg_replace_malloc.c:447)
==724723==    by 0x4068FEB: emalloc_real (awk.h:2156)
==724723==    by 0x4068FEB: r_getblock (node.c:1164)
==724723==    by 0x4077133: make_symbol (symbol.c:376)
==724723==    by 0x4077133: install (symbol.c:417)
==724723==    by 0x400DA01: init_vars (main.c:865)
==724723==    by 0x400DA01: main (main.c:403)
==724723== 
==724723== 3,552 bytes in 74 blocks are still reachable in loss record 197 of 203
==724723==    at 0x497D858: malloc (vg_replace_malloc.c:447)
==724723==    by 0x4068FEB: emalloc_real (awk.h:2156)
==724723==    by 0x4068FEB: r_getblock (node.c:1164)
==724723==    by 0x40768D9: str_lookup (str_array.c:214)
==724723==    by 0x40782E9: load_symbols (symbol.c:701)
==724723==    by 0x400ED85: main (main.c:499)
==724723== 
==724723== 3,696 bytes in 42 blocks are still reachable in loss record 198 of 203
==724723==    at 0x497D858: malloc (vg_replace_malloc.c:447)
==724723==    by 0x4068FEB: emalloc_real (awk.h:2156)
==724723==    by 0x4068FEB: r_getblock (node.c:1164)
==724723==    by 0x40693C1: make_str_node (node.c:406)
==724723==    by 0x4077055: install (symbol.c:399)
==724723==    by 0x401982E: install_builtins (awkgram.y:6601)
==724723==    by 0x400ED71: main (main.c:491)
==724723== 
==724723== 3,696 bytes in 42 blocks are still reachable in loss record 199 of 203
==724723==    at 0x497D858: malloc (vg_replace_malloc.c:447)
==724723==    by 0x4068FEB: emalloc_real (awk.h:2156)
==724723==    by 0x4068FEB: r_getblock (node.c:1164)
==724723==    by 0x407721E: make_symbol (symbol.c:376)
==724723==    by 0x407721E: install (symbol.c:417)
==724723==    by 0x401982E: install_builtins (awkgram.y:6601)
==724723==    by 0x400ED71: main (main.c:491)
==724723== 
==724723== 5,048 bytes in 1 blocks are still reachable in loss record 200 of 203
==724723==    at 0x497D858: malloc (vg_replace_malloc.c:447)
==724723==    by 0x4078891: emalloc_real (awk.h:2156)
==724723==    by 0x4078891: bcalloc (symbol.c:849)
==724723==    by 0x402065C: parse_program (awkgram.y:2770)
==724723==    by 0x400EAD8: main (main.c:483)
==724723== 
==724723== 5,048 bytes in 1 blocks are still reachable in loss record 201 of 203
==724723==    at 0x497D858: malloc (vg_replace_malloc.c:447)
==724723==    by 0x4078891: emalloc_real (awk.h:2156)
==724723==    by 0x4078891: bcalloc (symbol.c:849)
==724723==    by 0x4020B58: parse_program (awkgram.y:2778)
==724723==    by 0x400EAD8: main (main.c:483)
==724723== 
==724723== 5,048 bytes in 1 blocks are still reachable in loss record 202 of 203
==724723==    at 0x497D858: malloc (vg_replace_malloc.c:447)
==724723==    by 0x4078891: emalloc_real (awk.h:2156)
==724723==    by 0x4078891: bcalloc (symbol.c:849)
==724723==    by 0x401C2EA: yylex (awkgram.y:4447)
==724723==    by 0x401C83C: yyparse (awkgram.c:1879)
==724723==    by 0x402073A: parse_program (awkgram.y:2797)
==724723==    by 0x400EAD8: main (main.c:483)
==724723== 
==724723== 6,512 bytes in 74 blocks are still reachable in loss record 203 of 203
==724723==    at 0x497D858: malloc (vg_replace_malloc.c:447)
==724723==    by 0x4068FEB: emalloc_real (awk.h:2156)
==724723==    by 0x4068FEB: r_getblock (node.c:1164)
==724723==    by 0x40693C1: make_str_node (node.c:406)
==724723==    by 0x4078494: load_symbols (symbol.c:700)
==724723==    by 0x400ED85: main (main.c:499)
==724723== 
==724723== LEAK SUMMARY:
==724723==    definitely lost: 0 bytes in 0 blocks
==724723==    indirectly lost: 0 bytes in 0 blocks
==724723==      possibly lost: 0 bytes in 0 blocks
==724723==    still reachable: 63,237 bytes in 861 blocks
==724723==         suppressed: 0 bytes in 0 blocks
==724723== 
==724723== For lists of detected and suppressed errors, rerun with: -s
==724723== ERROR SUMMARY: 0 errors from 0 contexts (suppressed: 0 from 0)
