==700535== Memcheck, a memory error detector
==700535== Copyright (C) 2002-2024, and GNU GPL'd, by Julian Seward et al.
==700535== Using Valgrind-3.26.0 and LibVEX; rerun with -h for copyright info
==700535== Command: tar --version
==700535== Parent PID: 700440
==700535== 
==700535== 
==700535== FILE DESCRIPTORS: 4 open (4 inherited) at exit.
==700535== 
==700535== HEAP SUMMARY:
==700535==     in use at exit: 7,767 bytes in 3 blocks
==700535==   total heap usage: 15 allocs, 12 frees, 12,021 bytes allocated
==700535== 
==700535== 16 bytes in 1 blocks are still reachable in loss record 1 of 3
==700535==    at 0x48C4E43: calloc (vg_replace_malloc.c:1678)
==700535==    by 0x40516F1: xcalloc (xmalloc.c:298)
==700535==    by 0x40516F1: xzalloc (xmalloc.c:283)
==700535==    by 0x400BEF9: decode_options (tar.c:2297)
==700535==    by 0x400BEF9: main (tar.c:2792)
==700535== 
==700535== 80 bytes in 1 blocks are still reachable in loss record 2 of 3
==700535==    at 0x48BD858: malloc (vg_replace_malloc.c:447)
==700535==    by 0x40512CC: xmalloc (xmalloc.c:45)
==700535==    by 0x400BE43: main (tar.c:2781)
==700535== 
==700535== 7,671 bytes in 1 blocks are still reachable in loss record 3 of 3
==700535==    at 0x48BD858: malloc (vg_replace_malloc.c:447)
==700535==    by 0x4041854: parser_init (argp-parse.c:495)
==700535==    by 0x4041854: argp_parse (argp-parse.c:921)
==700535==    by 0x400C045: decode_options (tar.c:2380)
==700535==    by 0x400C045: main (tar.c:2792)
==700535== 
==700535== LEAK SUMMARY:
==700535==    definitely lost: 0 bytes in 0 blocks
==700535==    indirectly lost: 0 bytes in 0 blocks
==700535==      possibly lost: 0 bytes in 0 blocks
==700535==    still reachable: 7,767 bytes in 3 blocks
==700535==         suppressed: 0 bytes in 0 blocks
==700535== 
==700535== For lists of detected and suppressed errors, rerun with: -s
==700535== ERROR SUMMARY: 0 errors from 0 contexts (suppressed: 0 from 0)
