==617942== Memcheck, a memory error detector
==617942== Copyright (C) 2002-2024, and GNU GPL'd, by Julian Seward et al.
==617942== Using Valgrind-3.26.0 and LibVEX; rerun with -h for copyright info
==617942== Command: tar xfV archive la?el
==617942== Parent PID: 617849
==617942== 
==617942== 
==617942== FILE DESCRIPTORS: 1 open (1 inherited) at exit.
==617942== 
==617942== HEAP SUMMARY:
==617942==     in use at exit: 204 bytes in 4 blocks
==617942==   total heap usage: 27 allocs, 23 frees, 31,205 bytes allocated
==617942== 
==617942== 6 bytes in 1 blocks are still reachable in loss record 1 of 4
==617942==    at 0x586E858: malloc (vg_replace_malloc.c:447)
==617942==    by 0x469E0DC: rboxc_tar_xmalloc (in /root/rboxc/target/screen-owned-candidate/release/rboxc)
==617942==    by 0x466FFC0: rboxc_tar_assign_string_n (in /root/rboxc/target/screen-owned-candidate/release/rboxc)
==617942==    by 0x465D7E3: match_volume_label (in /root/rboxc/target/screen-owned-candidate/release/rboxc)
==617942==    by 0x465D9AE: rboxc_tar_open_archive (in /root/rboxc/target/screen-owned-candidate/release/rboxc)
==617942==    by 0x466EE7F: rboxc_tar_read_and (in /root/rboxc/target/screen-owned-candidate/release/rboxc)
==617942==    by 0x4478C40: single_binary_main_tar (in /root/rboxc/target/screen-owned-candidate/release/rboxc)
==617942==    by 0x5A18600: (below main) (libc_start_call_main.h:59)
==617942== 
==617942== 16 bytes in 1 blocks are still reachable in loss record 2 of 4
==617942==    at 0x5875E43: calloc (vg_replace_malloc.c:1678)
==617942==    by 0x469E501: rboxc_tar_xzalloc (in /root/rboxc/target/screen-owned-candidate/release/rboxc)
==617942==    by 0x4477AF5: single_binary_main_tar (in /root/rboxc/target/screen-owned-candidate/release/rboxc)
==617942==    by 0x5A18600: (below main) (libc_start_call_main.h:59)
==617942== 
==617942== 80 bytes in 1 blocks are still reachable in loss record 3 of 4
==617942==    at 0x586E858: malloc (vg_replace_malloc.c:447)
==617942==    by 0x469E0DC: rboxc_tar_xmalloc (in /root/rboxc/target/screen-owned-candidate/release/rboxc)
==617942==    by 0x4477A00: single_binary_main_tar (in /root/rboxc/target/screen-owned-candidate/release/rboxc)
==617942==    by 0x5A18600: (below main) (libc_start_call_main.h:59)
==617942== 
==617942== 102 bytes in 1 blocks are still reachable in loss record 4 of 4
==617942==    at 0x586E858: malloc (vg_replace_malloc.c:447)
==617942==    by 0x469E0DC: rboxc_tar_xmalloc (in /root/rboxc/target/screen-owned-candidate/release/rboxc)
==617942==    by 0x46734A1: rboxc_tar_name_init (in /root/rboxc/target/screen-owned-candidate/release/rboxc)
==617942==    by 0x4478A7A: single_binary_main_tar (in /root/rboxc/target/screen-owned-candidate/release/rboxc)
==617942==    by 0x5A18600: (below main) (libc_start_call_main.h:59)
==617942== 
==617942== LEAK SUMMARY:
==617942==    definitely lost: 0 bytes in 0 blocks
==617942==    indirectly lost: 0 bytes in 0 blocks
==617942==      possibly lost: 0 bytes in 0 blocks
==617942==    still reachable: 204 bytes in 4 blocks
==617942==         suppressed: 0 bytes in 0 blocks
==617942== 
==617942== For lists of detected and suppressed errors, rerun with: -s
==617942== ERROR SUMMARY: 0 errors from 0 contexts (suppressed: 0 from 0)
