==617958== Memcheck, a memory error detector
==617958== Copyright (C) 2002-2024, and GNU GPL'd, by Julian Seward et al.
==617958== Using Valgrind-3.26.0 and LibVEX; rerun with -h for copyright info
==617958== Command: tar xfV archive lab
==617958== Parent PID: 617849
==617958== 
==617958== 
==617958== FILE DESCRIPTORS: 3 open (3 inherited) at exit.
==617958== 
==617958== HEAP SUMMARY:
==617958==     in use at exit: 14,674 bytes in 7 blocks
==617958==   total heap usage: 42 allocs, 35 frees, 31,494 bytes allocated
==617958== 
==617958== 6 bytes in 1 blocks are still reachable in loss record 1 of 7
==617958==    at 0x586E858: malloc (vg_replace_malloc.c:447)
==617958==    by 0x469E0DC: rboxc_tar_xmalloc (in /root/rboxc/target/screen-owned-candidate/release/rboxc)
==617958==    by 0x466FFC0: rboxc_tar_assign_string_n (in /root/rboxc/target/screen-owned-candidate/release/rboxc)
==617958==    by 0x465D7E3: match_volume_label (in /root/rboxc/target/screen-owned-candidate/release/rboxc)
==617958==    by 0x465D9AE: rboxc_tar_open_archive (in /root/rboxc/target/screen-owned-candidate/release/rboxc)
==617958==    by 0x466EE7F: rboxc_tar_read_and (in /root/rboxc/target/screen-owned-candidate/release/rboxc)
==617958==    by 0x4478C40: single_binary_main_tar (in /root/rboxc/target/screen-owned-candidate/release/rboxc)
==617958==    by 0x5A18600: (below main) (libc_start_call_main.h:59)
==617958== 
==617958== 6 bytes in 1 blocks are still reachable in loss record 2 of 7
==617958==    at 0x586E858: malloc (vg_replace_malloc.c:447)
==617958==    by 0x469E11C: rboxc_tar_xcharalloc (in /root/rboxc/target/screen-owned-candidate/release/rboxc)
==617958==    by 0x469B1B8: quotearg_n_options (in /root/rboxc/target/screen-owned-candidate/release/rboxc)
==617958==    by 0x465D67B: match_volume_label (in /root/rboxc/target/screen-owned-candidate/release/rboxc)
==617958==    by 0x465D9AE: rboxc_tar_open_archive (in /root/rboxc/target/screen-owned-candidate/release/rboxc)
==617958==    by 0x466EE7F: rboxc_tar_read_and (in /root/rboxc/target/screen-owned-candidate/release/rboxc)
==617958==    by 0x4478C40: single_binary_main_tar (in /root/rboxc/target/screen-owned-candidate/release/rboxc)
==617958==    by 0x5A18600: (below main) (libc_start_call_main.h:59)
==617958== 
==617958== 16 bytes in 1 blocks are still reachable in loss record 3 of 7
==617958==    at 0x5875E43: calloc (vg_replace_malloc.c:1678)
==617958==    by 0x469E501: rboxc_tar_xzalloc (in /root/rboxc/target/screen-owned-candidate/release/rboxc)
==617958==    by 0x4477AF5: single_binary_main_tar (in /root/rboxc/target/screen-owned-candidate/release/rboxc)
==617958==    by 0x5A18600: (below main) (libc_start_call_main.h:59)
==617958== 
==617958== 80 bytes in 1 blocks are still reachable in loss record 4 of 7
==617958==    at 0x586E858: malloc (vg_replace_malloc.c:447)
==617958==    by 0x469E0DC: rboxc_tar_xmalloc (in /root/rboxc/target/screen-owned-candidate/release/rboxc)
==617958==    by 0x4477A00: single_binary_main_tar (in /root/rboxc/target/screen-owned-candidate/release/rboxc)
==617958==    by 0x5A18600: (below main) (libc_start_call_main.h:59)
==617958== 
==617958== 102 bytes in 1 blocks are still reachable in loss record 5 of 7
==617958==    at 0x586E858: malloc (vg_replace_malloc.c:447)
==617958==    by 0x469E0DC: rboxc_tar_xmalloc (in /root/rboxc/target/screen-owned-candidate/release/rboxc)
==617958==    by 0x46734A1: rboxc_tar_name_init (in /root/rboxc/target/screen-owned-candidate/release/rboxc)
==617958==    by 0x4478A7A: single_binary_main_tar (in /root/rboxc/target/screen-owned-candidate/release/rboxc)
==617958==    by 0x5A18600: (below main) (libc_start_call_main.h:59)
==617958== 
==617958== 128 bytes in 1 blocks are still reachable in loss record 6 of 7
==617958==    at 0x587607F: realloc (vg_replace_malloc.c:1804)
==617958==    by 0x469E480: rboxc_tar_xpalloc (in /root/rboxc/target/screen-owned-candidate/release/rboxc)
==617958==    by 0x469B236: quotearg_n_options (in /root/rboxc/target/screen-owned-candidate/release/rboxc)
==617958==    by 0x465D67B: match_volume_label (in /root/rboxc/target/screen-owned-candidate/release/rboxc)
==617958==    by 0x465D9AE: rboxc_tar_open_archive (in /root/rboxc/target/screen-owned-candidate/release/rboxc)
==617958==    by 0x466EE7F: rboxc_tar_read_and (in /root/rboxc/target/screen-owned-candidate/release/rboxc)
==617958==    by 0x4478C40: single_binary_main_tar (in /root/rboxc/target/screen-owned-candidate/release/rboxc)
==617958==    by 0x5A18600: (below main) (libc_start_call_main.h:59)
==617958== 
==617958== 14,336 bytes in 1 blocks are still reachable in loss record 7 of 7
==617958==    at 0x586E858: malloc (vg_replace_malloc.c:447)
==617958==    by 0x469E0DC: rboxc_tar_xmalloc (in /root/rboxc/target/screen-owned-candidate/release/rboxc)
==617958==    by 0x4671752: rboxc_tar_page_aligned_alloc (in /root/rboxc/target/screen-owned-candidate/release/rboxc)
==617958==    by 0x465A203: init_buffer (in /root/rboxc/target/screen-owned-candidate/release/rboxc)
==617958==    by 0x465D8FF: rboxc_tar_open_archive (in /root/rboxc/target/screen-owned-candidate/release/rboxc)
==617958==    by 0x466EE7F: rboxc_tar_read_and (in /root/rboxc/target/screen-owned-candidate/release/rboxc)
==617958==    by 0x4478C40: single_binary_main_tar (in /root/rboxc/target/screen-owned-candidate/release/rboxc)
==617958==    by 0x5A18600: (below main) (libc_start_call_main.h:59)
==617958== 
==617958== LEAK SUMMARY:
==617958==    definitely lost: 0 bytes in 0 blocks
==617958==    indirectly lost: 0 bytes in 0 blocks
==617958==      possibly lost: 0 bytes in 0 blocks
==617958==    still reachable: 14,674 bytes in 7 blocks
==617958==         suppressed: 0 bytes in 0 blocks
==617958== 
==617958== For lists of detected and suppressed errors, rerun with: -s
==617958== ERROR SUMMARY: 0 errors from 0 contexts (suppressed: 0 from 0)
