==595455== Memcheck, a memory error detector
==595455== Copyright (C) 2002-2024, and GNU GPL'd, by Julian Seward et al.
==595455== Using Valgrind-3.26.0 and LibVEX; rerun with -h for copyright info
==595455== Command: tar -cvf foo.tar --incremental --remove-files -C /tmp/rboxc-tar-original-gca7hlwd/testsuite.dir/211/gnu/foo file -C ../bar file
==595455== Parent PID: 595440
==595455== 
==595455== 
==595455== FILE DESCRIPTORS: 3 open (1 inherited) at exit.
==595455== Open file descriptor 5: ../bar
==595455==    at 0x4A1AADA: openat (openat64.c:39)
==595455==    by 0x4027817: openat (fcntl2.h:175)
==595455==    by 0x4027817: chdir_do (misc.c:988)
==595455==    by 0x402A546: collect_and_sort_names (names.c:1786)
==595455==    by 0x40175DD: create_archive (create.c:1352)
==595455==    by 0x400CD90: main (tar.c:2818)
==595455== 
==595455== Open file descriptor 4: /tmp/rboxc-tar-original-gca7hlwd/testsuite.dir/211/gnu/foo
==595455==    at 0x4A1AADA: openat (openat64.c:39)
==595455==    by 0x4027817: openat (fcntl2.h:175)
==595455==    by 0x4027817: chdir_do (misc.c:988)
==595455==    by 0x402A546: collect_and_sort_names (names.c:1786)
==595455==    by 0x40175DD: create_archive (create.c:1352)
==595455==    by 0x400CD90: main (tar.c:2818)
==595455== 
==595455== 
==595455== HEAP SUMMARY:
==595455==     in use at exit: 5,390 bytes in 28 blocks
==595455==   total heap usage: 95 allocs, 67 frees, 66,377 bytes allocated
==595455== 
==595455== 5 bytes in 1 blocks are still reachable in loss record 1 of 20
==595455==    at 0x48BD858: malloc (vg_replace_malloc.c:447)
==595455==    by 0x405185D: xmalloc (xmalloc.c:45)
==595455==    by 0x405185D: xmemdup (xmalloc.c:314)
==595455==    by 0x405185D: xstrdup (xmalloc.c:339)
==595455==    by 0x402644F: assign_string (misc.c:58)
==595455==    by 0x4029612: uid_to_uname (names.c:490)
==595455==    by 0x40155F3: start_header (create.c:931)
==595455==    by 0x4015798: dump_regular_file (create.c:1050)
==595455==    by 0x40165E2: dump_file0 (create.c:1773)
==595455==    by 0x401782F: dump_file (create.c:1968)
==595455==    by 0x401782F: create_archive (create.c:1356)
==595455==    by 0x400CD90: main (tar.c:2818)
==595455== 
==595455== 5 bytes in 1 blocks are still reachable in loss record 2 of 20
==595455==    at 0x48BD858: malloc (vg_replace_malloc.c:447)
==595455==    by 0x405185D: xmalloc (xmalloc.c:45)
==595455==    by 0x405185D: xmemdup (xmalloc.c:314)
==595455==    by 0x405185D: xstrdup (xmalloc.c:339)
==595455==    by 0x402644F: assign_string (misc.c:58)
==595455==    by 0x40296A2: gid_to_gname (names.c:520)
==595455==    by 0x40155DB: start_header (create.c:936)
==595455==    by 0x4015798: dump_regular_file (create.c:1050)
==595455==    by 0x40165E2: dump_file0 (create.c:1773)
==595455==    by 0x401782F: dump_file (create.c:1968)
==595455==    by 0x401782F: create_archive (create.c:1356)
==595455==    by 0x400CD90: main (tar.c:2818)
==595455== 
==595455== 7 bytes in 2 blocks are indirectly lost in loss record 3 of 20
==595455==    at 0x48BD858: malloc (vg_replace_malloc.c:447)
==595455==    by 0x40387DD: wsnode_quoteremoval (wordsplit.c:651)
==595455==    by 0x4039CFD: wordsplit_process_list (wordsplit.c:2390)
==595455==    by 0x403A562: wordsplit_run.constprop.0 (wordsplit.c:2434)
==595455==    by 0x400BFFA: parse_default_options (tar.c:2256)
==595455==    by 0x400BFFA: decode_options (tar.c:2378)
==595455==    by 0x400BFFA: main (tar.c:2792)
==595455== 
==595455== 7 bytes in 2 blocks are definitely lost in loss record 4 of 20
==595455==    at 0x48BD858: malloc (vg_replace_malloc.c:447)
==595455==    by 0x403A1FB: wordsplit_finish (wordsplit.c:836)
==595455==    by 0x400BFFA: parse_default_options (tar.c:2256)
==595455==    by 0x400BFFA: decode_options (tar.c:2378)
==595455==    by 0x400BFFA: main (tar.c:2792)
==595455== 
==595455== 10 bytes in 2 blocks are still reachable in loss record 5 of 20
==595455==    at 0x48BD858: malloc (vg_replace_malloc.c:447)
==595455==    by 0x405185D: xmalloc (xmalloc.c:45)
==595455==    by 0x405185D: xmemdup (xmalloc.c:314)
==595455==    by 0x405185D: xstrdup (xmalloc.c:339)
==595455==    by 0x402994B: make_name (names.c:599)
==595455==    by 0x402994B: addname (names.c:1233)
==595455==    by 0x4029AB7: name_gather (names.c:1218)
==595455==    by 0x402A4BC: collect_and_sort_names (names.c:1747)
==595455==    by 0x40175DD: create_archive (create.c:1352)
==595455==    by 0x400CD90: main (tar.c:2818)
==595455== 
==595455== 16 bytes in 1 blocks are still reachable in loss record 6 of 20
==595455==    at 0x48C4E43: calloc (vg_replace_malloc.c:1678)
==595455==    by 0x40516F1: xcalloc (xmalloc.c:298)
==595455==    by 0x40516F1: xzalloc (xmalloc.c:283)
==595455==    by 0x400BEF9: decode_options (tar.c:2297)
==595455==    by 0x400BEF9: main (tar.c:2792)
==595455== 
==595455== 55 bytes in 1 blocks are still reachable in loss record 7 of 20
==595455==    at 0x48C507F: realloc (vg_replace_malloc.c:1804)
==595455==    by 0x4A1A327: getcwd (getcwd.c:86)
==595455==    by 0x4052EB3: getcwd (unistd.h:116)
==595455==    by 0x4052EB3: rpl_getcwd (getcwd.c:218)
==595455==    by 0x4051890: xgetcwd (xgetcwd.c:37)
==595455==    by 0x4027EDF: tar_getcdpath (misc.c:1073)
==595455==    by 0x4027EDF: normalize_filename (misc.c:332)
==595455==    by 0x402A6B2: collect_and_sort_names (names.c:1833)
==595455==    by 0x40175DD: create_archive (create.c:1352)
==595455==    by 0x400CD90: main (tar.c:2818)
==595455== 
==595455== 59 bytes in 1 blocks are still reachable in loss record 8 of 20
==595455==    at 0x48BD858: malloc (vg_replace_malloc.c:447)
==595455==    by 0x405185D: xmalloc (xmalloc.c:45)
==595455==    by 0x405185D: xmemdup (xmalloc.c:314)
==595455==    by 0x405185D: xstrdup (xmalloc.c:339)
==595455==    by 0x4027FE4: tar_getcdpath (misc.c:1080)
==595455==    by 0x4027FE4: normalize_filename (misc.c:332)
==595455==    by 0x402A6B2: collect_and_sort_names (names.c:1833)
==595455==    by 0x40175DD: create_archive (create.c:1352)
==595455==    by 0x400CD90: main (tar.c:2818)
==595455== 
==595455== 64 bytes in 2 blocks are still reachable in loss record 9 of 20
==595455==    at 0x48BD858: malloc (vg_replace_malloc.c:447)
==595455==    by 0x40512CC: xmalloc (xmalloc.c:45)
==595455==    by 0x401407E: file_count_links (create.c:1522)
==595455==    by 0x401407E: file_count_links (create.c:1508)
==595455==    by 0x4016A58: dump_file0 (create.c:1779)
==595455==    by 0x401782F: dump_file (create.c:1968)
==595455==    by 0x401782F: create_archive (create.c:1356)
==595455==    by 0x400CD90: main (tar.c:2818)
==595455== 
==595455== 66 bytes in 2 blocks are still reachable in loss record 10 of 20
==595455==    at 0x48BD858: malloc (vg_replace_malloc.c:447)
==595455==    by 0x405185D: xmalloc (xmalloc.c:45)
==595455==    by 0x405185D: xmemdup (xmalloc.c:314)
==595455==    by 0x405185D: xstrdup (xmalloc.c:339)
==595455==    by 0x4029A2E: name_gather (names.c:1215)
==595455==    by 0x402A4BC: collect_and_sort_names (names.c:1747)
==595455==    by 0x40175DD: create_archive (create.c:1352)
==595455==    by 0x400CD90: main (tar.c:2818)
==595455== 
==595455== 80 bytes in 1 blocks are still reachable in loss record 11 of 20
==595455==    at 0x48BD858: malloc (vg_replace_malloc.c:447)
==595455==    by 0x40512CC: xmalloc (xmalloc.c:45)
==595455==    by 0x400BE43: main (tar.c:2781)
==595455== 
==595455== 80 bytes in 1 blocks are still reachable in loss record 12 of 20
==595455==    at 0x48BD858: malloc (vg_replace_malloc.c:447)
==595455==    by 0x4047846: hash_initialize (hash.c:523)
==595455==    by 0x401411B: file_count_links (create.c:1530)
==595455==    by 0x401411B: file_count_links (create.c:1508)
==595455==    by 0x4016A58: dump_file0 (create.c:1779)
==595455==    by 0x401782F: dump_file (create.c:1968)
==595455==    by 0x401782F: create_archive (create.c:1356)
==595455==    by 0x400CD90: main (tar.c:2818)
==595455== 
==595455== 87 (80 direct, 7 indirect) bytes in 2 blocks are definitely lost in loss record 13 of 20
==595455==    at 0x48C4E43: calloc (vg_replace_malloc.c:1678)
==595455==    by 0x403959D: wsnode_new (wordsplit.c:422)
==595455==    by 0x403959D: wordsplit_add_segm (wordsplit.c:523)
==595455==    by 0x4039854: scan_word (wordsplit.c:2062)
==595455==    by 0x4039C7C: wordsplit_process_list (wordsplit.c:2358)
==595455==    by 0x403A562: wordsplit_run.constprop.0 (wordsplit.c:2434)
==595455==    by 0x400BFFA: parse_default_options (tar.c:2256)
==595455==    by 0x400BFFA: decode_options (tar.c:2378)
==595455==    by 0x400BFFA: main (tar.c:2792)
==595455== 
==595455== 91 bytes in 1 blocks are still reachable in loss record 14 of 20
==595455==    at 0x48C53C0: reallocarray (vg_replace_malloc.c:1806)
==595455==    by 0x40514B0: xreallocarray (xmalloc.c:84)
==595455==    by 0x40514B0: x2nrealloc (xmalloc.c:203)
==595455==    by 0x40514B0: x2realloc (xmalloc.c:120)
==595455==    by 0x4027D38: namebuf_name (misc.c:1273)
==595455==    by 0x4027F7E: namebuf_add_dir (misc.c:1287)
==595455==    by 0x4027F7E: tar_getcdpath (misc.c:1084)
==595455==    by 0x4027F7E: normalize_filename (misc.c:332)
==595455==    by 0x402A6B2: collect_and_sort_names (names.c:1833)
==595455==    by 0x40175DD: create_archive (create.c:1352)
==595455==    by 0x400CD90: main (tar.c:2818)
==595455== 
==595455== 96 bytes in 1 blocks are still reachable in loss record 15 of 20
==595455==    at 0x48C53C0: reallocarray (vg_replace_malloc.c:1806)
==595455==    by 0x405155C: xreallocarray (xmalloc.c:84)
==595455==    by 0x405155C: x2nrealloc (xmalloc.c:203)
==595455==    by 0x4027754: chdir_arg (misc.c:934)
==595455==    by 0x4029A36: name_gather (names.c:1215)
==595455==    by 0x402A4BC: collect_and_sort_names (names.c:1747)
==595455==    by 0x40175DD: create_archive (create.c:1352)
==595455==    by 0x400CD90: main (tar.c:2818)
==595455== 
==595455== 102 bytes in 1 blocks are still reachable in loss record 16 of 20
==595455==    at 0x48BD858: malloc (vg_replace_malloc.c:447)
==595455==    by 0x40512CC: xmalloc (xmalloc.c:45)
==595455==    by 0x4029881: name_init (names.c:869)
==595455==    by 0x400C94C: main (tar.c:2794)
==595455== 
==595455== 135 bytes in 2 blocks are still reachable in loss record 17 of 20
==595455==    at 0x48BD858: malloc (vg_replace_malloc.c:447)
==595455==    by 0x40512CC: xmalloc (xmalloc.c:45)
==595455==    by 0x4027DDB: normalize_filename (misc.c:339)
==595455==    by 0x402A6B2: collect_and_sort_names (names.c:1833)
==595455==    by 0x40175DD: create_archive (create.c:1352)
==595455==    by 0x400CD90: main (tar.c:2818)
==595455== 
==595455== 176 bytes in 1 blocks are still reachable in loss record 18 of 20
==595455==    at 0x48C4E43: calloc (vg_replace_malloc.c:1678)
==595455==    by 0x404789C: hash_initialize (hash.c:544)
==595455==    by 0x401411B: file_count_links (create.c:1530)
==595455==    by 0x401411B: file_count_links (create.c:1508)
==595455==    by 0x4016A58: dump_file0 (create.c:1779)
==595455==    by 0x401782F: dump_file (create.c:1968)
==595455==    by 0x401782F: create_archive (create.c:1356)
==595455==    by 0x400CD90: main (tar.c:2818)
==595455== 
==595455== 192 bytes in 2 blocks are still reachable in loss record 19 of 20
==595455==    at 0x48C4E43: calloc (vg_replace_malloc.c:1678)
==595455==    by 0x40516F1: xcalloc (xmalloc.c:298)
==595455==    by 0x40516F1: xzalloc (xmalloc.c:283)
==595455==    by 0x4029932: make_name (names.c:596)
==595455==    by 0x4029932: addname (names.c:1233)
==595455==    by 0x4029AB7: name_gather (names.c:1218)
==595455==    by 0x402A4BC: collect_and_sort_names (names.c:1747)
==595455==    by 0x40175DD: create_archive (create.c:1352)
==595455==    by 0x400CD90: main (tar.c:2818)
==595455== 
==595455== 4,064 bytes in 1 blocks are still reachable in loss record 20 of 20
==595455==    at 0x48BD858: malloc (vg_replace_malloc.c:447)
==595455==    by 0x40512CC: xmalloc (xmalloc.c:45)
==595455==    by 0x404A07D: call_chunkfun (obstack.c:88)
==595455==    by 0x404A07D: _obstack_begin_worker.isra.0 (obstack.c:135)
==595455==    by 0x404A0A8: _obstack_begin (obstack.c:157)
==595455==    by 0x4032C57: _transform_name_to_obstack (transform.c:592)
==595455==    by 0x4032C57: transform_name_fp (transform.c:614)
==595455==    by 0x4016444: dump_file0 (create.c:1657)
==595455==    by 0x401782F: dump_file (create.c:1968)
==595455==    by 0x401782F: create_archive (create.c:1356)
==595455==    by 0x400CD90: main (tar.c:2818)
==595455== 
==595455== LEAK SUMMARY:
==595455==    definitely lost: 87 bytes in 4 blocks
==595455==    indirectly lost: 7 bytes in 2 blocks
==595455==      possibly lost: 0 bytes in 0 blocks
==595455==    still reachable: 5,296 bytes in 22 blocks
==595455==         suppressed: 0 bytes in 0 blocks
==595455== 
==595455== For lists of detected and suppressed errors, rerun with: -s
==595455== ERROR SUMMARY: 4 errors from 4 contexts (suppressed: 0 from 0)
