==697439== Memcheck, a memory error detector
==697439== Copyright (C) 2002-2024, and GNU GPL'd, by Julian Seward et al.
==697439== Using Valgrind-3.26.0 and LibVEX; rerun with -h for copyright info
==697439== Command: tar xfvz /dev/null
==697439== Parent PID: 697408
==697439== 
==697439== 
==697439== FILE DESCRIPTORS: 3 open (2 inherited) at exit.
==697439== Open file descriptor 3: /dev/null
==697439==    at 0x4A1A9E6: open (open64.c:41)
==697439==    by 0x402E345: open (fcntl2.h:55)
==697439==    by 0x402E345: sys_child_open_for_uncompress (system.c:602)
==697439==    by 0x4010BA3: _open_archive (buffer.c:740)
==697439==    by 0x4010BA3: open_archive (buffer.c:2025)
==697439==    by 0x402543F: read_and (list.c:176)
==697439==    by 0x400CD61: main (tar.c:2823)
==697439== 
==697439== 
==697439== HEAP SUMMARY:
==697439==     in use at exit: 14,634 bytes in 10 blocks
==697439==   total heap usage: 18 allocs, 8 frees, 22,421 bytes allocated
==697439== 
==697439== 12 bytes in 4 blocks are still reachable in loss record 1 of 7
==697439==    at 0x48BD858: malloc (vg_replace_malloc.c:447)
==697439==    by 0x405185D: xmalloc (xmalloc.c:45)
==697439==    by 0x405185D: xmemdup (xmalloc.c:314)
==697439==    by 0x405185D: xstrdup (xmalloc.c:339)
==697439==    by 0x400C4F1: decode_options (tar.c:2353)
==697439==    by 0x400C4F1: main (tar.c:2792)
==697439== 
==697439== 16 bytes in 1 blocks are still reachable in loss record 2 of 7
==697439==    at 0x48C4E43: calloc (vg_replace_malloc.c:1678)
==697439==    by 0x40516F1: xcalloc (xmalloc.c:298)
==697439==    by 0x40516F1: xzalloc (xmalloc.c:283)
==697439==    by 0x400BEF9: decode_options (tar.c:2297)
==697439==    by 0x400BEF9: main (tar.c:2792)
==697439== 
==697439== 32 bytes in 1 blocks are still reachable in loss record 3 of 7
==697439==    at 0x48BD858: malloc (vg_replace_malloc.c:447)
==697439==    by 0x40512CC: xmalloc (xmalloc.c:45)
==697439==    by 0x402F07B: optloc_save (tar.c:926)
==697439==    by 0x402FFB0: set_use_compress_program_option (tar.c:985)
==697439==    by 0x4030B0E: parse_opt (tar.c:1777)
==697439==    by 0x404233D: group_parse (argp-parse.c:233)
==697439==    by 0x404233D: parser_parse_opt (argp-parse.c:736)
==697439==    by 0x404233D: parser_parse_next (argp-parse.c:859)
==697439==    by 0x404233D: argp_parse (argp-parse.c:927)
==697439==    by 0x400C045: decode_options (tar.c:2380)
==697439==    by 0x400C045: main (tar.c:2792)
==697439== 
==697439== 56 bytes in 1 blocks are still reachable in loss record 4 of 7
==697439==    at 0x48BD858: malloc (vg_replace_malloc.c:447)
==697439==    by 0x40512CC: xmalloc (xmalloc.c:45)
==697439==    by 0x400C46E: decode_options (tar.c:2340)
==697439==    by 0x400C46E: main (tar.c:2792)
==697439== 
==697439== 80 bytes in 1 blocks are still reachable in loss record 5 of 7
==697439==    at 0x48BD858: malloc (vg_replace_malloc.c:447)
==697439==    by 0x40512CC: xmalloc (xmalloc.c:45)
==697439==    by 0x400BE43: main (tar.c:2781)
==697439== 
==697439== 102 bytes in 1 blocks are still reachable in loss record 6 of 7
==697439==    at 0x48BD858: malloc (vg_replace_malloc.c:447)
==697439==    by 0x40512CC: xmalloc (xmalloc.c:45)
==697439==    by 0x4029881: name_init (names.c:869)
==697439==    by 0x400C94C: main (tar.c:2794)
==697439== 
==697439== 14,336 bytes in 1 blocks are still reachable in loss record 7 of 7
==697439==    at 0x48BD858: malloc (vg_replace_malloc.c:447)
==697439==    by 0x40512CC: xmalloc (xmalloc.c:45)
==697439==    by 0x4027C22: page_aligned_alloc (misc.c:1235)
==697439==    by 0x400D5A3: init_buffer (buffer.c:657)
==697439==    by 0x4010B3B: _open_archive (buffer.c:725)
==697439==    by 0x4010B3B: open_archive (buffer.c:2025)
==697439==    by 0x402543F: read_and (list.c:176)
==697439==    by 0x400CD61: main (tar.c:2823)
==697439== 
==697439== LEAK SUMMARY:
==697439==    definitely lost: 0 bytes in 0 blocks
==697439==    indirectly lost: 0 bytes in 0 blocks
==697439==      possibly lost: 0 bytes in 0 blocks
==697439==    still reachable: 14,634 bytes in 10 blocks
==697439==         suppressed: 0 bytes in 0 blocks
==697439== 
==697439== For lists of detected and suppressed errors, rerun with: -s
==697439== ERROR SUMMARY: 1 errors from 1 contexts (suppressed: 0 from 0)
