==725554== Memcheck, a memory error detector
==725554== Copyright (C) 2002-2024, and GNU GPL'd, by Julian Seward et al.
==725554== Using Valgrind-3.26.0 and LibVEX; rerun with -h for copyright info
==725554== Command: /bin/sh -c rm\ -f\ f
==725554== Parent PID: 725545
==725554== 
==725554== 
==725554== FILE DESCRIPTORS: 3 open (3 inherited) at exit.
==725554== 
==725554== HEAP SUMMARY:
==725554==     in use at exit: 1,058 bytes in 29 blocks
==725554==   total heap usage: 31 allocs, 2 frees, 1,210 bytes allocated
==725554== 
==725554== 26 bytes in 1 blocks are still reachable in loss record 1 of 6
==725554==    at 0x486E858: malloc (vg_replace_malloc.c:447)
==725554==    by 0x40083FA: ??? (in /usr/bin/dash)
==725554==    by 0x4012E0A: ??? (in /usr/bin/dash)
==725554==    by 0x4013FFF: ??? (in /usr/bin/dash)
==725554==    by 0x400BCE7: ??? (in /usr/bin/dash)
==725554==    by 0x40120F8: ??? (in /usr/bin/dash)
==725554==    by 0x4004DA0: ??? (in /usr/bin/dash)
==725554==    by 0x48C4600: (below main) (libc_start_call_main.h:59)
==725554== 
==725554== 32 bytes in 1 blocks are still reachable in loss record 2 of 6
==725554==    at 0x486E858: malloc (vg_replace_malloc.c:447)
==725554==    by 0x4017AB2: ??? (in /usr/bin/dash)
==725554==    by 0x40186D4: ??? (in /usr/bin/dash)
==725554==    by 0x4004BC6: ??? (in /usr/bin/dash)
==725554==    by 0x48C4600: (below main) (libc_start_call_main.h:59)
==725554== 
==725554== 34 bytes in 1 blocks are still reachable in loss record 3 of 6
==725554==    at 0x486E858: malloc (vg_replace_malloc.c:447)
==725554==    by 0x495596E: strdup (strdup.c:42)
==725554==    by 0x40081DF: ??? (in /usr/bin/dash)
==725554==    by 0x40186F9: ??? (in /usr/bin/dash)
==725554==    by 0x4004BC6: ??? (in /usr/bin/dash)
==725554==    by 0x48C4600: (below main) (libc_start_call_main.h:59)
==725554== 
==725554== 38 bytes in 1 blocks are still reachable in loss record 4 of 6
==725554==    at 0x486E858: malloc (vg_replace_malloc.c:447)
==725554==    by 0x4017C53: ??? (in /usr/bin/dash)
==725554==    by 0x40186F9: ??? (in /usr/bin/dash)
==725554==    by 0x4004BC6: ??? (in /usr/bin/dash)
==725554==    by 0x48C4600: (below main) (libc_start_call_main.h:59)
==725554== 
==725554== 160 bytes in 1 blocks are still reachable in loss record 5 of 6
==725554==    at 0x487607F: realloc (vg_replace_malloc.c:1804)
==725554==    by 0x40074DC: ??? (in /usr/bin/dash)
==725554==    by 0x400A64D: ??? (in /usr/bin/dash)
==725554==    by 0x4014058: ??? (in /usr/bin/dash)
==725554==    by 0x400BCE7: ??? (in /usr/bin/dash)
==725554==    by 0x40120F8: ??? (in /usr/bin/dash)
==725554==    by 0x4004DA0: ??? (in /usr/bin/dash)
==725554==    by 0x48C4600: (below main) (libc_start_call_main.h:59)
==725554== 
==725554== 768 bytes in 24 blocks are still reachable in loss record 6 of 6
==725554==    at 0x486E858: malloc (vg_replace_malloc.c:447)
==725554==    by 0x4017AB2: ??? (in /usr/bin/dash)
==725554==    by 0x4018670: ??? (in /usr/bin/dash)
==725554==    by 0x4004BC6: ??? (in /usr/bin/dash)
==725554==    by 0x48C4600: (below main) (libc_start_call_main.h:59)
==725554== 
==725554== LEAK SUMMARY:
==725554==    definitely lost: 0 bytes in 0 blocks
==725554==    indirectly lost: 0 bytes in 0 blocks
==725554==      possibly lost: 0 bytes in 0 blocks
==725554==    still reachable: 1,058 bytes in 29 blocks
==725554==         suppressed: 0 bytes in 0 blocks
==725554== 
==725554== For lists of detected and suppressed errors, rerun with: -s
==725554== ERROR SUMMARY: 0 errors from 0 contexts (suppressed: 0 from 0)
