==725552== Memcheck, a memory error detector
==725552== Copyright (C) 2002-2024, and GNU GPL'd, by Julian Seward et al.
==725552== Using Valgrind-3.26.0 and LibVEX; rerun with -h for copyright info
==725552== Command: /bin/sh -c echo\ 1\ \>\ f
==725552== Parent PID: 725545
==725552== 
==725552== 
==725552== FILE DESCRIPTORS: 3 open (2 inherited) at exit.
==725552== Open file descriptor 1: /tmp/rboxc-gawk-original-pj4u6kd_/_getline5
==725552==    at 0x49BCE8B: dup2 (dup2.c:29)
==725552==    by 0x4015C0F: ??? (in /usr/bin/dash)
==725552==    by 0x4014094: ??? (in /usr/bin/dash)
==725552==    by 0x400BCE7: ??? (in /usr/bin/dash)
==725552==    by 0x40120F8: ??? (in /usr/bin/dash)
==725552==    by 0x4004DA0: ??? (in /usr/bin/dash)
==725552==    by 0x48C4600: (below main) (libc_start_call_main.h:59)
==725552== 
==725552== 
==725552== HEAP SUMMARY:
==725552==     in use at exit: 9,092 bytes in 29 blocks
==725552==   total heap usage: 32 allocs, 3 frees, 9,292 bytes allocated
==725552== 
==725552== 28 bytes in 1 blocks are still reachable in loss record 1 of 6
==725552==    at 0x486E858: malloc (vg_replace_malloc.c:447)
==725552==    by 0x40083FA: ??? (in /usr/bin/dash)
==725552==    by 0x4012D83: ??? (in /usr/bin/dash)
==725552==    by 0x4013C6C: ??? (in /usr/bin/dash)
==725552==    by 0x400BCE7: ??? (in /usr/bin/dash)
==725552==    by 0x40120F8: ??? (in /usr/bin/dash)
==725552==    by 0x4004DA0: ??? (in /usr/bin/dash)
==725552==    by 0x48C4600: (below main) (libc_start_call_main.h:59)
==725552== 
==725552== 32 bytes in 1 blocks are still reachable in loss record 2 of 6
==725552==    at 0x486E858: malloc (vg_replace_malloc.c:447)
==725552==    by 0x4017AB2: ??? (in /usr/bin/dash)
==725552==    by 0x40186D4: ??? (in /usr/bin/dash)
==725552==    by 0x4004BC6: ??? (in /usr/bin/dash)
==725552==    by 0x48C4600: (below main) (libc_start_call_main.h:59)
==725552== 
==725552== 34 bytes in 1 blocks are still reachable in loss record 3 of 6
==725552==    at 0x486E858: malloc (vg_replace_malloc.c:447)
==725552==    by 0x495596E: strdup (strdup.c:42)
==725552==    by 0x40081DF: ??? (in /usr/bin/dash)
==725552==    by 0x40186F9: ??? (in /usr/bin/dash)
==725552==    by 0x4004BC6: ??? (in /usr/bin/dash)
==725552==    by 0x48C4600: (below main) (libc_start_call_main.h:59)
==725552== 
==725552== 38 bytes in 1 blocks are still reachable in loss record 4 of 6
==725552==    at 0x486E858: malloc (vg_replace_malloc.c:447)
==725552==    by 0x4017C53: ??? (in /usr/bin/dash)
==725552==    by 0x40186F9: ??? (in /usr/bin/dash)
==725552==    by 0x4004BC6: ??? (in /usr/bin/dash)
==725552==    by 0x48C4600: (below main) (libc_start_call_main.h:59)
==725552== 
==725552== 768 bytes in 24 blocks are still reachable in loss record 5 of 6
==725552==    at 0x486E858: malloc (vg_replace_malloc.c:447)
==725552==    by 0x4017AB2: ??? (in /usr/bin/dash)
==725552==    by 0x4018670: ??? (in /usr/bin/dash)
==725552==    by 0x4004BC6: ??? (in /usr/bin/dash)
==725552==    by 0x48C4600: (below main) (libc_start_call_main.h:59)
==725552== 
==725552== 8,192 bytes in 1 blocks are still reachable in loss record 6 of 6
==725552==    at 0x487607F: realloc (vg_replace_malloc.c:1804)
==725552==    by 0x40168C6: ??? (in /usr/bin/dash)
==725552==    by 0x4016B3F: ??? (in /usr/bin/dash)
==725552==    by 0x4016CB6: ??? (in /usr/bin/dash)
==725552==    by 0x4012281: ??? (in /usr/bin/dash)
==725552==    by 0x40141BA: ??? (in /usr/bin/dash)
==725552==    by 0x400BCE7: ??? (in /usr/bin/dash)
==725552==    by 0x40120F8: ??? (in /usr/bin/dash)
==725552==    by 0x4004DA0: ??? (in /usr/bin/dash)
==725552==    by 0x48C4600: (below main) (libc_start_call_main.h:59)
==725552== 
==725552== LEAK SUMMARY:
==725552==    definitely lost: 0 bytes in 0 blocks
==725552==    indirectly lost: 0 bytes in 0 blocks
==725552==      possibly lost: 0 bytes in 0 blocks
==725552==    still reachable: 9,092 bytes in 29 blocks
==725552==         suppressed: 0 bytes in 0 blocks
==725552== 
==725552== For lists of detected and suppressed errors, rerun with: -s
==725552== ERROR SUMMARY: 1 errors from 1 contexts (suppressed: 0 from 0)
