==681003== Memcheck, a memory error detector
==681003== Copyright (C) 2002-2024, and GNU GPL'd, by Julian Seward et al.
==681003== Using Valgrind-3.26.0 and LibVEX; rerun with -h for copyright info
==681003== Command: tar --lzip -cf k.tar.lz empty
==681003== Parent PID: 680998
==681003== 
==681003== 
==681003== FILE DESCRIPTORS: 1 open (1 inherited) at exit.
==681003== 
==681003== HEAP SUMMARY:
==681003==     in use at exit: 4,304 bytes in 7 blocks
==681003==   total heap usage: 47 allocs, 40 frees, 47,559 bytes allocated
==681003== 
==681003== 5 bytes in 1 blocks are still reachable in loss record 1 of 7
==681003==    at 0x586E858: malloc (vg_replace_malloc.c:447)
==681003==    by 0x469E66D: rboxc_tar_xstrdup (in /root/rboxc/target/tar-map-probe-candidate/release/rboxc)
==681003==    by 0x466FF4F: rboxc_tar_assign_string (in /root/rboxc/target/tar-map-probe-candidate/release/rboxc)
==681003==    by 0x4673232: rboxc_tar_uid_to_uname (in /root/rboxc/target/tar-map-probe-candidate/release/rboxc)
==681003==    by 0x4662453: rboxc_tar_start_header (in /root/rboxc/target/tar-map-probe-candidate/release/rboxc)
==681003==    by 0x46625F8: dump_regular_file (in /root/rboxc/target/tar-map-probe-candidate/release/rboxc)
==681003==    by 0x4663442: dump_file0 (in /root/rboxc/target/tar-map-probe-candidate/release/rboxc)
==681003==    by 0x46643E9: rboxc_tar_create_archive (in /root/rboxc/target/tar-map-probe-candidate/release/rboxc)
==681003==    by 0x4478AF8: single_binary_main_tar (in /root/rboxc/target/tar-map-probe-candidate/release/rboxc)
==681003==    by 0x5A18600: (below main) (libc_start_call_main.h:59)
==681003== 
==681003== 5 bytes in 1 blocks are still reachable in loss record 2 of 7
==681003==    at 0x586E858: malloc (vg_replace_malloc.c:447)
==681003==    by 0x469E66D: rboxc_tar_xstrdup (in /root/rboxc/target/tar-map-probe-candidate/release/rboxc)
==681003==    by 0x466FF4F: rboxc_tar_assign_string (in /root/rboxc/target/tar-map-probe-candidate/release/rboxc)
==681003==    by 0x46732C2: rboxc_tar_gid_to_gname (in /root/rboxc/target/tar-map-probe-candidate/release/rboxc)
==681003==    by 0x466243B: rboxc_tar_start_header (in /root/rboxc/target/tar-map-probe-candidate/release/rboxc)
==681003==    by 0x46625F8: dump_regular_file (in /root/rboxc/target/tar-map-probe-candidate/release/rboxc)
==681003==    by 0x4663442: dump_file0 (in /root/rboxc/target/tar-map-probe-candidate/release/rboxc)
==681003==    by 0x46643E9: rboxc_tar_create_archive (in /root/rboxc/target/tar-map-probe-candidate/release/rboxc)
==681003==    by 0x4478AF8: single_binary_main_tar (in /root/rboxc/target/tar-map-probe-candidate/release/rboxc)
==681003==    by 0x5A18600: (below main) (libc_start_call_main.h:59)
==681003== 
==681003== 16 bytes in 1 blocks are still reachable in loss record 3 of 7
==681003==    at 0x5875E43: calloc (vg_replace_malloc.c:1678)
==681003==    by 0x469E501: rboxc_tar_xzalloc (in /root/rboxc/target/tar-map-probe-candidate/release/rboxc)
==681003==    by 0x4477AF5: single_binary_main_tar (in /root/rboxc/target/tar-map-probe-candidate/release/rboxc)
==681003==    by 0x5A18600: (below main) (libc_start_call_main.h:59)
==681003== 
==681003== 32 bytes in 1 blocks are still reachable in loss record 4 of 7
==681003==    at 0x586E858: malloc (vg_replace_malloc.c:447)
==681003==    by 0x469E0DC: rboxc_tar_xmalloc (in /root/rboxc/target/tar-map-probe-candidate/release/rboxc)
==681003==    by 0x446ED30: rboxc::applet_tar::set_use_compress_program_option (in /root/rboxc/target/tar-map-probe-candidate/release/rboxc)
==681003==    by 0x446F1CD: rboxc::applet_tar::parse_opt (in /root/rboxc/target/tar-map-probe-candidate/release/rboxc)
==681003==    by 0x468D0C3: rboxc_tar_argp_parse (in /root/rboxc/target/tar-map-probe-candidate/release/rboxc)
==681003==    by 0x4478025: single_binary_main_tar (in /root/rboxc/target/tar-map-probe-candidate/release/rboxc)
==681003==    by 0x5A18600: (below main) (libc_start_call_main.h:59)
==681003== 
==681003== 80 bytes in 1 blocks are still reachable in loss record 5 of 7
==681003==    at 0x586E858: malloc (vg_replace_malloc.c:447)
==681003==    by 0x469E0DC: rboxc_tar_xmalloc (in /root/rboxc/target/tar-map-probe-candidate/release/rboxc)
==681003==    by 0x4477A00: single_binary_main_tar (in /root/rboxc/target/tar-map-probe-candidate/release/rboxc)
==681003==    by 0x5A18600: (below main) (libc_start_call_main.h:59)
==681003== 
==681003== 102 bytes in 1 blocks are still reachable in loss record 6 of 7
==681003==    at 0x586E858: malloc (vg_replace_malloc.c:447)
==681003==    by 0x469E0DC: rboxc_tar_xmalloc (in /root/rboxc/target/tar-map-probe-candidate/release/rboxc)
==681003==    by 0x46734A1: rboxc_tar_name_init (in /root/rboxc/target/tar-map-probe-candidate/release/rboxc)
==681003==    by 0x4478A7A: single_binary_main_tar (in /root/rboxc/target/tar-map-probe-candidate/release/rboxc)
==681003==    by 0x5A18600: (below main) (libc_start_call_main.h:59)
==681003== 
==681003== 4,064 bytes in 1 blocks are still reachable in loss record 7 of 7
==681003==    at 0x586E858: malloc (vg_replace_malloc.c:447)
==681003==    by 0x469E0DC: rboxc_tar_xmalloc (in /root/rboxc/target/tar-map-probe-candidate/release/rboxc)
==681003==    by 0x4695FFD: _obstack_begin_worker.isra.0 (in /root/rboxc/target/tar-map-probe-candidate/release/rboxc)
==681003==    by 0x4696028: rboxc_tar__obstack_begin (in /root/rboxc/target/tar-map-probe-candidate/release/rboxc)
==681003==    by 0x4679CD7: rboxc_tar_transform_name_fp (in /root/rboxc/target/tar-map-probe-candidate/release/rboxc)
==681003==    by 0x46632A4: dump_file0 (in /root/rboxc/target/tar-map-probe-candidate/release/rboxc)
==681003==    by 0x46643E9: rboxc_tar_create_archive (in /root/rboxc/target/tar-map-probe-candidate/release/rboxc)
==681003==    by 0x4478AF8: single_binary_main_tar (in /root/rboxc/target/tar-map-probe-candidate/release/rboxc)
==681003==    by 0x5A18600: (below main) (libc_start_call_main.h:59)
==681003== 
==681003== LEAK SUMMARY:
==681003==    definitely lost: 0 bytes in 0 blocks
==681003==    indirectly lost: 0 bytes in 0 blocks
==681003==      possibly lost: 0 bytes in 0 blocks
==681003==    still reachable: 4,304 bytes in 7 blocks
==681003==         suppressed: 0 bytes in 0 blocks
==681003== 
==681003== For lists of detected and suppressed errors, rerun with: -s
==681003== ERROR SUMMARY: 0 errors from 0 contexts (suppressed: 0 from 0)
