==656465== Memcheck, a memory error detector
==656465== Copyright (C) 2002-2024, and GNU GPL'd, by Julian Seward et al.
==656465== Using Valgrind-3.26.0 and LibVEX; rerun with -h for copyright info
==656465== Command: tar --xattrs --no-recursion -cf archive.tar dir dir/file dir/file2
==656465== Parent PID: 656418
==656465== 
==656465== 
==656465== FILE DESCRIPTORS: 1 open (1 inherited) at exit.
==656465== 
==656465== HEAP SUMMARY:
==656465==     in use at exit: 6,929 bytes in 14 blocks
==656465==   total heap usage: 107 allocs, 93 frees, 105,276 bytes allocated
==656465== 
==656465== 5 bytes in 1 blocks are still reachable in loss record 1 of 13
==656465==    at 0x586E858: malloc (vg_replace_malloc.c:447)
==656465==    by 0x469E66D: rboxc_tar_xstrdup (in /root/rboxc/target/tar-map-probe-candidate/release/rboxc)
==656465==    by 0x466FF4F: rboxc_tar_assign_string (in /root/rboxc/target/tar-map-probe-candidate/release/rboxc)
==656465==    by 0x4673232: rboxc_tar_uid_to_uname (in /root/rboxc/target/tar-map-probe-candidate/release/rboxc)
==656465==    by 0x4662453: rboxc_tar_start_header (in /root/rboxc/target/tar-map-probe-candidate/release/rboxc)
==656465==    by 0x4663659: dump_file0 (in /root/rboxc/target/tar-map-probe-candidate/release/rboxc)
==656465==    by 0x46643E9: rboxc_tar_create_archive (in /root/rboxc/target/tar-map-probe-candidate/release/rboxc)
==656465==    by 0x4478AF8: single_binary_main_tar (in /root/rboxc/target/tar-map-probe-candidate/release/rboxc)
==656465==    by 0x5A18600: (below main) (libc_start_call_main.h:59)
==656465== 
==656465== 5 bytes in 1 blocks are still reachable in loss record 2 of 13
==656465==    at 0x586E858: malloc (vg_replace_malloc.c:447)
==656465==    by 0x469E66D: rboxc_tar_xstrdup (in /root/rboxc/target/tar-map-probe-candidate/release/rboxc)
==656465==    by 0x466FF4F: rboxc_tar_assign_string (in /root/rboxc/target/tar-map-probe-candidate/release/rboxc)
==656465==    by 0x46732C2: rboxc_tar_gid_to_gname (in /root/rboxc/target/tar-map-probe-candidate/release/rboxc)
==656465==    by 0x466243B: rboxc_tar_start_header (in /root/rboxc/target/tar-map-probe-candidate/release/rboxc)
==656465==    by 0x4663659: dump_file0 (in /root/rboxc/target/tar-map-probe-candidate/release/rboxc)
==656465==    by 0x46643E9: rboxc_tar_create_archive (in /root/rboxc/target/tar-map-probe-candidate/release/rboxc)
==656465==    by 0x4478AF8: single_binary_main_tar (in /root/rboxc/target/tar-map-probe-candidate/release/rboxc)
==656465==    by 0x5A18600: (below main) (libc_start_call_main.h:59)
==656465== 
==656465== 16 bytes in 1 blocks are still reachable in loss record 3 of 13
==656465==    at 0x5875E43: calloc (vg_replace_malloc.c:1678)
==656465==    by 0x469E501: rboxc_tar_xzalloc (in /root/rboxc/target/tar-map-probe-candidate/release/rboxc)
==656465==    by 0x4477AF5: single_binary_main_tar (in /root/rboxc/target/tar-map-probe-candidate/release/rboxc)
==656465==    by 0x5A18600: (below main) (libc_start_call_main.h:59)
==656465== 
==656465== 17 bytes in 1 blocks are still reachable in loss record 4 of 13
==656465==    at 0x586E858: malloc (vg_replace_malloc.c:447)
==656465==    by 0x469E66D: rboxc_tar_xstrdup (in /root/rboxc/target/tar-map-probe-candidate/release/rboxc)
==656465==    by 0x466FF4F: rboxc_tar_assign_string (in /root/rboxc/target/tar-map-probe-candidate/release/rboxc)
==656465==    by 0x467EFE6: rboxc_tar_xheader_xhdr_name (in /root/rboxc/target/tar-map-probe-candidate/release/rboxc)
==656465==    by 0x46610F7: write_extended.part.0 (in /root/rboxc/target/tar-map-probe-candidate/release/rboxc)
==656465==    by 0x46616F6: rboxc_tar_finish_header (in /root/rboxc/target/tar-map-probe-candidate/release/rboxc)
==656465==    by 0x4663ABE: dump_file0 (in /root/rboxc/target/tar-map-probe-candidate/release/rboxc)
==656465==    by 0x46643E9: rboxc_tar_create_archive (in /root/rboxc/target/tar-map-probe-candidate/release/rboxc)
==656465==    by 0x4478AF8: single_binary_main_tar (in /root/rboxc/target/tar-map-probe-candidate/release/rboxc)
==656465==    by 0x5A18600: (below main) (libc_start_call_main.h:59)
==656465== 
==656465== 80 bytes in 1 blocks are still reachable in loss record 5 of 13
==656465==    at 0x586E858: malloc (vg_replace_malloc.c:447)
==656465==    by 0x469E0DC: rboxc_tar_xmalloc (in /root/rboxc/target/tar-map-probe-candidate/release/rboxc)
==656465==    by 0x4477A00: single_binary_main_tar (in /root/rboxc/target/tar-map-probe-candidate/release/rboxc)
==656465==    by 0x5A18600: (below main) (libc_start_call_main.h:59)
==656465== 
==656465== 80 bytes in 1 blocks are still reachable in loss record 6 of 13
==656465==    at 0x586E858: malloc (vg_replace_malloc.c:447)
==656465==    by 0x4693786: rboxc_tar_hash_initialize (in /root/rboxc/target/tar-map-probe-candidate/release/rboxc)
==656465==    by 0x4660F7B: file_count_links (in /root/rboxc/target/tar-map-probe-candidate/release/rboxc)
==656465==    by 0x46638B8: dump_file0 (in /root/rboxc/target/tar-map-probe-candidate/release/rboxc)
==656465==    by 0x46643E9: rboxc_tar_create_archive (in /root/rboxc/target/tar-map-probe-candidate/release/rboxc)
==656465==    by 0x4478AF8: single_binary_main_tar (in /root/rboxc/target/tar-map-probe-candidate/release/rboxc)
==656465==    by 0x5A18600: (below main) (libc_start_call_main.h:59)
==656465== 
==656465== 80 bytes in 2 blocks are still reachable in loss record 7 of 13
==656465==    at 0x586E858: malloc (vg_replace_malloc.c:447)
==656465==    by 0x469E0DC: rboxc_tar_xmalloc (in /root/rboxc/target/tar-map-probe-candidate/release/rboxc)
==656465==    by 0x4660EDE: file_count_links (in /root/rboxc/target/tar-map-probe-candidate/release/rboxc)
==656465==    by 0x46638B8: dump_file0 (in /root/rboxc/target/tar-map-probe-candidate/release/rboxc)
==656465==    by 0x46643E9: rboxc_tar_create_archive (in /root/rboxc/target/tar-map-probe-candidate/release/rboxc)
==656465==    by 0x4478AF8: single_binary_main_tar (in /root/rboxc/target/tar-map-probe-candidate/release/rboxc)
==656465==    by 0x5A18600: (below main) (libc_start_call_main.h:59)
==656465== 
==656465== 102 bytes in 1 blocks are still reachable in loss record 8 of 13
==656465==    at 0x586E858: malloc (vg_replace_malloc.c:447)
==656465==    by 0x469E0DC: rboxc_tar_xmalloc (in /root/rboxc/target/tar-map-probe-candidate/release/rboxc)
==656465==    by 0x46734A1: rboxc_tar_name_init (in /root/rboxc/target/tar-map-probe-candidate/release/rboxc)
==656465==    by 0x4478A7A: single_binary_main_tar (in /root/rboxc/target/tar-map-probe-candidate/release/rboxc)
==656465==    by 0x5A18600: (below main) (libc_start_call_main.h:59)
==656465== 
==656465== 176 bytes in 1 blocks are still reachable in loss record 9 of 13
==656465==    at 0x5875E43: calloc (vg_replace_malloc.c:1678)
==656465==    by 0x46937DC: rboxc_tar_hash_initialize (in /root/rboxc/target/tar-map-probe-candidate/release/rboxc)
==656465==    by 0x4660F7B: file_count_links (in /root/rboxc/target/tar-map-probe-candidate/release/rboxc)
==656465==    by 0x46638B8: dump_file0 (in /root/rboxc/target/tar-map-probe-candidate/release/rboxc)
==656465==    by 0x46643E9: rboxc_tar_create_archive (in /root/rboxc/target/tar-map-probe-candidate/release/rboxc)
==656465==    by 0x4478AF8: single_binary_main_tar (in /root/rboxc/target/tar-map-probe-candidate/release/rboxc)
==656465==    by 0x5A18600: (below main) (libc_start_call_main.h:59)
==656465== 
==656465== 256 bytes in 1 blocks are still reachable in loss record 10 of 13
==656465==    at 0x586E858: malloc (vg_replace_malloc.c:447)
==656465==    by 0x469E0DC: rboxc_tar_xmalloc (in /root/rboxc/target/tar-map-probe-candidate/release/rboxc)
==656465==    by 0x467DAB4: xheader_print_n (in /root/rboxc/target/tar-map-probe-candidate/release/rboxc)
==656465==    by 0x467DD3B: mtime_coder (in /root/rboxc/target/tar-map-probe-candidate/release/rboxc)
==656465==    by 0x46620DF: rboxc_tar_start_header (in /root/rboxc/target/tar-map-probe-candidate/release/rboxc)
==656465==    by 0x4663659: dump_file0 (in /root/rboxc/target/tar-map-probe-candidate/release/rboxc)
==656465==    by 0x46643E9: rboxc_tar_create_archive (in /root/rboxc/target/tar-map-probe-candidate/release/rboxc)
==656465==    by 0x4478AF8: single_binary_main_tar (in /root/rboxc/target/tar-map-probe-candidate/release/rboxc)
==656465==    by 0x5A18600: (below main) (libc_start_call_main.h:59)
==656465== 
==656465== 1,024 bytes in 1 blocks are still reachable in loss record 11 of 13
==656465==    at 0x58763C0: reallocarray (vg_replace_malloc.c:1806)
==656465==    by 0x469E3D9: rboxc_tar_x2nrealloc (in /root/rboxc/target/tar-map-probe-candidate/release/rboxc)
==656465==    by 0x467BF4B: rboxc_tar_xattrs_xattrs_get (in /root/rboxc/target/tar-map-probe-candidate/release/rboxc)
==656465==    by 0x46635CD: dump_file0 (in /root/rboxc/target/tar-map-probe-candidate/release/rboxc)
==656465==    by 0x46643E9: rboxc_tar_create_archive (in /root/rboxc/target/tar-map-probe-candidate/release/rboxc)
==656465==    by 0x4478AF8: single_binary_main_tar (in /root/rboxc/target/tar-map-probe-candidate/release/rboxc)
==656465==    by 0x5A18600: (below main) (libc_start_call_main.h:59)
==656465== 
==656465== 1,024 bytes in 1 blocks are still reachable in loss record 12 of 13
==656465==    at 0x58763C0: reallocarray (vg_replace_malloc.c:1806)
==656465==    by 0x469E3D9: rboxc_tar_x2nrealloc (in /root/rboxc/target/tar-map-probe-candidate/release/rboxc)
==656465==    by 0x467C13B: rboxc_tar_xattrs_xattrs_get (in /root/rboxc/target/tar-map-probe-candidate/release/rboxc)
==656465==    by 0x46635CD: dump_file0 (in /root/rboxc/target/tar-map-probe-candidate/release/rboxc)
==656465==    by 0x46643E9: rboxc_tar_create_archive (in /root/rboxc/target/tar-map-probe-candidate/release/rboxc)
==656465==    by 0x4478AF8: single_binary_main_tar (in /root/rboxc/target/tar-map-probe-candidate/release/rboxc)
==656465==    by 0x5A18600: (below main) (libc_start_call_main.h:59)
==656465== 
==656465== 4,064 bytes in 1 blocks are still reachable in loss record 13 of 13
==656465==    at 0x586E858: malloc (vg_replace_malloc.c:447)
==656465==    by 0x469E0DC: rboxc_tar_xmalloc (in /root/rboxc/target/tar-map-probe-candidate/release/rboxc)
==656465==    by 0x4695FFD: _obstack_begin_worker.isra.0 (in /root/rboxc/target/tar-map-probe-candidate/release/rboxc)
==656465==    by 0x4696028: rboxc_tar__obstack_begin (in /root/rboxc/target/tar-map-probe-candidate/release/rboxc)
==656465==    by 0x4679CD7: rboxc_tar_transform_name_fp (in /root/rboxc/target/tar-map-probe-candidate/release/rboxc)
==656465==    by 0x46632A4: dump_file0 (in /root/rboxc/target/tar-map-probe-candidate/release/rboxc)
==656465==    by 0x46643E9: rboxc_tar_create_archive (in /root/rboxc/target/tar-map-probe-candidate/release/rboxc)
==656465==    by 0x4478AF8: single_binary_main_tar (in /root/rboxc/target/tar-map-probe-candidate/release/rboxc)
==656465==    by 0x5A18600: (below main) (libc_start_call_main.h:59)
==656465== 
==656465== LEAK SUMMARY:
==656465==    definitely lost: 0 bytes in 0 blocks
==656465==    indirectly lost: 0 bytes in 0 blocks
==656465==      possibly lost: 0 bytes in 0 blocks
==656465==    still reachable: 6,929 bytes in 14 blocks
==656465==         suppressed: 0 bytes in 0 blocks
==656465== 
==656465== For lists of detected and suppressed errors, rerun with: -s
==656465== ERROR SUMMARY: 0 errors from 0 contexts (suppressed: 0 from 0)
