==630735== Memcheck, a memory error detector
==630735== Copyright (C) 2002-2024, and GNU GPL'd, by Julian Seward et al.
==630735== Using Valgrind-3.26.0 and LibVEX; rerun with -h for copyright info
==630735== Command: tar tf foo
==630735== Parent PID: 630732
==630735== 
==630735== 
==630735== FILE DESCRIPTORS: 1 open (1 inherited) at exit.
==630735== 
==630735== HEAP SUMMARY:
==630735==     in use at exit: 198 bytes in 3 blocks
==630735==   total heap usage: 26 allocs, 23 frees, 31,209 bytes allocated
==630735== 
==630735== 16 bytes in 1 blocks are still reachable in loss record 1 of 3
==630735==    at 0x5875E43: calloc (vg_replace_malloc.c:1678)
==630735==    by 0x469E501: rboxc_tar_xzalloc (in /root/rboxc/target/screen-owned-candidate/release/rboxc)
==630735==    by 0x4477AF5: single_binary_main_tar (in /root/rboxc/target/screen-owned-candidate/release/rboxc)
==630735==    by 0x5A18600: (below main) (libc_start_call_main.h:59)
==630735== 
==630735== 80 bytes in 1 blocks are still reachable in loss record 2 of 3
==630735==    at 0x586E858: malloc (vg_replace_malloc.c:447)
==630735==    by 0x469E0DC: rboxc_tar_xmalloc (in /root/rboxc/target/screen-owned-candidate/release/rboxc)
==630735==    by 0x4477A00: single_binary_main_tar (in /root/rboxc/target/screen-owned-candidate/release/rboxc)
==630735==    by 0x5A18600: (below main) (libc_start_call_main.h:59)
==630735== 
==630735== 102 bytes in 1 blocks are still reachable in loss record 3 of 3
==630735==    at 0x586E858: malloc (vg_replace_malloc.c:447)
==630735==    by 0x469E0DC: rboxc_tar_xmalloc (in /root/rboxc/target/screen-owned-candidate/release/rboxc)
==630735==    by 0x46734A1: rboxc_tar_name_init (in /root/rboxc/target/screen-owned-candidate/release/rboxc)
==630735==    by 0x4478A7A: single_binary_main_tar (in /root/rboxc/target/screen-owned-candidate/release/rboxc)
==630735==    by 0x5A18600: (below main) (libc_start_call_main.h:59)
==630735== 
==630735== LEAK SUMMARY:
==630735==    definitely lost: 0 bytes in 0 blocks
==630735==    indirectly lost: 0 bytes in 0 blocks
==630735==      possibly lost: 0 bytes in 0 blocks
==630735==    still reachable: 198 bytes in 3 blocks
==630735==         suppressed: 0 bytes in 0 blocks
==630735== 
==630735== For lists of detected and suppressed errors, rerun with: -s
==630735== ERROR SUMMARY: 0 errors from 0 contexts (suppressed: 0 from 0)
