==602485== Memcheck, a memory error detector
==602485== Copyright (C) 2002-2024, and GNU GPL'd, by Julian Seward et al.
==602485== Using Valgrind-3.26.0 and LibVEX; rerun with -h for copyright info
==602485== Command: tar --version
==602485== Parent PID: 602302
==602485== 
==602485== 
==602485== FILE DESCRIPTORS: 4 open (4 inherited) at exit.
==602485== 
==602485== HEAP SUMMARY:
==602485==     in use at exit: 7,767 bytes in 3 blocks
==602485==   total heap usage: 15 allocs, 12 frees, 12,021 bytes allocated
==602485== 
==602485== 16 bytes in 1 blocks are still reachable in loss record 1 of 3
==602485==    at 0x48C4E43: calloc (vg_replace_malloc.c:1678)
==602485==    by 0x40516F1: xcalloc (xmalloc.c:298)
==602485==    by 0x40516F1: xzalloc (xmalloc.c:283)
==602485==    by 0x400BEF9: decode_options (tar.c:2297)
==602485==    by 0x400BEF9: main (tar.c:2792)
==602485== 
==602485== 80 bytes in 1 blocks are still reachable in loss record 2 of 3
==602485==    at 0x48BD858: malloc (vg_replace_malloc.c:447)
==602485==    by 0x40512CC: xmalloc (xmalloc.c:45)
==602485==    by 0x400BE43: main (tar.c:2781)
==602485== 
==602485== 7,671 bytes in 1 blocks are still reachable in loss record 3 of 3
==602485==    at 0x48BD858: malloc (vg_replace_malloc.c:447)
==602485==    by 0x4041854: parser_init (argp-parse.c:495)
==602485==    by 0x4041854: argp_parse (argp-parse.c:921)
==602485==    by 0x400C045: decode_options (tar.c:2380)
==602485==    by 0x400C045: main (tar.c:2792)
==602485== 
==602485== LEAK SUMMARY:
==602485==    definitely lost: 0 bytes in 0 blocks
==602485==    indirectly lost: 0 bytes in 0 blocks
==602485==      possibly lost: 0 bytes in 0 blocks
==602485==    still reachable: 7,767 bytes in 3 blocks
==602485==         suppressed: 0 bytes in 0 blocks
==602485== 
==602485== For lists of detected and suppressed errors, rerun with: -s
==602485== ERROR SUMMARY: 0 errors from 0 contexts (suppressed: 0 from 0)
