==602622== Memcheck, a memory error detector
==602622== Copyright (C) 2002-2024, and GNU GPL'd, by Julian Seward et al.
==602622== Using Valgrind-3.26.0 and LibVEX; rerun with -h for copyright info
==602622== Command: tar ufv arc a
==602622== Parent PID: 602565
==602622== 
==602622== 
==602622== FILE DESCRIPTORS: 1 open (1 inherited) at exit.
==602622== 
==602622== HEAP SUMMARY:
==602622==     in use at exit: 5,005 bytes in 23 blocks
==602622==   total heap usage: 51 allocs, 28 frees, 73,020 bytes allocated
==602622== 
==602622== 2 bytes in 1 blocks are indirectly lost in loss record 1 of 17
==602622==    at 0x48BD858: malloc (vg_replace_malloc.c:447)
==602622==    by 0x405185D: xmalloc (xmalloc.c:45)
==602622==    by 0x405185D: xmemdup (xmalloc.c:314)
==602622==    by 0x405185D: xstrdup (xmalloc.c:339)
==602622==    by 0x402994B: make_name (names.c:599)
==602622==    by 0x402994B: addname (names.c:1233)
==602622==    by 0x4029AB7: name_gather (names.c:1218)
==602622==    by 0x403322C: update_archive (update.c:111)
==602622==    by 0x400CC4C: main (tar.c:2810)
==602622== 
==602622== 6 bytes in 2 blocks are indirectly lost in loss record 2 of 17
==602622==    at 0x48BD858: malloc (vg_replace_malloc.c:447)
==602622==    by 0x40387DD: wsnode_quoteremoval (wordsplit.c:651)
==602622==    by 0x4039CFD: wordsplit_process_list (wordsplit.c:2390)
==602622==    by 0x403A562: wordsplit_run.constprop.0 (wordsplit.c:2434)
==602622==    by 0x400BFFA: parse_default_options (tar.c:2256)
==602622==    by 0x400BFFA: decode_options (tar.c:2378)
==602622==    by 0x400BFFA: main (tar.c:2792)
==602622== 
==602622== 6 bytes in 2 blocks are definitely lost in loss record 3 of 17
==602622==    at 0x48BD858: malloc (vg_replace_malloc.c:447)
==602622==    by 0x403A1FB: wordsplit_finish (wordsplit.c:836)
==602622==    by 0x400BFFA: parse_default_options (tar.c:2256)
==602622==    by 0x400BFFA: decode_options (tar.c:2378)
==602622==    by 0x400BFFA: main (tar.c:2792)
==602622== 
==602622== 8 bytes in 2 blocks are indirectly lost in loss record 4 of 17
==602622==    at 0x48BD858: malloc (vg_replace_malloc.c:447)
==602622==    by 0x405185D: xmalloc (xmalloc.c:45)
==602622==    by 0x405185D: xmemdup (xmalloc.c:314)
==602622==    by 0x405185D: xstrdup (xmalloc.c:339)
==602622==    by 0x402994B: make_name (names.c:599)
==602622==    by 0x402994B: addname (names.c:1233)
==602622==    by 0x4033702: update_archive (update.c:154)
==602622==    by 0x400CC4C: main (tar.c:2810)
==602622== 
==602622== 9 bytes in 3 blocks are indirectly lost in loss record 5 of 17
==602622==    at 0x48BD858: malloc (vg_replace_malloc.c:447)
==602622==    by 0x405185D: xmalloc (xmalloc.c:45)
==602622==    by 0x405185D: xmemdup (xmalloc.c:314)
==602622==    by 0x405185D: xstrdup (xmalloc.c:339)
==602622==    by 0x400C4F1: decode_options (tar.c:2353)
==602622==    by 0x400C4F1: main (tar.c:2792)
==602622== 
==602622== 16 bytes in 1 blocks are still reachable in loss record 6 of 17
==602622==    at 0x48C4E43: calloc (vg_replace_malloc.c:1678)
==602622==    by 0x40516F1: xcalloc (xmalloc.c:298)
==602622==    by 0x40516F1: xzalloc (xmalloc.c:283)
==602622==    by 0x400BEF9: decode_options (tar.c:2297)
==602622==    by 0x400BEF9: main (tar.c:2792)
==602622== 
==602622== 32 bytes in 1 blocks are still reachable in loss record 7 of 17
==602622==    at 0x48BD858: malloc (vg_replace_malloc.c:447)
==602622==    by 0x40512CC: xmalloc (xmalloc.c:45)
==602622==    by 0x401407E: file_count_links (create.c:1522)
==602622==    by 0x401407E: file_count_links (create.c:1508)
==602622==    by 0x4016A58: dump_file0 (create.c:1779)
==602622==    by 0x4015F1E: dump_file (create.c:1968)
==602622==    by 0x4033312: update_archive (update.c:229)
==602622==    by 0x400CC4C: main (tar.c:2810)
==602622== 
==602622== 65 (56 direct, 9 indirect) bytes in 1 blocks are definitely lost in loss record 8 of 17
==602622==    at 0x48BD858: malloc (vg_replace_malloc.c:447)
==602622==    by 0x40512CC: xmalloc (xmalloc.c:45)
==602622==    by 0x400C46E: decode_options (tar.c:2340)
==602622==    by 0x400C46E: main (tar.c:2792)
==602622== 
==602622== 80 bytes in 1 blocks are still reachable in loss record 9 of 17
==602622==    at 0x48BD858: malloc (vg_replace_malloc.c:447)
==602622==    by 0x40512CC: xmalloc (xmalloc.c:45)
==602622==    by 0x400BE43: main (tar.c:2781)
==602622== 
==602622== 80 bytes in 1 blocks are still reachable in loss record 10 of 17
==602622==    at 0x48BD858: malloc (vg_replace_malloc.c:447)
==602622==    by 0x4047846: hash_initialize (hash.c:523)
==602622==    by 0x401411B: file_count_links (create.c:1530)
==602622==    by 0x401411B: file_count_links (create.c:1508)
==602622==    by 0x4016A58: dump_file0 (create.c:1779)
==602622==    by 0x4015F1E: dump_file (create.c:1968)
==602622==    by 0x4033312: update_archive (update.c:229)
==602622==    by 0x400CC4C: main (tar.c:2810)
==602622== 
==602622== 86 (80 direct, 6 indirect) bytes in 2 blocks are definitely lost in loss record 11 of 17
==602622==    at 0x48C4E43: calloc (vg_replace_malloc.c:1678)
==602622==    by 0x403959D: wsnode_new (wordsplit.c:422)
==602622==    by 0x403959D: wordsplit_add_segm (wordsplit.c:523)
==602622==    by 0x4039854: scan_word (wordsplit.c:2062)
==602622==    by 0x4039C7C: wordsplit_process_list (wordsplit.c:2358)
==602622==    by 0x403A562: wordsplit_run.constprop.0 (wordsplit.c:2434)
==602622==    by 0x400BFFA: parse_default_options (tar.c:2256)
==602622==    by 0x400BFFA: decode_options (tar.c:2378)
==602622==    by 0x400BFFA: main (tar.c:2792)
==602622== 
==602622== 96 bytes in 1 blocks are indirectly lost in loss record 12 of 17
==602622==    at 0x48C4E43: calloc (vg_replace_malloc.c:1678)
==602622==    by 0x40516F1: xcalloc (xmalloc.c:298)
==602622==    by 0x40516F1: xzalloc (xmalloc.c:283)
==602622==    by 0x4029932: make_name (names.c:596)
==602622==    by 0x4029932: addname (names.c:1233)
==602622==    by 0x4033702: update_archive (update.c:154)
==602622==    by 0x400CC4C: main (tar.c:2810)
==602622== 
==602622== 100 (96 direct, 4 indirect) bytes in 1 blocks are definitely lost in loss record 13 of 17
==602622==    at 0x48C4E43: calloc (vg_replace_malloc.c:1678)
==602622==    by 0x40516F1: xcalloc (xmalloc.c:298)
==602622==    by 0x40516F1: xzalloc (xmalloc.c:283)
==602622==    by 0x4029932: make_name (names.c:596)
==602622==    by 0x4029932: addname (names.c:1233)
==602622==    by 0x4033702: update_archive (update.c:154)
==602622==    by 0x400CC4C: main (tar.c:2810)
==602622== 
==602622== 102 bytes in 1 blocks are still reachable in loss record 14 of 17
==602622==    at 0x48BD858: malloc (vg_replace_malloc.c:447)
==602622==    by 0x40512CC: xmalloc (xmalloc.c:45)
==602622==    by 0x4029881: name_init (names.c:869)
==602622==    by 0x400C94C: main (tar.c:2794)
==602622== 
==602622== 176 bytes in 1 blocks are still reachable in loss record 15 of 17
==602622==    at 0x48C4E43: calloc (vg_replace_malloc.c:1678)
==602622==    by 0x404789C: hash_initialize (hash.c:544)
==602622==    by 0x401411B: file_count_links (create.c:1530)
==602622==    by 0x401411B: file_count_links (create.c:1508)
==602622==    by 0x4016A58: dump_file0 (create.c:1779)
==602622==    by 0x4015F1E: dump_file (create.c:1968)
==602622==    by 0x4033312: update_archive (update.c:229)
==602622==    by 0x400CC4C: main (tar.c:2810)
==602622== 
==602622== 198 (96 direct, 102 indirect) bytes in 1 blocks are definitely lost in loss record 16 of 17
==602622==    at 0x48C4E43: calloc (vg_replace_malloc.c:1678)
==602622==    by 0x40516F1: xcalloc (xmalloc.c:298)
==602622==    by 0x40516F1: xzalloc (xmalloc.c:283)
==602622==    by 0x4029932: make_name (names.c:596)
==602622==    by 0x4029932: addname (names.c:1233)
==602622==    by 0x4029AB7: name_gather (names.c:1218)
==602622==    by 0x403322C: update_archive (update.c:111)
==602622==    by 0x400CC4C: main (tar.c:2810)
==602622== 
==602622== 4,064 bytes in 1 blocks are still reachable in loss record 17 of 17
==602622==    at 0x48BD858: malloc (vg_replace_malloc.c:447)
==602622==    by 0x40512CC: xmalloc (xmalloc.c:45)
==602622==    by 0x404A07D: call_chunkfun (obstack.c:88)
==602622==    by 0x404A07D: _obstack_begin_worker.isra.0 (obstack.c:135)
==602622==    by 0x404A0A8: _obstack_begin (obstack.c:157)
==602622==    by 0x4032C57: _transform_name_to_obstack (transform.c:592)
==602622==    by 0x4032C57: transform_name_fp (transform.c:614)
==602622==    by 0x4023670: transform_member_name (list.c:114)
==602622==    by 0x4023670: transform_stat_info.part.0 (list.c:150)
==602622==    by 0x403343D: update_archive (update.c:134)
==602622==    by 0x400CC4C: main (tar.c:2810)
==602622== 
==602622== LEAK SUMMARY:
==602622==    definitely lost: 334 bytes in 7 blocks
==602622==    indirectly lost: 121 bytes in 9 blocks
==602622==      possibly lost: 0 bytes in 0 blocks
==602622==    still reachable: 4,550 bytes in 7 blocks
==602622==         suppressed: 0 bytes in 0 blocks
==602622== 
==602622== For lists of detected and suppressed errors, rerun with: -s
==602622== ERROR SUMMARY: 5 errors from 5 contexts (suppressed: 0 from 0)
