==602638== Memcheck, a memory error detector
==602638== Copyright (C) 2002-2024, and GNU GPL'd, by Julian Seward et al.
==602638== Using Valgrind-3.26.0 and LibVEX; rerun with -h for copyright info
==602638== Command: tar tf arc
==602638== Parent PID: 602565
==602638== 
==602638== 
==602638== FILE DESCRIPTORS: 1 open (1 inherited) at exit.
==602638== 
==602638== HEAP SUMMARY:
==602638==     in use at exit: 4,400 bytes in 13 blocks
==602638==   total heap usage: 35 allocs, 22 frees, 39,328 bytes allocated
==602638== 
==602638== 6 bytes in 2 blocks are indirectly lost in loss record 1 of 9
==602638==    at 0x48BD858: malloc (vg_replace_malloc.c:447)
==602638==    by 0x405185D: xmalloc (xmalloc.c:45)
==602638==    by 0x405185D: xmemdup (xmalloc.c:314)
==602638==    by 0x405185D: xstrdup (xmalloc.c:339)
==602638==    by 0x400C4F1: decode_options (tar.c:2353)
==602638==    by 0x400C4F1: main (tar.c:2792)
==602638== 
==602638== 6 bytes in 2 blocks are indirectly lost in loss record 2 of 9
==602638==    at 0x48BD858: malloc (vg_replace_malloc.c:447)
==602638==    by 0x40387DD: wsnode_quoteremoval (wordsplit.c:651)
==602638==    by 0x4039CFD: wordsplit_process_list (wordsplit.c:2390)
==602638==    by 0x403A562: wordsplit_run.constprop.0 (wordsplit.c:2434)
==602638==    by 0x400BFFA: parse_default_options (tar.c:2256)
==602638==    by 0x400BFFA: decode_options (tar.c:2378)
==602638==    by 0x400BFFA: main (tar.c:2792)
==602638== 
==602638== 6 bytes in 2 blocks are definitely lost in loss record 3 of 9
==602638==    at 0x48BD858: malloc (vg_replace_malloc.c:447)
==602638==    by 0x403A1FB: wordsplit_finish (wordsplit.c:836)
==602638==    by 0x400BFFA: parse_default_options (tar.c:2256)
==602638==    by 0x400BFFA: decode_options (tar.c:2378)
==602638==    by 0x400BFFA: main (tar.c:2792)
==602638== 
==602638== 16 bytes in 1 blocks are still reachable in loss record 4 of 9
==602638==    at 0x48C4E43: calloc (vg_replace_malloc.c:1678)
==602638==    by 0x40516F1: xcalloc (xmalloc.c:298)
==602638==    by 0x40516F1: xzalloc (xmalloc.c:283)
==602638==    by 0x400BEF9: decode_options (tar.c:2297)
==602638==    by 0x400BEF9: main (tar.c:2792)
==602638== 
==602638== 46 (40 direct, 6 indirect) bytes in 1 blocks are definitely lost in loss record 5 of 9
==602638==    at 0x48BD858: malloc (vg_replace_malloc.c:447)
==602638==    by 0x40512CC: xmalloc (xmalloc.c:45)
==602638==    by 0x400C46E: decode_options (tar.c:2340)
==602638==    by 0x400C46E: main (tar.c:2792)
==602638== 
==602638== 80 bytes in 1 blocks are still reachable in loss record 6 of 9
==602638==    at 0x48BD858: malloc (vg_replace_malloc.c:447)
==602638==    by 0x40512CC: xmalloc (xmalloc.c:45)
==602638==    by 0x400BE43: main (tar.c:2781)
==602638== 
==602638== 86 (80 direct, 6 indirect) bytes in 2 blocks are definitely lost in loss record 7 of 9
==602638==    at 0x48C4E43: calloc (vg_replace_malloc.c:1678)
==602638==    by 0x403959D: wsnode_new (wordsplit.c:422)
==602638==    by 0x403959D: wordsplit_add_segm (wordsplit.c:523)
==602638==    by 0x4039854: scan_word (wordsplit.c:2062)
==602638==    by 0x4039C7C: wordsplit_process_list (wordsplit.c:2358)
==602638==    by 0x403A562: wordsplit_run.constprop.0 (wordsplit.c:2434)
==602638==    by 0x400BFFA: parse_default_options (tar.c:2256)
==602638==    by 0x400BFFA: decode_options (tar.c:2378)
==602638==    by 0x400BFFA: main (tar.c:2792)
==602638== 
==602638== 102 bytes in 1 blocks are still reachable in loss record 8 of 9
==602638==    at 0x48BD858: malloc (vg_replace_malloc.c:447)
==602638==    by 0x40512CC: xmalloc (xmalloc.c:45)
==602638==    by 0x4029881: name_init (names.c:869)
==602638==    by 0x400C94C: main (tar.c:2794)
==602638== 
==602638== 4,064 bytes in 1 blocks are still reachable in loss record 9 of 9
==602638==    at 0x48BD858: malloc (vg_replace_malloc.c:447)
==602638==    by 0x40512CC: xmalloc (xmalloc.c:45)
==602638==    by 0x404A07D: call_chunkfun (obstack.c:88)
==602638==    by 0x404A07D: _obstack_begin_worker.isra.0 (obstack.c:135)
==602638==    by 0x404A0A8: _obstack_begin (obstack.c:157)
==602638==    by 0x4032C57: _transform_name_to_obstack (transform.c:592)
==602638==    by 0x4032C57: transform_name_fp (transform.c:614)
==602638==    by 0x4023670: transform_member_name (list.c:114)
==602638==    by 0x4023670: transform_stat_info.part.0 (list.c:150)
==602638==    by 0x4025850: transform_stat_info (list.c:227)
==602638==    by 0x4025850: read_and (list.c:227)
==602638==    by 0x400CD4B: main (tar.c:2832)
==602638== 
==602638== LEAK SUMMARY:
==602638==    definitely lost: 126 bytes in 5 blocks
==602638==    indirectly lost: 12 bytes in 4 blocks
==602638==      possibly lost: 0 bytes in 0 blocks
==602638==    still reachable: 4,262 bytes in 4 blocks
==602638==         suppressed: 0 bytes in 0 blocks
==602638== 
==602638== For lists of detected and suppressed errors, rerun with: -s
==602638== ERROR SUMMARY: 3 errors from 3 contexts (suppressed: 0 from 0)
