==602754== Memcheck, a memory error detector
==602754== Copyright (C) 2002-2024, and GNU GPL'd, by Julian Seward et al.
==602754== Using Valgrind-3.26.0 and LibVEX; rerun with -h for copyright info
==602754== Command: tar cf arc a
==602754== Parent PID: 602748
==602754== 
==602754== 
==602754== FILE DESCRIPTORS: 1 open (1 inherited) at exit.
==602754== 
==602754== HEAP SUMMARY:
==602754==     in use at exit: 4,424 bytes in 15 blocks
==602754==   total heap usage: 71 allocs, 56 frees, 89,384 bytes allocated
==602754== 
==602754== 5 bytes in 1 blocks are still reachable in loss record 1 of 11
==602754==    at 0x48BD858: malloc (vg_replace_malloc.c:447)
==602754==    by 0x405185D: xmalloc (xmalloc.c:45)
==602754==    by 0x405185D: xmemdup (xmalloc.c:314)
==602754==    by 0x405185D: xstrdup (xmalloc.c:339)
==602754==    by 0x402644F: assign_string (misc.c:58)
==602754==    by 0x4029612: uid_to_uname (names.c:490)
==602754==    by 0x40155F3: start_header (create.c:931)
==602754==    by 0x40167F9: dump_dir0 (create.c:1123)
==602754==    by 0x40167F9: dump_dir (create.c:1320)
==602754==    by 0x40167F9: dump_file0 (create.c:1757)
==602754==    by 0x4017589: dump_file (create.c:1968)
==602754==    by 0x4017589: create_archive (create.c:1412)
==602754==    by 0x400CD90: main (tar.c:2818)
==602754== 
==602754== 5 bytes in 1 blocks are still reachable in loss record 2 of 11
==602754==    at 0x48BD858: malloc (vg_replace_malloc.c:447)
==602754==    by 0x405185D: xmalloc (xmalloc.c:45)
==602754==    by 0x405185D: xmemdup (xmalloc.c:314)
==602754==    by 0x405185D: xstrdup (xmalloc.c:339)
==602754==    by 0x402644F: assign_string (misc.c:58)
==602754==    by 0x40296A2: gid_to_gname (names.c:520)
==602754==    by 0x40155DB: start_header (create.c:936)
==602754==    by 0x40167F9: dump_dir0 (create.c:1123)
==602754==    by 0x40167F9: dump_dir (create.c:1320)
==602754==    by 0x40167F9: dump_file0 (create.c:1757)
==602754==    by 0x4017589: dump_file (create.c:1968)
==602754==    by 0x4017589: create_archive (create.c:1412)
==602754==    by 0x400CD90: main (tar.c:2818)
==602754== 
==602754== 6 bytes in 2 blocks are indirectly lost in loss record 3 of 11
==602754==    at 0x48BD858: malloc (vg_replace_malloc.c:447)
==602754==    by 0x405185D: xmalloc (xmalloc.c:45)
==602754==    by 0x405185D: xmemdup (xmalloc.c:314)
==602754==    by 0x405185D: xstrdup (xmalloc.c:339)
==602754==    by 0x400C4F1: decode_options (tar.c:2353)
==602754==    by 0x400C4F1: main (tar.c:2792)
==602754== 
==602754== 9 bytes in 2 blocks are indirectly lost in loss record 4 of 11
==602754==    at 0x48BD858: malloc (vg_replace_malloc.c:447)
==602754==    by 0x40387DD: wsnode_quoteremoval (wordsplit.c:651)
==602754==    by 0x4039CFD: wordsplit_process_list (wordsplit.c:2390)
==602754==    by 0x403A562: wordsplit_run.constprop.0 (wordsplit.c:2434)
==602754==    by 0x400BFFA: parse_default_options (tar.c:2256)
==602754==    by 0x400BFFA: decode_options (tar.c:2378)
==602754==    by 0x400BFFA: main (tar.c:2792)
==602754== 
==602754== 9 bytes in 2 blocks are definitely lost in loss record 5 of 11
==602754==    at 0x48BD858: malloc (vg_replace_malloc.c:447)
==602754==    by 0x403A1FB: wordsplit_finish (wordsplit.c:836)
==602754==    by 0x400BFFA: parse_default_options (tar.c:2256)
==602754==    by 0x400BFFA: decode_options (tar.c:2378)
==602754==    by 0x400BFFA: main (tar.c:2792)
==602754== 
==602754== 16 bytes in 1 blocks are still reachable in loss record 6 of 11
==602754==    at 0x48C4E43: calloc (vg_replace_malloc.c:1678)
==602754==    by 0x40516F1: xcalloc (xmalloc.c:298)
==602754==    by 0x40516F1: xzalloc (xmalloc.c:283)
==602754==    by 0x400BEF9: decode_options (tar.c:2297)
==602754==    by 0x400BEF9: main (tar.c:2792)
==602754== 
==602754== 54 (48 direct, 6 indirect) bytes in 1 blocks are definitely lost in loss record 7 of 11
==602754==    at 0x48BD858: malloc (vg_replace_malloc.c:447)
==602754==    by 0x40512CC: xmalloc (xmalloc.c:45)
==602754==    by 0x400C46E: decode_options (tar.c:2340)
==602754==    by 0x400C46E: main (tar.c:2792)
==602754== 
==602754== 80 bytes in 1 blocks are still reachable in loss record 8 of 11
==602754==    at 0x48BD858: malloc (vg_replace_malloc.c:447)
==602754==    by 0x40512CC: xmalloc (xmalloc.c:45)
==602754==    by 0x400BE43: main (tar.c:2781)
==602754== 
==602754== 89 (80 direct, 9 indirect) bytes in 2 blocks are definitely lost in loss record 9 of 11
==602754==    at 0x48C4E43: calloc (vg_replace_malloc.c:1678)
==602754==    by 0x403959D: wsnode_new (wordsplit.c:422)
==602754==    by 0x403959D: wordsplit_add_segm (wordsplit.c:523)
==602754==    by 0x4039854: scan_word (wordsplit.c:2062)
==602754==    by 0x4039C7C: wordsplit_process_list (wordsplit.c:2358)
==602754==    by 0x403A562: wordsplit_run.constprop.0 (wordsplit.c:2434)
==602754==    by 0x400BFFA: parse_default_options (tar.c:2256)
==602754==    by 0x400BFFA: decode_options (tar.c:2378)
==602754==    by 0x400BFFA: main (tar.c:2792)
==602754== 
==602754== 102 bytes in 1 blocks are still reachable in loss record 10 of 11
==602754==    at 0x48BD858: malloc (vg_replace_malloc.c:447)
==602754==    by 0x40512CC: xmalloc (xmalloc.c:45)
==602754==    by 0x4029881: name_init (names.c:869)
==602754==    by 0x400C94C: main (tar.c:2794)
==602754== 
==602754== 4,064 bytes in 1 blocks are still reachable in loss record 11 of 11
==602754==    at 0x48BD858: malloc (vg_replace_malloc.c:447)
==602754==    by 0x40512CC: xmalloc (xmalloc.c:45)
==602754==    by 0x404A07D: call_chunkfun (obstack.c:88)
==602754==    by 0x404A07D: _obstack_begin_worker.isra.0 (obstack.c:135)
==602754==    by 0x404A0A8: _obstack_begin (obstack.c:157)
==602754==    by 0x4032C57: _transform_name_to_obstack (transform.c:592)
==602754==    by 0x4032C57: transform_name_fp (transform.c:614)
==602754==    by 0x4016444: dump_file0 (create.c:1657)
==602754==    by 0x4017589: dump_file (create.c:1968)
==602754==    by 0x4017589: create_archive (create.c:1412)
==602754==    by 0x400CD90: main (tar.c:2818)
==602754== 
==602754== LEAK SUMMARY:
==602754==    definitely lost: 137 bytes in 5 blocks
==602754==    indirectly lost: 15 bytes in 4 blocks
==602754==      possibly lost: 0 bytes in 0 blocks
==602754==    still reachable: 4,272 bytes in 6 blocks
==602754==         suppressed: 0 bytes in 0 blocks
==602754== 
==602754== For lists of detected and suppressed errors, rerun with: -s
==602754== ERROR SUMMARY: 3 errors from 3 contexts (suppressed: 0 from 0)
