==603093== Memcheck, a memory error detector
==603093== Copyright (C) 2002-2024, and GNU GPL'd, by Julian Seward et al.
==603093== Using Valgrind-3.26.0 and LibVEX; rerun with -h for copyright info
==603093== Command: tar ufv arc a
==603093== Parent PID: 602748
==603093== 
==603093== 
==603093== FILE DESCRIPTORS: 1 open (1 inherited) at exit.
==603093== 
==603093== HEAP SUMMARY:
==603093==     in use at exit: 5,021 bytes in 25 blocks
==603093==   total heap usage: 86 allocs, 61 frees, 94,085 bytes allocated
==603093== 
==603093== 2 bytes in 1 blocks are indirectly lost in loss record 1 of 19
==603093==    at 0x48BD858: malloc (vg_replace_malloc.c:447)
==603093==    by 0x405185D: xmalloc (xmalloc.c:45)
==603093==    by 0x405185D: xmemdup (xmalloc.c:314)
==603093==    by 0x405185D: xstrdup (xmalloc.c:339)
==603093==    by 0x402994B: make_name (names.c:599)
==603093==    by 0x402994B: addname (names.c:1233)
==603093==    by 0x4029AB7: name_gather (names.c:1218)
==603093==    by 0x403322C: update_archive (update.c:111)
==603093==    by 0x400CC4C: main (tar.c:2810)
==603093== 
==603093== 5 bytes in 1 blocks are still reachable in loss record 2 of 19
==603093==    at 0x48BD858: malloc (vg_replace_malloc.c:447)
==603093==    by 0x405185D: xmalloc (xmalloc.c:45)
==603093==    by 0x405185D: xmemdup (xmalloc.c:314)
==603093==    by 0x405185D: xstrdup (xmalloc.c:339)
==603093==    by 0x402644F: assign_string (misc.c:58)
==603093==    by 0x4029612: uid_to_uname (names.c:490)
==603093==    by 0x40155F3: start_header (create.c:931)
==603093==    by 0x4015798: dump_regular_file (create.c:1050)
==603093==    by 0x40165E2: dump_file0 (create.c:1773)
==603093==    by 0x4015F1E: dump_file (create.c:1968)
==603093==    by 0x4033312: update_archive (update.c:229)
==603093==    by 0x400CC4C: main (tar.c:2810)
==603093== 
==603093== 5 bytes in 1 blocks are still reachable in loss record 3 of 19
==603093==    at 0x48BD858: malloc (vg_replace_malloc.c:447)
==603093==    by 0x405185D: xmalloc (xmalloc.c:45)
==603093==    by 0x405185D: xmemdup (xmalloc.c:314)
==603093==    by 0x405185D: xstrdup (xmalloc.c:339)
==603093==    by 0x402644F: assign_string (misc.c:58)
==603093==    by 0x40296A2: gid_to_gname (names.c:520)
==603093==    by 0x40155DB: start_header (create.c:936)
==603093==    by 0x4015798: dump_regular_file (create.c:1050)
==603093==    by 0x40165E2: dump_file0 (create.c:1773)
==603093==    by 0x4015F1E: dump_file (create.c:1968)
==603093==    by 0x4033312: update_archive (update.c:229)
==603093==    by 0x400CC4C: main (tar.c:2810)
==603093== 
==603093== 8 bytes in 2 blocks are indirectly lost in loss record 4 of 19
==603093==    at 0x48BD858: malloc (vg_replace_malloc.c:447)
==603093==    by 0x405185D: xmalloc (xmalloc.c:45)
==603093==    by 0x405185D: xmemdup (xmalloc.c:314)
==603093==    by 0x405185D: xstrdup (xmalloc.c:339)
==603093==    by 0x402994B: make_name (names.c:599)
==603093==    by 0x402994B: addname (names.c:1233)
==603093==    by 0x4033702: update_archive (update.c:154)
==603093==    by 0x400CC4C: main (tar.c:2810)
==603093== 
==603093== 9 bytes in 2 blocks are indirectly lost in loss record 5 of 19
==603093==    at 0x48BD858: malloc (vg_replace_malloc.c:447)
==603093==    by 0x40387DD: wsnode_quoteremoval (wordsplit.c:651)
==603093==    by 0x4039CFD: wordsplit_process_list (wordsplit.c:2390)
==603093==    by 0x403A562: wordsplit_run.constprop.0 (wordsplit.c:2434)
==603093==    by 0x400BFFA: parse_default_options (tar.c:2256)
==603093==    by 0x400BFFA: decode_options (tar.c:2378)
==603093==    by 0x400BFFA: main (tar.c:2792)
==603093== 
==603093== 9 bytes in 3 blocks are indirectly lost in loss record 6 of 19
==603093==    at 0x48BD858: malloc (vg_replace_malloc.c:447)
==603093==    by 0x405185D: xmalloc (xmalloc.c:45)
==603093==    by 0x405185D: xmemdup (xmalloc.c:314)
==603093==    by 0x405185D: xstrdup (xmalloc.c:339)
==603093==    by 0x400C4F1: decode_options (tar.c:2353)
==603093==    by 0x400C4F1: main (tar.c:2792)
==603093== 
==603093== 9 bytes in 2 blocks are definitely lost in loss record 7 of 19
==603093==    at 0x48BD858: malloc (vg_replace_malloc.c:447)
==603093==    by 0x403A1FB: wordsplit_finish (wordsplit.c:836)
==603093==    by 0x400BFFA: parse_default_options (tar.c:2256)
==603093==    by 0x400BFFA: decode_options (tar.c:2378)
==603093==    by 0x400BFFA: main (tar.c:2792)
==603093== 
==603093== 16 bytes in 1 blocks are still reachable in loss record 8 of 19
==603093==    at 0x48C4E43: calloc (vg_replace_malloc.c:1678)
==603093==    by 0x40516F1: xcalloc (xmalloc.c:298)
==603093==    by 0x40516F1: xzalloc (xmalloc.c:283)
==603093==    by 0x400BEF9: decode_options (tar.c:2297)
==603093==    by 0x400BEF9: main (tar.c:2792)
==603093== 
==603093== 32 bytes in 1 blocks are still reachable in loss record 9 of 19
==603093==    at 0x48BD858: malloc (vg_replace_malloc.c:447)
==603093==    by 0x40512CC: xmalloc (xmalloc.c:45)
==603093==    by 0x401407E: file_count_links (create.c:1522)
==603093==    by 0x401407E: file_count_links (create.c:1508)
==603093==    by 0x4016A58: dump_file0 (create.c:1779)
==603093==    by 0x4015F1E: dump_file (create.c:1968)
==603093==    by 0x4033312: update_archive (update.c:229)
==603093==    by 0x400CC4C: main (tar.c:2810)
==603093== 
==603093== 65 (56 direct, 9 indirect) bytes in 1 blocks are definitely lost in loss record 10 of 19
==603093==    at 0x48BD858: malloc (vg_replace_malloc.c:447)
==603093==    by 0x40512CC: xmalloc (xmalloc.c:45)
==603093==    by 0x400C46E: decode_options (tar.c:2340)
==603093==    by 0x400C46E: main (tar.c:2792)
==603093== 
==603093== 80 bytes in 1 blocks are still reachable in loss record 11 of 19
==603093==    at 0x48BD858: malloc (vg_replace_malloc.c:447)
==603093==    by 0x40512CC: xmalloc (xmalloc.c:45)
==603093==    by 0x400BE43: main (tar.c:2781)
==603093== 
==603093== 80 bytes in 1 blocks are still reachable in loss record 12 of 19
==603093==    at 0x48BD858: malloc (vg_replace_malloc.c:447)
==603093==    by 0x4047846: hash_initialize (hash.c:523)
==603093==    by 0x401411B: file_count_links (create.c:1530)
==603093==    by 0x401411B: file_count_links (create.c:1508)
==603093==    by 0x4016A58: dump_file0 (create.c:1779)
==603093==    by 0x4015F1E: dump_file (create.c:1968)
==603093==    by 0x4033312: update_archive (update.c:229)
==603093==    by 0x400CC4C: main (tar.c:2810)
==603093== 
==603093== 89 (80 direct, 9 indirect) bytes in 2 blocks are definitely lost in loss record 13 of 19
==603093==    at 0x48C4E43: calloc (vg_replace_malloc.c:1678)
==603093==    by 0x403959D: wsnode_new (wordsplit.c:422)
==603093==    by 0x403959D: wordsplit_add_segm (wordsplit.c:523)
==603093==    by 0x4039854: scan_word (wordsplit.c:2062)
==603093==    by 0x4039C7C: wordsplit_process_list (wordsplit.c:2358)
==603093==    by 0x403A562: wordsplit_run.constprop.0 (wordsplit.c:2434)
==603093==    by 0x400BFFA: parse_default_options (tar.c:2256)
==603093==    by 0x400BFFA: decode_options (tar.c:2378)
==603093==    by 0x400BFFA: main (tar.c:2792)
==603093== 
==603093== 96 bytes in 1 blocks are indirectly lost in loss record 14 of 19
==603093==    at 0x48C4E43: calloc (vg_replace_malloc.c:1678)
==603093==    by 0x40516F1: xcalloc (xmalloc.c:298)
==603093==    by 0x40516F1: xzalloc (xmalloc.c:283)
==603093==    by 0x4029932: make_name (names.c:596)
==603093==    by 0x4029932: addname (names.c:1233)
==603093==    by 0x4033702: update_archive (update.c:154)
==603093==    by 0x400CC4C: main (tar.c:2810)
==603093== 
==603093== 100 (96 direct, 4 indirect) bytes in 1 blocks are definitely lost in loss record 15 of 19
==603093==    at 0x48C4E43: calloc (vg_replace_malloc.c:1678)
==603093==    by 0x40516F1: xcalloc (xmalloc.c:298)
==603093==    by 0x40516F1: xzalloc (xmalloc.c:283)
==603093==    by 0x4029932: make_name (names.c:596)
==603093==    by 0x4029932: addname (names.c:1233)
==603093==    by 0x4033702: update_archive (update.c:154)
==603093==    by 0x400CC4C: main (tar.c:2810)
==603093== 
==603093== 102 bytes in 1 blocks are still reachable in loss record 16 of 19
==603093==    at 0x48BD858: malloc (vg_replace_malloc.c:447)
==603093==    by 0x40512CC: xmalloc (xmalloc.c:45)
==603093==    by 0x4029881: name_init (names.c:869)
==603093==    by 0x400C94C: main (tar.c:2794)
==603093== 
==603093== 176 bytes in 1 blocks are still reachable in loss record 17 of 19
==603093==    at 0x48C4E43: calloc (vg_replace_malloc.c:1678)
==603093==    by 0x404789C: hash_initialize (hash.c:544)
==603093==    by 0x401411B: file_count_links (create.c:1530)
==603093==    by 0x401411B: file_count_links (create.c:1508)
==603093==    by 0x4016A58: dump_file0 (create.c:1779)
==603093==    by 0x4015F1E: dump_file (create.c:1968)
==603093==    by 0x4033312: update_archive (update.c:229)
==603093==    by 0x400CC4C: main (tar.c:2810)
==603093== 
==603093== 198 (96 direct, 102 indirect) bytes in 1 blocks are definitely lost in loss record 18 of 19
==603093==    at 0x48C4E43: calloc (vg_replace_malloc.c:1678)
==603093==    by 0x40516F1: xcalloc (xmalloc.c:298)
==603093==    by 0x40516F1: xzalloc (xmalloc.c:283)
==603093==    by 0x4029932: make_name (names.c:596)
==603093==    by 0x4029932: addname (names.c:1233)
==603093==    by 0x4029AB7: name_gather (names.c:1218)
==603093==    by 0x403322C: update_archive (update.c:111)
==603093==    by 0x400CC4C: main (tar.c:2810)
==603093== 
==603093== 4,064 bytes in 1 blocks are still reachable in loss record 19 of 19
==603093==    at 0x48BD858: malloc (vg_replace_malloc.c:447)
==603093==    by 0x40512CC: xmalloc (xmalloc.c:45)
==603093==    by 0x404A07D: call_chunkfun (obstack.c:88)
==603093==    by 0x404A07D: _obstack_begin_worker.isra.0 (obstack.c:135)
==603093==    by 0x404A0A8: _obstack_begin (obstack.c:157)
==603093==    by 0x4032C57: _transform_name_to_obstack (transform.c:592)
==603093==    by 0x4032C57: transform_name_fp (transform.c:614)
==603093==    by 0x4023670: transform_member_name (list.c:114)
==603093==    by 0x4023670: transform_stat_info.part.0 (list.c:150)
==603093==    by 0x403343D: update_archive (update.c:134)
==603093==    by 0x400CC4C: main (tar.c:2810)
==603093== 
==603093== LEAK SUMMARY:
==603093==    definitely lost: 337 bytes in 7 blocks
==603093==    indirectly lost: 124 bytes in 9 blocks
==603093==      possibly lost: 0 bytes in 0 blocks
==603093==    still reachable: 4,560 bytes in 9 blocks
==603093==         suppressed: 0 bytes in 0 blocks
==603093== 
==603093== For lists of detected and suppressed errors, rerun with: -s
==603093== ERROR SUMMARY: 5 errors from 5 contexts (suppressed: 0 from 0)
