==612842== Memcheck, a memory error detector
==612842== Copyright (C) 2002-2024, and GNU GPL'd, by Julian Seward et al.
==612842== Using Valgrind-3.26.0 and LibVEX; rerun with -h for copyright info
==612842== Command: tar --version
==612842== Parent PID: 612755
==612842== 
==612842== 
==612842== FILE DESCRIPTORS: 4 open (4 inherited) at exit.
==612842== 
==612842== HEAP SUMMARY:
==612842==     in use at exit: 7,767 bytes in 3 blocks
==612842==   total heap usage: 15 allocs, 12 frees, 12,021 bytes allocated
==612842== 
==612842== 16 bytes in 1 blocks are still reachable in loss record 1 of 3
==612842==    at 0x5875E43: calloc (vg_replace_malloc.c:1678)
==612842==    by 0x469E501: rboxc_tar_xzalloc (in /root/rboxc/target/screen-owned-candidate/release/rboxc)
==612842==    by 0x4477AF5: single_binary_main_tar (in /root/rboxc/target/screen-owned-candidate/release/rboxc)
==612842==    by 0x5A18600: (below main) (libc_start_call_main.h:59)
==612842== 
==612842== 80 bytes in 1 blocks are still reachable in loss record 2 of 3
==612842==    at 0x586E858: malloc (vg_replace_malloc.c:447)
==612842==    by 0x469E0DC: rboxc_tar_xmalloc (in /root/rboxc/target/screen-owned-candidate/release/rboxc)
==612842==    by 0x4477A00: single_binary_main_tar (in /root/rboxc/target/screen-owned-candidate/release/rboxc)
==612842==    by 0x5A18600: (below main) (libc_start_call_main.h:59)
==612842== 
==612842== 7,671 bytes in 1 blocks are still reachable in loss record 3 of 3
==612842==    at 0x586E858: malloc (vg_replace_malloc.c:447)
==612842==    by 0x468C754: rboxc_tar_argp_parse (in /root/rboxc/target/screen-owned-candidate/release/rboxc)
==612842==    by 0x4478025: single_binary_main_tar (in /root/rboxc/target/screen-owned-candidate/release/rboxc)
==612842==    by 0x5A18600: (below main) (libc_start_call_main.h:59)
==612842== 
==612842== LEAK SUMMARY:
==612842==    definitely lost: 0 bytes in 0 blocks
==612842==    indirectly lost: 0 bytes in 0 blocks
==612842==      possibly lost: 0 bytes in 0 blocks
==612842==    still reachable: 7,767 bytes in 3 blocks
==612842==         suppressed: 0 bytes in 0 blocks
==612842== 
==612842== For lists of detected and suppressed errors, rerun with: -s
==612842== ERROR SUMMARY: 0 errors from 0 contexts (suppressed: 0 from 0)
