==635927== Memcheck, a memory error detector
==635927== Copyright (C) 2002-2024, and GNU GPL'd, by Julian Seward et al.
==635927== Using Valgrind-3.26.0 and LibVEX; rerun with -h for copyright info
==635927== Command: tar --version
==635927== Parent PID: 635772
==635927== 
==635927== 
==635927== FILE DESCRIPTORS: 4 open (4 inherited) at exit.
==635927== 
==635927== HEAP SUMMARY:
==635927==     in use at exit: 7,767 bytes in 3 blocks
==635927==   total heap usage: 15 allocs, 12 frees, 12,021 bytes allocated
==635927== 
==635927== 16 bytes in 1 blocks are still reachable in loss record 1 of 3
==635927==    at 0x5875E43: calloc (vg_replace_malloc.c:1678)
==635927==    by 0x469E501: rboxc_tar_xzalloc (in /root/rboxc/target/tar-map-probe-candidate/release/rboxc)
==635927==    by 0x4477AF5: single_binary_main_tar (in /root/rboxc/target/tar-map-probe-candidate/release/rboxc)
==635927==    by 0x5A18600: (below main) (libc_start_call_main.h:59)
==635927== 
==635927== 80 bytes in 1 blocks are still reachable in loss record 2 of 3
==635927==    at 0x586E858: malloc (vg_replace_malloc.c:447)
==635927==    by 0x469E0DC: rboxc_tar_xmalloc (in /root/rboxc/target/tar-map-probe-candidate/release/rboxc)
==635927==    by 0x4477A00: single_binary_main_tar (in /root/rboxc/target/tar-map-probe-candidate/release/rboxc)
==635927==    by 0x5A18600: (below main) (libc_start_call_main.h:59)
==635927== 
==635927== 7,671 bytes in 1 blocks are still reachable in loss record 3 of 3
==635927==    at 0x586E858: malloc (vg_replace_malloc.c:447)
==635927==    by 0x468C754: rboxc_tar_argp_parse (in /root/rboxc/target/tar-map-probe-candidate/release/rboxc)
==635927==    by 0x4478025: single_binary_main_tar (in /root/rboxc/target/tar-map-probe-candidate/release/rboxc)
==635927==    by 0x5A18600: (below main) (libc_start_call_main.h:59)
==635927== 
==635927== LEAK SUMMARY:
==635927==    definitely lost: 0 bytes in 0 blocks
==635927==    indirectly lost: 0 bytes in 0 blocks
==635927==      possibly lost: 0 bytes in 0 blocks
==635927==    still reachable: 7,767 bytes in 3 blocks
==635927==         suppressed: 0 bytes in 0 blocks
==635927== 
==635927== For lists of detected and suppressed errors, rerun with: -s
==635927== ERROR SUMMARY: 0 errors from 0 contexts (suppressed: 0 from 0)
