==729596== Memcheck, a memory error detector
==729596== Copyright (C) 2002-2024, and GNU GPL'd, by Julian Seward et al.
==729596== Using Valgrind-3.26.0 and LibVEX; rerun with -h for copyright info
==729596== Command: /bin/sh -c echo\ xxx\ |\ (cat\ ;\ exit\ 4)
==729596== Parent PID: 729592
==729596== 
==729596== 
==729596== FILE DESCRIPTORS: 3 open (2 inherited) at exit.
==729596== Open file descriptor 0:
==729596==    at 0x49BCE8B: dup2 (dup2.c:29)
==729596==    by 0x4013154: ??? (in /usr/bin/dash)
==729596==    by 0x400BCE7: ??? (in /usr/bin/dash)
==729596==    by 0x40120F8: ??? (in /usr/bin/dash)
==729596==    by 0x4004DA0: ??? (in /usr/bin/dash)
==729596==    by 0x48C4600: (below main) (libc_start_call_main.h:59)
==729596== 
==729596== 
==729596== HEAP SUMMARY:
==729596==     in use at exit: 1,115 bytes in 31 blocks
==729596==   total heap usage: 35 allocs, 4 frees, 1,811 bytes allocated
==729596== 
==729596== 27 bytes in 1 blocks are still reachable in loss record 1 of 8
==729596==    at 0x486E858: malloc (vg_replace_malloc.c:447)
==729596==    by 0x40083FA: ??? (in /usr/bin/dash)
==729596==    by 0x4012E0A: ??? (in /usr/bin/dash)
==729596==    by 0x4013FFF: ??? (in /usr/bin/dash)
==729596==    by 0x400BCE7: ??? (in /usr/bin/dash)
==729596==    by 0x400BCAC: ??? (in /usr/bin/dash)
==729596==    by 0x400C6B0: ??? (in /usr/bin/dash)
==729596==    by 0x400BCE7: ??? (in /usr/bin/dash)
==729596==    by 0x401304C: ??? (in /usr/bin/dash)
==729596==    by 0x400BCE7: ??? (in /usr/bin/dash)
==729596==    by 0x40120F8: ??? (in /usr/bin/dash)
==729596==    by 0x4004DA0: ??? (in /usr/bin/dash)
==729596== 
==729596== 28 bytes in 1 blocks are still reachable in loss record 2 of 8
==729596==    at 0x486E858: malloc (vg_replace_malloc.c:447)
==729596==    by 0x40083FA: ??? (in /usr/bin/dash)
==729596==    by 0x4012D83: ??? (in /usr/bin/dash)
==729596==    by 0x40130E0: ??? (in /usr/bin/dash)
==729596==    by 0x400BCE7: ??? (in /usr/bin/dash)
==729596==    by 0x40120F8: ??? (in /usr/bin/dash)
==729596==    by 0x4004DA0: ??? (in /usr/bin/dash)
==729596==    by 0x48C4600: (below main) (libc_start_call_main.h:59)
==729596== 
==729596== 28 bytes in 1 blocks are still reachable in loss record 3 of 8
==729596==    at 0x486E858: malloc (vg_replace_malloc.c:447)
==729596==    by 0x40083FA: ??? (in /usr/bin/dash)
==729596==    by 0x4012D83: ??? (in /usr/bin/dash)
==729596==    by 0x4013C6C: ??? (in /usr/bin/dash)
==729596==    by 0x400BCE7: ??? (in /usr/bin/dash)
==729596==    by 0x400BCE7: ??? (in /usr/bin/dash)
==729596==    by 0x400C6B0: ??? (in /usr/bin/dash)
==729596==    by 0x400BCE7: ??? (in /usr/bin/dash)
==729596==    by 0x401304C: ??? (in /usr/bin/dash)
==729596==    by 0x400BCE7: ??? (in /usr/bin/dash)
==729596==    by 0x40120F8: ??? (in /usr/bin/dash)
==729596==    by 0x4004DA0: ??? (in /usr/bin/dash)
==729596== 
==729596== 32 bytes in 1 blocks are still reachable in loss record 4 of 8
==729596==    at 0x486E858: malloc (vg_replace_malloc.c:447)
==729596==    by 0x4017AB2: ??? (in /usr/bin/dash)
==729596==    by 0x40186D4: ??? (in /usr/bin/dash)
==729596==    by 0x4004BC6: ??? (in /usr/bin/dash)
==729596==    by 0x48C4600: (below main) (libc_start_call_main.h:59)
==729596== 
==729596== 34 bytes in 1 blocks are still reachable in loss record 5 of 8
==729596==    at 0x486E858: malloc (vg_replace_malloc.c:447)
==729596==    by 0x495596E: strdup (strdup.c:42)
==729596==    by 0x40081DF: ??? (in /usr/bin/dash)
==729596==    by 0x40186F9: ??? (in /usr/bin/dash)
==729596==    by 0x4004BC6: ??? (in /usr/bin/dash)
==729596==    by 0x48C4600: (below main) (libc_start_call_main.h:59)
==729596== 
==729596== 38 bytes in 1 blocks are still reachable in loss record 6 of 8
==729596==    at 0x486E858: malloc (vg_replace_malloc.c:447)
==729596==    by 0x4017C53: ??? (in /usr/bin/dash)
==729596==    by 0x40186F9: ??? (in /usr/bin/dash)
==729596==    by 0x4004BC6: ??? (in /usr/bin/dash)
==729596==    by 0x48C4600: (below main) (libc_start_call_main.h:59)
==729596== 
==729596== 160 bytes in 1 blocks are still reachable in loss record 7 of 8
==729596==    at 0x487607F: realloc (vg_replace_malloc.c:1804)
==729596==    by 0x40074DC: ??? (in /usr/bin/dash)
==729596==    by 0x4012F76: ??? (in /usr/bin/dash)
==729596==    by 0x400BCE7: ??? (in /usr/bin/dash)
==729596==    by 0x40120F8: ??? (in /usr/bin/dash)
==729596==    by 0x4004DA0: ??? (in /usr/bin/dash)
==729596==    by 0x48C4600: (below main) (libc_start_call_main.h:59)
==729596== 
==729596== 768 bytes in 24 blocks are still reachable in loss record 8 of 8
==729596==    at 0x486E858: malloc (vg_replace_malloc.c:447)
==729596==    by 0x4017AB2: ??? (in /usr/bin/dash)
==729596==    by 0x4018670: ??? (in /usr/bin/dash)
==729596==    by 0x4004BC6: ??? (in /usr/bin/dash)
==729596==    by 0x48C4600: (below main) (libc_start_call_main.h:59)
==729596== 
==729596== LEAK SUMMARY:
==729596==    definitely lost: 0 bytes in 0 blocks
==729596==    indirectly lost: 0 bytes in 0 blocks
==729596==      possibly lost: 0 bytes in 0 blocks
==729596==    still reachable: 1,115 bytes in 31 blocks
==729596==         suppressed: 0 bytes in 0 blocks
==729596== 
==729596== For lists of detected and suppressed errors, rerun with: -s
==729596== ERROR SUMMARY: 1 errors from 1 contexts (suppressed: 0 from 0)
