==749488== Memcheck, a memory error detector
==749488== Copyright (C) 2002-2024, and GNU GPL'd, by Julian Seward et al.
==749488== Using Valgrind-3.26.0 and LibVEX; rerun with -h for copyright info
==749488== Command: /tmp/rboxc-gawk-original-mkeo_kzi/test/deps/ls -f d1
==749488== Parent PID: 749487
==749488== 
==749488== 
==749488== FILE DESCRIPTORS: 1 open (1 inherited) at exit.
==749488== 
==749488== HEAP SUMMARY:
==749488==     in use at exit: 21,064 bytes in 5 blocks
==749488==   total heap usage: 17 allocs, 12 frees, 58,107 bytes allocated
==749488== 
==749488== 24 bytes in 1 blocks are still reachable in loss record 1 of 5
==749488==    at 0x4BF807F: realloc (vg_replace_malloc.c:1804)
==749488==    by 0x411BE34: ireallocarray (ialloc.h:102)
==749488==    by 0x411BE34: xireallocarray (xmalloc.c:91)
==749488==    by 0x411BE34: xinmalloc (xmalloc.c:106)
==749488==    by 0x4077457: sort_files (ls.c:4029)
==749488==    by 0x407F451: single_binary_main_ls (ls.c:1770)
==749488==    by 0x401A532: launch_program (coreutils.c:126)
==749488==    by 0x4018E7A: main (coreutils.c:143)
==749488== 
==749488== 56 bytes in 1 blocks are still reachable in loss record 2 of 5
==749488==    at 0x4BF0858: malloc (vg_replace_malloc.c:447)
==749488==    by 0x411C0C7: xmalloc (xmalloc.c:49)
==749488==    by 0x411C0C7: xmemdup (xmalloc.c:312)
==749488==    by 0x4104FC0: clone_quoting_options (quotearg.c:116)
==749488==    by 0x407E301: decode_switches (ls.c:2354)
==749488==    by 0x407E301: single_binary_main_ls (ls.c:1672)
==749488==    by 0x401A532: launch_program (coreutils.c:126)
==749488==    by 0x4018E7A: main (coreutils.c:143)
==749488== 
==749488== 56 bytes in 1 blocks are still reachable in loss record 3 of 5
==749488==    at 0x4BF0858: malloc (vg_replace_malloc.c:447)
==749488==    by 0x411C0C7: xmalloc (xmalloc.c:49)
==749488==    by 0x411C0C7: xmemdup (xmalloc.c:312)
==749488==    by 0x4104FC0: clone_quoting_options (quotearg.c:116)
==749488==    by 0x407E365: decode_switches (ls.c:2363)
==749488==    by 0x407E365: single_binary_main_ls (ls.c:1672)
==749488==    by 0x401A532: launch_program (coreutils.c:126)
==749488==    by 0x4018E7A: main (coreutils.c:143)
==749488== 
==749488== 128 bytes in 1 blocks are still reachable in loss record 4 of 5
==749488==    at 0x4BF0858: malloc (vg_replace_malloc.c:447)
==749488==    by 0x4119AD8: tzalloc (time_rz.c:101)
==749488==    by 0x407E60C: single_binary_main_ls (ls.c:1720)
==749488==    by 0x401A532: launch_program (coreutils.c:126)
==749488==    by 0x4018E7A: main (coreutils.c:143)
==749488== 
==749488== 20,800 bytes in 1 blocks are still reachable in loss record 5 of 5
==749488==    at 0x4BF0858: malloc (vg_replace_malloc.c:447)
==749488==    by 0x411BCFC: xmalloc (xmalloc.c:49)
==749488==    by 0x407E6E7: single_binary_main_ls (ls.c:1749)
==749488==    by 0x401A532: launch_program (coreutils.c:126)
==749488==    by 0x4018E7A: main (coreutils.c:143)
==749488== 
==749488== LEAK SUMMARY:
==749488==    definitely lost: 0 bytes in 0 blocks
==749488==    indirectly lost: 0 bytes in 0 blocks
==749488==      possibly lost: 0 bytes in 0 blocks
==749488==    still reachable: 21,064 bytes in 5 blocks
==749488==         suppressed: 0 bytes in 0 blocks
==749488== 
==749488== For lists of detected and suppressed errors, rerun with: -s
==749488== ERROR SUMMARY: 0 errors from 0 contexts (suppressed: 0 from 0)
