==685604== Memcheck, a memory error detector
==685604== Copyright (C) 2002-2024, and GNU GPL'd, by Julian Seward et al.
==685604== Using Valgrind-3.26.0 and LibVEX; rerun with -h for copyright info
==685604== Command: /tmp/rboxc-tar-behavior-u_pz43oc/exec/tar -cf
==685604== Parent PID: 683658
==685604== 
==685604== 
==685604== FILE DESCRIPTORS: 3 open (3 inherited) at exit.
==685604== 
==685604== HEAP SUMMARY:
==685604==     in use at exit: 7,767 bytes in 3 blocks
==685604==   total heap usage: 14 allocs, 11 frees, 8,176 bytes allocated
==685604== 
==685604== 16 bytes in 1 blocks are still reachable in loss record 1 of 3
==685604==    at 0x48C4E43: calloc (vg_replace_malloc.c:1678)
==685604==    by 0x40516F1: xcalloc (xmalloc.c:298)
==685604==    by 0x40516F1: xzalloc (xmalloc.c:283)
==685604==    by 0x400BEF9: decode_options (tar.c:2297)
==685604==    by 0x400BEF9: main (tar.c:2792)
==685604== 
==685604== 80 bytes in 1 blocks are still reachable in loss record 2 of 3
==685604==    at 0x48BD858: malloc (vg_replace_malloc.c:447)
==685604==    by 0x40512CC: xmalloc (xmalloc.c:45)
==685604==    by 0x400BE43: main (tar.c:2781)
==685604== 
==685604== 7,671 bytes in 1 blocks are still reachable in loss record 3 of 3
==685604==    at 0x48BD858: malloc (vg_replace_malloc.c:447)
==685604==    by 0x4041854: parser_init (argp-parse.c:495)
==685604==    by 0x4041854: argp_parse (argp-parse.c:921)
==685604==    by 0x400C045: decode_options (tar.c:2380)
==685604==    by 0x400C045: main (tar.c:2792)
==685604== 
==685604== LEAK SUMMARY:
==685604==    definitely lost: 0 bytes in 0 blocks
==685604==    indirectly lost: 0 bytes in 0 blocks
==685604==      possibly lost: 0 bytes in 0 blocks
==685604==    still reachable: 7,767 bytes in 3 blocks
==685604==         suppressed: 0 bytes in 0 blocks
==685604== 
==685604== For lists of detected and suppressed errors, rerun with: -s
==685604== ERROR SUMMARY: 0 errors from 0 contexts (suppressed: 0 from 0)
