==724596== Memcheck, a memory error detector
==724596== Copyright (C) 2002-2024, and GNU GPL'd, by Julian Seward et al.
==724596== Using Valgrind-3.26.0 and LibVEX; rerun with -h for copyright info
==724596== Command: /tmp/rboxc-gawk-original-y6dsca2b/deps/cat -
==724596== Parent PID: 724592
==724596== 
==724596== 
==724596== FILE DESCRIPTORS: 2 open (0 inherited) at exit.
==724596== Open file descriptor 4:
==724596==    at 0x537EB8D: pipe (pipe.c:29)
==724596==    by 0x411A6E1: pipe_safer (pipe-safer.c:33)
==724596==    by 0x403683B: splice_cat (cat.c:578)
==724596==    by 0x4037923: single_binary_main_cat (cat.c:899)
==724596==    by 0x401A532: launch_program (coreutils.c:126)
==724596==    by 0x4018E7A: main (coreutils.c:143)
==724596== 
==724596== Open file descriptor 3:
==724596==    at 0x537EB8D: pipe (pipe.c:29)
==724596==    by 0x411A6E1: pipe_safer (pipe-safer.c:33)
==724596==    by 0x403683B: splice_cat (cat.c:578)
==724596==    by 0x4037923: single_binary_main_cat (cat.c:899)
==724596==    by 0x401A532: launch_program (coreutils.c:126)
==724596==    by 0x4018E7A: main (coreutils.c:143)
==724596== 
==724596== 
==724596== HEAP SUMMARY:
==724596==     in use at exit: 0 bytes in 0 blocks
==724596==   total heap usage: 3 allocs, 3 frees, 82 bytes allocated
==724596== 
==724596== All heap blocks were freed -- no leaks are possible
==724596== 
==724596== For lists of detected and suppressed errors, rerun with: -s
==724596== ERROR SUMMARY: 2 errors from 2 contexts (suppressed: 0 from 0)
