==735899== Memcheck, a memory error detector
==735899== Copyright (C) 2002-2024, and GNU GPL'd, by Julian Seward et al.
==735899== Using Valgrind-3.26.0 and LibVEX; rerun with -h for copyright info
==735899== Command: /tmp/rboxc-gawk-original-f0rlxwrx/deps/cat -
==735899== Parent PID: 735878
==735899== 
==735899== 
==735899== FILE DESCRIPTORS: 2 open (0 inherited) at exit.
==735899== Open file descriptor 4:
==735899==    at 0x537FB8D: pipe (pipe.c:29)
==735899==    by 0x411A7E1: pipe_safer (pipe-safer.c:33)
==735899==    by 0x403683B: splice_cat (cat.c:578)
==735899==    by 0x4037923: single_binary_main_cat (cat.c:899)
==735899==    by 0x401A532: launch_program (coreutils.c:126)
==735899==    by 0x4018E7A: main (coreutils.c:143)
==735899== 
==735899== Open file descriptor 3:
==735899==    at 0x537FB8D: pipe (pipe.c:29)
==735899==    by 0x411A7E1: pipe_safer (pipe-safer.c:33)
==735899==    by 0x403683B: splice_cat (cat.c:578)
==735899==    by 0x4037923: single_binary_main_cat (cat.c:899)
==735899==    by 0x401A532: launch_program (coreutils.c:126)
==735899==    by 0x4018E7A: main (coreutils.c:143)
==735899== 
==735899== 
==735899== HEAP SUMMARY:
==735899==     in use at exit: 0 bytes in 0 blocks
==735899==   total heap usage: 3 allocs, 3 frees, 82 bytes allocated
==735899== 
==735899== All heap blocks were freed -- no leaks are possible
==735899== 
==735899== For lists of detected and suppressed errors, rerun with: -s
==735899== ERROR SUMMARY: 2 errors from 2 contexts (suppressed: 0 from 0)
