==729268== Memcheck, a memory error detector
==729268== Copyright (C) 2002-2024, and GNU GPL'd, by Julian Seward et al.
==729268== Using Valgrind-3.26.0 and LibVEX; rerun with -h for copyright info
==729268== Command: /bin/sh -c cat\ /opt/src/gawk-5.4.1/test/pipeio2.in
==729268== Parent PID: 729267
==729268== 
==729268== 
==729268== FILE DESCRIPTORS: 3 open (3 inherited) at exit.
==729268== 
==729268== HEAP SUMMARY:
==729268==     in use at exit: 1,027 bytes in 28 blocks
==729268==   total heap usage: 30 allocs, 2 frees, 1,179 bytes allocated
==729268== 
==729268== 27 bytes in 1 blocks are still reachable in loss record 1 of 6
==729268==    at 0x486E858: malloc (vg_replace_malloc.c:447)
==729268==    by 0x40083FA: ??? (in /usr/bin/dash)
==729268==    by 0x4012E0A: ??? (in /usr/bin/dash)
==729268==    by 0x4013FFF: ??? (in /usr/bin/dash)
==729268==    by 0x400BCE7: ??? (in /usr/bin/dash)
==729268==    by 0x40120F8: ??? (in /usr/bin/dash)
==729268==    by 0x4004DA0: ??? (in /usr/bin/dash)
==729268==    by 0x48C4600: (below main) (libc_start_call_main.h:59)
==729268== 
==729268== 32 bytes in 1 blocks are still reachable in loss record 2 of 6
==729268==    at 0x486E858: malloc (vg_replace_malloc.c:447)
==729268==    by 0x4017AB2: ??? (in /usr/bin/dash)
==729268==    by 0x40186D4: ??? (in /usr/bin/dash)
==729268==    by 0x4004BC6: ??? (in /usr/bin/dash)
==729268==    by 0x48C4600: (below main) (libc_start_call_main.h:59)
==729268== 
==729268== 34 bytes in 1 blocks are still reachable in loss record 3 of 6
==729268==    at 0x486E858: malloc (vg_replace_malloc.c:447)
==729268==    by 0x495596E: strdup (strdup.c:42)
==729268==    by 0x40081DF: ??? (in /usr/bin/dash)
==729268==    by 0x40186F9: ??? (in /usr/bin/dash)
==729268==    by 0x4004BC6: ??? (in /usr/bin/dash)
==729268==    by 0x48C4600: (below main) (libc_start_call_main.h:59)
==729268== 
==729268== 38 bytes in 1 blocks are still reachable in loss record 4 of 6
==729268==    at 0x486E858: malloc (vg_replace_malloc.c:447)
==729268==    by 0x4017C53: ??? (in /usr/bin/dash)
==729268==    by 0x40186F9: ??? (in /usr/bin/dash)
==729268==    by 0x4004BC6: ??? (in /usr/bin/dash)
==729268==    by 0x48C4600: (below main) (libc_start_call_main.h:59)
==729268== 
==729268== 160 bytes in 1 blocks are still reachable in loss record 5 of 6
==729268==    at 0x487607F: realloc (vg_replace_malloc.c:1804)
==729268==    by 0x40074DC: ??? (in /usr/bin/dash)
==729268==    by 0x400A64D: ??? (in /usr/bin/dash)
==729268==    by 0x4014058: ??? (in /usr/bin/dash)
==729268==    by 0x400BCE7: ??? (in /usr/bin/dash)
==729268==    by 0x40120F8: ??? (in /usr/bin/dash)
==729268==    by 0x4004DA0: ??? (in /usr/bin/dash)
==729268==    by 0x48C4600: (below main) (libc_start_call_main.h:59)
==729268== 
==729268== 736 bytes in 23 blocks are still reachable in loss record 6 of 6
==729268==    at 0x486E858: malloc (vg_replace_malloc.c:447)
==729268==    by 0x4017AB2: ??? (in /usr/bin/dash)
==729268==    by 0x4018670: ??? (in /usr/bin/dash)
==729268==    by 0x4004BC6: ??? (in /usr/bin/dash)
==729268==    by 0x48C4600: (below main) (libc_start_call_main.h:59)
==729268== 
==729268== LEAK SUMMARY:
==729268==    definitely lost: 0 bytes in 0 blocks
==729268==    indirectly lost: 0 bytes in 0 blocks
==729268==      possibly lost: 0 bytes in 0 blocks
==729268==    still reachable: 1,027 bytes in 28 blocks
==729268==         suppressed: 0 bytes in 0 blocks
==729268== 
==729268== For lists of detected and suppressed errors, rerun with: -s
==729268== ERROR SUMMARY: 0 errors from 0 contexts (suppressed: 0 from 0)
