==603091== Memcheck, a memory error detector
==603091== Copyright (C) 2002-2024, and GNU GPL'd, by Julian Seward et al.
==603091== Using Valgrind-3.26.0 and LibVEX; rerun with -h for copyright info
==603091== Command: tar cf archive 0123456789abcde/0123456789abcde/0123456789abcde/0123456789abcde/0123456789abcde/0123456789abcde/0123456789abcde/0123456789abcde/0123456789abcde/0123456789abcde/0123456789abcde/0123456789abcde/0123456789abcde/0123456789abcde/0123456789abcde/0123456789abcde/0123456789abcde/0123456789abcde/0123456789abcde/0123456789abcde/0123456789abcde/0123456789abcde/0123456789abcde/0123456789abcde/0123456789abcde/0123456789abcde/0123456789abcde/0123456789abcde/0123456789abcde/0123456789abcde/0123456789abcde/0123456789abcde endfile
==603091== Parent PID: 603080
==603091== 
==603091== 
==603091== FILE DESCRIPTORS: 1 open (1 inherited) at exit.
==603091== 
==603091== HEAP SUMMARY:
==603091==     in use at exit: 5,678 bytes in 21 blocks
==603091==   total heap usage: 78 allocs, 57 frees, 60,106 bytes allocated
==603091== 
==603091== 5 bytes in 1 blocks are still reachable in loss record 1 of 16
==603091==    at 0x48BD858: malloc (vg_replace_malloc.c:447)
==603091==    by 0x405185D: xmalloc (xmalloc.c:45)
==603091==    by 0x405185D: xmemdup (xmalloc.c:314)
==603091==    by 0x405185D: xstrdup (xmalloc.c:339)
==603091==    by 0x402644F: assign_string (misc.c:58)
==603091==    by 0x4029612: uid_to_uname (names.c:490)
==603091==    by 0x4014A82: write_gnu_long_link (create.c:552)
==603091==    by 0x4015049: write_long_name (create.c:682)
==603091==    by 0x4015049: write_header_name (create.c:733)
==603091==    by 0x4015049: start_header (create.c:751)
==603091==    by 0x4015798: dump_regular_file (create.c:1050)
==603091==    by 0x40165E2: dump_file0 (create.c:1773)
==603091==    by 0x4017589: dump_file (create.c:1968)
==603091==    by 0x4017589: create_archive (create.c:1412)
==603091==    by 0x400CD90: main (tar.c:2818)
==603091== 
==603091== 5 bytes in 1 blocks are still reachable in loss record 2 of 16
==603091==    at 0x48BD858: malloc (vg_replace_malloc.c:447)
==603091==    by 0x405185D: xmalloc (xmalloc.c:45)
==603091==    by 0x405185D: xmemdup (xmalloc.c:314)
==603091==    by 0x405185D: xstrdup (xmalloc.c:339)
==603091==    by 0x4029621: uid_to_uname (names.c:499)
==603091==    by 0x4014A82: write_gnu_long_link (create.c:552)
==603091==    by 0x4015049: write_long_name (create.c:682)
==603091==    by 0x4015049: write_header_name (create.c:733)
==603091==    by 0x4015049: start_header (create.c:751)
==603091==    by 0x4015798: dump_regular_file (create.c:1050)
==603091==    by 0x40165E2: dump_file0 (create.c:1773)
==603091==    by 0x4017589: dump_file (create.c:1968)
==603091==    by 0x4017589: create_archive (create.c:1412)
==603091==    by 0x400CD90: main (tar.c:2818)
==603091== 
==603091== 5 bytes in 1 blocks are still reachable in loss record 3 of 16
==603091==    at 0x48BD858: malloc (vg_replace_malloc.c:447)
==603091==    by 0x405185D: xmalloc (xmalloc.c:45)
==603091==    by 0x405185D: xmemdup (xmalloc.c:314)
==603091==    by 0x405185D: xstrdup (xmalloc.c:339)
==603091==    by 0x402644F: assign_string (misc.c:58)
==603091==    by 0x40296A2: gid_to_gname (names.c:520)
==603091==    by 0x4014A90: write_gnu_long_link (create.c:553)
==603091==    by 0x4015049: write_long_name (create.c:682)
==603091==    by 0x4015049: write_header_name (create.c:733)
==603091==    by 0x4015049: start_header (create.c:751)
==603091==    by 0x4015798: dump_regular_file (create.c:1050)
==603091==    by 0x40165E2: dump_file0 (create.c:1773)
==603091==    by 0x4017589: dump_file (create.c:1968)
==603091==    by 0x4017589: create_archive (create.c:1412)
==603091==    by 0x400CD90: main (tar.c:2818)
==603091== 
==603091== 5 bytes in 1 blocks are still reachable in loss record 4 of 16
==603091==    at 0x48BD858: malloc (vg_replace_malloc.c:447)
==603091==    by 0x405185D: xmalloc (xmalloc.c:45)
==603091==    by 0x405185D: xmemdup (xmalloc.c:314)
==603091==    by 0x405185D: xstrdup (xmalloc.c:339)
==603091==    by 0x40296B1: gid_to_gname (names.c:529)
==603091==    by 0x4014A90: write_gnu_long_link (create.c:553)
==603091==    by 0x4015049: write_long_name (create.c:682)
==603091==    by 0x4015049: write_header_name (create.c:733)
==603091==    by 0x4015049: start_header (create.c:751)
==603091==    by 0x4015798: dump_regular_file (create.c:1050)
==603091==    by 0x40165E2: dump_file0 (create.c:1773)
==603091==    by 0x4017589: dump_file (create.c:1968)
==603091==    by 0x4017589: create_archive (create.c:1412)
==603091==    by 0x400CD90: main (tar.c:2818)
==603091== 
==603091== 6 bytes in 2 blocks are indirectly lost in loss record 5 of 16
==603091==    at 0x48BD858: malloc (vg_replace_malloc.c:447)
==603091==    by 0x405185D: xmalloc (xmalloc.c:45)
==603091==    by 0x405185D: xmemdup (xmalloc.c:314)
==603091==    by 0x405185D: xstrdup (xmalloc.c:339)
==603091==    by 0x400C4F1: decode_options (tar.c:2353)
==603091==    by 0x400C4F1: main (tar.c:2792)
==603091== 
==603091== 10 bytes in 2 blocks are indirectly lost in loss record 6 of 16
==603091==    at 0x48BD858: malloc (vg_replace_malloc.c:447)
==603091==    by 0x40387DD: wsnode_quoteremoval (wordsplit.c:651)
==603091==    by 0x4039CFD: wordsplit_process_list (wordsplit.c:2390)
==603091==    by 0x403A562: wordsplit_run.constprop.0 (wordsplit.c:2434)
==603091==    by 0x400BFFA: parse_default_options (tar.c:2256)
==603091==    by 0x400BFFA: decode_options (tar.c:2378)
==603091==    by 0x400BFFA: main (tar.c:2792)
==603091== 
==603091== 10 bytes in 2 blocks are definitely lost in loss record 7 of 16
==603091==    at 0x48BD858: malloc (vg_replace_malloc.c:447)
==603091==    by 0x403A1FB: wordsplit_finish (wordsplit.c:836)
==603091==    by 0x400BFFA: parse_default_options (tar.c:2256)
==603091==    by 0x400BFFA: decode_options (tar.c:2378)
==603091==    by 0x400BFFA: main (tar.c:2792)
==603091== 
==603091== 16 bytes in 1 blocks are still reachable in loss record 8 of 16
==603091==    at 0x48C4E43: calloc (vg_replace_malloc.c:1678)
==603091==    by 0x40516F1: xcalloc (xmalloc.c:298)
==603091==    by 0x40516F1: xzalloc (xmalloc.c:283)
==603091==    by 0x400BEF9: decode_options (tar.c:2297)
==603091==    by 0x400BEF9: main (tar.c:2792)
==603091== 
==603091== 62 (56 direct, 6 indirect) bytes in 1 blocks are definitely lost in loss record 9 of 16
==603091==    at 0x48BD858: malloc (vg_replace_malloc.c:447)
==603091==    by 0x40512CC: xmalloc (xmalloc.c:45)
==603091==    by 0x400C46E: decode_options (tar.c:2340)
==603091==    by 0x400C46E: main (tar.c:2792)
==603091== 
==603091== 80 bytes in 1 blocks are still reachable in loss record 10 of 16
==603091==    at 0x48BD858: malloc (vg_replace_malloc.c:447)
==603091==    by 0x40512CC: xmalloc (xmalloc.c:45)
==603091==    by 0x400BE43: main (tar.c:2781)
==603091== 
==603091== 80 bytes in 1 blocks are still reachable in loss record 11 of 16
==603091==    at 0x48BD858: malloc (vg_replace_malloc.c:447)
==603091==    by 0x4047846: hash_initialize (hash.c:523)
==603091==    by 0x401411B: file_count_links (create.c:1530)
==603091==    by 0x401411B: file_count_links (create.c:1508)
==603091==    by 0x4016A58: dump_file0 (create.c:1779)
==603091==    by 0x4017589: dump_file (create.c:1968)
==603091==    by 0x4017589: create_archive (create.c:1412)
==603091==    by 0x400CD90: main (tar.c:2818)
==603091== 
==603091== 90 (80 direct, 10 indirect) bytes in 2 blocks are definitely lost in loss record 12 of 16
==603091==    at 0x48C4E43: calloc (vg_replace_malloc.c:1678)
==603091==    by 0x403959D: wsnode_new (wordsplit.c:422)
==603091==    by 0x403959D: wordsplit_add_segm (wordsplit.c:523)
==603091==    by 0x4039854: scan_word (wordsplit.c:2062)
==603091==    by 0x4039C7C: wordsplit_process_list (wordsplit.c:2358)
==603091==    by 0x403A562: wordsplit_run.constprop.0 (wordsplit.c:2434)
==603091==    by 0x400BFFA: parse_default_options (tar.c:2256)
==603091==    by 0x400BFFA: decode_options (tar.c:2378)
==603091==    by 0x400BFFA: main (tar.c:2792)
==603091== 
==603091== 176 bytes in 1 blocks are still reachable in loss record 13 of 16
==603091==    at 0x48C4E43: calloc (vg_replace_malloc.c:1678)
==603091==    by 0x404789C: hash_initialize (hash.c:544)
==603091==    by 0x401411B: file_count_links (create.c:1530)
==603091==    by 0x401411B: file_count_links (create.c:1508)
==603091==    by 0x4016A58: dump_file0 (create.c:1779)
==603091==    by 0x4017589: dump_file (create.c:1968)
==603091==    by 0x4017589: create_archive (create.c:1412)
==603091==    by 0x400CD90: main (tar.c:2818)
==603091== 
==603091== 512 bytes in 1 blocks are still reachable in loss record 14 of 16
==603091==    at 0x48C53C0: reallocarray (vg_replace_malloc.c:1806)
==603091==    by 0x40514B0: xreallocarray (xmalloc.c:84)
==603091==    by 0x40514B0: x2nrealloc (xmalloc.c:203)
==603091==    by 0x40514B0: x2realloc (xmalloc.c:120)
==603091==    by 0x4028B17: copy_name (names.c:1088)
==603091==    by 0x4028B17: name_next_elt (names.c:1129)
==603091==    by 0x40298EC: name_next (names.c:1152)
==603091==    by 0x401750F: create_archive (create.c:1410)
==603091==    by 0x400CD90: main (tar.c:2818)
==603091== 
==603091== 568 bytes in 2 blocks are still reachable in loss record 15 of 16
==603091==    at 0x48BD858: malloc (vg_replace_malloc.c:447)
==603091==    by 0x40512CC: xmalloc (xmalloc.c:45)
==603091==    by 0x401407E: file_count_links (create.c:1522)
==603091==    by 0x401407E: file_count_links (create.c:1508)
==603091==    by 0x4016A58: dump_file0 (create.c:1779)
==603091==    by 0x4017589: dump_file (create.c:1968)
==603091==    by 0x4017589: create_archive (create.c:1412)
==603091==    by 0x400CD90: main (tar.c:2818)
==603091== 
==603091== 4,064 bytes in 1 blocks are still reachable in loss record 16 of 16
==603091==    at 0x48BD858: malloc (vg_replace_malloc.c:447)
==603091==    by 0x40512CC: xmalloc (xmalloc.c:45)
==603091==    by 0x404A07D: call_chunkfun (obstack.c:88)
==603091==    by 0x404A07D: _obstack_begin_worker.isra.0 (obstack.c:135)
==603091==    by 0x404A0A8: _obstack_begin (obstack.c:157)
==603091==    by 0x4032C57: _transform_name_to_obstack (transform.c:592)
==603091==    by 0x4032C57: transform_name_fp (transform.c:614)
==603091==    by 0x4016444: dump_file0 (create.c:1657)
==603091==    by 0x4017589: dump_file (create.c:1968)
==603091==    by 0x4017589: create_archive (create.c:1412)
==603091==    by 0x400CD90: main (tar.c:2818)
==603091== 
==603091== LEAK SUMMARY:
==603091==    definitely lost: 146 bytes in 5 blocks
==603091==    indirectly lost: 16 bytes in 4 blocks
==603091==      possibly lost: 0 bytes in 0 blocks
==603091==    still reachable: 5,516 bytes in 12 blocks
==603091==         suppressed: 0 bytes in 0 blocks
==603091== 
==603091== For lists of detected and suppressed errors, rerun with: -s
==603091== ERROR SUMMARY: 3 errors from 3 contexts (suppressed: 0 from 0)
