==688765== Memcheck, a memory error detector
==688765== Copyright (C) 2002-2024, and GNU GPL'd, by Julian Seward et al.
==688765== Using Valgrind-3.26.0 and LibVEX; rerun with -h for copyright info
==688765== Command: tar --version
==688765== Parent PID: 688680
==688765== 
==688765== 
==688765== FILE DESCRIPTORS: 4 open (4 inherited) at exit.
==688765== 
==688765== HEAP SUMMARY:
==688765==     in use at exit: 7,767 bytes in 3 blocks
==688765==   total heap usage: 15 allocs, 12 frees, 12,021 bytes allocated
==688765== 
==688765== 16 bytes in 1 blocks are still reachable in loss record 1 of 3
==688765==    at 0x5875E43: calloc (vg_replace_malloc.c:1678)
==688765==    by 0x469E5C1: rboxc_tar_xzalloc (in /root/rboxc/target/tar-child-prefix-candidate/release/rboxc)
==688765==    by 0x440DEB5: single_binary_main_tar (in /root/rboxc/target/tar-child-prefix-candidate/release/rboxc)
==688765==    by 0x5A18600: (below main) (libc_start_call_main.h:59)
==688765== 
==688765== 80 bytes in 1 blocks are still reachable in loss record 2 of 3
==688765==    at 0x586E858: malloc (vg_replace_malloc.c:447)
==688765==    by 0x469E19C: rboxc_tar_xmalloc (in /root/rboxc/target/tar-child-prefix-candidate/release/rboxc)
==688765==    by 0x440DDC0: single_binary_main_tar (in /root/rboxc/target/tar-child-prefix-candidate/release/rboxc)
==688765==    by 0x5A18600: (below main) (libc_start_call_main.h:59)
==688765== 
==688765== 7,671 bytes in 1 blocks are still reachable in loss record 3 of 3
==688765==    at 0x586E858: malloc (vg_replace_malloc.c:447)
==688765==    by 0x468C814: rboxc_tar_argp_parse (in /root/rboxc/target/tar-child-prefix-candidate/release/rboxc)
==688765==    by 0x440E3E5: single_binary_main_tar (in /root/rboxc/target/tar-child-prefix-candidate/release/rboxc)
==688765==    by 0x5A18600: (below main) (libc_start_call_main.h:59)
==688765== 
==688765== LEAK SUMMARY:
==688765==    definitely lost: 0 bytes in 0 blocks
==688765==    indirectly lost: 0 bytes in 0 blocks
==688765==      possibly lost: 0 bytes in 0 blocks
==688765==    still reachable: 7,767 bytes in 3 blocks
==688765==         suppressed: 0 bytes in 0 blocks
==688765== 
==688765== For lists of detected and suppressed errors, rerun with: -s
==688765== ERROR SUMMARY: 0 errors from 0 contexts (suppressed: 0 from 0)
