==691169== Memcheck, a memory error detector
==691169== Copyright (C) 2002-2024, and GNU GPL'd, by Julian Seward et al.
==691169== Using Valgrind-3.26.0 and LibVEX; rerun with -h for copyright info
==691169== Command: /tmp/rboxc-tar-original-vkiahv7v/deps/xz -d
==691169== Parent PID: 691136
==691169== 
==691169== warning: connection to image /usr/lib/x86_64-linux-gnu/liblzma.so.5.8.3 failed
==691169==          no debug info loaded
==691169== warning: connection to image /usr/libexec/valgrind/vgpreload_core-amd64-linux.so failed
==691169==          no debug info loaded
==691169== 
==691169== FILE DESCRIPTORS: 3 open (1 inherited) at exit.
==691169== Open file descriptor 4:
==691169==    at 0x49F1B8D: pipe (pipe.c:29)
==691169==    by 0x4004F36: ??? (in /usr/bin/xz)
==691169==    by 0x48F4600: (below main) (libc_start_call_main.h:59)
==691169== 
==691169== Open file descriptor 3:
==691169==    at 0x49F1B8D: pipe (pipe.c:29)
==691169==    by 0x4004F36: ??? (in /usr/bin/xz)
==691169==    by 0x48F4600: (below main) (libc_start_call_main.h:59)
==691169== 
==691169== 
==691169== HEAP SUMMARY:
==691169==     in use at exit: 8,467,312 bytes in 11 blocks
==691169==   total heap usage: 19 allocs, 8 frees, 8,467,612 bytes allocated
==691169== 
==691169== 104 bytes in 1 blocks are still reachable in loss record 1 of 11
==691169==    at 0x4869858: malloc (vg_replace_malloc.c:447)
==691169==    by 0x489CC9D: ??? (in /usr/lib/x86_64-linux-gnu/liblzma.so.5.8.3)
==691169==    by 0x48B4A09: lzma_stream_decoder_mt (in /usr/lib/x86_64-linux-gnu/liblzma.so.5.8.3)
==691169==    by 0x400CA43: ??? (in /usr/bin/xz)
==691169==    by 0x400576F: ??? (in /usr/bin/xz)
==691169==    by 0x48F4600: (below main) (libc_start_call_main.h:59)
==691169== 
==691169== 184 bytes in 1 blocks are still reachable in loss record 2 of 11
==691169==    at 0x4869858: malloc (vg_replace_malloc.c:447)
==691169==    by 0x48B93C1: ??? (in /usr/lib/x86_64-linux-gnu/liblzma.so.5.8.3)
==691169==    by 0x48AF21E: ??? (in /usr/lib/x86_64-linux-gnu/liblzma.so.5.8.3)
==691169==    by 0x489C296: ??? (in /usr/lib/x86_64-linux-gnu/liblzma.so.5.8.3)
==691169==    by 0x48B3D4C: ??? (in /usr/lib/x86_64-linux-gnu/liblzma.so.5.8.3)
==691169==    by 0x489CE2B: lzma_code (in /usr/lib/x86_64-linux-gnu/liblzma.so.5.8.3)
==691169==    by 0x400CAC5: ??? (in /usr/bin/xz)
==691169==    by 0x400576F: ??? (in /usr/bin/xz)
==691169==    by 0x48F4600: (below main) (libc_start_call_main.h:59)
==691169== 
==691169== 248 bytes in 1 blocks are still reachable in loss record 3 of 11
==691169==    at 0x4869858: malloc (vg_replace_malloc.c:447)
==691169==    by 0x48A2D69: ??? (in /usr/lib/x86_64-linux-gnu/liblzma.so.5.8.3)
==691169==    by 0x48B3D4C: ??? (in /usr/lib/x86_64-linux-gnu/liblzma.so.5.8.3)
==691169==    by 0x489CE2B: lzma_code (in /usr/lib/x86_64-linux-gnu/liblzma.so.5.8.3)
==691169==    by 0x400CAC5: ??? (in /usr/bin/xz)
==691169==    by 0x400576F: ??? (in /usr/bin/xz)
==691169==    by 0x48F4600: (below main) (libc_start_call_main.h:59)
==691169== 
==691169== 272 bytes in 1 blocks are possibly lost in loss record 4 of 11
==691169==    at 0x4870E43: calloc (vg_replace_malloc.c:1678)
==691169==    by 0x4034506: calloc (rtld-malloc.h:44)
==691169==    by 0x4034506: allocate_dtv (dl-tls.c:470)
==691169==    by 0x4034506: _dl_allocate_tls (dl-tls.c:722)
==691169==    by 0x496EC81: allocate_stack (allocatestack.c:568)
==691169==    by 0x496EC81: pthread_create@@GLIBC_2.34 (pthread_create.c:680)
==691169==    by 0x48B4585: ??? (in /usr/lib/x86_64-linux-gnu/liblzma.so.5.8.3)
==691169==    by 0x489CE2B: lzma_code (in /usr/lib/x86_64-linux-gnu/liblzma.so.5.8.3)
==691169==    by 0x400CAC5: ??? (in /usr/bin/xz)
==691169==    by 0x400576F: ??? (in /usr/bin/xz)
==691169==    by 0x48F4600: (below main) (libc_start_call_main.h:59)
==691169== 
==691169== 320 bytes in 1 blocks are still reachable in loss record 5 of 11
==691169==    at 0x4869858: malloc (vg_replace_malloc.c:447)
==691169==    by 0x48A1CD9: lzma_index_hash_init (in /usr/lib/x86_64-linux-gnu/liblzma.so.5.8.3)
==691169==    by 0x48B3075: ??? (in /usr/lib/x86_64-linux-gnu/liblzma.so.5.8.3)
==691169==    by 0x48B4A45: lzma_stream_decoder_mt (in /usr/lib/x86_64-linux-gnu/liblzma.so.5.8.3)
==691169==    by 0x400CA43: ??? (in /usr/bin/xz)
==691169==    by 0x400576F: ??? (in /usr/bin/xz)
==691169==    by 0x48F4600: (below main) (libc_start_call_main.h:59)
==691169== 
==691169== 1,768 bytes in 1 blocks are still reachable in loss record 6 of 11
==691169==    at 0x4869858: malloc (vg_replace_malloc.c:447)
==691169==    by 0x48B3269: ??? (in /usr/lib/x86_64-linux-gnu/liblzma.so.5.8.3)
==691169==    by 0x48B4A45: lzma_stream_decoder_mt (in /usr/lib/x86_64-linux-gnu/liblzma.so.5.8.3)
==691169==    by 0x400CA43: ??? (in /usr/bin/xz)
==691169==    by 0x400576F: ??? (in /usr/bin/xz)
==691169==    by 0x48F4600: (below main) (libc_start_call_main.h:59)
==691169== 
==691169== 4,288 bytes in 1 blocks are still reachable in loss record 7 of 11
==691169==    at 0x4869858: malloc (vg_replace_malloc.c:447)
==691169==    by 0x48AF475: ??? (in /usr/lib/x86_64-linux-gnu/liblzma.so.5.8.3)
==691169==    by 0x489C296: ??? (in /usr/lib/x86_64-linux-gnu/liblzma.so.5.8.3)
==691169==    by 0x48B3D4C: ??? (in /usr/lib/x86_64-linux-gnu/liblzma.so.5.8.3)
==691169==    by 0x489CE2B: lzma_code (in /usr/lib/x86_64-linux-gnu/liblzma.so.5.8.3)
==691169==    by 0x400CAC5: ??? (in /usr/bin/xz)
==691169==    by 0x400576F: ??? (in /usr/bin/xz)
==691169==    by 0x48F4600: (below main) (libc_start_call_main.h:59)
==691169== 
==691169== 10,304 bytes in 1 blocks are still reachable in loss record 8 of 11
==691169==    at 0x4869858: malloc (vg_replace_malloc.c:447)
==691169==    by 0x48A09CF: ??? (in /usr/lib/x86_64-linux-gnu/liblzma.so.5.8.3)
==691169==    by 0x48B3BDC: ??? (in /usr/lib/x86_64-linux-gnu/liblzma.so.5.8.3)
==691169==    by 0x489CE2B: lzma_code (in /usr/lib/x86_64-linux-gnu/liblzma.so.5.8.3)
==691169==    by 0x400CAC5: ??? (in /usr/bin/xz)
==691169==    by 0x400576F: ??? (in /usr/bin/xz)
==691169==    by 0x48F4600: (below main) (libc_start_call_main.h:59)
==691169== 
==691169== 28,352 bytes in 1 blocks are still reachable in loss record 9 of 11
==691169==    at 0x4869858: malloc (vg_replace_malloc.c:447)
==691169==    by 0x48B93F5: ??? (in /usr/lib/x86_64-linux-gnu/liblzma.so.5.8.3)
==691169==    by 0x48AF21E: ??? (in /usr/lib/x86_64-linux-gnu/liblzma.so.5.8.3)
==691169==    by 0x489C296: ??? (in /usr/lib/x86_64-linux-gnu/liblzma.so.5.8.3)
==691169==    by 0x48B3D4C: ??? (in /usr/lib/x86_64-linux-gnu/liblzma.so.5.8.3)
==691169==    by 0x489CE2B: lzma_code (in /usr/lib/x86_64-linux-gnu/liblzma.so.5.8.3)
==691169==    by 0x400CAC5: ??? (in /usr/bin/xz)
==691169==    by 0x400576F: ??? (in /usr/bin/xz)
==691169==    by 0x48F4600: (below main) (libc_start_call_main.h:59)
==691169== 
==691169== 32,256 bytes in 1 blocks are still reachable in loss record 10 of 11
==691169==    at 0x4869858: malloc (vg_replace_malloc.c:447)
==691169==    by 0x48B484E: ??? (in /usr/lib/x86_64-linux-gnu/liblzma.so.5.8.3)
==691169==    by 0x489CE2B: lzma_code (in /usr/lib/x86_64-linux-gnu/liblzma.so.5.8.3)
==691169==    by 0x400CAC5: ??? (in /usr/bin/xz)
==691169==    by 0x400576F: ??? (in /usr/bin/xz)
==691169==    by 0x48F4600: (below main) (libc_start_call_main.h:59)
==691169== 
==691169== 8,389,216 bytes in 1 blocks are still reachable in loss record 11 of 11
==691169==    at 0x4869858: malloc (vg_replace_malloc.c:447)
==691169==    by 0x48AF45B: ??? (in /usr/lib/x86_64-linux-gnu/liblzma.so.5.8.3)
==691169==    by 0x489C296: ??? (in /usr/lib/x86_64-linux-gnu/liblzma.so.5.8.3)
==691169==    by 0x48B3D4C: ??? (in /usr/lib/x86_64-linux-gnu/liblzma.so.5.8.3)
==691169==    by 0x489CE2B: lzma_code (in /usr/lib/x86_64-linux-gnu/liblzma.so.5.8.3)
==691169==    by 0x400CAC5: ??? (in /usr/bin/xz)
==691169==    by 0x400576F: ??? (in /usr/bin/xz)
==691169==    by 0x48F4600: (below main) (libc_start_call_main.h:59)
==691169== 
==691169== LEAK SUMMARY:
==691169==    definitely lost: 0 bytes in 0 blocks
==691169==    indirectly lost: 0 bytes in 0 blocks
==691169==      possibly lost: 272 bytes in 1 blocks
==691169==    still reachable: 8,467,040 bytes in 10 blocks
==691169==         suppressed: 0 bytes in 0 blocks
==691169== 
==691169== For lists of detected and suppressed errors, rerun with: -s
==691169== ERROR SUMMARY: 3 errors from 3 contexts (suppressed: 0 from 0)
==691169== could not unlink /tmp/rboxc-tar-original-vkiahv7v/vgdb-pipe-from-vgdb-to-691169-by-???-on-???
==691169== could not unlink /tmp/rboxc-tar-original-vkiahv7v/vgdb-pipe-to-vgdb-from-691169-by-???-on-???
==691169== could not unlink /tmp/rboxc-tar-original-vkiahv7v/vgdb-pipe-shared-mem-vgdb-691169-by-???-on-???
