==605551== Memcheck, a memory error detector
==605551== Copyright (C) 2002-2024, and GNU GPL'd, by Julian Seward et al.
==605551== Using Valgrind-3.26.0 and LibVEX; rerun with -h for copyright info
==605551== Command: tar --version
==605551== Parent PID: 605466
==605551== 
==605551== 
==605551== FILE DESCRIPTORS: 4 open (4 inherited) at exit.
==605551== 
==605551== HEAP SUMMARY:
==605551==     in use at exit: 7,767 bytes in 3 blocks
==605551==   total heap usage: 15 allocs, 12 frees, 12,021 bytes allocated
==605551== 
==605551== 16 bytes in 1 blocks are still reachable in loss record 1 of 3
==605551==    at 0x48C4E43: calloc (vg_replace_malloc.c:1678)
==605551==    by 0x40516F1: xcalloc (xmalloc.c:298)
==605551==    by 0x40516F1: xzalloc (xmalloc.c:283)
==605551==    by 0x400BEF9: decode_options (tar.c:2297)
==605551==    by 0x400BEF9: main (tar.c:2792)
==605551== 
==605551== 80 bytes in 1 blocks are still reachable in loss record 2 of 3
==605551==    at 0x48BD858: malloc (vg_replace_malloc.c:447)
==605551==    by 0x40512CC: xmalloc (xmalloc.c:45)
==605551==    by 0x400BE43: main (tar.c:2781)
==605551== 
==605551== 7,671 bytes in 1 blocks are still reachable in loss record 3 of 3
==605551==    at 0x48BD858: malloc (vg_replace_malloc.c:447)
==605551==    by 0x4041854: parser_init (argp-parse.c:495)
==605551==    by 0x4041854: argp_parse (argp-parse.c:921)
==605551==    by 0x400C045: decode_options (tar.c:2380)
==605551==    by 0x400C045: main (tar.c:2792)
==605551== 
==605551== LEAK SUMMARY:
==605551==    definitely lost: 0 bytes in 0 blocks
==605551==    indirectly lost: 0 bytes in 0 blocks
==605551==      possibly lost: 0 bytes in 0 blocks
==605551==    still reachable: 7,767 bytes in 3 blocks
==605551==         suppressed: 0 bytes in 0 blocks
==605551== 
==605551== For lists of detected and suppressed errors, rerun with: -s
==605551== ERROR SUMMARY: 0 errors from 0 contexts (suppressed: 0 from 0)
