==605606== Memcheck, a memory error detector
==605606== Copyright (C) 2002-2024, and GNU GPL'd, by Julian Seward et al.
==605606== Using Valgrind-3.26.0 and LibVEX; rerun with -h for copyright info
==605606== Command: tar cf archive this_is_a_very_long_name_for_a_file_designed_to_test_generation_of_ustar_archives_by_gnu_tar_semicolon_it_will_not_fit_the_name_field_and_cannot_be_split_be
==605606== Parent PID: 605603
==605606== 
==605606== 
==605606== FILE DESCRIPTORS: 1 open (1 inherited) at exit.
==605606== 
==605606== HEAP SUMMARY:
==605606==     in use at exit: 4,539 bytes in 13 blocks
==605606==   total heap usage: 40 allocs, 27 frees, 69,360 bytes allocated
==605606== 
==605606== 6 bytes in 2 blocks are indirectly lost in loss record 1 of 9
==605606==    at 0x48BD858: malloc (vg_replace_malloc.c:447)
==605606==    by 0x405185D: xmalloc (xmalloc.c:45)
==605606==    by 0x405185D: xmemdup (xmalloc.c:314)
==605606==    by 0x405185D: xstrdup (xmalloc.c:339)
==605606==    by 0x400C4F1: decode_options (tar.c:2353)
==605606==    by 0x400C4F1: main (tar.c:2792)
==605606== 
==605606== 9 bytes in 2 blocks are indirectly lost in loss record 2 of 9
==605606==    at 0x48BD858: malloc (vg_replace_malloc.c:447)
==605606==    by 0x40387DD: wsnode_quoteremoval (wordsplit.c:651)
==605606==    by 0x4039CFD: wordsplit_process_list (wordsplit.c:2390)
==605606==    by 0x403A562: wordsplit_run.constprop.0 (wordsplit.c:2434)
==605606==    by 0x400BFFA: parse_default_options (tar.c:2256)
==605606==    by 0x400BFFA: decode_options (tar.c:2378)
==605606==    by 0x400BFFA: main (tar.c:2792)
==605606== 
==605606== 9 bytes in 2 blocks are definitely lost in loss record 3 of 9
==605606==    at 0x48BD858: malloc (vg_replace_malloc.c:447)
==605606==    by 0x403A1FB: wordsplit_finish (wordsplit.c:836)
==605606==    by 0x400BFFA: parse_default_options (tar.c:2256)
==605606==    by 0x400BFFA: decode_options (tar.c:2378)
==605606==    by 0x400BFFA: main (tar.c:2792)
==605606== 
==605606== 16 bytes in 1 blocks are still reachable in loss record 4 of 9
==605606==    at 0x48C4E43: calloc (vg_replace_malloc.c:1678)
==605606==    by 0x40516F1: xcalloc (xmalloc.c:298)
==605606==    by 0x40516F1: xzalloc (xmalloc.c:283)
==605606==    by 0x400BEF9: decode_options (tar.c:2297)
==605606==    by 0x400BEF9: main (tar.c:2792)
==605606== 
==605606== 54 (48 direct, 6 indirect) bytes in 1 blocks are definitely lost in loss record 5 of 9
==605606==    at 0x48BD858: malloc (vg_replace_malloc.c:447)
==605606==    by 0x40512CC: xmalloc (xmalloc.c:45)
==605606==    by 0x400C46E: decode_options (tar.c:2340)
==605606==    by 0x400C46E: main (tar.c:2792)
==605606== 
==605606== 80 bytes in 1 blocks are still reachable in loss record 6 of 9
==605606==    at 0x48BD858: malloc (vg_replace_malloc.c:447)
==605606==    by 0x40512CC: xmalloc (xmalloc.c:45)
==605606==    by 0x400BE43: main (tar.c:2781)
==605606== 
==605606== 89 (80 direct, 9 indirect) bytes in 2 blocks are definitely lost in loss record 7 of 9
==605606==    at 0x48C4E43: calloc (vg_replace_malloc.c:1678)
==605606==    by 0x403959D: wsnode_new (wordsplit.c:422)
==605606==    by 0x403959D: wordsplit_add_segm (wordsplit.c:523)
==605606==    by 0x4039854: scan_word (wordsplit.c:2062)
==605606==    by 0x4039C7C: wordsplit_process_list (wordsplit.c:2358)
==605606==    by 0x403A562: wordsplit_run.constprop.0 (wordsplit.c:2434)
==605606==    by 0x400BFFA: parse_default_options (tar.c:2256)
==605606==    by 0x400BFFA: decode_options (tar.c:2378)
==605606==    by 0x400BFFA: main (tar.c:2792)
==605606== 
==605606== 227 bytes in 1 blocks are still reachable in loss record 8 of 9
==605606==    at 0x48C53C0: reallocarray (vg_replace_malloc.c:1806)
==605606==    by 0x40514B0: xreallocarray (xmalloc.c:84)
==605606==    by 0x40514B0: x2nrealloc (xmalloc.c:203)
==605606==    by 0x40514B0: x2realloc (xmalloc.c:120)
==605606==    by 0x4028B17: copy_name (names.c:1088)
==605606==    by 0x4028B17: name_next_elt (names.c:1129)
==605606==    by 0x40298EC: name_next (names.c:1152)
==605606==    by 0x401750F: create_archive (create.c:1410)
==605606==    by 0x400CD90: main (tar.c:2818)
==605606== 
==605606== 4,064 bytes in 1 blocks are still reachable in loss record 9 of 9
==605606==    at 0x48BD858: malloc (vg_replace_malloc.c:447)
==605606==    by 0x40512CC: xmalloc (xmalloc.c:45)
==605606==    by 0x404A07D: call_chunkfun (obstack.c:88)
==605606==    by 0x404A07D: _obstack_begin_worker.isra.0 (obstack.c:135)
==605606==    by 0x404A0A8: _obstack_begin (obstack.c:157)
==605606==    by 0x4032C57: _transform_name_to_obstack (transform.c:592)
==605606==    by 0x4032C57: transform_name_fp (transform.c:614)
==605606==    by 0x4016444: dump_file0 (create.c:1657)
==605606==    by 0x4017589: dump_file (create.c:1968)
==605606==    by 0x4017589: create_archive (create.c:1412)
==605606==    by 0x400CD90: main (tar.c:2818)
==605606== 
==605606== LEAK SUMMARY:
==605606==    definitely lost: 137 bytes in 5 blocks
==605606==    indirectly lost: 15 bytes in 4 blocks
==605606==      possibly lost: 0 bytes in 0 blocks
==605606==    still reachable: 4,387 bytes in 4 blocks
==605606==         suppressed: 0 bytes in 0 blocks
==605606== 
==605606== For lists of detected and suppressed errors, rerun with: -s
==605606== ERROR SUMMARY: 3 errors from 3 contexts (suppressed: 0 from 0)
