==673462== Memcheck, a memory error detector
==673462== Copyright (C) 2002-2024, and GNU GPL'd, by Julian Seward et al.
==673462== Using Valgrind-3.26.0 and LibVEX; rerun with -h for copyright info
==673462== Command: tar --version
==673462== Parent PID: 673377
==673462== 
==673462== 
==673462== FILE DESCRIPTORS: 4 open (4 inherited) at exit.
==673462== 
==673462== HEAP SUMMARY:
==673462==     in use at exit: 7,767 bytes in 3 blocks
==673462==   total heap usage: 15 allocs, 12 frees, 12,021 bytes allocated
==673462== 
==673462== 16 bytes in 1 blocks are still reachable in loss record 1 of 3
==673462==    at 0x5875E43: calloc (vg_replace_malloc.c:1678)
==673462==    by 0x469E501: rboxc_tar_xzalloc (in /root/rboxc/target/tar-map-probe-candidate/release/rboxc)
==673462==    by 0x4477AF5: single_binary_main_tar (in /root/rboxc/target/tar-map-probe-candidate/release/rboxc)
==673462==    by 0x5A18600: (below main) (libc_start_call_main.h:59)
==673462== 
==673462== 80 bytes in 1 blocks are still reachable in loss record 2 of 3
==673462==    at 0x586E858: malloc (vg_replace_malloc.c:447)
==673462==    by 0x469E0DC: rboxc_tar_xmalloc (in /root/rboxc/target/tar-map-probe-candidate/release/rboxc)
==673462==    by 0x4477A00: single_binary_main_tar (in /root/rboxc/target/tar-map-probe-candidate/release/rboxc)
==673462==    by 0x5A18600: (below main) (libc_start_call_main.h:59)
==673462== 
==673462== 7,671 bytes in 1 blocks are still reachable in loss record 3 of 3
==673462==    at 0x586E858: malloc (vg_replace_malloc.c:447)
==673462==    by 0x468C754: rboxc_tar_argp_parse (in /root/rboxc/target/tar-map-probe-candidate/release/rboxc)
==673462==    by 0x4478025: single_binary_main_tar (in /root/rboxc/target/tar-map-probe-candidate/release/rboxc)
==673462==    by 0x5A18600: (below main) (libc_start_call_main.h:59)
==673462== 
==673462== LEAK SUMMARY:
==673462==    definitely lost: 0 bytes in 0 blocks
==673462==    indirectly lost: 0 bytes in 0 blocks
==673462==      possibly lost: 0 bytes in 0 blocks
==673462==    still reachable: 7,767 bytes in 3 blocks
==673462==         suppressed: 0 bytes in 0 blocks
==673462== 
==673462== For lists of detected and suppressed errors, rerun with: -s
==673462== ERROR SUMMARY: 0 errors from 0 contexts (suppressed: 0 from 0)
