==708233== Memcheck, a memory error detector
==708233== Copyright (C) 2002-2024, and GNU GPL'd, by Julian Seward et al.
==708233== Using Valgrind-3.26.0 and LibVEX; rerun with -h for copyright info
==708233== Command: tar --version
==708233== Parent PID: 707946
==708233== 
==708233== 
==708233== FILE DESCRIPTORS: 4 open (4 inherited) at exit.
==708233== 
==708233== HEAP SUMMARY:
==708233==     in use at exit: 7,767 bytes in 3 blocks
==708233==   total heap usage: 15 allocs, 12 frees, 12,021 bytes allocated
==708233== 
==708233== 16 bytes in 1 blocks are still reachable in loss record 1 of 3
==708233==    at 0x48C4E43: calloc (vg_replace_malloc.c:1678)
==708233==    by 0x40516F1: xcalloc (xmalloc.c:298)
==708233==    by 0x40516F1: xzalloc (xmalloc.c:283)
==708233==    by 0x400BEF9: decode_options (tar.c:2297)
==708233==    by 0x400BEF9: main (tar.c:2792)
==708233== 
==708233== 80 bytes in 1 blocks are still reachable in loss record 2 of 3
==708233==    at 0x48BD858: malloc (vg_replace_malloc.c:447)
==708233==    by 0x40512CC: xmalloc (xmalloc.c:45)
==708233==    by 0x400BE43: main (tar.c:2781)
==708233== 
==708233== 7,671 bytes in 1 blocks are still reachable in loss record 3 of 3
==708233==    at 0x48BD858: malloc (vg_replace_malloc.c:447)
==708233==    by 0x4041854: parser_init (argp-parse.c:495)
==708233==    by 0x4041854: argp_parse (argp-parse.c:921)
==708233==    by 0x400C045: decode_options (tar.c:2380)
==708233==    by 0x400C045: main (tar.c:2792)
==708233== 
==708233== LEAK SUMMARY:
==708233==    definitely lost: 0 bytes in 0 blocks
==708233==    indirectly lost: 0 bytes in 0 blocks
==708233==      possibly lost: 0 bytes in 0 blocks
==708233==    still reachable: 7,767 bytes in 3 blocks
==708233==         suppressed: 0 bytes in 0 blocks
==708233== 
==708233== For lists of detected and suppressed errors, rerun with: -s
==708233== ERROR SUMMARY: 0 errors from 0 contexts (suppressed: 0 from 0)
