==708430== Memcheck, a memory error detector
==708430== Copyright (C) 2002-2024, and GNU GPL'd, by Julian Seward et al.
==708430== Using Valgrind-3.26.0 and LibVEX; rerun with -h for copyright info
==708430== Command: tar -cf - --exclude-vcs-ignores .
==708430== Parent PID: 708427
==708430== 
==708430== 
==708430== FILE DESCRIPTORS: 1 open (1 inherited) at exit.
==708430== 
==708430== HEAP SUMMARY:
==708430==     in use at exit: 4,508 bytes in 17 blocks
==708430==   total heap usage: 88 allocs, 71 frees, 95,487 bytes allocated
==708430== 
==708430== 5 bytes in 1 blocks are still reachable in loss record 1 of 11
==708430==    at 0x48BD858: malloc (vg_replace_malloc.c:447)
==708430==    by 0x405185D: xmalloc (xmalloc.c:45)
==708430==    by 0x405185D: xmemdup (xmalloc.c:314)
==708430==    by 0x405185D: xstrdup (xmalloc.c:339)
==708430==    by 0x402644F: assign_string (misc.c:58)
==708430==    by 0x4029612: uid_to_uname (names.c:490)
==708430==    by 0x40155F3: start_header (create.c:931)
==708430==    by 0x40167F9: dump_dir0 (create.c:1123)
==708430==    by 0x40167F9: dump_dir (create.c:1320)
==708430==    by 0x40167F9: dump_file0 (create.c:1757)
==708430==    by 0x4017589: dump_file (create.c:1968)
==708430==    by 0x4017589: create_archive (create.c:1412)
==708430==    by 0x400CD90: main (tar.c:2818)
==708430== 
==708430== 5 bytes in 1 blocks are still reachable in loss record 2 of 11
==708430==    at 0x48BD858: malloc (vg_replace_malloc.c:447)
==708430==    by 0x405185D: xmalloc (xmalloc.c:45)
==708430==    by 0x405185D: xmemdup (xmalloc.c:314)
==708430==    by 0x405185D: xstrdup (xmalloc.c:339)
==708430==    by 0x402644F: assign_string (misc.c:58)
==708430==    by 0x40296A2: gid_to_gname (names.c:520)
==708430==    by 0x40155DB: start_header (create.c:936)
==708430==    by 0x40167F9: dump_dir0 (create.c:1123)
==708430==    by 0x40167F9: dump_dir (create.c:1320)
==708430==    by 0x40167F9: dump_file0 (create.c:1757)
==708430==    by 0x4017589: dump_file (create.c:1968)
==708430==    by 0x4017589: create_archive (create.c:1412)
==708430==    by 0x400CD90: main (tar.c:2818)
==708430== 
==708430== 10 bytes in 2 blocks are indirectly lost in loss record 3 of 11
==708430==    at 0x48BD858: malloc (vg_replace_malloc.c:447)
==708430==    by 0x40387DD: wsnode_quoteremoval (wordsplit.c:651)
==708430==    by 0x4039CFD: wordsplit_process_list (wordsplit.c:2390)
==708430==    by 0x403A562: wordsplit_run.constprop.0 (wordsplit.c:2434)
==708430==    by 0x400BFFA: parse_default_options (tar.c:2256)
==708430==    by 0x400BFFA: decode_options (tar.c:2378)
==708430==    by 0x400BFFA: main (tar.c:2792)
==708430== 
==708430== 10 bytes in 2 blocks are definitely lost in loss record 4 of 11
==708430==    at 0x48BD858: malloc (vg_replace_malloc.c:447)
==708430==    by 0x403A1FB: wordsplit_finish (wordsplit.c:836)
==708430==    by 0x400BFFA: parse_default_options (tar.c:2256)
==708430==    by 0x400BFFA: decode_options (tar.c:2378)
==708430==    by 0x400BFFA: main (tar.c:2792)
==708430== 
==708430== 16 bytes in 1 blocks are still reachable in loss record 5 of 11
==708430==    at 0x48C4E43: calloc (vg_replace_malloc.c:1678)
==708430==    by 0x40516F1: xcalloc (xmalloc.c:298)
==708430==    by 0x40516F1: xzalloc (xmalloc.c:283)
==708430==    by 0x400BEF9: decode_options (tar.c:2297)
==708430==    by 0x400BEF9: main (tar.c:2792)
==708430== 
==708430== 40 bytes in 1 blocks are definitely lost in loss record 6 of 11
==708430==    at 0x48C4E43: calloc (vg_replace_malloc.c:1678)
==708430==    by 0x403959D: wsnode_new (wordsplit.c:422)
==708430==    by 0x403959D: wordsplit_add_segm (wordsplit.c:523)
==708430==    by 0x4039854: scan_word (wordsplit.c:2062)
==708430==    by 0x4039C7C: wordsplit_process_list (wordsplit.c:2358)
==708430==    by 0x403A562: wordsplit_run.constprop.0 (wordsplit.c:2434)
==708430==    by 0x40187A6: cvs_addfn (exclist.c:210)
==708430==    by 0x404442C: add_exclude_fp (exclude.c:652)
==708430==    by 0x40189AC: info_attach_exclist (exclist.c:108)
==708430==    by 0x4016813: dump_dir0 (create.c:1127)
==708430==    by 0x4016813: dump_dir (create.c:1320)
==708430==    by 0x4016813: dump_file0 (create.c:1757)
==708430==    by 0x4017589: dump_file (create.c:1968)
==708430==    by 0x4017589: create_archive (create.c:1412)
==708430==    by 0x400CD90: main (tar.c:2818)
==708430== 
==708430== 80 bytes in 1 blocks are still reachable in loss record 7 of 11
==708430==    at 0x48BD858: malloc (vg_replace_malloc.c:447)
==708430==    by 0x40512CC: xmalloc (xmalloc.c:45)
==708430==    by 0x400BE43: main (tar.c:2781)
==708430== 
==708430== 90 (80 direct, 10 indirect) bytes in 2 blocks are definitely lost in loss record 8 of 11
==708430==    at 0x48C4E43: calloc (vg_replace_malloc.c:1678)
==708430==    by 0x403959D: wsnode_new (wordsplit.c:422)
==708430==    by 0x403959D: wordsplit_add_segm (wordsplit.c:523)
==708430==    by 0x4039854: scan_word (wordsplit.c:2062)
==708430==    by 0x4039C7C: wordsplit_process_list (wordsplit.c:2358)
==708430==    by 0x403A562: wordsplit_run.constprop.0 (wordsplit.c:2434)
==708430==    by 0x400BFFA: parse_default_options (tar.c:2256)
==708430==    by 0x400BFFA: decode_options (tar.c:2378)
==708430==    by 0x400BFFA: main (tar.c:2792)
==708430== 
==708430== 96 bytes in 4 blocks are still reachable in loss record 9 of 11
==708430==    at 0x48BD858: malloc (vg_replace_malloc.c:447)
==708430==    by 0x40512CC: xmalloc (xmalloc.c:45)
==708430==    by 0x4018838: excfile_add (exclist.c:52)
==708430==    by 0x4018CAA: exclude_vcs_ignores (exclist.c:335)
==708430==    by 0x4029196: handle_file_selection_option (names.c:355)
==708430==    by 0x4029196: name_next_elt (names.c:1138)
==708430==    by 0x40298EC: name_next (names.c:1152)
==708430==    by 0x401750F: create_archive (create.c:1410)
==708430==    by 0x400CD90: main (tar.c:2818)
==708430== 
==708430== 102 bytes in 1 blocks are still reachable in loss record 10 of 11
==708430==    at 0x48BD858: malloc (vg_replace_malloc.c:447)
==708430==    by 0x40512CC: xmalloc (xmalloc.c:45)
==708430==    by 0x4029881: name_init (names.c:869)
==708430==    by 0x400C94C: main (tar.c:2794)
==708430== 
==708430== 4,064 bytes in 1 blocks are still reachable in loss record 11 of 11
==708430==    at 0x48BD858: malloc (vg_replace_malloc.c:447)
==708430==    by 0x40512CC: xmalloc (xmalloc.c:45)
==708430==    by 0x404A07D: call_chunkfun (obstack.c:88)
==708430==    by 0x404A07D: _obstack_begin_worker.isra.0 (obstack.c:135)
==708430==    by 0x404A0A8: _obstack_begin (obstack.c:157)
==708430==    by 0x4032C57: _transform_name_to_obstack (transform.c:592)
==708430==    by 0x4032C57: transform_name_fp (transform.c:614)
==708430==    by 0x4016444: dump_file0 (create.c:1657)
==708430==    by 0x4017589: dump_file (create.c:1968)
==708430==    by 0x4017589: create_archive (create.c:1412)
==708430==    by 0x400CD90: main (tar.c:2818)
==708430== 
==708430== LEAK SUMMARY:
==708430==    definitely lost: 130 bytes in 5 blocks
==708430==    indirectly lost: 10 bytes in 2 blocks
==708430==      possibly lost: 0 bytes in 0 blocks
==708430==    still reachable: 4,368 bytes in 10 blocks
==708430==         suppressed: 0 bytes in 0 blocks
==708430== 
==708430== For lists of detected and suppressed errors, rerun with: -s
==708430== ERROR SUMMARY: 3 errors from 3 contexts (suppressed: 0 from 0)
