==708818== Memcheck, a memory error detector
==708818== Copyright (C) 2002-2024, and GNU GPL'd, by Julian Seward et al.
==708818== Using Valgrind-3.26.0 and LibVEX; rerun with -h for copyright info
==708818== Command: tar -tf -
==708818== Parent PID: 708807
==708818== 
==708818== 
==708818== FILE DESCRIPTORS: 0 open (0 inherited) at exit.
==708818== 
==708818== HEAP SUMMARY:
==708818==     in use at exit: 4,370 bytes in 12 blocks
==708818==   total heap usage: 61 allocs, 49 frees, 60,351 bytes allocated
==708818== 
==708818== 5 bytes in 1 blocks are still reachable in loss record 1 of 9
==708818==    at 0x48BD858: malloc (vg_replace_malloc.c:447)
==708818==    by 0x405185D: xmalloc (xmalloc.c:45)
==708818==    by 0x405185D: xmemdup (xmalloc.c:314)
==708818==    by 0x405185D: xstrdup (xmalloc.c:339)
==708818==    by 0x402644F: assign_string (misc.c:58)
==708818==    by 0x402973C: uname_to_uid (names.c:550)
==708818==    by 0x402457F: decode_header (list.c:694)
==708818==    by 0x4025616: read_and (list.c:194)
==708818==    by 0x400CD4B: main (tar.c:2832)
==708818== 
==708818== 5 bytes in 1 blocks are still reachable in loss record 2 of 9
==708818==    at 0x48BD858: malloc (vg_replace_malloc.c:447)
==708818==    by 0x405185D: xmalloc (xmalloc.c:45)
==708818==    by 0x405185D: xmemdup (xmalloc.c:314)
==708818==    by 0x405185D: xstrdup (xmalloc.c:339)
==708818==    by 0x402644F: assign_string (misc.c:58)
==708818==    by 0x40297DC: gname_to_gid (names.c:580)
==708818==    by 0x402455F: decode_header (list.c:699)
==708818==    by 0x4025616: read_and (list.c:194)
==708818==    by 0x400CD4B: main (tar.c:2832)
==708818== 
==708818== 9 bytes in 2 blocks are indirectly lost in loss record 3 of 9
==708818==    at 0x48BD858: malloc (vg_replace_malloc.c:447)
==708818==    by 0x40387DD: wsnode_quoteremoval (wordsplit.c:651)
==708818==    by 0x4039CFD: wordsplit_process_list (wordsplit.c:2390)
==708818==    by 0x403A562: wordsplit_run.constprop.0 (wordsplit.c:2434)
==708818==    by 0x400BFFA: parse_default_options (tar.c:2256)
==708818==    by 0x400BFFA: decode_options (tar.c:2378)
==708818==    by 0x400BFFA: main (tar.c:2792)
==708818== 
==708818== 9 bytes in 2 blocks are definitely lost in loss record 4 of 9
==708818==    at 0x48BD858: malloc (vg_replace_malloc.c:447)
==708818==    by 0x403A1FB: wordsplit_finish (wordsplit.c:836)
==708818==    by 0x400BFFA: parse_default_options (tar.c:2256)
==708818==    by 0x400BFFA: decode_options (tar.c:2378)
==708818==    by 0x400BFFA: main (tar.c:2792)
==708818== 
==708818== 16 bytes in 1 blocks are still reachable in loss record 5 of 9
==708818==    at 0x48C4E43: calloc (vg_replace_malloc.c:1678)
==708818==    by 0x40516F1: xcalloc (xmalloc.c:298)
==708818==    by 0x40516F1: xzalloc (xmalloc.c:283)
==708818==    by 0x400BEF9: decode_options (tar.c:2297)
==708818==    by 0x400BEF9: main (tar.c:2792)
==708818== 
==708818== 80 bytes in 1 blocks are still reachable in loss record 6 of 9
==708818==    at 0x48BD858: malloc (vg_replace_malloc.c:447)
==708818==    by 0x40512CC: xmalloc (xmalloc.c:45)
==708818==    by 0x400BE43: main (tar.c:2781)
==708818== 
==708818== 89 (80 direct, 9 indirect) bytes in 2 blocks are definitely lost in loss record 7 of 9
==708818==    at 0x48C4E43: calloc (vg_replace_malloc.c:1678)
==708818==    by 0x403959D: wsnode_new (wordsplit.c:422)
==708818==    by 0x403959D: wordsplit_add_segm (wordsplit.c:523)
==708818==    by 0x4039854: scan_word (wordsplit.c:2062)
==708818==    by 0x4039C7C: wordsplit_process_list (wordsplit.c:2358)
==708818==    by 0x403A562: wordsplit_run.constprop.0 (wordsplit.c:2434)
==708818==    by 0x400BFFA: parse_default_options (tar.c:2256)
==708818==    by 0x400BFFA: decode_options (tar.c:2378)
==708818==    by 0x400BFFA: main (tar.c:2792)
==708818== 
==708818== 102 bytes in 1 blocks are still reachable in loss record 8 of 9
==708818==    at 0x48BD858: malloc (vg_replace_malloc.c:447)
==708818==    by 0x40512CC: xmalloc (xmalloc.c:45)
==708818==    by 0x4029881: name_init (names.c:869)
==708818==    by 0x400C94C: main (tar.c:2794)
==708818== 
==708818== 4,064 bytes in 1 blocks are still reachable in loss record 9 of 9
==708818==    at 0x48BD858: malloc (vg_replace_malloc.c:447)
==708818==    by 0x40512CC: xmalloc (xmalloc.c:45)
==708818==    by 0x404A07D: call_chunkfun (obstack.c:88)
==708818==    by 0x404A07D: _obstack_begin_worker.isra.0 (obstack.c:135)
==708818==    by 0x404A0A8: _obstack_begin (obstack.c:157)
==708818==    by 0x4032C57: _transform_name_to_obstack (transform.c:592)
==708818==    by 0x4032C57: transform_name_fp (transform.c:614)
==708818==    by 0x4023670: transform_member_name (list.c:114)
==708818==    by 0x4023670: transform_stat_info.part.0 (list.c:150)
==708818==    by 0x4025850: transform_stat_info (list.c:227)
==708818==    by 0x4025850: read_and (list.c:227)
==708818==    by 0x400CD4B: main (tar.c:2832)
==708818== 
==708818== LEAK SUMMARY:
==708818==    definitely lost: 89 bytes in 4 blocks
==708818==    indirectly lost: 9 bytes in 2 blocks
==708818==      possibly lost: 0 bytes in 0 blocks
==708818==    still reachable: 4,272 bytes in 6 blocks
==708818==         suppressed: 0 bytes in 0 blocks
==708818== 
==708818== For lists of detected and suppressed errors, rerun with: -s
==708818== ERROR SUMMARY: 2 errors from 2 contexts (suppressed: 0 from 0)
