==709008== Memcheck, a memory error detector
==709008== Copyright (C) 2002-2024, and GNU GPL'd, by Julian Seward et al.
==709008== Using Valgrind-3.26.0 and LibVEX; rerun with -h for copyright info
==709008== Command: tar -cf - --exclude-vcs-ignores .
==709008== Parent PID: 709005
==709008== 
==709008== 
==709008== FILE DESCRIPTORS: 1 open (1 inherited) at exit.
==709008== 
==709008== HEAP SUMMARY:
==709008==     in use at exit: 4,502 bytes in 17 blocks
==709008==   total heap usage: 88 allocs, 71 frees, 95,481 bytes allocated
==709008== 
==709008== 5 bytes in 1 blocks are still reachable in loss record 1 of 11
==709008==    at 0x48BD858: malloc (vg_replace_malloc.c:447)
==709008==    by 0x405185D: xmalloc (xmalloc.c:45)
==709008==    by 0x405185D: xmemdup (xmalloc.c:314)
==709008==    by 0x405185D: xstrdup (xmalloc.c:339)
==709008==    by 0x402644F: assign_string (misc.c:58)
==709008==    by 0x4029612: uid_to_uname (names.c:490)
==709008==    by 0x40155F3: start_header (create.c:931)
==709008==    by 0x40167F9: dump_dir0 (create.c:1123)
==709008==    by 0x40167F9: dump_dir (create.c:1320)
==709008==    by 0x40167F9: dump_file0 (create.c:1757)
==709008==    by 0x4017589: dump_file (create.c:1968)
==709008==    by 0x4017589: create_archive (create.c:1412)
==709008==    by 0x400CD90: main (tar.c:2818)
==709008== 
==709008== 5 bytes in 1 blocks are still reachable in loss record 2 of 11
==709008==    at 0x48BD858: malloc (vg_replace_malloc.c:447)
==709008==    by 0x405185D: xmalloc (xmalloc.c:45)
==709008==    by 0x405185D: xmemdup (xmalloc.c:314)
==709008==    by 0x405185D: xstrdup (xmalloc.c:339)
==709008==    by 0x402644F: assign_string (misc.c:58)
==709008==    by 0x40296A2: gid_to_gname (names.c:520)
==709008==    by 0x40155DB: start_header (create.c:936)
==709008==    by 0x40167F9: dump_dir0 (create.c:1123)
==709008==    by 0x40167F9: dump_dir (create.c:1320)
==709008==    by 0x40167F9: dump_file0 (create.c:1757)
==709008==    by 0x4017589: dump_file (create.c:1968)
==709008==    by 0x4017589: create_archive (create.c:1412)
==709008==    by 0x400CD90: main (tar.c:2818)
==709008== 
==709008== 7 bytes in 2 blocks are indirectly lost in loss record 3 of 11
==709008==    at 0x48BD858: malloc (vg_replace_malloc.c:447)
==709008==    by 0x40387DD: wsnode_quoteremoval (wordsplit.c:651)
==709008==    by 0x4039CFD: wordsplit_process_list (wordsplit.c:2390)
==709008==    by 0x403A562: wordsplit_run.constprop.0 (wordsplit.c:2434)
==709008==    by 0x400BFFA: parse_default_options (tar.c:2256)
==709008==    by 0x400BFFA: decode_options (tar.c:2378)
==709008==    by 0x400BFFA: main (tar.c:2792)
==709008== 
==709008== 7 bytes in 2 blocks are definitely lost in loss record 4 of 11
==709008==    at 0x48BD858: malloc (vg_replace_malloc.c:447)
==709008==    by 0x403A1FB: wordsplit_finish (wordsplit.c:836)
==709008==    by 0x400BFFA: parse_default_options (tar.c:2256)
==709008==    by 0x400BFFA: decode_options (tar.c:2378)
==709008==    by 0x400BFFA: main (tar.c:2792)
==709008== 
==709008== 16 bytes in 1 blocks are still reachable in loss record 5 of 11
==709008==    at 0x48C4E43: calloc (vg_replace_malloc.c:1678)
==709008==    by 0x40516F1: xcalloc (xmalloc.c:298)
==709008==    by 0x40516F1: xzalloc (xmalloc.c:283)
==709008==    by 0x400BEF9: decode_options (tar.c:2297)
==709008==    by 0x400BEF9: main (tar.c:2792)
==709008== 
==709008== 40 bytes in 1 blocks are definitely lost in loss record 6 of 11
==709008==    at 0x48C4E43: calloc (vg_replace_malloc.c:1678)
==709008==    by 0x403959D: wsnode_new (wordsplit.c:422)
==709008==    by 0x403959D: wordsplit_add_segm (wordsplit.c:523)
==709008==    by 0x4039854: scan_word (wordsplit.c:2062)
==709008==    by 0x4039C7C: wordsplit_process_list (wordsplit.c:2358)
==709008==    by 0x403A562: wordsplit_run.constprop.0 (wordsplit.c:2434)
==709008==    by 0x40187A6: cvs_addfn (exclist.c:210)
==709008==    by 0x404442C: add_exclude_fp (exclude.c:652)
==709008==    by 0x40189AC: info_attach_exclist (exclist.c:108)
==709008==    by 0x4016813: dump_dir0 (create.c:1127)
==709008==    by 0x4016813: dump_dir (create.c:1320)
==709008==    by 0x4016813: dump_file0 (create.c:1757)
==709008==    by 0x4017589: dump_file (create.c:1968)
==709008==    by 0x4017589: create_archive (create.c:1412)
==709008==    by 0x400CD90: main (tar.c:2818)
==709008== 
==709008== 80 bytes in 1 blocks are still reachable in loss record 7 of 11
==709008==    at 0x48BD858: malloc (vg_replace_malloc.c:447)
==709008==    by 0x40512CC: xmalloc (xmalloc.c:45)
==709008==    by 0x400BE43: main (tar.c:2781)
==709008== 
==709008== 87 (80 direct, 7 indirect) bytes in 2 blocks are definitely lost in loss record 8 of 11
==709008==    at 0x48C4E43: calloc (vg_replace_malloc.c:1678)
==709008==    by 0x403959D: wsnode_new (wordsplit.c:422)
==709008==    by 0x403959D: wordsplit_add_segm (wordsplit.c:523)
==709008==    by 0x4039854: scan_word (wordsplit.c:2062)
==709008==    by 0x4039C7C: wordsplit_process_list (wordsplit.c:2358)
==709008==    by 0x403A562: wordsplit_run.constprop.0 (wordsplit.c:2434)
==709008==    by 0x400BFFA: parse_default_options (tar.c:2256)
==709008==    by 0x400BFFA: decode_options (tar.c:2378)
==709008==    by 0x400BFFA: main (tar.c:2792)
==709008== 
==709008== 96 bytes in 4 blocks are still reachable in loss record 9 of 11
==709008==    at 0x48BD858: malloc (vg_replace_malloc.c:447)
==709008==    by 0x40512CC: xmalloc (xmalloc.c:45)
==709008==    by 0x4018838: excfile_add (exclist.c:52)
==709008==    by 0x4018CAA: exclude_vcs_ignores (exclist.c:335)
==709008==    by 0x4029196: handle_file_selection_option (names.c:355)
==709008==    by 0x4029196: name_next_elt (names.c:1138)
==709008==    by 0x40298EC: name_next (names.c:1152)
==709008==    by 0x401750F: create_archive (create.c:1410)
==709008==    by 0x400CD90: main (tar.c:2818)
==709008== 
==709008== 102 bytes in 1 blocks are still reachable in loss record 10 of 11
==709008==    at 0x48BD858: malloc (vg_replace_malloc.c:447)
==709008==    by 0x40512CC: xmalloc (xmalloc.c:45)
==709008==    by 0x4029881: name_init (names.c:869)
==709008==    by 0x400C94C: main (tar.c:2794)
==709008== 
==709008== 4,064 bytes in 1 blocks are still reachable in loss record 11 of 11
==709008==    at 0x48BD858: malloc (vg_replace_malloc.c:447)
==709008==    by 0x40512CC: xmalloc (xmalloc.c:45)
==709008==    by 0x404A07D: call_chunkfun (obstack.c:88)
==709008==    by 0x404A07D: _obstack_begin_worker.isra.0 (obstack.c:135)
==709008==    by 0x404A0A8: _obstack_begin (obstack.c:157)
==709008==    by 0x4032C57: _transform_name_to_obstack (transform.c:592)
==709008==    by 0x4032C57: transform_name_fp (transform.c:614)
==709008==    by 0x4016444: dump_file0 (create.c:1657)
==709008==    by 0x4017589: dump_file (create.c:1968)
==709008==    by 0x4017589: create_archive (create.c:1412)
==709008==    by 0x400CD90: main (tar.c:2818)
==709008== 
==709008== LEAK SUMMARY:
==709008==    definitely lost: 127 bytes in 5 blocks
==709008==    indirectly lost: 7 bytes in 2 blocks
==709008==      possibly lost: 0 bytes in 0 blocks
==709008==    still reachable: 4,368 bytes in 10 blocks
==709008==         suppressed: 0 bytes in 0 blocks
==709008== 
==709008== For lists of detected and suppressed errors, rerun with: -s
==709008== ERROR SUMMARY: 3 errors from 3 contexts (suppressed: 0 from 0)
