==631335== Memcheck, a memory error detector
==631335== Copyright (C) 2002-2024, and GNU GPL'd, by Julian Seward et al.
==631335== Using Valgrind-3.26.0 and LibVEX; rerun with -h for copyright info
==631335== Command: tar uf archive foo
==631335== Parent PID: 631333
==631335== 
==631335== Conditional jump or move depends on uninitialised value(s)
==631335==    at 0x48CB135: bcmp (vg_replace_strmem.c:1234)
==631335==    by 0x400E98F: check_compressed_archive (buffer.c:423)
==631335==    by 0x4010FFD: _open_archive (buffer.c:824)
==631335==    by 0x4010FFD: open_archive (buffer.c:2025)
==631335==    by 0x4033236: update_archive (update.c:112)
==631335==    by 0x400CC4C: main (tar.c:2810)
==631335== 
==631335== Conditional jump or move depends on uninitialised value(s)
==631335==    at 0x400E992: check_compressed_archive (buffer.c:423)
==631335==    by 0x4010FFD: _open_archive (buffer.c:824)
==631335==    by 0x4010FFD: open_archive (buffer.c:2025)
==631335==    by 0x4033236: update_archive (update.c:112)
==631335==    by 0x400CC4C: main (tar.c:2810)
==631335== 
==631335== 
==631335== FILE DESCRIPTORS: 1 open (1 inherited) at exit.
==631335== 
==631335== HEAP SUMMARY:
==631335==     in use at exit: 5,085 bytes in 22 blocks
==631335==   total heap usage: 69 allocs, 47 frees, 61,206 bytes allocated
==631335== 
==631335== 4 bytes in 1 blocks are indirectly lost in loss record 1 of 18
==631335==    at 0x48BD858: malloc (vg_replace_malloc.c:447)
==631335==    by 0x405185D: xmalloc (xmalloc.c:45)
==631335==    by 0x405185D: xmemdup (xmalloc.c:314)
==631335==    by 0x405185D: xstrdup (xmalloc.c:339)
==631335==    by 0x402994B: make_name (names.c:599)
==631335==    by 0x402994B: addname (names.c:1233)
==631335==    by 0x4029AB7: name_gather (names.c:1218)
==631335==    by 0x403322C: update_archive (update.c:111)
==631335==    by 0x400CC4C: main (tar.c:2810)
==631335== 
==631335== 5 bytes in 1 blocks are still reachable in loss record 2 of 18
==631335==    at 0x48BD858: malloc (vg_replace_malloc.c:447)
==631335==    by 0x405185D: xmalloc (xmalloc.c:45)
==631335==    by 0x405185D: xmemdup (xmalloc.c:314)
==631335==    by 0x405185D: xstrdup (xmalloc.c:339)
==631335==    by 0x402644F: assign_string (misc.c:58)
==631335==    by 0x4029612: uid_to_uname (names.c:490)
==631335==    by 0x40155F3: start_header (create.c:931)
==631335==    by 0x4015798: dump_regular_file (create.c:1050)
==631335==    by 0x40165E2: dump_file0 (create.c:1773)
==631335==    by 0x4015F1E: dump_file (create.c:1968)
==631335==    by 0x4033312: update_archive (update.c:229)
==631335==    by 0x400CC4C: main (tar.c:2810)
==631335== 
==631335== 5 bytes in 1 blocks are still reachable in loss record 3 of 18
==631335==    at 0x48BD858: malloc (vg_replace_malloc.c:447)
==631335==    by 0x405185D: xmalloc (xmalloc.c:45)
==631335==    by 0x405185D: xmemdup (xmalloc.c:314)
==631335==    by 0x405185D: xstrdup (xmalloc.c:339)
==631335==    by 0x402644F: assign_string (misc.c:58)
==631335==    by 0x40296A2: gid_to_gname (names.c:520)
==631335==    by 0x40155DB: start_header (create.c:936)
==631335==    by 0x4015798: dump_regular_file (create.c:1050)
==631335==    by 0x40165E2: dump_file0 (create.c:1773)
==631335==    by 0x4015F1E: dump_file (create.c:1968)
==631335==    by 0x4033312: update_archive (update.c:229)
==631335==    by 0x400CC4C: main (tar.c:2810)
==631335== 
==631335== 6 bytes in 2 blocks are indirectly lost in loss record 4 of 18
==631335==    at 0x48BD858: malloc (vg_replace_malloc.c:447)
==631335==    by 0x405185D: xmalloc (xmalloc.c:45)
==631335==    by 0x405185D: xmemdup (xmalloc.c:314)
==631335==    by 0x405185D: xstrdup (xmalloc.c:339)
==631335==    by 0x400C4F1: decode_options (tar.c:2353)
==631335==    by 0x400C4F1: main (tar.c:2792)
==631335== 
==631335== 9 bytes in 2 blocks are indirectly lost in loss record 5 of 18
==631335==    at 0x48BD858: malloc (vg_replace_malloc.c:447)
==631335==    by 0x40387DD: wsnode_quoteremoval (wordsplit.c:651)
==631335==    by 0x4039CFD: wordsplit_process_list (wordsplit.c:2390)
==631335==    by 0x403A562: wordsplit_run.constprop.0 (wordsplit.c:2434)
==631335==    by 0x400BFFA: parse_default_options (tar.c:2256)
==631335==    by 0x400BFFA: decode_options (tar.c:2378)
==631335==    by 0x400BFFA: main (tar.c:2792)
==631335== 
==631335== 9 bytes in 2 blocks are definitely lost in loss record 6 of 18
==631335==    at 0x48BD858: malloc (vg_replace_malloc.c:447)
==631335==    by 0x403A1FB: wordsplit_finish (wordsplit.c:836)
==631335==    by 0x400BFFA: parse_default_options (tar.c:2256)
==631335==    by 0x400BFFA: decode_options (tar.c:2378)
==631335==    by 0x400BFFA: main (tar.c:2792)
==631335== 
==631335== 16 bytes in 1 blocks are still reachable in loss record 7 of 18
==631335==    at 0x48C4E43: calloc (vg_replace_malloc.c:1678)
==631335==    by 0x40516F1: xcalloc (xmalloc.c:298)
==631335==    by 0x40516F1: xzalloc (xmalloc.c:283)
==631335==    by 0x400BEF9: decode_options (tar.c:2297)
==631335==    by 0x400BEF9: main (tar.c:2792)
==631335== 
==631335== 17 bytes in 1 blocks are still reachable in loss record 8 of 18
==631335==    at 0x48BD858: malloc (vg_replace_malloc.c:447)
==631335==    by 0x405185D: xmalloc (xmalloc.c:45)
==631335==    by 0x405185D: xmemdup (xmalloc.c:314)
==631335==    by 0x405185D: xstrdup (xmalloc.c:339)
==631335==    by 0x402644F: assign_string (misc.c:58)
==631335==    by 0x401E7A6: xheader_xhdr_name (xheader.c:393)
==631335==    by 0x4014297: write_extended.part.0 (create.c:713)
==631335==    by 0x4014896: write_extended (create.c:699)
==631335==    by 0x4014896: finish_header (create.c:1024)
==631335==    by 0x40157AF: dump_regular_file (create.c:1058)
==631335==    by 0x40165E2: dump_file0 (create.c:1773)
==631335==    by 0x4015F1E: dump_file (create.c:1968)
==631335==    by 0x4033312: update_archive (update.c:229)
==631335==    by 0x400CC4C: main (tar.c:2810)
==631335== 
==631335== 32 bytes in 1 blocks are still reachable in loss record 9 of 18
==631335==    at 0x48BD858: malloc (vg_replace_malloc.c:447)
==631335==    by 0x40512CC: xmalloc (xmalloc.c:45)
==631335==    by 0x401407E: file_count_links (create.c:1522)
==631335==    by 0x401407E: file_count_links (create.c:1508)
==631335==    by 0x4016A58: dump_file0 (create.c:1779)
==631335==    by 0x4015F1E: dump_file (create.c:1968)
==631335==    by 0x4033312: update_archive (update.c:229)
==631335==    by 0x400CC4C: main (tar.c:2810)
==631335== 
==631335== 54 (48 direct, 6 indirect) bytes in 1 blocks are definitely lost in loss record 10 of 18
==631335==    at 0x48BD858: malloc (vg_replace_malloc.c:447)
==631335==    by 0x40512CC: xmalloc (xmalloc.c:45)
==631335==    by 0x400C46E: decode_options (tar.c:2340)
==631335==    by 0x400C46E: main (tar.c:2792)
==631335== 
==631335== 80 bytes in 1 blocks are still reachable in loss record 11 of 18
==631335==    at 0x48BD858: malloc (vg_replace_malloc.c:447)
==631335==    by 0x40512CC: xmalloc (xmalloc.c:45)
==631335==    by 0x400BE43: main (tar.c:2781)
==631335== 
==631335== 80 bytes in 1 blocks are still reachable in loss record 12 of 18
==631335==    at 0x48BD858: malloc (vg_replace_malloc.c:447)
==631335==    by 0x4047846: hash_initialize (hash.c:523)
==631335==    by 0x401411B: file_count_links (create.c:1530)
==631335==    by 0x401411B: file_count_links (create.c:1508)
==631335==    by 0x4016A58: dump_file0 (create.c:1779)
==631335==    by 0x4015F1E: dump_file (create.c:1968)
==631335==    by 0x4033312: update_archive (update.c:229)
==631335==    by 0x400CC4C: main (tar.c:2810)
==631335== 
==631335== 89 (80 direct, 9 indirect) bytes in 2 blocks are definitely lost in loss record 13 of 18
==631335==    at 0x48C4E43: calloc (vg_replace_malloc.c:1678)
==631335==    by 0x403959D: wsnode_new (wordsplit.c:422)
==631335==    by 0x403959D: wordsplit_add_segm (wordsplit.c:523)
==631335==    by 0x4039854: scan_word (wordsplit.c:2062)
==631335==    by 0x4039C7C: wordsplit_process_list (wordsplit.c:2358)
==631335==    by 0x403A562: wordsplit_run.constprop.0 (wordsplit.c:2434)
==631335==    by 0x400BFFA: parse_default_options (tar.c:2256)
==631335==    by 0x400BFFA: decode_options (tar.c:2378)
==631335==    by 0x400BFFA: main (tar.c:2792)
==631335== 
==631335== 100 (96 direct, 4 indirect) bytes in 1 blocks are definitely lost in loss record 14 of 18
==631335==    at 0x48C4E43: calloc (vg_replace_malloc.c:1678)
==631335==    by 0x40516F1: xcalloc (xmalloc.c:298)
==631335==    by 0x40516F1: xzalloc (xmalloc.c:283)
==631335==    by 0x4029932: make_name (names.c:596)
==631335==    by 0x4029932: addname (names.c:1233)
==631335==    by 0x4029AB7: name_gather (names.c:1218)
==631335==    by 0x403322C: update_archive (update.c:111)
==631335==    by 0x400CC4C: main (tar.c:2810)
==631335== 
==631335== 102 bytes in 1 blocks are still reachable in loss record 15 of 18
==631335==    at 0x48BD858: malloc (vg_replace_malloc.c:447)
==631335==    by 0x40512CC: xmalloc (xmalloc.c:45)
==631335==    by 0x4029881: name_init (names.c:869)
==631335==    by 0x400C94C: main (tar.c:2794)
==631335== 
==631335== 176 bytes in 1 blocks are still reachable in loss record 16 of 18
==631335==    at 0x48C4E43: calloc (vg_replace_malloc.c:1678)
==631335==    by 0x404789C: hash_initialize (hash.c:544)
==631335==    by 0x401411B: file_count_links (create.c:1530)
==631335==    by 0x401411B: file_count_links (create.c:1508)
==631335==    by 0x4016A58: dump_file0 (create.c:1779)
==631335==    by 0x4015F1E: dump_file (create.c:1968)
==631335==    by 0x4033312: update_archive (update.c:229)
==631335==    by 0x400CC4C: main (tar.c:2810)
==631335== 
==631335== 256 bytes in 1 blocks are still reachable in loss record 17 of 18
==631335==    at 0x48BD858: malloc (vg_replace_malloc.c:447)
==631335==    by 0x40512CC: xmalloc (xmalloc.c:45)
==631335==    by 0x401D274: xattr_encode_keyword (xheader.c:833)
==631335==    by 0x401D274: xheader_print_n (xheader.c:876)
==631335==    by 0x401D4FB: xheader_print (xheader.c:899)
==631335==    by 0x401D4FB: code_time (xheader.c:1043)
==631335==    by 0x401D4FB: mtime_coder (xheader.c:1232)
==631335==    by 0x401527F: start_header (create.c:852)
==631335==    by 0x4015798: dump_regular_file (create.c:1050)
==631335==    by 0x40165E2: dump_file0 (create.c:1773)
==631335==    by 0x4015F1E: dump_file (create.c:1968)
==631335==    by 0x4033312: update_archive (update.c:229)
==631335==    by 0x400CC4C: main (tar.c:2810)
==631335== 
==631335== 4,064 bytes in 1 blocks are still reachable in loss record 18 of 18
==631335==    at 0x48BD858: malloc (vg_replace_malloc.c:447)
==631335==    by 0x40512CC: xmalloc (xmalloc.c:45)
==631335==    by 0x404A07D: call_chunkfun (obstack.c:88)
==631335==    by 0x404A07D: _obstack_begin_worker.isra.0 (obstack.c:135)
==631335==    by 0x404A0A8: _obstack_begin (obstack.c:157)
==631335==    by 0x4032C57: _transform_name_to_obstack (transform.c:592)
==631335==    by 0x4032C57: transform_name_fp (transform.c:614)
==631335==    by 0x4016444: dump_file0 (create.c:1657)
==631335==    by 0x4015F1E: dump_file (create.c:1968)
==631335==    by 0x4033312: update_archive (update.c:229)
==631335==    by 0x400CC4C: main (tar.c:2810)
==631335== 
==631335== LEAK SUMMARY:
==631335==    definitely lost: 233 bytes in 6 blocks
==631335==    indirectly lost: 19 bytes in 5 blocks
==631335==      possibly lost: 0 bytes in 0 blocks
==631335==    still reachable: 4,833 bytes in 11 blocks
==631335==         suppressed: 0 bytes in 0 blocks
==631335== 
==631335== Use --track-origins=yes to see where uninitialised values come from
==631335== For lists of detected and suppressed errors, rerun with: -s
==631335== ERROR SUMMARY: 22 errors from 6 contexts (suppressed: 0 from 0)
