==631431== Memcheck, a memory error detector
==631431== Copyright (C) 2002-2024, and GNU GPL'd, by Julian Seward et al.
==631431== Using Valgrind-3.26.0 and LibVEX; rerun with -h for copyright info
==631431== Command: tar uf archive foo
==631431== Parent PID: 631429
==631431== 
==631431== Conditional jump or move depends on uninitialised value(s)
==631431==    at 0x48CB135: bcmp (vg_replace_strmem.c:1234)
==631431==    by 0x400E98F: check_compressed_archive (buffer.c:423)
==631431==    by 0x4010FFD: _open_archive (buffer.c:824)
==631431==    by 0x4010FFD: open_archive (buffer.c:2025)
==631431==    by 0x4033236: update_archive (update.c:112)
==631431==    by 0x400CC4C: main (tar.c:2810)
==631431== 
==631431== Conditional jump or move depends on uninitialised value(s)
==631431==    at 0x400E992: check_compressed_archive (buffer.c:423)
==631431==    by 0x4010FFD: _open_archive (buffer.c:824)
==631431==    by 0x4010FFD: open_archive (buffer.c:2025)
==631431==    by 0x4033236: update_archive (update.c:112)
==631431==    by 0x400CC4C: main (tar.c:2810)
==631431== 
==631431== 
==631431== FILE DESCRIPTORS: 1 open (1 inherited) at exit.
==631431== 
==631431== HEAP SUMMARY:
==631431==     in use at exit: 4,808 bytes in 20 blocks
==631431==   total heap usage: 63 allocs, 43 frees, 56,758 bytes allocated
==631431== 
==631431== 4 bytes in 1 blocks are indirectly lost in loss record 1 of 16
==631431==    at 0x48BD858: malloc (vg_replace_malloc.c:447)
==631431==    by 0x405185D: xmalloc (xmalloc.c:45)
==631431==    by 0x405185D: xmemdup (xmalloc.c:314)
==631431==    by 0x405185D: xstrdup (xmalloc.c:339)
==631431==    by 0x402994B: make_name (names.c:599)
==631431==    by 0x402994B: addname (names.c:1233)
==631431==    by 0x4029AB7: name_gather (names.c:1218)
==631431==    by 0x403322C: update_archive (update.c:111)
==631431==    by 0x400CC4C: main (tar.c:2810)
==631431== 
==631431== 5 bytes in 1 blocks are still reachable in loss record 2 of 16
==631431==    at 0x48BD858: malloc (vg_replace_malloc.c:447)
==631431==    by 0x405185D: xmalloc (xmalloc.c:45)
==631431==    by 0x405185D: xmemdup (xmalloc.c:314)
==631431==    by 0x405185D: xstrdup (xmalloc.c:339)
==631431==    by 0x402644F: assign_string (misc.c:58)
==631431==    by 0x4029612: uid_to_uname (names.c:490)
==631431==    by 0x40155F3: start_header (create.c:931)
==631431==    by 0x4015798: dump_regular_file (create.c:1050)
==631431==    by 0x40165E2: dump_file0 (create.c:1773)
==631431==    by 0x4015F1E: dump_file (create.c:1968)
==631431==    by 0x4033312: update_archive (update.c:229)
==631431==    by 0x400CC4C: main (tar.c:2810)
==631431== 
==631431== 5 bytes in 1 blocks are still reachable in loss record 3 of 16
==631431==    at 0x48BD858: malloc (vg_replace_malloc.c:447)
==631431==    by 0x405185D: xmalloc (xmalloc.c:45)
==631431==    by 0x405185D: xmemdup (xmalloc.c:314)
==631431==    by 0x405185D: xstrdup (xmalloc.c:339)
==631431==    by 0x402644F: assign_string (misc.c:58)
==631431==    by 0x40296A2: gid_to_gname (names.c:520)
==631431==    by 0x40155DB: start_header (create.c:936)
==631431==    by 0x4015798: dump_regular_file (create.c:1050)
==631431==    by 0x40165E2: dump_file0 (create.c:1773)
==631431==    by 0x4015F1E: dump_file (create.c:1968)
==631431==    by 0x4033312: update_archive (update.c:229)
==631431==    by 0x400CC4C: main (tar.c:2810)
==631431== 
==631431== 6 bytes in 2 blocks are indirectly lost in loss record 4 of 16
==631431==    at 0x48BD858: malloc (vg_replace_malloc.c:447)
==631431==    by 0x405185D: xmalloc (xmalloc.c:45)
==631431==    by 0x405185D: xmemdup (xmalloc.c:314)
==631431==    by 0x405185D: xstrdup (xmalloc.c:339)
==631431==    by 0x400C4F1: decode_options (tar.c:2353)
==631431==    by 0x400C4F1: main (tar.c:2792)
==631431== 
==631431== 7 bytes in 2 blocks are indirectly lost in loss record 5 of 16
==631431==    at 0x48BD858: malloc (vg_replace_malloc.c:447)
==631431==    by 0x40387DD: wsnode_quoteremoval (wordsplit.c:651)
==631431==    by 0x4039CFD: wordsplit_process_list (wordsplit.c:2390)
==631431==    by 0x403A562: wordsplit_run.constprop.0 (wordsplit.c:2434)
==631431==    by 0x400BFFA: parse_default_options (tar.c:2256)
==631431==    by 0x400BFFA: decode_options (tar.c:2378)
==631431==    by 0x400BFFA: main (tar.c:2792)
==631431== 
==631431== 7 bytes in 2 blocks are definitely lost in loss record 6 of 16
==631431==    at 0x48BD858: malloc (vg_replace_malloc.c:447)
==631431==    by 0x403A1FB: wordsplit_finish (wordsplit.c:836)
==631431==    by 0x400BFFA: parse_default_options (tar.c:2256)
==631431==    by 0x400BFFA: decode_options (tar.c:2378)
==631431==    by 0x400BFFA: main (tar.c:2792)
==631431== 
==631431== 16 bytes in 1 blocks are still reachable in loss record 7 of 16
==631431==    at 0x48C4E43: calloc (vg_replace_malloc.c:1678)
==631431==    by 0x40516F1: xcalloc (xmalloc.c:298)
==631431==    by 0x40516F1: xzalloc (xmalloc.c:283)
==631431==    by 0x400BEF9: decode_options (tar.c:2297)
==631431==    by 0x400BEF9: main (tar.c:2792)
==631431== 
==631431== 32 bytes in 1 blocks are still reachable in loss record 8 of 16
==631431==    at 0x48BD858: malloc (vg_replace_malloc.c:447)
==631431==    by 0x40512CC: xmalloc (xmalloc.c:45)
==631431==    by 0x401407E: file_count_links (create.c:1522)
==631431==    by 0x401407E: file_count_links (create.c:1508)
==631431==    by 0x4016A58: dump_file0 (create.c:1779)
==631431==    by 0x4015F1E: dump_file (create.c:1968)
==631431==    by 0x4033312: update_archive (update.c:229)
==631431==    by 0x400CC4C: main (tar.c:2810)
==631431== 
==631431== 54 (48 direct, 6 indirect) bytes in 1 blocks are definitely lost in loss record 9 of 16
==631431==    at 0x48BD858: malloc (vg_replace_malloc.c:447)
==631431==    by 0x40512CC: xmalloc (xmalloc.c:45)
==631431==    by 0x400C46E: decode_options (tar.c:2340)
==631431==    by 0x400C46E: main (tar.c:2792)
==631431== 
==631431== 80 bytes in 1 blocks are still reachable in loss record 10 of 16
==631431==    at 0x48BD858: malloc (vg_replace_malloc.c:447)
==631431==    by 0x40512CC: xmalloc (xmalloc.c:45)
==631431==    by 0x400BE43: main (tar.c:2781)
==631431== 
==631431== 80 bytes in 1 blocks are still reachable in loss record 11 of 16
==631431==    at 0x48BD858: malloc (vg_replace_malloc.c:447)
==631431==    by 0x4047846: hash_initialize (hash.c:523)
==631431==    by 0x401411B: file_count_links (create.c:1530)
==631431==    by 0x401411B: file_count_links (create.c:1508)
==631431==    by 0x4016A58: dump_file0 (create.c:1779)
==631431==    by 0x4015F1E: dump_file (create.c:1968)
==631431==    by 0x4033312: update_archive (update.c:229)
==631431==    by 0x400CC4C: main (tar.c:2810)
==631431== 
==631431== 87 (80 direct, 7 indirect) bytes in 2 blocks are definitely lost in loss record 12 of 16
==631431==    at 0x48C4E43: calloc (vg_replace_malloc.c:1678)
==631431==    by 0x403959D: wsnode_new (wordsplit.c:422)
==631431==    by 0x403959D: wordsplit_add_segm (wordsplit.c:523)
==631431==    by 0x4039854: scan_word (wordsplit.c:2062)
==631431==    by 0x4039C7C: wordsplit_process_list (wordsplit.c:2358)
==631431==    by 0x403A562: wordsplit_run.constprop.0 (wordsplit.c:2434)
==631431==    by 0x400BFFA: parse_default_options (tar.c:2256)
==631431==    by 0x400BFFA: decode_options (tar.c:2378)
==631431==    by 0x400BFFA: main (tar.c:2792)
==631431== 
==631431== 100 (96 direct, 4 indirect) bytes in 1 blocks are definitely lost in loss record 13 of 16
==631431==    at 0x48C4E43: calloc (vg_replace_malloc.c:1678)
==631431==    by 0x40516F1: xcalloc (xmalloc.c:298)
==631431==    by 0x40516F1: xzalloc (xmalloc.c:283)
==631431==    by 0x4029932: make_name (names.c:596)
==631431==    by 0x4029932: addname (names.c:1233)
==631431==    by 0x4029AB7: name_gather (names.c:1218)
==631431==    by 0x403322C: update_archive (update.c:111)
==631431==    by 0x400CC4C: main (tar.c:2810)
==631431== 
==631431== 102 bytes in 1 blocks are still reachable in loss record 14 of 16
==631431==    at 0x48BD858: malloc (vg_replace_malloc.c:447)
==631431==    by 0x40512CC: xmalloc (xmalloc.c:45)
==631431==    by 0x4029881: name_init (names.c:869)
==631431==    by 0x400C94C: main (tar.c:2794)
==631431== 
==631431== 176 bytes in 1 blocks are still reachable in loss record 15 of 16
==631431==    at 0x48C4E43: calloc (vg_replace_malloc.c:1678)
==631431==    by 0x404789C: hash_initialize (hash.c:544)
==631431==    by 0x401411B: file_count_links (create.c:1530)
==631431==    by 0x401411B: file_count_links (create.c:1508)
==631431==    by 0x4016A58: dump_file0 (create.c:1779)
==631431==    by 0x4015F1E: dump_file (create.c:1968)
==631431==    by 0x4033312: update_archive (update.c:229)
==631431==    by 0x400CC4C: main (tar.c:2810)
==631431== 
==631431== 4,064 bytes in 1 blocks are still reachable in loss record 16 of 16
==631431==    at 0x48BD858: malloc (vg_replace_malloc.c:447)
==631431==    by 0x40512CC: xmalloc (xmalloc.c:45)
==631431==    by 0x404A07D: call_chunkfun (obstack.c:88)
==631431==    by 0x404A07D: _obstack_begin_worker.isra.0 (obstack.c:135)
==631431==    by 0x404A0A8: _obstack_begin (obstack.c:157)
==631431==    by 0x4032C57: _transform_name_to_obstack (transform.c:592)
==631431==    by 0x4032C57: transform_name_fp (transform.c:614)
==631431==    by 0x4016444: dump_file0 (create.c:1657)
==631431==    by 0x4015F1E: dump_file (create.c:1968)
==631431==    by 0x4033312: update_archive (update.c:229)
==631431==    by 0x400CC4C: main (tar.c:2810)
==631431== 
==631431== LEAK SUMMARY:
==631431==    definitely lost: 231 bytes in 6 blocks
==631431==    indirectly lost: 17 bytes in 5 blocks
==631431==      possibly lost: 0 bytes in 0 blocks
==631431==    still reachable: 4,560 bytes in 9 blocks
==631431==         suppressed: 0 bytes in 0 blocks
==631431== 
==631431== Use --track-origins=yes to see where uninitialised values come from
==631431== For lists of detected and suppressed errors, rerun with: -s
==631431== ERROR SUMMARY: 22 errors from 6 contexts (suppressed: 0 from 0)
