==714714== Memcheck, a memory error detector
==714714== Copyright (C) 2002-2024, and GNU GPL'd, by Julian Seward et al.
==714714== Using Valgrind-3.26.0 and LibVEX; rerun with -h for copyright info
==714714== Command: tar --version
==714714== Parent PID: 714387
==714714== 
==714714== 
==714714== FILE DESCRIPTORS: 4 open (4 inherited) at exit.
==714714== 
==714714== HEAP SUMMARY:
==714714==     in use at exit: 7,767 bytes in 3 blocks
==714714==   total heap usage: 15 allocs, 12 frees, 12,021 bytes allocated
==714714== 
==714714== 16 bytes in 1 blocks are still reachable in loss record 1 of 3
==714714==    at 0x48C4E43: calloc (vg_replace_malloc.c:1678)
==714714==    by 0x40516F1: xcalloc (xmalloc.c:298)
==714714==    by 0x40516F1: xzalloc (xmalloc.c:283)
==714714==    by 0x400BEF9: decode_options (tar.c:2297)
==714714==    by 0x400BEF9: main (tar.c:2792)
==714714== 
==714714== 80 bytes in 1 blocks are still reachable in loss record 2 of 3
==714714==    at 0x48BD858: malloc (vg_replace_malloc.c:447)
==714714==    by 0x40512CC: xmalloc (xmalloc.c:45)
==714714==    by 0x400BE43: main (tar.c:2781)
==714714== 
==714714== 7,671 bytes in 1 blocks are still reachable in loss record 3 of 3
==714714==    at 0x48BD858: malloc (vg_replace_malloc.c:447)
==714714==    by 0x4041854: parser_init (argp-parse.c:495)
==714714==    by 0x4041854: argp_parse (argp-parse.c:921)
==714714==    by 0x400C045: decode_options (tar.c:2380)
==714714==    by 0x400C045: main (tar.c:2792)
==714714== 
==714714== LEAK SUMMARY:
==714714==    definitely lost: 0 bytes in 0 blocks
==714714==    indirectly lost: 0 bytes in 0 blocks
==714714==      possibly lost: 0 bytes in 0 blocks
==714714==    still reachable: 7,767 bytes in 3 blocks
==714714==         suppressed: 0 bytes in 0 blocks
==714714== 
==714714== For lists of detected and suppressed errors, rerun with: -s
==714714== ERROR SUMMARY: 0 errors from 0 contexts (suppressed: 0 from 0)
