==648004== Memcheck, a memory error detector
==648004== Copyright (C) 2002-2024, and GNU GPL'd, by Julian Seward et al.
==648004== Using Valgrind-3.26.0 and LibVEX; rerun with -h for copyright info
==648004== Command: /tmp/rboxc-tar-behavior-dbdlkqsf/exec/tar -tf -
==648004== Parent PID: 635373
==648004== 
==648004== 
==648004== FILE DESCRIPTORS: 3 open (2 inherited) at exit.
==648004== Open file descriptor 0: /dev/full
==648004==    at 0x4A1A9E6: open (open64.c:41)
==648004==    by 0x4050574: open (fcntl2.h:55)
==648004==    by 0x4050574: stdopen (stdopen.c:51)
==648004==    by 0x400BE26: main (tar.c:2773)
==648004== 
==648004== 
==648004== HEAP SUMMARY:
==648004==     in use at exit: 14,534 bytes in 4 blocks
==648004==   total heap usage: 18 allocs, 14 frees, 22,385 bytes allocated
==648004== 
==648004== 16 bytes in 1 blocks are still reachable in loss record 1 of 4
==648004==    at 0x48C4E43: calloc (vg_replace_malloc.c:1678)
==648004==    by 0x40516F1: xcalloc (xmalloc.c:298)
==648004==    by 0x40516F1: xzalloc (xmalloc.c:283)
==648004==    by 0x400BEF9: decode_options (tar.c:2297)
==648004==    by 0x400BEF9: main (tar.c:2792)
==648004== 
==648004== 80 bytes in 1 blocks are still reachable in loss record 2 of 4
==648004==    at 0x48BD858: malloc (vg_replace_malloc.c:447)
==648004==    by 0x40512CC: xmalloc (xmalloc.c:45)
==648004==    by 0x400BE43: main (tar.c:2781)
==648004== 
==648004== 102 bytes in 1 blocks are still reachable in loss record 3 of 4
==648004==    at 0x48BD858: malloc (vg_replace_malloc.c:447)
==648004==    by 0x40512CC: xmalloc (xmalloc.c:45)
==648004==    by 0x4029881: name_init (names.c:869)
==648004==    by 0x400C94C: main (tar.c:2794)
==648004== 
==648004== 14,336 bytes in 1 blocks are still reachable in loss record 4 of 4
==648004==    at 0x48BD858: malloc (vg_replace_malloc.c:447)
==648004==    by 0x40512CC: xmalloc (xmalloc.c:45)
==648004==    by 0x4027C22: page_aligned_alloc (misc.c:1235)
==648004==    by 0x400D5A3: init_buffer (buffer.c:657)
==648004==    by 0x4010B3B: _open_archive (buffer.c:725)
==648004==    by 0x4010B3B: open_archive (buffer.c:2025)
==648004==    by 0x402543F: read_and (list.c:176)
==648004==    by 0x400CD4B: main (tar.c:2832)
==648004== 
==648004== LEAK SUMMARY:
==648004==    definitely lost: 0 bytes in 0 blocks
==648004==    indirectly lost: 0 bytes in 0 blocks
==648004==      possibly lost: 0 bytes in 0 blocks
==648004==    still reachable: 14,534 bytes in 4 blocks
==648004==         suppressed: 0 bytes in 0 blocks
==648004== 
==648004== For lists of detected and suppressed errors, rerun with: -s
==648004== ERROR SUMMARY: 1 errors from 1 contexts (suppressed: 0 from 0)
