==725461== Memcheck, a memory error detector
==725461== Copyright (C) 2002-2024, and GNU GPL'd, by Julian Seward et al.
==725461== Using Valgrind-3.26.0 and LibVEX; rerun with -h for copyright info
==725461== Command: /tmp/rboxc-gawk-original-sv98983i/deps/cat -
==725461== Parent PID: 725459
==725461== 
==725461== 
==725461== FILE DESCRIPTORS: 2 open (0 inherited) at exit.
==725461== Open file descriptor 4:
==725461==    at 0x537FB8D: pipe (pipe.c:29)
==725461==    by 0x411A7E1: pipe_safer (pipe-safer.c:33)
==725461==    by 0x403683B: splice_cat (cat.c:578)
==725461==    by 0x4037923: single_binary_main_cat (cat.c:899)
==725461==    by 0x401A532: launch_program (coreutils.c:126)
==725461==    by 0x4018E7A: main (coreutils.c:143)
==725461== 
==725461== Open file descriptor 3:
==725461==    at 0x537FB8D: pipe (pipe.c:29)
==725461==    by 0x411A7E1: pipe_safer (pipe-safer.c:33)
==725461==    by 0x403683B: splice_cat (cat.c:578)
==725461==    by 0x4037923: single_binary_main_cat (cat.c:899)
==725461==    by 0x401A532: launch_program (coreutils.c:126)
==725461==    by 0x4018E7A: main (coreutils.c:143)
==725461== 
==725461== 
==725461== HEAP SUMMARY:
==725461==     in use at exit: 0 bytes in 0 blocks
==725461==   total heap usage: 3 allocs, 3 frees, 82 bytes allocated
==725461== 
==725461== All heap blocks were freed -- no leaks are possible
==725461== 
==725461== For lists of detected and suppressed errors, rerun with: -s
==725461== ERROR SUMMARY: 2 errors from 2 contexts (suppressed: 0 from 0)
