==601649== Memcheck, a memory error detector
==601649== Copyright (C) 2002-2024, and GNU GPL'd, by Julian Seward et al.
==601649== Using Valgrind-3.26.0 and LibVEX; rerun with -h for copyright info
==601649== Command: tar -vcf arc.tar -C dir1 subdir1 -C ../dir2 subdir2
==601649== Parent PID: 601642
==601649== 
==601649== 
==601649== FILE DESCRIPTORS: 3 open (1 inherited) at exit.
==601649== Open file descriptor 5: ../dir2
==601649==    at 0x4A1AADA: openat (openat64.c:39)
==601649==    by 0x4027817: openat (fcntl2.h:175)
==601649==    by 0x4027817: chdir_do (misc.c:988)
==601649==    by 0x4028D52: name_next_elt (names.c:1123)
==601649==    by 0x40298EC: name_next (names.c:1152)
==601649==    by 0x401750F: create_archive (create.c:1410)
==601649==    by 0x400CD90: main (tar.c:2818)
==601649== 
==601649== Open file descriptor 4: dir1
==601649==    at 0x4A1AADA: openat (openat64.c:39)
==601649==    by 0x4027817: openat (fcntl2.h:175)
==601649==    by 0x4027817: chdir_do (misc.c:988)
==601649==    by 0x4028D52: name_next_elt (names.c:1123)
==601649==    by 0x40298EC: name_next (names.c:1152)
==601649==    by 0x401750F: create_archive (create.c:1410)
==601649==    by 0x400CD90: main (tar.c:2818)
==601649== 
==601649== 
==601649== HEAP SUMMARY:
==601649==     in use at exit: 4,817 bytes in 19 blocks
==601649==   total heap usage: 96 allocs, 77 frees, 127,194 bytes allocated
==601649== 
==601649== 5 bytes in 1 blocks are still reachable in loss record 1 of 14
==601649==    at 0x48BD858: malloc (vg_replace_malloc.c:447)
==601649==    by 0x405185D: xmalloc (xmalloc.c:45)
==601649==    by 0x405185D: xmemdup (xmalloc.c:314)
==601649==    by 0x405185D: xstrdup (xmalloc.c:339)
==601649==    by 0x402644F: assign_string (misc.c:58)
==601649==    by 0x4029612: uid_to_uname (names.c:490)
==601649==    by 0x40155F3: start_header (create.c:931)
==601649==    by 0x40167F9: dump_dir0 (create.c:1123)
==601649==    by 0x40167F9: dump_dir (create.c:1320)
==601649==    by 0x40167F9: dump_file0 (create.c:1757)
==601649==    by 0x4017589: dump_file (create.c:1968)
==601649==    by 0x4017589: create_archive (create.c:1412)
==601649==    by 0x400CD90: main (tar.c:2818)
==601649== 
==601649== 5 bytes in 1 blocks are still reachable in loss record 2 of 14
==601649==    at 0x48BD858: malloc (vg_replace_malloc.c:447)
==601649==    by 0x405185D: xmalloc (xmalloc.c:45)
==601649==    by 0x405185D: xmemdup (xmalloc.c:314)
==601649==    by 0x405185D: xstrdup (xmalloc.c:339)
==601649==    by 0x402644F: assign_string (misc.c:58)
==601649==    by 0x40296A2: gid_to_gname (names.c:520)
==601649==    by 0x40155DB: start_header (create.c:936)
==601649==    by 0x40167F9: dump_dir0 (create.c:1123)
==601649==    by 0x40167F9: dump_dir (create.c:1320)
==601649==    by 0x40167F9: dump_file0 (create.c:1757)
==601649==    by 0x4017589: dump_file (create.c:1968)
==601649==    by 0x4017589: create_archive (create.c:1412)
==601649==    by 0x400CD90: main (tar.c:2818)
==601649== 
==601649== 10 bytes in 2 blocks are indirectly lost in loss record 3 of 14
==601649==    at 0x48BD858: malloc (vg_replace_malloc.c:447)
==601649==    by 0x40387DD: wsnode_quoteremoval (wordsplit.c:651)
==601649==    by 0x4039CFD: wordsplit_process_list (wordsplit.c:2390)
==601649==    by 0x403A562: wordsplit_run.constprop.0 (wordsplit.c:2434)
==601649==    by 0x400BFFA: parse_default_options (tar.c:2256)
==601649==    by 0x400BFFA: decode_options (tar.c:2378)
==601649==    by 0x400BFFA: main (tar.c:2792)
==601649== 
==601649== 10 bytes in 2 blocks are definitely lost in loss record 4 of 14
==601649==    at 0x48BD858: malloc (vg_replace_malloc.c:447)
==601649==    by 0x403A1FB: wordsplit_finish (wordsplit.c:836)
==601649==    by 0x400BFFA: parse_default_options (tar.c:2256)
==601649==    by 0x400BFFA: decode_options (tar.c:2378)
==601649==    by 0x400BFFA: main (tar.c:2792)
==601649== 
==601649== 13 bytes in 2 blocks are still reachable in loss record 5 of 14
==601649==    at 0x48BD858: malloc (vg_replace_malloc.c:447)
==601649==    by 0x405185D: xmalloc (xmalloc.c:45)
==601649==    by 0x405185D: xmemdup (xmalloc.c:314)
==601649==    by 0x405185D: xstrdup (xmalloc.c:339)
==601649==    by 0x4028D43: name_next_elt (names.c:1123)
==601649==    by 0x40298EC: name_next (names.c:1152)
==601649==    by 0x401750F: create_archive (create.c:1410)
==601649==    by 0x400CD90: main (tar.c:2818)
==601649== 
==601649== 16 bytes in 1 blocks are still reachable in loss record 6 of 14
==601649==    at 0x48C4E43: calloc (vg_replace_malloc.c:1678)
==601649==    by 0x40516F1: xcalloc (xmalloc.c:298)
==601649==    by 0x40516F1: xzalloc (xmalloc.c:283)
==601649==    by 0x400BEF9: decode_options (tar.c:2297)
==601649==    by 0x400BEF9: main (tar.c:2792)
==601649== 
==601649== 80 bytes in 1 blocks are still reachable in loss record 7 of 14
==601649==    at 0x48BD858: malloc (vg_replace_malloc.c:447)
==601649==    by 0x40512CC: xmalloc (xmalloc.c:45)
==601649==    by 0x400BE43: main (tar.c:2781)
==601649== 
==601649== 80 bytes in 1 blocks are still reachable in loss record 8 of 14
==601649==    at 0x48BD858: malloc (vg_replace_malloc.c:447)
==601649==    by 0x4047846: hash_initialize (hash.c:523)
==601649==    by 0x401411B: file_count_links (create.c:1530)
==601649==    by 0x401411B: file_count_links (create.c:1508)
==601649==    by 0x4016A58: dump_file0 (create.c:1779)
==601649==    by 0x4015F1E: dump_file (create.c:1968)
==601649==    by 0x4017167: dump_dir0 (create.c:1227)
==601649==    by 0x4017167: dump_dir (create.c:1320)
==601649==    by 0x4017167: dump_file0 (create.c:1757)
==601649==    by 0x4017589: dump_file (create.c:1968)
==601649==    by 0x4017589: create_archive (create.c:1412)
==601649==    by 0x400CD90: main (tar.c:2818)
==601649== 
==601649== 80 bytes in 2 blocks are still reachable in loss record 9 of 14
==601649==    at 0x48BD858: malloc (vg_replace_malloc.c:447)
==601649==    by 0x40512CC: xmalloc (xmalloc.c:45)
==601649==    by 0x401407E: file_count_links (create.c:1522)
==601649==    by 0x401407E: file_count_links (create.c:1508)
==601649==    by 0x4016A58: dump_file0 (create.c:1779)
==601649==    by 0x4015F1E: dump_file (create.c:1968)
==601649==    by 0x4017167: dump_dir0 (create.c:1227)
==601649==    by 0x4017167: dump_dir (create.c:1320)
==601649==    by 0x4017167: dump_file0 (create.c:1757)
==601649==    by 0x4017589: dump_file (create.c:1968)
==601649==    by 0x4017589: create_archive (create.c:1412)
==601649==    by 0x400CD90: main (tar.c:2818)
==601649== 
==601649== 90 (80 direct, 10 indirect) bytes in 2 blocks are definitely lost in loss record 10 of 14
==601649==    at 0x48C4E43: calloc (vg_replace_malloc.c:1678)
==601649==    by 0x403959D: wsnode_new (wordsplit.c:422)
==601649==    by 0x403959D: wordsplit_add_segm (wordsplit.c:523)
==601649==    by 0x4039854: scan_word (wordsplit.c:2062)
==601649==    by 0x4039C7C: wordsplit_process_list (wordsplit.c:2358)
==601649==    by 0x403A562: wordsplit_run.constprop.0 (wordsplit.c:2434)
==601649==    by 0x400BFFA: parse_default_options (tar.c:2256)
==601649==    by 0x400BFFA: decode_options (tar.c:2378)
==601649==    by 0x400BFFA: main (tar.c:2792)
==601649== 
==601649== 96 bytes in 1 blocks are still reachable in loss record 11 of 14
==601649==    at 0x48C53C0: reallocarray (vg_replace_malloc.c:1806)
==601649==    by 0x405155C: xreallocarray (xmalloc.c:84)
==601649==    by 0x405155C: x2nrealloc (xmalloc.c:203)
==601649==    by 0x4027754: chdir_arg (misc.c:934)
==601649==    by 0x4028D4B: name_next_elt (names.c:1123)
==601649==    by 0x40298EC: name_next (names.c:1152)
==601649==    by 0x401750F: create_archive (create.c:1410)
==601649==    by 0x400CD90: main (tar.c:2818)
==601649== 
==601649== 102 bytes in 1 blocks are still reachable in loss record 12 of 14
==601649==    at 0x48BD858: malloc (vg_replace_malloc.c:447)
==601649==    by 0x40512CC: xmalloc (xmalloc.c:45)
==601649==    by 0x4029881: name_init (names.c:869)
==601649==    by 0x400C94C: main (tar.c:2794)
==601649== 
==601649== 176 bytes in 1 blocks are still reachable in loss record 13 of 14
==601649==    at 0x48C4E43: calloc (vg_replace_malloc.c:1678)
==601649==    by 0x404789C: hash_initialize (hash.c:544)
==601649==    by 0x401411B: file_count_links (create.c:1530)
==601649==    by 0x401411B: file_count_links (create.c:1508)
==601649==    by 0x4016A58: dump_file0 (create.c:1779)
==601649==    by 0x4015F1E: dump_file (create.c:1968)
==601649==    by 0x4017167: dump_dir0 (create.c:1227)
==601649==    by 0x4017167: dump_dir (create.c:1320)
==601649==    by 0x4017167: dump_file0 (create.c:1757)
==601649==    by 0x4017589: dump_file (create.c:1968)
==601649==    by 0x4017589: create_archive (create.c:1412)
==601649==    by 0x400CD90: main (tar.c:2818)
==601649== 
==601649== 4,064 bytes in 1 blocks are still reachable in loss record 14 of 14
==601649==    at 0x48BD858: malloc (vg_replace_malloc.c:447)
==601649==    by 0x40512CC: xmalloc (xmalloc.c:45)
==601649==    by 0x404A07D: call_chunkfun (obstack.c:88)
==601649==    by 0x404A07D: _obstack_begin_worker.isra.0 (obstack.c:135)
==601649==    by 0x404A0A8: _obstack_begin (obstack.c:157)
==601649==    by 0x4032C57: _transform_name_to_obstack (transform.c:592)
==601649==    by 0x4032C57: transform_name_fp (transform.c:614)
==601649==    by 0x4016444: dump_file0 (create.c:1657)
==601649==    by 0x4017589: dump_file (create.c:1968)
==601649==    by 0x4017589: create_archive (create.c:1412)
==601649==    by 0x400CD90: main (tar.c:2818)
==601649== 
==601649== LEAK SUMMARY:
==601649==    definitely lost: 90 bytes in 4 blocks
==601649==    indirectly lost: 10 bytes in 2 blocks
==601649==      possibly lost: 0 bytes in 0 blocks
==601649==    still reachable: 4,717 bytes in 13 blocks
==601649==         suppressed: 0 bytes in 0 blocks
==601649== 
==601649== For lists of detected and suppressed errors, rerun with: -s
==601649== ERROR SUMMARY: 4 errors from 4 contexts (suppressed: 0 from 0)
