==601766== Memcheck, a memory error detector
==601766== Copyright (C) 2002-2024, and GNU GPL'd, by Julian Seward et al.
==601766== Using Valgrind-3.26.0 and LibVEX; rerun with -h for copyright info
==601766== Command: tar -vuf arc.tar -C dir1 subdir1 -C ../dir2 subdir2
==601766== Parent PID: 601764
==601766== 
==601766== 
==601766== FILE DESCRIPTORS: 3 open (1 inherited) at exit.
==601766== Open file descriptor 5: ../dir2
==601766==    at 0x4A1AADA: openat (openat64.c:39)
==601766==    by 0x4027817: openat (fcntl2.h:175)
==601766==    by 0x4027817: chdir_do (misc.c:988)
==601766==    by 0x40335ED: update_archive (update.c:143)
==601766==    by 0x400CC4C: main (tar.c:2810)
==601766== 
==601766== Open file descriptor 4: dir1
==601766==    at 0x4A1AADA: openat (openat64.c:39)
==601766==    by 0x4027817: openat (fcntl2.h:175)
==601766==    by 0x4027817: chdir_do (misc.c:988)
==601766==    by 0x40335ED: update_archive (update.c:143)
==601766==    by 0x400CC4C: main (tar.c:2810)
==601766== 
==601766== 
==601766== HEAP SUMMARY:
==601766==     in use at exit: 5,720 bytes in 33 blocks
==601766==   total heap usage: 132 allocs, 99 frees, 138,950 bytes allocated
==601766== 
==601766== 5 bytes in 1 blocks are still reachable in loss record 1 of 22
==601766==    at 0x48BD858: malloc (vg_replace_malloc.c:447)
==601766==    by 0x405185D: xmalloc (xmalloc.c:45)
==601766==    by 0x405185D: xmemdup (xmalloc.c:314)
==601766==    by 0x405185D: xstrdup (xmalloc.c:339)
==601766==    by 0x402644F: assign_string (misc.c:58)
==601766==    by 0x4029612: uid_to_uname (names.c:490)
==601766==    by 0x40155F3: start_header (create.c:931)
==601766==    by 0x4015798: dump_regular_file (create.c:1050)
==601766==    by 0x40165E2: dump_file0 (create.c:1773)
==601766==    by 0x4015F1E: dump_file (create.c:1968)
==601766==    by 0x4033312: update_archive (update.c:229)
==601766==    by 0x400CC4C: main (tar.c:2810)
==601766== 
==601766== 5 bytes in 1 blocks are still reachable in loss record 2 of 22
==601766==    at 0x48BD858: malloc (vg_replace_malloc.c:447)
==601766==    by 0x405185D: xmalloc (xmalloc.c:45)
==601766==    by 0x405185D: xmemdup (xmalloc.c:314)
==601766==    by 0x405185D: xstrdup (xmalloc.c:339)
==601766==    by 0x402644F: assign_string (misc.c:58)
==601766==    by 0x40296A2: gid_to_gname (names.c:520)
==601766==    by 0x40155DB: start_header (create.c:936)
==601766==    by 0x4015798: dump_regular_file (create.c:1050)
==601766==    by 0x40165E2: dump_file0 (create.c:1773)
==601766==    by 0x4015F1E: dump_file (create.c:1968)
==601766==    by 0x4033312: update_archive (update.c:229)
==601766==    by 0x400CC4C: main (tar.c:2810)
==601766== 
==601766== 9 bytes in 2 blocks are indirectly lost in loss record 3 of 22
==601766==    at 0x48BD858: malloc (vg_replace_malloc.c:447)
==601766==    by 0x40387DD: wsnode_quoteremoval (wordsplit.c:651)
==601766==    by 0x4039CFD: wordsplit_process_list (wordsplit.c:2390)
==601766==    by 0x403A562: wordsplit_run.constprop.0 (wordsplit.c:2434)
==601766==    by 0x400BFFA: parse_default_options (tar.c:2256)
==601766==    by 0x400BFFA: decode_options (tar.c:2378)
==601766==    by 0x400BFFA: main (tar.c:2792)
==601766== 
==601766== 9 bytes in 2 blocks are definitely lost in loss record 4 of 22
==601766==    at 0x48BD858: malloc (vg_replace_malloc.c:447)
==601766==    by 0x403A1FB: wordsplit_finish (wordsplit.c:836)
==601766==    by 0x400BFFA: parse_default_options (tar.c:2256)
==601766==    by 0x400BFFA: decode_options (tar.c:2378)
==601766==    by 0x400BFFA: main (tar.c:2792)
==601766== 
==601766== 13 bytes in 2 blocks are still reachable in loss record 5 of 22
==601766==    at 0x48BD858: malloc (vg_replace_malloc.c:447)
==601766==    by 0x405185D: xmalloc (xmalloc.c:45)
==601766==    by 0x405185D: xmemdup (xmalloc.c:314)
==601766==    by 0x405185D: xstrdup (xmalloc.c:339)
==601766==    by 0x4029A2E: name_gather (names.c:1215)
==601766==    by 0x403322C: update_archive (update.c:111)
==601766==    by 0x400CC4C: main (tar.c:2810)
==601766== 
==601766== 16 bytes in 1 blocks are still reachable in loss record 6 of 22
==601766==    at 0x48C4E43: calloc (vg_replace_malloc.c:1678)
==601766==    by 0x40516F1: xcalloc (xmalloc.c:298)
==601766==    by 0x40516F1: xzalloc (xmalloc.c:283)
==601766==    by 0x400BEF9: decode_options (tar.c:2297)
==601766==    by 0x400BEF9: main (tar.c:2792)
==601766== 
==601766== 16 bytes in 2 blocks are indirectly lost in loss record 7 of 22
==601766==    at 0x48BD858: malloc (vg_replace_malloc.c:447)
==601766==    by 0x405185D: xmalloc (xmalloc.c:45)
==601766==    by 0x405185D: xmemdup (xmalloc.c:314)
==601766==    by 0x405185D: xstrdup (xmalloc.c:339)
==601766==    by 0x402994B: make_name (names.c:599)
==601766==    by 0x402994B: addname (names.c:1233)
==601766==    by 0x4029AB7: name_gather (names.c:1218)
==601766==    by 0x403322C: update_archive (update.c:111)
==601766==    by 0x400CC4C: main (tar.c:2810)
==601766== 
==601766== 17 bytes in 1 blocks are still reachable in loss record 8 of 22
==601766==    at 0x48BD858: malloc (vg_replace_malloc.c:447)
==601766==    by 0x405185D: xmalloc (xmalloc.c:45)
==601766==    by 0x405185D: xmemdup (xmalloc.c:314)
==601766==    by 0x405185D: xstrdup (xmalloc.c:339)
==601766==    by 0x402644F: assign_string (misc.c:58)
==601766==    by 0x401E7A6: xheader_xhdr_name (xheader.c:393)
==601766==    by 0x4014297: write_extended.part.0 (create.c:713)
==601766==    by 0x4014896: write_extended (create.c:699)
==601766==    by 0x4014896: finish_header (create.c:1024)
==601766==    by 0x40157AF: dump_regular_file (create.c:1058)
==601766==    by 0x40165E2: dump_file0 (create.c:1773)
==601766==    by 0x4015F1E: dump_file (create.c:1968)
==601766==    by 0x4033312: update_archive (update.c:229)
==601766==    by 0x400CC4C: main (tar.c:2810)
==601766== 
==601766== 40 bytes in 4 blocks are indirectly lost in loss record 9 of 22
==601766==    at 0x48BD858: malloc (vg_replace_malloc.c:447)
==601766==    by 0x405185D: xmalloc (xmalloc.c:45)
==601766==    by 0x405185D: xmemdup (xmalloc.c:314)
==601766==    by 0x405185D: xstrdup (xmalloc.c:339)
==601766==    by 0x402994B: make_name (names.c:599)
==601766==    by 0x402994B: addname (names.c:1233)
==601766==    by 0x4033702: update_archive (update.c:154)
==601766==    by 0x400CC4C: main (tar.c:2810)
==601766== 
==601766== 80 bytes in 1 blocks are still reachable in loss record 10 of 22
==601766==    at 0x48BD858: malloc (vg_replace_malloc.c:447)
==601766==    by 0x40512CC: xmalloc (xmalloc.c:45)
==601766==    by 0x400BE43: main (tar.c:2781)
==601766== 
==601766== 80 bytes in 1 blocks are still reachable in loss record 11 of 22
==601766==    at 0x48BD858: malloc (vg_replace_malloc.c:447)
==601766==    by 0x4047846: hash_initialize (hash.c:523)
==601766==    by 0x401411B: file_count_links (create.c:1530)
==601766==    by 0x401411B: file_count_links (create.c:1508)
==601766==    by 0x4016A58: dump_file0 (create.c:1779)
==601766==    by 0x4015F1E: dump_file (create.c:1968)
==601766==    by 0x4033312: update_archive (update.c:229)
==601766==    by 0x400CC4C: main (tar.c:2810)
==601766== 
==601766== 80 bytes in 2 blocks are still reachable in loss record 12 of 22
==601766==    at 0x48BD858: malloc (vg_replace_malloc.c:447)
==601766==    by 0x40512CC: xmalloc (xmalloc.c:45)
==601766==    by 0x401407E: file_count_links (create.c:1522)
==601766==    by 0x401407E: file_count_links (create.c:1508)
==601766==    by 0x4016A58: dump_file0 (create.c:1779)
==601766==    by 0x4015F1E: dump_file (create.c:1968)
==601766==    by 0x4033312: update_archive (update.c:229)
==601766==    by 0x400CC4C: main (tar.c:2810)
==601766== 
==601766== 89 (80 direct, 9 indirect) bytes in 2 blocks are definitely lost in loss record 13 of 22
==601766==    at 0x48C4E43: calloc (vg_replace_malloc.c:1678)
==601766==    by 0x403959D: wsnode_new (wordsplit.c:422)
==601766==    by 0x403959D: wordsplit_add_segm (wordsplit.c:523)
==601766==    by 0x4039854: scan_word (wordsplit.c:2062)
==601766==    by 0x4039C7C: wordsplit_process_list (wordsplit.c:2358)
==601766==    by 0x403A562: wordsplit_run.constprop.0 (wordsplit.c:2434)
==601766==    by 0x400BFFA: parse_default_options (tar.c:2256)
==601766==    by 0x400BFFA: decode_options (tar.c:2378)
==601766==    by 0x400BFFA: main (tar.c:2792)
==601766== 
==601766== 96 bytes in 1 blocks are still reachable in loss record 14 of 22
==601766==    at 0x48C53C0: reallocarray (vg_replace_malloc.c:1806)
==601766==    by 0x405155C: xreallocarray (xmalloc.c:84)
==601766==    by 0x405155C: x2nrealloc (xmalloc.c:203)
==601766==    by 0x4027754: chdir_arg (misc.c:934)
==601766==    by 0x4029A36: name_gather (names.c:1215)
==601766==    by 0x403322C: update_archive (update.c:111)
==601766==    by 0x400CC4C: main (tar.c:2810)
==601766== 
==601766== 96 bytes in 1 blocks are indirectly lost in loss record 15 of 22
==601766==    at 0x48C4E43: calloc (vg_replace_malloc.c:1678)
==601766==    by 0x40516F1: xcalloc (xmalloc.c:298)
==601766==    by 0x40516F1: xzalloc (xmalloc.c:283)
==601766==    by 0x4029932: make_name (names.c:596)
==601766==    by 0x4029932: addname (names.c:1233)
==601766==    by 0x4029AB7: name_gather (names.c:1218)
==601766==    by 0x403322C: update_archive (update.c:111)
==601766==    by 0x400CC4C: main (tar.c:2810)
==601766== 
==601766== 102 bytes in 1 blocks are still reachable in loss record 16 of 22
==601766==    at 0x48BD858: malloc (vg_replace_malloc.c:447)
==601766==    by 0x40512CC: xmalloc (xmalloc.c:45)
==601766==    by 0x4029881: name_init (names.c:869)
==601766==    by 0x400C94C: main (tar.c:2794)
==601766== 
==601766== 176 bytes in 1 blocks are still reachable in loss record 17 of 22
==601766==    at 0x48C4E43: calloc (vg_replace_malloc.c:1678)
==601766==    by 0x404789C: hash_initialize (hash.c:544)
==601766==    by 0x401411B: file_count_links (create.c:1530)
==601766==    by 0x401411B: file_count_links (create.c:1508)
==601766==    by 0x4016A58: dump_file0 (create.c:1779)
==601766==    by 0x4015F1E: dump_file (create.c:1968)
==601766==    by 0x4033312: update_archive (update.c:229)
==601766==    by 0x400CC4C: main (tar.c:2810)
==601766== 
==601766== 192 bytes in 2 blocks are indirectly lost in loss record 18 of 22
==601766==    at 0x48C4E43: calloc (vg_replace_malloc.c:1678)
==601766==    by 0x40516F1: xcalloc (xmalloc.c:298)
==601766==    by 0x40516F1: xzalloc (xmalloc.c:283)
==601766==    by 0x4029932: make_name (names.c:596)
==601766==    by 0x4029932: addname (names.c:1233)
==601766==    by 0x4033702: update_archive (update.c:154)
==601766==    by 0x400CC4C: main (tar.c:2810)
==601766== 
==601766== 212 (192 direct, 20 indirect) bytes in 2 blocks are definitely lost in loss record 19 of 22
==601766==    at 0x48C4E43: calloc (vg_replace_malloc.c:1678)
==601766==    by 0x40516F1: xcalloc (xmalloc.c:298)
==601766==    by 0x40516F1: xzalloc (xmalloc.c:283)
==601766==    by 0x4029932: make_name (names.c:596)
==601766==    by 0x4029932: addname (names.c:1233)
==601766==    by 0x4033702: update_archive (update.c:154)
==601766==    by 0x400CC4C: main (tar.c:2810)
==601766== 
==601766== 256 bytes in 1 blocks are still reachable in loss record 20 of 22
==601766==    at 0x48BD858: malloc (vg_replace_malloc.c:447)
==601766==    by 0x40512CC: xmalloc (xmalloc.c:45)
==601766==    by 0x401D274: xattr_encode_keyword (xheader.c:833)
==601766==    by 0x401D274: xheader_print_n (xheader.c:876)
==601766==    by 0x401D4FB: xheader_print (xheader.c:899)
==601766==    by 0x401D4FB: code_time (xheader.c:1043)
==601766==    by 0x401D4FB: mtime_coder (xheader.c:1232)
==601766==    by 0x401527F: start_header (create.c:852)
==601766==    by 0x4015798: dump_regular_file (create.c:1050)
==601766==    by 0x40165E2: dump_file0 (create.c:1773)
==601766==    by 0x4015F1E: dump_file (create.c:1968)
==601766==    by 0x4033312: update_archive (update.c:229)
==601766==    by 0x400CC4C: main (tar.c:2810)
==601766== 
==601766== 420 (96 direct, 324 indirect) bytes in 1 blocks are definitely lost in loss record 21 of 22
==601766==    at 0x48C4E43: calloc (vg_replace_malloc.c:1678)
==601766==    by 0x40516F1: xcalloc (xmalloc.c:298)
==601766==    by 0x40516F1: xzalloc (xmalloc.c:283)
==601766==    by 0x4029932: make_name (names.c:596)
==601766==    by 0x4029932: addname (names.c:1233)
==601766==    by 0x4029AB7: name_gather (names.c:1218)
==601766==    by 0x403322C: update_archive (update.c:111)
==601766==    by 0x400CC4C: main (tar.c:2810)
==601766== 
==601766== 4,064 bytes in 1 blocks are still reachable in loss record 22 of 22
==601766==    at 0x48BD858: malloc (vg_replace_malloc.c:447)
==601766==    by 0x40512CC: xmalloc (xmalloc.c:45)
==601766==    by 0x404A07D: call_chunkfun (obstack.c:88)
==601766==    by 0x404A07D: _obstack_begin_worker.isra.0 (obstack.c:135)
==601766==    by 0x404A0A8: _obstack_begin (obstack.c:157)
==601766==    by 0x4032C57: _transform_name_to_obstack (transform.c:592)
==601766==    by 0x4032C57: transform_name_fp (transform.c:614)
==601766==    by 0x4023670: transform_member_name (list.c:114)
==601766==    by 0x4023670: transform_stat_info.part.0 (list.c:150)
==601766==    by 0x403343D: update_archive (update.c:134)
==601766==    by 0x400CC4C: main (tar.c:2810)
==601766== 
==601766== LEAK SUMMARY:
==601766==    definitely lost: 377 bytes in 7 blocks
==601766==    indirectly lost: 353 bytes in 11 blocks
==601766==      possibly lost: 0 bytes in 0 blocks
==601766==    still reachable: 4,990 bytes in 15 blocks
==601766==         suppressed: 0 bytes in 0 blocks
==601766== 
==601766== For lists of detected and suppressed errors, rerun with: -s
==601766== ERROR SUMMARY: 6 errors from 6 contexts (suppressed: 0 from 0)
