==695851== Memcheck, a memory error detector
==695851== Copyright (C) 2002-2024, and GNU GPL'd, by Julian Seward et al.
==695851== Using Valgrind-3.26.0 and LibVEX; rerun with -h for copyright info
==695851== Command: tar --version
==695851== Parent PID: 695560
==695851== 
==695851== 
==695851== FILE DESCRIPTORS: 4 open (4 inherited) at exit.
==695851== 
==695851== HEAP SUMMARY:
==695851==     in use at exit: 7,767 bytes in 3 blocks
==695851==   total heap usage: 15 allocs, 12 frees, 12,021 bytes allocated
==695851== 
==695851== 16 bytes in 1 blocks are still reachable in loss record 1 of 3
==695851==    at 0x48C4E43: calloc (vg_replace_malloc.c:1678)
==695851==    by 0x40516F1: xcalloc (xmalloc.c:298)
==695851==    by 0x40516F1: xzalloc (xmalloc.c:283)
==695851==    by 0x400BEF9: decode_options (tar.c:2297)
==695851==    by 0x400BEF9: main (tar.c:2792)
==695851== 
==695851== 80 bytes in 1 blocks are still reachable in loss record 2 of 3
==695851==    at 0x48BD858: malloc (vg_replace_malloc.c:447)
==695851==    by 0x40512CC: xmalloc (xmalloc.c:45)
==695851==    by 0x400BE43: main (tar.c:2781)
==695851== 
==695851== 7,671 bytes in 1 blocks are still reachable in loss record 3 of 3
==695851==    at 0x48BD858: malloc (vg_replace_malloc.c:447)
==695851==    by 0x4041854: parser_init (argp-parse.c:495)
==695851==    by 0x4041854: argp_parse (argp-parse.c:921)
==695851==    by 0x400C045: decode_options (tar.c:2380)
==695851==    by 0x400C045: main (tar.c:2792)
==695851== 
==695851== LEAK SUMMARY:
==695851==    definitely lost: 0 bytes in 0 blocks
==695851==    indirectly lost: 0 bytes in 0 blocks
==695851==      possibly lost: 0 bytes in 0 blocks
==695851==    still reachable: 7,767 bytes in 3 blocks
==695851==         suppressed: 0 bytes in 0 blocks
==695851== 
==695851== For lists of detected and suppressed errors, rerun with: -s
==695851== ERROR SUMMARY: 0 errors from 0 contexts (suppressed: 0 from 0)
