==594409== Memcheck, a memory error detector
==594409== Copyright (C) 2002-2024, and GNU GPL'd, by Julian Seward et al.
==594409== Using Valgrind-3.26.0 and LibVEX; rerun with -h for copyright info
==594409== Command: tar --version
==594409== Parent PID: 594235
==594409== 
==594409== 
==594409== FILE DESCRIPTORS: 4 open (4 inherited) at exit.
==594409== 
==594409== HEAP SUMMARY:
==594409==     in use at exit: 7,767 bytes in 3 blocks
==594409==   total heap usage: 15 allocs, 12 frees, 12,021 bytes allocated
==594409== 
==594409== 16 bytes in 1 blocks are still reachable in loss record 1 of 3
==594409==    at 0x48C4E43: calloc (vg_replace_malloc.c:1678)
==594409==    by 0x40516F1: xcalloc (xmalloc.c:298)
==594409==    by 0x40516F1: xzalloc (xmalloc.c:283)
==594409==    by 0x400BEF9: decode_options (tar.c:2297)
==594409==    by 0x400BEF9: main (tar.c:2792)
==594409== 
==594409== 80 bytes in 1 blocks are still reachable in loss record 2 of 3
==594409==    at 0x48BD858: malloc (vg_replace_malloc.c:447)
==594409==    by 0x40512CC: xmalloc (xmalloc.c:45)
==594409==    by 0x400BE43: main (tar.c:2781)
==594409== 
==594409== 7,671 bytes in 1 blocks are still reachable in loss record 3 of 3
==594409==    at 0x48BD858: malloc (vg_replace_malloc.c:447)
==594409==    by 0x4041854: parser_init (argp-parse.c:495)
==594409==    by 0x4041854: argp_parse (argp-parse.c:921)
==594409==    by 0x400C045: decode_options (tar.c:2380)
==594409==    by 0x400C045: main (tar.c:2792)
==594409== 
==594409== LEAK SUMMARY:
==594409==    definitely lost: 0 bytes in 0 blocks
==594409==    indirectly lost: 0 bytes in 0 blocks
==594409==      possibly lost: 0 bytes in 0 blocks
==594409==    still reachable: 7,767 bytes in 3 blocks
==594409==         suppressed: 0 bytes in 0 blocks
==594409== 
==594409== For lists of detected and suppressed errors, rerun with: -s
==594409== ERROR SUMMARY: 0 errors from 0 contexts (suppressed: 0 from 0)
