==643812== Memcheck, a memory error detector
==643812== Copyright (C) 2002-2024, and GNU GPL'd, by Julian Seward et al.
==643812== Using Valgrind-3.26.0 and LibVEX; rerun with -h for copyright info
==643812== Command: /tmp/rboxc-tar-behavior-dsxfyqga/exec/tar -cf result.tar -C tree .
==643812== Parent PID: 635373
==643812== 
==643812== 
==643812== FILE DESCRIPTORS: 2 open (1 inherited) at exit.
==643812== Open file descriptor 4: tree
==643812==    at 0x4A1AADA: openat (openat64.c:39)
==643812==    by 0x4027817: openat (fcntl2.h:175)
==643812==    by 0x4027817: chdir_do (misc.c:988)
==643812==    by 0x4028D52: name_next_elt (names.c:1123)
==643812==    by 0x40298EC: name_next (names.c:1152)
==643812==    by 0x401750F: create_archive (create.c:1410)
==643812==    by 0x400CD90: main (tar.c:2818)
==643812== 
==643812== 
==643812== HEAP SUMMARY:
==643812==     in use at exit: 4,719 bytes in 17 blocks
==643812==   total heap usage: 104 allocs, 87 frees, 122,938 bytes allocated
==643812== 
==643812== 5 bytes in 1 blocks are still reachable in loss record 1 of 14
==643812==    at 0x48BD858: malloc (vg_replace_malloc.c:447)
==643812==    by 0x405185D: xmalloc (xmalloc.c:45)
==643812==    by 0x405185D: xmemdup (xmalloc.c:314)
==643812==    by 0x405185D: xstrdup (xmalloc.c:339)
==643812==    by 0x4028D43: name_next_elt (names.c:1123)
==643812==    by 0x40298EC: name_next (names.c:1152)
==643812==    by 0x401750F: create_archive (create.c:1410)
==643812==    by 0x400CD90: main (tar.c:2818)
==643812== 
==643812== 5 bytes in 1 blocks are still reachable in loss record 2 of 14
==643812==    at 0x48BD858: malloc (vg_replace_malloc.c:447)
==643812==    by 0x405185D: xmalloc (xmalloc.c:45)
==643812==    by 0x405185D: xmemdup (xmalloc.c:314)
==643812==    by 0x405185D: xstrdup (xmalloc.c:339)
==643812==    by 0x402644F: assign_string (misc.c:58)
==643812==    by 0x4029612: uid_to_uname (names.c:490)
==643812==    by 0x40155F3: start_header (create.c:931)
==643812==    by 0x40167F9: dump_dir0 (create.c:1123)
==643812==    by 0x40167F9: dump_dir (create.c:1320)
==643812==    by 0x40167F9: dump_file0 (create.c:1757)
==643812==    by 0x4017589: dump_file (create.c:1968)
==643812==    by 0x4017589: create_archive (create.c:1412)
==643812==    by 0x400CD90: main (tar.c:2818)
==643812== 
==643812== 5 bytes in 1 blocks are still reachable in loss record 3 of 14
==643812==    at 0x48BD858: malloc (vg_replace_malloc.c:447)
==643812==    by 0x405185D: xmalloc (xmalloc.c:45)
==643812==    by 0x405185D: xmemdup (xmalloc.c:314)
==643812==    by 0x405185D: xstrdup (xmalloc.c:339)
==643812==    by 0x402644F: assign_string (misc.c:58)
==643812==    by 0x40296A2: gid_to_gname (names.c:520)
==643812==    by 0x40155DB: start_header (create.c:936)
==643812==    by 0x40167F9: dump_dir0 (create.c:1123)
==643812==    by 0x40167F9: dump_dir (create.c:1320)
==643812==    by 0x40167F9: dump_file0 (create.c:1757)
==643812==    by 0x4017589: dump_file (create.c:1968)
==643812==    by 0x4017589: create_archive (create.c:1412)
==643812==    by 0x400CD90: main (tar.c:2818)
==643812== 
==643812== 9 bytes in 2 blocks are indirectly lost in loss record 4 of 14
==643812==    at 0x48BD858: malloc (vg_replace_malloc.c:447)
==643812==    by 0x40387DD: wsnode_quoteremoval (wordsplit.c:651)
==643812==    by 0x4039CFD: wordsplit_process_list (wordsplit.c:2390)
==643812==    by 0x403A562: wordsplit_run.constprop.0 (wordsplit.c:2434)
==643812==    by 0x400BFFA: parse_default_options (tar.c:2256)
==643812==    by 0x400BFFA: decode_options (tar.c:2378)
==643812==    by 0x400BFFA: main (tar.c:2792)
==643812== 
==643812== 9 bytes in 2 blocks are definitely lost in loss record 5 of 14
==643812==    at 0x48BD858: malloc (vg_replace_malloc.c:447)
==643812==    by 0x403A1FB: wordsplit_finish (wordsplit.c:836)
==643812==    by 0x400BFFA: parse_default_options (tar.c:2256)
==643812==    by 0x400BFFA: decode_options (tar.c:2378)
==643812==    by 0x400BFFA: main (tar.c:2792)
==643812== 
==643812== 16 bytes in 1 blocks are still reachable in loss record 6 of 14
==643812==    at 0x48C4E43: calloc (vg_replace_malloc.c:1678)
==643812==    by 0x40516F1: xcalloc (xmalloc.c:298)
==643812==    by 0x40516F1: xzalloc (xmalloc.c:283)
==643812==    by 0x400BEF9: decode_options (tar.c:2297)
==643812==    by 0x400BEF9: main (tar.c:2792)
==643812== 
==643812== 40 bytes in 1 blocks are still reachable in loss record 7 of 14
==643812==    at 0x48BD858: malloc (vg_replace_malloc.c:447)
==643812==    by 0x40512CC: xmalloc (xmalloc.c:45)
==643812==    by 0x401407E: file_count_links (create.c:1522)
==643812==    by 0x401407E: file_count_links (create.c:1508)
==643812==    by 0x4016A58: dump_file0 (create.c:1779)
==643812==    by 0x4015F1E: dump_file (create.c:1968)
==643812==    by 0x4017167: dump_dir0 (create.c:1227)
==643812==    by 0x4017167: dump_dir (create.c:1320)
==643812==    by 0x4017167: dump_file0 (create.c:1757)
==643812==    by 0x4017589: dump_file (create.c:1968)
==643812==    by 0x4017589: create_archive (create.c:1412)
==643812==    by 0x400CD90: main (tar.c:2818)
==643812== 
==643812== 48 bytes in 1 blocks are still reachable in loss record 8 of 14
==643812==    at 0x48C53C0: reallocarray (vg_replace_malloc.c:1806)
==643812==    by 0x40515C9: xreallocarray (xmalloc.c:84)
==643812==    by 0x40515C9: x2nrealloc (xmalloc.c:203)
==643812==    by 0x4027754: chdir_arg (misc.c:934)
==643812==    by 0x4028D4B: name_next_elt (names.c:1123)
==643812==    by 0x40298EC: name_next (names.c:1152)
==643812==    by 0x401750F: create_archive (create.c:1410)
==643812==    by 0x400CD90: main (tar.c:2818)
==643812== 
==643812== 80 bytes in 1 blocks are still reachable in loss record 9 of 14
==643812==    at 0x48BD858: malloc (vg_replace_malloc.c:447)
==643812==    by 0x40512CC: xmalloc (xmalloc.c:45)
==643812==    by 0x400BE43: main (tar.c:2781)
==643812== 
==643812== 80 bytes in 1 blocks are still reachable in loss record 10 of 14
==643812==    at 0x48BD858: malloc (vg_replace_malloc.c:447)
==643812==    by 0x4047846: hash_initialize (hash.c:523)
==643812==    by 0x401411B: file_count_links (create.c:1530)
==643812==    by 0x401411B: file_count_links (create.c:1508)
==643812==    by 0x4016A58: dump_file0 (create.c:1779)
==643812==    by 0x4015F1E: dump_file (create.c:1968)
==643812==    by 0x4017167: dump_dir0 (create.c:1227)
==643812==    by 0x4017167: dump_dir (create.c:1320)
==643812==    by 0x4017167: dump_file0 (create.c:1757)
==643812==    by 0x4017589: dump_file (create.c:1968)
==643812==    by 0x4017589: create_archive (create.c:1412)
==643812==    by 0x400CD90: main (tar.c:2818)
==643812== 
==643812== 89 (80 direct, 9 indirect) bytes in 2 blocks are definitely lost in loss record 11 of 14
==643812==    at 0x48C4E43: calloc (vg_replace_malloc.c:1678)
==643812==    by 0x403959D: wsnode_new (wordsplit.c:422)
==643812==    by 0x403959D: wordsplit_add_segm (wordsplit.c:523)
==643812==    by 0x4039854: scan_word (wordsplit.c:2062)
==643812==    by 0x4039C7C: wordsplit_process_list (wordsplit.c:2358)
==643812==    by 0x403A562: wordsplit_run.constprop.0 (wordsplit.c:2434)
==643812==    by 0x400BFFA: parse_default_options (tar.c:2256)
==643812==    by 0x400BFFA: decode_options (tar.c:2378)
==643812==    by 0x400BFFA: main (tar.c:2792)
==643812== 
==643812== 102 bytes in 1 blocks are still reachable in loss record 12 of 14
==643812==    at 0x48BD858: malloc (vg_replace_malloc.c:447)
==643812==    by 0x40512CC: xmalloc (xmalloc.c:45)
==643812==    by 0x4029881: name_init (names.c:869)
==643812==    by 0x400C94C: main (tar.c:2794)
==643812== 
==643812== 176 bytes in 1 blocks are still reachable in loss record 13 of 14
==643812==    at 0x48C4E43: calloc (vg_replace_malloc.c:1678)
==643812==    by 0x404789C: hash_initialize (hash.c:544)
==643812==    by 0x401411B: file_count_links (create.c:1530)
==643812==    by 0x401411B: file_count_links (create.c:1508)
==643812==    by 0x4016A58: dump_file0 (create.c:1779)
==643812==    by 0x4015F1E: dump_file (create.c:1968)
==643812==    by 0x4017167: dump_dir0 (create.c:1227)
==643812==    by 0x4017167: dump_dir (create.c:1320)
==643812==    by 0x4017167: dump_file0 (create.c:1757)
==643812==    by 0x4017589: dump_file (create.c:1968)
==643812==    by 0x4017589: create_archive (create.c:1412)
==643812==    by 0x400CD90: main (tar.c:2818)
==643812== 
==643812== 4,064 bytes in 1 blocks are still reachable in loss record 14 of 14
==643812==    at 0x48BD858: malloc (vg_replace_malloc.c:447)
==643812==    by 0x40512CC: xmalloc (xmalloc.c:45)
==643812==    by 0x404A07D: call_chunkfun (obstack.c:88)
==643812==    by 0x404A07D: _obstack_begin_worker.isra.0 (obstack.c:135)
==643812==    by 0x404A0A8: _obstack_begin (obstack.c:157)
==643812==    by 0x4032C57: _transform_name_to_obstack (transform.c:592)
==643812==    by 0x4032C57: transform_name_fp (transform.c:614)
==643812==    by 0x4016444: dump_file0 (create.c:1657)
==643812==    by 0x4017589: dump_file (create.c:1968)
==643812==    by 0x4017589: create_archive (create.c:1412)
==643812==    by 0x400CD90: main (tar.c:2818)
==643812== 
==643812== LEAK SUMMARY:
==643812==    definitely lost: 89 bytes in 4 blocks
==643812==    indirectly lost: 9 bytes in 2 blocks
==643812==      possibly lost: 0 bytes in 0 blocks
==643812==    still reachable: 4,621 bytes in 11 blocks
==643812==         suppressed: 0 bytes in 0 blocks
==643812== 
==643812== For lists of detected and suppressed errors, rerun with: -s
==643812== ERROR SUMMARY: 3 errors from 3 contexts (suppressed: 0 from 0)
