==621959== Memcheck, a memory error detector
==621959== Copyright (C) 2002-2024, and GNU GPL'd, by Julian Seward et al.
==621959== Using Valgrind-3.26.0 and LibVEX; rerun with -h for copyright info
==621959== Command: tar --sparse --sparse-version=0.1 -c --record-size=512 -M -L6 -f arc.1 -f arc.2 -f arc.3 sparsefile
==621959== Parent PID: 621535
==621959== 
==621959== 
==621959== FILE DESCRIPTORS: 1 open (0 inherited) at exit.
==621959== Open file descriptor 0: /dev/full
==621959==    at 0x4A1A9E6: open (open64.c:41)
==621959==    by 0x4050574: open (fcntl2.h:55)
==621959==    by 0x4050574: stdopen (stdopen.c:51)
==621959==    by 0x400BE26: main (tar.c:2773)
==621959== 
==621959== 
==621959== HEAP SUMMARY:
==621959==     in use at exit: 37,748 bytes in 25 blocks
==621959==   total heap usage: 106 allocs, 81 frees, 106,477 bytes allocated
==621959== 
==621959== 5 bytes in 1 blocks are still reachable in loss record 1 of 17
==621959==    at 0x48BD858: malloc (vg_replace_malloc.c:447)
==621959==    by 0x405185D: xmalloc (xmalloc.c:45)
==621959==    by 0x405185D: xmemdup (xmalloc.c:314)
==621959==    by 0x405185D: xstrdup (xmalloc.c:339)
==621959==    by 0x402644F: assign_string (misc.c:58)
==621959==    by 0x4029612: uid_to_uname (names.c:490)
==621959==    by 0x40155F3: start_header (create.c:931)
==621959==    by 0x402C127: pax_start_header (sparse.c:1095)
==621959==    by 0x402C127: pax_dump_header_0 (sparse.c:1149)
==621959==    by 0x402C127: pax_dump_header (sparse.c:1245)
==621959==    by 0x402CA6F: tar_sparse_dump_header (sparse.c:153)
==621959==    by 0x402CA6F: sparse_dump_file (sparse.c:535)
==621959==    by 0x4016E23: dump_file0 (create.c:1768)
==621959==    by 0x4017589: dump_file (create.c:1968)
==621959==    by 0x4017589: create_archive (create.c:1412)
==621959==    by 0x400CD90: main (tar.c:2818)
==621959== 
==621959== 5 bytes in 1 blocks are still reachable in loss record 2 of 17
==621959==    at 0x48BD858: malloc (vg_replace_malloc.c:447)
==621959==    by 0x405185D: xmalloc (xmalloc.c:45)
==621959==    by 0x405185D: xmemdup (xmalloc.c:314)
==621959==    by 0x405185D: xstrdup (xmalloc.c:339)
==621959==    by 0x402644F: assign_string (misc.c:58)
==621959==    by 0x40296A2: gid_to_gname (names.c:520)
==621959==    by 0x40155DB: start_header (create.c:936)
==621959==    by 0x402C127: pax_start_header (sparse.c:1095)
==621959==    by 0x402C127: pax_dump_header_0 (sparse.c:1149)
==621959==    by 0x402C127: pax_dump_header (sparse.c:1245)
==621959==    by 0x402CA6F: tar_sparse_dump_header (sparse.c:153)
==621959==    by 0x402CA6F: sparse_dump_file (sparse.c:535)
==621959==    by 0x4016E23: dump_file0 (create.c:1768)
==621959==    by 0x4017589: dump_file (create.c:1968)
==621959==    by 0x4017589: create_archive (create.c:1412)
==621959==    by 0x400CD90: main (tar.c:2818)
==621959== 
==621959== 10 bytes in 2 blocks are definitely lost in loss record 3 of 17
==621959==    at 0x48BD858: malloc (vg_replace_malloc.c:447)
==621959==    by 0x405185D: xmalloc (xmalloc.c:45)
==621959==    by 0x405185D: xmemdup (xmalloc.c:314)
==621959==    by 0x405185D: xstrdup (xmalloc.c:339)
==621959==    by 0x4029621: uid_to_uname (names.c:499)
==621959==    by 0x40155F3: start_header (create.c:931)
==621959==    by 0x400D8BB: add_chunk_header (buffer.c:1719)
==621959==    by 0x400FC27: _gnu_flush_write (buffer.c:1979)
==621959==    by 0x400FC27: gnu_flush_write (buffer.c:2003)
==621959==    by 0x400E689: find_next_block (buffer.c:609)
==621959==    by 0x402B568: sparse_dump_region (sparse.c:417)
==621959==    by 0x402CAD1: tar_sparse_dump_region (sparse.c:137)
==621959==    by 0x402CAD1: sparse_dump_file (sparse.c:545)
==621959==    by 0x4016E23: dump_file0 (create.c:1768)
==621959==    by 0x4017589: dump_file (create.c:1968)
==621959==    by 0x4017589: create_archive (create.c:1412)
==621959==    by 0x400CD90: main (tar.c:2818)
==621959== 
==621959== 10 bytes in 2 blocks are definitely lost in loss record 4 of 17
==621959==    at 0x48BD858: malloc (vg_replace_malloc.c:447)
==621959==    by 0x405185D: xmalloc (xmalloc.c:45)
==621959==    by 0x405185D: xmemdup (xmalloc.c:314)
==621959==    by 0x405185D: xstrdup (xmalloc.c:339)
==621959==    by 0x40296B1: gid_to_gname (names.c:529)
==621959==    by 0x40155DB: start_header (create.c:936)
==621959==    by 0x400D8BB: add_chunk_header (buffer.c:1719)
==621959==    by 0x400FC27: _gnu_flush_write (buffer.c:1979)
==621959==    by 0x400FC27: gnu_flush_write (buffer.c:2003)
==621959==    by 0x400E689: find_next_block (buffer.c:609)
==621959==    by 0x402B568: sparse_dump_region (sparse.c:417)
==621959==    by 0x402CAD1: tar_sparse_dump_region (sparse.c:137)
==621959==    by 0x402CAD1: sparse_dump_file (sparse.c:545)
==621959==    by 0x4016E23: dump_file0 (create.c:1768)
==621959==    by 0x4017589: dump_file (create.c:1968)
==621959==    by 0x4017589: create_archive (create.c:1412)
==621959==    by 0x400CD90: main (tar.c:2818)
==621959== 
==621959== 16 bytes in 1 blocks are still reachable in loss record 5 of 17
==621959==    at 0x48C4E43: calloc (vg_replace_malloc.c:1678)
==621959==    by 0x40516F1: xcalloc (xmalloc.c:298)
==621959==    by 0x40516F1: xzalloc (xmalloc.c:283)
==621959==    by 0x400BEF9: decode_options (tar.c:2297)
==621959==    by 0x400BEF9: main (tar.c:2792)
==621959== 
==621959== 17 bytes in 1 blocks are still reachable in loss record 6 of 17
==621959==    at 0x48BD858: malloc (vg_replace_malloc.c:447)
==621959==    by 0x405185D: xmalloc (xmalloc.c:45)
==621959==    by 0x405185D: xmemdup (xmalloc.c:314)
==621959==    by 0x405185D: xstrdup (xmalloc.c:339)
==621959==    by 0x402644F: assign_string (misc.c:58)
==621959==    by 0x401E7A6: xheader_xhdr_name (xheader.c:393)
==621959==    by 0x4014297: write_extended.part.0 (create.c:713)
==621959==    by 0x4014896: write_extended (create.c:699)
==621959==    by 0x4014896: finish_header (create.c:1024)
==621959==    by 0x402C13D: pax_dump_header_0 (sparse.c:1150)
==621959==    by 0x402C13D: pax_dump_header (sparse.c:1245)
==621959==    by 0x402CA6F: tar_sparse_dump_header (sparse.c:153)
==621959==    by 0x402CA6F: sparse_dump_file (sparse.c:535)
==621959==    by 0x4016E23: dump_file0 (create.c:1768)
==621959==    by 0x4017589: dump_file (create.c:1968)
==621959==    by 0x4017589: create_archive (create.c:1412)
==621959==    by 0x400CD90: main (tar.c:2818)
==621959== 
==621959== 28 bytes in 3 blocks are indirectly lost in loss record 7 of 17
==621959==    at 0x48BD858: malloc (vg_replace_malloc.c:447)
==621959==    by 0x40387DD: wsnode_quoteremoval (wordsplit.c:651)
==621959==    by 0x4039CFD: wordsplit_process_list (wordsplit.c:2390)
==621959==    by 0x403A562: wordsplit_run.constprop.0 (wordsplit.c:2434)
==621959==    by 0x400BFFA: parse_default_options (tar.c:2256)
==621959==    by 0x400BFFA: decode_options (tar.c:2378)
==621959==    by 0x400BFFA: main (tar.c:2792)
==621959== 
==621959== 28 bytes in 3 blocks are definitely lost in loss record 8 of 17
==621959==    at 0x48BD858: malloc (vg_replace_malloc.c:447)
==621959==    by 0x403A1FB: wordsplit_finish (wordsplit.c:836)
==621959==    by 0x400BFFA: parse_default_options (tar.c:2256)
==621959==    by 0x400BFFA: decode_options (tar.c:2378)
==621959==    by 0x400BFFA: main (tar.c:2792)
==621959== 
==621959== 47 bytes in 1 blocks are still reachable in loss record 9 of 17
==621959==    at 0x48BD858: malloc (vg_replace_malloc.c:447)
==621959==    by 0x40512CC: xmalloc (xmalloc.c:45)
==621959==    by 0x401E864: xheader_ghdr_name (xheader.c:408)
==621959==    by 0x4014203: write_extended.part.0 (create.c:707)
==621959==    by 0x400FC0E: _gnu_flush_write (buffer.c:1975)
==621959==    by 0x400FC0E: gnu_flush_write (buffer.c:2003)
==621959==    by 0x400E689: find_next_block (buffer.c:609)
==621959==    by 0x402B568: sparse_dump_region (sparse.c:417)
==621959==    by 0x402CAD1: tar_sparse_dump_region (sparse.c:137)
==621959==    by 0x402CAD1: sparse_dump_file (sparse.c:545)
==621959==    by 0x4016E23: dump_file0 (create.c:1768)
==621959==    by 0x4017589: dump_file (create.c:1968)
==621959==    by 0x4017589: create_archive (create.c:1412)
==621959==    by 0x400CD90: main (tar.c:2818)
==621959== 
==621959== 80 bytes in 1 blocks are still reachable in loss record 10 of 17
==621959==    at 0x48BD858: malloc (vg_replace_malloc.c:447)
==621959==    by 0x40512CC: xmalloc (xmalloc.c:45)
==621959==    by 0x400BE43: main (tar.c:2781)
==621959== 
==621959== 102 bytes in 1 blocks are still reachable in loss record 11 of 17
==621959==    at 0x48BD858: malloc (vg_replace_malloc.c:447)
==621959==    by 0x40512CC: xmalloc (xmalloc.c:45)
==621959==    by 0x4029881: name_init (names.c:869)
==621959==    by 0x400C94C: main (tar.c:2794)
==621959== 
==621959== 112 bytes in 1 blocks are still reachable in loss record 12 of 17
==621959==    at 0x48BD858: malloc (vg_replace_malloc.c:447)
==621959==    by 0x491DE43: __gconv_open (gconv_open.c:77)
==621959==    by 0x491D9E0: iconv_open (iconv_open.c:39)
==621959==    by 0x403387B: utf8_init (utf8.c:59)
==621959==    by 0x403387B: utf8_convert (utf8.c:73)
==621959==    by 0x401D32E: code_string (xheader.c:1015)
==621959==    by 0x402BF14: pax_dump_header_0 (sparse.c:1125)
==621959==    by 0x402BF14: pax_dump_header (sparse.c:1245)
==621959==    by 0x402CA6F: tar_sparse_dump_header (sparse.c:153)
==621959==    by 0x402CA6F: sparse_dump_file (sparse.c:535)
==621959==    by 0x4016E23: dump_file0 (create.c:1768)
==621959==    by 0x4017589: dump_file (create.c:1968)
==621959==    by 0x4017589: create_archive (create.c:1412)
==621959==    by 0x400CD90: main (tar.c:2818)
==621959== 
==621959== 148 (120 direct, 28 indirect) bytes in 3 blocks are definitely lost in loss record 13 of 17
==621959==    at 0x48C4E43: calloc (vg_replace_malloc.c:1678)
==621959==    by 0x403959D: wsnode_new (wordsplit.c:422)
==621959==    by 0x403959D: wordsplit_add_segm (wordsplit.c:523)
==621959==    by 0x4039854: scan_word (wordsplit.c:2062)
==621959==    by 0x4039C7C: wordsplit_process_list (wordsplit.c:2358)
==621959==    by 0x403A562: wordsplit_run.constprop.0 (wordsplit.c:2434)
==621959==    by 0x400BFFA: parse_default_options (tar.c:2256)
==621959==    by 0x400BFFA: decode_options (tar.c:2378)
==621959==    by 0x400BFFA: main (tar.c:2792)
==621959== 
==621959== 208 bytes in 1 blocks are still reachable in loss record 14 of 17
==621959==    at 0x48BD858: malloc (vg_replace_malloc.c:447)
==621959==    by 0x4929C6F: __gconv_lookup_cache (gconv_cache.c:361)
==621959==    by 0x491F8EE: __gconv_find_transform (gconv_db.c:717)
==621959==    by 0x491DDE5: __gconv_open (gconv_open.c:73)
==621959==    by 0x491D9E0: iconv_open (iconv_open.c:39)
==621959==    by 0x403387B: utf8_init (utf8.c:59)
==621959==    by 0x403387B: utf8_convert (utf8.c:73)
==621959==    by 0x401D32E: code_string (xheader.c:1015)
==621959==    by 0x402BF14: pax_dump_header_0 (sparse.c:1125)
==621959==    by 0x402BF14: pax_dump_header (sparse.c:1245)
==621959==    by 0x402CA6F: tar_sparse_dump_header (sparse.c:153)
==621959==    by 0x402CA6F: sparse_dump_file (sparse.c:535)
==621959==    by 0x4016E23: dump_file0 (create.c:1768)
==621959==    by 0x4017589: dump_file (create.c:1968)
==621959==    by 0x4017589: create_archive (create.c:1412)
==621959==    by 0x400CD90: main (tar.c:2818)
==621959== 
==621959== 256 bytes in 1 blocks are still reachable in loss record 15 of 17
==621959==    at 0x48BD858: malloc (vg_replace_malloc.c:447)
==621959==    by 0x40512CC: xmalloc (xmalloc.c:45)
==621959==    by 0x401D274: xattr_encode_keyword (xheader.c:833)
==621959==    by 0x401D274: xheader_print_n (xheader.c:876)
==621959==    by 0x401DA63: sparse_size_coder (xheader.c:1340)
==621959==    by 0x402BB0D: pax_dump_header_0 (sparse.c:1111)
==621959==    by 0x402BB0D: pax_dump_header (sparse.c:1245)
==621959==    by 0x402CA6F: tar_sparse_dump_header (sparse.c:153)
==621959==    by 0x402CA6F: sparse_dump_file (sparse.c:535)
==621959==    by 0x4016E23: dump_file0 (create.c:1768)
==621959==    by 0x4017589: dump_file (create.c:1968)
==621959==    by 0x4017589: create_archive (create.c:1412)
==621959==    by 0x400CD90: main (tar.c:2818)
==621959== 
==621959== 4,064 bytes in 1 blocks are still reachable in loss record 16 of 17
==621959==    at 0x48BD858: malloc (vg_replace_malloc.c:447)
==621959==    by 0x40512CC: xmalloc (xmalloc.c:45)
==621959==    by 0x404A07D: call_chunkfun (obstack.c:88)
==621959==    by 0x404A07D: _obstack_begin_worker.isra.0 (obstack.c:135)
==621959==    by 0x404A0A8: _obstack_begin (obstack.c:157)
==621959==    by 0x4032C57: _transform_name_to_obstack (transform.c:592)
==621959==    by 0x4032C57: transform_name_fp (transform.c:614)
==621959==    by 0x4016444: dump_file0 (create.c:1657)
==621959==    by 0x4017589: dump_file (create.c:1968)
==621959==    by 0x4017589: create_archive (create.c:1412)
==621959==    by 0x400CD90: main (tar.c:2818)
==621959== 
==621959== 32,640 bytes in 1 blocks are still reachable in loss record 17 of 17
==621959==    at 0x48BD858: malloc (vg_replace_malloc.c:447)
==621959==    by 0x491DECE: __gconv_open (gconv_open.c:127)
==621959==    by 0x491D9E0: iconv_open (iconv_open.c:39)
==621959==    by 0x403387B: utf8_init (utf8.c:59)
==621959==    by 0x403387B: utf8_convert (utf8.c:73)
==621959==    by 0x401D32E: code_string (xheader.c:1015)
==621959==    by 0x402BF14: pax_dump_header_0 (sparse.c:1125)
==621959==    by 0x402BF14: pax_dump_header (sparse.c:1245)
==621959==    by 0x402CA6F: tar_sparse_dump_header (sparse.c:153)
==621959==    by 0x402CA6F: sparse_dump_file (sparse.c:535)
==621959==    by 0x4016E23: dump_file0 (create.c:1768)
==621959==    by 0x4017589: dump_file (create.c:1968)
==621959==    by 0x4017589: create_archive (create.c:1412)
==621959==    by 0x400CD90: main (tar.c:2818)
==621959== 
==621959== LEAK SUMMARY:
==621959==    definitely lost: 168 bytes in 10 blocks
==621959==    indirectly lost: 28 bytes in 3 blocks
==621959==      possibly lost: 0 bytes in 0 blocks
==621959==    still reachable: 37,552 bytes in 12 blocks
==621959==         suppressed: 0 bytes in 0 blocks
==621959== 
==621959== For lists of detected and suppressed errors, rerun with: -s
==621959== ERROR SUMMARY: 5 errors from 5 contexts (suppressed: 0 from 0)
