==621963== Memcheck, a memory error detector
==621963== Copyright (C) 2002-2024, and GNU GPL'd, by Julian Seward et al.
==621963== Using Valgrind-3.26.0 and LibVEX; rerun with -h for copyright info
==621963== Command: tar -t -M -f arc.1 -f arc.2 -f arc.3
==621963== Parent PID: 621535
==621963== 
==621963== 
==621963== FILE DESCRIPTORS: 1 open (0 inherited) at exit.
==621963== Open file descriptor 0: /dev/full
==621963==    at 0x4A1A9E6: open (open64.c:41)
==621963==    by 0x4050574: open (fcntl2.h:55)
==621963==    by 0x4050574: stdopen (stdopen.c:51)
==621963==    by 0x400BE26: main (tar.c:2773)
==621963== 
==621963== 
==621963== HEAP SUMMARY:
==621963==     in use at exit: 39,281 bytes in 28 blocks
==621963==   total heap usage: 84 allocs, 56 frees, 97,875 bytes allocated
==621963== 
==621963== 1 bytes in 1 blocks are still reachable in loss record 1 of 22
==621963==    at 0x48BD858: malloc (vg_replace_malloc.c:447)
==621963==    by 0x405185D: xmalloc (xmalloc.c:45)
==621963==    by 0x405185D: xmemdup (xmalloc.c:314)
==621963==    by 0x405185D: xstrdup (xmalloc.c:339)
==621963==    by 0x402644F: assign_string (misc.c:58)
==621963==    by 0x4023E76: read_header (list.c:599)
==621963==    by 0x4010569: try_new_volume (buffer.c:1464)
==621963==    by 0x4010569: _gnu_flush_read (buffer.c:1888)
==621963==    by 0x4010569: gnu_flush_read (buffer.c:1909)
==621963==    by 0x400E689: find_next_block (buffer.c:609)
==621963==    by 0x4025264: skim_file (list.c:1425)
==621963==    by 0x402CF0D: sparse_skim_file (sparse.c:613)
==621963==    by 0x4025356: skim_member.part.0 (list.c:1456)
==621963==    by 0x4025852: read_and (list.c:229)
==621963==    by 0x400CD4B: main (tar.c:2832)
==621963== 
==621963== 1 bytes in 1 blocks are definitely lost in loss record 2 of 22
==621963==    at 0x48BD858: malloc (vg_replace_malloc.c:447)
==621963==    by 0x405185D: xmalloc (xmalloc.c:45)
==621963==    by 0x405185D: xmemdup (xmalloc.c:314)
==621963==    by 0x405185D: xstrdup (xmalloc.c:339)
==621963==    by 0x402644F: assign_string (misc.c:58)
==621963==    by 0x4023E76: read_header (list.c:599)
==621963==    by 0x4010569: try_new_volume (buffer.c:1464)
==621963==    by 0x4010569: _gnu_flush_read (buffer.c:1888)
==621963==    by 0x4010569: gnu_flush_read (buffer.c:1909)
==621963==    by 0x400E689: find_next_block (buffer.c:609)
==621963==    by 0x4025264: skim_file (list.c:1425)
==621963==    by 0x402CF0D: sparse_skim_file (sparse.c:613)
==621963==    by 0x4025356: skim_member.part.0 (list.c:1456)
==621963==    by 0x4025852: read_and (list.c:229)
==621963==    by 0x400CD4B: main (tar.c:2832)
==621963== 
==621963== 5 bytes in 1 blocks are still reachable in loss record 3 of 22
==621963==    at 0x48BD858: malloc (vg_replace_malloc.c:447)
==621963==    by 0x405185D: xmalloc (xmalloc.c:45)
==621963==    by 0x405185D: xmemdup (xmalloc.c:314)
==621963==    by 0x405185D: xstrdup (xmalloc.c:339)
==621963==    by 0x402644F: assign_string (misc.c:58)
==621963==    by 0x402973C: uname_to_uid (names.c:550)
==621963==    by 0x402457F: decode_header (list.c:694)
==621963==    by 0x4025616: read_and (list.c:194)
==621963==    by 0x400CD4B: main (tar.c:2832)
==621963== 
==621963== 5 bytes in 1 blocks are still reachable in loss record 4 of 22
==621963==    at 0x48BD858: malloc (vg_replace_malloc.c:447)
==621963==    by 0x405185D: xmalloc (xmalloc.c:45)
==621963==    by 0x405185D: xmemdup (xmalloc.c:314)
==621963==    by 0x405185D: xstrdup (xmalloc.c:339)
==621963==    by 0x402644F: assign_string (misc.c:58)
==621963==    by 0x40297DC: gname_to_gid (names.c:580)
==621963==    by 0x402455F: decode_header (list.c:699)
==621963==    by 0x4025616: read_and (list.c:194)
==621963==    by 0x400CD4B: main (tar.c:2832)
==621963== 
==621963== 16 bytes in 1 blocks are still reachable in loss record 5 of 22
==621963==    at 0x48C4E43: calloc (vg_replace_malloc.c:1678)
==621963==    by 0x40516F1: xcalloc (xmalloc.c:298)
==621963==    by 0x40516F1: xzalloc (xmalloc.c:283)
==621963==    by 0x400BEF9: decode_options (tar.c:2297)
==621963==    by 0x400BEF9: main (tar.c:2792)
==621963== 
==621963== 28 bytes in 1 blocks are still reachable in loss record 6 of 22
==621963==    at 0x48BD858: malloc (vg_replace_malloc.c:447)
==621963==    by 0x405185D: xmalloc (xmalloc.c:45)
==621963==    by 0x405185D: xmemdup (xmalloc.c:314)
==621963==    by 0x405185D: xstrdup (xmalloc.c:339)
==621963==    by 0x402644F: assign_string (misc.c:58)
==621963==    by 0x4023E1B: read_header (list.c:578)
==621963==    by 0x4010569: try_new_volume (buffer.c:1464)
==621963==    by 0x4010569: _gnu_flush_read (buffer.c:1888)
==621963==    by 0x4010569: gnu_flush_read (buffer.c:1909)
==621963==    by 0x400E689: find_next_block (buffer.c:609)
==621963==    by 0x4025264: skim_file (list.c:1425)
==621963==    by 0x402CF0D: sparse_skim_file (sparse.c:613)
==621963==    by 0x4025356: skim_member.part.0 (list.c:1456)
==621963==    by 0x4025852: read_and (list.c:229)
==621963==    by 0x400CD4B: main (tar.c:2832)
==621963== 
==621963== 28 bytes in 1 blocks are still reachable in loss record 7 of 22
==621963==    at 0x48BD858: malloc (vg_replace_malloc.c:447)
==621963==    by 0x405185D: xmalloc (xmalloc.c:45)
==621963==    by 0x405185D: xmemdup (xmalloc.c:314)
==621963==    by 0x405185D: xstrdup (xmalloc.c:339)
==621963==    by 0x402644F: assign_string (misc.c:58)
==621963==    by 0x4023E27: read_header (list.c:579)
==621963==    by 0x4010569: try_new_volume (buffer.c:1464)
==621963==    by 0x4010569: _gnu_flush_read (buffer.c:1888)
==621963==    by 0x4010569: gnu_flush_read (buffer.c:1909)
==621963==    by 0x400E689: find_next_block (buffer.c:609)
==621963==    by 0x4025264: skim_file (list.c:1425)
==621963==    by 0x402CF0D: sparse_skim_file (sparse.c:613)
==621963==    by 0x4025356: skim_member.part.0 (list.c:1456)
==621963==    by 0x4025852: read_and (list.c:229)
==621963==    by 0x400CD4B: main (tar.c:2832)
==621963== 
==621963== 28 bytes in 3 blocks are indirectly lost in loss record 8 of 22
==621963==    at 0x48BD858: malloc (vg_replace_malloc.c:447)
==621963==    by 0x40387DD: wsnode_quoteremoval (wordsplit.c:651)
==621963==    by 0x4039CFD: wordsplit_process_list (wordsplit.c:2390)
==621963==    by 0x403A562: wordsplit_run.constprop.0 (wordsplit.c:2434)
==621963==    by 0x400BFFA: parse_default_options (tar.c:2256)
==621963==    by 0x400BFFA: decode_options (tar.c:2378)
==621963==    by 0x400BFFA: main (tar.c:2792)
==621963== 
==621963== 28 bytes in 1 blocks are definitely lost in loss record 9 of 22
==621963==    at 0x48BD858: malloc (vg_replace_malloc.c:447)
==621963==    by 0x405185D: xmalloc (xmalloc.c:45)
==621963==    by 0x405185D: xmemdup (xmalloc.c:314)
==621963==    by 0x405185D: xstrdup (xmalloc.c:339)
==621963==    by 0x402644F: assign_string (misc.c:58)
==621963==    by 0x4023E1B: read_header (list.c:578)
==621963==    by 0x4010569: try_new_volume (buffer.c:1464)
==621963==    by 0x4010569: _gnu_flush_read (buffer.c:1888)
==621963==    by 0x4010569: gnu_flush_read (buffer.c:1909)
==621963==    by 0x400E689: find_next_block (buffer.c:609)
==621963==    by 0x4025264: skim_file (list.c:1425)
==621963==    by 0x402CF0D: sparse_skim_file (sparse.c:613)
==621963==    by 0x4025356: skim_member.part.0 (list.c:1456)
==621963==    by 0x4025852: read_and (list.c:229)
==621963==    by 0x400CD4B: main (tar.c:2832)
==621963== 
==621963== 28 bytes in 1 blocks are definitely lost in loss record 10 of 22
==621963==    at 0x48BD858: malloc (vg_replace_malloc.c:447)
==621963==    by 0x405185D: xmalloc (xmalloc.c:45)
==621963==    by 0x405185D: xmemdup (xmalloc.c:314)
==621963==    by 0x405185D: xstrdup (xmalloc.c:339)
==621963==    by 0x402644F: assign_string (misc.c:58)
==621963==    by 0x4023E27: read_header (list.c:579)
==621963==    by 0x4010569: try_new_volume (buffer.c:1464)
==621963==    by 0x4010569: _gnu_flush_read (buffer.c:1888)
==621963==    by 0x4010569: gnu_flush_read (buffer.c:1909)
==621963==    by 0x400E689: find_next_block (buffer.c:609)
==621963==    by 0x4025264: skim_file (list.c:1425)
==621963==    by 0x402CF0D: sparse_skim_file (sparse.c:613)
==621963==    by 0x4025356: skim_member.part.0 (list.c:1456)
==621963==    by 0x4025852: read_and (list.c:229)
==621963==    by 0x400CD4B: main (tar.c:2832)
==621963== 
==621963== 28 bytes in 3 blocks are definitely lost in loss record 11 of 22
==621963==    at 0x48BD858: malloc (vg_replace_malloc.c:447)
==621963==    by 0x403A1FB: wordsplit_finish (wordsplit.c:836)
==621963==    by 0x400BFFA: parse_default_options (tar.c:2256)
==621963==    by 0x400BFFA: decode_options (tar.c:2378)
==621963==    by 0x400BFFA: main (tar.c:2792)
==621963== 
==621963== 80 bytes in 1 blocks are still reachable in loss record 12 of 22
==621963==    at 0x48BD858: malloc (vg_replace_malloc.c:447)
==621963==    by 0x40512CC: xmalloc (xmalloc.c:45)
==621963==    by 0x400BE43: main (tar.c:2781)
==621963== 
==621963== 102 bytes in 1 blocks are still reachable in loss record 13 of 22
==621963==    at 0x48BD858: malloc (vg_replace_malloc.c:447)
==621963==    by 0x40512CC: xmalloc (xmalloc.c:45)
==621963==    by 0x4029881: name_init (names.c:869)
==621963==    by 0x400C94C: main (tar.c:2794)
==621963== 
==621963== 112 bytes in 1 blocks are still reachable in loss record 14 of 22
==621963==    at 0x48BD858: malloc (vg_replace_malloc.c:447)
==621963==    by 0x491DE43: __gconv_open (gconv_open.c:77)
==621963==    by 0x491D9E0: iconv_open (iconv_open.c:39)
==621963==    by 0x403383D: utf8_init (utf8.c:61)
==621963==    by 0x403383D: utf8_convert (utf8.c:73)
==621963==    by 0x401DE33: decode_string (xheader.c:1032)
==621963==    by 0x401DE33: raw_path_decoder (xheader.c:1258)
==621963==    by 0x401DE33: raw_path_decoder (xheader.c:1254)
==621963==    by 0x401DE33: sparse_path_decoder (xheader.c:1282)
==621963==    by 0x401CA71: decode_record.isra.0 (xheader.c:662)
==621963==    by 0x401EB99: xheader_decode (xheader.c:708)
==621963==    by 0x40242BA: decode_header (list.c:717)
==621963==    by 0x4025616: read_and (list.c:194)
==621963==    by 0x400CD4B: main (tar.c:2832)
==621963== 
==621963== 148 (120 direct, 28 indirect) bytes in 3 blocks are definitely lost in loss record 15 of 22
==621963==    at 0x48C4E43: calloc (vg_replace_malloc.c:1678)
==621963==    by 0x403959D: wsnode_new (wordsplit.c:422)
==621963==    by 0x403959D: wordsplit_add_segm (wordsplit.c:523)
==621963==    by 0x4039854: scan_word (wordsplit.c:2062)
==621963==    by 0x4039C7C: wordsplit_process_list (wordsplit.c:2358)
==621963==    by 0x403A562: wordsplit_run.constprop.0 (wordsplit.c:2434)
==621963==    by 0x400BFFA: parse_default_options (tar.c:2256)
==621963==    by 0x400BFFA: decode_options (tar.c:2378)
==621963==    by 0x400BFFA: main (tar.c:2792)
==621963== 
==621963== 177 bytes in 1 blocks are still reachable in loss record 16 of 22
==621963==    at 0x48BD858: malloc (vg_replace_malloc.c:447)
==621963==    by 0x40512CC: xmalloc (xmalloc.c:45)
==621963==    by 0x40337B7: utf8_convert (utf8.c:85)
==621963==    by 0x401DBC4: decode_string (xheader.c:1032)
==621963==    by 0x401DBC4: volume_filename_decoder (xheader.c:1589)
==621963==    by 0x401CA71: decode_record.isra.0 (xheader.c:662)
==621963==    by 0x401ECCF: xheader_decode_global (xheader.c:744)
==621963==    by 0x4023B55: read_header (list.c:532)
==621963==    by 0x4010537: try_new_volume (buffer.c:1442)
==621963==    by 0x4010537: _gnu_flush_read (buffer.c:1888)
==621963==    by 0x4010537: gnu_flush_read (buffer.c:1909)
==621963==    by 0x400E689: find_next_block (buffer.c:609)
==621963==    by 0x4025264: skim_file (list.c:1425)
==621963==    by 0x402CF0D: sparse_skim_file (sparse.c:613)
==621963==    by 0x4025356: skim_member.part.0 (list.c:1456)
==621963== 
==621963== 208 bytes in 1 blocks are still reachable in loss record 17 of 22
==621963==    at 0x48BD858: malloc (vg_replace_malloc.c:447)
==621963==    by 0x4929C6F: __gconv_lookup_cache (gconv_cache.c:361)
==621963==    by 0x491F8EE: __gconv_find_transform (gconv_db.c:717)
==621963==    by 0x491DDE5: __gconv_open (gconv_open.c:73)
==621963==    by 0x491D9E0: iconv_open (iconv_open.c:39)
==621963==    by 0x403383D: utf8_init (utf8.c:61)
==621963==    by 0x403383D: utf8_convert (utf8.c:73)
==621963==    by 0x401DE33: decode_string (xheader.c:1032)
==621963==    by 0x401DE33: raw_path_decoder (xheader.c:1258)
==621963==    by 0x401DE33: raw_path_decoder (xheader.c:1254)
==621963==    by 0x401DE33: sparse_path_decoder (xheader.c:1282)
==621963==    by 0x401CA71: decode_record.isra.0 (xheader.c:662)
==621963==    by 0x401EB99: xheader_decode (xheader.c:708)
==621963==    by 0x40242BA: decode_header (list.c:717)
==621963==    by 0x4025616: read_and (list.c:194)
==621963==    by 0x400CD4B: main (tar.c:2832)
==621963== 
==621963== 512 bytes in 1 blocks are still reachable in loss record 18 of 22
==621963==    at 0x48BD858: malloc (vg_replace_malloc.c:447)
==621963==    by 0x40512CC: xmalloc (xmalloc.c:45)
==621963==    by 0x4023DC1: read_header (list.c:526)
==621963==    by 0x4010537: try_new_volume (buffer.c:1442)
==621963==    by 0x4010537: _gnu_flush_read (buffer.c:1888)
==621963==    by 0x4010537: gnu_flush_read (buffer.c:1909)
==621963==    by 0x400E689: find_next_block (buffer.c:609)
==621963==    by 0x4025264: skim_file (list.c:1425)
==621963==    by 0x402CF0D: sparse_skim_file (sparse.c:613)
==621963==    by 0x4025356: skim_member.part.0 (list.c:1456)
==621963==    by 0x4025852: read_and (list.c:229)
==621963==    by 0x400CD4B: main (tar.c:2832)
==621963== 
==621963== 535 bytes in 1 blocks are still reachable in loss record 19 of 22
==621963==    at 0x48BD858: malloc (vg_replace_malloc.c:447)
==621963==    by 0x40512CC: xmalloc (xmalloc.c:45)
==621963==    by 0x401EE26: xheader_read (xheader.c:790)
==621963==    by 0x4023C3B: read_header (list.c:519)
==621963==    by 0x4010569: try_new_volume (buffer.c:1464)
==621963==    by 0x4010569: _gnu_flush_read (buffer.c:1888)
==621963==    by 0x4010569: gnu_flush_read (buffer.c:1909)
==621963==    by 0x400E689: find_next_block (buffer.c:609)
==621963==    by 0x4025264: skim_file (list.c:1425)
==621963==    by 0x402CF0D: sparse_skim_file (sparse.c:613)
==621963==    by 0x4025356: skim_member.part.0 (list.c:1456)
==621963==    by 0x4025852: read_and (list.c:229)
==621963==    by 0x400CD4B: main (tar.c:2832)
==621963== 
==621963== 535 bytes in 1 blocks are definitely lost in loss record 20 of 22
==621963==    at 0x48BD858: malloc (vg_replace_malloc.c:447)
==621963==    by 0x40512CC: xmalloc (xmalloc.c:45)
==621963==    by 0x401EE26: xheader_read (xheader.c:790)
==621963==    by 0x4023C3B: read_header (list.c:519)
==621963==    by 0x4010569: try_new_volume (buffer.c:1464)
==621963==    by 0x4010569: _gnu_flush_read (buffer.c:1888)
==621963==    by 0x4010569: gnu_flush_read (buffer.c:1909)
==621963==    by 0x400E689: find_next_block (buffer.c:609)
==621963==    by 0x4025264: skim_file (list.c:1425)
==621963==    by 0x402CF0D: sparse_skim_file (sparse.c:613)
==621963==    by 0x4025356: skim_member.part.0 (list.c:1456)
==621963==    by 0x4025852: read_and (list.c:229)
==621963==    by 0x400CD4B: main (tar.c:2832)
==621963== 
==621963== 4,064 bytes in 1 blocks are still reachable in loss record 21 of 22
==621963==    at 0x48BD858: malloc (vg_replace_malloc.c:447)
==621963==    by 0x40512CC: xmalloc (xmalloc.c:45)
==621963==    by 0x404A07D: call_chunkfun (obstack.c:88)
==621963==    by 0x404A07D: _obstack_begin_worker.isra.0 (obstack.c:135)
==621963==    by 0x404A0A8: _obstack_begin (obstack.c:157)
==621963==    by 0x4032C57: _transform_name_to_obstack (transform.c:592)
==621963==    by 0x4032C57: transform_name_fp (transform.c:614)
==621963==    by 0x4023670: transform_member_name (list.c:114)
==621963==    by 0x4023670: transform_stat_info.part.0 (list.c:150)
==621963==    by 0x4025850: transform_stat_info (list.c:227)
==621963==    by 0x4025850: read_and (list.c:227)
==621963==    by 0x400CD4B: main (tar.c:2832)
==621963== 
==621963== 32,640 bytes in 1 blocks are still reachable in loss record 22 of 22
==621963==    at 0x48BD858: malloc (vg_replace_malloc.c:447)
==621963==    by 0x491DECE: __gconv_open (gconv_open.c:127)
==621963==    by 0x491D9E0: iconv_open (iconv_open.c:39)
==621963==    by 0x403383D: utf8_init (utf8.c:61)
==621963==    by 0x403383D: utf8_convert (utf8.c:73)
==621963==    by 0x401DE33: decode_string (xheader.c:1032)
==621963==    by 0x401DE33: raw_path_decoder (xheader.c:1258)
==621963==    by 0x401DE33: raw_path_decoder (xheader.c:1254)
==621963==    by 0x401DE33: sparse_path_decoder (xheader.c:1282)
==621963==    by 0x401CA71: decode_record.isra.0 (xheader.c:662)
==621963==    by 0x401EB99: xheader_decode (xheader.c:708)
==621963==    by 0x40242BA: decode_header (list.c:717)
==621963==    by 0x4025616: read_and (list.c:194)
==621963==    by 0x400CD4B: main (tar.c:2832)
==621963== 
==621963== LEAK SUMMARY:
==621963==    definitely lost: 740 bytes in 10 blocks
==621963==    indirectly lost: 28 bytes in 3 blocks
==621963==      possibly lost: 0 bytes in 0 blocks
==621963==    still reachable: 38,513 bytes in 15 blocks
==621963==         suppressed: 0 bytes in 0 blocks
==621963== 
==621963== For lists of detected and suppressed errors, rerun with: -s
==621963== ERROR SUMMARY: 7 errors from 7 contexts (suppressed: 0 from 0)
