==592455== Memcheck, a memory error detector
==592455== Copyright (C) 2002-2024, and GNU GPL'd, by Julian Seward et al.
==592455== Using Valgrind-3.26.0 and LibVEX; rerun with -h for copyright info
==592455== Command: tar --version
==592455== Parent PID: 592232
==592455== 
==592455== 
==592455== FILE DESCRIPTORS: 4 open (4 inherited) at exit.
==592455== 
==592455== HEAP SUMMARY:
==592455==     in use at exit: 7,767 bytes in 3 blocks
==592455==   total heap usage: 15 allocs, 12 frees, 12,021 bytes allocated
==592455== 
==592455== 16 bytes in 1 blocks are still reachable in loss record 1 of 3
==592455==    at 0x48C4E43: calloc (vg_replace_malloc.c:1678)
==592455==    by 0x40516F1: xcalloc (xmalloc.c:298)
==592455==    by 0x40516F1: xzalloc (xmalloc.c:283)
==592455==    by 0x400BEF9: decode_options (tar.c:2297)
==592455==    by 0x400BEF9: main (tar.c:2792)
==592455== 
==592455== 80 bytes in 1 blocks are still reachable in loss record 2 of 3
==592455==    at 0x48BD858: malloc (vg_replace_malloc.c:447)
==592455==    by 0x40512CC: xmalloc (xmalloc.c:45)
==592455==    by 0x400BE43: main (tar.c:2781)
==592455== 
==592455== 7,671 bytes in 1 blocks are still reachable in loss record 3 of 3
==592455==    at 0x48BD858: malloc (vg_replace_malloc.c:447)
==592455==    by 0x4041854: parser_init (argp-parse.c:495)
==592455==    by 0x4041854: argp_parse (argp-parse.c:921)
==592455==    by 0x400C045: decode_options (tar.c:2380)
==592455==    by 0x400C045: main (tar.c:2792)
==592455== 
==592455== LEAK SUMMARY:
==592455==    definitely lost: 0 bytes in 0 blocks
==592455==    indirectly lost: 0 bytes in 0 blocks
==592455==      possibly lost: 0 bytes in 0 blocks
==592455==    still reachable: 7,767 bytes in 3 blocks
==592455==         suppressed: 0 bytes in 0 blocks
==592455== 
==592455== For lists of detected and suppressed errors, rerun with: -s
==592455== ERROR SUMMARY: 0 errors from 0 contexts (suppressed: 0 from 0)
