==739152== Memcheck, a memory error detector
==739152== Copyright (C) 2002-2024, and GNU GPL'd, by Julian Seward et al.
==739152== Using Valgrind-3.26.0 and LibVEX; rerun with -h for copyright info
==739152== Command: /bin/sh -c echo\ 1\ \>\ f
==739152== Parent PID: 739126
==739152== 
==739152== 
==739152== FILE DESCRIPTORS: 3 open (2 inherited) at exit.
==739152== Open file descriptor 1: /tmp/rboxc-gawk-original-o3v_b0um/_getline5
==739152==    at 0x49BCE8B: dup2 (dup2.c:29)
==739152==    by 0x4015C0F: ??? (in /usr/bin/dash)
==739152==    by 0x4014094: ??? (in /usr/bin/dash)
==739152==    by 0x400BCE7: ??? (in /usr/bin/dash)
==739152==    by 0x40120F8: ??? (in /usr/bin/dash)
==739152==    by 0x4004DA0: ??? (in /usr/bin/dash)
==739152==    by 0x48C4600: (below main) (libc_start_call_main.h:59)
==739152== 
==739152== 
==739152== HEAP SUMMARY:
==739152==     in use at exit: 9,092 bytes in 29 blocks
==739152==   total heap usage: 32 allocs, 3 frees, 9,292 bytes allocated
==739152== 
==739152== 28 bytes in 1 blocks are still reachable in loss record 1 of 6
==739152==    at 0x486E858: malloc (vg_replace_malloc.c:447)
==739152==    by 0x40083FA: ??? (in /usr/bin/dash)
==739152==    by 0x4012D83: ??? (in /usr/bin/dash)
==739152==    by 0x4013C6C: ??? (in /usr/bin/dash)
==739152==    by 0x400BCE7: ??? (in /usr/bin/dash)
==739152==    by 0x40120F8: ??? (in /usr/bin/dash)
==739152==    by 0x4004DA0: ??? (in /usr/bin/dash)
==739152==    by 0x48C4600: (below main) (libc_start_call_main.h:59)
==739152== 
==739152== 32 bytes in 1 blocks are still reachable in loss record 2 of 6
==739152==    at 0x486E858: malloc (vg_replace_malloc.c:447)
==739152==    by 0x4017AB2: ??? (in /usr/bin/dash)
==739152==    by 0x40186D4: ??? (in /usr/bin/dash)
==739152==    by 0x4004BC6: ??? (in /usr/bin/dash)
==739152==    by 0x48C4600: (below main) (libc_start_call_main.h:59)
==739152== 
==739152== 34 bytes in 1 blocks are still reachable in loss record 3 of 6
==739152==    at 0x486E858: malloc (vg_replace_malloc.c:447)
==739152==    by 0x495596E: strdup (strdup.c:42)
==739152==    by 0x40081DF: ??? (in /usr/bin/dash)
==739152==    by 0x40186F9: ??? (in /usr/bin/dash)
==739152==    by 0x4004BC6: ??? (in /usr/bin/dash)
==739152==    by 0x48C4600: (below main) (libc_start_call_main.h:59)
==739152== 
==739152== 38 bytes in 1 blocks are still reachable in loss record 4 of 6
==739152==    at 0x486E858: malloc (vg_replace_malloc.c:447)
==739152==    by 0x4017C53: ??? (in /usr/bin/dash)
==739152==    by 0x40186F9: ??? (in /usr/bin/dash)
==739152==    by 0x4004BC6: ??? (in /usr/bin/dash)
==739152==    by 0x48C4600: (below main) (libc_start_call_main.h:59)
==739152== 
==739152== 768 bytes in 24 blocks are still reachable in loss record 5 of 6
==739152==    at 0x486E858: malloc (vg_replace_malloc.c:447)
==739152==    by 0x4017AB2: ??? (in /usr/bin/dash)
==739152==    by 0x4018670: ??? (in /usr/bin/dash)
==739152==    by 0x4004BC6: ??? (in /usr/bin/dash)
==739152==    by 0x48C4600: (below main) (libc_start_call_main.h:59)
==739152== 
==739152== 8,192 bytes in 1 blocks are still reachable in loss record 6 of 6
==739152==    at 0x487607F: realloc (vg_replace_malloc.c:1804)
==739152==    by 0x40168C6: ??? (in /usr/bin/dash)
==739152==    by 0x4016B3F: ??? (in /usr/bin/dash)
==739152==    by 0x4016CB6: ??? (in /usr/bin/dash)
==739152==    by 0x4012281: ??? (in /usr/bin/dash)
==739152==    by 0x40141BA: ??? (in /usr/bin/dash)
==739152==    by 0x400BCE7: ??? (in /usr/bin/dash)
==739152==    by 0x40120F8: ??? (in /usr/bin/dash)
==739152==    by 0x4004DA0: ??? (in /usr/bin/dash)
==739152==    by 0x48C4600: (below main) (libc_start_call_main.h:59)
==739152== 
==739152== LEAK SUMMARY:
==739152==    definitely lost: 0 bytes in 0 blocks
==739152==    indirectly lost: 0 bytes in 0 blocks
==739152==      possibly lost: 0 bytes in 0 blocks
==739152==    still reachable: 9,092 bytes in 29 blocks
==739152==         suppressed: 0 bytes in 0 blocks
==739152== 
==739152== For lists of detected and suppressed errors, rerun with: -s
==739152== ERROR SUMMARY: 1 errors from 1 contexts (suppressed: 0 from 0)
