==640168== Memcheck, a memory error detector
==640168== Copyright (C) 2002-2024, and GNU GPL'd, by Julian Seward et al.
==640168== Using Valgrind-3.26.0 and LibVEX; rerun with -h for copyright info
==640168== Command: tar --owner-map=uid.map --group-map=gid.map --owner=Fallback\ Owner:4321 --group=Fallback\ Group:8765 --mtime=@0 --mode=u=rw,go=r -cf 1.tar a
==640168== Parent PID: 640162
==640168== 
==640168== 
==640168== FILE DESCRIPTORS: 1 open (1 inherited) at exit.
==640168== 
==640168== HEAP SUMMARY:
==640168==     in use at exit: 5,444 bytes in 29 blocks
==640168==   total heap usage: 63 allocs, 34 frees, 48,335 bytes allocated
==640168== 
==640168== 7 bytes in 2 blocks are indirectly lost in loss record 1 of 24
==640168==    at 0x48BD858: malloc (vg_replace_malloc.c:447)
==640168==    by 0x40387DD: wsnode_quoteremoval (wordsplit.c:651)
==640168==    by 0x4039CFD: wordsplit_process_list (wordsplit.c:2390)
==640168==    by 0x403A562: wordsplit_run.constprop.0 (wordsplit.c:2434)
==640168==    by 0x400BFFA: parse_default_options (tar.c:2256)
==640168==    by 0x400BFFA: decode_options (tar.c:2378)
==640168==    by 0x400BFFA: main (tar.c:2792)
==640168== 
==640168== 7 bytes in 2 blocks are definitely lost in loss record 2 of 24
==640168==    at 0x48BD858: malloc (vg_replace_malloc.c:447)
==640168==    by 0x403A1FB: wordsplit_finish (wordsplit.c:836)
==640168==    by 0x400BFFA: parse_default_options (tar.c:2256)
==640168==    by 0x400BFFA: decode_options (tar.c:2378)
==640168==    by 0x400BFFA: main (tar.c:2792)
==640168== 
==640168== 16 bytes in 1 blocks are still reachable in loss record 3 of 24
==640168==    at 0x48C4E43: calloc (vg_replace_malloc.c:1678)
==640168==    by 0x40516F1: xcalloc (xmalloc.c:298)
==640168==    by 0x40516F1: xzalloc (xmalloc.c:283)
==640168==    by 0x400BEF9: decode_options (tar.c:2297)
==640168==    by 0x400BEF9: main (tar.c:2792)
==640168== 
==640168== 16 bytes in 1 blocks are still reachable in loss record 4 of 24
==640168==    at 0x48BD858: malloc (vg_replace_malloc.c:447)
==640168==    by 0x405185D: xmalloc (xmalloc.c:45)
==640168==    by 0x405185D: xmemdup (xmalloc.c:314)
==640168==    by 0x405185D: xstrdup (xmalloc.c:339)
==640168==    by 0x4025F64: map_read.constprop.0 (map.c:171)
==640168==    by 0x4030803: parse_opt (tar.c:1964)
==640168==    by 0x40421C3: group_parse (argp-parse.c:233)
==640168==    by 0x40421C3: parser_parse_opt (argp-parse.c:748)
==640168==    by 0x40421C3: parser_parse_next (argp-parse.c:859)
==640168==    by 0x40421C3: argp_parse (argp-parse.c:927)
==640168==    by 0x400C045: decode_options (tar.c:2380)
==640168==    by 0x400C045: main (tar.c:2792)
==640168== 
==640168== 16 bytes in 1 blocks are still reachable in loss record 5 of 24
==640168==    at 0x48BD858: malloc (vg_replace_malloc.c:447)
==640168==    by 0x405185D: xmalloc (xmalloc.c:45)
==640168==    by 0x405185D: xmemdup (xmalloc.c:314)
==640168==    by 0x405185D: xstrdup (xmalloc.c:339)
==640168==    by 0x4025F64: map_read.constprop.0 (map.c:171)
==640168==    by 0x4030BEB: parse_opt (tar.c:1893)
==640168==    by 0x40421C3: group_parse (argp-parse.c:233)
==640168==    by 0x40421C3: parser_parse_opt (argp-parse.c:748)
==640168==    by 0x40421C3: parser_parse_next (argp-parse.c:859)
==640168==    by 0x40421C3: argp_parse (argp-parse.c:927)
==640168==    by 0x400C045: decode_options (tar.c:2380)
==640168==    by 0x400C045: main (tar.c:2792)
==640168== 
==640168== 24 bytes in 1 blocks are still reachable in loss record 6 of 24
==640168==    at 0x48BD858: malloc (vg_replace_malloc.c:447)
==640168==    by 0x40512CC: xmalloc (xmalloc.c:45)
==640168==    by 0x4025FD9: map_read.constprop.0 (map.c:168)
==640168==    by 0x4030803: parse_opt (tar.c:1964)
==640168==    by 0x40421C3: group_parse (argp-parse.c:233)
==640168==    by 0x40421C3: parser_parse_opt (argp-parse.c:748)
==640168==    by 0x40421C3: parser_parse_next (argp-parse.c:859)
==640168==    by 0x40421C3: argp_parse (argp-parse.c:927)
==640168==    by 0x400C045: decode_options (tar.c:2380)
==640168==    by 0x400C045: main (tar.c:2792)
==640168== 
==640168== 24 bytes in 1 blocks are still reachable in loss record 7 of 24
==640168==    at 0x48BD858: malloc (vg_replace_malloc.c:447)
==640168==    by 0x40512CC: xmalloc (xmalloc.c:45)
==640168==    by 0x4025FD9: map_read.constprop.0 (map.c:168)
==640168==    by 0x4030BEB: parse_opt (tar.c:1893)
==640168==    by 0x40421C3: group_parse (argp-parse.c:233)
==640168==    by 0x40421C3: parser_parse_opt (argp-parse.c:748)
==640168==    by 0x40421C3: parser_parse_next (argp-parse.c:859)
==640168==    by 0x40421C3: argp_parse (argp-parse.c:927)
==640168==    by 0x400C045: decode_options (tar.c:2380)
==640168==    by 0x400C045: main (tar.c:2792)
==640168== 
==640168== 24 bytes in 2 blocks are indirectly lost in loss record 8 of 24
==640168==    at 0x48BD858: malloc (vg_replace_malloc.c:447)
==640168==    by 0x40387DD: wsnode_quoteremoval (wordsplit.c:651)
==640168==    by 0x4039CFD: wordsplit_process_list (wordsplit.c:2390)
==640168==    by 0x403A562: wordsplit_run.constprop.0 (wordsplit.c:2434)
==640168==    by 0x4025E10: map_read.constprop.0 (map.c:102)
==640168==    by 0x4030803: parse_opt (tar.c:1964)
==640168==    by 0x40421C3: group_parse (argp-parse.c:233)
==640168==    by 0x40421C3: parser_parse_opt (argp-parse.c:748)
==640168==    by 0x40421C3: parser_parse_next (argp-parse.c:859)
==640168==    by 0x40421C3: argp_parse (argp-parse.c:927)
==640168==    by 0x400C045: decode_options (tar.c:2380)
==640168==    by 0x400C045: main (tar.c:2792)
==640168== 
==640168== 24 bytes in 2 blocks are indirectly lost in loss record 9 of 24
==640168==    at 0x48BD858: malloc (vg_replace_malloc.c:447)
==640168==    by 0x40387DD: wsnode_quoteremoval (wordsplit.c:651)
==640168==    by 0x4039CFD: wordsplit_process_list (wordsplit.c:2390)
==640168==    by 0x403A562: wordsplit_run.constprop.0 (wordsplit.c:2434)
==640168==    by 0x4025E10: map_read.constprop.0 (map.c:102)
==640168==    by 0x4030BEB: parse_opt (tar.c:1893)
==640168==    by 0x40421C3: group_parse (argp-parse.c:233)
==640168==    by 0x40421C3: parser_parse_opt (argp-parse.c:748)
==640168==    by 0x40421C3: parser_parse_next (argp-parse.c:859)
==640168==    by 0x40421C3: argp_parse (argp-parse.c:927)
==640168==    by 0x400C045: decode_options (tar.c:2380)
==640168==    by 0x400C045: main (tar.c:2792)
==640168== 
==640168== 43 (40 direct, 3 indirect) bytes in 1 blocks are definitely lost in loss record 10 of 24
==640168==    at 0x48C4E43: calloc (vg_replace_malloc.c:1678)
==640168==    by 0x403959D: wsnode_new (wordsplit.c:422)
==640168==    by 0x403959D: wordsplit_add_segm (wordsplit.c:523)
==640168==    by 0x4039854: scan_word (wordsplit.c:2062)
==640168==    by 0x4039C7C: wordsplit_process_list (wordsplit.c:2358)
==640168==    by 0x403A562: wordsplit_run.constprop.0 (wordsplit.c:2434)
==640168==    by 0x4025E10: map_read.constprop.0 (map.c:102)
==640168==    by 0x4030803: parse_opt (tar.c:1964)
==640168==    by 0x40421C3: group_parse (argp-parse.c:233)
==640168==    by 0x40421C3: parser_parse_opt (argp-parse.c:748)
==640168==    by 0x40421C3: parser_parse_next (argp-parse.c:859)
==640168==    by 0x40421C3: argp_parse (argp-parse.c:927)
==640168==    by 0x400C045: decode_options (tar.c:2380)
==640168==    by 0x400C045: main (tar.c:2792)
==640168== 
==640168== 43 (40 direct, 3 indirect) bytes in 1 blocks are definitely lost in loss record 11 of 24
==640168==    at 0x48C4E43: calloc (vg_replace_malloc.c:1678)
==640168==    by 0x403959D: wsnode_new (wordsplit.c:422)
==640168==    by 0x403959D: wordsplit_add_segm (wordsplit.c:523)
==640168==    by 0x4039854: scan_word (wordsplit.c:2062)
==640168==    by 0x4039C7C: wordsplit_process_list (wordsplit.c:2358)
==640168==    by 0x403A562: wordsplit_run.constprop.0 (wordsplit.c:2434)
==640168==    by 0x4025E10: map_read.constprop.0 (map.c:102)
==640168==    by 0x4030BEB: parse_opt (tar.c:1893)
==640168==    by 0x40421C3: group_parse (argp-parse.c:233)
==640168==    by 0x40421C3: parser_parse_opt (argp-parse.c:748)
==640168==    by 0x40421C3: parser_parse_next (argp-parse.c:859)
==640168==    by 0x40421C3: argp_parse (argp-parse.c:927)
==640168==    by 0x400C045: decode_options (tar.c:2380)
==640168==    by 0x400C045: main (tar.c:2792)
==640168== 
==640168== 48 bytes in 1 blocks are still reachable in loss record 12 of 24
==640168==    at 0x48C53C0: reallocarray (vg_replace_malloc.c:1806)
==640168==    by 0x4051414: xreallocarray (xmalloc.c:84)
==640168==    by 0x4051414: xnmalloc (xmalloc.c:102)
==640168==    by 0x40499B2: mode_compile (modechange.c:171)
==640168==    by 0x403045C: parse_opt (tar.c:1897)
==640168==    by 0x40421C3: group_parse (argp-parse.c:233)
==640168==    by 0x40421C3: parser_parse_opt (argp-parse.c:748)
==640168==    by 0x40421C3: parser_parse_next (argp-parse.c:859)
==640168==    by 0x40421C3: argp_parse (argp-parse.c:927)
==640168==    by 0x400C045: decode_options (tar.c:2380)
==640168==    by 0x400C045: main (tar.c:2792)
==640168== 
==640168== 61 (40 direct, 21 indirect) bytes in 1 blocks are definitely lost in loss record 13 of 24
==640168==    at 0x48C4E43: calloc (vg_replace_malloc.c:1678)
==640168==    by 0x403959D: wsnode_new (wordsplit.c:422)
==640168==    by 0x403959D: wordsplit_add_segm (wordsplit.c:523)
==640168==    by 0x4039969: scan_qstring (wordsplit.c:1956)
==640168==    by 0x4039969: scan_word (wordsplit.c:2027)
==640168==    by 0x4039C7C: wordsplit_process_list (wordsplit.c:2358)
==640168==    by 0x403A562: wordsplit_run.constprop.0 (wordsplit.c:2434)
==640168==    by 0x4025E10: map_read.constprop.0 (map.c:102)
==640168==    by 0x4030803: parse_opt (tar.c:1964)
==640168==    by 0x40421C3: group_parse (argp-parse.c:233)
==640168==    by 0x40421C3: parser_parse_opt (argp-parse.c:748)
==640168==    by 0x40421C3: parser_parse_next (argp-parse.c:859)
==640168==    by 0x40421C3: argp_parse (argp-parse.c:927)
==640168==    by 0x400C045: decode_options (tar.c:2380)
==640168==    by 0x400C045: main (tar.c:2792)
==640168== 
==640168== 61 (40 direct, 21 indirect) bytes in 1 blocks are definitely lost in loss record 14 of 24
==640168==    at 0x48C4E43: calloc (vg_replace_malloc.c:1678)
==640168==    by 0x403959D: wsnode_new (wordsplit.c:422)
==640168==    by 0x403959D: wordsplit_add_segm (wordsplit.c:523)
==640168==    by 0x4039969: scan_qstring (wordsplit.c:1956)
==640168==    by 0x4039969: scan_word (wordsplit.c:2027)
==640168==    by 0x4039C7C: wordsplit_process_list (wordsplit.c:2358)
==640168==    by 0x403A562: wordsplit_run.constprop.0 (wordsplit.c:2434)
==640168==    by 0x4025E10: map_read.constprop.0 (map.c:102)
==640168==    by 0x4030BEB: parse_opt (tar.c:1893)
==640168==    by 0x40421C3: group_parse (argp-parse.c:233)
==640168==    by 0x40421C3: parser_parse_opt (argp-parse.c:748)
==640168==    by 0x40421C3: parser_parse_next (argp-parse.c:859)
==640168==    by 0x40421C3: argp_parse (argp-parse.c:927)
==640168==    by 0x400C045: decode_options (tar.c:2380)
==640168==    by 0x400C045: main (tar.c:2792)
==640168== 
==640168== 80 bytes in 1 blocks are still reachable in loss record 15 of 24
==640168==    at 0x48BD858: malloc (vg_replace_malloc.c:447)
==640168==    by 0x40512CC: xmalloc (xmalloc.c:45)
==640168==    by 0x400BE43: main (tar.c:2781)
==640168== 
==640168== 80 bytes in 1 blocks are still reachable in loss record 16 of 24
==640168==    at 0x48BD858: malloc (vg_replace_malloc.c:447)
==640168==    by 0x4047846: hash_initialize (hash.c:523)
==640168==    by 0x4025F87: map_read.constprop.0 (map.c:174)
==640168==    by 0x4030803: parse_opt (tar.c:1964)
==640168==    by 0x40421C3: group_parse (argp-parse.c:233)
==640168==    by 0x40421C3: parser_parse_opt (argp-parse.c:748)
==640168==    by 0x40421C3: parser_parse_next (argp-parse.c:859)
==640168==    by 0x40421C3: argp_parse (argp-parse.c:927)
==640168==    by 0x400C045: decode_options (tar.c:2380)
==640168==    by 0x400C045: main (tar.c:2792)
==640168== 
==640168== 80 bytes in 1 blocks are still reachable in loss record 17 of 24
==640168==    at 0x48BD858: malloc (vg_replace_malloc.c:447)
==640168==    by 0x4047846: hash_initialize (hash.c:523)
==640168==    by 0x4025F87: map_read.constprop.0 (map.c:174)
==640168==    by 0x4030BEB: parse_opt (tar.c:1893)
==640168==    by 0x40421C3: group_parse (argp-parse.c:233)
==640168==    by 0x40421C3: parser_parse_opt (argp-parse.c:748)
==640168==    by 0x40421C3: parser_parse_next (argp-parse.c:859)
==640168==    by 0x40421C3: argp_parse (argp-parse.c:927)
==640168==    by 0x400C045: decode_options (tar.c:2380)
==640168==    by 0x400C045: main (tar.c:2792)
==640168== 
==640168== 87 (80 direct, 7 indirect) bytes in 2 blocks are definitely lost in loss record 18 of 24
==640168==    at 0x48C4E43: calloc (vg_replace_malloc.c:1678)
==640168==    by 0x403959D: wsnode_new (wordsplit.c:422)
==640168==    by 0x403959D: wordsplit_add_segm (wordsplit.c:523)
==640168==    by 0x4039854: scan_word (wordsplit.c:2062)
==640168==    by 0x4039C7C: wordsplit_process_list (wordsplit.c:2358)
==640168==    by 0x403A562: wordsplit_run.constprop.0 (wordsplit.c:2434)
==640168==    by 0x400BFFA: parse_default_options (tar.c:2256)
==640168==    by 0x400BFFA: decode_options (tar.c:2378)
==640168==    by 0x400BFFA: main (tar.c:2792)
==640168== 
==640168== 102 bytes in 1 blocks are still reachable in loss record 19 of 24
==640168==    at 0x48BD858: malloc (vg_replace_malloc.c:447)
==640168==    by 0x40512CC: xmalloc (xmalloc.c:45)
==640168==    by 0x4029881: name_init (names.c:869)
==640168==    by 0x400C94C: main (tar.c:2794)
==640168== 
==640168== 120 bytes in 1 blocks are definitely lost in loss record 20 of 24
==640168==    at 0x48BD858: malloc (vg_replace_malloc.c:447)
==640168==    by 0x49807DC: getdelim (iogetdelim.c:65)
==640168==    by 0x4025DF3: getline (stdio.h:120)
==640168==    by 0x4025DF3: map_read.constprop.0 (map.c:94)
==640168==    by 0x4030803: parse_opt (tar.c:1964)
==640168==    by 0x40421C3: group_parse (argp-parse.c:233)
==640168==    by 0x40421C3: parser_parse_opt (argp-parse.c:748)
==640168==    by 0x40421C3: parser_parse_next (argp-parse.c:859)
==640168==    by 0x40421C3: argp_parse (argp-parse.c:927)
==640168==    by 0x400C045: decode_options (tar.c:2380)
==640168==    by 0x400C045: main (tar.c:2792)
==640168== 
==640168== 120 bytes in 1 blocks are definitely lost in loss record 21 of 24
==640168==    at 0x48BD858: malloc (vg_replace_malloc.c:447)
==640168==    by 0x49807DC: getdelim (iogetdelim.c:65)
==640168==    by 0x4025DF3: getline (stdio.h:120)
==640168==    by 0x4025DF3: map_read.constprop.0 (map.c:94)
==640168==    by 0x4030BEB: parse_opt (tar.c:1893)
==640168==    by 0x40421C3: group_parse (argp-parse.c:233)
==640168==    by 0x40421C3: parser_parse_opt (argp-parse.c:748)
==640168==    by 0x40421C3: parser_parse_next (argp-parse.c:859)
==640168==    by 0x40421C3: argp_parse (argp-parse.c:927)
==640168==    by 0x400C045: decode_options (tar.c:2380)
==640168==    by 0x400C045: main (tar.c:2792)
==640168== 
==640168== 176 bytes in 1 blocks are still reachable in loss record 22 of 24
==640168==    at 0x48C4E43: calloc (vg_replace_malloc.c:1678)
==640168==    by 0x404789C: hash_initialize (hash.c:544)
==640168==    by 0x4025F87: map_read.constprop.0 (map.c:174)
==640168==    by 0x4030803: parse_opt (tar.c:1964)
==640168==    by 0x40421C3: group_parse (argp-parse.c:233)
==640168==    by 0x40421C3: parser_parse_opt (argp-parse.c:748)
==640168==    by 0x40421C3: parser_parse_next (argp-parse.c:859)
==640168==    by 0x40421C3: argp_parse (argp-parse.c:927)
==640168==    by 0x400C045: decode_options (tar.c:2380)
==640168==    by 0x400C045: main (tar.c:2792)
==640168== 
==640168== 176 bytes in 1 blocks are still reachable in loss record 23 of 24
==640168==    at 0x48C4E43: calloc (vg_replace_malloc.c:1678)
==640168==    by 0x404789C: hash_initialize (hash.c:544)
==640168==    by 0x4025F87: map_read.constprop.0 (map.c:174)
==640168==    by 0x4030BEB: parse_opt (tar.c:1893)
==640168==    by 0x40421C3: group_parse (argp-parse.c:233)
==640168==    by 0x40421C3: parser_parse_opt (argp-parse.c:748)
==640168==    by 0x40421C3: parser_parse_next (argp-parse.c:859)
==640168==    by 0x40421C3: argp_parse (argp-parse.c:927)
==640168==    by 0x400C045: decode_options (tar.c:2380)
==640168==    by 0x400C045: main (tar.c:2792)
==640168== 
==640168== 4,064 bytes in 1 blocks are still reachable in loss record 24 of 24
==640168==    at 0x48BD858: malloc (vg_replace_malloc.c:447)
==640168==    by 0x40512CC: xmalloc (xmalloc.c:45)
==640168==    by 0x404A07D: call_chunkfun (obstack.c:88)
==640168==    by 0x404A07D: _obstack_begin_worker.isra.0 (obstack.c:135)
==640168==    by 0x404A0A8: _obstack_begin (obstack.c:157)
==640168==    by 0x4032C57: _transform_name_to_obstack (transform.c:592)
==640168==    by 0x4032C57: transform_name_fp (transform.c:614)
==640168==    by 0x4016444: dump_file0 (create.c:1657)
==640168==    by 0x4017589: dump_file (create.c:1968)
==640168==    by 0x4017589: create_archive (create.c:1412)
==640168==    by 0x400CD90: main (tar.c:2818)
==640168== 
==640168== LEAK SUMMARY:
==640168==    definitely lost: 487 bytes in 10 blocks
==640168==    indirectly lost: 55 bytes in 6 blocks
==640168==      possibly lost: 0 bytes in 0 blocks
==640168==    still reachable: 4,902 bytes in 13 blocks
==640168==         suppressed: 0 bytes in 0 blocks
==640168== 
==640168== For lists of detected and suppressed errors, rerun with: -s
==640168== ERROR SUMMARY: 8 errors from 8 contexts (suppressed: 0 from 0)
