==640128== Memcheck, a memory error detector
==640128== Copyright (C) 2002-2024, and GNU GPL'd, by Julian Seward et al.
==640128== Using Valgrind-3.26.0 and LibVEX; rerun with -h for copyright info
==640128== Command: tar --version
==640128== Parent PID: 640042
==640128== 
==640128== 
==640128== FILE DESCRIPTORS: 4 open (4 inherited) at exit.
==640128== 
==640128== HEAP SUMMARY:
==640128==     in use at exit: 7,767 bytes in 3 blocks
==640128==   total heap usage: 15 allocs, 12 frees, 12,021 bytes allocated
==640128== 
==640128== 16 bytes in 1 blocks are still reachable in loss record 1 of 3
==640128==    at 0x48C4E43: calloc (vg_replace_malloc.c:1678)
==640128==    by 0x40516F1: xcalloc (xmalloc.c:298)
==640128==    by 0x40516F1: xzalloc (xmalloc.c:283)
==640128==    by 0x400BEF9: decode_options (tar.c:2297)
==640128==    by 0x400BEF9: main (tar.c:2792)
==640128== 
==640128== 80 bytes in 1 blocks are still reachable in loss record 2 of 3
==640128==    at 0x48BD858: malloc (vg_replace_malloc.c:447)
==640128==    by 0x40512CC: xmalloc (xmalloc.c:45)
==640128==    by 0x400BE43: main (tar.c:2781)
==640128== 
==640128== 7,671 bytes in 1 blocks are still reachable in loss record 3 of 3
==640128==    at 0x48BD858: malloc (vg_replace_malloc.c:447)
==640128==    by 0x4041854: parser_init (argp-parse.c:495)
==640128==    by 0x4041854: argp_parse (argp-parse.c:921)
==640128==    by 0x400C045: decode_options (tar.c:2380)
==640128==    by 0x400C045: main (tar.c:2792)
==640128== 
==640128== LEAK SUMMARY:
==640128==    definitely lost: 0 bytes in 0 blocks
==640128==    indirectly lost: 0 bytes in 0 blocks
==640128==      possibly lost: 0 bytes in 0 blocks
==640128==    still reachable: 7,767 bytes in 3 blocks
==640128==         suppressed: 0 bytes in 0 blocks
==640128== 
==640128== For lists of detected and suppressed errors, rerun with: -s
==640128== ERROR SUMMARY: 0 errors from 0 contexts (suppressed: 0 from 0)
