==640572== Memcheck, a memory error detector
==640572== Copyright (C) 2002-2024, and GNU GPL'd, by Julian Seward et al.
==640572== Using Valgrind-3.26.0 and LibVEX; rerun with -h for copyright info
==640572== Command: tar -tvf 2.tar
==640572== Parent PID: 640162
==640572== 
==640572== 
==640572== FILE DESCRIPTORS: 1 open (1 inherited) at exit.
==640572== 
==640572== HEAP SUMMARY:
==640572==     in use at exit: 4,386 bytes in 12 blocks
==640572==   total heap usage: 56 allocs, 44 frees, 60,169 bytes allocated
==640572== 
==640572== 7 bytes in 2 blocks are indirectly lost in loss record 1 of 9
==640572==    at 0x48BD858: malloc (vg_replace_malloc.c:447)
==640572==    by 0x40387DD: wsnode_quoteremoval (wordsplit.c:651)
==640572==    by 0x4039CFD: wordsplit_process_list (wordsplit.c:2390)
==640572==    by 0x403A562: wordsplit_run.constprop.0 (wordsplit.c:2434)
==640572==    by 0x400BFFA: parse_default_options (tar.c:2256)
==640572==    by 0x400BFFA: decode_options (tar.c:2378)
==640572==    by 0x400BFFA: main (tar.c:2792)
==640572== 
==640572== 7 bytes in 2 blocks are definitely lost in loss record 2 of 9
==640572==    at 0x48BD858: malloc (vg_replace_malloc.c:447)
==640572==    by 0x403A1FB: wordsplit_finish (wordsplit.c:836)
==640572==    by 0x400BFFA: parse_default_options (tar.c:2256)
==640572==    by 0x400BFFA: decode_options (tar.c:2378)
==640572==    by 0x400BFFA: main (tar.c:2792)
==640572== 
==640572== 15 bytes in 1 blocks are still reachable in loss record 3 of 9
==640572==    at 0x48BD858: malloc (vg_replace_malloc.c:447)
==640572==    by 0x405185D: xmalloc (xmalloc.c:45)
==640572==    by 0x405185D: xmemdup (xmalloc.c:314)
==640572==    by 0x405185D: xstrdup (xmalloc.c:339)
==640572==    by 0x402644F: assign_string (misc.c:58)
==640572==    by 0x4029766: uname_to_uid (names.c:554)
==640572==    by 0x402457F: decode_header (list.c:694)
==640572==    by 0x4025616: read_and (list.c:194)
==640572==    by 0x400CD4B: main (tar.c:2832)
==640572== 
==640572== 15 bytes in 1 blocks are still reachable in loss record 4 of 9
==640572==    at 0x48BD858: malloc (vg_replace_malloc.c:447)
==640572==    by 0x405185D: xmalloc (xmalloc.c:45)
==640572==    by 0x405185D: xmemdup (xmalloc.c:314)
==640572==    by 0x405185D: xstrdup (xmalloc.c:339)
==640572==    by 0x402644F: assign_string (misc.c:58)
==640572==    by 0x4029806: gname_to_gid (names.c:584)
==640572==    by 0x402455F: decode_header (list.c:699)
==640572==    by 0x4025616: read_and (list.c:194)
==640572==    by 0x400CD4B: main (tar.c:2832)
==640572== 
==640572== 16 bytes in 1 blocks are still reachable in loss record 5 of 9
==640572==    at 0x48C4E43: calloc (vg_replace_malloc.c:1678)
==640572==    by 0x40516F1: xcalloc (xmalloc.c:298)
==640572==    by 0x40516F1: xzalloc (xmalloc.c:283)
==640572==    by 0x400BEF9: decode_options (tar.c:2297)
==640572==    by 0x400BEF9: main (tar.c:2792)
==640572== 
==640572== 80 bytes in 1 blocks are still reachable in loss record 6 of 9
==640572==    at 0x48BD858: malloc (vg_replace_malloc.c:447)
==640572==    by 0x40512CC: xmalloc (xmalloc.c:45)
==640572==    by 0x400BE43: main (tar.c:2781)
==640572== 
==640572== 87 (80 direct, 7 indirect) bytes in 2 blocks are definitely lost in loss record 7 of 9
==640572==    at 0x48C4E43: calloc (vg_replace_malloc.c:1678)
==640572==    by 0x403959D: wsnode_new (wordsplit.c:422)
==640572==    by 0x403959D: wordsplit_add_segm (wordsplit.c:523)
==640572==    by 0x4039854: scan_word (wordsplit.c:2062)
==640572==    by 0x4039C7C: wordsplit_process_list (wordsplit.c:2358)
==640572==    by 0x403A562: wordsplit_run.constprop.0 (wordsplit.c:2434)
==640572==    by 0x400BFFA: parse_default_options (tar.c:2256)
==640572==    by 0x400BFFA: decode_options (tar.c:2378)
==640572==    by 0x400BFFA: main (tar.c:2792)
==640572== 
==640572== 102 bytes in 1 blocks are still reachable in loss record 8 of 9
==640572==    at 0x48BD858: malloc (vg_replace_malloc.c:447)
==640572==    by 0x40512CC: xmalloc (xmalloc.c:45)
==640572==    by 0x4029881: name_init (names.c:869)
==640572==    by 0x400C94C: main (tar.c:2794)
==640572== 
==640572== 4,064 bytes in 1 blocks are still reachable in loss record 9 of 9
==640572==    at 0x48BD858: malloc (vg_replace_malloc.c:447)
==640572==    by 0x40512CC: xmalloc (xmalloc.c:45)
==640572==    by 0x404A07D: call_chunkfun (obstack.c:88)
==640572==    by 0x404A07D: _obstack_begin_worker.isra.0 (obstack.c:135)
==640572==    by 0x404A0A8: _obstack_begin (obstack.c:157)
==640572==    by 0x4032C57: _transform_name_to_obstack (transform.c:592)
==640572==    by 0x4032C57: transform_name_fp (transform.c:614)
==640572==    by 0x4023670: transform_member_name (list.c:114)
==640572==    by 0x4023670: transform_stat_info.part.0 (list.c:150)
==640572==    by 0x4025850: transform_stat_info (list.c:227)
==640572==    by 0x4025850: read_and (list.c:227)
==640572==    by 0x400CD4B: main (tar.c:2832)
==640572== 
==640572== LEAK SUMMARY:
==640572==    definitely lost: 87 bytes in 4 blocks
==640572==    indirectly lost: 7 bytes in 2 blocks
==640572==      possibly lost: 0 bytes in 0 blocks
==640572==    still reachable: 4,292 bytes in 6 blocks
==640572==         suppressed: 0 bytes in 0 blocks
==640572== 
==640572== For lists of detected and suppressed errors, rerun with: -s
==640572== ERROR SUMMARY: 2 errors from 2 contexts (suppressed: 0 from 0)
