==748658== Memcheck, a memory error detector
==748658== Copyright (C) 2002-2024, and GNU GPL'd, by Julian Seward et al.
==748658== Using Valgrind-3.26.0 and LibVEX; rerun with -h for copyright info
==748658== Command: /tmp/rboxc-gawk-original-6zdm511e/deps/sort
==748658== Parent PID: 748657
==748658== 
==748658== 
==748658== FILE DESCRIPTORS: 0 open (0 inherited) at exit.
==748658== 
==748658== HEAP SUMMARY:
==748658==     in use at exit: 128 bytes in 1 blocks
==748658==   total heap usage: 25 allocs, 24 frees, 16,935,129 bytes allocated
==748658== 
==748658== 128 bytes in 1 blocks are still reachable in loss record 1 of 1
==748658==    at 0x4BF907F: realloc (vg_replace_malloc.c:1804)
==748658==    by 0x411C0A6: rpl_realloc (stdlib.h:2059)
==748658==    by 0x411C0A6: xrealloc (xmalloc.c:70)
==748658==    by 0x411C0A6: xpalloc (xmalloc.c:269)
==748658==    by 0x40A7BB6: add_temp_dir (sort.c:1347)
==748658==    by 0x40AE3A4: single_binary_main_sort (sort.c:4921)
==748658==    by 0x401A532: launch_program (coreutils.c:126)
==748658==    by 0x4018E7A: main (coreutils.c:143)
==748658== 
==748658== LEAK SUMMARY:
==748658==    definitely lost: 0 bytes in 0 blocks
==748658==    indirectly lost: 0 bytes in 0 blocks
==748658==      possibly lost: 0 bytes in 0 blocks
==748658==    still reachable: 128 bytes in 1 blocks
==748658==         suppressed: 0 bytes in 0 blocks
==748658== 
==748658== For lists of detected and suppressed errors, rerun with: -s
==748658== ERROR SUMMARY: 0 errors from 0 contexts (suppressed: 0 from 0)
