==612134== Memcheck, a memory error detector
==612134== Copyright (C) 2002-2024, and GNU GPL'd, by Julian Seward et al.
==612134== Using Valgrind-3.26.0 and LibVEX; rerun with -h for copyright info
==612134== Command: tar --version
==612134== Parent PID: 611894
==612134== 
==612134== 
==612134== FILE DESCRIPTORS: 4 open (4 inherited) at exit.
==612134== 
==612134== HEAP SUMMARY:
==612134==     in use at exit: 7,767 bytes in 3 blocks
==612134==   total heap usage: 15 allocs, 12 frees, 12,021 bytes allocated
==612134== 
==612134== 16 bytes in 1 blocks are still reachable in loss record 1 of 3
==612134==    at 0x48C4E43: calloc (vg_replace_malloc.c:1678)
==612134==    by 0x40516F1: xcalloc (xmalloc.c:298)
==612134==    by 0x40516F1: xzalloc (xmalloc.c:283)
==612134==    by 0x400BEF9: decode_options (tar.c:2297)
==612134==    by 0x400BEF9: main (tar.c:2792)
==612134== 
==612134== 80 bytes in 1 blocks are still reachable in loss record 2 of 3
==612134==    at 0x48BD858: malloc (vg_replace_malloc.c:447)
==612134==    by 0x40512CC: xmalloc (xmalloc.c:45)
==612134==    by 0x400BE43: main (tar.c:2781)
==612134== 
==612134== 7,671 bytes in 1 blocks are still reachable in loss record 3 of 3
==612134==    at 0x48BD858: malloc (vg_replace_malloc.c:447)
==612134==    by 0x4041854: parser_init (argp-parse.c:495)
==612134==    by 0x4041854: argp_parse (argp-parse.c:921)
==612134==    by 0x400C045: decode_options (tar.c:2380)
==612134==    by 0x400C045: main (tar.c:2792)
==612134== 
==612134== LEAK SUMMARY:
==612134==    definitely lost: 0 bytes in 0 blocks
==612134==    indirectly lost: 0 bytes in 0 blocks
==612134==      possibly lost: 0 bytes in 0 blocks
==612134==    still reachable: 7,767 bytes in 3 blocks
==612134==         suppressed: 0 bytes in 0 blocks
==612134== 
==612134== For lists of detected and suppressed errors, rerun with: -s
==612134== ERROR SUMMARY: 0 errors from 0 contexts (suppressed: 0 from 0)
