==612253== Memcheck, a memory error detector
==612253== Copyright (C) 2002-2024, and GNU GPL'd, by Julian Seward et al.
==612253== Using Valgrind-3.26.0 and LibVEX; rerun with -h for copyright info
==612253== Command: tar -v -x -f A.tar -f B.tar -f C.tar -M en --warning=no-timestamp
==612253== Parent PID: 612241
==612253== 
==612253== 
==612253== FILE DESCRIPTORS: 1 open (0 inherited) at exit.
==612253== Open file descriptor 0: /dev/full
==612253==    at 0x4A1A9E6: open (open64.c:41)
==612253==    by 0x4050574: open (fcntl2.h:55)
==612253==    by 0x4050574: stdopen (stdopen.c:51)
==612253==    by 0x400BE26: main (tar.c:2773)
==612253== 
==612253== 
==612253== HEAP SUMMARY:
==612253==     in use at exit: 4,476 bytes in 15 blocks
==612253==   total heap usage: 90 allocs, 75 frees, 60,805 bytes allocated
==612253== 
==612253== 3 bytes in 1 blocks are indirectly lost in loss record 1 of 12
==612253==    at 0x48BD858: malloc (vg_replace_malloc.c:447)
==612253==    by 0x405185D: xmalloc (xmalloc.c:45)
==612253==    by 0x405185D: xmemdup (xmalloc.c:314)
==612253==    by 0x405185D: xstrdup (xmalloc.c:339)
==612253==    by 0x402994B: make_name (names.c:599)
==612253==    by 0x402994B: addname (names.c:1233)
==612253==    by 0x4029AB7: name_gather (names.c:1218)
==612253==    by 0x4025436: read_and (list.c:174)
==612253==    by 0x400CD61: main (tar.c:2823)
==612253== 
==612253== 5 bytes in 1 blocks are still reachable in loss record 2 of 12
==612253==    at 0x48BD858: malloc (vg_replace_malloc.c:447)
==612253==    by 0x405185D: xmalloc (xmalloc.c:45)
==612253==    by 0x405185D: xmemdup (xmalloc.c:314)
==612253==    by 0x405185D: xstrdup (xmalloc.c:339)
==612253==    by 0x402644F: assign_string (misc.c:58)
==612253==    by 0x402973C: uname_to_uid (names.c:550)
==612253==    by 0x402457F: decode_header (list.c:694)
==612253==    by 0x4025616: read_and (list.c:194)
==612253==    by 0x400CD61: main (tar.c:2823)
==612253== 
==612253== 5 bytes in 1 blocks are still reachable in loss record 3 of 12
==612253==    at 0x48BD858: malloc (vg_replace_malloc.c:447)
==612253==    by 0x405185D: xmalloc (xmalloc.c:45)
==612253==    by 0x405185D: xmemdup (xmalloc.c:314)
==612253==    by 0x405185D: xstrdup (xmalloc.c:339)
==612253==    by 0x402644F: assign_string (misc.c:58)
==612253==    by 0x40297DC: gname_to_gid (names.c:580)
==612253==    by 0x402455F: decode_header (list.c:699)
==612253==    by 0x4025616: read_and (list.c:194)
==612253==    by 0x400CD61: main (tar.c:2823)
==612253== 
==612253== 5 bytes in 1 blocks are still reachable in loss record 4 of 12
==612253==    at 0x48BD858: malloc (vg_replace_malloc.c:447)
==612253==    by 0x40512CC: xmalloc (xmalloc.c:45)
==612253==    by 0x40264C0: assign_string_n (misc.c:76)
==612253==    by 0x4010243: try_new_volume (buffer.c:1494)
==612253==    by 0x4010243: _gnu_flush_read (buffer.c:1888)
==612253==    by 0x4010243: gnu_flush_read (buffer.c:1909)
==612253==    by 0x400E689: find_next_block (buffer.c:609)
==612253==    by 0x4025264: skim_file (list.c:1425)
==612253==    by 0x4025336: skim_member.part.0 (list.c:1458)
==612253==    by 0x402585E: skim_member (list.c:1438)
==612253==    by 0x402585E: skip_member (list.c:1440)
==612253==    by 0x402585E: skip_member (list.c:1438)
==612253==    by 0x402585E: read_and (list.c:222)
==612253==    by 0x400CD61: main (tar.c:2823)
==612253== 
==612253== 10 bytes in 2 blocks are indirectly lost in loss record 5 of 12
==612253==    at 0x48BD858: malloc (vg_replace_malloc.c:447)
==612253==    by 0x40387DD: wsnode_quoteremoval (wordsplit.c:651)
==612253==    by 0x4039CFD: wordsplit_process_list (wordsplit.c:2390)
==612253==    by 0x403A562: wordsplit_run.constprop.0 (wordsplit.c:2434)
==612253==    by 0x400BFFA: parse_default_options (tar.c:2256)
==612253==    by 0x400BFFA: decode_options (tar.c:2378)
==612253==    by 0x400BFFA: main (tar.c:2792)
==612253== 
==612253== 10 bytes in 2 blocks are definitely lost in loss record 6 of 12
==612253==    at 0x48BD858: malloc (vg_replace_malloc.c:447)
==612253==    by 0x403A1FB: wordsplit_finish (wordsplit.c:836)
==612253==    by 0x400BFFA: parse_default_options (tar.c:2256)
==612253==    by 0x400BFFA: decode_options (tar.c:2378)
==612253==    by 0x400BFFA: main (tar.c:2792)
==612253== 
==612253== 16 bytes in 1 blocks are still reachable in loss record 7 of 12
==612253==    at 0x48C4E43: calloc (vg_replace_malloc.c:1678)
==612253==    by 0x40516F1: xcalloc (xmalloc.c:298)
==612253==    by 0x40516F1: xzalloc (xmalloc.c:283)
==612253==    by 0x400BEF9: decode_options (tar.c:2297)
==612253==    by 0x400BEF9: main (tar.c:2792)
==612253== 
==612253== 80 bytes in 1 blocks are still reachable in loss record 8 of 12
==612253==    at 0x48BD858: malloc (vg_replace_malloc.c:447)
==612253==    by 0x40512CC: xmalloc (xmalloc.c:45)
==612253==    by 0x400BE43: main (tar.c:2781)
==612253== 
==612253== 90 (80 direct, 10 indirect) bytes in 2 blocks are definitely lost in loss record 9 of 12
==612253==    at 0x48C4E43: calloc (vg_replace_malloc.c:1678)
==612253==    by 0x403959D: wsnode_new (wordsplit.c:422)
==612253==    by 0x403959D: wordsplit_add_segm (wordsplit.c:523)
==612253==    by 0x4039854: scan_word (wordsplit.c:2062)
==612253==    by 0x4039C7C: wordsplit_process_list (wordsplit.c:2358)
==612253==    by 0x403A562: wordsplit_run.constprop.0 (wordsplit.c:2434)
==612253==    by 0x400BFFA: parse_default_options (tar.c:2256)
==612253==    by 0x400BFFA: decode_options (tar.c:2378)
==612253==    by 0x400BFFA: main (tar.c:2792)
==612253== 
==612253== 99 (96 direct, 3 indirect) bytes in 1 blocks are definitely lost in loss record 10 of 12
==612253==    at 0x48C4E43: calloc (vg_replace_malloc.c:1678)
==612253==    by 0x40516F1: xcalloc (xmalloc.c:298)
==612253==    by 0x40516F1: xzalloc (xmalloc.c:283)
==612253==    by 0x4029932: make_name (names.c:596)
==612253==    by 0x4029932: addname (names.c:1233)
==612253==    by 0x4029AB7: name_gather (names.c:1218)
==612253==    by 0x4025436: read_and (list.c:174)
==612253==    by 0x400CD61: main (tar.c:2823)
==612253== 
==612253== 102 bytes in 1 blocks are still reachable in loss record 11 of 12
==612253==    at 0x48BD858: malloc (vg_replace_malloc.c:447)
==612253==    by 0x40512CC: xmalloc (xmalloc.c:45)
==612253==    by 0x4029881: name_init (names.c:869)
==612253==    by 0x400C94C: main (tar.c:2794)
==612253== 
==612253== 4,064 bytes in 1 blocks are still reachable in loss record 12 of 12
==612253==    at 0x48BD858: malloc (vg_replace_malloc.c:447)
==612253==    by 0x40512CC: xmalloc (xmalloc.c:45)
==612253==    by 0x404A07D: call_chunkfun (obstack.c:88)
==612253==    by 0x404A07D: _obstack_begin_worker.isra.0 (obstack.c:135)
==612253==    by 0x404A0A8: _obstack_begin (obstack.c:157)
==612253==    by 0x4032C57: _transform_name_to_obstack (transform.c:592)
==612253==    by 0x4032C57: transform_name_fp (transform.c:614)
==612253==    by 0x4023670: transform_member_name (list.c:114)
==612253==    by 0x4023670: transform_stat_info.part.0 (list.c:150)
==612253==    by 0x4025850: transform_stat_info (list.c:227)
==612253==    by 0x4025850: read_and (list.c:227)
==612253==    by 0x400CD61: main (tar.c:2823)
==612253== 
==612253== LEAK SUMMARY:
==612253==    definitely lost: 186 bytes in 5 blocks
==612253==    indirectly lost: 13 bytes in 3 blocks
==612253==      possibly lost: 0 bytes in 0 blocks
==612253==    still reachable: 4,277 bytes in 7 blocks
==612253==         suppressed: 0 bytes in 0 blocks
==612253== 
==612253== For lists of detected and suppressed errors, rerun with: -s
==612253== ERROR SUMMARY: 4 errors from 4 contexts (suppressed: 0 from 0)
