==724549== Memcheck, a memory error detector
==724549== Copyright (C) 2002-2024, and GNU GPL'd, by Julian Seward et al.
==724549== Using Valgrind-3.26.0 and LibVEX; rerun with -h for copyright info
==724549== Command: /bin/sh -c sort
==724549== Parent PID: 724544
==724549== 
==724549== 
==724549== FILE DESCRIPTORS: 3 open (3 inherited) at exit.
==724549== 
==724549== HEAP SUMMARY:
==724549==     in use at exit: 1,092 bytes in 30 blocks
==724549==   total heap usage: 32 allocs, 2 frees, 1,244 bytes allocated
==724549== 
==724549== 28 bytes in 1 blocks are still reachable in loss record 1 of 6
==724549==    at 0x486E858: malloc (vg_replace_malloc.c:447)
==724549==    by 0x40083FA: ??? (in /usr/bin/dash)
==724549==    by 0x4012E0A: ??? (in /usr/bin/dash)
==724549==    by 0x4013FFF: ??? (in /usr/bin/dash)
==724549==    by 0x400BCE7: ??? (in /usr/bin/dash)
==724549==    by 0x40120F8: ??? (in /usr/bin/dash)
==724549==    by 0x4004DA0: ??? (in /usr/bin/dash)
==724549==    by 0x48C4600: (below main) (libc_start_call_main.h:59)
==724549== 
==724549== 32 bytes in 1 blocks are still reachable in loss record 2 of 6
==724549==    at 0x486E858: malloc (vg_replace_malloc.c:447)
==724549==    by 0x4017AB2: ??? (in /usr/bin/dash)
==724549==    by 0x40186D4: ??? (in /usr/bin/dash)
==724549==    by 0x4004BC6: ??? (in /usr/bin/dash)
==724549==    by 0x48C4600: (below main) (libc_start_call_main.h:59)
==724549== 
==724549== 34 bytes in 1 blocks are still reachable in loss record 3 of 6
==724549==    at 0x486E858: malloc (vg_replace_malloc.c:447)
==724549==    by 0x495596E: strdup (strdup.c:42)
==724549==    by 0x40081DF: ??? (in /usr/bin/dash)
==724549==    by 0x40186F9: ??? (in /usr/bin/dash)
==724549==    by 0x4004BC6: ??? (in /usr/bin/dash)
==724549==    by 0x48C4600: (below main) (libc_start_call_main.h:59)
==724549== 
==724549== 38 bytes in 1 blocks are still reachable in loss record 4 of 6
==724549==    at 0x486E858: malloc (vg_replace_malloc.c:447)
==724549==    by 0x4017C53: ??? (in /usr/bin/dash)
==724549==    by 0x40186F9: ??? (in /usr/bin/dash)
==724549==    by 0x4004BC6: ??? (in /usr/bin/dash)
==724549==    by 0x48C4600: (below main) (libc_start_call_main.h:59)
==724549== 
==724549== 160 bytes in 1 blocks are still reachable in loss record 5 of 6
==724549==    at 0x487607F: realloc (vg_replace_malloc.c:1804)
==724549==    by 0x40074DC: ??? (in /usr/bin/dash)
==724549==    by 0x400A64D: ??? (in /usr/bin/dash)
==724549==    by 0x4014058: ??? (in /usr/bin/dash)
==724549==    by 0x400BCE7: ??? (in /usr/bin/dash)
==724549==    by 0x40120F8: ??? (in /usr/bin/dash)
==724549==    by 0x4004DA0: ??? (in /usr/bin/dash)
==724549==    by 0x48C4600: (below main) (libc_start_call_main.h:59)
==724549== 
==724549== 800 bytes in 25 blocks are still reachable in loss record 6 of 6
==724549==    at 0x486E858: malloc (vg_replace_malloc.c:447)
==724549==    by 0x4017AB2: ??? (in /usr/bin/dash)
==724549==    by 0x4018670: ??? (in /usr/bin/dash)
==724549==    by 0x4004BC6: ??? (in /usr/bin/dash)
==724549==    by 0x48C4600: (below main) (libc_start_call_main.h:59)
==724549== 
==724549== LEAK SUMMARY:
==724549==    definitely lost: 0 bytes in 0 blocks
==724549==    indirectly lost: 0 bytes in 0 blocks
==724549==      possibly lost: 0 bytes in 0 blocks
==724549==    still reachable: 1,092 bytes in 30 blocks
==724549==         suppressed: 0 bytes in 0 blocks
==724549== 
==724549== For lists of detected and suppressed errors, rerun with: -s
==724549== ERROR SUMMARY: 0 errors from 0 contexts (suppressed: 0 from 0)
