==592415== Memcheck, a memory error detector
==592415== Copyright (C) 2002-2024, and GNU GPL'd, by Julian Seward et al.
==592415== Using Valgrind-3.26.0 and LibVEX; rerun with -h for copyright info
==592415== Command: tar --version
==592415== Parent PID: 592155
==592415== 
==592415== 
==592415== FILE DESCRIPTORS: 4 open (4 inherited) at exit.
==592415== 
==592415== HEAP SUMMARY:
==592415==     in use at exit: 7,767 bytes in 3 blocks
==592415==   total heap usage: 15 allocs, 12 frees, 12,021 bytes allocated
==592415== 
==592415== 16 bytes in 1 blocks are still reachable in loss record 1 of 3
==592415==    at 0x48C4E43: calloc (vg_replace_malloc.c:1678)
==592415==    by 0x40516F1: xcalloc (xmalloc.c:298)
==592415==    by 0x40516F1: xzalloc (xmalloc.c:283)
==592415==    by 0x400BEF9: decode_options (tar.c:2297)
==592415==    by 0x400BEF9: main (tar.c:2792)
==592415== 
==592415== 80 bytes in 1 blocks are still reachable in loss record 2 of 3
==592415==    at 0x48BD858: malloc (vg_replace_malloc.c:447)
==592415==    by 0x40512CC: xmalloc (xmalloc.c:45)
==592415==    by 0x400BE43: main (tar.c:2781)
==592415== 
==592415== 7,671 bytes in 1 blocks are still reachable in loss record 3 of 3
==592415==    at 0x48BD858: malloc (vg_replace_malloc.c:447)
==592415==    by 0x4041854: parser_init (argp-parse.c:495)
==592415==    by 0x4041854: argp_parse (argp-parse.c:921)
==592415==    by 0x400C045: decode_options (tar.c:2380)
==592415==    by 0x400C045: main (tar.c:2792)
==592415== 
==592415== LEAK SUMMARY:
==592415==    definitely lost: 0 bytes in 0 blocks
==592415==    indirectly lost: 0 bytes in 0 blocks
==592415==      possibly lost: 0 bytes in 0 blocks
==592415==    still reachable: 7,767 bytes in 3 blocks
==592415==         suppressed: 0 bytes in 0 blocks
==592415== 
==592415== For lists of detected and suppressed errors, rerun with: -s
==592415== ERROR SUMMARY: 0 errors from 0 contexts (suppressed: 0 from 0)
