==726610== Memcheck, a memory error detector
==726610== Copyright (C) 2002-2024, and GNU GPL'd, by Julian Seward et al.
==726610== Using Valgrind-3.26.0 and LibVEX; rerun with -h for copyright info
==726610== Command: /tmp/rboxc-gawk-original-nfljfay0/deps/sort
==726610== Parent PID: 726608
==726610== 
==726610== 
==726610== FILE DESCRIPTORS: 0 open (0 inherited) at exit.
==726610== 
==726610== HEAP SUMMARY:
==726610==     in use at exit: 128 bytes in 1 blocks
==726610==   total heap usage: 25 allocs, 24 frees, 16,935,129 bytes allocated
==726610== 
==726610== 128 bytes in 1 blocks are still reachable in loss record 1 of 1
==726610==    at 0x4BF907F: realloc (vg_replace_malloc.c:1804)
==726610==    by 0x411C0A6: rpl_realloc (stdlib.h:2059)
==726610==    by 0x411C0A6: xrealloc (xmalloc.c:70)
==726610==    by 0x411C0A6: xpalloc (xmalloc.c:269)
==726610==    by 0x40A7BB6: add_temp_dir (sort.c:1347)
==726610==    by 0x40AE3A4: single_binary_main_sort (sort.c:4921)
==726610==    by 0x401A532: launch_program (coreutils.c:126)
==726610==    by 0x4018E7A: main (coreutils.c:143)
==726610== 
==726610== LEAK SUMMARY:
==726610==    definitely lost: 0 bytes in 0 blocks
==726610==    indirectly lost: 0 bytes in 0 blocks
==726610==      possibly lost: 0 bytes in 0 blocks
==726610==    still reachable: 128 bytes in 1 blocks
==726610==         suppressed: 0 bytes in 0 blocks
==726610== 
==726610== For lists of detected and suppressed errors, rerun with: -s
==726610== ERROR SUMMARY: 0 errors from 0 contexts (suppressed: 0 from 0)
