==675965== Memcheck, a memory error detector
==675965== Copyright (C) 2002-2024, and GNU GPL'd, by Julian Seward et al.
==675965== Using Valgrind-3.26.0 and LibVEX; rerun with -h for copyright info
==675965== Command: /bin/sh -c false
==675965== Parent PID: 675924
==675965== 
==675965== 
==675965== FILE DESCRIPTORS: 3 open (3 inherited) at exit.
==675965== 
==675965== HEAP SUMMARY:
==675965==     in use at exit: 851 bytes in 25 blocks
==675965==   total heap usage: 27 allocs, 2 frees, 1,003 bytes allocated
==675965== 
==675965== 29 bytes in 1 blocks are still reachable in loss record 1 of 5
==675965==    at 0x486E858: malloc (vg_replace_malloc.c:447)
==675965==    by 0x40083FA: ??? (in /usr/bin/dash)
==675965==    by 0x4012D83: ??? (in /usr/bin/dash)
==675965==    by 0x4013C6C: ??? (in /usr/bin/dash)
==675965==    by 0x400BCE7: ??? (in /usr/bin/dash)
==675965==    by 0x40120F8: ??? (in /usr/bin/dash)
==675965==    by 0x4004DA0: ??? (in /usr/bin/dash)
==675965==    by 0x48C4600: (below main) (libc_start_call_main.h:59)
==675965== 
==675965== 32 bytes in 1 blocks are still reachable in loss record 2 of 5
==675965==    at 0x486E858: malloc (vg_replace_malloc.c:447)
==675965==    by 0x4017AB2: ??? (in /usr/bin/dash)
==675965==    by 0x40186D4: ??? (in /usr/bin/dash)
==675965==    by 0x4004BC6: ??? (in /usr/bin/dash)
==675965==    by 0x48C4600: (below main) (libc_start_call_main.h:59)
==675965== 
==675965== 57 bytes in 1 blocks are still reachable in loss record 3 of 5
==675965==    at 0x486E858: malloc (vg_replace_malloc.c:447)
==675965==    by 0x495596E: strdup (strdup.c:42)
==675965==    by 0x40081DF: ??? (in /usr/bin/dash)
==675965==    by 0x40186F9: ??? (in /usr/bin/dash)
==675965==    by 0x4004BC6: ??? (in /usr/bin/dash)
==675965==    by 0x48C4600: (below main) (libc_start_call_main.h:59)
==675965== 
==675965== 61 bytes in 1 blocks are still reachable in loss record 4 of 5
==675965==    at 0x486E858: malloc (vg_replace_malloc.c:447)
==675965==    by 0x4017C53: ??? (in /usr/bin/dash)
==675965==    by 0x40186F9: ??? (in /usr/bin/dash)
==675965==    by 0x4004BC6: ??? (in /usr/bin/dash)
==675965==    by 0x48C4600: (below main) (libc_start_call_main.h:59)
==675965== 
==675965== 672 bytes in 21 blocks are still reachable in loss record 5 of 5
==675965==    at 0x486E858: malloc (vg_replace_malloc.c:447)
==675965==    by 0x4017AB2: ??? (in /usr/bin/dash)
==675965==    by 0x4018670: ??? (in /usr/bin/dash)
==675965==    by 0x4004BC6: ??? (in /usr/bin/dash)
==675965==    by 0x48C4600: (below main) (libc_start_call_main.h:59)
==675965== 
==675965== LEAK SUMMARY:
==675965==    definitely lost: 0 bytes in 0 blocks
==675965==    indirectly lost: 0 bytes in 0 blocks
==675965==      possibly lost: 0 bytes in 0 blocks
==675965==    still reachable: 851 bytes in 25 blocks
==675965==         suppressed: 0 bytes in 0 blocks
==675965== 
==675965== For lists of detected and suppressed errors, rerun with: -s
==675965== ERROR SUMMARY: 0 errors from 0 contexts (suppressed: 0 from 0)
