==676325== Memcheck, a memory error detector
==676325== Copyright (C) 2002-2024, and GNU GPL'd, by Julian Seward et al.
==676325== Using Valgrind-3.26.0 and LibVEX; rerun with -h for copyright info
==676325== Command: tar --use-compress-program false -cf a.tar .
==676325== Parent PID: 676323
==676325== 
==676325== 
==676325== FILE DESCRIPTORS: 3 open (3 inherited) at exit.
==676325== 
==676325== HEAP SUMMARY:
==676325==     in use at exit: 18,734 bytes in 14 blocks
==676325==   total heap usage: 75 allocs, 61 frees, 89,427 bytes allocated
==676325== 
==676325== 5 bytes in 1 blocks are still reachable in loss record 1 of 11
==676325==    at 0x48BD858: malloc (vg_replace_malloc.c:447)
==676325==    by 0x405185D: xmalloc (xmalloc.c:45)
==676325==    by 0x405185D: xmemdup (xmalloc.c:314)
==676325==    by 0x405185D: xstrdup (xmalloc.c:339)
==676325==    by 0x402644F: assign_string (misc.c:58)
==676325==    by 0x4029612: uid_to_uname (names.c:490)
==676325==    by 0x40155F3: start_header (create.c:931)
==676325==    by 0x40167F9: dump_dir0 (create.c:1123)
==676325==    by 0x40167F9: dump_dir (create.c:1320)
==676325==    by 0x40167F9: dump_file0 (create.c:1757)
==676325==    by 0x4017589: dump_file (create.c:1968)
==676325==    by 0x4017589: create_archive (create.c:1412)
==676325==    by 0x400CD90: main (tar.c:2818)
==676325== 
==676325== 5 bytes in 1 blocks are still reachable in loss record 2 of 11
==676325==    at 0x48BD858: malloc (vg_replace_malloc.c:447)
==676325==    by 0x405185D: xmalloc (xmalloc.c:45)
==676325==    by 0x405185D: xmemdup (xmalloc.c:314)
==676325==    by 0x405185D: xstrdup (xmalloc.c:339)
==676325==    by 0x402644F: assign_string (misc.c:58)
==676325==    by 0x40296A2: gid_to_gname (names.c:520)
==676325==    by 0x40155DB: start_header (create.c:936)
==676325==    by 0x40167F9: dump_dir0 (create.c:1123)
==676325==    by 0x40167F9: dump_dir (create.c:1320)
==676325==    by 0x40167F9: dump_file0 (create.c:1757)
==676325==    by 0x4017589: dump_file (create.c:1968)
==676325==    by 0x4017589: create_archive (create.c:1412)
==676325==    by 0x400CD90: main (tar.c:2818)
==676325== 
==676325== 7 bytes in 2 blocks are indirectly lost in loss record 3 of 11
==676325==    at 0x48BD858: malloc (vg_replace_malloc.c:447)
==676325==    by 0x40387DD: wsnode_quoteremoval (wordsplit.c:651)
==676325==    by 0x4039CFD: wordsplit_process_list (wordsplit.c:2390)
==676325==    by 0x403A562: wordsplit_run.constprop.0 (wordsplit.c:2434)
==676325==    by 0x400BFFA: parse_default_options (tar.c:2256)
==676325==    by 0x400BFFA: decode_options (tar.c:2378)
==676325==    by 0x400BFFA: main (tar.c:2792)
==676325== 
==676325== 7 bytes in 2 blocks are definitely lost in loss record 4 of 11
==676325==    at 0x48BD858: malloc (vg_replace_malloc.c:447)
==676325==    by 0x403A1FB: wordsplit_finish (wordsplit.c:836)
==676325==    by 0x400BFFA: parse_default_options (tar.c:2256)
==676325==    by 0x400BFFA: decode_options (tar.c:2378)
==676325==    by 0x400BFFA: main (tar.c:2792)
==676325== 
==676325== 16 bytes in 1 blocks are still reachable in loss record 5 of 11
==676325==    at 0x48C4E43: calloc (vg_replace_malloc.c:1678)
==676325==    by 0x40516F1: xcalloc (xmalloc.c:298)
==676325==    by 0x40516F1: xzalloc (xmalloc.c:283)
==676325==    by 0x400BEF9: decode_options (tar.c:2297)
==676325==    by 0x400BEF9: main (tar.c:2792)
==676325== 
==676325== 32 bytes in 1 blocks are still reachable in loss record 6 of 11
==676325==    at 0x48BD858: malloc (vg_replace_malloc.c:447)
==676325==    by 0x40512CC: xmalloc (xmalloc.c:45)
==676325==    by 0x402F07B: optloc_save (tar.c:926)
==676325==    by 0x402FFB0: set_use_compress_program_option (tar.c:985)
==676325==    by 0x4030D0C: parse_opt (tar.c:2082)
==676325==    by 0x40421C3: group_parse (argp-parse.c:233)
==676325==    by 0x40421C3: parser_parse_opt (argp-parse.c:748)
==676325==    by 0x40421C3: parser_parse_next (argp-parse.c:859)
==676325==    by 0x40421C3: argp_parse (argp-parse.c:927)
==676325==    by 0x400C045: decode_options (tar.c:2380)
==676325==    by 0x400C045: main (tar.c:2792)
==676325== 
==676325== 80 bytes in 1 blocks are still reachable in loss record 7 of 11
==676325==    at 0x48BD858: malloc (vg_replace_malloc.c:447)
==676325==    by 0x40512CC: xmalloc (xmalloc.c:45)
==676325==    by 0x400BE43: main (tar.c:2781)
==676325== 
==676325== 87 (80 direct, 7 indirect) bytes in 2 blocks are definitely lost in loss record 8 of 11
==676325==    at 0x48C4E43: calloc (vg_replace_malloc.c:1678)
==676325==    by 0x403959D: wsnode_new (wordsplit.c:422)
==676325==    by 0x403959D: wordsplit_add_segm (wordsplit.c:523)
==676325==    by 0x4039854: scan_word (wordsplit.c:2062)
==676325==    by 0x4039C7C: wordsplit_process_list (wordsplit.c:2358)
==676325==    by 0x403A562: wordsplit_run.constprop.0 (wordsplit.c:2434)
==676325==    by 0x400BFFA: parse_default_options (tar.c:2256)
==676325==    by 0x400BFFA: decode_options (tar.c:2378)
==676325==    by 0x400BFFA: main (tar.c:2792)
==676325== 
==676325== 102 bytes in 1 blocks are still reachable in loss record 9 of 11
==676325==    at 0x48BD858: malloc (vg_replace_malloc.c:447)
==676325==    by 0x40512CC: xmalloc (xmalloc.c:45)
==676325==    by 0x4029881: name_init (names.c:869)
==676325==    by 0x400C94C: main (tar.c:2794)
==676325== 
==676325== 4,064 bytes in 1 blocks are still reachable in loss record 10 of 11
==676325==    at 0x48BD858: malloc (vg_replace_malloc.c:447)
==676325==    by 0x40512CC: xmalloc (xmalloc.c:45)
==676325==    by 0x404A07D: call_chunkfun (obstack.c:88)
==676325==    by 0x404A07D: _obstack_begin_worker.isra.0 (obstack.c:135)
==676325==    by 0x404A0A8: _obstack_begin (obstack.c:157)
==676325==    by 0x4032C57: _transform_name_to_obstack (transform.c:592)
==676325==    by 0x4032C57: transform_name_fp (transform.c:614)
==676325==    by 0x4016444: dump_file0 (create.c:1657)
==676325==    by 0x4017589: dump_file (create.c:1968)
==676325==    by 0x4017589: create_archive (create.c:1412)
==676325==    by 0x400CD90: main (tar.c:2818)
==676325== 
==676325== 14,336 bytes in 1 blocks are still reachable in loss record 11 of 11
==676325==    at 0x48BD858: malloc (vg_replace_malloc.c:447)
==676325==    by 0x40512CC: xmalloc (xmalloc.c:45)
==676325==    by 0x4027C22: page_aligned_alloc (misc.c:1235)
==676325==    by 0x400D5A3: init_buffer (buffer.c:657)
==676325==    by 0x4010B3B: _open_archive (buffer.c:725)
==676325==    by 0x4010B3B: open_archive (buffer.c:2025)
==676325==    by 0x40174DE: create_archive (create.c:1343)
==676325==    by 0x400CD90: main (tar.c:2818)
==676325== 
==676325== LEAK SUMMARY:
==676325==    definitely lost: 87 bytes in 4 blocks
==676325==    indirectly lost: 7 bytes in 2 blocks
==676325==      possibly lost: 0 bytes in 0 blocks
==676325==    still reachable: 18,640 bytes in 8 blocks
==676325==         suppressed: 0 bytes in 0 blocks
==676325== 
==676325== For lists of detected and suppressed errors, rerun with: -s
==676325== ERROR SUMMARY: 2 errors from 2 contexts (suppressed: 0 from 0)
