==646166== Memcheck, a memory error detector
==646166== Copyright (C) 2002-2024, and GNU GPL'd, by Julian Seward et al.
==646166== Using Valgrind-3.26.0 and LibVEX; rerun with -h for copyright info
==646166== Command: tar --one-top-level=top -xpf ../d.tar
==646166== Parent PID: 646144
==646166== 
==646166== 
==646166== FILE DESCRIPTORS: 1 open (1 inherited) at exit.
==646166== 
==646166== HEAP SUMMARY:
==646166==     in use at exit: 4,294 bytes in 5 blocks
==646166==   total heap usage: 32 allocs, 27 frees, 35,417 bytes allocated
==646166== 
==646166== 16 bytes in 1 blocks are still reachable in loss record 1 of 5
==646166==    at 0x5875E43: calloc (vg_replace_malloc.c:1678)
==646166==    by 0x469E501: rboxc_tar_xzalloc (in /root/rboxc/target/tar-map-probe-candidate/release/rboxc)
==646166==    by 0x4477AF5: single_binary_main_tar (in /root/rboxc/target/tar-map-probe-candidate/release/rboxc)
==646166==    by 0x5A18600: (below main) (libc_start_call_main.h:59)
==646166== 
==646166== 32 bytes in 1 blocks are still reachable in loss record 2 of 5
==646166==    at 0x586E858: malloc (vg_replace_malloc.c:447)
==646166==    by 0x469E0DC: rboxc_tar_xmalloc (in /root/rboxc/target/tar-map-probe-candidate/release/rboxc)
==646166==    by 0x446DA2F: rboxc::applet_tar::optloc_save (in /root/rboxc/target/tar-map-probe-candidate/release/rboxc)
==646166==    by 0x446FA0F: rboxc::applet_tar::parse_opt (in /root/rboxc/target/tar-map-probe-candidate/release/rboxc)
==646166==    by 0x468D0C3: rboxc_tar_argp_parse (in /root/rboxc/target/tar-map-probe-candidate/release/rboxc)
==646166==    by 0x4478025: single_binary_main_tar (in /root/rboxc/target/tar-map-probe-candidate/release/rboxc)
==646166==    by 0x5A18600: (below main) (libc_start_call_main.h:59)
==646166== 
==646166== 80 bytes in 1 blocks are still reachable in loss record 3 of 5
==646166==    at 0x586E858: malloc (vg_replace_malloc.c:447)
==646166==    by 0x469E0DC: rboxc_tar_xmalloc (in /root/rboxc/target/tar-map-probe-candidate/release/rboxc)
==646166==    by 0x4477A00: single_binary_main_tar (in /root/rboxc/target/tar-map-probe-candidate/release/rboxc)
==646166==    by 0x5A18600: (below main) (libc_start_call_main.h:59)
==646166== 
==646166== 102 bytes in 1 blocks are still reachable in loss record 4 of 5
==646166==    at 0x586E858: malloc (vg_replace_malloc.c:447)
==646166==    by 0x469E0DC: rboxc_tar_xmalloc (in /root/rboxc/target/tar-map-probe-candidate/release/rboxc)
==646166==    by 0x46734A1: rboxc_tar_name_init (in /root/rboxc/target/tar-map-probe-candidate/release/rboxc)
==646166==    by 0x4478A7A: single_binary_main_tar (in /root/rboxc/target/tar-map-probe-candidate/release/rboxc)
==646166==    by 0x5A18600: (below main) (libc_start_call_main.h:59)
==646166== 
==646166== 4,064 bytes in 1 blocks are still reachable in loss record 5 of 5
==646166==    at 0x586E858: malloc (vg_replace_malloc.c:447)
==646166==    by 0x469E0DC: rboxc_tar_xmalloc (in /root/rboxc/target/tar-map-probe-candidate/release/rboxc)
==646166==    by 0x4695FFD: _obstack_begin_worker.isra.0 (in /root/rboxc/target/tar-map-probe-candidate/release/rboxc)
==646166==    by 0x4696028: rboxc_tar__obstack_begin (in /root/rboxc/target/tar-map-probe-candidate/release/rboxc)
==646166==    by 0x4679CD7: rboxc_tar_transform_name_fp (in /root/rboxc/target/tar-map-probe-candidate/release/rboxc)
==646166==    by 0x466D0B0: transform_stat_info.part.0 (in /root/rboxc/target/tar-map-probe-candidate/release/rboxc)
==646166==    by 0x466F290: rboxc_tar_read_and (in /root/rboxc/target/tar-map-probe-candidate/release/rboxc)
==646166==    by 0x4478C40: single_binary_main_tar (in /root/rboxc/target/tar-map-probe-candidate/release/rboxc)
==646166==    by 0x5A18600: (below main) (libc_start_call_main.h:59)
==646166== 
==646166== LEAK SUMMARY:
==646166==    definitely lost: 0 bytes in 0 blocks
==646166==    indirectly lost: 0 bytes in 0 blocks
==646166==      possibly lost: 0 bytes in 0 blocks
==646166==    still reachable: 4,294 bytes in 5 blocks
==646166==         suppressed: 0 bytes in 0 blocks
==646166== 
==646166== For lists of detected and suppressed errors, rerun with: -s
==646166== ERROR SUMMARY: 0 errors from 0 contexts (suppressed: 0 from 0)
