==687713== Memcheck, a memory error detector
==687713== Copyright (C) 2002-2024, and GNU GPL'd, by Julian Seward et al.
==687713== Using Valgrind-3.26.0 and LibVEX; rerun with -h for copyright info
==687713== Command: tar -c -f a -z --remove-files b c
==687713== Parent PID: 687554
==687713== 
==687713== 
==687713== FILE DESCRIPTORS: 3 open (2 inherited) at exit.
==687713== Open file descriptor 0:
==687713==    at 0x5B10E8B: dup2 (dup2.c:29)
==687713==    by 0x4677989: rboxc_tar_sys_child_open_for_compress (in /tmp/rboxc-tar-original-epcztg2w/copies/24)
==687713==    by 0x465DB14: rboxc_tar_open_archive (in /tmp/rboxc-tar-original-epcztg2w/copies/24)
==687713==    by 0x46643FE: rboxc_tar_create_archive (in /tmp/rboxc-tar-original-epcztg2w/copies/24)
==687713==    by 0x440EEB8: single_binary_main_tar (in /tmp/rboxc-tar-original-epcztg2w/copies/24)
==687713==    by 0x5A18600: (below main) (libc_start_call_main.h:59)
==687713== 
==687713== 
==687713== HEAP SUMMARY:
==687713==     in use at exit: 14,734 bytes in 8 blocks
==687713==   total heap usage: 22 allocs, 14 frees, 22,585 bytes allocated
==687713== 
==687713== 16 bytes in 1 blocks are still reachable in loss record 1 of 7
==687713==    at 0x5875E43: calloc (vg_replace_malloc.c:1678)
==687713==    by 0x469E5C1: rboxc_tar_xzalloc (in /tmp/rboxc-tar-original-epcztg2w/copies/24)
==687713==    by 0x440DEB5: single_binary_main_tar (in /tmp/rboxc-tar-original-epcztg2w/copies/24)
==687713==    by 0x5A18600: (below main) (libc_start_call_main.h:59)
==687713== 
==687713== 32 bytes in 1 blocks are still reachable in loss record 2 of 7
==687713==    at 0x586E858: malloc (vg_replace_malloc.c:447)
==687713==    by 0x469E19C: rboxc_tar_xmalloc (in /tmp/rboxc-tar-original-epcztg2w/copies/24)
==687713==    by 0x4404C40: rboxc::applet_tar::set_use_compress_program_option (in /tmp/rboxc-tar-original-epcztg2w/copies/24)
==687713==    by 0x44059A2: rboxc::applet_tar::parse_opt (in /tmp/rboxc-tar-original-epcztg2w/copies/24)
==687713==    by 0x468D2FD: rboxc_tar_argp_parse (in /tmp/rboxc-tar-original-epcztg2w/copies/24)
==687713==    by 0x440E3E5: single_binary_main_tar (in /tmp/rboxc-tar-original-epcztg2w/copies/24)
==687713==    by 0x5A18600: (below main) (libc_start_call_main.h:59)
==687713== 
==687713== 56 bytes in 1 blocks are still reachable in loss record 3 of 7
==687713==    at 0x586E858: malloc (vg_replace_malloc.c:447)
==687713==    by 0x469E19C: rboxc_tar_xmalloc (in /tmp/rboxc-tar-original-epcztg2w/copies/24)
==687713==    by 0x4671FAE: name_elt_alloc (in /tmp/rboxc-tar-original-epcztg2w/copies/24)
==687713==    by 0x467350C: rboxc_tar_name_add_name (in /tmp/rboxc-tar-original-epcztg2w/copies/24)
==687713==    by 0x440579F: rboxc::applet_tar::parse_opt (in /tmp/rboxc-tar-original-epcztg2w/copies/24)
==687713==    by 0x468CC03: rboxc_tar_argp_parse (in /tmp/rboxc-tar-original-epcztg2w/copies/24)
==687713==    by 0x440E3E5: single_binary_main_tar (in /tmp/rboxc-tar-original-epcztg2w/copies/24)
==687713==    by 0x5A18600: (below main) (libc_start_call_main.h:59)
==687713== 
==687713== 80 bytes in 1 blocks are still reachable in loss record 4 of 7
==687713==    at 0x586E858: malloc (vg_replace_malloc.c:447)
==687713==    by 0x469E19C: rboxc_tar_xmalloc (in /tmp/rboxc-tar-original-epcztg2w/copies/24)
==687713==    by 0x440DDC0: single_binary_main_tar (in /tmp/rboxc-tar-original-epcztg2w/copies/24)
==687713==    by 0x5A18600: (below main) (libc_start_call_main.h:59)
==687713== 
==687713== 102 bytes in 1 blocks are still reachable in loss record 5 of 7
==687713==    at 0x586E858: malloc (vg_replace_malloc.c:447)
==687713==    by 0x469E19C: rboxc_tar_xmalloc (in /tmp/rboxc-tar-original-epcztg2w/copies/24)
==687713==    by 0x4673561: rboxc_tar_name_init (in /tmp/rboxc-tar-original-epcztg2w/copies/24)
==687713==    by 0x440EE3A: single_binary_main_tar (in /tmp/rboxc-tar-original-epcztg2w/copies/24)
==687713==    by 0x5A18600: (below main) (libc_start_call_main.h:59)
==687713== 
==687713== 112 bytes in 2 blocks are still reachable in loss record 6 of 7
==687713==    at 0x586E858: malloc (vg_replace_malloc.c:447)
==687713==    by 0x469E19C: rboxc_tar_xmalloc (in /tmp/rboxc-tar-original-epcztg2w/copies/24)
==687713==    by 0x4671F5D: name_elt_alloc (in /tmp/rboxc-tar-original-epcztg2w/copies/24)
==687713==    by 0x467350C: rboxc_tar_name_add_name (in /tmp/rboxc-tar-original-epcztg2w/copies/24)
==687713==    by 0x440579F: rboxc::applet_tar::parse_opt (in /tmp/rboxc-tar-original-epcztg2w/copies/24)
==687713==    by 0x468CC03: rboxc_tar_argp_parse (in /tmp/rboxc-tar-original-epcztg2w/copies/24)
==687713==    by 0x440E3E5: single_binary_main_tar (in /tmp/rboxc-tar-original-epcztg2w/copies/24)
==687713==    by 0x5A18600: (below main) (libc_start_call_main.h:59)
==687713== 
==687713== 14,336 bytes in 1 blocks are still reachable in loss record 7 of 7
==687713==    at 0x586E858: malloc (vg_replace_malloc.c:447)
==687713==    by 0x469E19C: rboxc_tar_xmalloc (in /tmp/rboxc-tar-original-epcztg2w/copies/24)
==687713==    by 0x4671812: rboxc_tar_page_aligned_alloc (in /tmp/rboxc-tar-original-epcztg2w/copies/24)
==687713==    by 0x465A2C3: init_buffer (in /tmp/rboxc-tar-original-epcztg2w/copies/24)
==687713==    by 0x465D9BF: rboxc_tar_open_archive (in /tmp/rboxc-tar-original-epcztg2w/copies/24)
==687713==    by 0x46643FE: rboxc_tar_create_archive (in /tmp/rboxc-tar-original-epcztg2w/copies/24)
==687713==    by 0x440EEB8: single_binary_main_tar (in /tmp/rboxc-tar-original-epcztg2w/copies/24)
==687713==    by 0x5A18600: (below main) (libc_start_call_main.h:59)
==687713== 
==687713== LEAK SUMMARY:
==687713==    definitely lost: 0 bytes in 0 blocks
==687713==    indirectly lost: 0 bytes in 0 blocks
==687713==      possibly lost: 0 bytes in 0 blocks
==687713==    still reachable: 14,734 bytes in 8 blocks
==687713==         suppressed: 0 bytes in 0 blocks
==687713== 
==687713== For lists of detected and suppressed errors, rerun with: -s
==687713== ERROR SUMMARY: 1 errors from 1 contexts (suppressed: 0 from 0)
