==607669== Memcheck, a memory error detector
==607669== Copyright (C) 2002-2024, and GNU GPL'd, by Julian Seward et al.
==607669== Using Valgrind-3.26.0 and LibVEX; rerun with -h for copyright info
==607669== Command: tar -d -f archive.tar dir
==607669== Parent PID: 607666
==607669== 
==607669== 
==607669== FILE DESCRIPTORS: 1 open (1 inherited) at exit.
==607669== 
==607669== HEAP SUMMARY:
==607669==     in use at exit: 18,802 bytes in 15 blocks
==607669==   total heap usage: 3,791 allocs, 3,776 frees, 443,584 bytes allocated
==607669== 
==607669== 4 bytes in 1 blocks are indirectly lost in loss record 1 of 12
==607669==    at 0x48BD858: malloc (vg_replace_malloc.c:447)
==607669==    by 0x405185D: xmalloc (xmalloc.c:45)
==607669==    by 0x405185D: xmemdup (xmalloc.c:314)
==607669==    by 0x405185D: xstrdup (xmalloc.c:339)
==607669==    by 0x402994B: make_name (names.c:599)
==607669==    by 0x402994B: addname (names.c:1233)
==607669==    by 0x4029AB7: name_gather (names.c:1218)
==607669==    by 0x4025436: read_and (list.c:174)
==607669==    by 0x400CD7C: main (tar.c:2837)
==607669== 
==607669== 5 bytes in 1 blocks are still reachable in loss record 2 of 12
==607669==    at 0x48BD858: malloc (vg_replace_malloc.c:447)
==607669==    by 0x405185D: xmalloc (xmalloc.c:45)
==607669==    by 0x405185D: xmemdup (xmalloc.c:314)
==607669==    by 0x405185D: xstrdup (xmalloc.c:339)
==607669==    by 0x402644F: assign_string (misc.c:58)
==607669==    by 0x402973C: uname_to_uid (names.c:550)
==607669==    by 0x402457F: decode_header (list.c:694)
==607669==    by 0x4025616: read_and (list.c:194)
==607669==    by 0x400CD7C: main (tar.c:2837)
==607669== 
==607669== 5 bytes in 1 blocks are still reachable in loss record 3 of 12
==607669==    at 0x48BD858: malloc (vg_replace_malloc.c:447)
==607669==    by 0x405185D: xmalloc (xmalloc.c:45)
==607669==    by 0x405185D: xmemdup (xmalloc.c:314)
==607669==    by 0x405185D: xstrdup (xmalloc.c:339)
==607669==    by 0x402644F: assign_string (misc.c:58)
==607669==    by 0x40297DC: gname_to_gid (names.c:580)
==607669==    by 0x402455F: decode_header (list.c:699)
==607669==    by 0x4025616: read_and (list.c:194)
==607669==    by 0x400CD7C: main (tar.c:2837)
==607669== 
==607669== 7 bytes in 2 blocks are indirectly lost in loss record 4 of 12
==607669==    at 0x48BD858: malloc (vg_replace_malloc.c:447)
==607669==    by 0x40387DD: wsnode_quoteremoval (wordsplit.c:651)
==607669==    by 0x4039CFD: wordsplit_process_list (wordsplit.c:2390)
==607669==    by 0x403A562: wordsplit_run.constprop.0 (wordsplit.c:2434)
==607669==    by 0x400BFFA: parse_default_options (tar.c:2256)
==607669==    by 0x400BFFA: decode_options (tar.c:2378)
==607669==    by 0x400BFFA: main (tar.c:2792)
==607669== 
==607669== 7 bytes in 2 blocks are definitely lost in loss record 5 of 12
==607669==    at 0x48BD858: malloc (vg_replace_malloc.c:447)
==607669==    by 0x403A1FB: wordsplit_finish (wordsplit.c:836)
==607669==    by 0x400BFFA: parse_default_options (tar.c:2256)
==607669==    by 0x400BFFA: decode_options (tar.c:2378)
==607669==    by 0x400BFFA: main (tar.c:2792)
==607669== 
==607669== 16 bytes in 1 blocks are still reachable in loss record 6 of 12
==607669==    at 0x48C4E43: calloc (vg_replace_malloc.c:1678)
==607669==    by 0x40516F1: xcalloc (xmalloc.c:298)
==607669==    by 0x40516F1: xzalloc (xmalloc.c:283)
==607669==    by 0x400BEF9: decode_options (tar.c:2297)
==607669==    by 0x400BEF9: main (tar.c:2792)
==607669== 
==607669== 80 bytes in 1 blocks are still reachable in loss record 7 of 12
==607669==    at 0x48BD858: malloc (vg_replace_malloc.c:447)
==607669==    by 0x40512CC: xmalloc (xmalloc.c:45)
==607669==    by 0x400BE43: main (tar.c:2781)
==607669== 
==607669== 87 (80 direct, 7 indirect) bytes in 2 blocks are definitely lost in loss record 8 of 12
==607669==    at 0x48C4E43: calloc (vg_replace_malloc.c:1678)
==607669==    by 0x403959D: wsnode_new (wordsplit.c:422)
==607669==    by 0x403959D: wordsplit_add_segm (wordsplit.c:523)
==607669==    by 0x4039854: scan_word (wordsplit.c:2062)
==607669==    by 0x4039C7C: wordsplit_process_list (wordsplit.c:2358)
==607669==    by 0x403A562: wordsplit_run.constprop.0 (wordsplit.c:2434)
==607669==    by 0x400BFFA: parse_default_options (tar.c:2256)
==607669==    by 0x400BFFA: decode_options (tar.c:2378)
==607669==    by 0x400BFFA: main (tar.c:2792)
==607669== 
==607669== 100 (96 direct, 4 indirect) bytes in 1 blocks are definitely lost in loss record 9 of 12
==607669==    at 0x48C4E43: calloc (vg_replace_malloc.c:1678)
==607669==    by 0x40516F1: xcalloc (xmalloc.c:298)
==607669==    by 0x40516F1: xzalloc (xmalloc.c:283)
==607669==    by 0x4029932: make_name (names.c:596)
==607669==    by 0x4029932: addname (names.c:1233)
==607669==    by 0x4029AB7: name_gather (names.c:1218)
==607669==    by 0x4025436: read_and (list.c:174)
==607669==    by 0x400CD7C: main (tar.c:2837)
==607669== 
==607669== 102 bytes in 1 blocks are still reachable in loss record 10 of 12
==607669==    at 0x48BD858: malloc (vg_replace_malloc.c:447)
==607669==    by 0x40512CC: xmalloc (xmalloc.c:45)
==607669==    by 0x4029881: name_init (names.c:869)
==607669==    by 0x400C94C: main (tar.c:2794)
==607669== 
==607669== 4,064 bytes in 1 blocks are still reachable in loss record 11 of 12
==607669==    at 0x48BD858: malloc (vg_replace_malloc.c:447)
==607669==    by 0x40512CC: xmalloc (xmalloc.c:45)
==607669==    by 0x404A07D: call_chunkfun (obstack.c:88)
==607669==    by 0x404A07D: _obstack_begin_worker.isra.0 (obstack.c:135)
==607669==    by 0x404A0A8: _obstack_begin (obstack.c:157)
==607669==    by 0x4032C57: _transform_name_to_obstack (transform.c:592)
==607669==    by 0x4032C57: transform_name_fp (transform.c:614)
==607669==    by 0x4023670: transform_member_name (list.c:114)
==607669==    by 0x4023670: transform_stat_info.part.0 (list.c:150)
==607669==    by 0x4025850: transform_stat_info (list.c:227)
==607669==    by 0x4025850: read_and (list.c:227)
==607669==    by 0x400CD7C: main (tar.c:2837)
==607669== 
==607669== 14,336 bytes in 1 blocks are possibly lost in loss record 12 of 12
==607669==    at 0x48BD858: malloc (vg_replace_malloc.c:447)
==607669==    by 0x40512CC: xmalloc (xmalloc.c:45)
==607669==    by 0x4027C22: page_aligned_alloc (misc.c:1235)
==607669==    by 0x4012544: diff_init (compare.c:48)
==607669==    by 0x400CD70: main (tar.c:2836)
==607669== 
==607669== LEAK SUMMARY:
==607669==    definitely lost: 183 bytes in 5 blocks
==607669==    indirectly lost: 11 bytes in 3 blocks
==607669==      possibly lost: 14,336 bytes in 1 blocks
==607669==    still reachable: 4,272 bytes in 6 blocks
==607669==         suppressed: 0 bytes in 0 blocks
==607669== 
==607669== For lists of detected and suppressed errors, rerun with: -s
==607669== ERROR SUMMARY: 4 errors from 4 contexts (suppressed: 0 from 0)
