==663862== Memcheck, a memory error detector
==663862== Copyright (C) 2002-2024, and GNU GPL'd, by Julian Seward et al.
==663862== Using Valgrind-3.26.0 and LibVEX; rerun with -h for copyright info
==663862== Command: tar --version
==663862== Parent PID: 663541
==663862== 
==663862== 
==663862== FILE DESCRIPTORS: 4 open (4 inherited) at exit.
==663862== 
==663862== HEAP SUMMARY:
==663862==     in use at exit: 7,767 bytes in 3 blocks
==663862==   total heap usage: 15 allocs, 12 frees, 12,021 bytes allocated
==663862== 
==663862== 16 bytes in 1 blocks are still reachable in loss record 1 of 3
==663862==    at 0x48C4E43: calloc (vg_replace_malloc.c:1678)
==663862==    by 0x40516F1: xcalloc (xmalloc.c:298)
==663862==    by 0x40516F1: xzalloc (xmalloc.c:283)
==663862==    by 0x400BEF9: decode_options (tar.c:2297)
==663862==    by 0x400BEF9: main (tar.c:2792)
==663862== 
==663862== 80 bytes in 1 blocks are still reachable in loss record 2 of 3
==663862==    at 0x48BD858: malloc (vg_replace_malloc.c:447)
==663862==    by 0x40512CC: xmalloc (xmalloc.c:45)
==663862==    by 0x400BE43: main (tar.c:2781)
==663862== 
==663862== 7,671 bytes in 1 blocks are still reachable in loss record 3 of 3
==663862==    at 0x48BD858: malloc (vg_replace_malloc.c:447)
==663862==    by 0x4041854: parser_init (argp-parse.c:495)
==663862==    by 0x4041854: argp_parse (argp-parse.c:921)
==663862==    by 0x400C045: decode_options (tar.c:2380)
==663862==    by 0x400C045: main (tar.c:2792)
==663862== 
==663862== LEAK SUMMARY:
==663862==    definitely lost: 0 bytes in 0 blocks
==663862==    indirectly lost: 0 bytes in 0 blocks
==663862==      possibly lost: 0 bytes in 0 blocks
==663862==    still reachable: 7,767 bytes in 3 blocks
==663862==         suppressed: 0 bytes in 0 blocks
==663862== 
==663862== For lists of detected and suppressed errors, rerun with: -s
==663862== ERROR SUMMARY: 0 errors from 0 contexts (suppressed: 0 from 0)
