==664044== Memcheck, a memory error detector
==664044== Copyright (C) 2002-2024, and GNU GPL'd, by Julian Seward et al.
==664044== Using Valgrind-3.26.0 and LibVEX; rerun with -h for copyright info
==664044== Command: tar --checkpoint=1 --checkpoint-action echo=genfile\ checkpoint\ %u --checkpoint-action wait=SIGUSR1 --blocking-factor=1 -c -f archive.tar --listed-incremental db --warning=no-file-changed -v dir
==664044== Parent PID: 664043
==664044== 
==664044== 
==664044== FILE DESCRIPTORS: 2 open (2 inherited) at exit.
==664044== 
==664044== HEAP SUMMARY:
==664044==     in use at exit: 6,099 bytes in 39 blocks
==664044==   total heap usage: 188 allocs, 149 frees, 211,455 bytes allocated
==664044== 
==664044== 4 bytes in 1 blocks are still reachable in loss record 1 of 35
==664044==    at 0x48BD858: malloc (vg_replace_malloc.c:447)
==664044==    by 0x405185D: xmalloc (xmalloc.c:45)
==664044==    by 0x405185D: xmemdup (xmalloc.c:314)
==664044==    by 0x405185D: xstrdup (xmalloc.c:339)
==664044==    by 0x402994B: make_name (names.c:599)
==664044==    by 0x402994B: addname (names.c:1233)
==664044==    by 0x4029AB7: name_gather (names.c:1218)
==664044==    by 0x402A4BC: collect_and_sort_names (names.c:1747)
==664044==    by 0x40175DD: create_archive (create.c:1352)
==664044==    by 0x400CD90: main (tar.c:2818)
==664044== 
==664044== 4 bytes in 1 blocks are still reachable in loss record 2 of 35
==664044==    at 0x48BD858: malloc (vg_replace_malloc.c:447)
==664044==    by 0x40512CC: xmalloc (xmalloc.c:45)
==664044==    by 0x401F481: make_directory (incremen.c:271)
==664044==    by 0x401F735: attach_directory (incremen.c:291)
==664044==    by 0x401F735: note_directory (incremen.c:338)
==664044==    by 0x4020348: procdir (incremen.c:531)
==664044==    by 0x4020C14: scan_directory (incremen.c:751)
==664044==    by 0x4029BDE: add_hierarchy_to_namelist (names.c:1610)
==664044==    by 0x402A940: collect_and_sort_names (names.c:1813)
==664044==    by 0x40175DD: create_archive (create.c:1352)
==664044==    by 0x400CD90: main (tar.c:2818)
==664044== 
==664044== 5 bytes in 1 blocks are still reachable in loss record 3 of 35
==664044==    at 0x48BD858: malloc (vg_replace_malloc.c:447)
==664044==    by 0x405185D: xmalloc (xmalloc.c:45)
==664044==    by 0x405185D: xmemdup (xmalloc.c:314)
==664044==    by 0x405185D: xstrdup (xmalloc.c:339)
==664044==    by 0x402644F: assign_string (misc.c:58)
==664044==    by 0x4029612: uid_to_uname (names.c:490)
==664044==    by 0x40155F3: start_header (create.c:931)
==664044==    by 0x40167F9: dump_dir0 (create.c:1123)
==664044==    by 0x40167F9: dump_dir (create.c:1320)
==664044==    by 0x40167F9: dump_file0 (create.c:1757)
==664044==    by 0x401782F: dump_file (create.c:1968)
==664044==    by 0x401782F: create_archive (create.c:1356)
==664044==    by 0x400CD90: main (tar.c:2818)
==664044== 
==664044== 5 bytes in 1 blocks are still reachable in loss record 4 of 35
==664044==    at 0x48BD858: malloc (vg_replace_malloc.c:447)
==664044==    by 0x405185D: xmalloc (xmalloc.c:45)
==664044==    by 0x405185D: xmemdup (xmalloc.c:314)
==664044==    by 0x405185D: xstrdup (xmalloc.c:339)
==664044==    by 0x402644F: assign_string (misc.c:58)
==664044==    by 0x40296A2: gid_to_gname (names.c:520)
==664044==    by 0x40155DB: start_header (create.c:936)
==664044==    by 0x40167F9: dump_dir0 (create.c:1123)
==664044==    by 0x40167F9: dump_dir (create.c:1320)
==664044==    by 0x40167F9: dump_file0 (create.c:1757)
==664044==    by 0x401782F: dump_file (create.c:1968)
==664044==    by 0x401782F: create_archive (create.c:1356)
==664044==    by 0x400CD90: main (tar.c:2818)
==664044== 
==664044== 8 bytes in 1 blocks are still reachable in loss record 5 of 35
==664044==    at 0x48BD858: malloc (vg_replace_malloc.c:447)
==664044==    by 0x40512CC: xmalloc (xmalloc.c:45)
==664044==    by 0x401F481: make_directory (incremen.c:271)
==664044==    by 0x401F735: attach_directory (incremen.c:291)
==664044==    by 0x401F735: note_directory (incremen.c:338)
==664044==    by 0x4020348: procdir (incremen.c:531)
==664044==    by 0x4021100: scan_directory (incremen.c:822)
==664044==    by 0x4029BDE: add_hierarchy_to_namelist (names.c:1610)
==664044==    by 0x402A940: collect_and_sort_names (names.c:1813)
==664044==    by 0x40175DD: create_archive (create.c:1352)
==664044==    by 0x400CD90: main (tar.c:2818)
==664044== 
==664044== 8 bytes in 1 blocks are still reachable in loss record 6 of 35
==664044==    at 0x48BD858: malloc (vg_replace_malloc.c:447)
==664044==    by 0x405185D: xmalloc (xmalloc.c:45)
==664044==    by 0x405185D: xmemdup (xmalloc.c:314)
==664044==    by 0x405185D: xstrdup (xmalloc.c:339)
==664044==    by 0x402994B: make_name (names.c:599)
==664044==    by 0x402994B: addname (names.c:1233)
==664044==    by 0x4029D1B: add_hierarchy_to_namelist (names.c:1645)
==664044==    by 0x402A940: collect_and_sort_names (names.c:1813)
==664044==    by 0x40175DD: create_archive (create.c:1352)
==664044==    by 0x400CD90: main (tar.c:2818)
==664044== 
==664044== 9 bytes in 2 blocks are indirectly lost in loss record 7 of 35
==664044==    at 0x48BD858: malloc (vg_replace_malloc.c:447)
==664044==    by 0x40387DD: wsnode_quoteremoval (wordsplit.c:651)
==664044==    by 0x4039CFD: wordsplit_process_list (wordsplit.c:2390)
==664044==    by 0x403A562: wordsplit_run.constprop.0 (wordsplit.c:2434)
==664044==    by 0x400BFFA: parse_default_options (tar.c:2256)
==664044==    by 0x400BFFA: decode_options (tar.c:2378)
==664044==    by 0x400BFFA: main (tar.c:2792)
==664044== 
==664044== 9 bytes in 2 blocks are definitely lost in loss record 8 of 35
==664044==    at 0x48BD858: malloc (vg_replace_malloc.c:447)
==664044==    by 0x403A1FB: wordsplit_finish (wordsplit.c:836)
==664044==    by 0x400BFFA: parse_default_options (tar.c:2256)
==664044==    by 0x400BFFA: decode_options (tar.c:2378)
==664044==    by 0x400BFFA: main (tar.c:2792)
==664044== 
==664044== 16 bytes in 1 blocks are still reachable in loss record 9 of 35
==664044==    at 0x48C4E43: calloc (vg_replace_malloc.c:1678)
==664044==    by 0x40516F1: xcalloc (xmalloc.c:298)
==664044==    by 0x40516F1: xzalloc (xmalloc.c:283)
==664044==    by 0x400BEF9: decode_options (tar.c:2297)
==664044==    by 0x400BEF9: main (tar.c:2792)
==664044== 
==664044== 16 bytes in 1 blocks are still reachable in loss record 10 of 35
==664044==    at 0x48C4E43: calloc (vg_replace_malloc.c:1678)
==664044==    by 0x405174C: xcalloc (xmalloc.c:298)
==664044==    by 0x401F652: dumpdir_create0 (incremen.c:108)
==664044==    by 0x4020E38: makedumpdir (incremen.c:709)
==664044==    by 0x4020E38: scan_directory (incremen.c:766)
==664044==    by 0x4029BDE: add_hierarchy_to_namelist (names.c:1610)
==664044==    by 0x4029DF7: add_hierarchy_to_namelist (names.c:1677)
==664044==    by 0x402A940: collect_and_sort_names (names.c:1813)
==664044==    by 0x40175DD: create_archive (create.c:1352)
==664044==    by 0x400CD90: main (tar.c:2818)
==664044== 
==664044== 17 bytes in 1 blocks are still reachable in loss record 11 of 35
==664044==    at 0x48BD858: malloc (vg_replace_malloc.c:447)
==664044==    by 0x405185D: xmalloc (xmalloc.c:45)
==664044==    by 0x405185D: xmemdup (xmalloc.c:314)
==664044==    by 0x405185D: xstrdup (xmalloc.c:339)
==664044==    by 0x402644F: assign_string (misc.c:58)
==664044==    by 0x401E7A6: xheader_xhdr_name (xheader.c:393)
==664044==    by 0x4014297: write_extended.part.0 (create.c:713)
==664044==    by 0x4014896: write_extended (create.c:699)
==664044==    by 0x4014896: finish_header (create.c:1024)
==664044==    by 0x40171CF: dump_dir0 (create.c:1144)
==664044==    by 0x40171CF: dump_dir (create.c:1320)
==664044==    by 0x40171CF: dump_file0 (create.c:1757)
==664044==    by 0x401782F: dump_file (create.c:1968)
==664044==    by 0x401782F: create_archive (create.c:1356)
==664044==    by 0x400CD90: main (tar.c:2818)
==664044== 
==664044== 22 bytes in 1 blocks are still reachable in loss record 12 of 35
==664044==    at 0x48BD858: malloc (vg_replace_malloc.c:447)
==664044==    by 0x405185D: xmalloc (xmalloc.c:45)
==664044==    by 0x405185D: xmemdup (xmalloc.c:314)
==664044==    by 0x405185D: xstrdup (xmalloc.c:339)
==664044==    by 0x4011409: copy_string_unquote (checkpoint.c:84)
==664044==    by 0x4011E3B: checkpoint_compile_action (checkpoint.c:121)
==664044==    by 0x4011E3B: checkpoint_compile_action (checkpoint.c:97)
==664044==    by 0x4030C4D: parse_opt (tar.c:1828)
==664044==    by 0x40421C3: group_parse (argp-parse.c:233)
==664044==    by 0x40421C3: parser_parse_opt (argp-parse.c:748)
==664044==    by 0x40421C3: parser_parse_next (argp-parse.c:859)
==664044==    by 0x40421C3: argp_parse (argp-parse.c:927)
==664044==    by 0x400C045: decode_options (tar.c:2380)
==664044==    by 0x400C045: main (tar.c:2792)
==664044== 
==664044== 24 bytes in 1 blocks are still reachable in loss record 13 of 35
==664044==    at 0x48C4E43: calloc (vg_replace_malloc.c:1678)
==664044==    by 0x40516F1: xcalloc (xmalloc.c:298)
==664044==    by 0x40516F1: xzalloc (xmalloc.c:283)
==664044==    by 0x4011E09: alloc_action (checkpoint.c:71)
==664044==    by 0x4011E09: checkpoint_compile_action (checkpoint.c:115)
==664044==    by 0x4011E09: checkpoint_compile_action (checkpoint.c:97)
==664044==    by 0x4030C4D: parse_opt (tar.c:1828)
==664044==    by 0x40421C3: group_parse (argp-parse.c:233)
==664044==    by 0x40421C3: parser_parse_opt (argp-parse.c:748)
==664044==    by 0x40421C3: parser_parse_next (argp-parse.c:859)
==664044==    by 0x40421C3: argp_parse (argp-parse.c:927)
==664044==    by 0x400C045: decode_options (tar.c:2380)
==664044==    by 0x400C045: main (tar.c:2792)
==664044== 
==664044== 24 bytes in 1 blocks are still reachable in loss record 14 of 35
==664044==    at 0x48C4E43: calloc (vg_replace_malloc.c:1678)
==664044==    by 0x40516F1: xcalloc (xmalloc.c:298)
==664044==    by 0x40516F1: xzalloc (xmalloc.c:283)
==664044==    by 0x4011CAD: alloc_action (checkpoint.c:71)
==664044==    by 0x4011CAD: checkpoint_compile_action (checkpoint.c:141)
==664044==    by 0x4011CAD: checkpoint_compile_action (checkpoint.c:97)
==664044==    by 0x4030C4D: parse_opt (tar.c:1828)
==664044==    by 0x40421C3: group_parse (argp-parse.c:233)
==664044==    by 0x40421C3: parser_parse_opt (argp-parse.c:748)
==664044==    by 0x40421C3: parser_parse_next (argp-parse.c:859)
==664044==    by 0x40421C3: argp_parse (argp-parse.c:927)
==664044==    by 0x400C045: decode_options (tar.c:2380)
==664044==    by 0x400C045: main (tar.c:2792)
==664044== 
==664044== 24 bytes in 1 blocks are still reachable in loss record 15 of 35
==664044==    at 0x48C4E43: calloc (vg_replace_malloc.c:1678)
==664044==    by 0x405174C: xcalloc (xmalloc.c:298)
==664044==    by 0x401F652: dumpdir_create0 (incremen.c:108)
==664044==    by 0x4020E38: makedumpdir (incremen.c:709)
==664044==    by 0x4020E38: scan_directory (incremen.c:766)
==664044==    by 0x4029BDE: add_hierarchy_to_namelist (names.c:1610)
==664044==    by 0x402A940: collect_and_sort_names (names.c:1813)
==664044==    by 0x40175DD: create_archive (create.c:1352)
==664044==    by 0x400CD90: main (tar.c:2818)
==664044== 
==664044== 32 bytes in 1 blocks are still reachable in loss record 16 of 35
==664044==    at 0x48BD858: malloc (vg_replace_malloc.c:447)
==664044==    by 0x40512CC: xmalloc (xmalloc.c:45)
==664044==    by 0x402F07B: optloc_save (tar.c:926)
==664044==    by 0x403020B: parse_opt (tar.c:1520)
==664044==    by 0x40421C3: group_parse (argp-parse.c:233)
==664044==    by 0x40421C3: parser_parse_opt (argp-parse.c:748)
==664044==    by 0x40421C3: parser_parse_next (argp-parse.c:859)
==664044==    by 0x40421C3: argp_parse (argp-parse.c:927)
==664044==    by 0x400C045: decode_options (tar.c:2380)
==664044==    by 0x400C045: main (tar.c:2792)
==664044== 
==664044== 40 bytes in 1 blocks are still reachable in loss record 17 of 35
==664044==    at 0x48BD858: malloc (vg_replace_malloc.c:447)
==664044==    by 0x40512CC: xmalloc (xmalloc.c:45)
==664044==    by 0x401F61C: dumpdir_create0 (incremen.c:103)
==664044==    by 0x4020E38: makedumpdir (incremen.c:709)
==664044==    by 0x4020E38: scan_directory (incremen.c:766)
==664044==    by 0x4029BDE: add_hierarchy_to_namelist (names.c:1610)
==664044==    by 0x4029DF7: add_hierarchy_to_namelist (names.c:1677)
==664044==    by 0x402A940: collect_and_sort_names (names.c:1813)
==664044==    by 0x40175DD: create_archive (create.c:1352)
==664044==    by 0x400CD90: main (tar.c:2818)
==664044== 
==664044== 45 bytes in 1 blocks are still reachable in loss record 18 of 35
==664044==    at 0x48BD858: malloc (vg_replace_malloc.c:447)
==664044==    by 0x40512CC: xmalloc (xmalloc.c:45)
==664044==    by 0x401F61C: dumpdir_create0 (incremen.c:103)
==664044==    by 0x4020E38: makedumpdir (incremen.c:709)
==664044==    by 0x4020E38: scan_directory (incremen.c:766)
==664044==    by 0x4029BDE: add_hierarchy_to_namelist (names.c:1610)
==664044==    by 0x402A940: collect_and_sort_names (names.c:1813)
==664044==    by 0x40175DD: create_archive (create.c:1352)
==664044==    by 0x400CD90: main (tar.c:2818)
==664044== 
==664044== 57 bytes in 1 blocks are still reachable in loss record 19 of 35
==664044==    at 0x48C507F: realloc (vg_replace_malloc.c:1804)
==664044==    by 0x4A1A327: getcwd (getcwd.c:86)
==664044==    by 0x4052EB3: getcwd (unistd.h:116)
==664044==    by 0x4052EB3: rpl_getcwd (getcwd.c:218)
==664044==    by 0x4051890: xgetcwd (xgetcwd.c:37)
==664044==    by 0x4027E44: tar_getcdpath (misc.c:1052)
==664044==    by 0x4027E44: normalize_filename (misc.c:332)
==664044==    by 0x401F72A: attach_directory (incremen.c:290)
==664044==    by 0x401F72A: note_directory (incremen.c:338)
==664044==    by 0x4020348: procdir (incremen.c:531)
==664044==    by 0x4020C14: scan_directory (incremen.c:751)
==664044==    by 0x4029BDE: add_hierarchy_to_namelist (names.c:1610)
==664044==    by 0x402A940: collect_and_sort_names (names.c:1813)
==664044==    by 0x40175DD: create_archive (create.c:1352)
==664044==    by 0x400CD90: main (tar.c:2818)
==664044== 
==664044== 61 bytes in 1 blocks are still reachable in loss record 20 of 35
==664044==    at 0x48BD858: malloc (vg_replace_malloc.c:447)
==664044==    by 0x40512CC: xmalloc (xmalloc.c:45)
==664044==    by 0x4027DDB: normalize_filename (misc.c:339)
==664044==    by 0x401F72A: attach_directory (incremen.c:290)
==664044==    by 0x401F72A: note_directory (incremen.c:338)
==664044==    by 0x4020348: procdir (incremen.c:531)
==664044==    by 0x4020C14: scan_directory (incremen.c:751)
==664044==    by 0x4029BDE: add_hierarchy_to_namelist (names.c:1610)
==664044==    by 0x402A940: collect_and_sort_names (names.c:1813)
==664044==    by 0x40175DD: create_archive (create.c:1352)
==664044==    by 0x400CD90: main (tar.c:2818)
==664044== 
==664044== 65 bytes in 1 blocks are still reachable in loss record 21 of 35
==664044==    at 0x48BD858: malloc (vg_replace_malloc.c:447)
==664044==    by 0x40512CC: xmalloc (xmalloc.c:45)
==664044==    by 0x4027DDB: normalize_filename (misc.c:339)
==664044==    by 0x401F72A: attach_directory (incremen.c:290)
==664044==    by 0x401F72A: note_directory (incremen.c:338)
==664044==    by 0x4020348: procdir (incremen.c:531)
==664044==    by 0x4021100: scan_directory (incremen.c:822)
==664044==    by 0x4029BDE: add_hierarchy_to_namelist (names.c:1610)
==664044==    by 0x402A940: collect_and_sort_names (names.c:1813)
==664044==    by 0x40175DD: create_archive (create.c:1352)
==664044==    by 0x400CD90: main (tar.c:2818)
==664044== 
==664044== 80 bytes in 1 blocks are still reachable in loss record 22 of 35
==664044==    at 0x48BD858: malloc (vg_replace_malloc.c:447)
==664044==    by 0x40512CC: xmalloc (xmalloc.c:45)
==664044==    by 0x400BE43: main (tar.c:2781)
==664044== 
==664044== 80 bytes in 1 blocks are still reachable in loss record 23 of 35
==664044==    at 0x48BD858: malloc (vg_replace_malloc.c:447)
==664044==    by 0x4047846: hash_initialize (hash.c:523)
==664044==    by 0x401F807: note_directory (incremen.c:354)
==664044==    by 0x4020348: procdir (incremen.c:531)
==664044==    by 0x4020C14: scan_directory (incremen.c:751)
==664044==    by 0x4029BDE: add_hierarchy_to_namelist (names.c:1610)
==664044==    by 0x402A940: collect_and_sort_names (names.c:1813)
==664044==    by 0x40175DD: create_archive (create.c:1352)
==664044==    by 0x400CD90: main (tar.c:2818)
==664044== 
==664044== 80 bytes in 1 blocks are still reachable in loss record 24 of 35
==664044==    at 0x48BD858: malloc (vg_replace_malloc.c:447)
==664044==    by 0x4047846: hash_initialize (hash.c:523)
==664044==    by 0x401F837: note_directory (incremen.c:362)
==664044==    by 0x4020348: procdir (incremen.c:531)
==664044==    by 0x4020C14: scan_directory (incremen.c:751)
==664044==    by 0x4029BDE: add_hierarchy_to_namelist (names.c:1610)
==664044==    by 0x402A940: collect_and_sort_names (names.c:1813)
==664044==    by 0x40175DD: create_archive (create.c:1352)
==664044==    by 0x400CD90: main (tar.c:2818)
==664044== 
==664044== 89 (80 direct, 9 indirect) bytes in 2 blocks are definitely lost in loss record 25 of 35
==664044==    at 0x48C4E43: calloc (vg_replace_malloc.c:1678)
==664044==    by 0x403959D: wsnode_new (wordsplit.c:422)
==664044==    by 0x403959D: wordsplit_add_segm (wordsplit.c:523)
==664044==    by 0x4039854: scan_word (wordsplit.c:2062)
==664044==    by 0x4039C7C: wordsplit_process_list (wordsplit.c:2358)
==664044==    by 0x403A562: wordsplit_run.constprop.0 (wordsplit.c:2434)
==664044==    by 0x400BFFA: parse_default_options (tar.c:2256)
==664044==    by 0x400BFFA: decode_options (tar.c:2378)
==664044==    by 0x400BFFA: main (tar.c:2792)
==664044== 
==664044== 96 bytes in 1 blocks are still reachable in loss record 26 of 35
==664044==    at 0x48C4E43: calloc (vg_replace_malloc.c:1678)
==664044==    by 0x40516F1: xcalloc (xmalloc.c:298)
==664044==    by 0x40516F1: xzalloc (xmalloc.c:283)
==664044==    by 0x4029932: make_name (names.c:596)
==664044==    by 0x4029932: addname (names.c:1233)
==664044==    by 0x4029AB7: name_gather (names.c:1218)
==664044==    by 0x402A4BC: collect_and_sort_names (names.c:1747)
==664044==    by 0x40175DD: create_archive (create.c:1352)
==664044==    by 0x400CD90: main (tar.c:2818)
==664044== 
==664044== 96 bytes in 1 blocks are still reachable in loss record 27 of 35
==664044==    at 0x48BD858: malloc (vg_replace_malloc.c:447)
==664044==    by 0x40512CC: xmalloc (xmalloc.c:45)
==664044==    by 0x401F446: make_directory (incremen.c:264)
==664044==    by 0x401F735: attach_directory (incremen.c:291)
==664044==    by 0x401F735: note_directory (incremen.c:338)
==664044==    by 0x4020348: procdir (incremen.c:531)
==664044==    by 0x4020C14: scan_directory (incremen.c:751)
==664044==    by 0x4029BDE: add_hierarchy_to_namelist (names.c:1610)
==664044==    by 0x402A940: collect_and_sort_names (names.c:1813)
==664044==    by 0x40175DD: create_archive (create.c:1352)
==664044==    by 0x400CD90: main (tar.c:2818)
==664044== 
==664044== 96 bytes in 1 blocks are still reachable in loss record 28 of 35
==664044==    at 0x48BD858: malloc (vg_replace_malloc.c:447)
==664044==    by 0x40512CC: xmalloc (xmalloc.c:45)
==664044==    by 0x401F446: make_directory (incremen.c:264)
==664044==    by 0x401F735: attach_directory (incremen.c:291)
==664044==    by 0x401F735: note_directory (incremen.c:338)
==664044==    by 0x4020348: procdir (incremen.c:531)
==664044==    by 0x4021100: scan_directory (incremen.c:822)
==664044==    by 0x4029BDE: add_hierarchy_to_namelist (names.c:1610)
==664044==    by 0x402A940: collect_and_sort_names (names.c:1813)
==664044==    by 0x40175DD: create_archive (create.c:1352)
==664044==    by 0x400CD90: main (tar.c:2818)
==664044== 
==664044== 96 bytes in 1 blocks are still reachable in loss record 29 of 35
==664044==    at 0x48C4E43: calloc (vg_replace_malloc.c:1678)
==664044==    by 0x40516F1: xcalloc (xmalloc.c:298)
==664044==    by 0x40516F1: xzalloc (xmalloc.c:283)
==664044==    by 0x4029932: make_name (names.c:596)
==664044==    by 0x4029932: addname (names.c:1233)
==664044==    by 0x4029D1B: add_hierarchy_to_namelist (names.c:1645)
==664044==    by 0x402A940: collect_and_sort_names (names.c:1813)
==664044==    by 0x40175DD: create_archive (create.c:1352)
==664044==    by 0x400CD90: main (tar.c:2818)
==664044== 
==664044== 102 bytes in 1 blocks are still reachable in loss record 30 of 35
==664044==    at 0x48BD858: malloc (vg_replace_malloc.c:447)
==664044==    by 0x40512CC: xmalloc (xmalloc.c:45)
==664044==    by 0x4029881: name_init (names.c:869)
==664044==    by 0x400C94C: main (tar.c:2794)
==664044== 
==664044== 126 bytes in 2 blocks are still reachable in loss record 31 of 35
==664044==    at 0x48BD858: malloc (vg_replace_malloc.c:447)
==664044==    by 0x40512CC: xmalloc (xmalloc.c:45)
==664044==    by 0x4027DDB: normalize_filename (misc.c:339)
==664044==    by 0x402A6B2: collect_and_sort_names (names.c:1833)
==664044==    by 0x40175DD: create_archive (create.c:1352)
==664044==    by 0x400CD90: main (tar.c:2818)
==664044== 
==664044== 176 bytes in 1 blocks are still reachable in loss record 32 of 35
==664044==    at 0x48C4E43: calloc (vg_replace_malloc.c:1678)
==664044==    by 0x404789C: hash_initialize (hash.c:544)
==664044==    by 0x401F807: note_directory (incremen.c:354)
==664044==    by 0x4020348: procdir (incremen.c:531)
==664044==    by 0x4020C14: scan_directory (incremen.c:751)
==664044==    by 0x4029BDE: add_hierarchy_to_namelist (names.c:1610)
==664044==    by 0x402A940: collect_and_sort_names (names.c:1813)
==664044==    by 0x40175DD: create_archive (create.c:1352)
==664044==    by 0x400CD90: main (tar.c:2818)
==664044== 
==664044== 176 bytes in 1 blocks are still reachable in loss record 33 of 35
==664044==    at 0x48C4E43: calloc (vg_replace_malloc.c:1678)
==664044==    by 0x404789C: hash_initialize (hash.c:544)
==664044==    by 0x401F837: note_directory (incremen.c:362)
==664044==    by 0x4020348: procdir (incremen.c:531)
==664044==    by 0x4020C14: scan_directory (incremen.c:751)
==664044==    by 0x4029BDE: add_hierarchy_to_namelist (names.c:1610)
==664044==    by 0x402A940: collect_and_sort_names (names.c:1813)
==664044==    by 0x40175DD: create_archive (create.c:1352)
==664044==    by 0x400CD90: main (tar.c:2818)
==664044== 
==664044== 256 bytes in 1 blocks are still reachable in loss record 34 of 35
==664044==    at 0x48BD858: malloc (vg_replace_malloc.c:447)
==664044==    by 0x40512CC: xmalloc (xmalloc.c:45)
==664044==    by 0x401D274: xattr_encode_keyword (xheader.c:833)
==664044==    by 0x401D274: xheader_print_n (xheader.c:876)
==664044==    by 0x401D4FB: xheader_print (xheader.c:899)
==664044==    by 0x401D4FB: code_time (xheader.c:1043)
==664044==    by 0x401D4FB: mtime_coder (xheader.c:1232)
==664044==    by 0x401527F: start_header (create.c:852)
==664044==    by 0x40167F9: dump_dir0 (create.c:1123)
==664044==    by 0x40167F9: dump_dir (create.c:1320)
==664044==    by 0x40167F9: dump_file0 (create.c:1757)
==664044==    by 0x401782F: dump_file (create.c:1968)
==664044==    by 0x401782F: create_archive (create.c:1356)
==664044==    by 0x400CD90: main (tar.c:2818)
==664044== 
==664044== 4,064 bytes in 1 blocks are still reachable in loss record 35 of 35
==664044==    at 0x48BD858: malloc (vg_replace_malloc.c:447)
==664044==    by 0x40512CC: xmalloc (xmalloc.c:45)
==664044==    by 0x404A07D: call_chunkfun (obstack.c:88)
==664044==    by 0x404A07D: _obstack_begin_worker.isra.0 (obstack.c:135)
==664044==    by 0x404A0A8: _obstack_begin (obstack.c:157)
==664044==    by 0x4032C57: _transform_name_to_obstack (transform.c:592)
==664044==    by 0x4032C57: transform_name_fp (transform.c:614)
==664044==    by 0x4016444: dump_file0 (create.c:1657)
==664044==    by 0x401782F: dump_file (create.c:1968)
==664044==    by 0x401782F: create_archive (create.c:1356)
==664044==    by 0x400CD90: main (tar.c:2818)
==664044== 
==664044== LEAK SUMMARY:
==664044==    definitely lost: 89 bytes in 4 blocks
==664044==    indirectly lost: 9 bytes in 2 blocks
==664044==      possibly lost: 0 bytes in 0 blocks
==664044==    still reachable: 6,001 bytes in 33 blocks
==664044==         suppressed: 0 bytes in 0 blocks
==664044== 
==664044== For lists of detected and suppressed errors, rerun with: -s
==664044== ERROR SUMMARY: 2 errors from 2 contexts (suppressed: 0 from 0)
