==720234== Memcheck, a memory error detector
==720234== Copyright (C) 2002-2024, and GNU GPL'd, by Julian Seward et al.
==720234== Using Valgrind-3.26.0 and LibVEX; rerun with -h for copyright info
==720234== Command: tar --version
==720234== Parent PID: 720149
==720234== 
==720234== 
==720234== FILE DESCRIPTORS: 4 open (4 inherited) at exit.
==720234== 
==720234== HEAP SUMMARY:
==720234==     in use at exit: 7,767 bytes in 3 blocks
==720234==   total heap usage: 15 allocs, 12 frees, 12,021 bytes allocated
==720234== 
==720234== 16 bytes in 1 blocks are still reachable in loss record 1 of 3
==720234==    at 0x5875E43: calloc (vg_replace_malloc.c:1678)
==720234==    by 0x469E681: rboxc_tar_xzalloc (in /root/rboxc/target/tar-child-input-candidate/release/rboxc)
==720234==    by 0x440DEF5: single_binary_main_tar (in /root/rboxc/target/tar-child-input-candidate/release/rboxc)
==720234==    by 0x5A18600: (below main) (libc_start_call_main.h:59)
==720234== 
==720234== 80 bytes in 1 blocks are still reachable in loss record 2 of 3
==720234==    at 0x586E858: malloc (vg_replace_malloc.c:447)
==720234==    by 0x469E25C: rboxc_tar_xmalloc (in /root/rboxc/target/tar-child-input-candidate/release/rboxc)
==720234==    by 0x440DE00: single_binary_main_tar (in /root/rboxc/target/tar-child-input-candidate/release/rboxc)
==720234==    by 0x5A18600: (below main) (libc_start_call_main.h:59)
==720234== 
==720234== 7,671 bytes in 1 blocks are still reachable in loss record 3 of 3
==720234==    at 0x586E858: malloc (vg_replace_malloc.c:447)
==720234==    by 0x468C8D4: rboxc_tar_argp_parse (in /root/rboxc/target/tar-child-input-candidate/release/rboxc)
==720234==    by 0x440E425: single_binary_main_tar (in /root/rboxc/target/tar-child-input-candidate/release/rboxc)
==720234==    by 0x5A18600: (below main) (libc_start_call_main.h:59)
==720234== 
==720234== LEAK SUMMARY:
==720234==    definitely lost: 0 bytes in 0 blocks
==720234==    indirectly lost: 0 bytes in 0 blocks
==720234==      possibly lost: 0 bytes in 0 blocks
==720234==    still reachable: 7,767 bytes in 3 blocks
==720234==         suppressed: 0 bytes in 0 blocks
==720234== 
==720234== For lists of detected and suppressed errors, rerun with: -s
==720234== ERROR SUMMARY: 0 errors from 0 contexts (suppressed: 0 from 0)
