==604960== Memcheck, a memory error detector
==604960== Copyright (C) 2002-2024, and GNU GPL'd, by Julian Seward et al.
==604960== Using Valgrind-3.26.0 and LibVEX; rerun with -h for copyright info
==604960== Command: tar --version
==604960== Parent PID: 604854
==604960== 
==604960== 
==604960== FILE DESCRIPTORS: 4 open (4 inherited) at exit.
==604960== 
==604960== HEAP SUMMARY:
==604960==     in use at exit: 7,767 bytes in 3 blocks
==604960==   total heap usage: 15 allocs, 12 frees, 12,021 bytes allocated
==604960== 
==604960== 16 bytes in 1 blocks are still reachable in loss record 1 of 3
==604960==    at 0x48C4E43: calloc (vg_replace_malloc.c:1678)
==604960==    by 0x40516F1: xcalloc (xmalloc.c:298)
==604960==    by 0x40516F1: xzalloc (xmalloc.c:283)
==604960==    by 0x400BEF9: decode_options (tar.c:2297)
==604960==    by 0x400BEF9: main (tar.c:2792)
==604960== 
==604960== 80 bytes in 1 blocks are still reachable in loss record 2 of 3
==604960==    at 0x48BD858: malloc (vg_replace_malloc.c:447)
==604960==    by 0x40512CC: xmalloc (xmalloc.c:45)
==604960==    by 0x400BE43: main (tar.c:2781)
==604960== 
==604960== 7,671 bytes in 1 blocks are still reachable in loss record 3 of 3
==604960==    at 0x48BD858: malloc (vg_replace_malloc.c:447)
==604960==    by 0x4041854: parser_init (argp-parse.c:495)
==604960==    by 0x4041854: argp_parse (argp-parse.c:921)
==604960==    by 0x400C045: decode_options (tar.c:2380)
==604960==    by 0x400C045: main (tar.c:2792)
==604960== 
==604960== LEAK SUMMARY:
==604960==    definitely lost: 0 bytes in 0 blocks
==604960==    indirectly lost: 0 bytes in 0 blocks
==604960==      possibly lost: 0 bytes in 0 blocks
==604960==    still reachable: 7,767 bytes in 3 blocks
==604960==         suppressed: 0 bytes in 0 blocks
==604960== 
==604960== For lists of detected and suppressed errors, rerun with: -s
==604960== ERROR SUMMARY: 0 errors from 0 contexts (suppressed: 0 from 0)
