==725375== Memcheck, a memory error detector
==725375== Copyright (C) 2002-2024, and GNU GPL'd, by Julian Seward et al.
==725375== Using Valgrind-3.26.0 and LibVEX; rerun with -h for copyright info
==725375== Command: /tmp/rboxc-gawk-original-chxc5lbo/deps/sort
==725375== Parent PID: 725371
==725375== 
==725375== 
==725375== FILE DESCRIPTORS: 0 open (0 inherited) at exit.
==725375== 
==725375== HEAP SUMMARY:
==725375==     in use at exit: 128 bytes in 1 blocks
==725375==   total heap usage: 25 allocs, 24 frees, 16,935,129 bytes allocated
==725375== 
==725375== 128 bytes in 1 blocks are still reachable in loss record 1 of 1
==725375==    at 0x4BF907F: realloc (vg_replace_malloc.c:1804)
==725375==    by 0x411C0A6: rpl_realloc (stdlib.h:2059)
==725375==    by 0x411C0A6: xrealloc (xmalloc.c:70)
==725375==    by 0x411C0A6: xpalloc (xmalloc.c:269)
==725375==    by 0x40A7BB6: add_temp_dir (sort.c:1347)
==725375==    by 0x40AE3A4: single_binary_main_sort (sort.c:4921)
==725375==    by 0x401A532: launch_program (coreutils.c:126)
==725375==    by 0x4018E7A: main (coreutils.c:143)
==725375== 
==725375== LEAK SUMMARY:
==725375==    definitely lost: 0 bytes in 0 blocks
==725375==    indirectly lost: 0 bytes in 0 blocks
==725375==      possibly lost: 0 bytes in 0 blocks
==725375==    still reachable: 128 bytes in 1 blocks
==725375==         suppressed: 0 bytes in 0 blocks
==725375== 
==725375== For lists of detected and suppressed errors, rerun with: -s
==725375== ERROR SUMMARY: 0 errors from 0 contexts (suppressed: 0 from 0)
