==683598== Memcheck, a memory error detector
==683598== Copyright (C) 2002-2024, and GNU GPL'd, by Julian Seward et al.
==683598== Using Valgrind-3.26.0 and LibVEX; rerun with -h for copyright info
==683598== Command: tar --version
==683598== Parent PID: 683305
==683598== 
==683598== 
==683598== FILE DESCRIPTORS: 4 open (4 inherited) at exit.
==683598== 
==683598== HEAP SUMMARY:
==683598==     in use at exit: 7,767 bytes in 3 blocks
==683598==   total heap usage: 15 allocs, 12 frees, 12,021 bytes allocated
==683598== 
==683598== 16 bytes in 1 blocks are still reachable in loss record 1 of 3
==683598==    at 0x48C4E43: calloc (vg_replace_malloc.c:1678)
==683598==    by 0x40516F1: xcalloc (xmalloc.c:298)
==683598==    by 0x40516F1: xzalloc (xmalloc.c:283)
==683598==    by 0x400BEF9: decode_options (tar.c:2297)
==683598==    by 0x400BEF9: main (tar.c:2792)
==683598== 
==683598== 80 bytes in 1 blocks are still reachable in loss record 2 of 3
==683598==    at 0x48BD858: malloc (vg_replace_malloc.c:447)
==683598==    by 0x40512CC: xmalloc (xmalloc.c:45)
==683598==    by 0x400BE43: main (tar.c:2781)
==683598== 
==683598== 7,671 bytes in 1 blocks are still reachable in loss record 3 of 3
==683598==    at 0x48BD858: malloc (vg_replace_malloc.c:447)
==683598==    by 0x4041854: parser_init (argp-parse.c:495)
==683598==    by 0x4041854: argp_parse (argp-parse.c:921)
==683598==    by 0x400C045: decode_options (tar.c:2380)
==683598==    by 0x400C045: main (tar.c:2792)
==683598== 
==683598== LEAK SUMMARY:
==683598==    definitely lost: 0 bytes in 0 blocks
==683598==    indirectly lost: 0 bytes in 0 blocks
==683598==      possibly lost: 0 bytes in 0 blocks
==683598==    still reachable: 7,767 bytes in 3 blocks
==683598==         suppressed: 0 bytes in 0 blocks
==683598== 
==683598== For lists of detected and suppressed errors, rerun with: -s
==683598== ERROR SUMMARY: 0 errors from 0 contexts (suppressed: 0 from 0)
