==600474== Memcheck, a memory error detector
==600474== Copyright (C) 2002-2024, and GNU GPL'd, by Julian Seward et al.
==600474== Using Valgrind-3.26.0 and LibVEX; rerun with -h for copyright info
==600474== Command: tar -cvf foo.tar --incremental --remove-files foo
==600474== Parent PID: 600467
==600474== 
==600474== 
==600474== FILE DESCRIPTORS: 1 open (1 inherited) at exit.
==600474== 
==600474== HEAP SUMMARY:
==600474==     in use at exit: 5,053 bytes in 16 blocks
==600474==   total heap usage: 103 allocs, 87 frees, 132,130 bytes allocated
==600474== 
==600474== 4 bytes in 1 blocks are still reachable in loss record 1 of 16
==600474==    at 0x586E858: malloc (vg_replace_malloc.c:447)
==600474==    by 0x469E0DC: rboxc_tar_xmalloc (in /root/rboxc/target/screen-owned-candidate/release/rboxc)
==600474==    by 0x4668DE1: make_directory (in /root/rboxc/target/screen-owned-candidate/release/rboxc)
==600474==    by 0x4669095: note_directory (in /root/rboxc/target/screen-owned-candidate/release/rboxc)
==600474==    by 0x4669D08: procdir (in /root/rboxc/target/screen-owned-candidate/release/rboxc)
==600474==    by 0x466A5D4: rboxc_tar_scan_directory (in /root/rboxc/target/screen-owned-candidate/release/rboxc)
==600474==    by 0x46737AE: add_hierarchy_to_namelist (in /root/rboxc/target/screen-owned-candidate/release/rboxc)
==600474==    by 0x4674520: rboxc_tar_collect_and_sort_names (in /root/rboxc/target/screen-owned-candidate/release/rboxc)
==600474==    by 0x466443D: rboxc_tar_create_archive (in /root/rboxc/target/screen-owned-candidate/release/rboxc)
==600474==    by 0x4478AF8: single_binary_main_tar (in /root/rboxc/target/screen-owned-candidate/release/rboxc)
==600474==    by 0x5A18600: (below main) (libc_start_call_main.h:59)
==600474== 
==600474== 5 bytes in 1 blocks are still reachable in loss record 2 of 16
==600474==    at 0x586E858: malloc (vg_replace_malloc.c:447)
==600474==    by 0x469E66D: rboxc_tar_xstrdup (in /root/rboxc/target/screen-owned-candidate/release/rboxc)
==600474==    by 0x466FF4F: rboxc_tar_assign_string (in /root/rboxc/target/screen-owned-candidate/release/rboxc)
==600474==    by 0x4673232: rboxc_tar_uid_to_uname (in /root/rboxc/target/screen-owned-candidate/release/rboxc)
==600474==    by 0x4662453: rboxc_tar_start_header (in /root/rboxc/target/screen-owned-candidate/release/rboxc)
==600474==    by 0x4663659: dump_file0 (in /root/rboxc/target/screen-owned-candidate/release/rboxc)
==600474==    by 0x466468F: rboxc_tar_create_archive (in /root/rboxc/target/screen-owned-candidate/release/rboxc)
==600474==    by 0x4478AF8: single_binary_main_tar (in /root/rboxc/target/screen-owned-candidate/release/rboxc)
==600474==    by 0x5A18600: (below main) (libc_start_call_main.h:59)
==600474== 
==600474== 5 bytes in 1 blocks are still reachable in loss record 3 of 16
==600474==    at 0x586E858: malloc (vg_replace_malloc.c:447)
==600474==    by 0x469E66D: rboxc_tar_xstrdup (in /root/rboxc/target/screen-owned-candidate/release/rboxc)
==600474==    by 0x466FF4F: rboxc_tar_assign_string (in /root/rboxc/target/screen-owned-candidate/release/rboxc)
==600474==    by 0x46732C2: rboxc_tar_gid_to_gname (in /root/rboxc/target/screen-owned-candidate/release/rboxc)
==600474==    by 0x466243B: rboxc_tar_start_header (in /root/rboxc/target/screen-owned-candidate/release/rboxc)
==600474==    by 0x4663659: dump_file0 (in /root/rboxc/target/screen-owned-candidate/release/rboxc)
==600474==    by 0x466468F: rboxc_tar_create_archive (in /root/rboxc/target/screen-owned-candidate/release/rboxc)
==600474==    by 0x4478AF8: single_binary_main_tar (in /root/rboxc/target/screen-owned-candidate/release/rboxc)
==600474==    by 0x5A18600: (below main) (libc_start_call_main.h:59)
==600474== 
==600474== 16 bytes in 1 blocks are still reachable in loss record 4 of 16
==600474==    at 0x5875E43: calloc (vg_replace_malloc.c:1678)
==600474==    by 0x469E501: rboxc_tar_xzalloc (in /root/rboxc/target/screen-owned-candidate/release/rboxc)
==600474==    by 0x4477AF5: single_binary_main_tar (in /root/rboxc/target/screen-owned-candidate/release/rboxc)
==600474==    by 0x5A18600: (below main) (libc_start_call_main.h:59)
==600474== 
==600474== 16 bytes in 1 blocks are still reachable in loss record 5 of 16
==600474==    at 0x5875E43: calloc (vg_replace_malloc.c:1678)
==600474==    by 0x469E55C: rboxc_tar_xcalloc (in /root/rboxc/target/screen-owned-candidate/release/rboxc)
==600474==    by 0x4668FB2: dumpdir_create0 (in /root/rboxc/target/screen-owned-candidate/release/rboxc)
==600474==    by 0x466A7F8: rboxc_tar_scan_directory (in /root/rboxc/target/screen-owned-candidate/release/rboxc)
==600474==    by 0x46737AE: add_hierarchy_to_namelist (in /root/rboxc/target/screen-owned-candidate/release/rboxc)
==600474==    by 0x4674520: rboxc_tar_collect_and_sort_names (in /root/rboxc/target/screen-owned-candidate/release/rboxc)
==600474==    by 0x466443D: rboxc_tar_create_archive (in /root/rboxc/target/screen-owned-candidate/release/rboxc)
==600474==    by 0x4478AF8: single_binary_main_tar (in /root/rboxc/target/screen-owned-candidate/release/rboxc)
==600474==    by 0x5A18600: (below main) (libc_start_call_main.h:59)
==600474== 
==600474== 39 bytes in 1 blocks are still reachable in loss record 6 of 16
==600474==    at 0x586E858: malloc (vg_replace_malloc.c:447)
==600474==    by 0x469E0DC: rboxc_tar_xmalloc (in /root/rboxc/target/screen-owned-candidate/release/rboxc)
==600474==    by 0x4668F7C: dumpdir_create0 (in /root/rboxc/target/screen-owned-candidate/release/rboxc)
==600474==    by 0x466A7F8: rboxc_tar_scan_directory (in /root/rboxc/target/screen-owned-candidate/release/rboxc)
==600474==    by 0x46737AE: add_hierarchy_to_namelist (in /root/rboxc/target/screen-owned-candidate/release/rboxc)
==600474==    by 0x4674520: rboxc_tar_collect_and_sort_names (in /root/rboxc/target/screen-owned-candidate/release/rboxc)
==600474==    by 0x466443D: rboxc_tar_create_archive (in /root/rboxc/target/screen-owned-candidate/release/rboxc)
==600474==    by 0x4478AF8: single_binary_main_tar (in /root/rboxc/target/screen-owned-candidate/release/rboxc)
==600474==    by 0x5A18600: (below main) (libc_start_call_main.h:59)
==600474== 
==600474== 55 bytes in 1 blocks are still reachable in loss record 7 of 16
==600474==    at 0x587607F: realloc (vg_replace_malloc.c:1804)
==600474==    by 0x5B15327: getcwd (getcwd.c:86)
==600474==    by 0x469C323: rboxc_tar_rpl_getcwd (in /root/rboxc/target/screen-owned-candidate/release/rboxc)
==600474==    by 0x469E6A0: rboxc_tar_xgetcwd (in /root/rboxc/target/screen-owned-candidate/release/rboxc)
==600474==    by 0x4671974: rboxc_tar_normalize_filename (in /root/rboxc/target/screen-owned-candidate/release/rboxc)
==600474==    by 0x466908A: note_directory (in /root/rboxc/target/screen-owned-candidate/release/rboxc)
==600474==    by 0x4669D08: procdir (in /root/rboxc/target/screen-owned-candidate/release/rboxc)
==600474==    by 0x466A5D4: rboxc_tar_scan_directory (in /root/rboxc/target/screen-owned-candidate/release/rboxc)
==600474==    by 0x46737AE: add_hierarchy_to_namelist (in /root/rboxc/target/screen-owned-candidate/release/rboxc)
==600474==    by 0x4674520: rboxc_tar_collect_and_sort_names (in /root/rboxc/target/screen-owned-candidate/release/rboxc)
==600474==    by 0x466443D: rboxc_tar_create_archive (in /root/rboxc/target/screen-owned-candidate/release/rboxc)
==600474==    by 0x4478AF8: single_binary_main_tar (in /root/rboxc/target/screen-owned-candidate/release/rboxc)
==600474== 
==600474== 59 bytes in 1 blocks are still reachable in loss record 8 of 16
==600474==    at 0x586E858: malloc (vg_replace_malloc.c:447)
==600474==    by 0x469E0DC: rboxc_tar_xmalloc (in /root/rboxc/target/screen-owned-candidate/release/rboxc)
==600474==    by 0x467190A: rboxc_tar_normalize_filename (in /root/rboxc/target/screen-owned-candidate/release/rboxc)
==600474==    by 0x466908A: note_directory (in /root/rboxc/target/screen-owned-candidate/release/rboxc)
==600474==    by 0x4669D08: procdir (in /root/rboxc/target/screen-owned-candidate/release/rboxc)
==600474==    by 0x466A5D4: rboxc_tar_scan_directory (in /root/rboxc/target/screen-owned-candidate/release/rboxc)
==600474==    by 0x46737AE: add_hierarchy_to_namelist (in /root/rboxc/target/screen-owned-candidate/release/rboxc)
==600474==    by 0x4674520: rboxc_tar_collect_and_sort_names (in /root/rboxc/target/screen-owned-candidate/release/rboxc)
==600474==    by 0x466443D: rboxc_tar_create_archive (in /root/rboxc/target/screen-owned-candidate/release/rboxc)
==600474==    by 0x4478AF8: single_binary_main_tar (in /root/rboxc/target/screen-owned-candidate/release/rboxc)
==600474==    by 0x5A18600: (below main) (libc_start_call_main.h:59)
==600474== 
==600474== 80 bytes in 1 blocks are still reachable in loss record 9 of 16
==600474==    at 0x586E858: malloc (vg_replace_malloc.c:447)
==600474==    by 0x469E0DC: rboxc_tar_xmalloc (in /root/rboxc/target/screen-owned-candidate/release/rboxc)
==600474==    by 0x4477A00: single_binary_main_tar (in /root/rboxc/target/screen-owned-candidate/release/rboxc)
==600474==    by 0x5A18600: (below main) (libc_start_call_main.h:59)
==600474== 
==600474== 80 bytes in 1 blocks are still reachable in loss record 10 of 16
==600474==    at 0x586E858: malloc (vg_replace_malloc.c:447)
==600474==    by 0x4693786: rboxc_tar_hash_initialize (in /root/rboxc/target/screen-owned-candidate/release/rboxc)
==600474==    by 0x4669167: note_directory (in /root/rboxc/target/screen-owned-candidate/release/rboxc)
==600474==    by 0x4669D08: procdir (in /root/rboxc/target/screen-owned-candidate/release/rboxc)
==600474==    by 0x466A5D4: rboxc_tar_scan_directory (in /root/rboxc/target/screen-owned-candidate/release/rboxc)
==600474==    by 0x46737AE: add_hierarchy_to_namelist (in /root/rboxc/target/screen-owned-candidate/release/rboxc)
==600474==    by 0x4674520: rboxc_tar_collect_and_sort_names (in /root/rboxc/target/screen-owned-candidate/release/rboxc)
==600474==    by 0x466443D: rboxc_tar_create_archive (in /root/rboxc/target/screen-owned-candidate/release/rboxc)
==600474==    by 0x4478AF8: single_binary_main_tar (in /root/rboxc/target/screen-owned-candidate/release/rboxc)
==600474==    by 0x5A18600: (below main) (libc_start_call_main.h:59)
==600474== 
==600474== 80 bytes in 1 blocks are still reachable in loss record 11 of 16
==600474==    at 0x586E858: malloc (vg_replace_malloc.c:447)
==600474==    by 0x4693786: rboxc_tar_hash_initialize (in /root/rboxc/target/screen-owned-candidate/release/rboxc)
==600474==    by 0x4669197: note_directory (in /root/rboxc/target/screen-owned-candidate/release/rboxc)
==600474==    by 0x4669D08: procdir (in /root/rboxc/target/screen-owned-candidate/release/rboxc)
==600474==    by 0x466A5D4: rboxc_tar_scan_directory (in /root/rboxc/target/screen-owned-candidate/release/rboxc)
==600474==    by 0x46737AE: add_hierarchy_to_namelist (in /root/rboxc/target/screen-owned-candidate/release/rboxc)
==600474==    by 0x4674520: rboxc_tar_collect_and_sort_names (in /root/rboxc/target/screen-owned-candidate/release/rboxc)
==600474==    by 0x466443D: rboxc_tar_create_archive (in /root/rboxc/target/screen-owned-candidate/release/rboxc)
==600474==    by 0x4478AF8: single_binary_main_tar (in /root/rboxc/target/screen-owned-candidate/release/rboxc)
==600474==    by 0x5A18600: (below main) (libc_start_call_main.h:59)
==600474== 
==600474== 96 bytes in 1 blocks are still reachable in loss record 12 of 16
==600474==    at 0x586E858: malloc (vg_replace_malloc.c:447)
==600474==    by 0x469E0DC: rboxc_tar_xmalloc (in /root/rboxc/target/screen-owned-candidate/release/rboxc)
==600474==    by 0x4668DA6: make_directory (in /root/rboxc/target/screen-owned-candidate/release/rboxc)
==600474==    by 0x4669095: note_directory (in /root/rboxc/target/screen-owned-candidate/release/rboxc)
==600474==    by 0x4669D08: procdir (in /root/rboxc/target/screen-owned-candidate/release/rboxc)
==600474==    by 0x466A5D4: rboxc_tar_scan_directory (in /root/rboxc/target/screen-owned-candidate/release/rboxc)
==600474==    by 0x46737AE: add_hierarchy_to_namelist (in /root/rboxc/target/screen-owned-candidate/release/rboxc)
==600474==    by 0x4674520: rboxc_tar_collect_and_sort_names (in /root/rboxc/target/screen-owned-candidate/release/rboxc)
==600474==    by 0x466443D: rboxc_tar_create_archive (in /root/rboxc/target/screen-owned-candidate/release/rboxc)
==600474==    by 0x4478AF8: single_binary_main_tar (in /root/rboxc/target/screen-owned-candidate/release/rboxc)
==600474==    by 0x5A18600: (below main) (libc_start_call_main.h:59)
==600474== 
==600474== 102 bytes in 1 blocks are still reachable in loss record 13 of 16
==600474==    at 0x586E858: malloc (vg_replace_malloc.c:447)
==600474==    by 0x469E0DC: rboxc_tar_xmalloc (in /root/rboxc/target/screen-owned-candidate/release/rboxc)
==600474==    by 0x46734A1: rboxc_tar_name_init (in /root/rboxc/target/screen-owned-candidate/release/rboxc)
==600474==    by 0x4478A7A: single_binary_main_tar (in /root/rboxc/target/screen-owned-candidate/release/rboxc)
==600474==    by 0x5A18600: (below main) (libc_start_call_main.h:59)
==600474== 
==600474== 176 bytes in 1 blocks are still reachable in loss record 14 of 16
==600474==    at 0x5875E43: calloc (vg_replace_malloc.c:1678)
==600474==    by 0x46937DC: rboxc_tar_hash_initialize (in /root/rboxc/target/screen-owned-candidate/release/rboxc)
==600474==    by 0x4669167: note_directory (in /root/rboxc/target/screen-owned-candidate/release/rboxc)
==600474==    by 0x4669D08: procdir (in /root/rboxc/target/screen-owned-candidate/release/rboxc)
==600474==    by 0x466A5D4: rboxc_tar_scan_directory (in /root/rboxc/target/screen-owned-candidate/release/rboxc)
==600474==    by 0x46737AE: add_hierarchy_to_namelist (in /root/rboxc/target/screen-owned-candidate/release/rboxc)
==600474==    by 0x4674520: rboxc_tar_collect_and_sort_names (in /root/rboxc/target/screen-owned-candidate/release/rboxc)
==600474==    by 0x466443D: rboxc_tar_create_archive (in /root/rboxc/target/screen-owned-candidate/release/rboxc)
==600474==    by 0x4478AF8: single_binary_main_tar (in /root/rboxc/target/screen-owned-candidate/release/rboxc)
==600474==    by 0x5A18600: (below main) (libc_start_call_main.h:59)
==600474== 
==600474== 176 bytes in 1 blocks are still reachable in loss record 15 of 16
==600474==    at 0x5875E43: calloc (vg_replace_malloc.c:1678)
==600474==    by 0x46937DC: rboxc_tar_hash_initialize (in /root/rboxc/target/screen-owned-candidate/release/rboxc)
==600474==    by 0x4669197: note_directory (in /root/rboxc/target/screen-owned-candidate/release/rboxc)
==600474==    by 0x4669D08: procdir (in /root/rboxc/target/screen-owned-candidate/release/rboxc)
==600474==    by 0x466A5D4: rboxc_tar_scan_directory (in /root/rboxc/target/screen-owned-candidate/release/rboxc)
==600474==    by 0x46737AE: add_hierarchy_to_namelist (in /root/rboxc/target/screen-owned-candidate/release/rboxc)
==600474==    by 0x4674520: rboxc_tar_collect_and_sort_names (in /root/rboxc/target/screen-owned-candidate/release/rboxc)
==600474==    by 0x466443D: rboxc_tar_create_archive (in /root/rboxc/target/screen-owned-candidate/release/rboxc)
==600474==    by 0x4478AF8: single_binary_main_tar (in /root/rboxc/target/screen-owned-candidate/release/rboxc)
==600474==    by 0x5A18600: (below main) (libc_start_call_main.h:59)
==600474== 
==600474== 4,064 bytes in 1 blocks are still reachable in loss record 16 of 16
==600474==    at 0x586E858: malloc (vg_replace_malloc.c:447)
==600474==    by 0x469E0DC: rboxc_tar_xmalloc (in /root/rboxc/target/screen-owned-candidate/release/rboxc)
==600474==    by 0x4695FFD: _obstack_begin_worker.isra.0 (in /root/rboxc/target/screen-owned-candidate/release/rboxc)
==600474==    by 0x4696028: rboxc_tar__obstack_begin (in /root/rboxc/target/screen-owned-candidate/release/rboxc)
==600474==    by 0x4679CD7: rboxc_tar_transform_name_fp (in /root/rboxc/target/screen-owned-candidate/release/rboxc)
==600474==    by 0x46632A4: dump_file0 (in /root/rboxc/target/screen-owned-candidate/release/rboxc)
==600474==    by 0x466468F: rboxc_tar_create_archive (in /root/rboxc/target/screen-owned-candidate/release/rboxc)
==600474==    by 0x4478AF8: single_binary_main_tar (in /root/rboxc/target/screen-owned-candidate/release/rboxc)
==600474==    by 0x5A18600: (below main) (libc_start_call_main.h:59)
==600474== 
==600474== LEAK SUMMARY:
==600474==    definitely lost: 0 bytes in 0 blocks
==600474==    indirectly lost: 0 bytes in 0 blocks
==600474==      possibly lost: 0 bytes in 0 blocks
==600474==    still reachable: 5,053 bytes in 16 blocks
==600474==         suppressed: 0 bytes in 0 blocks
==600474== 
==600474== For lists of detected and suppressed errors, rerun with: -s
==600474== ERROR SUMMARY: 0 errors from 0 contexts (suppressed: 0 from 0)
