==609312== Memcheck, a memory error detector
==609312== Copyright (C) 2002-2024, and GNU GPL'd, by Julian Seward et al.
==609312== Using Valgrind-3.26.0 and LibVEX; rerun with -h for copyright info
==609312== Command: tar -d -f archive.tar dir
==609312== Parent PID: 609102
==609312== 
==609312== 
==609312== FILE DESCRIPTORS: 1 open (1 inherited) at exit.
==609312== 
==609312== HEAP SUMMARY:
==609312==     in use at exit: 18,936 bytes in 17 blocks
==609312==   total heap usage: 95 allocs, 78 frees, 77,966 bytes allocated
==609312== 
==609312== 4 bytes in 1 blocks are indirectly lost in loss record 1 of 14
==609312==    at 0x48BD858: malloc (vg_replace_malloc.c:447)
==609312==    by 0x405185D: xmalloc (xmalloc.c:45)
==609312==    by 0x405185D: xmemdup (xmalloc.c:314)
==609312==    by 0x405185D: xstrdup (xmalloc.c:339)
==609312==    by 0x402994B: make_name (names.c:599)
==609312==    by 0x402994B: addname (names.c:1233)
==609312==    by 0x4029AB7: name_gather (names.c:1218)
==609312==    by 0x4025436: read_and (list.c:174)
==609312==    by 0x400CD7C: main (tar.c:2837)
==609312== 
==609312== 5 bytes in 1 blocks are still reachable in loss record 2 of 14
==609312==    at 0x48BD858: malloc (vg_replace_malloc.c:447)
==609312==    by 0x405185D: xmalloc (xmalloc.c:45)
==609312==    by 0x405185D: xmemdup (xmalloc.c:314)
==609312==    by 0x405185D: xstrdup (xmalloc.c:339)
==609312==    by 0x402644F: assign_string (misc.c:58)
==609312==    by 0x402973C: uname_to_uid (names.c:550)
==609312==    by 0x402457F: decode_header (list.c:694)
==609312==    by 0x4025616: read_and (list.c:194)
==609312==    by 0x400CD7C: main (tar.c:2837)
==609312== 
==609312== 5 bytes in 1 blocks are still reachable in loss record 3 of 14
==609312==    at 0x48BD858: malloc (vg_replace_malloc.c:447)
==609312==    by 0x405185D: xmalloc (xmalloc.c:45)
==609312==    by 0x405185D: xmemdup (xmalloc.c:314)
==609312==    by 0x405185D: xstrdup (xmalloc.c:339)
==609312==    by 0x402644F: assign_string (misc.c:58)
==609312==    by 0x40297DC: gname_to_gid (names.c:580)
==609312==    by 0x402455F: decode_header (list.c:699)
==609312==    by 0x4025616: read_and (list.c:194)
==609312==    by 0x400CD7C: main (tar.c:2837)
==609312== 
==609312== 6 bytes in 1 blocks are still reachable in loss record 4 of 14
==609312==    at 0x48BD858: malloc (vg_replace_malloc.c:447)
==609312==    by 0x405130C: xmalloc (xmalloc.c:45)
==609312==    by 0x405130C: xcharalloc (xmalloc.c:57)
==609312==    by 0x404F1B8: quotearg_n_options (quotearg.c:909)
==609312==    by 0x404FA8D: quotearg_n_style_colon (quotearg.c:1005)
==609312==    by 0x401260B: report_difference (compare.c:64)
==609312==    by 0x40132DB: diff_file (compare.c:212)
==609312==    by 0x40132DB: diff_archive (compare.c:492)
==609312==    by 0x4025852: read_and (list.c:229)
==609312==    by 0x400CD7C: main (tar.c:2837)
==609312== 
==609312== 7 bytes in 2 blocks are indirectly lost in loss record 5 of 14
==609312==    at 0x48BD858: malloc (vg_replace_malloc.c:447)
==609312==    by 0x40387DD: wsnode_quoteremoval (wordsplit.c:651)
==609312==    by 0x4039CFD: wordsplit_process_list (wordsplit.c:2390)
==609312==    by 0x403A562: wordsplit_run.constprop.0 (wordsplit.c:2434)
==609312==    by 0x400BFFA: parse_default_options (tar.c:2256)
==609312==    by 0x400BFFA: decode_options (tar.c:2378)
==609312==    by 0x400BFFA: main (tar.c:2792)
==609312== 
==609312== 7 bytes in 2 blocks are definitely lost in loss record 6 of 14
==609312==    at 0x48BD858: malloc (vg_replace_malloc.c:447)
==609312==    by 0x403A1FB: wordsplit_finish (wordsplit.c:836)
==609312==    by 0x400BFFA: parse_default_options (tar.c:2256)
==609312==    by 0x400BFFA: decode_options (tar.c:2378)
==609312==    by 0x400BFFA: main (tar.c:2792)
==609312== 
==609312== 16 bytes in 1 blocks are still reachable in loss record 7 of 14
==609312==    at 0x48C4E43: calloc (vg_replace_malloc.c:1678)
==609312==    by 0x40516F1: xcalloc (xmalloc.c:298)
==609312==    by 0x40516F1: xzalloc (xmalloc.c:283)
==609312==    by 0x400BEF9: decode_options (tar.c:2297)
==609312==    by 0x400BEF9: main (tar.c:2792)
==609312== 
==609312== 80 bytes in 1 blocks are still reachable in loss record 8 of 14
==609312==    at 0x48BD858: malloc (vg_replace_malloc.c:447)
==609312==    by 0x40512CC: xmalloc (xmalloc.c:45)
==609312==    by 0x400BE43: main (tar.c:2781)
==609312== 
==609312== 87 (80 direct, 7 indirect) bytes in 2 blocks are definitely lost in loss record 9 of 14
==609312==    at 0x48C4E43: calloc (vg_replace_malloc.c:1678)
==609312==    by 0x403959D: wsnode_new (wordsplit.c:422)
==609312==    by 0x403959D: wordsplit_add_segm (wordsplit.c:523)
==609312==    by 0x4039854: scan_word (wordsplit.c:2062)
==609312==    by 0x4039C7C: wordsplit_process_list (wordsplit.c:2358)
==609312==    by 0x403A562: wordsplit_run.constprop.0 (wordsplit.c:2434)
==609312==    by 0x400BFFA: parse_default_options (tar.c:2256)
==609312==    by 0x400BFFA: decode_options (tar.c:2378)
==609312==    by 0x400BFFA: main (tar.c:2792)
==609312== 
==609312== 100 (96 direct, 4 indirect) bytes in 1 blocks are definitely lost in loss record 10 of 14
==609312==    at 0x48C4E43: calloc (vg_replace_malloc.c:1678)
==609312==    by 0x40516F1: xcalloc (xmalloc.c:298)
==609312==    by 0x40516F1: xzalloc (xmalloc.c:283)
==609312==    by 0x4029932: make_name (names.c:596)
==609312==    by 0x4029932: addname (names.c:1233)
==609312==    by 0x4029AB7: name_gather (names.c:1218)
==609312==    by 0x4025436: read_and (list.c:174)
==609312==    by 0x400CD7C: main (tar.c:2837)
==609312== 
==609312== 102 bytes in 1 blocks are still reachable in loss record 11 of 14
==609312==    at 0x48BD858: malloc (vg_replace_malloc.c:447)
==609312==    by 0x40512CC: xmalloc (xmalloc.c:45)
==609312==    by 0x4029881: name_init (names.c:869)
==609312==    by 0x400C94C: main (tar.c:2794)
==609312== 
==609312== 128 bytes in 1 blocks are still reachable in loss record 12 of 14
==609312==    at 0x48C507F: realloc (vg_replace_malloc.c:1804)
==609312==    by 0x4051670: xrealloc (xmalloc.c:66)
==609312==    by 0x4051670: xpalloc (xmalloc.c:271)
==609312==    by 0x404F236: quotearg_n_options (quotearg.c:885)
==609312==    by 0x404FA8D: quotearg_n_style_colon (quotearg.c:1005)
==609312==    by 0x401260B: report_difference (compare.c:64)
==609312==    by 0x40132DB: diff_file (compare.c:212)
==609312==    by 0x40132DB: diff_archive (compare.c:492)
==609312==    by 0x4025852: read_and (list.c:229)
==609312==    by 0x400CD7C: main (tar.c:2837)
==609312== 
==609312== 4,064 bytes in 1 blocks are still reachable in loss record 13 of 14
==609312==    at 0x48BD858: malloc (vg_replace_malloc.c:447)
==609312==    by 0x40512CC: xmalloc (xmalloc.c:45)
==609312==    by 0x404A07D: call_chunkfun (obstack.c:88)
==609312==    by 0x404A07D: _obstack_begin_worker.isra.0 (obstack.c:135)
==609312==    by 0x404A0A8: _obstack_begin (obstack.c:157)
==609312==    by 0x4032C57: _transform_name_to_obstack (transform.c:592)
==609312==    by 0x4032C57: transform_name_fp (transform.c:614)
==609312==    by 0x4023670: transform_member_name (list.c:114)
==609312==    by 0x4023670: transform_stat_info.part.0 (list.c:150)
==609312==    by 0x4025850: transform_stat_info (list.c:227)
==609312==    by 0x4025850: read_and (list.c:227)
==609312==    by 0x400CD7C: main (tar.c:2837)
==609312== 
==609312== 14,336 bytes in 1 blocks are possibly lost in loss record 14 of 14
==609312==    at 0x48BD858: malloc (vg_replace_malloc.c:447)
==609312==    by 0x40512CC: xmalloc (xmalloc.c:45)
==609312==    by 0x4027C22: page_aligned_alloc (misc.c:1235)
==609312==    by 0x4012544: diff_init (compare.c:48)
==609312==    by 0x400CD70: main (tar.c:2836)
==609312== 
==609312== LEAK SUMMARY:
==609312==    definitely lost: 183 bytes in 5 blocks
==609312==    indirectly lost: 11 bytes in 3 blocks
==609312==      possibly lost: 14,336 bytes in 1 blocks
==609312==    still reachable: 4,406 bytes in 8 blocks
==609312==         suppressed: 0 bytes in 0 blocks
==609312== 
==609312== For lists of detected and suppressed errors, rerun with: -s
==609312== ERROR SUMMARY: 4 errors from 4 contexts (suppressed: 0 from 0)
