==689558== Memcheck, a memory error detector
==689558== Copyright (C) 2002-2024, and GNU GPL'd, by Julian Seward et al.
==689558== Using Valgrind-3.26.0 and LibVEX; rerun with -h for copyright info
==689558== Command: /tmp/rboxc-tar-behavior-6buuteb5/exec/tar -xf archive.tar -C out --exclude=alpha.txt
==689558== Parent PID: 683658
==689558== 
==689558== 
==689558== FILE DESCRIPTORS: 2 open (1 inherited) at exit.
==689558== Open file descriptor 4: out
==689558==    at 0x4A1AADA: openat (openat64.c:39)
==689558==    by 0x4027817: openat (fcntl2.h:175)
==689558==    by 0x4027817: chdir_do (misc.c:988)
==689558==    by 0x402A0C7: name_match (names.c:1330)
==689558==    by 0x4025622: read_and (list.c:196)
==689558==    by 0x400CD61: main (tar.c:2823)
==689558== 
==689558== 
==689558== HEAP SUMMARY:
==689558==     in use at exit: 4,839 bytes in 16 blocks
==689558==   total heap usage: 104 allocs, 88 frees, 48,745 bytes allocated
==689558== 
==689558== 1 bytes in 1 blocks are indirectly lost in loss record 1 of 16
==689558==    at 0x48BD858: malloc (vg_replace_malloc.c:447)
==689558==    by 0x405185D: xmalloc (xmalloc.c:45)
==689558==    by 0x405185D: xmemdup (xmalloc.c:314)
==689558==    by 0x405185D: xstrdup (xmalloc.c:339)
==689558==    by 0x402994B: make_name (names.c:599)
==689558==    by 0x402994B: addname (names.c:1233)
==689558==    by 0x4025436: read_and (list.c:174)
==689558==    by 0x400CD61: main (tar.c:2823)
==689558== 
==689558== 4 bytes in 1 blocks are still reachable in loss record 2 of 16
==689558==    at 0x48BD858: malloc (vg_replace_malloc.c:447)
==689558==    by 0x405185D: xmalloc (xmalloc.c:45)
==689558==    by 0x405185D: xmemdup (xmalloc.c:314)
==689558==    by 0x405185D: xstrdup (xmalloc.c:339)
==689558==    by 0x4029A2E: name_gather (names.c:1215)
==689558==    by 0x4025436: read_and (list.c:174)
==689558==    by 0x400CD61: main (tar.c:2823)
==689558== 
==689558== 5 bytes in 1 blocks are still reachable in loss record 3 of 16
==689558==    at 0x48BD858: malloc (vg_replace_malloc.c:447)
==689558==    by 0x405185D: xmalloc (xmalloc.c:45)
==689558==    by 0x405185D: xmemdup (xmalloc.c:314)
==689558==    by 0x405185D: xstrdup (xmalloc.c:339)
==689558==    by 0x402644F: assign_string (misc.c:58)
==689558==    by 0x402973C: uname_to_uid (names.c:550)
==689558==    by 0x402457F: decode_header (list.c:694)
==689558==    by 0x4025616: read_and (list.c:194)
==689558==    by 0x400CD61: main (tar.c:2823)
==689558== 
==689558== 5 bytes in 1 blocks are still reachable in loss record 4 of 16
==689558==    at 0x48BD858: malloc (vg_replace_malloc.c:447)
==689558==    by 0x405185D: xmalloc (xmalloc.c:45)
==689558==    by 0x405185D: xmemdup (xmalloc.c:314)
==689558==    by 0x405185D: xstrdup (xmalloc.c:339)
==689558==    by 0x402644F: assign_string (misc.c:58)
==689558==    by 0x40297DC: gname_to_gid (names.c:580)
==689558==    by 0x402455F: decode_header (list.c:699)
==689558==    by 0x4025616: read_and (list.c:194)
==689558==    by 0x400CD61: main (tar.c:2823)
==689558== 
==689558== 10 bytes in 1 blocks are still reachable in loss record 5 of 16
==689558==    at 0x48BD858: malloc (vg_replace_malloc.c:447)
==689558==    by 0x405185D: xmalloc (xmalloc.c:45)
==689558==    by 0x405185D: xmemdup (xmalloc.c:314)
==689558==    by 0x405185D: xstrdup (xmalloc.c:339)
==689558==    by 0x4044083: add_exclude (exclude.c:590)
==689558==    by 0x4028ACC: handle_file_selection_option (names.c:312)
==689558==    by 0x4028ACC: name_next_elt (names.c:1138)
==689558==    by 0x4029A3F: name_gather (names.c:1214)
==689558==    by 0x4025436: read_and (list.c:174)
==689558==    by 0x400CD61: main (tar.c:2823)
==689558== 
==689558== 16 bytes in 1 blocks are still reachable in loss record 6 of 16
==689558==    at 0x48C4E43: calloc (vg_replace_malloc.c:1678)
==689558==    by 0x40516F1: xcalloc (xmalloc.c:298)
==689558==    by 0x40516F1: xzalloc (xmalloc.c:283)
==689558==    by 0x400BEF9: decode_options (tar.c:2297)
==689558==    by 0x400BEF9: main (tar.c:2792)
==689558== 
==689558== 40 bytes in 1 blocks are still reachable in loss record 7 of 16
==689558==    at 0x48C4E43: calloc (vg_replace_malloc.c:1678)
==689558==    by 0x40516F1: xcalloc (xmalloc.c:298)
==689558==    by 0x40516F1: xzalloc (xmalloc.c:283)
==689558==    by 0x4044031: new_exclude_segment (exclude.c:254)
==689558==    by 0x4044031: add_exclude (exclude.c:587)
==689558==    by 0x4028ACC: handle_file_selection_option (names.c:312)
==689558==    by 0x4028ACC: name_next_elt (names.c:1138)
==689558==    by 0x4029A3F: name_gather (names.c:1214)
==689558==    by 0x4025436: read_and (list.c:174)
==689558==    by 0x400CD61: main (tar.c:2823)
==689558== 
==689558== 48 bytes in 1 blocks are still reachable in loss record 8 of 16
==689558==    at 0x48C53C0: reallocarray (vg_replace_malloc.c:1806)
==689558==    by 0x40515C9: xreallocarray (xmalloc.c:84)
==689558==    by 0x40515C9: x2nrealloc (xmalloc.c:203)
==689558==    by 0x4027754: chdir_arg (misc.c:934)
==689558==    by 0x4029A36: name_gather (names.c:1215)
==689558==    by 0x4025436: read_and (list.c:174)
==689558==    by 0x400CD61: main (tar.c:2823)
==689558== 
==689558== 56 bytes in 1 blocks are indirectly lost in loss record 9 of 16
==689558==    at 0x48BD858: malloc (vg_replace_malloc.c:447)
==689558==    by 0x40512CC: xmalloc (xmalloc.c:45)
==689558==    by 0x402837D: name_elt_alloc (names.c:677)
==689558==    by 0x402896C: name_add_option (names.c:829)
==689558==    by 0x402896C: names_parse_opt (names.c:217)
==689558==    by 0x40421C3: group_parse (argp-parse.c:233)
==689558==    by 0x40421C3: parser_parse_opt (argp-parse.c:748)
==689558==    by 0x40421C3: parser_parse_next (argp-parse.c:859)
==689558==    by 0x40421C3: argp_parse (argp-parse.c:927)
==689558==    by 0x400C045: decode_options (tar.c:2380)
==689558==    by 0x400C045: main (tar.c:2792)
==689558== 
==689558== 80 bytes in 1 blocks are still reachable in loss record 10 of 16
==689558==    at 0x48BD858: malloc (vg_replace_malloc.c:447)
==689558==    by 0x40512CC: xmalloc (xmalloc.c:45)
==689558==    by 0x400BE43: main (tar.c:2781)
==689558== 
==689558== 80 bytes in 1 blocks are still reachable in loss record 11 of 16
==689558==    at 0x48BD858: malloc (vg_replace_malloc.c:447)
==689558==    by 0x4047846: hash_initialize (hash.c:523)
==689558==    by 0x4044066: new_exclude_segment (exclude.c:263)
==689558==    by 0x4044066: add_exclude (exclude.c:587)
==689558==    by 0x4028ACC: handle_file_selection_option (names.c:312)
==689558==    by 0x4028ACC: name_next_elt (names.c:1138)
==689558==    by 0x4029A3F: name_gather (names.c:1214)
==689558==    by 0x4025436: read_and (list.c:174)
==689558==    by 0x400CD61: main (tar.c:2823)
==689558== 
==689558== 97 (96 direct, 1 indirect) bytes in 1 blocks are definitely lost in loss record 12 of 16
==689558==    at 0x48C4E43: calloc (vg_replace_malloc.c:1678)
==689558==    by 0x40516F1: xcalloc (xmalloc.c:298)
==689558==    by 0x40516F1: xzalloc (xmalloc.c:283)
==689558==    by 0x4029932: make_name (names.c:596)
==689558==    by 0x4029932: addname (names.c:1233)
==689558==    by 0x4025436: read_and (list.c:174)
==689558==    by 0x400CD61: main (tar.c:2823)
==689558== 
==689558== 102 bytes in 1 blocks are still reachable in loss record 13 of 16
==689558==    at 0x48BD858: malloc (vg_replace_malloc.c:447)
==689558==    by 0x40512CC: xmalloc (xmalloc.c:45)
==689558==    by 0x4029881: name_init (names.c:869)
==689558==    by 0x400C94C: main (tar.c:2794)
==689558== 
==689558== 112 (56 direct, 56 indirect) bytes in 1 blocks are definitely lost in loss record 14 of 16
==689558==    at 0x48BD858: malloc (vg_replace_malloc.c:447)
==689558==    by 0x40512CC: xmalloc (xmalloc.c:45)
==689558==    by 0x40283CE: name_elt_alloc (names.c:683)
==689558==    by 0x40289D8: name_add_dir (names.c:839)
==689558==    by 0x40289D8: names_parse_opt (names.c:192)
==689558==    by 0x404233D: group_parse (argp-parse.c:233)
==689558==    by 0x404233D: parser_parse_opt (argp-parse.c:736)
==689558==    by 0x404233D: parser_parse_next (argp-parse.c:859)
==689558==    by 0x404233D: argp_parse (argp-parse.c:927)
==689558==    by 0x400C045: decode_options (tar.c:2380)
==689558==    by 0x400C045: main (tar.c:2792)
==689558== 
==689558== 176 bytes in 1 blocks are still reachable in loss record 15 of 16
==689558==    at 0x48C4E43: calloc (vg_replace_malloc.c:1678)
==689558==    by 0x404789C: hash_initialize (hash.c:544)
==689558==    by 0x4044066: new_exclude_segment (exclude.c:263)
==689558==    by 0x4044066: add_exclude (exclude.c:587)
==689558==    by 0x4028ACC: handle_file_selection_option (names.c:312)
==689558==    by 0x4028ACC: name_next_elt (names.c:1138)
==689558==    by 0x4029A3F: name_gather (names.c:1214)
==689558==    by 0x4025436: read_and (list.c:174)
==689558==    by 0x400CD61: main (tar.c:2823)
==689558== 
==689558== 4,064 bytes in 1 blocks are still reachable in loss record 16 of 16
==689558==    at 0x48BD858: malloc (vg_replace_malloc.c:447)
==689558==    by 0x40512CC: xmalloc (xmalloc.c:45)
==689558==    by 0x404A07D: call_chunkfun (obstack.c:88)
==689558==    by 0x404A07D: _obstack_begin_worker.isra.0 (obstack.c:135)
==689558==    by 0x404A0A8: _obstack_begin (obstack.c:157)
==689558==    by 0x4032C57: _transform_name_to_obstack (transform.c:592)
==689558==    by 0x4032C57: transform_name_fp (transform.c:614)
==689558==    by 0x4023670: transform_member_name (list.c:114)
==689558==    by 0x4023670: transform_stat_info.part.0 (list.c:150)
==689558==    by 0x4025850: transform_stat_info (list.c:227)
==689558==    by 0x4025850: read_and (list.c:227)
==689558==    by 0x400CD61: main (tar.c:2823)
==689558== 
==689558== LEAK SUMMARY:
==689558==    definitely lost: 152 bytes in 2 blocks
==689558==    indirectly lost: 57 bytes in 2 blocks
==689558==      possibly lost: 0 bytes in 0 blocks
==689558==    still reachable: 4,630 bytes in 12 blocks
==689558==         suppressed: 0 bytes in 0 blocks
==689558== 
==689558== For lists of detected and suppressed errors, rerun with: -s
==689558== ERROR SUMMARY: 3 errors from 3 contexts (suppressed: 0 from 0)
