==619520== Memcheck, a memory error detector
==619520== Copyright (C) 2002-2024, and GNU GPL'd, by Julian Seward et al.
==619520== Using Valgrind-3.26.0 and LibVEX; rerun with -h for copyright info
==619520== Command: tar --version
==619520== Parent PID: 619383
==619520== 
==619520== 
==619520== FILE DESCRIPTORS: 4 open (4 inherited) at exit.
==619520== 
==619520== HEAP SUMMARY:
==619520==     in use at exit: 7,767 bytes in 3 blocks
==619520==   total heap usage: 15 allocs, 12 frees, 12,021 bytes allocated
==619520== 
==619520== 16 bytes in 1 blocks are still reachable in loss record 1 of 3
==619520==    at 0x48C4E43: calloc (vg_replace_malloc.c:1678)
==619520==    by 0x40516F1: xcalloc (xmalloc.c:298)
==619520==    by 0x40516F1: xzalloc (xmalloc.c:283)
==619520==    by 0x400BEF9: decode_options (tar.c:2297)
==619520==    by 0x400BEF9: main (tar.c:2792)
==619520== 
==619520== 80 bytes in 1 blocks are still reachable in loss record 2 of 3
==619520==    at 0x48BD858: malloc (vg_replace_malloc.c:447)
==619520==    by 0x40512CC: xmalloc (xmalloc.c:45)
==619520==    by 0x400BE43: main (tar.c:2781)
==619520== 
==619520== 7,671 bytes in 1 blocks are still reachable in loss record 3 of 3
==619520==    at 0x48BD858: malloc (vg_replace_malloc.c:447)
==619520==    by 0x4041854: parser_init (argp-parse.c:495)
==619520==    by 0x4041854: argp_parse (argp-parse.c:921)
==619520==    by 0x400C045: decode_options (tar.c:2380)
==619520==    by 0x400C045: main (tar.c:2792)
==619520== 
==619520== LEAK SUMMARY:
==619520==    definitely lost: 0 bytes in 0 blocks
==619520==    indirectly lost: 0 bytes in 0 blocks
==619520==      possibly lost: 0 bytes in 0 blocks
==619520==    still reachable: 7,767 bytes in 3 blocks
==619520==         suppressed: 0 bytes in 0 blocks
==619520== 
==619520== For lists of detected and suppressed errors, rerun with: -s
==619520== ERROR SUMMARY: 0 errors from 0 contexts (suppressed: 0 from 0)
