==619976== Memcheck, a memory error detector
==619976== Copyright (C) 2002-2024, and GNU GPL'd, by Julian Seward et al.
==619976== Using Valgrind-3.26.0 and LibVEX; rerun with -h for copyright info
==619976== Command: tar -c -f archive --sparse __lu__
==619976== Parent PID: 619971
==619976== 
==619976== 
==619976== FILE DESCRIPTORS: 1 open (1 inherited) at exit.
==619976== 
==619976== HEAP SUMMARY:
==619976==     in use at exit: 4,372 bytes in 12 blocks
==619976==   total heap usage: 59 allocs, 47 frees, 56,495 bytes allocated
==619976== 
==619976== 5 bytes in 1 blocks are still reachable in loss record 1 of 9
==619976==    at 0x48BD858: malloc (vg_replace_malloc.c:447)
==619976==    by 0x405185D: xmalloc (xmalloc.c:45)
==619976==    by 0x405185D: xmemdup (xmalloc.c:314)
==619976==    by 0x405185D: xstrdup (xmalloc.c:339)
==619976==    by 0x402644F: assign_string (misc.c:58)
==619976==    by 0x4029612: uid_to_uname (names.c:490)
==619976==    by 0x40155F3: start_header (create.c:931)
==619976==    by 0x402C1D6: oldgnu_dump_header (sparse.c:879)
==619976==    by 0x402CA6F: tar_sparse_dump_header (sparse.c:153)
==619976==    by 0x402CA6F: sparse_dump_file (sparse.c:535)
==619976==    by 0x4016E23: dump_file0 (create.c:1768)
==619976==    by 0x4017589: dump_file (create.c:1968)
==619976==    by 0x4017589: create_archive (create.c:1412)
==619976==    by 0x400CD90: main (tar.c:2818)
==619976== 
==619976== 5 bytes in 1 blocks are still reachable in loss record 2 of 9
==619976==    at 0x48BD858: malloc (vg_replace_malloc.c:447)
==619976==    by 0x405185D: xmalloc (xmalloc.c:45)
==619976==    by 0x405185D: xmemdup (xmalloc.c:314)
==619976==    by 0x405185D: xstrdup (xmalloc.c:339)
==619976==    by 0x402644F: assign_string (misc.c:58)
==619976==    by 0x40296A2: gid_to_gname (names.c:520)
==619976==    by 0x40155DB: start_header (create.c:936)
==619976==    by 0x402C1D6: oldgnu_dump_header (sparse.c:879)
==619976==    by 0x402CA6F: tar_sparse_dump_header (sparse.c:153)
==619976==    by 0x402CA6F: sparse_dump_file (sparse.c:535)
==619976==    by 0x4016E23: dump_file0 (create.c:1768)
==619976==    by 0x4017589: dump_file (create.c:1968)
==619976==    by 0x4017589: create_archive (create.c:1412)
==619976==    by 0x400CD90: main (tar.c:2818)
==619976== 
==619976== 10 bytes in 2 blocks are indirectly lost in loss record 3 of 9
==619976==    at 0x48BD858: malloc (vg_replace_malloc.c:447)
==619976==    by 0x40387DD: wsnode_quoteremoval (wordsplit.c:651)
==619976==    by 0x4039CFD: wordsplit_process_list (wordsplit.c:2390)
==619976==    by 0x403A562: wordsplit_run.constprop.0 (wordsplit.c:2434)
==619976==    by 0x400BFFA: parse_default_options (tar.c:2256)
==619976==    by 0x400BFFA: decode_options (tar.c:2378)
==619976==    by 0x400BFFA: main (tar.c:2792)
==619976== 
==619976== 10 bytes in 2 blocks are definitely lost in loss record 4 of 9
==619976==    at 0x48BD858: malloc (vg_replace_malloc.c:447)
==619976==    by 0x403A1FB: wordsplit_finish (wordsplit.c:836)
==619976==    by 0x400BFFA: parse_default_options (tar.c:2256)
==619976==    by 0x400BFFA: decode_options (tar.c:2378)
==619976==    by 0x400BFFA: main (tar.c:2792)
==619976== 
==619976== 16 bytes in 1 blocks are still reachable in loss record 5 of 9
==619976==    at 0x48C4E43: calloc (vg_replace_malloc.c:1678)
==619976==    by 0x40516F1: xcalloc (xmalloc.c:298)
==619976==    by 0x40516F1: xzalloc (xmalloc.c:283)
==619976==    by 0x400BEF9: decode_options (tar.c:2297)
==619976==    by 0x400BEF9: main (tar.c:2792)
==619976== 
==619976== 80 bytes in 1 blocks are still reachable in loss record 6 of 9
==619976==    at 0x48BD858: malloc (vg_replace_malloc.c:447)
==619976==    by 0x40512CC: xmalloc (xmalloc.c:45)
==619976==    by 0x400BE43: main (tar.c:2781)
==619976== 
==619976== 90 (80 direct, 10 indirect) bytes in 2 blocks are definitely lost in loss record 7 of 9
==619976==    at 0x48C4E43: calloc (vg_replace_malloc.c:1678)
==619976==    by 0x403959D: wsnode_new (wordsplit.c:422)
==619976==    by 0x403959D: wordsplit_add_segm (wordsplit.c:523)
==619976==    by 0x4039854: scan_word (wordsplit.c:2062)
==619976==    by 0x4039C7C: wordsplit_process_list (wordsplit.c:2358)
==619976==    by 0x403A562: wordsplit_run.constprop.0 (wordsplit.c:2434)
==619976==    by 0x400BFFA: parse_default_options (tar.c:2256)
==619976==    by 0x400BFFA: decode_options (tar.c:2378)
==619976==    by 0x400BFFA: main (tar.c:2792)
==619976== 
==619976== 102 bytes in 1 blocks are still reachable in loss record 8 of 9
==619976==    at 0x48BD858: malloc (vg_replace_malloc.c:447)
==619976==    by 0x40512CC: xmalloc (xmalloc.c:45)
==619976==    by 0x4029881: name_init (names.c:869)
==619976==    by 0x400C94C: main (tar.c:2794)
==619976== 
==619976== 4,064 bytes in 1 blocks are still reachable in loss record 9 of 9
==619976==    at 0x48BD858: malloc (vg_replace_malloc.c:447)
==619976==    by 0x40512CC: xmalloc (xmalloc.c:45)
==619976==    by 0x404A07D: call_chunkfun (obstack.c:88)
==619976==    by 0x404A07D: _obstack_begin_worker.isra.0 (obstack.c:135)
==619976==    by 0x404A0A8: _obstack_begin (obstack.c:157)
==619976==    by 0x4032C57: _transform_name_to_obstack (transform.c:592)
==619976==    by 0x4032C57: transform_name_fp (transform.c:614)
==619976==    by 0x4016444: dump_file0 (create.c:1657)
==619976==    by 0x4017589: dump_file (create.c:1968)
==619976==    by 0x4017589: create_archive (create.c:1412)
==619976==    by 0x400CD90: main (tar.c:2818)
==619976== 
==619976== LEAK SUMMARY:
==619976==    definitely lost: 90 bytes in 4 blocks
==619976==    indirectly lost: 10 bytes in 2 blocks
==619976==      possibly lost: 0 bytes in 0 blocks
==619976==    still reachable: 4,272 bytes in 6 blocks
==619976==         suppressed: 0 bytes in 0 blocks
==619976== 
==619976== For lists of detected and suppressed errors, rerun with: -s
==619976== ERROR SUMMARY: 2 errors from 2 contexts (suppressed: 0 from 0)
