==619971== Memcheck, a memory error detector
==619971== Copyright (C) 2002-2024, and GNU GPL'd, by Julian Seward et al.
==619971== Using Valgrind-3.26.0 and LibVEX; rerun with -h for copyright info
==619971== Command: tar tf archive
==619971== Parent PID: 619969
==619971== 
==619971== 
==619971== FILE DESCRIPTORS: 1 open (1 inherited) at exit.
==619971== 
==619971== HEAP SUMMARY:
==619971==     in use at exit: 4,418 bytes in 15 blocks
==619971==   total heap usage: 59 allocs, 44 frees, 60,490 bytes allocated
==619971== 
==619971== 5 bytes in 1 blocks are still reachable in loss record 1 of 11
==619971==    at 0x48BD858: malloc (vg_replace_malloc.c:447)
==619971==    by 0x405185D: xmalloc (xmalloc.c:45)
==619971==    by 0x405185D: xmemdup (xmalloc.c:314)
==619971==    by 0x405185D: xstrdup (xmalloc.c:339)
==619971==    by 0x402644F: assign_string (misc.c:58)
==619971==    by 0x402973C: uname_to_uid (names.c:550)
==619971==    by 0x402457F: decode_header (list.c:694)
==619971==    by 0x4025616: read_and (list.c:194)
==619971==    by 0x400CD4B: main (tar.c:2832)
==619971== 
==619971== 5 bytes in 1 blocks are still reachable in loss record 2 of 11
==619971==    at 0x48BD858: malloc (vg_replace_malloc.c:447)
==619971==    by 0x405185D: xmalloc (xmalloc.c:45)
==619971==    by 0x405185D: xmemdup (xmalloc.c:314)
==619971==    by 0x405185D: xstrdup (xmalloc.c:339)
==619971==    by 0x402644F: assign_string (misc.c:58)
==619971==    by 0x40297DC: gname_to_gid (names.c:580)
==619971==    by 0x402455F: decode_header (list.c:699)
==619971==    by 0x4025616: read_and (list.c:194)
==619971==    by 0x400CD4B: main (tar.c:2832)
==619971== 
==619971== 6 bytes in 2 blocks are indirectly lost in loss record 3 of 11
==619971==    at 0x48BD858: malloc (vg_replace_malloc.c:447)
==619971==    by 0x405185D: xmalloc (xmalloc.c:45)
==619971==    by 0x405185D: xmemdup (xmalloc.c:314)
==619971==    by 0x405185D: xstrdup (xmalloc.c:339)
==619971==    by 0x400C4F1: decode_options (tar.c:2353)
==619971==    by 0x400C4F1: main (tar.c:2792)
==619971== 
==619971== 10 bytes in 2 blocks are indirectly lost in loss record 4 of 11
==619971==    at 0x48BD858: malloc (vg_replace_malloc.c:447)
==619971==    by 0x40387DD: wsnode_quoteremoval (wordsplit.c:651)
==619971==    by 0x4039CFD: wordsplit_process_list (wordsplit.c:2390)
==619971==    by 0x403A562: wordsplit_run.constprop.0 (wordsplit.c:2434)
==619971==    by 0x400BFFA: parse_default_options (tar.c:2256)
==619971==    by 0x400BFFA: decode_options (tar.c:2378)
==619971==    by 0x400BFFA: main (tar.c:2792)
==619971== 
==619971== 10 bytes in 2 blocks are definitely lost in loss record 5 of 11
==619971==    at 0x48BD858: malloc (vg_replace_malloc.c:447)
==619971==    by 0x403A1FB: wordsplit_finish (wordsplit.c:836)
==619971==    by 0x400BFFA: parse_default_options (tar.c:2256)
==619971==    by 0x400BFFA: decode_options (tar.c:2378)
==619971==    by 0x400BFFA: main (tar.c:2792)
==619971== 
==619971== 16 bytes in 1 blocks are still reachable in loss record 6 of 11
==619971==    at 0x48C4E43: calloc (vg_replace_malloc.c:1678)
==619971==    by 0x40516F1: xcalloc (xmalloc.c:298)
==619971==    by 0x40516F1: xzalloc (xmalloc.c:283)
==619971==    by 0x400BEF9: decode_options (tar.c:2297)
==619971==    by 0x400BEF9: main (tar.c:2792)
==619971== 
==619971== 46 (40 direct, 6 indirect) bytes in 1 blocks are definitely lost in loss record 7 of 11
==619971==    at 0x48BD858: malloc (vg_replace_malloc.c:447)
==619971==    by 0x40512CC: xmalloc (xmalloc.c:45)
==619971==    by 0x400C46E: decode_options (tar.c:2340)
==619971==    by 0x400C46E: main (tar.c:2792)
==619971== 
==619971== 80 bytes in 1 blocks are still reachable in loss record 8 of 11
==619971==    at 0x48BD858: malloc (vg_replace_malloc.c:447)
==619971==    by 0x40512CC: xmalloc (xmalloc.c:45)
==619971==    by 0x400BE43: main (tar.c:2781)
==619971== 
==619971== 90 (80 direct, 10 indirect) bytes in 2 blocks are definitely lost in loss record 9 of 11
==619971==    at 0x48C4E43: calloc (vg_replace_malloc.c:1678)
==619971==    by 0x403959D: wsnode_new (wordsplit.c:422)
==619971==    by 0x403959D: wordsplit_add_segm (wordsplit.c:523)
==619971==    by 0x4039854: scan_word (wordsplit.c:2062)
==619971==    by 0x4039C7C: wordsplit_process_list (wordsplit.c:2358)
==619971==    by 0x403A562: wordsplit_run.constprop.0 (wordsplit.c:2434)
==619971==    by 0x400BFFA: parse_default_options (tar.c:2256)
==619971==    by 0x400BFFA: decode_options (tar.c:2378)
==619971==    by 0x400BFFA: main (tar.c:2792)
==619971== 
==619971== 102 bytes in 1 blocks are still reachable in loss record 10 of 11
==619971==    at 0x48BD858: malloc (vg_replace_malloc.c:447)
==619971==    by 0x40512CC: xmalloc (xmalloc.c:45)
==619971==    by 0x4029881: name_init (names.c:869)
==619971==    by 0x400C94C: main (tar.c:2794)
==619971== 
==619971== 4,064 bytes in 1 blocks are still reachable in loss record 11 of 11
==619971==    at 0x48BD858: malloc (vg_replace_malloc.c:447)
==619971==    by 0x40512CC: xmalloc (xmalloc.c:45)
==619971==    by 0x404A07D: call_chunkfun (obstack.c:88)
==619971==    by 0x404A07D: _obstack_begin_worker.isra.0 (obstack.c:135)
==619971==    by 0x404A0A8: _obstack_begin (obstack.c:157)
==619971==    by 0x4032C57: _transform_name_to_obstack (transform.c:592)
==619971==    by 0x4032C57: transform_name_fp (transform.c:614)
==619971==    by 0x4023670: transform_member_name (list.c:114)
==619971==    by 0x4023670: transform_stat_info.part.0 (list.c:150)
==619971==    by 0x4025850: transform_stat_info (list.c:227)
==619971==    by 0x4025850: read_and (list.c:227)
==619971==    by 0x400CD4B: main (tar.c:2832)
==619971== 
==619971== LEAK SUMMARY:
==619971==    definitely lost: 130 bytes in 5 blocks
==619971==    indirectly lost: 16 bytes in 4 blocks
==619971==      possibly lost: 0 bytes in 0 blocks
==619971==    still reachable: 4,272 bytes in 6 blocks
==619971==         suppressed: 0 bytes in 0 blocks
==619971== 
==619971== For lists of detected and suppressed errors, rerun with: -s
==619971== ERROR SUMMARY: 3 errors from 3 contexts (suppressed: 0 from 0)
