==712139== Memcheck, a memory error detector
==712139== Copyright (C) 2002-2024, and GNU GPL'd, by Julian Seward et al.
==712139== Using Valgrind-3.26.0 and LibVEX; rerun with -h for copyright info
==712139== Command: tar tvf -
==712139== Parent PID: 712134
==712139== 
==712139== 
==712139== FILE DESCRIPTORS: 0 open (0 inherited) at exit.
==712139== 
==712139== HEAP SUMMARY:
==712139==     in use at exit: 37,383 bytes in 19 blocks
==712139==   total heap usage: 74 allocs, 55 frees, 110,947 bytes allocated
==712139== 
==712139== 5 bytes in 1 blocks are still reachable in loss record 1 of 14
==712139==    at 0x48BD858: malloc (vg_replace_malloc.c:447)
==712139==    by 0x405185D: xmalloc (xmalloc.c:45)
==712139==    by 0x405185D: xmemdup (xmalloc.c:314)
==712139==    by 0x405185D: xstrdup (xmalloc.c:339)
==712139==    by 0x402644F: assign_string (misc.c:58)
==712139==    by 0x402973C: uname_to_uid (names.c:550)
==712139==    by 0x402457F: decode_header (list.c:694)
==712139==    by 0x4025616: read_and (list.c:194)
==712139==    by 0x400CD4B: main (tar.c:2832)
==712139== 
==712139== 5 bytes in 1 blocks are still reachable in loss record 2 of 14
==712139==    at 0x48BD858: malloc (vg_replace_malloc.c:447)
==712139==    by 0x405185D: xmalloc (xmalloc.c:45)
==712139==    by 0x405185D: xmemdup (xmalloc.c:314)
==712139==    by 0x405185D: xstrdup (xmalloc.c:339)
==712139==    by 0x402644F: assign_string (misc.c:58)
==712139==    by 0x40297DC: gname_to_gid (names.c:580)
==712139==    by 0x402455F: decode_header (list.c:699)
==712139==    by 0x4025616: read_and (list.c:194)
==712139==    by 0x400CD4B: main (tar.c:2832)
==712139== 
==712139== 7 bytes in 2 blocks are indirectly lost in loss record 3 of 14
==712139==    at 0x48BD858: malloc (vg_replace_malloc.c:447)
==712139==    by 0x40387DD: wsnode_quoteremoval (wordsplit.c:651)
==712139==    by 0x4039CFD: wordsplit_process_list (wordsplit.c:2390)
==712139==    by 0x403A562: wordsplit_run.constprop.0 (wordsplit.c:2434)
==712139==    by 0x400BFFA: parse_default_options (tar.c:2256)
==712139==    by 0x400BFFA: decode_options (tar.c:2378)
==712139==    by 0x400BFFA: main (tar.c:2792)
==712139== 
==712139== 7 bytes in 2 blocks are definitely lost in loss record 4 of 14
==712139==    at 0x48BD858: malloc (vg_replace_malloc.c:447)
==712139==    by 0x403A1FB: wordsplit_finish (wordsplit.c:836)
==712139==    by 0x400BFFA: parse_default_options (tar.c:2256)
==712139==    by 0x400BFFA: decode_options (tar.c:2378)
==712139==    by 0x400BFFA: main (tar.c:2792)
==712139== 
==712139== 9 bytes in 3 blocks are indirectly lost in loss record 5 of 14
==712139==    at 0x48BD858: malloc (vg_replace_malloc.c:447)
==712139==    by 0x405185D: xmalloc (xmalloc.c:45)
==712139==    by 0x405185D: xmemdup (xmalloc.c:314)
==712139==    by 0x405185D: xstrdup (xmalloc.c:339)
==712139==    by 0x400C4F1: decode_options (tar.c:2353)
==712139==    by 0x400C4F1: main (tar.c:2792)
==712139== 
==712139== 16 bytes in 1 blocks are still reachable in loss record 6 of 14
==712139==    at 0x48C4E43: calloc (vg_replace_malloc.c:1678)
==712139==    by 0x40516F1: xcalloc (xmalloc.c:298)
==712139==    by 0x40516F1: xzalloc (xmalloc.c:283)
==712139==    by 0x400BEF9: decode_options (tar.c:2297)
==712139==    by 0x400BEF9: main (tar.c:2792)
==712139== 
==712139== 57 (48 direct, 9 indirect) bytes in 1 blocks are definitely lost in loss record 7 of 14
==712139==    at 0x48BD858: malloc (vg_replace_malloc.c:447)
==712139==    by 0x40512CC: xmalloc (xmalloc.c:45)
==712139==    by 0x400C46E: decode_options (tar.c:2340)
==712139==    by 0x400C46E: main (tar.c:2792)
==712139== 
==712139== 80 bytes in 1 blocks are still reachable in loss record 8 of 14
==712139==    at 0x48BD858: malloc (vg_replace_malloc.c:447)
==712139==    by 0x40512CC: xmalloc (xmalloc.c:45)
==712139==    by 0x400BE43: main (tar.c:2781)
==712139== 
==712139== 87 (80 direct, 7 indirect) bytes in 2 blocks are definitely lost in loss record 9 of 14
==712139==    at 0x48C4E43: calloc (vg_replace_malloc.c:1678)
==712139==    by 0x403959D: wsnode_new (wordsplit.c:422)
==712139==    by 0x403959D: wordsplit_add_segm (wordsplit.c:523)
==712139==    by 0x4039854: scan_word (wordsplit.c:2062)
==712139==    by 0x4039C7C: wordsplit_process_list (wordsplit.c:2358)
==712139==    by 0x403A562: wordsplit_run.constprop.0 (wordsplit.c:2434)
==712139==    by 0x400BFFA: parse_default_options (tar.c:2256)
==712139==    by 0x400BFFA: decode_options (tar.c:2378)
==712139==    by 0x400BFFA: main (tar.c:2792)
==712139== 
==712139== 102 bytes in 1 blocks are still reachable in loss record 10 of 14
==712139==    at 0x48BD858: malloc (vg_replace_malloc.c:447)
==712139==    by 0x40512CC: xmalloc (xmalloc.c:45)
==712139==    by 0x4029881: name_init (names.c:869)
==712139==    by 0x400C94C: main (tar.c:2794)
==712139== 
==712139== 112 bytes in 1 blocks are still reachable in loss record 11 of 14
==712139==    at 0x48BD858: malloc (vg_replace_malloc.c:447)
==712139==    by 0x491DE43: __gconv_open (gconv_open.c:77)
==712139==    by 0x491D9E0: iconv_open (iconv_open.c:39)
==712139==    by 0x403383D: utf8_init (utf8.c:61)
==712139==    by 0x403383D: utf8_convert (utf8.c:73)
==712139==    by 0x401DE33: decode_string (xheader.c:1032)
==712139==    by 0x401DE33: raw_path_decoder (xheader.c:1258)
==712139==    by 0x401DE33: raw_path_decoder (xheader.c:1254)
==712139==    by 0x401DE33: sparse_path_decoder (xheader.c:1282)
==712139==    by 0x401CA71: decode_record.isra.0 (xheader.c:662)
==712139==    by 0x401EB99: xheader_decode (xheader.c:708)
==712139==    by 0x40242BA: decode_header (list.c:717)
==712139==    by 0x4025616: read_and (list.c:194)
==712139==    by 0x400CD4B: main (tar.c:2832)
==712139== 
==712139== 208 bytes in 1 blocks are still reachable in loss record 12 of 14
==712139==    at 0x48BD858: malloc (vg_replace_malloc.c:447)
==712139==    by 0x4929C6F: __gconv_lookup_cache (gconv_cache.c:361)
==712139==    by 0x491F8EE: __gconv_find_transform (gconv_db.c:717)
==712139==    by 0x491DDE5: __gconv_open (gconv_open.c:73)
==712139==    by 0x491D9E0: iconv_open (iconv_open.c:39)
==712139==    by 0x403383D: utf8_init (utf8.c:61)
==712139==    by 0x403383D: utf8_convert (utf8.c:73)
==712139==    by 0x401DE33: decode_string (xheader.c:1032)
==712139==    by 0x401DE33: raw_path_decoder (xheader.c:1258)
==712139==    by 0x401DE33: raw_path_decoder (xheader.c:1254)
==712139==    by 0x401DE33: sparse_path_decoder (xheader.c:1282)
==712139==    by 0x401CA71: decode_record.isra.0 (xheader.c:662)
==712139==    by 0x401EB99: xheader_decode (xheader.c:708)
==712139==    by 0x40242BA: decode_header (list.c:717)
==712139==    by 0x4025616: read_and (list.c:194)
==712139==    by 0x400CD4B: main (tar.c:2832)
==712139== 
==712139== 4,064 bytes in 1 blocks are still reachable in loss record 13 of 14
==712139==    at 0x48BD858: malloc (vg_replace_malloc.c:447)
==712139==    by 0x40512CC: xmalloc (xmalloc.c:45)
==712139==    by 0x404A07D: call_chunkfun (obstack.c:88)
==712139==    by 0x404A07D: _obstack_begin_worker.isra.0 (obstack.c:135)
==712139==    by 0x404A0A8: _obstack_begin (obstack.c:157)
==712139==    by 0x4032C57: _transform_name_to_obstack (transform.c:592)
==712139==    by 0x4032C57: transform_name_fp (transform.c:614)
==712139==    by 0x4023670: transform_member_name (list.c:114)
==712139==    by 0x4023670: transform_stat_info.part.0 (list.c:150)
==712139==    by 0x4025850: transform_stat_info (list.c:227)
==712139==    by 0x4025850: read_and (list.c:227)
==712139==    by 0x400CD4B: main (tar.c:2832)
==712139== 
==712139== 32,640 bytes in 1 blocks are still reachable in loss record 14 of 14
==712139==    at 0x48BD858: malloc (vg_replace_malloc.c:447)
==712139==    by 0x491DECE: __gconv_open (gconv_open.c:127)
==712139==    by 0x491D9E0: iconv_open (iconv_open.c:39)
==712139==    by 0x403383D: utf8_init (utf8.c:61)
==712139==    by 0x403383D: utf8_convert (utf8.c:73)
==712139==    by 0x401DE33: decode_string (xheader.c:1032)
==712139==    by 0x401DE33: raw_path_decoder (xheader.c:1258)
==712139==    by 0x401DE33: raw_path_decoder (xheader.c:1254)
==712139==    by 0x401DE33: sparse_path_decoder (xheader.c:1282)
==712139==    by 0x401CA71: decode_record.isra.0 (xheader.c:662)
==712139==    by 0x401EB99: xheader_decode (xheader.c:708)
==712139==    by 0x40242BA: decode_header (list.c:717)
==712139==    by 0x4025616: read_and (list.c:194)
==712139==    by 0x400CD4B: main (tar.c:2832)
==712139== 
==712139== LEAK SUMMARY:
==712139==    definitely lost: 135 bytes in 5 blocks
==712139==    indirectly lost: 16 bytes in 5 blocks
==712139==      possibly lost: 0 bytes in 0 blocks
==712139==    still reachable: 37,232 bytes in 9 blocks
==712139==         suppressed: 0 bytes in 0 blocks
==712139== 
==712139== For lists of detected and suppressed errors, rerun with: -s
==712139== ERROR SUMMARY: 3 errors from 3 contexts (suppressed: 0 from 0)
