==712138== Memcheck, a memory error detector
==712138== Copyright (C) 2002-2024, and GNU GPL'd, by Julian Seward et al.
==712138== Using Valgrind-3.26.0 and LibVEX; rerun with -h for copyright info
==712138== Command: tar -f - -c --sparse --posix BIGFILE
==712138== Parent PID: 712134
==712138== 
==712138== 
==712138== FILE DESCRIPTORS: 1 open (1 inherited) at exit.
==712138== 
==712138== HEAP SUMMARY:
==712138==     in use at exit: 37,599 bytes in 17 blocks
==712138==   total heap usage: 87 allocs, 70 frees, 152,603 bytes allocated
==712138== 
==712138== 5 bytes in 1 blocks are still reachable in loss record 1 of 14
==712138==    at 0x48BD858: malloc (vg_replace_malloc.c:447)
==712138==    by 0x405185D: xmalloc (xmalloc.c:45)
==712138==    by 0x405185D: xmemdup (xmalloc.c:314)
==712138==    by 0x405185D: xstrdup (xmalloc.c:339)
==712138==    by 0x402644F: assign_string (misc.c:58)
==712138==    by 0x4029612: uid_to_uname (names.c:490)
==712138==    by 0x40155F3: start_header (create.c:931)
==712138==    by 0x402BD32: pax_start_header (sparse.c:1095)
==712138==    by 0x402BD32: pax_dump_header_1 (sparse.c:1214)
==712138==    by 0x402BD32: pax_dump_header (sparse.c:1245)
==712138==    by 0x402CA6F: tar_sparse_dump_header (sparse.c:153)
==712138==    by 0x402CA6F: sparse_dump_file (sparse.c:535)
==712138==    by 0x4016E23: dump_file0 (create.c:1768)
==712138==    by 0x4017589: dump_file (create.c:1968)
==712138==    by 0x4017589: create_archive (create.c:1412)
==712138==    by 0x400CD90: main (tar.c:2818)
==712138== 
==712138== 5 bytes in 1 blocks are still reachable in loss record 2 of 14
==712138==    at 0x48BD858: malloc (vg_replace_malloc.c:447)
==712138==    by 0x405185D: xmalloc (xmalloc.c:45)
==712138==    by 0x405185D: xmemdup (xmalloc.c:314)
==712138==    by 0x405185D: xstrdup (xmalloc.c:339)
==712138==    by 0x402644F: assign_string (misc.c:58)
==712138==    by 0x40296A2: gid_to_gname (names.c:520)
==712138==    by 0x40155DB: start_header (create.c:936)
==712138==    by 0x402BD32: pax_start_header (sparse.c:1095)
==712138==    by 0x402BD32: pax_dump_header_1 (sparse.c:1214)
==712138==    by 0x402BD32: pax_dump_header (sparse.c:1245)
==712138==    by 0x402CA6F: tar_sparse_dump_header (sparse.c:153)
==712138==    by 0x402CA6F: sparse_dump_file (sparse.c:535)
==712138==    by 0x4016E23: dump_file0 (create.c:1768)
==712138==    by 0x4017589: dump_file (create.c:1968)
==712138==    by 0x4017589: create_archive (create.c:1412)
==712138==    by 0x400CD90: main (tar.c:2818)
==712138== 
==712138== 7 bytes in 2 blocks are indirectly lost in loss record 3 of 14
==712138==    at 0x48BD858: malloc (vg_replace_malloc.c:447)
==712138==    by 0x40387DD: wsnode_quoteremoval (wordsplit.c:651)
==712138==    by 0x4039CFD: wordsplit_process_list (wordsplit.c:2390)
==712138==    by 0x403A562: wordsplit_run.constprop.0 (wordsplit.c:2434)
==712138==    by 0x400BFFA: parse_default_options (tar.c:2256)
==712138==    by 0x400BFFA: decode_options (tar.c:2378)
==712138==    by 0x400BFFA: main (tar.c:2792)
==712138== 
==712138== 7 bytes in 2 blocks are definitely lost in loss record 4 of 14
==712138==    at 0x48BD858: malloc (vg_replace_malloc.c:447)
==712138==    by 0x403A1FB: wordsplit_finish (wordsplit.c:836)
==712138==    by 0x400BFFA: parse_default_options (tar.c:2256)
==712138==    by 0x400BFFA: decode_options (tar.c:2378)
==712138==    by 0x400BFFA: main (tar.c:2792)
==712138== 
==712138== 16 bytes in 1 blocks are still reachable in loss record 5 of 14
==712138==    at 0x48C4E43: calloc (vg_replace_malloc.c:1678)
==712138==    by 0x40516F1: xcalloc (xmalloc.c:298)
==712138==    by 0x40516F1: xzalloc (xmalloc.c:283)
==712138==    by 0x400BEF9: decode_options (tar.c:2297)
==712138==    by 0x400BEF9: main (tar.c:2792)
==712138== 
==712138== 17 bytes in 1 blocks are still reachable in loss record 6 of 14
==712138==    at 0x48BD858: malloc (vg_replace_malloc.c:447)
==712138==    by 0x405185D: xmalloc (xmalloc.c:45)
==712138==    by 0x405185D: xmemdup (xmalloc.c:314)
==712138==    by 0x405185D: xstrdup (xmalloc.c:339)
==712138==    by 0x402644F: assign_string (misc.c:58)
==712138==    by 0x401E7A6: xheader_xhdr_name (xheader.c:393)
==712138==    by 0x4014297: write_extended.part.0 (create.c:713)
==712138==    by 0x4014896: write_extended (create.c:699)
==712138==    by 0x4014896: finish_header (create.c:1024)
==712138==    by 0x402BD4A: pax_dump_header_1 (sparse.c:1215)
==712138==    by 0x402BD4A: pax_dump_header (sparse.c:1245)
==712138==    by 0x402CA6F: tar_sparse_dump_header (sparse.c:153)
==712138==    by 0x402CA6F: sparse_dump_file (sparse.c:535)
==712138==    by 0x4016E23: dump_file0 (create.c:1768)
==712138==    by 0x4017589: dump_file (create.c:1968)
==712138==    by 0x4017589: create_archive (create.c:1412)
==712138==    by 0x400CD90: main (tar.c:2818)
==712138== 
==712138== 80 bytes in 1 blocks are still reachable in loss record 7 of 14
==712138==    at 0x48BD858: malloc (vg_replace_malloc.c:447)
==712138==    by 0x40512CC: xmalloc (xmalloc.c:45)
==712138==    by 0x400BE43: main (tar.c:2781)
==712138== 
==712138== 87 (80 direct, 7 indirect) bytes in 2 blocks are definitely lost in loss record 8 of 14
==712138==    at 0x48C4E43: calloc (vg_replace_malloc.c:1678)
==712138==    by 0x403959D: wsnode_new (wordsplit.c:422)
==712138==    by 0x403959D: wordsplit_add_segm (wordsplit.c:523)
==712138==    by 0x4039854: scan_word (wordsplit.c:2062)
==712138==    by 0x4039C7C: wordsplit_process_list (wordsplit.c:2358)
==712138==    by 0x403A562: wordsplit_run.constprop.0 (wordsplit.c:2434)
==712138==    by 0x400BFFA: parse_default_options (tar.c:2256)
==712138==    by 0x400BFFA: decode_options (tar.c:2378)
==712138==    by 0x400BFFA: main (tar.c:2792)
==712138== 
==712138== 102 bytes in 1 blocks are still reachable in loss record 9 of 14
==712138==    at 0x48BD858: malloc (vg_replace_malloc.c:447)
==712138==    by 0x40512CC: xmalloc (xmalloc.c:45)
==712138==    by 0x4029881: name_init (names.c:869)
==712138==    by 0x400C94C: main (tar.c:2794)
==712138== 
==712138== 112 bytes in 1 blocks are still reachable in loss record 10 of 14
==712138==    at 0x48BD858: malloc (vg_replace_malloc.c:447)
==712138==    by 0x491DE43: __gconv_open (gconv_open.c:77)
==712138==    by 0x491D9E0: iconv_open (iconv_open.c:39)
==712138==    by 0x403387B: utf8_init (utf8.c:59)
==712138==    by 0x403387B: utf8_convert (utf8.c:73)
==712138==    by 0x401D32E: code_string (xheader.c:1015)
==712138==    by 0x402BCCB: pax_dump_header_1 (sparse.c:1205)
==712138==    by 0x402BCCB: pax_dump_header (sparse.c:1245)
==712138==    by 0x402CA6F: tar_sparse_dump_header (sparse.c:153)
==712138==    by 0x402CA6F: sparse_dump_file (sparse.c:535)
==712138==    by 0x4016E23: dump_file0 (create.c:1768)
==712138==    by 0x4017589: dump_file (create.c:1968)
==712138==    by 0x4017589: create_archive (create.c:1412)
==712138==    by 0x400CD90: main (tar.c:2818)
==712138== 
==712138== 208 bytes in 1 blocks are still reachable in loss record 11 of 14
==712138==    at 0x48BD858: malloc (vg_replace_malloc.c:447)
==712138==    by 0x4929C6F: __gconv_lookup_cache (gconv_cache.c:361)
==712138==    by 0x491F8EE: __gconv_find_transform (gconv_db.c:717)
==712138==    by 0x491DDE5: __gconv_open (gconv_open.c:73)
==712138==    by 0x491D9E0: iconv_open (iconv_open.c:39)
==712138==    by 0x403387B: utf8_init (utf8.c:59)
==712138==    by 0x403387B: utf8_convert (utf8.c:73)
==712138==    by 0x401D32E: code_string (xheader.c:1015)
==712138==    by 0x402BCCB: pax_dump_header_1 (sparse.c:1205)
==712138==    by 0x402BCCB: pax_dump_header (sparse.c:1245)
==712138==    by 0x402CA6F: tar_sparse_dump_header (sparse.c:153)
==712138==    by 0x402CA6F: sparse_dump_file (sparse.c:535)
==712138==    by 0x4016E23: dump_file0 (create.c:1768)
==712138==    by 0x4017589: dump_file (create.c:1968)
==712138==    by 0x4017589: create_archive (create.c:1412)
==712138==    by 0x400CD90: main (tar.c:2818)
==712138== 
==712138== 256 bytes in 1 blocks are still reachable in loss record 12 of 14
==712138==    at 0x48BD858: malloc (vg_replace_malloc.c:447)
==712138==    by 0x40512CC: xmalloc (xmalloc.c:45)
==712138==    by 0x401D274: xattr_encode_keyword (xheader.c:833)
==712138==    by 0x401D274: xheader_print_n (xheader.c:876)
==712138==    by 0x401D882: xheader_print (xheader.c:899)
==712138==    by 0x401D882: code_signed_num (xheader.c:1078)
==712138==    by 0x401D882: code_num (xheader.c:1084)
==712138==    by 0x401D882: sparse_major_coder (xheader.c:1669)
==712138==    by 0x402BCA7: pax_dump_header_1 (sparse.c:1203)
==712138==    by 0x402BCA7: pax_dump_header (sparse.c:1245)
==712138==    by 0x402CA6F: tar_sparse_dump_header (sparse.c:153)
==712138==    by 0x402CA6F: sparse_dump_file (sparse.c:535)
==712138==    by 0x4016E23: dump_file0 (create.c:1768)
==712138==    by 0x4017589: dump_file (create.c:1968)
==712138==    by 0x4017589: create_archive (create.c:1412)
==712138==    by 0x400CD90: main (tar.c:2818)
==712138== 
==712138== 4,064 bytes in 1 blocks are still reachable in loss record 13 of 14
==712138==    at 0x48BD858: malloc (vg_replace_malloc.c:447)
==712138==    by 0x40512CC: xmalloc (xmalloc.c:45)
==712138==    by 0x404A07D: call_chunkfun (obstack.c:88)
==712138==    by 0x404A07D: _obstack_begin_worker.isra.0 (obstack.c:135)
==712138==    by 0x404A0A8: _obstack_begin (obstack.c:157)
==712138==    by 0x4032C57: _transform_name_to_obstack (transform.c:592)
==712138==    by 0x4032C57: transform_name_fp (transform.c:614)
==712138==    by 0x4016444: dump_file0 (create.c:1657)
==712138==    by 0x4017589: dump_file (create.c:1968)
==712138==    by 0x4017589: create_archive (create.c:1412)
==712138==    by 0x400CD90: main (tar.c:2818)
==712138== 
==712138== 32,640 bytes in 1 blocks are still reachable in loss record 14 of 14
==712138==    at 0x48BD858: malloc (vg_replace_malloc.c:447)
==712138==    by 0x491DECE: __gconv_open (gconv_open.c:127)
==712138==    by 0x491D9E0: iconv_open (iconv_open.c:39)
==712138==    by 0x403387B: utf8_init (utf8.c:59)
==712138==    by 0x403387B: utf8_convert (utf8.c:73)
==712138==    by 0x401D32E: code_string (xheader.c:1015)
==712138==    by 0x402BCCB: pax_dump_header_1 (sparse.c:1205)
==712138==    by 0x402BCCB: pax_dump_header (sparse.c:1245)
==712138==    by 0x402CA6F: tar_sparse_dump_header (sparse.c:153)
==712138==    by 0x402CA6F: sparse_dump_file (sparse.c:535)
==712138==    by 0x4016E23: dump_file0 (create.c:1768)
==712138==    by 0x4017589: dump_file (create.c:1968)
==712138==    by 0x4017589: create_archive (create.c:1412)
==712138==    by 0x400CD90: main (tar.c:2818)
==712138== 
==712138== LEAK SUMMARY:
==712138==    definitely lost: 87 bytes in 4 blocks
==712138==    indirectly lost: 7 bytes in 2 blocks
==712138==      possibly lost: 0 bytes in 0 blocks
==712138==    still reachable: 37,505 bytes in 11 blocks
==712138==         suppressed: 0 bytes in 0 blocks
==712138== 
==712138== For lists of detected and suppressed errors, rerun with: -s
==712138== ERROR SUMMARY: 2 errors from 2 contexts (suppressed: 0 from 0)
