==712112== Memcheck, a memory error detector
==712112== Copyright (C) 2002-2024, and GNU GPL'd, by Julian Seward et al.
==712112== Using Valgrind-3.26.0 and LibVEX; rerun with -h for copyright info
==712112== Command: tar --version
==712112== Parent PID: 712027
==712112== 
==712112== 
==712112== FILE DESCRIPTORS: 4 open (4 inherited) at exit.
==712112== 
==712112== HEAP SUMMARY:
==712112==     in use at exit: 7,767 bytes in 3 blocks
==712112==   total heap usage: 15 allocs, 12 frees, 12,021 bytes allocated
==712112== 
==712112== 16 bytes in 1 blocks are still reachable in loss record 1 of 3
==712112==    at 0x48C4E43: calloc (vg_replace_malloc.c:1678)
==712112==    by 0x40516F1: xcalloc (xmalloc.c:298)
==712112==    by 0x40516F1: xzalloc (xmalloc.c:283)
==712112==    by 0x400BEF9: decode_options (tar.c:2297)
==712112==    by 0x400BEF9: main (tar.c:2792)
==712112== 
==712112== 80 bytes in 1 blocks are still reachable in loss record 2 of 3
==712112==    at 0x48BD858: malloc (vg_replace_malloc.c:447)
==712112==    by 0x40512CC: xmalloc (xmalloc.c:45)
==712112==    by 0x400BE43: main (tar.c:2781)
==712112== 
==712112== 7,671 bytes in 1 blocks are still reachable in loss record 3 of 3
==712112==    at 0x48BD858: malloc (vg_replace_malloc.c:447)
==712112==    by 0x4041854: parser_init (argp-parse.c:495)
==712112==    by 0x4041854: argp_parse (argp-parse.c:921)
==712112==    by 0x400C045: decode_options (tar.c:2380)
==712112==    by 0x400C045: main (tar.c:2792)
==712112== 
==712112== LEAK SUMMARY:
==712112==    definitely lost: 0 bytes in 0 blocks
==712112==    indirectly lost: 0 bytes in 0 blocks
==712112==      possibly lost: 0 bytes in 0 blocks
==712112==    still reachable: 7,767 bytes in 3 blocks
==712112==         suppressed: 0 bytes in 0 blocks
==712112== 
==712112== For lists of detected and suppressed errors, rerun with: -s
==712112== ERROR SUMMARY: 0 errors from 0 contexts (suppressed: 0 from 0)
