==694382== Memcheck, a memory error detector
==694382== Copyright (C) 2002-2024, and GNU GPL'd, by Julian Seward et al.
==694382== Using Valgrind-3.26.0 and LibVEX; rerun with -h for copyright info
==694382== Command: /tmp/rboxc-tar-behavior-91v0_8lp/exec/tar --format=ustar --index-file=index.txt -cvf result.tar -C tree .
==694382== Parent PID: 683658
==694382== 
==694382== 
==694382== FILE DESCRIPTORS: 2 open (2 inherited) at exit.
==694382== 
==694382== HEAP SUMMARY:
==694382==     in use at exit: 4,568 bytes in 9 blocks
==694382==   total heap usage: 98 allocs, 89 frees, 118,729 bytes allocated
==694382== 
==694382== 5 bytes in 1 blocks are still reachable in loss record 1 of 9
==694382==    at 0x586E858: malloc (vg_replace_malloc.c:447)
==694382==    by 0x469E72D: rboxc_tar_xstrdup (in /root/rboxc/target/tar-child-prefix-candidate/release/rboxc)
==694382==    by 0x467000F: rboxc_tar_assign_string (in /root/rboxc/target/tar-child-prefix-candidate/release/rboxc)
==694382==    by 0x46732F2: rboxc_tar_uid_to_uname (in /root/rboxc/target/tar-child-prefix-candidate/release/rboxc)
==694382==    by 0x4662513: rboxc_tar_start_header (in /root/rboxc/target/tar-child-prefix-candidate/release/rboxc)
==694382==    by 0x4663719: dump_file0 (in /root/rboxc/target/tar-child-prefix-candidate/release/rboxc)
==694382==    by 0x46644A9: rboxc_tar_create_archive (in /root/rboxc/target/tar-child-prefix-candidate/release/rboxc)
==694382==    by 0x440EEB8: single_binary_main_tar (in /root/rboxc/target/tar-child-prefix-candidate/release/rboxc)
==694382==    by 0x5A18600: (below main) (libc_start_call_main.h:59)
==694382== 
==694382== 5 bytes in 1 blocks are still reachable in loss record 2 of 9
==694382==    at 0x586E858: malloc (vg_replace_malloc.c:447)
==694382==    by 0x469E72D: rboxc_tar_xstrdup (in /root/rboxc/target/tar-child-prefix-candidate/release/rboxc)
==694382==    by 0x467000F: rboxc_tar_assign_string (in /root/rboxc/target/tar-child-prefix-candidate/release/rboxc)
==694382==    by 0x4673382: rboxc_tar_gid_to_gname (in /root/rboxc/target/tar-child-prefix-candidate/release/rboxc)
==694382==    by 0x46624FB: rboxc_tar_start_header (in /root/rboxc/target/tar-child-prefix-candidate/release/rboxc)
==694382==    by 0x4663719: dump_file0 (in /root/rboxc/target/tar-child-prefix-candidate/release/rboxc)
==694382==    by 0x46644A9: rboxc_tar_create_archive (in /root/rboxc/target/tar-child-prefix-candidate/release/rboxc)
==694382==    by 0x440EEB8: single_binary_main_tar (in /root/rboxc/target/tar-child-prefix-candidate/release/rboxc)
==694382==    by 0x5A18600: (below main) (libc_start_call_main.h:59)
==694382== 
==694382== 16 bytes in 1 blocks are still reachable in loss record 3 of 9
==694382==    at 0x5875E43: calloc (vg_replace_malloc.c:1678)
==694382==    by 0x469E5C1: rboxc_tar_xzalloc (in /root/rboxc/target/tar-child-prefix-candidate/release/rboxc)
==694382==    by 0x440DEB5: single_binary_main_tar (in /root/rboxc/target/tar-child-prefix-candidate/release/rboxc)
==694382==    by 0x5A18600: (below main) (libc_start_call_main.h:59)
==694382== 
==694382== 40 bytes in 1 blocks are still reachable in loss record 4 of 9
==694382==    at 0x586E858: malloc (vg_replace_malloc.c:447)
==694382==    by 0x469E19C: rboxc_tar_xmalloc (in /root/rboxc/target/tar-child-prefix-candidate/release/rboxc)
==694382==    by 0x4660F9E: file_count_links (in /root/rboxc/target/tar-child-prefix-candidate/release/rboxc)
==694382==    by 0x4663978: dump_file0 (in /root/rboxc/target/tar-child-prefix-candidate/release/rboxc)
==694382==    by 0x4662E3E: rboxc_tar_dump_file (in /root/rboxc/target/tar-child-prefix-candidate/release/rboxc)
==694382==    by 0x4664087: dump_file0 (in /root/rboxc/target/tar-child-prefix-candidate/release/rboxc)
==694382==    by 0x46644A9: rboxc_tar_create_archive (in /root/rboxc/target/tar-child-prefix-candidate/release/rboxc)
==694382==    by 0x440EEB8: single_binary_main_tar (in /root/rboxc/target/tar-child-prefix-candidate/release/rboxc)
==694382==    by 0x5A18600: (below main) (libc_start_call_main.h:59)
==694382== 
==694382== 80 bytes in 1 blocks are still reachable in loss record 5 of 9
==694382==    at 0x586E858: malloc (vg_replace_malloc.c:447)
==694382==    by 0x469E19C: rboxc_tar_xmalloc (in /root/rboxc/target/tar-child-prefix-candidate/release/rboxc)
==694382==    by 0x440DDC0: single_binary_main_tar (in /root/rboxc/target/tar-child-prefix-candidate/release/rboxc)
==694382==    by 0x5A18600: (below main) (libc_start_call_main.h:59)
==694382== 
==694382== 80 bytes in 1 blocks are still reachable in loss record 6 of 9
==694382==    at 0x586E858: malloc (vg_replace_malloc.c:447)
==694382==    by 0x4693846: rboxc_tar_hash_initialize (in /root/rboxc/target/tar-child-prefix-candidate/release/rboxc)
==694382==    by 0x466103B: file_count_links (in /root/rboxc/target/tar-child-prefix-candidate/release/rboxc)
==694382==    by 0x4663978: dump_file0 (in /root/rboxc/target/tar-child-prefix-candidate/release/rboxc)
==694382==    by 0x4662E3E: rboxc_tar_dump_file (in /root/rboxc/target/tar-child-prefix-candidate/release/rboxc)
==694382==    by 0x4664087: dump_file0 (in /root/rboxc/target/tar-child-prefix-candidate/release/rboxc)
==694382==    by 0x46644A9: rboxc_tar_create_archive (in /root/rboxc/target/tar-child-prefix-candidate/release/rboxc)
==694382==    by 0x440EEB8: single_binary_main_tar (in /root/rboxc/target/tar-child-prefix-candidate/release/rboxc)
==694382==    by 0x5A18600: (below main) (libc_start_call_main.h:59)
==694382== 
==694382== 102 bytes in 1 blocks are still reachable in loss record 7 of 9
==694382==    at 0x586E858: malloc (vg_replace_malloc.c:447)
==694382==    by 0x469E19C: rboxc_tar_xmalloc (in /root/rboxc/target/tar-child-prefix-candidate/release/rboxc)
==694382==    by 0x4673561: rboxc_tar_name_init (in /root/rboxc/target/tar-child-prefix-candidate/release/rboxc)
==694382==    by 0x440EE3A: single_binary_main_tar (in /root/rboxc/target/tar-child-prefix-candidate/release/rboxc)
==694382==    by 0x5A18600: (below main) (libc_start_call_main.h:59)
==694382== 
==694382== 176 bytes in 1 blocks are still reachable in loss record 8 of 9
==694382==    at 0x5875E43: calloc (vg_replace_malloc.c:1678)
==694382==    by 0x469389C: rboxc_tar_hash_initialize (in /root/rboxc/target/tar-child-prefix-candidate/release/rboxc)
==694382==    by 0x466103B: file_count_links (in /root/rboxc/target/tar-child-prefix-candidate/release/rboxc)
==694382==    by 0x4663978: dump_file0 (in /root/rboxc/target/tar-child-prefix-candidate/release/rboxc)
==694382==    by 0x4662E3E: rboxc_tar_dump_file (in /root/rboxc/target/tar-child-prefix-candidate/release/rboxc)
==694382==    by 0x4664087: dump_file0 (in /root/rboxc/target/tar-child-prefix-candidate/release/rboxc)
==694382==    by 0x46644A9: rboxc_tar_create_archive (in /root/rboxc/target/tar-child-prefix-candidate/release/rboxc)
==694382==    by 0x440EEB8: single_binary_main_tar (in /root/rboxc/target/tar-child-prefix-candidate/release/rboxc)
==694382==    by 0x5A18600: (below main) (libc_start_call_main.h:59)
==694382== 
==694382== 4,064 bytes in 1 blocks are still reachable in loss record 9 of 9
==694382==    at 0x586E858: malloc (vg_replace_malloc.c:447)
==694382==    by 0x469E19C: rboxc_tar_xmalloc (in /root/rboxc/target/tar-child-prefix-candidate/release/rboxc)
==694382==    by 0x46960BD: _obstack_begin_worker.isra.0 (in /root/rboxc/target/tar-child-prefix-candidate/release/rboxc)
==694382==    by 0x46960E8: rboxc_tar__obstack_begin (in /root/rboxc/target/tar-child-prefix-candidate/release/rboxc)
==694382==    by 0x4679D97: rboxc_tar_transform_name_fp (in /root/rboxc/target/tar-child-prefix-candidate/release/rboxc)
==694382==    by 0x4663364: dump_file0 (in /root/rboxc/target/tar-child-prefix-candidate/release/rboxc)
==694382==    by 0x46644A9: rboxc_tar_create_archive (in /root/rboxc/target/tar-child-prefix-candidate/release/rboxc)
==694382==    by 0x440EEB8: single_binary_main_tar (in /root/rboxc/target/tar-child-prefix-candidate/release/rboxc)
==694382==    by 0x5A18600: (below main) (libc_start_call_main.h:59)
==694382== 
==694382== LEAK SUMMARY:
==694382==    definitely lost: 0 bytes in 0 blocks
==694382==    indirectly lost: 0 bytes in 0 blocks
==694382==      possibly lost: 0 bytes in 0 blocks
==694382==    still reachable: 4,568 bytes in 9 blocks
==694382==         suppressed: 0 bytes in 0 blocks
==694382== 
==694382== For lists of detected and suppressed errors, rerun with: -s
==694382== ERROR SUMMARY: 0 errors from 0 contexts (suppressed: 0 from 0)
