==624176== Memcheck, a memory error detector
==624176== Copyright (C) 2002-2024, and GNU GPL'd, by Julian Seward et al.
==624176== Using Valgrind-3.26.0 and LibVEX; rerun with -h for copyright info
==624176== Command: tar cf archive --ignore-failed-read file
==624176== Parent PID: 624162
==624176== 
==624176== 
==624176== FILE DESCRIPTORS: 1 open (1 inherited) at exit.
==624176== 
==624176== HEAP SUMMARY:
==624176==     in use at exit: 4,416 bytes in 13 blocks
==624176==   total heap usage: 34 allocs, 21 frees, 35,421 bytes allocated
==624176== 
==624176== 6 bytes in 2 blocks are indirectly lost in loss record 1 of 9
==624176==    at 0x48BD858: malloc (vg_replace_malloc.c:447)
==624176==    by 0x405185D: xmalloc (xmalloc.c:45)
==624176==    by 0x405185D: xmemdup (xmalloc.c:314)
==624176==    by 0x405185D: xstrdup (xmalloc.c:339)
==624176==    by 0x400C4F1: decode_options (tar.c:2353)
==624176==    by 0x400C4F1: main (tar.c:2792)
==624176== 
==624176== 6 bytes in 2 blocks are indirectly lost in loss record 2 of 9
==624176==    at 0x48BD858: malloc (vg_replace_malloc.c:447)
==624176==    by 0x40387DD: wsnode_quoteremoval (wordsplit.c:651)
==624176==    by 0x4039CFD: wordsplit_process_list (wordsplit.c:2390)
==624176==    by 0x403A562: wordsplit_run.constprop.0 (wordsplit.c:2434)
==624176==    by 0x400BFFA: parse_default_options (tar.c:2256)
==624176==    by 0x400BFFA: decode_options (tar.c:2378)
==624176==    by 0x400BFFA: main (tar.c:2792)
==624176== 
==624176== 6 bytes in 2 blocks are definitely lost in loss record 3 of 9
==624176==    at 0x48BD858: malloc (vg_replace_malloc.c:447)
==624176==    by 0x403A1FB: wordsplit_finish (wordsplit.c:836)
==624176==    by 0x400BFFA: parse_default_options (tar.c:2256)
==624176==    by 0x400BFFA: decode_options (tar.c:2378)
==624176==    by 0x400BFFA: main (tar.c:2792)
==624176== 
==624176== 16 bytes in 1 blocks are still reachable in loss record 4 of 9
==624176==    at 0x48C4E43: calloc (vg_replace_malloc.c:1678)
==624176==    by 0x40516F1: xcalloc (xmalloc.c:298)
==624176==    by 0x40516F1: xzalloc (xmalloc.c:283)
==624176==    by 0x400BEF9: decode_options (tar.c:2297)
==624176==    by 0x400BEF9: main (tar.c:2792)
==624176== 
==624176== 62 (56 direct, 6 indirect) bytes in 1 blocks are definitely lost in loss record 5 of 9
==624176==    at 0x48BD858: malloc (vg_replace_malloc.c:447)
==624176==    by 0x40512CC: xmalloc (xmalloc.c:45)
==624176==    by 0x400C46E: decode_options (tar.c:2340)
==624176==    by 0x400C46E: main (tar.c:2792)
==624176== 
==624176== 80 bytes in 1 blocks are still reachable in loss record 6 of 9
==624176==    at 0x48BD858: malloc (vg_replace_malloc.c:447)
==624176==    by 0x40512CC: xmalloc (xmalloc.c:45)
==624176==    by 0x400BE43: main (tar.c:2781)
==624176== 
==624176== 86 (80 direct, 6 indirect) bytes in 2 blocks are definitely lost in loss record 7 of 9
==624176==    at 0x48C4E43: calloc (vg_replace_malloc.c:1678)
==624176==    by 0x403959D: wsnode_new (wordsplit.c:422)
==624176==    by 0x403959D: wordsplit_add_segm (wordsplit.c:523)
==624176==    by 0x4039854: scan_word (wordsplit.c:2062)
==624176==    by 0x4039C7C: wordsplit_process_list (wordsplit.c:2358)
==624176==    by 0x403A562: wordsplit_run.constprop.0 (wordsplit.c:2434)
==624176==    by 0x400BFFA: parse_default_options (tar.c:2256)
==624176==    by 0x400BFFA: decode_options (tar.c:2378)
==624176==    by 0x400BFFA: main (tar.c:2792)
==624176== 
==624176== 102 bytes in 1 blocks are still reachable in loss record 8 of 9
==624176==    at 0x48BD858: malloc (vg_replace_malloc.c:447)
==624176==    by 0x40512CC: xmalloc (xmalloc.c:45)
==624176==    by 0x4029881: name_init (names.c:869)
==624176==    by 0x400C94C: main (tar.c:2794)
==624176== 
==624176== 4,064 bytes in 1 blocks are still reachable in loss record 9 of 9
==624176==    at 0x48BD858: malloc (vg_replace_malloc.c:447)
==624176==    by 0x40512CC: xmalloc (xmalloc.c:45)
==624176==    by 0x404A07D: call_chunkfun (obstack.c:88)
==624176==    by 0x404A07D: _obstack_begin_worker.isra.0 (obstack.c:135)
==624176==    by 0x404A0A8: _obstack_begin (obstack.c:157)
==624176==    by 0x4032C57: _transform_name_to_obstack (transform.c:592)
==624176==    by 0x4032C57: transform_name_fp (transform.c:614)
==624176==    by 0x4016444: dump_file0 (create.c:1657)
==624176==    by 0x4017589: dump_file (create.c:1968)
==624176==    by 0x4017589: create_archive (create.c:1412)
==624176==    by 0x400CD90: main (tar.c:2818)
==624176== 
==624176== LEAK SUMMARY:
==624176==    definitely lost: 142 bytes in 5 blocks
==624176==    indirectly lost: 12 bytes in 4 blocks
==624176==      possibly lost: 0 bytes in 0 blocks
==624176==    still reachable: 4,262 bytes in 4 blocks
==624176==         suppressed: 0 bytes in 0 blocks
==624176== 
==624176== For lists of detected and suppressed errors, rerun with: -s
==624176== ERROR SUMMARY: 3 errors from 3 contexts (suppressed: 0 from 0)
