==625150== Memcheck, a memory error detector
==625150== Copyright (C) 2002-2024, and GNU GPL'd, by Julian Seward et al.
==625150== Using Valgrind-3.26.0 and LibVEX; rerun with -h for copyright info
==625150== Command: tar cf archive --ignore-failed-read directory
==625150== Parent PID: 624785
==625150== 
==625150== 
==625150== FILE DESCRIPTORS: 1 open (1 inherited) at exit.
==625150== 
==625150== HEAP SUMMARY:
==625150==     in use at exit: 4,424 bytes in 13 blocks
==625150==   total heap usage: 34 allocs, 21 frees, 35,439 bytes allocated
==625150== 
==625150== 6 bytes in 2 blocks are indirectly lost in loss record 1 of 9
==625150==    at 0x48BD858: malloc (vg_replace_malloc.c:447)
==625150==    by 0x405185D: xmalloc (xmalloc.c:45)
==625150==    by 0x405185D: xmemdup (xmalloc.c:314)
==625150==    by 0x405185D: xstrdup (xmalloc.c:339)
==625150==    by 0x400C4F1: decode_options (tar.c:2353)
==625150==    by 0x400C4F1: main (tar.c:2792)
==625150== 
==625150== 10 bytes in 2 blocks are indirectly lost in loss record 2 of 9
==625150==    at 0x48BD858: malloc (vg_replace_malloc.c:447)
==625150==    by 0x40387DD: wsnode_quoteremoval (wordsplit.c:651)
==625150==    by 0x4039CFD: wordsplit_process_list (wordsplit.c:2390)
==625150==    by 0x403A562: wordsplit_run.constprop.0 (wordsplit.c:2434)
==625150==    by 0x400BFFA: parse_default_options (tar.c:2256)
==625150==    by 0x400BFFA: decode_options (tar.c:2378)
==625150==    by 0x400BFFA: main (tar.c:2792)
==625150== 
==625150== 10 bytes in 2 blocks are definitely lost in loss record 3 of 9
==625150==    at 0x48BD858: malloc (vg_replace_malloc.c:447)
==625150==    by 0x403A1FB: wordsplit_finish (wordsplit.c:836)
==625150==    by 0x400BFFA: parse_default_options (tar.c:2256)
==625150==    by 0x400BFFA: decode_options (tar.c:2378)
==625150==    by 0x400BFFA: main (tar.c:2792)
==625150== 
==625150== 16 bytes in 1 blocks are still reachable in loss record 4 of 9
==625150==    at 0x48C4E43: calloc (vg_replace_malloc.c:1678)
==625150==    by 0x40516F1: xcalloc (xmalloc.c:298)
==625150==    by 0x40516F1: xzalloc (xmalloc.c:283)
==625150==    by 0x400BEF9: decode_options (tar.c:2297)
==625150==    by 0x400BEF9: main (tar.c:2792)
==625150== 
==625150== 62 (56 direct, 6 indirect) bytes in 1 blocks are definitely lost in loss record 5 of 9
==625150==    at 0x48BD858: malloc (vg_replace_malloc.c:447)
==625150==    by 0x40512CC: xmalloc (xmalloc.c:45)
==625150==    by 0x400C46E: decode_options (tar.c:2340)
==625150==    by 0x400C46E: main (tar.c:2792)
==625150== 
==625150== 80 bytes in 1 blocks are still reachable in loss record 6 of 9
==625150==    at 0x48BD858: malloc (vg_replace_malloc.c:447)
==625150==    by 0x40512CC: xmalloc (xmalloc.c:45)
==625150==    by 0x400BE43: main (tar.c:2781)
==625150== 
==625150== 90 (80 direct, 10 indirect) bytes in 2 blocks are definitely lost in loss record 7 of 9
==625150==    at 0x48C4E43: calloc (vg_replace_malloc.c:1678)
==625150==    by 0x403959D: wsnode_new (wordsplit.c:422)
==625150==    by 0x403959D: wordsplit_add_segm (wordsplit.c:523)
==625150==    by 0x4039854: scan_word (wordsplit.c:2062)
==625150==    by 0x4039C7C: wordsplit_process_list (wordsplit.c:2358)
==625150==    by 0x403A562: wordsplit_run.constprop.0 (wordsplit.c:2434)
==625150==    by 0x400BFFA: parse_default_options (tar.c:2256)
==625150==    by 0x400BFFA: decode_options (tar.c:2378)
==625150==    by 0x400BFFA: main (tar.c:2792)
==625150== 
==625150== 102 bytes in 1 blocks are still reachable in loss record 8 of 9
==625150==    at 0x48BD858: malloc (vg_replace_malloc.c:447)
==625150==    by 0x40512CC: xmalloc (xmalloc.c:45)
==625150==    by 0x4029881: name_init (names.c:869)
==625150==    by 0x400C94C: main (tar.c:2794)
==625150== 
==625150== 4,064 bytes in 1 blocks are still reachable in loss record 9 of 9
==625150==    at 0x48BD858: malloc (vg_replace_malloc.c:447)
==625150==    by 0x40512CC: xmalloc (xmalloc.c:45)
==625150==    by 0x404A07D: call_chunkfun (obstack.c:88)
==625150==    by 0x404A07D: _obstack_begin_worker.isra.0 (obstack.c:135)
==625150==    by 0x404A0A8: _obstack_begin (obstack.c:157)
==625150==    by 0x4032C57: _transform_name_to_obstack (transform.c:592)
==625150==    by 0x4032C57: transform_name_fp (transform.c:614)
==625150==    by 0x4016444: dump_file0 (create.c:1657)
==625150==    by 0x4017589: dump_file (create.c:1968)
==625150==    by 0x4017589: create_archive (create.c:1412)
==625150==    by 0x400CD90: main (tar.c:2818)
==625150== 
==625150== LEAK SUMMARY:
==625150==    definitely lost: 146 bytes in 5 blocks
==625150==    indirectly lost: 16 bytes in 4 blocks
==625150==      possibly lost: 0 bytes in 0 blocks
==625150==    still reachable: 4,262 bytes in 4 blocks
==625150==         suppressed: 0 bytes in 0 blocks
==625150== 
==625150== For lists of detected and suppressed errors, rerun with: -s
==625150== ERROR SUMMARY: 3 errors from 3 contexts (suppressed: 0 from 0)
