==745198== Memcheck, a memory error detector
==745198== Copyright (C) 2002-2024, and GNU GPL'd, by Julian Seward et al.
==745198== Using Valgrind-3.26.0 and LibVEX; rerun with -h for copyright info
==745198== Command: gawk -f rscompat.awk --posix
==745198== Parent PID: 745197
==745198== 
==745198== 
==745198== FILE DESCRIPTORS: 3 open (2 inherited) at exit.
==745198== Open file descriptor 0: /dev/null
==745198==    at 0x4C4BE8B: dup2 (dup2.c:29)
==745198==    by 0x405EDA8: remap_std_file (io.c:615)
==745198==    by 0x405EDA8: iop_close (io.c:651)
==745198==    by 0x4061153: nextfile (io.c:453)
==745198==    by 0x404ECBF: r_interpret (interpret.h:1421)
==745198==    by 0x400EDDE: main (main.c:532)
==745198== 
==745198== 
==745198== HEAP SUMMARY:
==745198==     in use at exit: 38,350 bytes in 376 blocks
==745198==   total heap usage: 551 allocs, 175 frees, 50,681 bytes allocated
==745198== 
==745198== 1 bytes in 1 blocks are still reachable in loss record 1 of 98
==745198==    at 0x497D858: malloc (vg_replace_malloc.c:447)
==745198==    by 0x4066564: emalloc_real (awk.h:2156)
==745198==    by 0x4066564: estrdup (main.c:1451)
==745198==    by 0x400D434: init_locale (main.c:1476)
==745198==    by 0x400D434: set_locale_stuff (main.c:1849)
==745198==    by 0x400D434: main (main.c:254)
==745198== 
==745198== 1 bytes in 1 blocks are still reachable in loss record 2 of 98
==745198==    at 0x497D858: malloc (vg_replace_malloc.c:447)
==745198==    by 0x4066564: emalloc_real (awk.h:2156)
==745198==    by 0x4066564: estrdup (main.c:1451)
==745198==    by 0x400D469: init_locale (main.c:1478)
==745198==    by 0x400D469: set_locale_stuff (main.c:1849)
==745198==    by 0x400D469: main (main.c:254)
==745198== 
==745198== 1 bytes in 1 blocks are still reachable in loss record 3 of 98
==745198==    at 0x497D858: malloc (vg_replace_malloc.c:447)
==745198==    by 0x4066564: emalloc_real (awk.h:2156)
==745198==    by 0x4066564: estrdup (main.c:1451)
==745198==    by 0x400D485: init_locale (main.c:1479)
==745198==    by 0x400D485: set_locale_stuff (main.c:1849)
==745198==    by 0x400D485: main (main.c:254)
==745198== 
==745198== 1 bytes in 1 blocks are still reachable in loss record 4 of 98
==745198==    at 0x497D858: malloc (vg_replace_malloc.c:447)
==745198==    by 0x4066564: emalloc_real (awk.h:2156)
==745198==    by 0x4066564: estrdup (main.c:1451)
==745198==    by 0x400D4A1: init_locale (main.c:1480)
==745198==    by 0x400D4A1: set_locale_stuff (main.c:1849)
==745198==    by 0x400D4A1: main (main.c:254)
==745198== 
==745198== 1 bytes in 1 blocks are still reachable in loss record 5 of 98
==745198==    at 0x497D858: malloc (vg_replace_malloc.c:447)
==745198==    by 0x4066564: emalloc_real (awk.h:2156)
==745198==    by 0x4066564: estrdup (main.c:1451)
==745198==    by 0x400D4BD: init_locale (main.c:1481)
==745198==    by 0x400D4BD: set_locale_stuff (main.c:1849)
==745198==    by 0x400D4BD: main (main.c:254)
==745198== 
==745198== 1 bytes in 1 blocks are still reachable in loss record 6 of 98
==745198==    at 0x497D858: malloc (vg_replace_malloc.c:447)
==745198==    by 0x4066564: emalloc_real (awk.h:2156)
==745198==    by 0x4066564: estrdup (main.c:1451)
==745198==    by 0x400D4D9: init_locale (main.c:1482)
==745198==    by 0x400D4D9: set_locale_stuff (main.c:1849)
==745198==    by 0x400D4D9: main (main.c:254)
==745198== 
==745198== 1 bytes in 1 blocks are still reachable in loss record 7 of 98
==745198==    at 0x497D858: malloc (vg_replace_malloc.c:447)
==745198==    by 0x4066564: emalloc_real (awk.h:2156)
==745198==    by 0x4066564: estrdup (main.c:1451)
==745198==    by 0x400D4F5: init_locale (main.c:1483)
==745198==    by 0x400D4F5: set_locale_stuff (main.c:1849)
==745198==    by 0x400D4F5: main (main.c:254)
==745198== 
==745198== 1 bytes in 1 blocks are still reachable in loss record 8 of 98
==745198==    at 0x497D858: malloc (vg_replace_malloc.c:447)
==745198==    by 0x4066564: emalloc_real (awk.h:2156)
==745198==    by 0x4066564: estrdup (main.c:1451)
==745198==    by 0x400D511: init_locale (main.c:1484)
==745198==    by 0x400D511: set_locale_stuff (main.c:1849)
==745198==    by 0x400D511: main (main.c:254)
==745198== 
==745198== 1 bytes in 1 blocks are still reachable in loss record 9 of 98
==745198==    at 0x497D858: malloc (vg_replace_malloc.c:447)
==745198==    by 0x4066564: emalloc_real (awk.h:2156)
==745198==    by 0x4066564: estrdup (main.c:1451)
==745198==    by 0x400D52D: init_locale (main.c:1485)
==745198==    by 0x400D52D: set_locale_stuff (main.c:1849)
==745198==    by 0x400D52D: main (main.c:254)
==745198== 
==745198== 1 bytes in 1 blocks are still reachable in loss record 10 of 98
==745198==    at 0x497D858: malloc (vg_replace_malloc.c:447)
==745198==    by 0x4069457: emalloc_real (awk.h:2156)
==745198==    by 0x4069457: make_str_node (node.c:422)
==745198==    by 0x400D5C7: main (main.c:278)
==745198== 
==745198== 1 bytes in 1 blocks are still reachable in loss record 11 of 98
==745198==    at 0x497D858: malloc (vg_replace_malloc.c:447)
==745198==    by 0x4069457: emalloc_real (awk.h:2156)
==745198==    by 0x4069457: make_str_node (node.c:422)
==745198==    by 0x40553E0: init_fields (field.c:111)
==745198==    by 0x400E1A4: main (main.c:410)
==745198== 
==745198== 2 bytes in 1 blocks are still reachable in loss record 12 of 98
==745198==    at 0x497D858: malloc (vg_replace_malloc.c:447)
==745198==    by 0x4066564: emalloc_real (awk.h:2156)
==745198==    by 0x4066564: estrdup (main.c:1451)
==745198==    by 0x400D44E: init_locale (main.c:1477)
==745198==    by 0x400D44E: set_locale_stuff (main.c:1849)
==745198==    by 0x400D44E: main (main.c:254)
==745198== 
==745198== 2 bytes in 1 blocks are still reachable in loss record 13 of 98
==745198==    at 0x497D858: malloc (vg_replace_malloc.c:447)
==745198==    by 0x4046CFF: emalloc_real (awk.h:2156)
==745198==    by 0x4046CFF: set_OFS (eval.c:839)
==745198==    by 0x400D9A3: init_vars (main.c:873)
==745198==    by 0x400D9A3: main (main.c:403)
==745198== 
==745198== 2 bytes in 1 blocks are still reachable in loss record 14 of 98
==745198==    at 0x497D858: malloc (vg_replace_malloc.c:447)
==745198==    by 0x4069457: emalloc_real (awk.h:2156)
==745198==    by 0x4069457: make_str_node (node.c:422)
==745198==    by 0x40613F5: nextfile (io.c:518)
==745198==    by 0x404ECBF: r_interpret (interpret.h:1421)
==745198==    by 0x400EDDE: main (main.c:532)
==745198== 
==745198== 4 bytes in 1 blocks are still reachable in loss record 15 of 98
==745198==    at 0x497D858: malloc (vg_replace_malloc.c:447)
==745198==    by 0x4069457: emalloc_real (awk.h:2156)
==745198==    by 0x4069457: make_str_node (node.c:422)
==745198==    by 0x401B194: yylex (awkgram.y:4074)
==745198==    by 0x401C83C: yyparse (awkgram.c:1879)
==745198==    by 0x402073A: parse_program (awkgram.y:2797)
==745198==    by 0x400EAD8: main (main.c:483)
==745198== 
==745198== 5 bytes in 1 blocks are still reachable in loss record 16 of 98
==745198==    at 0x497D858: malloc (vg_replace_malloc.c:447)
==745198==    by 0x4066564: emalloc_real (awk.h:2156)
==745198==    by 0x4066564: estrdup (main.c:1451)
==745198==    by 0x400E407: init_args (main.c:764)
==745198==    by 0x400E407: main (main.c:470)
==745198== 
==745198== 5 bytes in 1 blocks are still reachable in loss record 17 of 98
==745198==    at 0x497D858: malloc (vg_replace_malloc.c:447)
==745198==    by 0x4069457: emalloc_real (awk.h:2156)
==745198==    by 0x4069457: make_str_node (node.c:422)
==745198==    by 0x4077055: install (symbol.c:399)
==745198==    by 0x400E414: init_args (main.c:764)
==745198==    by 0x400E414: main (main.c:470)
==745198== 
==745198== 5 bytes in 1 blocks are still reachable in loss record 18 of 98
==745198==    at 0x497D858: malloc (vg_replace_malloc.c:447)
==745198==    by 0x4069457: emalloc_real (awk.h:2156)
==745198==    by 0x4069457: make_str_node (node.c:422)
==745198==    by 0x400E43D: init_args (main.c:766)
==745198==    by 0x400E43D: main (main.c:470)
==745198== 
==745198== 5 bytes in 1 blocks are still reachable in loss record 19 of 98
==745198==    at 0x497D858: malloc (vg_replace_malloc.c:447)
==745198==    by 0x4066564: emalloc_real (awk.h:2156)
==745198==    by 0x4066564: estrdup (main.c:1451)
==745198==    by 0x400EA83: init_args (main.c:791)
==745198==    by 0x400EA83: main (main.c:470)
==745198== 
==745198== 5 bytes in 1 blocks are still reachable in loss record 20 of 98
==745198==    at 0x497D858: malloc (vg_replace_malloc.c:447)
==745198==    by 0x4069457: emalloc_real (awk.h:2156)
==745198==    by 0x4069457: make_str_node (node.c:422)
==745198==    by 0x4077055: install (symbol.c:399)
==745198==    by 0x400EA90: init_args (main.c:791)
==745198==    by 0x400EA90: main (main.c:470)
==745198== 
==745198== 7 bytes in 1 blocks are still reachable in loss record 21 of 98
==745198==    at 0x497D858: malloc (vg_replace_malloc.c:447)
==745198==    by 0x4066564: emalloc_real (awk.h:2156)
==745198==    by 0x4066564: estrdup (main.c:1451)
==745198==    by 0x4077381: init_the_tables (symbol.c:78)
==745198==    by 0x400D60A: main (main.c:287)
==745198== 
==745198== 7 bytes in 1 blocks are still reachable in loss record 22 of 98
==745198==    at 0x497D858: malloc (vg_replace_malloc.c:447)
==745198==    by 0x4069457: emalloc_real (awk.h:2156)
==745198==    by 0x4069457: make_str_node (node.c:422)
==745198==    by 0x4077055: install (symbol.c:399)
==745198==    by 0x4077390: install_symbol (symbol.c:173)
==745198==    by 0x4077390: init_the_tables (symbol.c:78)
==745198==    by 0x400D60A: main (main.c:287)
==745198== 
==745198== 8 bytes in 1 blocks are still reachable in loss record 23 of 98
==745198==    at 0x497D858: malloc (vg_replace_malloc.c:447)
==745198==    by 0x4066564: emalloc_real (awk.h:2156)
==745198==    by 0x4066564: estrdup (main.c:1451)
==745198==    by 0x407735A: init_the_tables (symbol.c:77)
==745198==    by 0x400D60A: main (main.c:287)
==745198== 
==745198== 8 bytes in 1 blocks are still reachable in loss record 24 of 98
==745198==    at 0x497D858: malloc (vg_replace_malloc.c:447)
==745198==    by 0x4069457: emalloc_real (awk.h:2156)
==745198==    by 0x4069457: make_str_node (node.c:422)
==745198==    by 0x4077055: install (symbol.c:399)
==745198==    by 0x4077369: install_symbol (symbol.c:173)
==745198==    by 0x4077369: init_the_tables (symbol.c:77)
==745198==    by 0x400D60A: main (main.c:287)
==745198== 
==745198== 8 bytes in 1 blocks are still reachable in loss record 25 of 98
==745198==    at 0x497D858: malloc (vg_replace_malloc.c:447)
==745198==    by 0x4066564: emalloc_real (awk.h:2156)
==745198==    by 0x4066564: estrdup (main.c:1451)
==745198==    by 0x400E02B: load_environ (main.c:930)
==745198==    by 0x400E02B: init_vars (main.c:879)
==745198==    by 0x400E02B: main (main.c:403)
==745198== 
==745198== 8 bytes in 1 blocks are still reachable in loss record 26 of 98
==745198==    at 0x497D858: malloc (vg_replace_malloc.c:447)
==745198==    by 0x4069457: emalloc_real (awk.h:2156)
==745198==    by 0x4069457: make_str_node (node.c:422)
==745198==    by 0x4077055: install (symbol.c:399)
==745198==    by 0x400E038: load_environ (main.c:930)
==745198==    by 0x400E038: init_vars (main.c:879)
==745198==    by 0x400E038: main (main.c:403)
==745198== 
==745198== 13 bytes in 1 blocks are still reachable in loss record 27 of 98
==745198==    at 0x497D858: malloc (vg_replace_malloc.c:447)
==745198==    by 0x4066564: emalloc_real (awk.h:2156)
==745198==    by 0x4066564: estrdup (main.c:1451)
==745198==    by 0x4014A21: do_add_srcfile (awkgram.y:2834)
==745198==    by 0x4018A70: add_srcfile (awkgram.y:2916)
==745198==    by 0x400D7E5: parse_args (main.c:1585)
==745198==    by 0x400D7E5: main (main.c:294)
==745198== 
==745198== 18 bytes in 6 blocks are still reachable in loss record 28 of 98
==745198==    at 0x497D858: malloc (vg_replace_malloc.c:447)
==745198==    by 0x4069457: emalloc_real (awk.h:2156)
==745198==    by 0x4069457: make_str_node (node.c:422)
==745198==    by 0x400D984: init_vars (main.c:867)
==745198==    by 0x400D984: main (main.c:403)
==745198== 
==745198== 24 bytes in 1 blocks are still reachable in loss record 29 of 98
==745198==    at 0x4984E43: calloc (vg_replace_malloc.c:1678)
==745198==    by 0x405E8B2: ezalloc_real (awk.h:2174)
==745198==    by 0x405E8B2: init_awkpath (io.c:2996)
==745198==    by 0x405E8B2: do_find_source (io.c:3068)
==745198==    by 0x4065061: find_source (io.c:3098)
==745198==    by 0x40189F8: add_srcfile (awkgram.y:2864)
==745198==    by 0x400D7E5: parse_args (main.c:1585)
==745198==    by 0x400D7E5: main (main.c:294)
==745198== 
==745198== 24 bytes in 1 blocks are still reachable in loss record 30 of 98
==745198==    at 0x498507F: realloc (vg_replace_malloc.c:1804)
==745198==    by 0x40539DB: erealloc_real (awk.h:2192)
==745198==    by 0x40539DB: grow_fields_arr (field.c:134)
==745198==    by 0x4053BD3: set_field (field.c:155)
==745198==    by 0x4054088: def_parse_field (field.c:630)
==745198==    by 0x4056188: get_field (field.c:1074)
==745198==    by 0x404827F: r_get_field (eval.c:1245)
==745198==    by 0x404E5F4: r_interpret (interpret.h:473)
==745198==    by 0x400EDDE: main (main.c:532)
==745198== 
==745198== 26 bytes in 1 blocks are still reachable in loss record 31 of 98
==745198==    at 0x497D858: malloc (vg_replace_malloc.c:447)
==745198==    by 0x405E9A7: emalloc_real (awk.h:2156)
==745198==    by 0x405E9A7: init_awkpath (io.c:3026)
==745198==    by 0x405E9A7: do_find_source (io.c:3068)
==745198==    by 0x4065061: find_source (io.c:3098)
==745198==    by 0x40189F8: add_srcfile (awkgram.y:2864)
==745198==    by 0x400D7E5: parse_args (main.c:1585)
==745198==    by 0x400D7E5: main (main.c:294)
==745198== 
==745198== 29 bytes in 4 blocks are still reachable in loss record 32 of 98
==745198==    at 0x497D858: malloc (vg_replace_malloc.c:447)
==745198==    by 0x4066564: emalloc_real (awk.h:2156)
==745198==    by 0x4066564: estrdup (main.c:1451)
==745198==    by 0x400D69D: save_argv (main.c:1498)
==745198==    by 0x400D69D: parse_args (main.c:1554)
==745198==    by 0x400D69D: main (main.c:294)
==745198== 
==745198== 32 bytes in 1 blocks are still reachable in loss record 33 of 98
==745198==    at 0x497D858: malloc (vg_replace_malloc.c:447)
==745198==    by 0x4045E57: emalloc_real (awk.h:2156)
==745198==    by 0x4045E57: fmt_index (eval.c:913)
==745198==    by 0x4046F46: set_CONVFMT (eval.c:956)
==745198==    by 0x400D9A3: init_vars (main.c:873)
==745198==    by 0x400D9A3: main (main.c:403)
==745198== 
==745198== 32 bytes in 1 blocks are still reachable in loss record 34 of 98
==745198==    at 0x497D858: malloc (vg_replace_malloc.c:447)
==745198==    by 0x4020D1E: emalloc_real (awk.h:2156)
==745198==    by 0x4020D1E: parse_program (awkgram.y:2810)
==745198==    by 0x400EAD8: main (main.c:483)
==745198== 
==745198== 38 bytes in 1 blocks are still reachable in loss record 35 of 98
==745198==    at 0x497D858: malloc (vg_replace_malloc.c:447)
==745198==    by 0x405E673: emalloc_real (awk.h:2156)
==745198==    by 0x405E673: do_find_source (io.c:3070)
==745198==    by 0x4065061: find_source (io.c:3098)
==745198==    by 0x40189F8: add_srcfile (awkgram.y:2864)
==745198==    by 0x400D7E5: parse_args (main.c:1585)
==745198==    by 0x400D7E5: main (main.c:294)
==745198== 
==745198== 40 bytes in 1 blocks are still reachable in loss record 36 of 98
==745198==    at 0x497D858: malloc (vg_replace_malloc.c:447)
==745198==    by 0x4066202: emalloc_real.constprop.0 (awk.h:2156)
==745198==    by 0x400D66C: save_argv (main.c:1496)
==745198==    by 0x400D66C: parse_args (main.c:1554)
==745198==    by 0x400D66C: main (main.c:294)
==745198== 
==745198== 48 bytes in 1 blocks are still reachable in loss record 37 of 98
==745198==    at 0x497D858: malloc (vg_replace_malloc.c:447)
==745198==    by 0x4068FEB: emalloc_real (awk.h:2156)
==745198==    by 0x4068FEB: r_getblock (node.c:1164)
==745198==    by 0x40768D9: str_lookup (str_array.c:214)
==745198==    by 0x407708C: assoc_set (awk.h:2220)
==745198==    by 0x407708C: install (symbol.c:430)
==745198==    by 0x4077369: install_symbol (symbol.c:173)
==745198==    by 0x4077369: init_the_tables (symbol.c:77)
==745198==    by 0x400D60A: main (main.c:287)
==745198== 
==745198== 48 bytes in 1 blocks are still reachable in loss record 38 of 98
==745198==    at 0x497D858: malloc (vg_replace_malloc.c:447)
==745198==    by 0x4068FEB: emalloc_real (awk.h:2156)
==745198==    by 0x4068FEB: r_getblock (node.c:1164)
==745198==    by 0x40768D9: str_lookup (str_array.c:214)
==745198==    by 0x407708C: assoc_set (awk.h:2220)
==745198==    by 0x407708C: install (symbol.c:430)
==745198==    by 0x4077390: install_symbol (symbol.c:173)
==745198==    by 0x4077390: init_the_tables (symbol.c:78)
==745198==    by 0x400D60A: main (main.c:287)
==745198== 
==745198== 48 bytes in 1 blocks are still reachable in loss record 39 of 98
==745198==    at 0x497D858: malloc (vg_replace_malloc.c:447)
==745198==    by 0x4068FEB: emalloc_real (awk.h:2156)
==745198==    by 0x4068FEB: r_getblock (node.c:1164)
==745198==    by 0x40768D9: str_lookup (str_array.c:214)
==745198==    by 0x407708C: assoc_set (awk.h:2220)
==745198==    by 0x407708C: install (symbol.c:430)
==745198==    by 0x400E038: load_environ (main.c:930)
==745198==    by 0x400E038: init_vars (main.c:879)
==745198==    by 0x400E038: main (main.c:403)
==745198== 
==745198== 48 bytes in 1 blocks are still reachable in loss record 40 of 98
==745198==    at 0x497D858: malloc (vg_replace_malloc.c:447)
==745198==    by 0x4068FEB: emalloc_real (awk.h:2156)
==745198==    by 0x4068FEB: r_getblock (node.c:1164)
==745198==    by 0x40768D9: str_lookup (str_array.c:214)
==745198==    by 0x407708C: assoc_set (awk.h:2220)
==745198==    by 0x407708C: install (symbol.c:430)
==745198==    by 0x400E414: init_args (main.c:764)
==745198==    by 0x400E414: main (main.c:470)
==745198== 
==745198== 48 bytes in 1 blocks are still reachable in loss record 41 of 98
==745198==    at 0x497D858: malloc (vg_replace_malloc.c:447)
==745198==    by 0x4068FEB: emalloc_real (awk.h:2156)
==745198==    by 0x4068FEB: r_getblock (node.c:1164)
==745198==    by 0x40768D9: str_lookup (str_array.c:214)
==745198==    by 0x407708C: assoc_set (awk.h:2220)
==745198==    by 0x407708C: install (symbol.c:430)
==745198==    by 0x400EA90: init_args (main.c:791)
==745198==    by 0x400EA90: main (main.c:470)
==745198== 
==745198== 60 bytes in 1 blocks are still reachable in loss record 42 of 98
==745198==    at 0x497D858: malloc (vg_replace_malloc.c:447)
==745198==    by 0x4014E9C: emalloc_real (awk.h:2156)
==745198==    by 0x4014E9C: tokexpand (awkgram.y:3294)
==745198==    by 0x4020FE6: parse_program (awkgram.y:2795)
==745198==    by 0x400EAD8: main (main.c:483)
==745198== 
==745198== 68 bytes in 13 blocks are still reachable in loss record 43 of 98
==745198==    at 0x497D858: malloc (vg_replace_malloc.c:447)
==745198==    by 0x4066564: emalloc_real (awk.h:2156)
==745198==    by 0x4066564: estrdup (main.c:1451)
==745198==    by 0x400D9F0: init_vars (main.c:865)
==745198==    by 0x400D9F0: main (main.c:403)
==745198== 
==745198== 68 bytes in 13 blocks are still reachable in loss record 44 of 98
==745198==    at 0x497D858: malloc (vg_replace_malloc.c:447)
==745198==    by 0x4069457: emalloc_real (awk.h:2156)
==745198==    by 0x4069457: make_str_node (node.c:422)
==745198==    by 0x4077055: install (symbol.c:399)
==745198==    by 0x400DA01: init_vars (main.c:865)
==745198==    by 0x400DA01: main (main.c:403)
==745198== 
==745198== 88 bytes in 1 blocks are still reachable in loss record 45 of 98
==745198==    at 0x497D858: malloc (vg_replace_malloc.c:447)
==745198==    by 0x4068FEB: emalloc_real (awk.h:2156)
==745198==    by 0x4068FEB: r_getblock (node.c:1164)
==745198==    by 0x40693C1: make_str_node (node.c:406)
==745198==    by 0x400D5C7: main (main.c:278)
==745198== 
==745198== 88 bytes in 1 blocks are still reachable in loss record 46 of 98
==745198==    at 0x497D858: malloc (vg_replace_malloc.c:447)
==745198==    by 0x4068FEB: emalloc_real (awk.h:2156)
==745198==    by 0x4068FEB: r_getblock (node.c:1164)
==745198==    by 0x40772C7: init_the_tables (symbol.c:68)
==745198==    by 0x400D60A: main (main.c:287)
==745198== 
==745198== 88 bytes in 1 blocks are still reachable in loss record 47 of 98
==745198==    at 0x497D858: malloc (vg_replace_malloc.c:447)
==745198==    by 0x4068FEB: emalloc_real (awk.h:2156)
==745198==    by 0x4068FEB: r_getblock (node.c:1164)
==745198==    by 0x4077308: init_the_tables (symbol.c:72)
==745198==    by 0x400D60A: main (main.c:287)
==745198== 
==745198== 88 bytes in 1 blocks are still reachable in loss record 48 of 98
==745198==    at 0x497D858: malloc (vg_replace_malloc.c:447)
==745198==    by 0x4068FEB: emalloc_real (awk.h:2156)
==745198==    by 0x4068FEB: r_getblock (node.c:1164)
==745198==    by 0x40693C1: make_str_node (node.c:406)
==745198==    by 0x4077055: install (symbol.c:399)
==745198==    by 0x4077369: install_symbol (symbol.c:173)
==745198==    by 0x4077369: init_the_tables (symbol.c:77)
==745198==    by 0x400D60A: main (main.c:287)
==745198== 
==745198== 88 bytes in 1 blocks are still reachable in loss record 49 of 98
==745198==    at 0x497D858: malloc (vg_replace_malloc.c:447)
==745198==    by 0x4068FEB: emalloc_real (awk.h:2156)
==745198==    by 0x4068FEB: r_getblock (node.c:1164)
==745198==    by 0x4077133: make_symbol (symbol.c:376)
==745198==    by 0x4077133: install (symbol.c:417)
==745198==    by 0x4077369: install_symbol (symbol.c:173)
==745198==    by 0x4077369: init_the_tables (symbol.c:77)
==745198==    by 0x400D60A: main (main.c:287)
==745198== 
==745198== 88 bytes in 1 blocks are still reachable in loss record 50 of 98
==745198==    at 0x497D858: malloc (vg_replace_malloc.c:447)
==745198==    by 0x4068FEB: emalloc_real (awk.h:2156)
==745198==    by 0x4068FEB: r_getblock (node.c:1164)
==745198==    by 0x40693C1: make_str_node (node.c:406)
==745198==    by 0x4077055: install (symbol.c:399)
==745198==    by 0x4077390: install_symbol (symbol.c:173)
==745198==    by 0x4077390: init_the_tables (symbol.c:78)
==745198==    by 0x400D60A: main (main.c:287)
==745198== 
==745198== 88 bytes in 1 blocks are still reachable in loss record 51 of 98
==745198==    at 0x497D858: malloc (vg_replace_malloc.c:447)
==745198==    by 0x4068FEB: emalloc_real (awk.h:2156)
==745198==    by 0x4068FEB: r_getblock (node.c:1164)
==745198==    by 0x4077133: make_symbol (symbol.c:376)
==745198==    by 0x4077133: install (symbol.c:417)
==745198==    by 0x4077390: install_symbol (symbol.c:173)
==745198==    by 0x4077390: init_the_tables (symbol.c:78)
==745198==    by 0x400D60A: main (main.c:287)
==745198== 
==745198== 88 bytes in 1 blocks are still reachable in loss record 52 of 98
==745198==    at 0x497D858: malloc (vg_replace_malloc.c:447)
==745198==    by 0x4068FEB: emalloc_real (awk.h:2156)
==745198==    by 0x4068FEB: r_getblock (node.c:1164)
==745198==    by 0x40693C1: make_str_node (node.c:406)
==745198==    by 0x4077055: install (symbol.c:399)
==745198==    by 0x400E038: load_environ (main.c:930)
==745198==    by 0x400E038: init_vars (main.c:879)
==745198==    by 0x400E038: main (main.c:403)
==745198== 
==745198== 88 bytes in 1 blocks are still reachable in loss record 53 of 98
==745198==    at 0x497D858: malloc (vg_replace_malloc.c:447)
==745198==    by 0x4068FEB: emalloc_real (awk.h:2156)
==745198==    by 0x4068FEB: r_getblock (node.c:1164)
==745198==    by 0x4077133: make_symbol (symbol.c:376)
==745198==    by 0x4077133: install (symbol.c:417)
==745198==    by 0x400E038: load_environ (main.c:930)
==745198==    by 0x400E038: init_vars (main.c:879)
==745198==    by 0x400E038: main (main.c:403)
==745198== 
==745198== 88 bytes in 1 blocks are still reachable in loss record 54 of 98
==745198==    at 0x497D858: malloc (vg_replace_malloc.c:447)
==745198==    by 0x4068FEB: emalloc_real (awk.h:2156)
==745198==    by 0x4068FEB: r_getblock (node.c:1164)
==745198==    by 0x40693C1: make_str_node (node.c:406)
==745198==    by 0x40553E0: init_fields (field.c:111)
==745198==    by 0x400E1A4: main (main.c:410)
==745198== 
==745198== 88 bytes in 1 blocks are still reachable in loss record 55 of 98
==745198==    at 0x497D858: malloc (vg_replace_malloc.c:447)
==745198==    by 0x4068FEB: emalloc_real (awk.h:2156)
==745198==    by 0x4068FEB: r_getblock (node.c:1164)
==745198==    by 0x4048A91: init_interpret (eval.c:1902)
==745198==    by 0x400E3D5: main (main.c:468)
==745198== 
==745198== 88 bytes in 1 blocks are still reachable in loss record 56 of 98
==745198==    at 0x497D858: malloc (vg_replace_malloc.c:447)
==745198==    by 0x4068FEB: emalloc_real (awk.h:2156)
==745198==    by 0x4068FEB: r_getblock (node.c:1164)
==745198==    by 0x4069930: make_number_node (awk.h:2206)
==745198==    by 0x4069930: r_make_number (node.c:369)
==745198==    by 0x4048AE5: init_interpret (eval.c:1910)
==745198==    by 0x400E3D5: main (main.c:468)
==745198== 
==745198== 88 bytes in 1 blocks are still reachable in loss record 57 of 98
==745198==    at 0x497D858: malloc (vg_replace_malloc.c:447)
==745198==    by 0x4068FEB: emalloc_real (awk.h:2156)
==745198==    by 0x4068FEB: r_getblock (node.c:1164)
==745198==    by 0x4069930: make_number_node (awk.h:2206)
==745198==    by 0x4069930: r_make_number (node.c:369)
==745198==    by 0x4048AFA: init_interpret (eval.c:1911)
==745198==    by 0x400E3D5: main (main.c:468)
==745198== 
==745198== 88 bytes in 1 blocks are still reachable in loss record 58 of 98
==745198==    at 0x497D858: malloc (vg_replace_malloc.c:447)
==745198==    by 0x4068FEB: emalloc_real (awk.h:2156)
==745198==    by 0x4068FEB: r_getblock (node.c:1164)
==745198==    by 0x40693C1: make_str_node (node.c:406)
==745198==    by 0x4077055: install (symbol.c:399)
==745198==    by 0x400E414: init_args (main.c:764)
==745198==    by 0x400E414: main (main.c:470)
==745198== 
==745198== 88 bytes in 1 blocks are still reachable in loss record 59 of 98
==745198==    at 0x497D858: malloc (vg_replace_malloc.c:447)
==745198==    by 0x4068FEB: emalloc_real (awk.h:2156)
==745198==    by 0x4068FEB: r_getblock (node.c:1164)
==745198==    by 0x4077133: make_symbol (symbol.c:376)
==745198==    by 0x4077133: install (symbol.c:417)
==745198==    by 0x400E414: init_args (main.c:764)
==745198==    by 0x400E414: main (main.c:470)
==745198== 
==745198== 88 bytes in 1 blocks are still reachable in loss record 60 of 98
==745198==    at 0x497D858: malloc (vg_replace_malloc.c:447)
==745198==    by 0x4068FEB: emalloc_real (awk.h:2156)
==745198==    by 0x4068FEB: r_getblock (node.c:1164)
==745198==    by 0x40693C1: make_str_node (node.c:406)
==745198==    by 0x400E43D: init_args (main.c:766)
==745198==    by 0x400E43D: main (main.c:470)
==745198== 
==745198== 88 bytes in 1 blocks are still reachable in loss record 61 of 98
==745198==    at 0x497D858: malloc (vg_replace_malloc.c:447)
==745198==    by 0x4068FEB: emalloc_real (awk.h:2156)
==745198==    by 0x4068FEB: r_getblock (node.c:1164)
==745198==    by 0x40348D2: make_node (cint_array.c:731)
==745198==    by 0x40348D2: cint_lookup (cint_array.c:256)
==745198==    by 0x40662E6: assoc_set (awk.h:2220)
==745198==    by 0x400E453: init_args (main.c:768)
==745198==    by 0x400E453: main (main.c:470)
==745198== 
==745198== 88 bytes in 1 blocks are still reachable in loss record 62 of 98
==745198==    at 0x497D858: malloc (vg_replace_malloc.c:447)
==745198==    by 0x4068FEB: emalloc_real (awk.h:2156)
==745198==    by 0x4068FEB: r_getblock (node.c:1164)
==745198==    by 0x40344E7: make_node (cint_array.c:731)
==745198==    by 0x40344E7: tree_lookup (cint_array.c:796)
==745198==    by 0x40662E6: assoc_set (awk.h:2220)
==745198==    by 0x400E453: init_args (main.c:768)
==745198==    by 0x400E453: main (main.c:470)
==745198== 
==745198== 88 bytes in 1 blocks are still reachable in loss record 63 of 98
==745198==    at 0x497D858: malloc (vg_replace_malloc.c:447)
==745198==    by 0x4068FEB: emalloc_real (awk.h:2156)
==745198==    by 0x4068FEB: r_getblock (node.c:1164)
==745198==    by 0x40693C1: make_str_node (node.c:406)
==745198==    by 0x4077055: install (symbol.c:399)
==745198==    by 0x400EA90: init_args (main.c:791)
==745198==    by 0x400EA90: main (main.c:470)
==745198== 
==745198== 88 bytes in 1 blocks are still reachable in loss record 64 of 98
==745198==    at 0x497D858: malloc (vg_replace_malloc.c:447)
==745198==    by 0x4068FEB: emalloc_real (awk.h:2156)
==745198==    by 0x4068FEB: r_getblock (node.c:1164)
==745198==    by 0x4077133: make_symbol (symbol.c:376)
==745198==    by 0x4077133: install (symbol.c:417)
==745198==    by 0x400EA90: init_args (main.c:791)
==745198==    by 0x400EA90: main (main.c:470)
==745198== 
==745198== 88 bytes in 1 blocks are still reachable in loss record 65 of 98
==745198==    at 0x497D858: malloc (vg_replace_malloc.c:447)
==745198==    by 0x4068FEB: emalloc_real (awk.h:2156)
==745198==    by 0x4068FEB: r_getblock (node.c:1164)
==745198==    by 0x4069930: make_number_node (awk.h:2206)
==745198==    by 0x4069930: r_make_number (node.c:369)
==745198==    by 0x400EAA8: init_args (main.c:792)
==745198==    by 0x400EAA8: main (main.c:470)
==745198== 
==745198== 88 bytes in 1 blocks are still reachable in loss record 66 of 98
==745198==    at 0x497D858: malloc (vg_replace_malloc.c:447)
==745198==    by 0x4068FEB: emalloc_real (awk.h:2156)
==745198==    by 0x4068FEB: r_getblock (node.c:1164)
==745198==    by 0x40693C1: make_str_node (node.c:406)
==745198==    by 0x401B194: yylex (awkgram.y:4074)
==745198==    by 0x401C83C: yyparse (awkgram.c:1879)
==745198==    by 0x402073A: parse_program (awkgram.y:2797)
==745198==    by 0x400EAD8: main (main.c:483)
==745198== 
==745198== 88 bytes in 1 blocks are still reachable in loss record 67 of 98
==745198==    at 0x497D858: malloc (vg_replace_malloc.c:447)
==745198==    by 0x4068FEB: emalloc_real (awk.h:2156)
==745198==    by 0x4068FEB: r_getblock (node.c:1164)
==745198==    by 0x40693C1: make_str_node (node.c:406)
==745198==    by 0x40613F5: nextfile (io.c:518)
==745198==    by 0x404ECBF: r_interpret (interpret.h:1421)
==745198==    by 0x400EDDE: main (main.c:532)
==745198== 
==745198== 88 bytes in 1 blocks are still reachable in loss record 68 of 98
==745198==    at 0x497D858: malloc (vg_replace_malloc.c:447)
==745198==    by 0x4068FEB: emalloc_real (awk.h:2156)
==745198==    by 0x4068FEB: r_getblock (node.c:1164)
==745198==    by 0x4055A4F: set_record (field.c:343)
==745198==    by 0x406096F: inrec (io.c:590)
==745198==    by 0x404ECFC: r_interpret (interpret.h:1457)
==745198==    by 0x400EDDE: main (main.c:532)
==745198== 
==745198== 104 bytes in 1 blocks are still reachable in loss record 69 of 98
==745198==    at 0x4984E43: calloc (vg_replace_malloc.c:1678)
==745198==    by 0x4075D54: ezalloc_real (awk.h:2174)
==745198==    by 0x4075D54: grow_table (str_array.c:682)
==745198==    by 0x407693C: str_lookup (str_array.c:150)
==745198==    by 0x407708C: assoc_set (awk.h:2220)
==745198==    by 0x407708C: install (symbol.c:430)
==745198==    by 0x4077369: install_symbol (symbol.c:173)
==745198==    by 0x4077369: init_the_tables (symbol.c:77)
==745198==    by 0x400D60A: main (main.c:287)
==745198== 
==745198== 104 bytes in 1 blocks are still reachable in loss record 70 of 98
==745198==    at 0x4984E43: calloc (vg_replace_malloc.c:1678)
==745198==    by 0x4075D54: ezalloc_real (awk.h:2174)
==745198==    by 0x4075D54: grow_table (str_array.c:682)
==745198==    by 0x407693C: str_lookup (str_array.c:150)
==745198==    by 0x407708C: assoc_set (awk.h:2220)
==745198==    by 0x407708C: install (symbol.c:430)
==745198==    by 0x400DA01: init_vars (main.c:865)
==745198==    by 0x400DA01: main (main.c:403)
==745198== 
==745198== 104 bytes in 1 blocks are still reachable in loss record 71 of 98
==745198==    at 0x4984E43: calloc (vg_replace_malloc.c:1678)
==745198==    by 0x4075D54: ezalloc_real (awk.h:2174)
==745198==    by 0x4075D54: grow_table (str_array.c:682)
==745198==    by 0x407693C: str_lookup (str_array.c:150)
==745198==    by 0x400E127: assoc_set (awk.h:2220)
==745198==    by 0x400E127: load_environ (main.c:949)
==745198==    by 0x400E127: init_vars (main.c:879)
==745198==    by 0x400E127: main (main.c:403)
==745198== 
==745198== 104 bytes in 1 blocks are still reachable in loss record 72 of 98
==745198==    at 0x4984E43: calloc (vg_replace_malloc.c:1678)
==745198==    by 0x4075D54: ezalloc_real (awk.h:2174)
==745198==    by 0x4075D54: grow_table (str_array.c:682)
==745198==    by 0x407693C: str_lookup (str_array.c:150)
==745198==    by 0x407708C: assoc_set (awk.h:2220)
==745198==    by 0x407708C: install (symbol.c:430)
==745198==    by 0x401982E: install_builtins (awkgram.y:6601)
==745198==    by 0x400ED71: main (main.c:491)
==745198== 
==745198== 127 bytes in 22 blocks are still reachable in loss record 73 of 98
==745198==    at 0x497D858: malloc (vg_replace_malloc.c:447)
==745198==    by 0x4069457: emalloc_real (awk.h:2156)
==745198==    by 0x4069457: make_str_node (node.c:422)
==745198==    by 0x4077055: install (symbol.c:399)
==745198==    by 0x401982E: install_builtins (awkgram.y:6601)
==745198==    by 0x400ED71: main (main.c:491)
==745198== 
==745198== 176 bytes in 2 blocks are still reachable in loss record 74 of 98
==745198==    at 0x497D858: malloc (vg_replace_malloc.c:447)
==745198==    by 0x4068FEB: emalloc_real (awk.h:2156)
==745198==    by 0x4068FEB: r_getblock (node.c:1164)
==745198==    by 0x4069930: make_number_node (awk.h:2206)
==745198==    by 0x4069930: r_make_number (node.c:369)
==745198==    by 0x401A26C: yylex (awkgram.y:4256)
==745198==    by 0x401C83C: yyparse (awkgram.c:1879)
==745198==    by 0x402073A: parse_program (awkgram.y:2797)
==745198==    by 0x400EAD8: main (main.c:483)
==745198== 
==745198== 176 bytes in 2 blocks are still reachable in loss record 75 of 98
==745198==    at 0x497D858: malloc (vg_replace_malloc.c:447)
==745198==    by 0x4068FEB: emalloc_real (awk.h:2156)
==745198==    by 0x4068FEB: r_getblock (node.c:1164)
==745198==    by 0x4053C41: purge_record (field.c:410)
==745198==    by 0x40559EB: set_record (field.c:305)
==745198==    by 0x406096F: inrec (io.c:590)
==745198==    by 0x404ECFC: r_interpret (interpret.h:1457)
==745198==    by 0x400EDDE: main (main.c:532)
==745198== 
==745198== 205 bytes in 24 blocks are still reachable in loss record 76 of 98
==745198==    at 0x497D858: malloc (vg_replace_malloc.c:447)
==745198==    by 0x4069457: emalloc_real (awk.h:2156)
==745198==    by 0x4069457: make_str_node (node.c:422)
==745198==    by 0x400E0F5: load_environ (main.c:946)
==745198==    by 0x400E0F5: init_vars (main.c:879)
==745198==    by 0x400E0F5: main (main.c:403)
==745198== 
==745198== 256 bytes in 1 blocks are still reachable in loss record 77 of 98
==745198==    at 0x4984E43: calloc (vg_replace_malloc.c:1678)
==745198==    by 0x4034892: ezalloc_real (awk.h:2174)
==745198==    by 0x4034892: cint_lookup (cint_array.c:249)
==745198==    by 0x40662E6: assoc_set (awk.h:2220)
==745198==    by 0x400E453: init_args (main.c:768)
==745198==    by 0x400E453: main (main.c:470)
==745198== 
==745198== 256 bytes in 1 blocks are still reachable in loss record 78 of 98
==745198==    at 0x4984E43: calloc (vg_replace_malloc.c:1678)
==745198==    by 0x4034297: ezalloc_real (awk.h:2174)
==745198==    by 0x4034297: tree_lookup (cint_array.c:773)
==745198==    by 0x40662E6: assoc_set (awk.h:2220)
==745198==    by 0x400E453: init_args (main.c:768)
==745198==    by 0x400E453: main (main.c:470)
==745198== 
==745198== 256 bytes in 1 blocks are still reachable in loss record 79 of 98
==745198==    at 0x4984E43: calloc (vg_replace_malloc.c:1678)
==745198==    by 0x40344C0: ezalloc_real (awk.h:2174)
==745198==    by 0x40344C0: leaf_lookup (cint_array.c:1064)
==745198==    by 0x40344C0: tree_lookup (cint_array.c:797)
==745198==    by 0x40662E6: assoc_set (awk.h:2220)
==745198==    by 0x400E453: init_args (main.c:768)
==745198==    by 0x400E453: main (main.c:470)
==745198== 
==745198== 296 bytes in 1 blocks are still reachable in loss record 80 of 98
==745198==    at 0x4984E43: calloc (vg_replace_malloc.c:1678)
==745198==    by 0x4014A06: ezalloc_real (awk.h:2174)
==745198==    by 0x4014A06: do_add_srcfile (awkgram.y:2833)
==745198==    by 0x4018A70: add_srcfile (awkgram.y:2916)
==745198==    by 0x400D7E5: parse_args (main.c:1585)
==745198==    by 0x400D7E5: main (main.c:294)
==745198== 
==745198== 440 bytes in 5 blocks are still reachable in loss record 81 of 98
==745198==    at 0x497D858: malloc (vg_replace_malloc.c:447)
==745198==    by 0x4068FEB: emalloc_real (awk.h:2156)
==745198==    by 0x4068FEB: r_getblock (node.c:1164)
==745198==    by 0x4069930: make_number_node (awk.h:2206)
==745198==    by 0x4069930: r_make_number (node.c:369)
==745198==    by 0x400DA23: init_vars (main.c:869)
==745198==    by 0x400DA23: main (main.c:403)
==745198== 
==745198== 512 bytes in 1 blocks are still reachable in loss record 82 of 98
==745198==    at 0x4984E43: calloc (vg_replace_malloc.c:1678)
==745198==    by 0x4055BEE: ezalloc_real (awk.h:2174)
==745198==    by 0x4055BEE: set_record (field.c:309)
==745198==    by 0x406096F: inrec (io.c:590)
==745198==    by 0x404ECFC: r_interpret (interpret.h:1457)
==745198==    by 0x400EDDE: main (main.c:532)
==745198== 
==745198== 528 bytes in 6 blocks are still reachable in loss record 83 of 98
==745198==    at 0x497D858: malloc (vg_replace_malloc.c:447)
==745198==    by 0x4068FEB: emalloc_real (awk.h:2156)
==745198==    by 0x4068FEB: r_getblock (node.c:1164)
==745198==    by 0x40693C1: make_str_node (node.c:406)
==745198==    by 0x400D984: init_vars (main.c:867)
==745198==    by 0x400D984: main (main.c:403)
==745198== 
==745198== 552 bytes in 1 blocks are still reachable in loss record 84 of 98
==745198==    at 0x4984E43: calloc (vg_replace_malloc.c:1678)
==745198==    by 0x4078976: ezalloc_real (awk.h:2174)
==745198==    by 0x4078976: new_context (symbol.c:870)
==745198==    by 0x400D61D: main (main.c:292)
==745198== 
==745198== 624 bytes in 13 blocks are still reachable in loss record 85 of 98
==745198==    at 0x497D858: malloc (vg_replace_malloc.c:447)
==745198==    by 0x4068FEB: emalloc_real (awk.h:2156)
==745198==    by 0x4068FEB: r_getblock (node.c:1164)
==745198==    by 0x40768D9: str_lookup (str_array.c:214)
==745198==    by 0x407708C: assoc_set (awk.h:2220)
==745198==    by 0x407708C: install (symbol.c:430)
==745198==    by 0x400DA01: init_vars (main.c:865)
==745198==    by 0x400DA01: main (main.c:403)
==745198== 
==745198== 830 bytes in 24 blocks are still reachable in loss record 86 of 98
==745198==    at 0x497D858: malloc (vg_replace_malloc.c:447)
==745198==    by 0x4069457: emalloc_real (awk.h:2156)
==745198==    by 0x4069457: make_str_node (node.c:422)
==745198==    by 0x400E10D: load_environ (main.c:947)
==745198==    by 0x400E10D: init_vars (main.c:879)
==745198==    by 0x400E10D: main (main.c:403)
==745198== 
==745198== 1,056 bytes in 22 blocks are still reachable in loss record 87 of 98
==745198==    at 0x497D858: malloc (vg_replace_malloc.c:447)
==745198==    by 0x4068FEB: emalloc_real (awk.h:2156)
==745198==    by 0x4068FEB: r_getblock (node.c:1164)
==745198==    by 0x40768D9: str_lookup (str_array.c:214)
==745198==    by 0x407708C: assoc_set (awk.h:2220)
==745198==    by 0x407708C: install (symbol.c:430)
==745198==    by 0x401982E: install_builtins (awkgram.y:6601)
==745198==    by 0x400ED71: main (main.c:491)
==745198== 
==745198== 1,144 bytes in 13 blocks are still reachable in loss record 88 of 98
==745198==    at 0x497D858: malloc (vg_replace_malloc.c:447)
==745198==    by 0x4068FEB: emalloc_real (awk.h:2156)
==745198==    by 0x4068FEB: r_getblock (node.c:1164)
==745198==    by 0x40693C1: make_str_node (node.c:406)
==745198==    by 0x4077055: install (symbol.c:399)
==745198==    by 0x400DA01: init_vars (main.c:865)
==745198==    by 0x400DA01: main (main.c:403)
==745198== 
==745198== 1,144 bytes in 13 blocks are still reachable in loss record 89 of 98
==745198==    at 0x497D858: malloc (vg_replace_malloc.c:447)
==745198==    by 0x4068FEB: emalloc_real (awk.h:2156)
==745198==    by 0x4068FEB: r_getblock (node.c:1164)
==745198==    by 0x4077133: make_symbol (symbol.c:376)
==745198==    by 0x4077133: install (symbol.c:417)
==745198==    by 0x400DA01: init_vars (main.c:865)
==745198==    by 0x400DA01: main (main.c:403)
==745198== 
==745198== 1,152 bytes in 24 blocks are still reachable in loss record 90 of 98
==745198==    at 0x497D858: malloc (vg_replace_malloc.c:447)
==745198==    by 0x4068FEB: emalloc_real (awk.h:2156)
==745198==    by 0x4068FEB: r_getblock (node.c:1164)
==745198==    by 0x40768D9: str_lookup (str_array.c:214)
==745198==    by 0x400E127: assoc_set (awk.h:2220)
==745198==    by 0x400E127: load_environ (main.c:949)
==745198==    by 0x400E127: init_vars (main.c:879)
==745198==    by 0x400E127: main (main.c:403)
==745198== 
==745198== 1,936 bytes in 22 blocks are still reachable in loss record 91 of 98
==745198==    at 0x497D858: malloc (vg_replace_malloc.c:447)
==745198==    by 0x4068FEB: emalloc_real (awk.h:2156)
==745198==    by 0x4068FEB: r_getblock (node.c:1164)
==745198==    by 0x40693C1: make_str_node (node.c:406)
==745198==    by 0x4077055: install (symbol.c:399)
==745198==    by 0x401982E: install_builtins (awkgram.y:6601)
==745198==    by 0x400ED71: main (main.c:491)
==745198== 
==745198== 1,936 bytes in 22 blocks are still reachable in loss record 92 of 98
==745198==    at 0x497D858: malloc (vg_replace_malloc.c:447)
==745198==    by 0x4068FEB: emalloc_real (awk.h:2156)
==745198==    by 0x4068FEB: r_getblock (node.c:1164)
==745198==    by 0x407721E: make_symbol (symbol.c:376)
==745198==    by 0x407721E: install (symbol.c:417)
==745198==    by 0x401982E: install_builtins (awkgram.y:6601)
==745198==    by 0x400ED71: main (main.c:491)
==745198== 
==745198== 2,048 bytes in 1 blocks are still reachable in loss record 93 of 98
==745198==    at 0x497D858: malloc (vg_replace_malloc.c:447)
==745198==    by 0x4048A59: emalloc_real (awk.h:2156)
==745198==    by 0x4048A59: init_interpret (eval.c:1897)
==745198==    by 0x400E3D5: main (main.c:468)
==745198== 
==745198== 2,112 bytes in 24 blocks are still reachable in loss record 94 of 98
==745198==    at 0x497D858: malloc (vg_replace_malloc.c:447)
==745198==    by 0x4068FEB: emalloc_real (awk.h:2156)
==745198==    by 0x4068FEB: r_getblock (node.c:1164)
==745198==    by 0x40693C1: make_str_node (node.c:406)
==745198==    by 0x400E0F5: load_environ (main.c:946)
==745198==    by 0x400E0F5: init_vars (main.c:879)
==745198==    by 0x400E0F5: main (main.c:403)
==745198== 
==745198== 2,112 bytes in 24 blocks are still reachable in loss record 95 of 98
==745198==    at 0x497D858: malloc (vg_replace_malloc.c:447)
==745198==    by 0x4068FEB: emalloc_real (awk.h:2156)
==745198==    by 0x4068FEB: r_getblock (node.c:1164)
==745198==    by 0x40693C1: make_str_node (node.c:406)
==745198==    by 0x400E10D: load_environ (main.c:947)
==745198==    by 0x400E10D: init_vars (main.c:879)
==745198==    by 0x400E10D: main (main.c:403)
==745198== 
==745198== 5,048 bytes in 1 blocks are still reachable in loss record 96 of 98
==745198==    at 0x497D858: malloc (vg_replace_malloc.c:447)
==745198==    by 0x4078891: emalloc_real (awk.h:2156)
==745198==    by 0x4078891: bcalloc (symbol.c:849)
==745198==    by 0x402065C: parse_program (awkgram.y:2770)
==745198==    by 0x400EAD8: main (main.c:483)
==745198== 
==745198== 5,048 bytes in 1 blocks are still reachable in loss record 97 of 98
==745198==    at 0x497D858: malloc (vg_replace_malloc.c:447)
==745198==    by 0x4078891: emalloc_real (awk.h:2156)
==745198==    by 0x4078891: bcalloc (symbol.c:849)
==745198==    by 0x4020B58: parse_program (awkgram.y:2778)
==745198==    by 0x400EAD8: main (main.c:483)
==745198== 
==745198== 5,048 bytes in 1 blocks are still reachable in loss record 98 of 98
==745198==    at 0x497D858: malloc (vg_replace_malloc.c:447)
==745198==    by 0x4078891: emalloc_real (awk.h:2156)
==745198==    by 0x4078891: bcalloc (symbol.c:849)
==745198==    by 0x401C2EA: yylex (awkgram.y:4447)
==745198==    by 0x401C83C: yyparse (awkgram.c:1879)
==745198==    by 0x402073A: parse_program (awkgram.y:2797)
==745198==    by 0x400EAD8: main (main.c:483)
==745198== 
==745198== LEAK SUMMARY:
==745198==    definitely lost: 0 bytes in 0 blocks
==745198==    indirectly lost: 0 bytes in 0 blocks
==745198==      possibly lost: 0 bytes in 0 blocks
==745198==    still reachable: 38,350 bytes in 376 blocks
==745198==         suppressed: 0 bytes in 0 blocks
==745198== 
==745198== For lists of detected and suppressed errors, rerun with: -s
==745198== ERROR SUMMARY: 1 errors from 1 contexts (suppressed: 0 from 0)
