==616352== Memcheck, a memory error detector
==616352== Copyright (C) 2002-2024, and GNU GPL'd, by Julian Seward et al.
==616352== Using Valgrind-3.26.0 and LibVEX; rerun with -h for copyright info
==616352== Command: tar -v -c -L 10 -M -f 1.tar -f 2.tar -f 3.tar -f 4.tar -f 5.tar data1 data2
==616352== Parent PID: 616348
==616352== 
==616352== 
==616352== FILE DESCRIPTORS: 1 open (1 inherited) at exit.
==616352== 
==616352== HEAP SUMMARY:
==616352==     in use at exit: 37,872 bytes in 16 blocks
==616352==   total heap usage: 141 allocs, 125 frees, 151,109 bytes allocated
==616352== 
==616352== 5 bytes in 1 blocks are still reachable in loss record 1 of 15
==616352==    at 0x586E858: malloc (vg_replace_malloc.c:447)
==616352==    by 0x469E66D: rboxc_tar_xstrdup (in /root/rboxc/target/screen-owned-candidate/release/rboxc)
==616352==    by 0x466FF4F: rboxc_tar_assign_string (in /root/rboxc/target/screen-owned-candidate/release/rboxc)
==616352==    by 0x4673232: rboxc_tar_uid_to_uname (in /root/rboxc/target/screen-owned-candidate/release/rboxc)
==616352==    by 0x4662453: rboxc_tar_start_header (in /root/rboxc/target/screen-owned-candidate/release/rboxc)
==616352==    by 0x46625F8: dump_regular_file (in /root/rboxc/target/screen-owned-candidate/release/rboxc)
==616352==    by 0x4663442: dump_file0 (in /root/rboxc/target/screen-owned-candidate/release/rboxc)
==616352==    by 0x46643E9: rboxc_tar_create_archive (in /root/rboxc/target/screen-owned-candidate/release/rboxc)
==616352==    by 0x4478AF8: single_binary_main_tar (in /root/rboxc/target/screen-owned-candidate/release/rboxc)
==616352==    by 0x5A18600: (below main) (libc_start_call_main.h:59)
==616352== 
==616352== 5 bytes in 1 blocks are still reachable in loss record 2 of 15
==616352==    at 0x586E858: malloc (vg_replace_malloc.c:447)
==616352==    by 0x469E66D: rboxc_tar_xstrdup (in /root/rboxc/target/screen-owned-candidate/release/rboxc)
==616352==    by 0x466FF4F: rboxc_tar_assign_string (in /root/rboxc/target/screen-owned-candidate/release/rboxc)
==616352==    by 0x46732C2: rboxc_tar_gid_to_gname (in /root/rboxc/target/screen-owned-candidate/release/rboxc)
==616352==    by 0x466243B: rboxc_tar_start_header (in /root/rboxc/target/screen-owned-candidate/release/rboxc)
==616352==    by 0x46625F8: dump_regular_file (in /root/rboxc/target/screen-owned-candidate/release/rboxc)
==616352==    by 0x4663442: dump_file0 (in /root/rboxc/target/screen-owned-candidate/release/rboxc)
==616352==    by 0x46643E9: rboxc_tar_create_archive (in /root/rboxc/target/screen-owned-candidate/release/rboxc)
==616352==    by 0x4478AF8: single_binary_main_tar (in /root/rboxc/target/screen-owned-candidate/release/rboxc)
==616352==    by 0x5A18600: (below main) (libc_start_call_main.h:59)
==616352== 
==616352== 16 bytes in 1 blocks are still reachable in loss record 3 of 15
==616352==    at 0x5875E43: calloc (vg_replace_malloc.c:1678)
==616352==    by 0x469E501: rboxc_tar_xzalloc (in /root/rboxc/target/screen-owned-candidate/release/rboxc)
==616352==    by 0x4477AF5: single_binary_main_tar (in /root/rboxc/target/screen-owned-candidate/release/rboxc)
==616352==    by 0x5A18600: (below main) (libc_start_call_main.h:59)
==616352== 
==616352== 17 bytes in 1 blocks are still reachable in loss record 4 of 15
==616352==    at 0x586E858: malloc (vg_replace_malloc.c:447)
==616352==    by 0x469E66D: rboxc_tar_xstrdup (in /root/rboxc/target/screen-owned-candidate/release/rboxc)
==616352==    by 0x466FF4F: rboxc_tar_assign_string (in /root/rboxc/target/screen-owned-candidate/release/rboxc)
==616352==    by 0x467EFE6: rboxc_tar_xheader_xhdr_name (in /root/rboxc/target/screen-owned-candidate/release/rboxc)
==616352==    by 0x46610F7: write_extended.part.0 (in /root/rboxc/target/screen-owned-candidate/release/rboxc)
==616352==    by 0x46616F6: rboxc_tar_finish_header (in /root/rboxc/target/screen-owned-candidate/release/rboxc)
==616352==    by 0x466260F: dump_regular_file (in /root/rboxc/target/screen-owned-candidate/release/rboxc)
==616352==    by 0x4663442: dump_file0 (in /root/rboxc/target/screen-owned-candidate/release/rboxc)
==616352==    by 0x46643E9: rboxc_tar_create_archive (in /root/rboxc/target/screen-owned-candidate/release/rboxc)
==616352==    by 0x4478AF8: single_binary_main_tar (in /root/rboxc/target/screen-owned-candidate/release/rboxc)
==616352==    by 0x5A18600: (below main) (libc_start_call_main.h:59)
==616352== 
==616352== 47 bytes in 1 blocks are still reachable in loss record 5 of 15
==616352==    at 0x586E858: malloc (vg_replace_malloc.c:447)
==616352==    by 0x469E0DC: rboxc_tar_xmalloc (in /root/rboxc/target/screen-owned-candidate/release/rboxc)
==616352==    by 0x467F0A4: rboxc_tar_xheader_ghdr_name (in /root/rboxc/target/screen-owned-candidate/release/rboxc)
==616352==    by 0x4661063: write_extended.part.0 (in /root/rboxc/target/screen-owned-candidate/release/rboxc)
==616352==    by 0x465C90E: gnu_flush_write (in /root/rboxc/target/screen-owned-candidate/release/rboxc)
==616352==    by 0x465B369: rboxc_tar_find_next_block (in /root/rboxc/target/screen-owned-candidate/release/rboxc)
==616352==    by 0x466262C: dump_regular_file (in /root/rboxc/target/screen-owned-candidate/release/rboxc)
==616352==    by 0x4663442: dump_file0 (in /root/rboxc/target/screen-owned-candidate/release/rboxc)
==616352==    by 0x46643E9: rboxc_tar_create_archive (in /root/rboxc/target/screen-owned-candidate/release/rboxc)
==616352==    by 0x4478AF8: single_binary_main_tar (in /root/rboxc/target/screen-owned-candidate/release/rboxc)
==616352==    by 0x5A18600: (below main) (libc_start_call_main.h:59)
==616352== 
==616352== 64 bytes in 2 blocks are still reachable in loss record 6 of 15
==616352==    at 0x586E858: malloc (vg_replace_malloc.c:447)
==616352==    by 0x469E0DC: rboxc_tar_xmalloc (in /root/rboxc/target/screen-owned-candidate/release/rboxc)
==616352==    by 0x4660EDE: file_count_links (in /root/rboxc/target/screen-owned-candidate/release/rboxc)
==616352==    by 0x46638B8: dump_file0 (in /root/rboxc/target/screen-owned-candidate/release/rboxc)
==616352==    by 0x46643E9: rboxc_tar_create_archive (in /root/rboxc/target/screen-owned-candidate/release/rboxc)
==616352==    by 0x4478AF8: single_binary_main_tar (in /root/rboxc/target/screen-owned-candidate/release/rboxc)
==616352==    by 0x5A18600: (below main) (libc_start_call_main.h:59)
==616352== 
==616352== 80 bytes in 1 blocks are still reachable in loss record 7 of 15
==616352==    at 0x586E858: malloc (vg_replace_malloc.c:447)
==616352==    by 0x469E0DC: rboxc_tar_xmalloc (in /root/rboxc/target/screen-owned-candidate/release/rboxc)
==616352==    by 0x4477A00: single_binary_main_tar (in /root/rboxc/target/screen-owned-candidate/release/rboxc)
==616352==    by 0x5A18600: (below main) (libc_start_call_main.h:59)
==616352== 
==616352== 80 bytes in 1 blocks are still reachable in loss record 8 of 15
==616352==    at 0x586E858: malloc (vg_replace_malloc.c:447)
==616352==    by 0x4693786: rboxc_tar_hash_initialize (in /root/rboxc/target/screen-owned-candidate/release/rboxc)
==616352==    by 0x4660F7B: file_count_links (in /root/rboxc/target/screen-owned-candidate/release/rboxc)
==616352==    by 0x46638B8: dump_file0 (in /root/rboxc/target/screen-owned-candidate/release/rboxc)
==616352==    by 0x46643E9: rboxc_tar_create_archive (in /root/rboxc/target/screen-owned-candidate/release/rboxc)
==616352==    by 0x4478AF8: single_binary_main_tar (in /root/rboxc/target/screen-owned-candidate/release/rboxc)
==616352==    by 0x5A18600: (below main) (libc_start_call_main.h:59)
==616352== 
==616352== 102 bytes in 1 blocks are still reachable in loss record 9 of 15
==616352==    at 0x586E858: malloc (vg_replace_malloc.c:447)
==616352==    by 0x469E0DC: rboxc_tar_xmalloc (in /root/rboxc/target/screen-owned-candidate/release/rboxc)
==616352==    by 0x46734A1: rboxc_tar_name_init (in /root/rboxc/target/screen-owned-candidate/release/rboxc)
==616352==    by 0x4478A7A: single_binary_main_tar (in /root/rboxc/target/screen-owned-candidate/release/rboxc)
==616352==    by 0x5A18600: (below main) (libc_start_call_main.h:59)
==616352== 
==616352== 112 bytes in 1 blocks are still reachable in loss record 10 of 15
==616352==    at 0x586E858: malloc (vg_replace_malloc.c:447)
==616352==    by 0x5A18E43: __gconv_open (gconv_open.c:77)
==616352==    by 0x5A189E0: iconv_open (iconv_open.c:39)
==616352==    by 0x467A90B: rboxc_tar_utf8_convert (in /root/rboxc/target/screen-owned-candidate/release/rboxc)
==616352==    by 0x467DB6E: code_string (in /root/rboxc/target/screen-owned-candidate/release/rboxc)
==616352==    by 0x465CBD4: gnu_flush_write (in /root/rboxc/target/screen-owned-candidate/release/rboxc)
==616352==    by 0x465B369: rboxc_tar_find_next_block (in /root/rboxc/target/screen-owned-candidate/release/rboxc)
==616352==    by 0x466262C: dump_regular_file (in /root/rboxc/target/screen-owned-candidate/release/rboxc)
==616352==    by 0x4663442: dump_file0 (in /root/rboxc/target/screen-owned-candidate/release/rboxc)
==616352==    by 0x46643E9: rboxc_tar_create_archive (in /root/rboxc/target/screen-owned-candidate/release/rboxc)
==616352==    by 0x4478AF8: single_binary_main_tar (in /root/rboxc/target/screen-owned-candidate/release/rboxc)
==616352==    by 0x5A18600: (below main) (libc_start_call_main.h:59)
==616352== 
==616352== 176 bytes in 1 blocks are still reachable in loss record 11 of 15
==616352==    at 0x5875E43: calloc (vg_replace_malloc.c:1678)
==616352==    by 0x46937DC: rboxc_tar_hash_initialize (in /root/rboxc/target/screen-owned-candidate/release/rboxc)
==616352==    by 0x4660F7B: file_count_links (in /root/rboxc/target/screen-owned-candidate/release/rboxc)
==616352==    by 0x46638B8: dump_file0 (in /root/rboxc/target/screen-owned-candidate/release/rboxc)
==616352==    by 0x46643E9: rboxc_tar_create_archive (in /root/rboxc/target/screen-owned-candidate/release/rboxc)
==616352==    by 0x4478AF8: single_binary_main_tar (in /root/rboxc/target/screen-owned-candidate/release/rboxc)
==616352==    by 0x5A18600: (below main) (libc_start_call_main.h:59)
==616352== 
==616352== 208 bytes in 1 blocks are still reachable in loss record 12 of 15
==616352==    at 0x586E858: malloc (vg_replace_malloc.c:447)
==616352==    by 0x5A24C6F: __gconv_lookup_cache (gconv_cache.c:361)
==616352==    by 0x5A1A8EE: __gconv_find_transform (gconv_db.c:717)
==616352==    by 0x5A18DE5: __gconv_open (gconv_open.c:73)
==616352==    by 0x5A189E0: iconv_open (iconv_open.c:39)
==616352==    by 0x467A90B: rboxc_tar_utf8_convert (in /root/rboxc/target/screen-owned-candidate/release/rboxc)
==616352==    by 0x467DB6E: code_string (in /root/rboxc/target/screen-owned-candidate/release/rboxc)
==616352==    by 0x465CBD4: gnu_flush_write (in /root/rboxc/target/screen-owned-candidate/release/rboxc)
==616352==    by 0x465B369: rboxc_tar_find_next_block (in /root/rboxc/target/screen-owned-candidate/release/rboxc)
==616352==    by 0x466262C: dump_regular_file (in /root/rboxc/target/screen-owned-candidate/release/rboxc)
==616352==    by 0x4663442: dump_file0 (in /root/rboxc/target/screen-owned-candidate/release/rboxc)
==616352==    by 0x46643E9: rboxc_tar_create_archive (in /root/rboxc/target/screen-owned-candidate/release/rboxc)
==616352== 
==616352== 256 bytes in 1 blocks are still reachable in loss record 13 of 15
==616352==    at 0x586E858: malloc (vg_replace_malloc.c:447)
==616352==    by 0x469E0DC: rboxc_tar_xmalloc (in /root/rboxc/target/screen-owned-candidate/release/rboxc)
==616352==    by 0x467DAB4: xheader_print_n (in /root/rboxc/target/screen-owned-candidate/release/rboxc)
==616352==    by 0x467DD3B: mtime_coder (in /root/rboxc/target/screen-owned-candidate/release/rboxc)
==616352==    by 0x46620DF: rboxc_tar_start_header (in /root/rboxc/target/screen-owned-candidate/release/rboxc)
==616352==    by 0x46625F8: dump_regular_file (in /root/rboxc/target/screen-owned-candidate/release/rboxc)
==616352==    by 0x4663442: dump_file0 (in /root/rboxc/target/screen-owned-candidate/release/rboxc)
==616352==    by 0x46643E9: rboxc_tar_create_archive (in /root/rboxc/target/screen-owned-candidate/release/rboxc)
==616352==    by 0x4478AF8: single_binary_main_tar (in /root/rboxc/target/screen-owned-candidate/release/rboxc)
==616352==    by 0x5A18600: (below main) (libc_start_call_main.h:59)
==616352== 
==616352== 4,064 bytes in 1 blocks are still reachable in loss record 14 of 15
==616352==    at 0x586E858: malloc (vg_replace_malloc.c:447)
==616352==    by 0x469E0DC: rboxc_tar_xmalloc (in /root/rboxc/target/screen-owned-candidate/release/rboxc)
==616352==    by 0x4695FFD: _obstack_begin_worker.isra.0 (in /root/rboxc/target/screen-owned-candidate/release/rboxc)
==616352==    by 0x4696028: rboxc_tar__obstack_begin (in /root/rboxc/target/screen-owned-candidate/release/rboxc)
==616352==    by 0x4679CD7: rboxc_tar_transform_name_fp (in /root/rboxc/target/screen-owned-candidate/release/rboxc)
==616352==    by 0x46632A4: dump_file0 (in /root/rboxc/target/screen-owned-candidate/release/rboxc)
==616352==    by 0x46643E9: rboxc_tar_create_archive (in /root/rboxc/target/screen-owned-candidate/release/rboxc)
==616352==    by 0x4478AF8: single_binary_main_tar (in /root/rboxc/target/screen-owned-candidate/release/rboxc)
==616352==    by 0x5A18600: (below main) (libc_start_call_main.h:59)
==616352== 
==616352== 32,640 bytes in 1 blocks are still reachable in loss record 15 of 15
==616352==    at 0x586E858: malloc (vg_replace_malloc.c:447)
==616352==    by 0x5A18ECE: __gconv_open (gconv_open.c:127)
==616352==    by 0x5A189E0: iconv_open (iconv_open.c:39)
==616352==    by 0x467A90B: rboxc_tar_utf8_convert (in /root/rboxc/target/screen-owned-candidate/release/rboxc)
==616352==    by 0x467DB6E: code_string (in /root/rboxc/target/screen-owned-candidate/release/rboxc)
==616352==    by 0x465CBD4: gnu_flush_write (in /root/rboxc/target/screen-owned-candidate/release/rboxc)
==616352==    by 0x465B369: rboxc_tar_find_next_block (in /root/rboxc/target/screen-owned-candidate/release/rboxc)
==616352==    by 0x466262C: dump_regular_file (in /root/rboxc/target/screen-owned-candidate/release/rboxc)
==616352==    by 0x4663442: dump_file0 (in /root/rboxc/target/screen-owned-candidate/release/rboxc)
==616352==    by 0x46643E9: rboxc_tar_create_archive (in /root/rboxc/target/screen-owned-candidate/release/rboxc)
==616352==    by 0x4478AF8: single_binary_main_tar (in /root/rboxc/target/screen-owned-candidate/release/rboxc)
==616352==    by 0x5A18600: (below main) (libc_start_call_main.h:59)
==616352== 
==616352== LEAK SUMMARY:
==616352==    definitely lost: 0 bytes in 0 blocks
==616352==    indirectly lost: 0 bytes in 0 blocks
==616352==      possibly lost: 0 bytes in 0 blocks
==616352==    still reachable: 37,872 bytes in 16 blocks
==616352==         suppressed: 0 bytes in 0 blocks
==616352== 
==616352== For lists of detected and suppressed errors, rerun with: -s
==616352== ERROR SUMMARY: 0 errors from 0 contexts (suppressed: 0 from 0)
