==616493== Memcheck, a memory error detector
==616493== Copyright (C) 2002-2024, and GNU GPL'd, by Julian Seward et al.
==616493== Using Valgrind-3.26.0 and LibVEX; rerun with -h for copyright info
==616493== Command: tar -M -t -f 1.tar -f 2.tar -f 3.tar -f 4.tar -f 5.tar
==616493== Parent PID: 616348
==616493== 
==616493== 
==616493== FILE DESCRIPTORS: 1 open (1 inherited) at exit.
==616493== 
==616493== HEAP SUMMARY:
==616493==     in use at exit: 37,841 bytes in 11 blocks
==616493==   total heap usage: 99 allocs, 88 frees, 100,254 bytes allocated
==616493== 
==616493== 5 bytes in 1 blocks are still reachable in loss record 1 of 11
==616493==    at 0x586E858: malloc (vg_replace_malloc.c:447)
==616493==    by 0x469E66D: rboxc_tar_xstrdup (in /root/rboxc/target/screen-owned-candidate/release/rboxc)
==616493==    by 0x466FF4F: rboxc_tar_assign_string (in /root/rboxc/target/screen-owned-candidate/release/rboxc)
==616493==    by 0x467335C: rboxc_tar_uname_to_uid (in /root/rboxc/target/screen-owned-candidate/release/rboxc)
==616493==    by 0x466DFBF: rboxc_tar_decode_header (in /root/rboxc/target/screen-owned-candidate/release/rboxc)
==616493==    by 0x466F056: rboxc_tar_read_and (in /root/rboxc/target/screen-owned-candidate/release/rboxc)
==616493==    by 0x4478B39: single_binary_main_tar (in /root/rboxc/target/screen-owned-candidate/release/rboxc)
==616493==    by 0x5A18600: (below main) (libc_start_call_main.h:59)
==616493== 
==616493== 5 bytes in 1 blocks are still reachable in loss record 2 of 11
==616493==    at 0x586E858: malloc (vg_replace_malloc.c:447)
==616493==    by 0x469E66D: rboxc_tar_xstrdup (in /root/rboxc/target/screen-owned-candidate/release/rboxc)
==616493==    by 0x466FF4F: rboxc_tar_assign_string (in /root/rboxc/target/screen-owned-candidate/release/rboxc)
==616493==    by 0x46733FC: rboxc_tar_gname_to_gid (in /root/rboxc/target/screen-owned-candidate/release/rboxc)
==616493==    by 0x466DF9F: rboxc_tar_decode_header (in /root/rboxc/target/screen-owned-candidate/release/rboxc)
==616493==    by 0x466F056: rboxc_tar_read_and (in /root/rboxc/target/screen-owned-candidate/release/rboxc)
==616493==    by 0x4478B39: single_binary_main_tar (in /root/rboxc/target/screen-owned-candidate/release/rboxc)
==616493==    by 0x5A18600: (below main) (libc_start_call_main.h:59)
==616493== 
==616493== 16 bytes in 1 blocks are still reachable in loss record 3 of 11
==616493==    at 0x5875E43: calloc (vg_replace_malloc.c:1678)
==616493==    by 0x469E501: rboxc_tar_xzalloc (in /root/rboxc/target/screen-owned-candidate/release/rboxc)
==616493==    by 0x4477AF5: single_binary_main_tar (in /root/rboxc/target/screen-owned-candidate/release/rboxc)
==616493==    by 0x5A18600: (below main) (libc_start_call_main.h:59)
==616493== 
==616493== 80 bytes in 1 blocks are still reachable in loss record 4 of 11
==616493==    at 0x586E858: malloc (vg_replace_malloc.c:447)
==616493==    by 0x469E0DC: rboxc_tar_xmalloc (in /root/rboxc/target/screen-owned-candidate/release/rboxc)
==616493==    by 0x4477A00: single_binary_main_tar (in /root/rboxc/target/screen-owned-candidate/release/rboxc)
==616493==    by 0x5A18600: (below main) (libc_start_call_main.h:59)
==616493== 
==616493== 97 bytes in 1 blocks are still reachable in loss record 5 of 11
==616493==    at 0x586E858: malloc (vg_replace_malloc.c:447)
==616493==    by 0x469E0DC: rboxc_tar_xmalloc (in /root/rboxc/target/screen-owned-candidate/release/rboxc)
==616493==    by 0x467A847: rboxc_tar_utf8_convert (in /root/rboxc/target/screen-owned-candidate/release/rboxc)
==616493==    by 0x467E404: volume_filename_decoder (in /root/rboxc/target/screen-owned-candidate/release/rboxc)
==616493==    by 0x467D2B1: decode_record.isra.0 (in /root/rboxc/target/screen-owned-candidate/release/rboxc)
==616493==    by 0x467F50F: rboxc_tar_xheader_decode_global (in /root/rboxc/target/screen-owned-candidate/release/rboxc)
==616493==    by 0x466D595: rboxc_tar_read_header (in /root/rboxc/target/screen-owned-candidate/release/rboxc)
==616493==    by 0x465D2FE: gnu_flush_read (in /root/rboxc/target/screen-owned-candidate/release/rboxc)
==616493==    by 0x465B369: rboxc_tar_find_next_block (in /root/rboxc/target/screen-owned-candidate/release/rboxc)
==616493==    by 0x466ECA4: rboxc_tar_skim_file (in /root/rboxc/target/screen-owned-candidate/release/rboxc)
==616493==    by 0x466ED76: skim_member.part.0 (in /root/rboxc/target/screen-owned-candidate/release/rboxc)
==616493==    by 0x466F292: rboxc_tar_read_and (in /root/rboxc/target/screen-owned-candidate/release/rboxc)
==616493== 
==616493== 102 bytes in 1 blocks are still reachable in loss record 6 of 11
==616493==    at 0x586E858: malloc (vg_replace_malloc.c:447)
==616493==    by 0x469E0DC: rboxc_tar_xmalloc (in /root/rboxc/target/screen-owned-candidate/release/rboxc)
==616493==    by 0x46734A1: rboxc_tar_name_init (in /root/rboxc/target/screen-owned-candidate/release/rboxc)
==616493==    by 0x4478A7A: single_binary_main_tar (in /root/rboxc/target/screen-owned-candidate/release/rboxc)
==616493==    by 0x5A18600: (below main) (libc_start_call_main.h:59)
==616493== 
==616493== 112 bytes in 1 blocks are still reachable in loss record 7 of 11
==616493==    at 0x586E858: malloc (vg_replace_malloc.c:447)
==616493==    by 0x5A18E43: __gconv_open (gconv_open.c:77)
==616493==    by 0x5A189E0: iconv_open (iconv_open.c:39)
==616493==    by 0x467A8CD: rboxc_tar_utf8_convert (in /root/rboxc/target/screen-owned-candidate/release/rboxc)
==616493==    by 0x467E404: volume_filename_decoder (in /root/rboxc/target/screen-owned-candidate/release/rboxc)
==616493==    by 0x467D2B1: decode_record.isra.0 (in /root/rboxc/target/screen-owned-candidate/release/rboxc)
==616493==    by 0x467F50F: rboxc_tar_xheader_decode_global (in /root/rboxc/target/screen-owned-candidate/release/rboxc)
==616493==    by 0x466D595: rboxc_tar_read_header (in /root/rboxc/target/screen-owned-candidate/release/rboxc)
==616493==    by 0x465D2FE: gnu_flush_read (in /root/rboxc/target/screen-owned-candidate/release/rboxc)
==616493==    by 0x465B369: rboxc_tar_find_next_block (in /root/rboxc/target/screen-owned-candidate/release/rboxc)
==616493==    by 0x466ECA4: rboxc_tar_skim_file (in /root/rboxc/target/screen-owned-candidate/release/rboxc)
==616493==    by 0x466ED76: skim_member.part.0 (in /root/rboxc/target/screen-owned-candidate/release/rboxc)
==616493== 
==616493== 208 bytes in 1 blocks are still reachable in loss record 8 of 11
==616493==    at 0x586E858: malloc (vg_replace_malloc.c:447)
==616493==    by 0x5A24C6F: __gconv_lookup_cache (gconv_cache.c:361)
==616493==    by 0x5A1A8EE: __gconv_find_transform (gconv_db.c:717)
==616493==    by 0x5A18DE5: __gconv_open (gconv_open.c:73)
==616493==    by 0x5A189E0: iconv_open (iconv_open.c:39)
==616493==    by 0x467A8CD: rboxc_tar_utf8_convert (in /root/rboxc/target/screen-owned-candidate/release/rboxc)
==616493==    by 0x467E404: volume_filename_decoder (in /root/rboxc/target/screen-owned-candidate/release/rboxc)
==616493==    by 0x467D2B1: decode_record.isra.0 (in /root/rboxc/target/screen-owned-candidate/release/rboxc)
==616493==    by 0x467F50F: rboxc_tar_xheader_decode_global (in /root/rboxc/target/screen-owned-candidate/release/rboxc)
==616493==    by 0x466D595: rboxc_tar_read_header (in /root/rboxc/target/screen-owned-candidate/release/rboxc)
==616493==    by 0x465D2FE: gnu_flush_read (in /root/rboxc/target/screen-owned-candidate/release/rboxc)
==616493==    by 0x465B369: rboxc_tar_find_next_block (in /root/rboxc/target/screen-owned-candidate/release/rboxc)
==616493== 
==616493== 512 bytes in 1 blocks are still reachable in loss record 9 of 11
==616493==    at 0x586E858: malloc (vg_replace_malloc.c:447)
==616493==    by 0x469E0DC: rboxc_tar_xmalloc (in /root/rboxc/target/screen-owned-candidate/release/rboxc)
==616493==    by 0x466D801: rboxc_tar_read_header (in /root/rboxc/target/screen-owned-candidate/release/rboxc)
==616493==    by 0x465D2FE: gnu_flush_read (in /root/rboxc/target/screen-owned-candidate/release/rboxc)
==616493==    by 0x465B369: rboxc_tar_find_next_block (in /root/rboxc/target/screen-owned-candidate/release/rboxc)
==616493==    by 0x466ECA4: rboxc_tar_skim_file (in /root/rboxc/target/screen-owned-candidate/release/rboxc)
==616493==    by 0x466ED76: skim_member.part.0 (in /root/rboxc/target/screen-owned-candidate/release/rboxc)
==616493==    by 0x466F292: rboxc_tar_read_and (in /root/rboxc/target/screen-owned-candidate/release/rboxc)
==616493==    by 0x4478B39: single_binary_main_tar (in /root/rboxc/target/screen-owned-candidate/release/rboxc)
==616493==    by 0x5A18600: (below main) (libc_start_call_main.h:59)
==616493== 
==616493== 4,064 bytes in 1 blocks are still reachable in loss record 10 of 11
==616493==    at 0x586E858: malloc (vg_replace_malloc.c:447)
==616493==    by 0x469E0DC: rboxc_tar_xmalloc (in /root/rboxc/target/screen-owned-candidate/release/rboxc)
==616493==    by 0x4695FFD: _obstack_begin_worker.isra.0 (in /root/rboxc/target/screen-owned-candidate/release/rboxc)
==616493==    by 0x4696028: rboxc_tar__obstack_begin (in /root/rboxc/target/screen-owned-candidate/release/rboxc)
==616493==    by 0x4679CD7: rboxc_tar_transform_name_fp (in /root/rboxc/target/screen-owned-candidate/release/rboxc)
==616493==    by 0x466D0B0: transform_stat_info.part.0 (in /root/rboxc/target/screen-owned-candidate/release/rboxc)
==616493==    by 0x466F290: rboxc_tar_read_and (in /root/rboxc/target/screen-owned-candidate/release/rboxc)
==616493==    by 0x4478B39: single_binary_main_tar (in /root/rboxc/target/screen-owned-candidate/release/rboxc)
==616493==    by 0x5A18600: (below main) (libc_start_call_main.h:59)
==616493== 
==616493== 32,640 bytes in 1 blocks are still reachable in loss record 11 of 11
==616493==    at 0x586E858: malloc (vg_replace_malloc.c:447)
==616493==    by 0x5A18ECE: __gconv_open (gconv_open.c:127)
==616493==    by 0x5A189E0: iconv_open (iconv_open.c:39)
==616493==    by 0x467A8CD: rboxc_tar_utf8_convert (in /root/rboxc/target/screen-owned-candidate/release/rboxc)
==616493==    by 0x467E404: volume_filename_decoder (in /root/rboxc/target/screen-owned-candidate/release/rboxc)
==616493==    by 0x467D2B1: decode_record.isra.0 (in /root/rboxc/target/screen-owned-candidate/release/rboxc)
==616493==    by 0x467F50F: rboxc_tar_xheader_decode_global (in /root/rboxc/target/screen-owned-candidate/release/rboxc)
==616493==    by 0x466D595: rboxc_tar_read_header (in /root/rboxc/target/screen-owned-candidate/release/rboxc)
==616493==    by 0x465D2FE: gnu_flush_read (in /root/rboxc/target/screen-owned-candidate/release/rboxc)
==616493==    by 0x465B369: rboxc_tar_find_next_block (in /root/rboxc/target/screen-owned-candidate/release/rboxc)
==616493==    by 0x466ECA4: rboxc_tar_skim_file (in /root/rboxc/target/screen-owned-candidate/release/rboxc)
==616493==    by 0x466ED76: skim_member.part.0 (in /root/rboxc/target/screen-owned-candidate/release/rboxc)
==616493== 
==616493== LEAK SUMMARY:
==616493==    definitely lost: 0 bytes in 0 blocks
==616493==    indirectly lost: 0 bytes in 0 blocks
==616493==      possibly lost: 0 bytes in 0 blocks
==616493==    still reachable: 37,841 bytes in 11 blocks
==616493==         suppressed: 0 bytes in 0 blocks
==616493== 
==616493== For lists of detected and suppressed errors, rerun with: -s
==616493== ERROR SUMMARY: 0 errors from 0 contexts (suppressed: 0 from 0)
