==685228== Memcheck, a memory error detector
==685228== Copyright (C) 2002-2024, and GNU GPL'd, by Julian Seward et al.
==685228== Using Valgrind-3.26.0 and LibVEX; rerun with -h for copyright info
==685228== Command: tar czf test.tar file
==685228== Parent PID: 685224
==685228== 
==685228== 
==685228== FILE DESCRIPTORS: 1 open (1 inherited) at exit.
==685228== 
==685228== HEAP SUMMARY:
==685228==     in use at exit: 4,369 bytes in 11 blocks
==685228==   total heap usage: 51 allocs, 40 frees, 47,622 bytes allocated
==685228== 
==685228== 5 bytes in 1 blocks are still reachable in loss record 1 of 9
==685228==    at 0x48BD858: malloc (vg_replace_malloc.c:447)
==685228==    by 0x405185D: xmalloc (xmalloc.c:45)
==685228==    by 0x405185D: xmemdup (xmalloc.c:314)
==685228==    by 0x405185D: xstrdup (xmalloc.c:339)
==685228==    by 0x402644F: assign_string (misc.c:58)
==685228==    by 0x4029612: uid_to_uname (names.c:490)
==685228==    by 0x40155F3: start_header (create.c:931)
==685228==    by 0x4015798: dump_regular_file (create.c:1050)
==685228==    by 0x40165E2: dump_file0 (create.c:1773)
==685228==    by 0x4017589: dump_file (create.c:1968)
==685228==    by 0x4017589: create_archive (create.c:1412)
==685228==    by 0x400CD90: main (tar.c:2818)
==685228== 
==685228== 5 bytes in 1 blocks are still reachable in loss record 2 of 9
==685228==    at 0x48BD858: malloc (vg_replace_malloc.c:447)
==685228==    by 0x405185D: xmalloc (xmalloc.c:45)
==685228==    by 0x405185D: xmemdup (xmalloc.c:314)
==685228==    by 0x405185D: xstrdup (xmalloc.c:339)
==685228==    by 0x402644F: assign_string (misc.c:58)
==685228==    by 0x40296A2: gid_to_gname (names.c:520)
==685228==    by 0x40155DB: start_header (create.c:936)
==685228==    by 0x4015798: dump_regular_file (create.c:1050)
==685228==    by 0x40165E2: dump_file0 (create.c:1773)
==685228==    by 0x4017589: dump_file (create.c:1968)
==685228==    by 0x4017589: create_archive (create.c:1412)
==685228==    by 0x400CD90: main (tar.c:2818)
==685228== 
==685228== 9 bytes in 3 blocks are indirectly lost in loss record 3 of 9
==685228==    at 0x48BD858: malloc (vg_replace_malloc.c:447)
==685228==    by 0x405185D: xmalloc (xmalloc.c:45)
==685228==    by 0x405185D: xmemdup (xmalloc.c:314)
==685228==    by 0x405185D: xstrdup (xmalloc.c:339)
==685228==    by 0x400C4F1: decode_options (tar.c:2353)
==685228==    by 0x400C4F1: main (tar.c:2792)
==685228== 
==685228== 16 bytes in 1 blocks are still reachable in loss record 4 of 9
==685228==    at 0x48C4E43: calloc (vg_replace_malloc.c:1678)
==685228==    by 0x40516F1: xcalloc (xmalloc.c:298)
==685228==    by 0x40516F1: xzalloc (xmalloc.c:283)
==685228==    by 0x400BEF9: decode_options (tar.c:2297)
==685228==    by 0x400BEF9: main (tar.c:2792)
==685228== 
==685228== 32 bytes in 1 blocks are still reachable in loss record 5 of 9
==685228==    at 0x48BD858: malloc (vg_replace_malloc.c:447)
==685228==    by 0x40512CC: xmalloc (xmalloc.c:45)
==685228==    by 0x402F07B: optloc_save (tar.c:926)
==685228==    by 0x402FFB0: set_use_compress_program_option (tar.c:985)
==685228==    by 0x4030B0E: parse_opt (tar.c:1777)
==685228==    by 0x404233D: group_parse (argp-parse.c:233)
==685228==    by 0x404233D: parser_parse_opt (argp-parse.c:736)
==685228==    by 0x404233D: parser_parse_next (argp-parse.c:859)
==685228==    by 0x404233D: argp_parse (argp-parse.c:927)
==685228==    by 0x400C045: decode_options (tar.c:2380)
==685228==    by 0x400C045: main (tar.c:2792)
==685228== 
==685228== 65 (56 direct, 9 indirect) bytes in 1 blocks are definitely lost in loss record 6 of 9
==685228==    at 0x48BD858: malloc (vg_replace_malloc.c:447)
==685228==    by 0x40512CC: xmalloc (xmalloc.c:45)
==685228==    by 0x400C46E: decode_options (tar.c:2340)
==685228==    by 0x400C46E: main (tar.c:2792)
==685228== 
==685228== 80 bytes in 1 blocks are still reachable in loss record 7 of 9
==685228==    at 0x48BD858: malloc (vg_replace_malloc.c:447)
==685228==    by 0x40512CC: xmalloc (xmalloc.c:45)
==685228==    by 0x400BE43: main (tar.c:2781)
==685228== 
==685228== 102 bytes in 1 blocks are still reachable in loss record 8 of 9
==685228==    at 0x48BD858: malloc (vg_replace_malloc.c:447)
==685228==    by 0x40512CC: xmalloc (xmalloc.c:45)
==685228==    by 0x4029881: name_init (names.c:869)
==685228==    by 0x400C94C: main (tar.c:2794)
==685228== 
==685228== 4,064 bytes in 1 blocks are still reachable in loss record 9 of 9
==685228==    at 0x48BD858: malloc (vg_replace_malloc.c:447)
==685228==    by 0x40512CC: xmalloc (xmalloc.c:45)
==685228==    by 0x404A07D: call_chunkfun (obstack.c:88)
==685228==    by 0x404A07D: _obstack_begin_worker.isra.0 (obstack.c:135)
==685228==    by 0x404A0A8: _obstack_begin (obstack.c:157)
==685228==    by 0x4032C57: _transform_name_to_obstack (transform.c:592)
==685228==    by 0x4032C57: transform_name_fp (transform.c:614)
==685228==    by 0x4016444: dump_file0 (create.c:1657)
==685228==    by 0x4017589: dump_file (create.c:1968)
==685228==    by 0x4017589: create_archive (create.c:1412)
==685228==    by 0x400CD90: main (tar.c:2818)
==685228== 
==685228== LEAK SUMMARY:
==685228==    definitely lost: 56 bytes in 1 blocks
==685228==    indirectly lost: 9 bytes in 3 blocks
==685228==      possibly lost: 0 bytes in 0 blocks
==685228==    still reachable: 4,304 bytes in 7 blocks
==685228==         suppressed: 0 bytes in 0 blocks
==685228== 
==685228== For lists of detected and suppressed errors, rerun with: -s
==685228== ERROR SUMMARY: 1 errors from 1 contexts (suppressed: 0 from 0)
