   Compiling proc-macro2 v1.0.103
   Compiling unicode-ident v1.0.22
   Compiling libc v0.2.189
   Compiling rboxc v0.1.0 (/root/rboxc)
   Compiling quote v1.0.40
   Compiling syn v2.0.106
   Compiling c2rust-bitfields-derive v0.22.1
   Compiling c2rust-bitfields v0.22.1
warning: unnecessary parentheses around block return value
    --> src/generated/applet_grep.rs:1583:9
     |
1583 |         ({
     |         ^
...
1600 |         })
     |          ^
     |
     = note: `#[warn(unused_parens)]` (part of `#[warn(unused)]`) on by default
help: remove these parentheses
     |
1583 ~         {
1584 |             let mut __ptr: *const ::core::ffi::c_char = ptr as *const ::core::ffi::c_char;
 ...
1599 |                 .wrapping_div(size as size_t)
1600 ~         }
     |

warning: unnecessary parentheses around block return value
    --> src/generated/applet_grep.rs:5009:29
     |
5009 | ...                   ({
     |                       ^
...
5030 | ...                   })
     |                        ^
     |
help: remove these parentheses
     |
5009 ~                             {
5010 |                                 let mut __ptr: *mut ::core::ffi::c_char =
 ...
5029 |                                     .wrapping_div(1 as ::core::ffi::c_int as size_t)
5030 ~                             }
     |

warning: unnecessary parentheses around block return value
    --> src/generated/applet_sdiff.rs:1002:9
     |
1002 |         ({
     |         ^
...
1021 |         })
     |          ^
     |
help: remove these parentheses
     |
1002 ~         {
1003 |             let mut __ptr: *mut ::core::ffi::c_char = buf;
 ...
1020 |                 .wrapping_div(::core::mem::size_of::<::core::ffi::c_char>())
1021 ~         }
     |

warning: unnecessary parentheses around block return value
    --> src/generated/applet_sdiff.rs:1053:9
     |
1053 |         ({
     |         ^
...
1070 |         })
     |          ^
     |
help: remove these parentheses
     |
1053 ~         {
1054 |             let mut __ptr: *const ::core::ffi::c_char = buf;
 ...
1069 |                 .wrapping_div(::core::mem::size_of::<::core::ffi::c_char>())
1070 ~         }
     |

warning: unused import: `::libc`
  --> src/generated/applet_time.rs:32:5
   |
32 | use ::libc;
   |     ^^^^^^
   |
   = note: `#[warn(unused_imports)]` (part of `#[warn(unused)]`) on by default

warning: unnecessary parentheses around block return value
    --> src/generated/applet_base32.rs:1035:13
     |
1035 |             ({
     |             ^
...
1052 |             })
     |              ^
     |
help: remove these parentheses
     |
1035 ~             {
1036 |                 let mut __ptr: *const ::core::ffi::c_char = buffer;
 ...
1051 |                     .wrapping_div(1 as ::core::ffi::c_int as size_t)
1052 ~             }
     |

warning: unnecessary parentheses around block return value
    --> src/generated/applet_base32.rs:1088:21
     |
1088 |                     ({
     |                     ^
...
1107 |                     })
     |                      ^
     |
help: remove these parentheses
     |
1088 ~                     {
1089 |                         let mut __ptr: *const ::core::ffi::c_char = buffer.offset(written as isize);
 ...
1106 |                             .wrapping_div(1 as ::core::ffi::c_int as size_t)
1107 ~                     }
     |

warning: unnecessary parentheses around block return value
    --> src/generated/applet_base32.rs:1245:17
     |
1245 |                 ({
     |                 ^
...
1274 |                 })
     |                  ^
     |
help: remove these parentheses
     |
1245 ~                 {
1246 |                     let mut __ptr: *mut ::core::ffi::c_char = inbuf.offset(sum as isize);
 ...
1273 |                         .wrapping_div(1 as ::core::ffi::c_int as size_t)
1274 ~                 }
     |

warning: unnecessary parentheses around block return value
    --> src/generated/applet_base32.rs:1399:17
     |
1399 |                 ({
     |                 ^
...
1430 |                 })
     |                  ^
     |
help: remove these parentheses
     |
1399 ~                 {
1400 |                     let mut __ptr: *mut ::core::ffi::c_char = inbuf.offset(sum as isize);
 ...
1429 |                         .wrapping_div(1 as ::core::ffi::c_int as size_t)
1430 ~                 }
     |

warning: unnecessary parentheses around block return value
    --> src/generated/applet_base32.rs:1539:17
     |
1539 |                 ({
     |                 ^
...
1557 |                 })
     |                  ^
     |
help: remove these parentheses
     |
1539 ~                 {
1540 |                     let mut __ptr: *const ::core::ffi::c_char =
 ...
1556 |                         .wrapping_div(1 as ::core::ffi::c_int as size_t)
1557 ~                 }
     |

warning: unnecessary parentheses around block return value
    --> src/generated/applet_base64.rs:1035:13
     |
1035 |             ({
     |             ^
...
1052 |             })
     |              ^
     |
help: remove these parentheses
     |
1035 ~             {
1036 |                 let mut __ptr: *const ::core::ffi::c_char = buffer;
 ...
1051 |                     .wrapping_div(1 as ::core::ffi::c_int as size_t)
1052 ~             }
     |

warning: unnecessary parentheses around block return value
    --> src/generated/applet_base64.rs:1088:21
     |
1088 |                     ({
     |                     ^
...
1107 |                     })
     |                      ^
     |
help: remove these parentheses
     |
1088 ~                     {
1089 |                         let mut __ptr: *const ::core::ffi::c_char = buffer.offset(written as isize);
 ...
1106 |                             .wrapping_div(1 as ::core::ffi::c_int as size_t)
1107 ~                     }
     |

warning: unnecessary parentheses around block return value
    --> src/generated/applet_base64.rs:1245:17
     |
1245 |                 ({
     |                 ^
...
1274 |                 })
     |                  ^
     |
help: remove these parentheses
     |
1245 ~                 {
1246 |                     let mut __ptr: *mut ::core::ffi::c_char = inbuf.offset(sum as isize);
 ...
1273 |                         .wrapping_div(1 as ::core::ffi::c_int as size_t)
1274 ~                 }
     |

warning: unnecessary parentheses around block return value
    --> src/generated/applet_base64.rs:1399:17
     |
1399 |                 ({
     |                 ^
...
1430 |                 })
     |                  ^
     |
help: remove these parentheses
     |
1399 ~                 {
1400 |                     let mut __ptr: *mut ::core::ffi::c_char = inbuf.offset(sum as isize);
 ...
1429 |                         .wrapping_div(1 as ::core::ffi::c_int as size_t)
1430 ~                 }
     |

warning: unnecessary parentheses around block return value
    --> src/generated/applet_base64.rs:1539:17
     |
1539 |                 ({
     |                 ^
...
1557 |                 })
     |                  ^
     |
help: remove these parentheses
     |
1539 ~                 {
1540 |                     let mut __ptr: *const ::core::ffi::c_char =
 ...
1556 |                         .wrapping_div(1 as ::core::ffi::c_int as size_t)
1557 ~                 }
     |

warning: unnecessary parentheses around block return value
    --> src/generated/applet_basenc.rs:3062:13
     |
3062 |             ({
     |             ^
...
3079 |             })
     |              ^
     |
help: remove these parentheses
     |
3062 ~             {
3063 |                 let mut __ptr: *const ::core::ffi::c_char = buffer;
 ...
3078 |                     .wrapping_div(1 as ::core::ffi::c_int as size_t)
3079 ~             }
     |

warning: unnecessary parentheses around block return value
    --> src/generated/applet_basenc.rs:3115:21
     |
3115 |                     ({
     |                     ^
...
3134 |                     })
     |                      ^
     |
help: remove these parentheses
     |
3115 ~                     {
3116 |                         let mut __ptr: *const ::core::ffi::c_char = buffer.offset(written as isize);
 ...
3133 |                             .wrapping_div(1 as ::core::ffi::c_int as size_t)
3134 ~                     }
     |

warning: unnecessary parentheses around block return value
    --> src/generated/applet_basenc.rs:3282:17
     |
3282 |                 ({
     |                 ^
...
3311 |                 })
     |                  ^
     |
help: remove these parentheses
     |
3282 ~                 {
3283 |                     let mut __ptr: *mut ::core::ffi::c_char = inbuf.offset(sum as isize);
 ...
3310 |                         .wrapping_div(1 as ::core::ffi::c_int as size_t)
3311 ~                 }
     |

warning: unnecessary parentheses around block return value
    --> src/generated/applet_basenc.rs:3460:17
     |
3460 |                 ({
     |                 ^
...
3485 |                 })
     |                  ^
     |
help: remove these parentheses
     |
3460 ~                 {
3461 |                     let mut __ptr: *mut ::core::ffi::c_char = inbuf.offset(sum as isize);
 ...
3484 |                         .wrapping_div(1 as ::core::ffi::c_int as size_t)
3485 ~                 }
     |

warning: unnecessary parentheses around block return value
    --> src/generated/applet_basenc.rs:3595:17
     |
3595 |                 ({
     |                 ^
...
3613 |                 })
     |                  ^
     |
help: remove these parentheses
     |
3595 ~                 {
3596 |                     let mut __ptr: *const ::core::ffi::c_char =
 ...
3612 |                         .wrapping_div(1 as ::core::ffi::c_int as size_t)
3613 ~                 }
     |

warning: unnecessary parentheses around assigned value
    --> src/generated/applet_cp.rs:1675:16
     |
1675 |     dst_name = ({
     |                ^
...
1687 |     });
     |      ^
     |
help: remove these parentheses
     |
1675 ~     dst_name = {
1676 |         let mut __old: *const ::core::ffi::c_char = const_dst_name;
 ...
1686 |         ) as *mut ::core::ffi::c_char
1687 ~     };
     |

warning: unnecessary parentheses around assigned value
    --> src/generated/applet_cp.rs:1882:11
     |
1882 |     dir = ({
     |           ^
...
1894 |     });
     |      ^
     |
help: remove these parentheses
     |
1882 ~     dir = {
1883 |         let mut __old: *const ::core::ffi::c_char = const_dir;
 ...
1893 |         ) as *mut ::core::ffi::c_char
1894 ~     };
     |

warning: unnecessary parentheses around assigned value
    --> src/generated/applet_cp.rs:2653:41
     |
2653 |                 arg_no_trailing_slash = ({
     |                                         ^
...
2666 |                 });
     |                  ^
     |
help: remove these parentheses
     |
2653 ~                 arg_no_trailing_slash = {
2654 |                     let mut __old: *const ::core::ffi::c_char = arg;
 ...
2665 |                     ) as *mut ::core::ffi::c_char
2666 ~                 };
     |

warning: unnecessary parentheses around assigned value
    --> src/generated/applet_cp.rs:2689:28
     |
2689 |                 arg_base = ({
     |                            ^
...
2702 |                 });
     |                  ^
     |
help: remove these parentheses
     |
2689 ~                 arg_base = {
2690 |                     let mut __old: *const ::core::ffi::c_char = last_component(arg);
 ...
2701 |                     ) as *mut ::core::ffi::c_char
2702 ~                 };
     |

warning: unused import: `::libc`
  --> src/generated/applet_csplit.rs:29:5
   |
29 | use ::libc;
   |     ^^^^^^

warning: unnecessary parentheses around block return value
    --> src/generated/applet_csplit.rs:2199:9
     |
2199 |         ({
     |         ^
...
2217 |         })
     |          ^
     |
help: remove these parentheses
     |
2199 ~         {
2200 |             let mut __ptr: *const ::core::ffi::c_char = (*line).str as *const ::core::ffi::c_char;
 ...
2216 |                 .wrapping_div(::core::mem::size_of::<::core::ffi::c_char>())
2217 ~         }
     |

warning: unnecessary parentheses around block return value
    --> src/generated/applet_cut.rs:1585:9
     |
1585 |         ({
     |         ^
...
1602 |         })
     |          ^
     |
help: remove these parentheses
     |
1585 ~         {
1586 |             let mut __ptr: *const ::core::ffi::c_char = buf;
 ...
1601 |                 .wrapping_div(::core::mem::size_of::<::core::ffi::c_char>())
1602 ~         }
     |

warning: unused import: `::libc`
  --> src/generated/applet_dd.rs:27:5
   |
27 | use ::libc;
   |     ^^^^^^

warning: unnecessary parentheses around assigned value
    --> src/generated/applet_dircolors.rs:7450:35
     |
7450 |             let mut len: size_t = ({
     |                                   ^
...
7453 |             });
     |              ^
     |
help: remove these parentheses
     |
7450 ~             let mut len: size_t = {
7451 |                 let mut __o: *const obstack = &raw mut lsc_obstack;
7452 |                 (*__o).next_free.offset_from((*__o).object_base) as size_t
7453 ~             };
     |

warning: unused import: `::libc`
  --> src/generated/applet_env.rs:27:5
   |
27 | use ::libc;
   |     ^^^^^^

warning: unnecessary parentheses around block return value
    --> src/generated/applet_fmt.rs:1651:13
     |
1651 |             ({
     |             ^
...
1669 |             })
     |              ^
     |
help: remove these parentheses
     |
1651 ~             {
1652 |                 let mut __ptr: *const ::core::ffi::c_char =
 ...
1668 |                     .wrapping_div(1 as ::core::ffi::c_int as size_t)
1669 ~             }
     |

warning: unnecessary parentheses around block return value
    --> src/generated/applet_fold.rs:1181:9
     |
1181 |         ({
     |         ^
...
1198 |         })
     |          ^
     |
help: remove these parentheses
     |
1181 ~         {
1182 |             let mut __ptr: *const ::core::ffi::c_char = line;
 ...
1197 |                 .wrapping_div(::core::mem::size_of::<::core::ffi::c_char>())
1198 ~         }
     |

warning: unnecessary parentheses around block return value
    --> src/generated/applet_head.rs:1145:13
     |
1145 |             ({
     |             ^
...
1162 |             })
     |              ^
     |
help: remove these parentheses
     |
1145 ~             {
1146 |                 let mut __ptr: *const ::core::ffi::c_char = buffer;
 ...
1161 |                     .wrapping_div(1 as ::core::ffi::c_int as size_t)
1162 ~             }
     |

warning: unused import: `::libc`
  --> src/generated/applet_ls.rs:37:5
   |
37 | use ::libc;
   |     ^^^^^^

warning: unused import: `::libc`
  --> src/generated/applet_nohup.rs:27:5
   |
27 | use ::libc;
   |     ^^^^^^

warning: unnecessary parentheses around block return value
    --> src/generated/applet_od.rs:3269:25
     |
3269 |                         ({
     |                         ^
...
3290 |                         })
     |                          ^
     |
help: remove these parentheses
     |
3269 ~                         {
3270 |                             let mut __ptr: *mut ::core::ffi::c_char =
 ...
3289 |                                 .wrapping_div(1 as ::core::ffi::c_int as size_t)
3290 ~                         }
     |

warning: unnecessary parentheses around block return value
    --> src/generated/applet_od.rs:3605:13
     |
3605 |             ({
     |             ^
...
3624 |             })
     |              ^
     |
help: remove these parentheses
     |
3605 ~             {
3606 |                 let mut __ptr: *mut ::core::ffi::c_char = block.offset(*n_bytes_in_buffer as isize);
 ...
3623 |                     .wrapping_div(1 as ::core::ffi::c_int as size_t)
3624 ~             }
     |

warning: unnecessary parentheses around block return value
    --> src/generated/applet_paste.rs:1036:13
     |
1036 |             ({
     |             ^
...
1053 |             })
     |              ^
     |
help: remove these parentheses
     |
1036 ~             {
1037 |                 let mut __ptr: *const ::core::ffi::c_char = delimptr;
 ...
1052 |                     .wrapping_div(1 as ::core::ffi::c_int as size_t)
1053 ~             }
     |

warning: unnecessary parentheses around block return value
    --> src/generated/applet_paste.rs:1199:25
     |
1199 |                         ({
     |                         ^
...
1220 |                         })
     |                          ^
     |
help: remove these parentheses
     |
1199 ~                         {
1200 |                             let mut __ptr: *const ::core::ffi::c_char =
 ...
1219 |                                 .wrapping_div(1 as ::core::ffi::c_int as size_t)
1220 ~                         }
     |

warning: unnecessary parentheses around block return value
    --> src/generated/applet_paste.rs:1308:33
     |
1308 | ...                   ({
     |                       ^
...
1331 | ...                   })
     |                        ^
     |
help: remove these parentheses
     |
1308 ~                                 {
1309 |                                     let mut __ptr: *const ::core::ffi::c_char =
 ...
1330 |                                         .wrapping_div(1 as ::core::ffi::c_int as size_t)
1331 ~                                 }
     |

warning: unnecessary parentheses around block return value
    --> src/generated/applet_shuf.rs:1275:13
     |
1275 |             ({
     |             ^
...
1294 |             })
     |              ^
     |
help: remove these parentheses
     |
1275 ~             {
1276 |                 let mut __ptr: *const ::core::ffi::c_char =
 ...
1293 |                     .wrapping_div(::core::mem::size_of::<::core::ffi::c_char>())
1294 ~             }
     |

warning: unnecessary parentheses around block return value
    --> src/generated/applet_shuf.rs:1406:13
     |
1406 |             ({
     |             ^
...
1424 |             })
     |              ^
     |
help: remove these parentheses
     |
1406 ~             {
1407 |                 let mut __ptr: *const ::core::ffi::c_char =
 ...
1423 |                     .wrapping_div(::core::mem::size_of::<::core::ffi::c_char>())
1424 ~             }
     |

warning: unnecessary parentheses around block return value
    --> src/generated/applet_shuf.rs:1510:13
     |
1510 |             ({
     |             ^
...
1528 |             })
     |              ^
     |
help: remove these parentheses
     |
1510 ~             {
1511 |                 let mut __ptr: *const ::core::ffi::c_char =
 ...
1527 |                     .wrapping_div(::core::mem::size_of::<::core::ffi::c_char>())
1528 ~             }
     |

warning: unused import: `::libc`
  --> src/generated/applet_sort.rs:41:5
   |
41 | use ::libc;
   |     ^^^^^^

warning: unnecessary parentheses around block return value
    --> src/generated/applet_sort.rs:4614:17
     |
4614 |                 ({
     |                 ^
...
4633 |                 })
     |                  ^
     |
help: remove these parentheses
     |
4614 ~                 {
4615 |                     let mut __ptr: *mut ::core::ffi::c_char = ptr;
 ...
4632 |                         .wrapping_div(1 as ::core::ffi::c_int as size_t)
4633 ~                 }
     |

warning: unnecessary parentheses around block return value
    --> src/generated/applet_sort.rs:6753:13
     |
6753 |             ({
     |             ^
...
6770 |             })
     |              ^
     |
help: remove these parentheses
     |
6753 ~             {
6754 |                 let mut __ptr: *const ::core::ffi::c_char = buf as *const ::core::ffi::c_char;
 ...
6769 |                     .wrapping_div(1 as ::core::ffi::c_int as size_t)
6770 ~             }
     |

warning: unused import: `::libc`
  --> src/generated/applet_split.rs:29:5
   |
29 | use ::libc;
   |     ^^^^^^

warning: unnecessary parentheses around block return value
    --> src/generated/applet_split.rs:1660:13
     |
1660 |             ({
     |             ^
...
1677 |             })
     |              ^
     |
help: remove these parentheses
     |
1660 ~             {
1661 |                 let mut __ptr: *const ::core::ffi::c_char = buf as *const ::core::ffi::c_char;
 ...
1676 |                     .wrapping_div(1 as ::core::ffi::c_int as size_t)
1677 ~             }
     |

warning: unnecessary parentheses around block return value
    --> src/generated/applet_split.rs:3945:25
     |
3945 |                         ({
     |                         ^
...
3966 |                         })
     |                          ^
     |
help: remove these parentheses
     |
3945 ~                         {
3946 |                             let mut __ptr: *const ::core::ffi::c_char =
 ...
3965 |                                 .wrapping_div(to_write as size_t)
3966 ~                         }
     |

warning: unnecessary parentheses around block return value
    --> src/generated/applet_split.rs:4042:21
     |
4042 |                     ({
     |                     ^
...
4062 |                     })
     |                      ^
     |
help: remove these parentheses
     |
4042 ~                     {
4043 |                         let mut __ptr: *const ::core::ffi::c_char =
 ...
4061 |                             .wrapping_div(to_write as size_t)
4062 ~                     }
     |

warning: unnecessary parentheses around block return value
    --> src/generated/applet_tac.rs:1499:13
     |
1499 |             ({
     |             ^
...
1516 |             })
     |              ^
     |
help: remove these parentheses
     |
1499 ~             {
1500 |                 let mut __ptr: *const ::core::ffi::c_char = G_buffer as *const ::core::ffi::c_char;
 ...
1515 |                     .wrapping_div(1 as ::core::ffi::c_int as size_t)
1516 ~             }
     |

warning: unnecessary parentheses around block return value
    --> src/generated/applet_tail.rs:1960:13
     |
1960 |             ({
     |             ^
...
1977 |             })
     |              ^
     |
help: remove these parentheses
     |
1960 ~             {
1961 |                 let mut __ptr: *const ::core::ffi::c_char = buffer;
 ...
1976 |                     .wrapping_div(1 as ::core::ffi::c_int as size_t)
1977 ~             }
     |

warning: unused import: `::libc`
  --> src/generated/applet_tee.rs:27:5
   |
27 | use ::libc;
   |     ^^^^^^

warning: unused import: `::libc`
  --> src/generated/applet_timeout.rs:27:5
   |
27 | use ::libc;
   |     ^^^^^^

warning: unnecessary parentheses around block return value
    --> src/generated/applet_tr.rs:2828:21
     |
2828 |                     ({
     |                     ^
...
2847 |                     })
     |                      ^
     |
help: remove these parentheses
     |
2828 ~                     {
2829 |                         let mut __ptr: *const ::core::ffi::c_char =
 ...
2846 |                             .wrapping_div(1 as ::core::ffi::c_int as size_t)
2847 ~                     }
     |

warning: unnecessary parentheses around block return value
    --> src/generated/applet_tr.rs:3251:17
     |
3251 |                 ({
     |                 ^
...
3269 |                 })
     |                  ^
     |
help: remove these parentheses
     |
3251 ~                 {
3252 |                     let mut __ptr: *const ::core::ffi::c_char =
 ...
3268 |                         .wrapping_div(1 as ::core::ffi::c_int as size_t)
3269 ~                 }
     |

warning: unnecessary parentheses around block return value
    --> src/generated/applet_tr.rs:3475:21
     |
3475 |                     ({
     |                     ^
...
3495 |                     })
     |                      ^
     |
help: remove these parentheses
     |
3475 ~                     {
3476 |                         let mut __ptr: *const ::core::ffi::c_char = &raw mut io_buf
 ...
3494 |                             .wrapping_div(1 as ::core::ffi::c_int as size_t)
3495 ~                     }
     |

warning: unnecessary parentheses around block return value
    --> src/generated/applet_unexpand.rs:1222:29
     |
1222 | ...                   ({
     |                       ^
...
1243 | ...                   })
     |                        ^
     |
help: remove these parentheses
     |
1222 ~                             {
1223 |                                 let mut __ptr: *const ::core::ffi::c_char =
 ...
1242 |                                     .wrapping_div(1 as ::core::ffi::c_int as size_t)
1243 ~                             }
     |

warning: unnecessary parentheses around block return value
    --> src/generated/applet_uniq.rs:1390:9
     |
1390 |         ({
     |         ^
...
1409 |         })
     |          ^
     |
help: remove these parentheses
     |
1390 ~         {
1391 |             let mut __ptr: *const ::core::ffi::c_char =
 ...
1408 |                 .wrapping_div(::core::mem::size_of::<::core::ffi::c_char>())
1409 ~         }
     |

warning: unnecessary parentheses around block return value
    --> src/generated/applet_uniq.rs:1565:25
     |
1565 |                         ({
     |                         ^
...
1586 |                         })
     |                          ^
     |
help: remove these parentheses
     |
1565 ~                         {
1566 |                             let mut __ptr: *const ::core::ffi::c_char =
 ...
1585 |                                 .wrapping_div(::core::mem::size_of::<::core::ffi::c_char>())
1586 ~                         }
     |

warning: `#[inline]` is ignored on externally exported functions
   --> src/generated/applet_diff.rs:708:1
    |
708 | #[inline]
    | ^^^^^^^^^
    |
    = help: externally exported functions are functions with `#[no_mangle]`, `#[export_name]`, or `#[linkage]`
    = note: `#[warn(unused_attributes)]` (part of `#[warn(unused)]`) on by default

warning: unreachable statement
    --> src/generated/applet__.rs:1177:5
     |
1170 | /         __assert_fail(
1171 | |             b"0\0".as_ptr() as *const ::core::ffi::c_char,
1172 | |             b"/opt/src/coreutils-9.11/src/test.c\0".as_ptr() as *const ::core::ffi::c_char,
1173 | |             362 as ::core::ffi::c_uint,
1174 | |             b"_Bool binary_operator(_Bool, enum binop)\0".as_ptr() as *const ::core::ffi::c_char,
1175 | |         );
     | |_________- any code following this expression is unreachable
1176 |       };
1177 |       panic!("Reached end of non-void function without returning");
     |       ^^^^^^^^^^^^^^^^^^^^^^^^^^^^^^^^^^^^^^^^^^^^^^^^^^^^^^^^^^^^ unreachable statement
     |
     = note: `#[warn(unreachable_code)]` (part of `#[warn(unused)]`) on by default

warning: unreachable statement
    --> src/generated/applet_cksum.rs:1192:5
     |
1176 | /     match *length {
1177 | |         28 => return sha224_stream(stream, resstream),
1178 | |         32 => return sha256_stream(stream, resstream),
1179 | |         48 => return sha384_stream(stream, resstream),
...    |
1191 | |     }
     | |_____- any code following this `match` expression is unreachable, as all arms diverge
1192 |       panic!("Reached end of non-void function without returning");
     |       ^^^^^^^^^^^^^^^^^^^^^^^^^^^^^^^^^^^^^^^^^^^^^^^^^^^^^^^^^^^^ unreachable statement

warning: unreachable statement
    --> src/generated/applet_cksum.rs:1215:5
     |
1199 | /     match *length {
1200 | |         28 => return sha3_224_stream(stream, resstream),
1201 | |         32 => return sha3_256_stream(stream, resstream),
1202 | |         48 => return sha3_384_stream(stream, resstream),
...    |
1214 | |     }
     | |_____- any code following this `match` expression is unreachable, as all arms diverge
1215 |       panic!("Reached end of non-void function without returning");
     |       ^^^^^^^^^^^^^^^^^^^^^^^^^^^^^^^^^^^^^^^^^^^^^^^^^^^^^^^^^^^^ unreachable statement

warning: unreachable expression
    --> src/generated/applet_od.rs:2458:17
     |
2449 | /                     __assert_fail(
2450 | |                         b"0\0".as_ptr() as *const ::core::ffi::c_char,
2451 | |                         b"/root/rboxc/build/translation/od/od.c\0".as_ptr()
2452 | |                             as *const ::core::ffi::c_char,
...    |
2455 | |                             .as_ptr() as *const ::core::ffi::c_char,
2456 | |                     );
     | |_____________________- any code following this expression is unreachable
2457 |                   };
2458 | /                 ::core::mem::transmute::<
2459 | |                     *mut ::core::ffi::c_void,
2460 | |                     Option<
2461 | |                         unsafe extern "C" fn(
...    |
2469 | |                     >,
2470 | |                 >(NULL)
     | |_______________________^ unreachable expression

warning: unreachable statement
    --> src/generated/applet_test.rs:1178:5
     |
1171 | /         __assert_fail(
1172 | |             b"0\0".as_ptr() as *const ::core::ffi::c_char,
1173 | |             b"/opt/src/coreutils-9.11/src/test.c\0".as_ptr() as *const ::core::ffi::c_char,
1174 | |             362 as ::core::ffi::c_uint,
1175 | |             b"_Bool binary_operator(_Bool, enum binop)\0".as_ptr() as *const ::core::ffi::c_char,
1176 | |         );
     | |_________- any code following this expression is unreachable
1177 |       };
1178 |       panic!("Reached end of non-void function without returning");
     |       ^^^^^^^^^^^^^^^^^^^^^^^^^^^^^^^^^^^^^^^^^^^^^^^^^^^^^^^^^^^^ unreachable statement

warning: unreachable statement
    --> src/generated/applet_tr.rs:2473:21
     |
2464 | /                         __assert_fail(
2465 | |                             b"0\0".as_ptr() as *const ::core::ffi::c_char,
2466 | |                             b"/opt/src/coreutils-9.11/src/tr.c\0".as_ptr()
2467 | |                                 as *const ::core::ffi::c_char,
...    |
2470 | |                                 .as_ptr() as *const ::core::ffi::c_char,
2471 | |                         );
     | |_________________________- any code following this expression is unreachable
2472 |                       };
2473 |                       break 'c_20050;
     |                       ^^^^^^^^^^^^^^^ unreachable statement

warning: unnecessary `unsafe` block
    --> src/generated/applet_tar.rs:6130:45
     |
6130 | static mut argp_children: [argp_child; 2] = unsafe {
     |                                             ^^^^^^ unnecessary `unsafe` block
     |
     = note: `#[warn(unused_unsafe)]` (part of `#[warn(unused)]`) on by default

warning: unnecessary `unsafe` block
    --> src/generated/applet_tar.rs:6146:25
     |
6146 | static mut argp: argp = unsafe {
     |                         ^^^^^^ unnecessary `unsafe` block

warning: unnecessary `unsafe` block
   --> src/generated/applet_bc.rs:204:40
    |
204 | static mut long_options: [option; 9] = unsafe {
    |                                        ^^^^^^ unnecessary `unsafe` block

warning: unnecessary `unsafe` block
    --> src/generated/applet_grep.rs:1441:5
     |
1441 |     unsafe { &raw const SEP_STR_GROUP as *const ::core::ffi::c_char };
     |     ^^^^^^ unnecessary `unsafe` block

warning: unnecessary `unsafe` block
    --> src/generated/applet_grep.rs:1491:42
     |
1491 | static mut color_dict: [color_cap; 12] = unsafe {
     |                                          ^^^^^^ unnecessary `unsafe` block

warning: unnecessary `unsafe` block
    --> src/generated/applet_grep.rs:1622:41
     |
1622 | static mut long_options: [option; 50] = unsafe {
     |                                         ^^^^^^ unnecessary `unsafe` block

warning: unnecessary `unsafe` block
    --> src/generated/applet_join.rs:1049:40
     |
1049 | static mut outlist_end: *mut outlist = unsafe { &raw const outlist_head as *mut outlist };
     |                                        ^^^^^^ unnecessary `unsafe` block

warning: unnecessary `unsafe` block
    --> src/generated/applet_ls.rs:8392:45
     |
8392 | static mut color_indicator: [bin_str; 24] = unsafe {
     |                                             ^^^^^^ unnecessary `unsafe` block

warning: unnecessary `unsafe` block
    --> src/generated/applet_nl.rs:1041:5
     |
1041 |     unsafe { &raw const DEFAULT_SECTION_DELIMITERS as *mut ::core::ffi::c_char };
     |     ^^^^^^ unnecessary `unsafe` block

warning: unnecessary `unsafe` block
    --> src/generated/applet_nl.rs:1062:5
     |
1062 |     unsafe { &raw const FORMAT_RIGHT_NOLZ as *const ::core::ffi::c_char };
     |     ^^^^^^ unnecessary `unsafe` block

warning: unnecessary `unsafe` block
    --> src/generated/applet_sort.rs:2285:43
     |
2285 | static mut temptail: *mut *mut tempnode = unsafe { &raw const temphead as *mut *mut tempnode };
     |                                           ^^^^^^ unnecessary `unsafe` block

warning: creating a shared reference to mutable static
    --> src/generated/applet_tar.rs:1600:12
     |
1600 |         if error_hook.is_some() {
     |            ^^^^^^^^^^^^^^^^^^^^ shared reference to mutable static
     |
     = note: for more information, see <https://doc.rust-lang.org/edition-guide/rust-2024/static-mut-references.html>
     = note: shared references to mutable statics are dangerous; it's undefined behavior if the static is mutated or if a mutable reference is created for it while the shared reference lives
     = note: `#[warn(static_mut_refs)]` (part of `#[warn(rust_2024_compatibility)]`) on by default

warning: creating a shared reference to mutable static
    --> src/generated/applet_tar.rs:1726:16
     |
1726 |             if error_hook.is_some() {
     |                ^^^^^^^^^^^^^^^^^^^^ shared reference to mutable static
     |
     = note: for more information, see <https://doc.rust-lang.org/edition-guide/rust-2024/static-mut-references.html>
     = note: shared references to mutable statics are dangerous; it's undefined behavior if the static is mutated or if a mutable reference is created for it while the shared reference lives

warning: creating a shared reference to mutable static
    --> src/generated/applet_tar.rs:1792:12
     |
1792 |         if error_hook.is_some() {
     |            ^^^^^^^^^^^^^^^^^^^^ shared reference to mutable static
     |
     = note: for more information, see <https://doc.rust-lang.org/edition-guide/rust-2024/static-mut-references.html>
     = note: shared references to mutable statics are dangerous; it's undefined behavior if the static is mutated or if a mutable reference is created for it while the shared reference lives

warning: creating a shared reference to mutable static
    --> src/generated/applet_tar.rs:1949:8
     |
1949 |     if error_hook.is_some() {
     |        ^^^^^^^^^^^^^^^^^^^^ shared reference to mutable static
     |
     = note: for more information, see <https://doc.rust-lang.org/edition-guide/rust-2024/static-mut-references.html>
     = note: shared references to mutable statics are dangerous; it's undefined behavior if the static is mutated or if a mutable reference is created for it while the shared reference lives

warning: creating a shared reference to mutable static
    --> src/generated/applet_tar.rs:3470:12
     |
3470 |         if error_hook.is_some() {
     |            ^^^^^^^^^^^^^^^^^^^^ shared reference to mutable static
     |
     = note: for more information, see <https://doc.rust-lang.org/edition-guide/rust-2024/static-mut-references.html>
     = note: shared references to mutable statics are dangerous; it's undefined behavior if the static is mutated or if a mutable reference is created for it while the shared reference lives

warning: creating a shared reference to mutable static
    --> src/generated/applet_tar.rs:3517:8
     |
3517 |     if error_hook.is_some() {
     |        ^^^^^^^^^^^^^^^^^^^^ shared reference to mutable static
     |
     = note: for more information, see <https://doc.rust-lang.org/edition-guide/rust-2024/static-mut-references.html>
     = note: shared references to mutable statics are dangerous; it's undefined behavior if the static is mutated or if a mutable reference is created for it while the shared reference lives

warning: creating a shared reference to mutable static
    --> src/generated/applet_tar.rs:3621:12
     |
3621 |         if error_hook.is_some() {
     |            ^^^^^^^^^^^^^^^^^^^^ shared reference to mutable static
     |
     = note: for more information, see <https://doc.rust-lang.org/edition-guide/rust-2024/static-mut-references.html>
     = note: shared references to mutable statics are dangerous; it's undefined behavior if the static is mutated or if a mutable reference is created for it while the shared reference lives

warning: creating a shared reference to mutable static
    --> src/generated/applet_tar.rs:3671:12
     |
3671 |         if error_hook.is_some() {
     |            ^^^^^^^^^^^^^^^^^^^^ shared reference to mutable static
     |
     = note: for more information, see <https://doc.rust-lang.org/edition-guide/rust-2024/static-mut-references.html>
     = note: shared references to mutable statics are dangerous; it's undefined behavior if the static is mutated or if a mutable reference is created for it while the shared reference lives

warning: creating a shared reference to mutable static
    --> src/generated/applet_tar.rs:3770:8
     |
3770 |     if error_hook.is_some() {
     |        ^^^^^^^^^^^^^^^^^^^^ shared reference to mutable static
     |
     = note: for more information, see <https://doc.rust-lang.org/edition-guide/rust-2024/static-mut-references.html>
     = note: shared references to mutable statics are dangerous; it's undefined behavior if the static is mutated or if a mutable reference is created for it while the shared reference lives

warning: creating a shared reference to mutable static
    --> src/generated/applet_tar.rs:3851:16
     |
3851 |             if error_hook.is_some() {
     |                ^^^^^^^^^^^^^^^^^^^^ shared reference to mutable static
     |
     = note: for more information, see <https://doc.rust-lang.org/edition-guide/rust-2024/static-mut-references.html>
     = note: shared references to mutable statics are dangerous; it's undefined behavior if the static is mutated or if a mutable reference is created for it while the shared reference lives

warning: creating a shared reference to mutable static
    --> src/generated/applet_tar.rs:3890:12
     |
3890 |         if error_hook.is_some() {
     |            ^^^^^^^^^^^^^^^^^^^^ shared reference to mutable static
     |
     = note: for more information, see <https://doc.rust-lang.org/edition-guide/rust-2024/static-mut-references.html>
     = note: shared references to mutable statics are dangerous; it's undefined behavior if the static is mutated or if a mutable reference is created for it while the shared reference lives

warning: creating a shared reference to mutable static
    --> src/generated/applet_tar.rs:3952:20
     |
3952 |                 if error_hook.is_some() {
     |                    ^^^^^^^^^^^^^^^^^^^^ shared reference to mutable static
     |
     = note: for more information, see <https://doc.rust-lang.org/edition-guide/rust-2024/static-mut-references.html>
     = note: shared references to mutable statics are dangerous; it's undefined behavior if the static is mutated or if a mutable reference is created for it while the shared reference lives

warning: creating a shared reference to mutable static
    --> src/generated/applet_tar.rs:4571:12
     |
4571 |         if error_hook.is_some() {
     |            ^^^^^^^^^^^^^^^^^^^^ shared reference to mutable static
     |
     = note: for more information, see <https://doc.rust-lang.org/edition-guide/rust-2024/static-mut-references.html>
     = note: shared references to mutable statics are dangerous; it's undefined behavior if the static is mutated or if a mutable reference is created for it while the shared reference lives

warning: creating a shared reference to mutable static
    --> src/generated/applet_tar.rs:4724:28
     |
4724 |                         if error_hook.is_some() {
     |                            ^^^^^^^^^^^^^^^^^^^^ shared reference to mutable static
     |
     = note: for more information, see <https://doc.rust-lang.org/edition-guide/rust-2024/static-mut-references.html>
     = note: shared references to mutable statics are dangerous; it's undefined behavior if the static is mutated or if a mutable reference is created for it while the shared reference lives

warning: creating a shared reference to mutable static
    --> src/generated/applet_tar.rs:4888:28
     |
4888 |                         if error_hook.is_some() {
     |                            ^^^^^^^^^^^^^^^^^^^^ shared reference to mutable static
     |
     = note: for more information, see <https://doc.rust-lang.org/edition-guide/rust-2024/static-mut-references.html>
     = note: shared references to mutable statics are dangerous; it's undefined behavior if the static is mutated or if a mutable reference is created for it while the shared reference lives

warning: creating a shared reference to mutable static
    --> src/generated/applet_tar.rs:4950:28
     |
4950 |                         if error_hook.is_some() {
     |                            ^^^^^^^^^^^^^^^^^^^^ shared reference to mutable static
     |
     = note: for more information, see <https://doc.rust-lang.org/edition-guide/rust-2024/static-mut-references.html>
     = note: shared references to mutable statics are dangerous; it's undefined behavior if the static is mutated or if a mutable reference is created for it while the shared reference lives

warning: creating a shared reference to mutable static
    --> src/generated/applet_tar.rs:5100:32
     |
5100 | ...                   if error_hook.is_some() {
     |                          ^^^^^^^^^^^^^^^^^^^^ shared reference to mutable static
     |
     = note: for more information, see <https://doc.rust-lang.org/edition-guide/rust-2024/static-mut-references.html>
     = note: shared references to mutable statics are dangerous; it's undefined behavior if the static is mutated or if a mutable reference is created for it while the shared reference lives

warning: creating a shared reference to mutable static
    --> src/generated/applet_tar.rs:5145:32
     |
5145 | ...                   if error_hook.is_some() {
     |                          ^^^^^^^^^^^^^^^^^^^^ shared reference to mutable static
     |
     = note: for more information, see <https://doc.rust-lang.org/edition-guide/rust-2024/static-mut-references.html>
     = note: shared references to mutable statics are dangerous; it's undefined behavior if the static is mutated or if a mutable reference is created for it while the shared reference lives

warning: creating a shared reference to mutable static
    --> src/generated/applet_tar.rs:5272:28
     |
5272 |                         if error_hook.is_some() {
     |                            ^^^^^^^^^^^^^^^^^^^^ shared reference to mutable static
     |
     = note: for more information, see <https://doc.rust-lang.org/edition-guide/rust-2024/static-mut-references.html>
     = note: shared references to mutable statics are dangerous; it's undefined behavior if the static is mutated or if a mutable reference is created for it while the shared reference lives

warning: creating a shared reference to mutable static
    --> src/generated/applet_tar.rs:5333:32
     |
5333 | ...                   if error_hook.is_some() {
     |                          ^^^^^^^^^^^^^^^^^^^^ shared reference to mutable static
     |
     = note: for more information, see <https://doc.rust-lang.org/edition-guide/rust-2024/static-mut-references.html>
     = note: shared references to mutable statics are dangerous; it's undefined behavior if the static is mutated or if a mutable reference is created for it while the shared reference lives

warning: creating a shared reference to mutable static
    --> src/generated/applet_tar.rs:5464:28
     |
5464 |                         if error_hook.is_some() {
     |                            ^^^^^^^^^^^^^^^^^^^^ shared reference to mutable static
     |
     = note: for more information, see <https://doc.rust-lang.org/edition-guide/rust-2024/static-mut-references.html>
     = note: shared references to mutable statics are dangerous; it's undefined behavior if the static is mutated or if a mutable reference is created for it while the shared reference lives

warning: creating a shared reference to mutable static
    --> src/generated/applet_tar.rs:5550:32
     |
5550 | ...                   if error_hook.is_some() {
     |                          ^^^^^^^^^^^^^^^^^^^^ shared reference to mutable static
     |
     = note: for more information, see <https://doc.rust-lang.org/edition-guide/rust-2024/static-mut-references.html>
     = note: shared references to mutable statics are dangerous; it's undefined behavior if the static is mutated or if a mutable reference is created for it while the shared reference lives

warning: creating a shared reference to mutable static
    --> src/generated/applet_tar.rs:5681:28
     |
5681 |                         if error_hook.is_some() {
     |                            ^^^^^^^^^^^^^^^^^^^^ shared reference to mutable static
     |
     = note: for more information, see <https://doc.rust-lang.org/edition-guide/rust-2024/static-mut-references.html>
     = note: shared references to mutable statics are dangerous; it's undefined behavior if the static is mutated or if a mutable reference is created for it while the shared reference lives

warning: creating a shared reference to mutable static
    --> src/generated/applet_tar.rs:5725:28
     |
5725 |                         if error_hook.is_some() {
     |                            ^^^^^^^^^^^^^^^^^^^^ shared reference to mutable static
     |
     = note: for more information, see <https://doc.rust-lang.org/edition-guide/rust-2024/static-mut-references.html>
     = note: shared references to mutable statics are dangerous; it's undefined behavior if the static is mutated or if a mutable reference is created for it while the shared reference lives

warning: creating a shared reference to mutable static
    --> src/generated/applet_tar.rs:5814:28
     |
5814 |                         if error_hook.is_some() {
     |                            ^^^^^^^^^^^^^^^^^^^^ shared reference to mutable static
     |
     = note: for more information, see <https://doc.rust-lang.org/edition-guide/rust-2024/static-mut-references.html>
     = note: shared references to mutable statics are dangerous; it's undefined behavior if the static is mutated or if a mutable reference is created for it while the shared reference lives

warning: creating a shared reference to mutable static
    --> src/generated/applet_tar.rs:5888:28
     |
5888 |                         if error_hook.is_some() {
     |                            ^^^^^^^^^^^^^^^^^^^^ shared reference to mutable static
     |
     = note: for more information, see <https://doc.rust-lang.org/edition-guide/rust-2024/static-mut-references.html>
     = note: shared references to mutable statics are dangerous; it's undefined behavior if the static is mutated or if a mutable reference is created for it while the shared reference lives

warning: creating a shared reference to mutable static
    --> src/generated/applet_tar.rs:6074:20
     |
6074 |                 if error_hook.is_some() {
     |                    ^^^^^^^^^^^^^^^^^^^^ shared reference to mutable static
     |
     = note: for more information, see <https://doc.rust-lang.org/edition-guide/rust-2024/static-mut-references.html>
     = note: shared references to mutable statics are dangerous; it's undefined behavior if the static is mutated or if a mutable reference is created for it while the shared reference lives

warning: creating a shared reference to mutable static
    --> src/generated/applet_tar.rs:6285:12
     |
6285 |         if error_hook.is_some() {
     |            ^^^^^^^^^^^^^^^^^^^^ shared reference to mutable static
     |
     = note: for more information, see <https://doc.rust-lang.org/edition-guide/rust-2024/static-mut-references.html>
     = note: shared references to mutable statics are dangerous; it's undefined behavior if the static is mutated or if a mutable reference is created for it while the shared reference lives

warning: creating a shared reference to mutable static
    --> src/generated/applet_tar.rs:6342:16
     |
6342 |             if error_hook.is_some() {
     |                ^^^^^^^^^^^^^^^^^^^^ shared reference to mutable static
     |
     = note: for more information, see <https://doc.rust-lang.org/edition-guide/rust-2024/static-mut-references.html>
     = note: shared references to mutable statics are dangerous; it's undefined behavior if the static is mutated or if a mutable reference is created for it while the shared reference lives

warning: creating a shared reference to mutable static
    --> src/generated/applet_tar.rs:6504:24
     |
6504 |                     if error_hook.is_some() {
     |                        ^^^^^^^^^^^^^^^^^^^^ shared reference to mutable static
     |
     = note: for more information, see <https://doc.rust-lang.org/edition-guide/rust-2024/static-mut-references.html>
     = note: shared references to mutable statics are dangerous; it's undefined behavior if the static is mutated or if a mutable reference is created for it while the shared reference lives

warning: creating a shared reference to mutable static
    --> src/generated/applet_tar.rs:6603:16
     |
6603 |             if error_hook.is_some() {
     |                ^^^^^^^^^^^^^^^^^^^^ shared reference to mutable static
     |
     = note: for more information, see <https://doc.rust-lang.org/edition-guide/rust-2024/static-mut-references.html>
     = note: shared references to mutable statics are dangerous; it's undefined behavior if the static is mutated or if a mutable reference is created for it while the shared reference lives

warning: creating a shared reference to mutable static
    --> src/generated/applet_tar.rs:6662:12
     |
6662 |         if error_hook.is_some() {
     |            ^^^^^^^^^^^^^^^^^^^^ shared reference to mutable static
     |
     = note: for more information, see <https://doc.rust-lang.org/edition-guide/rust-2024/static-mut-references.html>
     = note: shared references to mutable statics are dangerous; it's undefined behavior if the static is mutated or if a mutable reference is created for it while the shared reference lives

warning: creating a shared reference to mutable static
    --> src/generated/applet_tar.rs:6723:12
     |
6723 |         if error_hook.is_some() {
     |            ^^^^^^^^^^^^^^^^^^^^ shared reference to mutable static
     |
     = note: for more information, see <https://doc.rust-lang.org/edition-guide/rust-2024/static-mut-references.html>
     = note: shared references to mutable statics are dangerous; it's undefined behavior if the static is mutated or if a mutable reference is created for it while the shared reference lives

warning: creating a shared reference to mutable static
    --> src/generated/applet_tar.rs:6793:20
     |
6793 |                 if error_hook.is_some() {
     |                    ^^^^^^^^^^^^^^^^^^^^ shared reference to mutable static
     |
     = note: for more information, see <https://doc.rust-lang.org/edition-guide/rust-2024/static-mut-references.html>
     = note: shared references to mutable statics are dangerous; it's undefined behavior if the static is mutated or if a mutable reference is created for it while the shared reference lives

warning: creating a shared reference to mutable static
    --> src/generated/applet_tar.rs:6846:16
     |
6846 |             if error_hook.is_some() {
     |                ^^^^^^^^^^^^^^^^^^^^ shared reference to mutable static
     |
     = note: for more information, see <https://doc.rust-lang.org/edition-guide/rust-2024/static-mut-references.html>
     = note: shared references to mutable statics are dangerous; it's undefined behavior if the static is mutated or if a mutable reference is created for it while the shared reference lives

warning: creating a shared reference to mutable static
    --> src/generated/applet_tar.rs:6886:16
     |
6886 |             if error_hook.is_some() {
     |                ^^^^^^^^^^^^^^^^^^^^ shared reference to mutable static
     |
     = note: for more information, see <https://doc.rust-lang.org/edition-guide/rust-2024/static-mut-references.html>
     = note: shared references to mutable statics are dangerous; it's undefined behavior if the static is mutated or if a mutable reference is created for it while the shared reference lives

warning: creating a shared reference to mutable static
    --> src/generated/applet_tar.rs:6938:16
     |
6938 |             if error_hook.is_some() {
     |                ^^^^^^^^^^^^^^^^^^^^ shared reference to mutable static
     |
     = note: for more information, see <https://doc.rust-lang.org/edition-guide/rust-2024/static-mut-references.html>
     = note: shared references to mutable statics are dangerous; it's undefined behavior if the static is mutated or if a mutable reference is created for it while the shared reference lives

warning: creating a shared reference to mutable static
    --> src/generated/applet_tar.rs:6978:16
     |
6978 |             if error_hook.is_some() {
     |                ^^^^^^^^^^^^^^^^^^^^ shared reference to mutable static
     |
     = note: for more information, see <https://doc.rust-lang.org/edition-guide/rust-2024/static-mut-references.html>
     = note: shared references to mutable statics are dangerous; it's undefined behavior if the static is mutated or if a mutable reference is created for it while the shared reference lives

warning: creating a shared reference to mutable static
    --> src/generated/applet_tar.rs:7018:16
     |
7018 |             if error_hook.is_some() {
     |                ^^^^^^^^^^^^^^^^^^^^ shared reference to mutable static
     |
     = note: for more information, see <https://doc.rust-lang.org/edition-guide/rust-2024/static-mut-references.html>
     = note: shared references to mutable statics are dangerous; it's undefined behavior if the static is mutated or if a mutable reference is created for it while the shared reference lives

warning: creating a shared reference to mutable static
    --> src/generated/applet_tar.rs:7060:16
     |
7060 |             if error_hook.is_some() {
     |                ^^^^^^^^^^^^^^^^^^^^ shared reference to mutable static
     |
     = note: for more information, see <https://doc.rust-lang.org/edition-guide/rust-2024/static-mut-references.html>
     = note: shared references to mutable statics are dangerous; it's undefined behavior if the static is mutated or if a mutable reference is created for it while the shared reference lives

warning: creating a shared reference to mutable static
    --> src/generated/applet_tar.rs:7104:12
     |
7104 |         if error_hook.is_some() {
     |            ^^^^^^^^^^^^^^^^^^^^ shared reference to mutable static
     |
     = note: for more information, see <https://doc.rust-lang.org/edition-guide/rust-2024/static-mut-references.html>
     = note: shared references to mutable statics are dangerous; it's undefined behavior if the static is mutated or if a mutable reference is created for it while the shared reference lives

warning: creating a shared reference to mutable static
    --> src/generated/applet_tar.rs:7147:12
     |
7147 |         if error_hook.is_some() {
     |            ^^^^^^^^^^^^^^^^^^^^ shared reference to mutable static
     |
     = note: for more information, see <https://doc.rust-lang.org/edition-guide/rust-2024/static-mut-references.html>
     = note: shared references to mutable statics are dangerous; it's undefined behavior if the static is mutated or if a mutable reference is created for it while the shared reference lives

warning: creating a shared reference to mutable static
    --> src/generated/applet_tar.rs:7190:12
     |
7190 |         if error_hook.is_some() {
     |            ^^^^^^^^^^^^^^^^^^^^ shared reference to mutable static
     |
     = note: for more information, see <https://doc.rust-lang.org/edition-guide/rust-2024/static-mut-references.html>
     = note: shared references to mutable statics are dangerous; it's undefined behavior if the static is mutated or if a mutable reference is created for it while the shared reference lives

warning: creating a shared reference to mutable static
    --> src/generated/applet_tar.rs:7233:12
     |
7233 |         if error_hook.is_some() {
     |            ^^^^^^^^^^^^^^^^^^^^ shared reference to mutable static
     |
     = note: for more information, see <https://doc.rust-lang.org/edition-guide/rust-2024/static-mut-references.html>
     = note: shared references to mutable statics are dangerous; it's undefined behavior if the static is mutated or if a mutable reference is created for it while the shared reference lives

warning: creating a shared reference to mutable static
    --> src/generated/applet_tar.rs:7319:20
     |
7319 |                 if error_hook.is_some() {
     |                    ^^^^^^^^^^^^^^^^^^^^ shared reference to mutable static
     |
     = note: for more information, see <https://doc.rust-lang.org/edition-guide/rust-2024/static-mut-references.html>
     = note: shared references to mutable statics are dangerous; it's undefined behavior if the static is mutated or if a mutable reference is created for it while the shared reference lives

warning: creating a shared reference to mutable static
    --> src/generated/applet_tar.rs:7392:12
     |
7392 |         if error_hook.is_some() {
     |            ^^^^^^^^^^^^^^^^^^^^ shared reference to mutable static
     |
     = note: for more information, see <https://doc.rust-lang.org/edition-guide/rust-2024/static-mut-references.html>
     = note: shared references to mutable statics are dangerous; it's undefined behavior if the static is mutated or if a mutable reference is created for it while the shared reference lives

warning: creating a shared reference to mutable static
    --> src/generated/applet_tar.rs:7450:20
     |
7450 |                 if error_hook.is_some() {
     |                    ^^^^^^^^^^^^^^^^^^^^ shared reference to mutable static
     |
     = note: for more information, see <https://doc.rust-lang.org/edition-guide/rust-2024/static-mut-references.html>
     = note: shared references to mutable statics are dangerous; it's undefined behavior if the static is mutated or if a mutable reference is created for it while the shared reference lives

warning: creating a shared reference to mutable static
    --> src/generated/applet_tar.rs:7528:24
     |
7528 |                     if error_hook.is_some() {
     |                        ^^^^^^^^^^^^^^^^^^^^ shared reference to mutable static
     |
     = note: for more information, see <https://doc.rust-lang.org/edition-guide/rust-2024/static-mut-references.html>
     = note: shared references to mutable statics are dangerous; it's undefined behavior if the static is mutated or if a mutable reference is created for it while the shared reference lives

warning: creating a shared reference to mutable static
    --> src/generated/applet_tar.rs:7628:12
     |
7628 |         if error_hook.is_some() {
     |            ^^^^^^^^^^^^^^^^^^^^ shared reference to mutable static
     |
     = note: for more information, see <https://doc.rust-lang.org/edition-guide/rust-2024/static-mut-references.html>
     = note: shared references to mutable statics are dangerous; it's undefined behavior if the static is mutated or if a mutable reference is created for it while the shared reference lives

warning: creating a shared reference to mutable static
    --> src/generated/applet_tar.rs:7684:20
     |
7684 |                 if error_hook.is_some() {
     |                    ^^^^^^^^^^^^^^^^^^^^ shared reference to mutable static
     |
     = note: for more information, see <https://doc.rust-lang.org/edition-guide/rust-2024/static-mut-references.html>
     = note: shared references to mutable statics are dangerous; it's undefined behavior if the static is mutated or if a mutable reference is created for it while the shared reference lives

warning: creating a shared reference to mutable static
    --> src/generated/applet_tar.rs:7897:8
     |
7897 |     if error_print_progname.is_none() {
     |        ^^^^^^^^^^^^^^^^^^^^^^^^^^^^^^ shared reference to mutable static
     |
     = note: for more information, see <https://doc.rust-lang.org/edition-guide/rust-2024/static-mut-references.html>
     = note: shared references to mutable statics are dangerous; it's undefined behavior if the static is mutated or if a mutable reference is created for it while the shared reference lives

warning: creating a mutable reference to mutable static
    --> src/generated/applet_tar.rs:7944:5
     |
7944 |     RBOXC_OWNED_ARGS.push(pointer);
     |     ^^^^^^^^^^^^^^^^^^^^^^^^^^^^^^ mutable reference to mutable static
     |
     = note: for more information, see <https://doc.rust-lang.org/edition-guide/rust-2024/static-mut-references.html>
     = note: mutable references to mutable statics are dangerous; it's undefined behavior if any other pointer to the static is used or if any other reference is created for the static while the mutable reference lives

warning: creating a mutable reference to mutable static
    --> src/generated/applet_locate.rs:2328:13
     |
2328 |             RBOXC_REGEXES.push(p);
     |             ^^^^^^^^^^^^^^^^^^^^^ mutable reference to mutable static
     |
     = note: for more information, see <https://doc.rust-lang.org/edition-guide/rust-2024/static-mut-references.html>
     = note: mutable references to mutable statics are dangerous; it's undefined behavior if any other pointer to the static is used or if any other reference is created for the static while the mutable reference lives

warning: creating a mutable reference to mutable static
    --> src/generated/applet_locate.rs:3693:33
     |
3693 |         while let Some(regex) = RBOXC_REGEXES.pop() {
     |                                 ^^^^^^^^^^^^^^^^^^^ mutable reference to mutable static
     |
     = note: for more information, see <https://doc.rust-lang.org/edition-guide/rust-2024/static-mut-references.html>
     = note: mutable references to mutable statics are dangerous; it's undefined behavior if any other pointer to the static is used or if any other reference is created for the static while the mutable reference lives

warning: creating a shared reference to mutable static
    --> src/generated/applet_locate.rs:3735:8
     |
3735 |     if error_print_progname.is_none() {
     |        ^^^^^^^^^^^^^^^^^^^^^^^^^^^^^^ shared reference to mutable static
     |
     = note: for more information, see <https://doc.rust-lang.org/edition-guide/rust-2024/static-mut-references.html>
     = note: shared references to mutable statics are dangerous; it's undefined behavior if the static is mutated or if a mutable reference is created for it while the shared reference lives

warning: function pointer comparisons do not produce meaningful results since their addresses are not guaranteed to be unique
    --> src/generated/applet_xargs.rs:1731:12
     |
1731 |         && read_args == Some(read_string as unsafe extern "C" fn() -> ::core::ffi::c_int)
     |            ^^^^^^^^^^^^^^^^^^^^^^^^^^^^^^^^^^^^^^^^^^^^^^^^^^^^^^^^^^^^^^^^^^^^^^^^^^^^^^
     |
     = note: the address of the same function can vary between different codegen units
     = note: furthermore, different functions could have the same address after being merged together
     = note: for more information visit <https://doc.rust-lang.org/nightly/core/ptr/fn.fn_addr_eq.html>
     = note: `#[warn(unpredictable_function_pointer_comparisons)]` on by default

warning: creating a shared reference to mutable static
    --> src/generated/applet_xargs.rs:3944:8
     |
3944 |     if error_print_progname.is_none() {
     |        ^^^^^^^^^^^^^^^^^^^^^^^^^^^^^^ shared reference to mutable static
     |
     = note: for more information, see <https://doc.rust-lang.org/edition-guide/rust-2024/static-mut-references.html>
     = note: shared references to mutable statics are dangerous; it's undefined behavior if the static is mutated or if a mutable reference is created for it while the shared reference lives

warning: returned pointer of `as_ptr` call is never null, so checking it for null will always return false
    --> src/generated/applet_find.rs:1722:20
     |
1722 |                   if (b"unexpected error code from argv_iter\0".as_ptr()
     |  ____________________^
1723 | |                     as *const ::core::ffi::c_char)
1724 | |                     .is_null()
     | |______________________________^
     |
     = note: `#[warn(useless_ptr_null_checks)]` on by default

warning: unused unary operation that must be used
    --> src/generated/applet_find.rs:1986:5
     |
1986 |     !options.open_nofollow_available;
     |     ^^^^^^^^^^^^^^^^^^^^^^^^^^^^^^^^ the unary operation produces a value
     |
     = note: `#[warn(unused_must_use)]` (part of `#[warn(unused)]`) on by default
help: use `let _ = ...` to ignore the resulting value
     |
1986 |     let _ = !options.open_nofollow_available;
     |     +++++++

warning: creating a shared reference to mutable static
    --> src/generated/applet_find.rs:2051:8
     |
2051 |     if error_print_progname.is_none() {
     |        ^^^^^^^^^^^^^^^^^^^^^^^^^^^^^^ shared reference to mutable static
     |
     = note: for more information, see <https://doc.rust-lang.org/edition-guide/rust-2024/static-mut-references.html>
     = note: shared references to mutable statics are dangerous; it's undefined behavior if the static is mutated or if a mutable reference is created for it while the shared reference lives

warning: unused logical operation that must be used
    --> src/generated/applet_gzip.rs:1187:9
     |
1187 |         to_stdout != 0 && test == 0 && (decompress == 0 || ascii == 0);
     |         ^^^^^^^^^^^^^^^^^^^^^^^^^^^^^^^^^^^^^^^^^^^^^^^^^^^^^^^^^^^^^^ the logical operation produces a value
     |
help: use `let _ = ...` to ignore the resulting value
     |
1187 |         let _ = to_stdout != 0 && test == 0 && (decompress == 0 || ascii == 0);
     |         +++++++

warning: unused logical operation that must be used
    --> src/generated/applet_gzip.rs:1276:5
     |
1276 |     decompress != 0 || ascii == 0;
     |     ^^^^^^^^^^^^^^^^^^^^^^^^^^^^^ the logical operation produces a value
     |
help: use `let _ = ...` to ignore the resulting value
     |
1276 |     let _ = decompress != 0 || ascii == 0;
     |     +++++++

warning: unused logical operation that must be used
    --> src/generated/applet_gzip.rs:1277:5
     |
1277 |     test == 0 && (decompress == 0 || ascii == 0);
     |     ^^^^^^^^^^^^^^^^^^^^^^^^^^^^^^^^^^^^^^^^^^^^ the logical operation produces a value
     |
help: use `let _ = ...` to ignore the resulting value
     |
1277 |     let _ = test == 0 && (decompress == 0 || ascii == 0);
     |     +++++++

warning: function pointer comparisons do not produce meaningful results since their addresses are not guaranteed to be unique
    --> src/generated/applet_gzip.rs:2974:12
     |
2974 |           if act.__sigaction_handler.sa_handler
     |  ____________^
2975 | |             != ::core::mem::transmute::<::libc::intptr_t, __sighandler_t>(
2976 | |                 1 as ::core::ffi::c_int as ::libc::intptr_t,
2977 | |             )
     | |_____________^
     |
     = note: the address of the same function can vary between different codegen units
     = note: furthermore, different functions could have the same address after being merged together
     = note: for more information visit <https://doc.rust-lang.org/nightly/core/ptr/fn.fn_addr_eq.html>

warning: function pointer comparisons do not produce meaningful results since their addresses are not guaranteed to be unique
    --> src/generated/applet_sdiff.rs:1422:16
     |
1422 |               if initial_handler(C2Rust_Unnamed_12::handler_index_of_SIGINT.0 as ::core::ffi::c_int)
     |  ________________^
1423 | |                 != ::core::mem::transmute::<::libc::intptr_t, __sighandler_t>(
1424 | |                     1 as ::core::ffi::c_int as ::libc::intptr_t,
1425 | |                 )
     | |_________________^
     |
     = note: the address of the same function can vary between different codegen units
     = note: furthermore, different functions could have the same address after being merged together
     = note: for more information visit <https://doc.rust-lang.org/nightly/core/ptr/fn.fn_addr_eq.html>

warning: function pointer comparisons do not produce meaningful results since their addresses are not guaranteed to be unique
    --> src/generated/applet_sdiff.rs:1580:12
     |
1580 |           if initial_handler(i_0)
     |  ____________^
1581 | |             != ::core::mem::transmute::<::libc::intptr_t, __sighandler_t>(
1582 | |                 1 as ::core::ffi::c_int as ::libc::intptr_t,
1583 | |             )
     | |_____________^
     |
     = note: the address of the same function can vary between different codegen units
     = note: furthermore, different functions could have the same address after being merged together
     = note: for more information visit <https://doc.rust-lang.org/nightly/core/ptr/fn.fn_addr_eq.html>

warning: function pointer comparisons do not produce meaningful results since their addresses are not guaranteed to be unique
    --> src/generated/applet_sdiff.rs:1600:20
     |
1600 |                   && initial_handler(i)
     |  ____________________^
1601 | |                     != ::core::mem::transmute::<::libc::intptr_t, __sighandler_t>(
1602 | |                         1 as ::core::ffi::c_int as ::libc::intptr_t,
1603 | |                     )
     | |_____________________^
     |
     = note: the address of the same function can vary between different codegen units
     = note: furthermore, different functions could have the same address after being merged together
     = note: for more information visit <https://doc.rust-lang.org/nightly/core/ptr/fn.fn_addr_eq.html>

warning: creating a shared reference to mutable static
   --> src/generated/applet_hello.rs:445:8
    |
445 |     if error_print_progname.is_none() {
    |        ^^^^^^^^^^^^^^^^^^^^^^^^^^^^^^ shared reference to mutable static
    |
    = note: for more information, see <https://doc.rust-lang.org/edition-guide/rust-2024/static-mut-references.html>
    = note: shared references to mutable statics are dangerous; it's undefined behavior if the static is mutated or if a mutable reference is created for it while the shared reference lives

warning: creating a shared reference to mutable static
    --> src/generated/applet_basenc.rs:3264:29
     |
3264 |     let mut use_ctx: bool = base_encode_ctx_init.is_some();
     |                             ^^^^^^^^^^^^^^^^^^^^^^^^^^^^^^ shared reference to mutable static
     |
     = note: for more information, see <https://doc.rust-lang.org/edition-guide/rust-2024/static-mut-references.html>
     = note: shared references to mutable statics are dangerous; it's undefined behavior if the static is mutated or if a mutable reference is created for it while the shared reference lives

warning: creating a shared reference to mutable static
    --> src/generated/applet_basenc.rs:3374:46
     |
3374 |     if use_ctx as ::core::ffi::c_int != 0 && base_encode_ctx_finalize.is_some() {
     |                                              ^^^^^^^^^^^^^^^^^^^^^^^^^^^^^^^^^^ shared reference to mutable static
     |
     = note: for more information, see <https://doc.rust-lang.org/edition-guide/rust-2024/static-mut-references.html>
     = note: shared references to mutable statics are dangerous; it's undefined behavior if the static is mutated or if a mutable reference is created for it while the shared reference lives

warning: function pointer comparisons do not produce meaningful results since their addresses are not guaranteed to be unique
    --> src/generated/applet_csplit.rs:3355:12
     |
3355 |           if act.__sigaction_handler.sa_handler
     |  ____________^
3356 | |             != ::core::mem::transmute::<::libc::intptr_t, __sighandler_t>(
3357 | |                 1 as ::core::ffi::c_int as ::libc::intptr_t,
3358 | |             )
     | |_____________^
     |
     = note: the address of the same function can vary between different codegen units
     = note: furthermore, different functions could have the same address after being merged together
     = note: for more information visit <https://doc.rust-lang.org/nightly/core/ptr/fn.fn_addr_eq.html>

warning: function pointer comparisons do not produce meaningful results since their addresses are not guaranteed to be unique
    --> src/generated/applet_dd.rs:2808:8
     |
2808 |       if act.__sigaction_handler.sa_handler
     |  ________^
2809 | |         != ::core::mem::transmute::<::libc::intptr_t, __sighandler_t>(
2810 | |             1 as ::core::ffi::c_int as ::libc::intptr_t,
2811 | |         )
     | |_________^
     |
     = note: the address of the same function can vary between different codegen units
     = note: furthermore, different functions could have the same address after being merged together
     = note: for more information visit <https://doc.rust-lang.org/nightly/core/ptr/fn.fn_addr_eq.html>

warning: returned pointer of `as_ptr` call is never null, so checking it for null will always return false
    --> src/generated/applet_df.rs:1563:24
     |
1563 |                     if (b"invalid field\0".as_ptr() as *const ::core::ffi::c_char).is_null() {
     |                        ^^^^^^^^^^^^^^^^^^^^^^^^^^^^^^^^^^^^^^^^^^^^^^^^^^^^^^^^^^^^^^^^^^^^^

warning: returned pointer of `as_ptr` call is never null, so checking it for null will always return false
    --> src/generated/applet_df.rs:2356:24
     |
2356 |                     if (b"bad field_type\0".as_ptr() as *const ::core::ffi::c_char).is_null() {
     |                        ^^^^^^^^^^^^^^^^^^^^^^^^^^^^^^^^^^^^^^^^^^^^^^^^^^^^^^^^^^^^^^^^^^^^^^

warning: returned pointer of `as_ptr` call is never null, so checking it for null will always return false
    --> src/generated/applet_df.rs:2464:24
     |
2464 |                     if (b"unhandled field\0".as_ptr() as *const ::core::ffi::c_char).is_null() {
     |                        ^^^^^^^^^^^^^^^^^^^^^^^^^^^^^^^^^^^^^^^^^^^^^^^^^^^^^^^^^^^^^^^^^^^^^^^

warning: returned pointer of `as_ptr` call is never null, so checking it for null will always return false
    --> src/generated/applet_du.rs:3042:20
     |
3042 |                   if (b"unexpected error code from argv_iter\0".as_ptr()
     |  ____________________^
3043 | |                     as *const ::core::ffi::c_char)
3044 | |                     .is_null()
     | |______________________________^

warning: function pointer comparisons do not produce meaningful results since their addresses are not guaranteed to be unique
    --> src/generated/applet_env.rs:2275:62
     |
2275 |               let mut ignored: *const ::core::ffi::c_char = if act.__sigaction_handler.sa_handler
     |  ______________________________________________________________^
2276 | |                 == ::core::mem::transmute::<::libc::intptr_t, __sighandler_t>(
2277 | |                     1 as ::core::ffi::c_int as ::libc::intptr_t,
2278 | |                 ) {
     | |_________________^
     |
     = note: the address of the same function can vary between different codegen units
     = note: furthermore, different functions could have the same address after being merged together
     = note: for more information visit <https://doc.rust-lang.org/nightly/core/ptr/fn.fn_addr_eq.html>

warning: function pointer comparisons do not produce meaningful results since their addresses are not guaranteed to be unique
    --> src/generated/applet_ls.rs:9625:16
     |
9625 |               if act.__sigaction_handler.sa_handler
     |  ________________^
9626 | |                 != ::core::mem::transmute::<::libc::intptr_t, __sighandler_t>(
9627 | |                     1 as ::core::ffi::c_int as ::libc::intptr_t,
9628 | |                 )
     | |_________________^
     |
     = note: the address of the same function can vary between different codegen units
     = note: furthermore, different functions could have the same address after being merged together
     = note: for more information visit <https://doc.rust-lang.org/nightly/core/ptr/fn.fn_addr_eq.html>

warning: unused comparison that must be used
     --> src/generated/applet_ls.rs:11807:5
      |
11807 |     (*f).scontext != &raw mut UNKNOWN_SECURITY_CONTEXT as *mut ::core::ffi::c_char;
      |     ^^^^^^^^^^^^^^^^^^^^^^^^^^^^^^^^^^^^^^^^^^^^^^^^^^^^^^^^^^^^^^^^^^^^^^^^^^^^^^ the comparison produces a value
      |
help: use `let _ = ...` to ignore the resulting value
      |
11807 |     let _ = (*f).scontext != &raw mut UNKNOWN_SECURITY_CONTEXT as *mut ::core::ffi::c_char;
      |     +++++++

warning: unused unary operation that must be used
    --> src/generated/applet_od.rs:3628:13
     |
3628 |             *n_bytes_in_buffer;
     |             ^^^^^^^^^^^^^^^^^^ the unary operation produces a value
     |
help: use `let _ = ...` to ignore the resulting value
     |
3628 |             let _ = *n_bytes_in_buffer;
     |             +++++++

warning: function pointer comparisons do not produce meaningful results since their addresses are not guaranteed to be unique
    --> src/generated/applet_od.rs:4507:12
     |
4507 |           if format_address
     |  ____________^
4508 | |             == Some(
4509 | |                 format_address_none as unsafe extern "C" fn(intmax_t, ::core::ffi::c_char) -> (),
4510 | |             )
     | |_____________^
     |
     = note: the address of the same function can vary between different codegen units
     = note: furthermore, different functions could have the same address after being merged together
     = note: for more information visit <https://doc.rust-lang.org/nightly/core/ptr/fn.fn_addr_eq.html>

warning: function pointer comparisons do not produce meaningful results since their addresses are not guaranteed to be unique
    --> src/generated/applet_pr.rs:3355:8
     |
3355 |     if (*p).char_func != Some(store_char as unsafe extern "C" fn(::core::ffi::c_char) -> ()) {
     |        ^^^^^^^^^^^^^^^^^^^^^^^^^^^^^^^^^^^^^^^^^^^^^^^^^^^^^^^^^^^^^^^^^^^^^^^^^^^^^^^^^^^^^
     |
     = note: the address of the same function can vary between different codegen units
     = note: furthermore, different functions could have the same address after being merged together
     = note: for more information visit <https://doc.rust-lang.org/nightly/core/ptr/fn.fn_addr_eq.html>

warning: returned pointer of `as_ptr` call is never null, so checking it for null will always return false
    --> src/generated/applet_sort.rs:3360:16
     |
3360 |               if (b"unexpected mode passed to stream_open\0".as_ptr() as *const ::core::ffi::c_char)
     |  ________________^
3361 | |                 .is_null()
     | |__________________________^

warning: function pointer comparisons do not produce meaningful results since their addresses are not guaranteed to be unique
    --> src/generated/applet_sort.rs:8516:16
     |
8516 |               if act.__sigaction_handler.sa_handler
     |  ________________^
8517 | |                 != ::core::mem::transmute::<::libc::intptr_t, __sighandler_t>(
8518 | |                     1 as ::core::ffi::c_int as ::libc::intptr_t,
8519 | |                 )
     | |_________________^
     |
     = note: the address of the same function can vary between different codegen units
     = note: furthermore, different functions could have the same address after being merged together
     = note: for more information visit <https://doc.rust-lang.org/nightly/core/ptr/fn.fn_addr_eq.html>

warning: function pointer comparisons do not produce meaningful results since their addresses are not guaranteed to be unique
    --> src/generated/applet_stat.rs:2393:36
     |
2393 |   ...                   if print_func
     |  __________________________^
2394 | | ...                       == Some(
2395 | | ...                           print_stat
2396 | | ...                               as unsafe extern "C" fn(
...    |
2405 | | ...                                   -> bool,
2406 | | ...                       )
     | |___________________________^
     |
     = note: the address of the same function can vary between different codegen units
     = note: furthermore, different functions could have the same address after being merged together
     = note: for more information visit <https://doc.rust-lang.org/nightly/core/ptr/fn.fn_addr_eq.html>

warning: function pointer comparisons do not produce meaningful results since their addresses are not guaranteed to be unique
    --> src/generated/applet_timeout.rs:1445:25
     |
1445 |       let mut ret: bool = old_sa.__sigaction_handler.sa_handler
     |  _________________________^
1446 | |         != ::core::mem::transmute::<::libc::intptr_t, __sighandler_t>(
1447 | |             1 as ::core::ffi::c_int as ::libc::intptr_t,
1448 | |         );
     | |_________^
     |
     = note: the address of the same function can vary between different codegen units
     = note: furthermore, different functions could have the same address after being merged together
     = note: for more information visit <https://doc.rust-lang.org/nightly/core/ptr/fn.fn_addr_eq.html>

warning: unused return value of `std::ptr::mut_ptr::<impl *mut T>::offset` that must be used
    --> src/generated/applet_tr.rs:2851:21
     |
2851 |                     buf.offset(begin as isize);
     |                     ^^^^^^^^^^^^^^^^^^^^^^^^^^
     |
     = note: returns a new pointer rather than modifying its argument
help: use `let _ = ...` to ignore the resulting value
     |
2851 |                     let _ = buf.offset(begin as isize);
     |                     +++++++

warning: `sigaction` redeclared with a different signature
  --> src/generated/applet_gzip.rs:44:5
   |
44 | /     fn sigaction(
45 | |         __sig: ::core::ffi::c_int,
46 | |         __act: *const sigaction,
47 | |         __oact: *mut sigaction,
48 | |     ) -> ::core::ffi::c_int;
   | |____________________________^ this signature doesn't match the previous declaration
   |
  ::: src/generated/applet_xargs.rs:49:5
   |
49 | /     fn sigaction(
50 | |         __sig: ::core::ffi::c_int,
51 | |         __act: *const sigaction,
52 | |         __oact: *mut sigaction,
53 | |     ) -> ::core::ffi::c_int;
   | |____________________________- `sigaction` previously declared here
   |
   = note: expected `unsafe extern "C" fn(i32, *const applet_xargs::sigaction, *mut applet_xargs::sigaction) -> i32`
              found `unsafe extern "C" fn(i32, *const applet_gzip::sigaction, *mut applet_gzip::sigaction) -> i32`
   = note: `#[warn(clashing_extern_declarations)]` on by default

warning: `sigaction` redeclared with a different signature
  --> src/generated/applet_sdiff.rs:37:5
   |
37 | /     fn sigaction(
38 | |         __sig: ::core::ffi::c_int,
39 | |         __act: *const sigaction,
40 | |         __oact: *mut sigaction,
41 | |     ) -> ::core::ffi::c_int;
   | |____________________________^ this signature doesn't match the previous declaration
   |
  ::: src/generated/applet_xargs.rs:49:5
   |
49 | /     fn sigaction(
50 | |         __sig: ::core::ffi::c_int,
51 | |         __act: *const sigaction,
52 | |         __oact: *mut sigaction,
53 | |     ) -> ::core::ffi::c_int;
   | |____________________________- `sigaction` previously declared here
   |
   = note: expected `unsafe extern "C" fn(i32, *const applet_xargs::sigaction, *mut applet_xargs::sigaction) -> i32`
              found `unsafe extern "C" fn(i32, *const applet_sdiff::sigaction, *mut applet_sdiff::sigaction) -> i32`

warning: `atexit` redeclared with a different signature
   --> src/generated/applet_diff3.rs:560:5
    |
560 |     fn atexit(callback: unsafe extern "C" fn()) -> ::core::ffi::c_int;
    |     ^^^^^^^^^^^^^^^^^^^^^^^^^^^^^^^^^^^^^^^^^^^^^^^^^^^^^^^^^^^^^^^^^^ this signature doesn't match the previous declaration
    |
   ::: src/generated/applet_locate.rs:114:5
    |
114 |     fn atexit(__func: Option<unsafe extern "C" fn() -> ()>) -> ::core::ffi::c_int;
    |     ------------------------------------------------------------------------------ `atexit` previously declared here
    |
    = note: expected `unsafe extern "C" fn(Option<unsafe extern "C" fn()>) -> i32`
               found `unsafe extern "C" fn(unsafe extern "C" fn()) -> i32`

warning: `xalloc_die` redeclares `rboxc_diffutils_xalloc_die` with a different signature
   --> src/generated/applet_diff.rs:261:5
    |
261 |     #[link_name = "rboxc_diffutils_xalloc_die"]
    |     ^^^^^^^^^^^^^^^^^^^^^^^^^^^^^^^^^^^^^^^^^^^ this signature doesn't match the previous declaration
    |
   ::: src/generated/applet_diff3.rs:561:5
    |
561 |     #[link_name = "rboxc_diffutils_xalloc_die"]
    |     ------------------------------------------- `rboxc_diffutils_xalloc_die` previously declared here
    |
    = note: expected `unsafe extern "C" fn() -> !`
               found `unsafe extern "C" fn()`

warning: `atexit` redeclared with a different signature
    --> src/generated/applet_diff.rs:1216:5
     |
1216 |     fn atexit(callback: unsafe extern "C" fn()) -> ::core::ffi::c_int;
     |     ^^^^^^^^^^^^^^^^^^^^^^^^^^^^^^^^^^^^^^^^^^^^^^^^^^^^^^^^^^^^^^^^^^ this signature doesn't match the previous declaration
     |
    ::: src/generated/applet_locate.rs:114:5
     |
 114 |     fn atexit(__func: Option<unsafe extern "C" fn() -> ()>) -> ::core::ffi::c_int;
     |     ------------------------------------------------------------------------------ `atexit` previously declared here
     |
     = note: expected `unsafe extern "C" fn(Option<unsafe extern "C" fn()>) -> i32`
                found `unsafe extern "C" fn(unsafe extern "C" fn()) -> i32`

warning: `atexit` redeclared with a different signature
   --> src/generated/applet_cmp.rs:652:5
    |
652 |     fn atexit(callback: unsafe extern "C" fn()) -> ::core::ffi::c_int;
    |     ^^^^^^^^^^^^^^^^^^^^^^^^^^^^^^^^^^^^^^^^^^^^^^^^^^^^^^^^^^^^^^^^^^ this signature doesn't match the previous declaration
    |
   ::: src/generated/applet_locate.rs:114:5
    |
114 |     fn atexit(__func: Option<unsafe extern "C" fn() -> ()>) -> ::core::ffi::c_int;
    |     ------------------------------------------------------------------------------ `atexit` previously declared here
    |
    = note: expected `unsafe extern "C" fn(Option<unsafe extern "C" fn()>) -> i32`
               found `unsafe extern "C" fn(unsafe extern "C" fn()) -> i32`

warning: `atexit` redeclared with a different signature
    --> src/generated/applet_time.rs:1457:5
     |
1457 |     fn atexit(callback: unsafe extern "C" fn()) -> ::core::ffi::c_int;
     |     ^^^^^^^^^^^^^^^^^^^^^^^^^^^^^^^^^^^^^^^^^^^^^^^^^^^^^^^^^^^^^^^^^^ this signature doesn't match the previous declaration
     |
    ::: src/generated/applet_locate.rs:114:5
     |
 114 |     fn atexit(__func: Option<unsafe extern "C" fn() -> ()>) -> ::core::ffi::c_int;
     |     ------------------------------------------------------------------------------ `atexit` previously declared here
     |
     = note: expected `unsafe extern "C" fn(Option<unsafe extern "C" fn()>) -> i32`
                found `unsafe extern "C" fn(unsafe extern "C" fn()) -> i32`

warning: `sigaction` redeclared with a different signature
  --> src/generated/applet_csplit.rs:50:5
   |
50 | /     fn sigaction(
51 | |         __sig: ::core::ffi::c_int,
52 | |         __act: *const sigaction,
53 | |         __oact: *mut sigaction,
54 | |     ) -> ::core::ffi::c_int;
   | |____________________________^ this signature doesn't match the previous declaration
   |
  ::: src/generated/applet_xargs.rs:49:5
   |
49 | /     fn sigaction(
50 | |         __sig: ::core::ffi::c_int,
51 | |         __act: *const sigaction,
52 | |         __oact: *mut sigaction,
53 | |     ) -> ::core::ffi::c_int;
   | |____________________________- `sigaction` previously declared here
   |
   = note: expected `unsafe extern "C" fn(i32, *const applet_xargs::sigaction, *mut applet_xargs::sigaction) -> i32`
              found `unsafe extern "C" fn(i32, *const applet_csplit::sigaction, *mut applet_csplit::sigaction) -> i32`

warning: `sigaction` redeclared with a different signature
  --> src/generated/applet_dd.rs:39:5
   |
39 | /     fn sigaction(
40 | |         __sig: ::core::ffi::c_int,
41 | |         __act: *const sigaction,
42 | |         __oact: *mut sigaction,
43 | |     ) -> ::core::ffi::c_int;
   | |____________________________^ this signature doesn't match the previous declaration
   |
  ::: src/generated/applet_xargs.rs:49:5
   |
49 | /     fn sigaction(
50 | |         __sig: ::core::ffi::c_int,
51 | |         __act: *const sigaction,
52 | |         __oact: *mut sigaction,
53 | |     ) -> ::core::ffi::c_int;
   | |____________________________- `sigaction` previously declared here
   |
   = note: expected `unsafe extern "C" fn(i32, *const applet_xargs::sigaction, *mut applet_xargs::sigaction) -> i32`
              found `unsafe extern "C" fn(i32, *const applet_dd::sigaction, *mut applet_dd::sigaction) -> i32`

warning: `rpl_fts_close` redeclared with a different signature
   --> src/generated/applet_du.rs:235:5
    |
235 |     fn rpl_fts_close(_: *mut FTS) -> ::core::ffi::c_int;
    |     ^^^^^^^^^^^^^^^^^^^^^^^^^^^^^^^^^^^^^^^^^^^^^^^^^^^^ this signature doesn't match the previous declaration
    |
   ::: src/generated/applet_chmod.rs:174:5
    |
174 |     fn rpl_fts_close(_: *mut FTS) -> ::core::ffi::c_int;
    |     ---------------------------------------------------- `rpl_fts_close` previously declared here
    |
    = note: expected `unsafe extern "C" fn(*mut applet_chmod::FTS) -> i32`
               found `unsafe extern "C" fn(*mut applet_du::FTS) -> i32`

warning: `rpl_fts_read` redeclared with a different signature
   --> src/generated/applet_du.rs:236:5
    |
236 |     fn rpl_fts_read(_: *mut FTS) -> *mut FTSENT;
    |     ^^^^^^^^^^^^^^^^^^^^^^^^^^^^^^^^^^^^^^^^^^^^ this signature doesn't match the previous declaration
    |
   ::: src/generated/applet_chmod.rs:175:5
    |
175 |     fn rpl_fts_read(_: *mut FTS) -> *mut FTSENT;
    |     -------------------------------------------- `rpl_fts_read` previously declared here
    |
    = note: expected `unsafe extern "C" fn(*mut applet_chmod::FTS) -> *mut applet_chmod::_ftsent`
               found `unsafe extern "C" fn(*mut applet_du::FTS) -> *mut applet_du::_ftsent`

warning: `rpl_fts_set` redeclared with a different signature
   --> src/generated/applet_du.rs:237:5
    |
237 |     fn rpl_fts_set(_: *mut FTS, _: *mut FTSENT, _: ::core::ffi::c_int) -> ::core::ffi::c_int;
    |     ^^^^^^^^^^^^^^^^^^^^^^^^^^^^^^^^^^^^^^^^^^^^^^^^^^^^^^^^^^^^^^^^^^^^^^^^^^^^^^^^^^^^^^^^^ this signature doesn't match the previous declaration
    |
   ::: src/generated/applet_chmod.rs:176:5
    |
176 |     fn rpl_fts_set(_: *mut FTS, _: *mut FTSENT, _: ::core::ffi::c_int) -> ::core::ffi::c_int;
    |     ----------------------------------------------------------------------------------------- `rpl_fts_set` previously declared here
    |
    = note: expected `unsafe extern "C" fn(*mut applet_chmod::FTS, *mut applet_chmod::_ftsent, i32) -> i32`
               found `unsafe extern "C" fn(*mut applet_du::FTS, *mut applet_du::_ftsent, i32) -> i32`

warning: `xfts_open` redeclared with a different signature
   --> src/generated/applet_du.rs:238:5
    |
238 | /     fn xfts_open(
239 | |         _: *const *mut ::core::ffi::c_char,
240 | |         options: ::core::ffi::c_int,
241 | |         _: Option<
242 | |             unsafe extern "C" fn(*mut *const FTSENT, *mut *const FTSENT) -> ::core::ffi::c_int,
243 | |         >,
244 | |     ) -> *mut FTS;
    | |__________________^ this signature doesn't match the previous declaration
    |
   ::: src/generated/applet_chmod.rs:177:5
    |
177 | /     fn xfts_open(
178 | |         _: *const *mut ::core::ffi::c_char,
179 | |         options: ::core::ffi::c_int,
180 | |         _: Option<
181 | |             unsafe extern "C" fn(*mut *const FTSENT, *mut *const FTSENT) -> ::core::ffi::c_int,
182 | |         >,
183 | |     ) -> *mut FTS;
    | |__________________- `xfts_open` previously declared here
    |
    = note: expected `unsafe extern "C" fn(*const *mut i8, i32, Option<unsafe extern "C" fn(*mut *const applet_chmod::_ftsent, *mut *const applet_chmod::_ftsent) -> i32>) -> *mut applet_chmod::FTS`
               found `unsafe extern "C" fn(*const *mut i8, i32, Option<unsafe extern "C" fn(*mut *const applet_du::_ftsent, *mut *const applet_du::_ftsent) -> i32>) -> *mut applet_du::FTS`

warning: `cycle_warning_required` redeclared with a different signature
   --> src/generated/applet_du.rs:245:5
    |
245 |     fn cycle_warning_required(fts: *const FTS, ent: *const FTSENT) -> bool;
    |     ^^^^^^^^^^^^^^^^^^^^^^^^^^^^^^^^^^^^^^^^^^^^^^^^^^^^^^^^^^^^^^^^^^^^^^^ this signature doesn't match the previous declaration
    |
   ::: src/generated/applet_chmod.rs:184:5
    |
184 |     fn cycle_warning_required(fts: *const FTS, ent: *const FTSENT) -> bool;
    |     ----------------------------------------------------------------------- `cycle_warning_required` previously declared here
    |
    = note: expected `unsafe extern "C" fn(*const applet_chmod::FTS, *const applet_chmod::_ftsent) -> bool`
               found `unsafe extern "C" fn(*const applet_du::FTS, *const applet_du::_ftsent) -> bool`

warning: `sigaction` redeclared with a different signature
  --> src/generated/applet_env.rs:70:5
   |
70 | /     fn sigaction(
71 | |         __sig: ::core::ffi::c_int,
72 | |         __act: *const sigaction,
73 | |         __oact: *mut sigaction,
74 | |     ) -> ::core::ffi::c_int;
   | |____________________________^ this signature doesn't match the previous declaration
   |
  ::: src/generated/applet_xargs.rs:49:5
   |
49 | /     fn sigaction(
50 | |         __sig: ::core::ffi::c_int,
51 | |         __act: *const sigaction,
52 | |         __oact: *mut sigaction,
53 | |     ) -> ::core::ffi::c_int;
   | |____________________________- `sigaction` previously declared here
   |
   = note: expected `unsafe extern "C" fn(i32, *const applet_xargs::sigaction, *mut applet_xargs::sigaction) -> i32`
              found `unsafe extern "C" fn(i32, *const applet_env::sigaction, *mut applet_env::sigaction) -> i32`

warning: `sigaction` redeclared with a different signature
   --> src/generated/applet_ls.rs:96:5
    |
 96 | /     fn sigaction(
 97 | |         __sig: ::core::ffi::c_int,
 98 | |         __act: *const sigaction,
 99 | |         __oact: *mut sigaction,
100 | |     ) -> ::core::ffi::c_int;
    | |____________________________^ this signature doesn't match the previous declaration
    |
   ::: src/generated/applet_xargs.rs:49:5
    |
 49 | /     fn sigaction(
 50 | |         __sig: ::core::ffi::c_int,
 51 | |         __act: *const sigaction,
 52 | |         __oact: *mut sigaction,
 53 | |     ) -> ::core::ffi::c_int;
    | |____________________________- `sigaction` previously declared here
    |
    = note: expected `unsafe extern "C" fn(i32, *const applet_xargs::sigaction, *mut applet_xargs::sigaction) -> i32`
               found `unsafe extern "C" fn(i32, *const applet_ls::sigaction, *mut applet_ls::sigaction) -> i32`

warning: `savewd_process_files` redeclared with a different signature
   --> src/generated/applet_mkdir.rs:151:5
    |
151 | /     fn savewd_process_files(
152 | |         n_files: ::core::ffi::c_int,
153 | |         file: *mut *mut ::core::ffi::c_char,
154 | |         act: Option<
...   |
161 | |         options: *mut ::core::ffi::c_void,
162 | |     ) -> ::core::ffi::c_int;
    | |____________________________^ this signature doesn't match the previous declaration
    |
   ::: src/generated/applet_ginstall.rs:279:5
    |
279 | /     fn savewd_process_files(
280 | |         n_files: ::core::ffi::c_int,
281 | |         file: *mut *mut ::core::ffi::c_char,
282 | |         act: Option<
...   |
289 | |         options: *mut ::core::ffi::c_void,
290 | |     ) -> ::core::ffi::c_int;
    | |____________________________- `savewd_process_files` previously declared here
    |
    = note: expected `unsafe extern "C" fn(i32, *mut *mut i8, Option<unsafe extern "C" fn(*mut i8, *mut applet_ginstall::savewd, *mut c_void) -> i32>, *mut c_void) -> i32`
               found `unsafe extern "C" fn(i32, *mut *mut i8, Option<unsafe extern "C" fn(*mut i8, *mut applet_mkdir::savewd, *mut c_void) -> i32>, *mut c_void) -> i32`

warning: `sigaction` redeclared with a different signature
   --> src/generated/applet_sort.rs:105:5
    |
105 | /     fn sigaction(
106 | |         __sig: ::core::ffi::c_int,
107 | |         __act: *const sigaction,
108 | |         __oact: *mut sigaction,
109 | |     ) -> ::core::ffi::c_int;
    | |____________________________^ this signature doesn't match the previous declaration
    |
   ::: src/generated/applet_xargs.rs:49:5
    |
 49 | /     fn sigaction(
 50 | |         __sig: ::core::ffi::c_int,
 51 | |         __act: *const sigaction,
 52 | |         __oact: *mut sigaction,
 53 | |     ) -> ::core::ffi::c_int;
    | |____________________________- `sigaction` previously declared here
    |
    = note: expected `unsafe extern "C" fn(i32, *const applet_xargs::sigaction, *mut applet_xargs::sigaction) -> i32`
               found `unsafe extern "C" fn(i32, *const applet_sort::sigaction, *mut applet_sort::sigaction) -> i32`

warning: `sigaction` redeclared with a different signature
  --> src/generated/applet_timeout.rs:71:5
   |
71 | /     fn sigaction(
72 | |         __sig: ::core::ffi::c_int,
73 | |         __act: *const sigaction,
74 | |         __oact: *mut sigaction,
75 | |     ) -> ::core::ffi::c_int;
   | |____________________________^ this signature doesn't match the previous declaration
   |
  ::: src/generated/applet_xargs.rs:49:5
   |
49 | /     fn sigaction(
50 | |         __sig: ::core::ffi::c_int,
51 | |         __act: *const sigaction,
52 | |         __oact: *mut sigaction,
53 | |     ) -> ::core::ffi::c_int;
   | |____________________________- `sigaction` previously declared here
   |
   = note: expected `unsafe extern "C" fn(i32, *const applet_xargs::sigaction, *mut applet_xargs::sigaction) -> i32`
              found `unsafe extern "C" fn(i32, *const applet_timeout::sigaction, *mut applet_timeout::sigaction) -> i32`

warning: `rboxc` (bin "rboxc") generated 184 warnings (run `cargo fix --bin "rboxc" -p rboxc` to apply 60 suggestions)
    Finished `release` profile [optimized] target(s) in 13.02s
