==594967== Memcheck, a memory error detector
==594967== Copyright (C) 2002-2024, and GNU GPL'd, by Julian Seward et al.
==594967== Using Valgrind-3.26.0 and LibVEX; rerun with -h for copyright info
==594967== Command: tar -rvf foo.tar --remove-files -C foo file -C /tmp/rboxc-tar-original-j83gq_2z/testsuite.dir/209/gnu/bar file
==594967== Parent PID: 594557
==594967== 
==594967== 
==594967== FILE DESCRIPTORS: 3 open (1 inherited) at exit.
==594967== Open file descriptor 5: /tmp/rboxc-tar-original-j83gq_2z/testsuite.dir/209/gnu/bar
==594967==    at 0x4A1AADA: openat (openat64.c:39)
==594967==    by 0x4027817: openat (fcntl2.h:175)
==594967==    by 0x4027817: chdir_do (misc.c:988)
==594967==    by 0x402AA73: name_from_list (names.c:1931)
==594967==    by 0x4033317: update_archive (update.c:219)
==594967==    by 0x400CC4C: main (tar.c:2810)
==594967== 
==594967== Open file descriptor 4: foo
==594967==    at 0x4A1AADA: openat (openat64.c:39)
==594967==    by 0x4027817: openat (fcntl2.h:175)
==594967==    by 0x4027817: chdir_do (misc.c:988)
==594967==    by 0x402AA73: name_from_list (names.c:1931)
==594967==    by 0x40332D4: update_archive (update.c:219)
==594967==    by 0x400CC4C: main (tar.c:2810)
==594967== 
==594967== 
==594967== HEAP SUMMARY:
==594967==     in use at exit: 5,159 bytes in 25 blocks
==594967==   total heap usage: 96 allocs, 71 frees, 61,522 bytes allocated
==594967== 
==594967== 5 bytes in 1 blocks are still reachable in loss record 1 of 19
==594967==    at 0x48BD858: malloc (vg_replace_malloc.c:447)
==594967==    by 0x405185D: xmalloc (xmalloc.c:45)
==594967==    by 0x405185D: xmemdup (xmalloc.c:314)
==594967==    by 0x405185D: xstrdup (xmalloc.c:339)
==594967==    by 0x402644F: assign_string (misc.c:58)
==594967==    by 0x4029612: uid_to_uname (names.c:490)
==594967==    by 0x40155F3: start_header (create.c:931)
==594967==    by 0x4015798: dump_regular_file (create.c:1050)
==594967==    by 0x40165E2: dump_file0 (create.c:1773)
==594967==    by 0x4015F1E: dump_file (create.c:1968)
==594967==    by 0x4033312: update_archive (update.c:229)
==594967==    by 0x400CC4C: main (tar.c:2810)
==594967== 
==594967== 5 bytes in 1 blocks are still reachable in loss record 2 of 19
==594967==    at 0x48BD858: malloc (vg_replace_malloc.c:447)
==594967==    by 0x405185D: xmalloc (xmalloc.c:45)
==594967==    by 0x405185D: xmemdup (xmalloc.c:314)
==594967==    by 0x405185D: xstrdup (xmalloc.c:339)
==594967==    by 0x402644F: assign_string (misc.c:58)
==594967==    by 0x40296A2: gid_to_gname (names.c:520)
==594967==    by 0x40155DB: start_header (create.c:936)
==594967==    by 0x4015798: dump_regular_file (create.c:1050)
==594967==    by 0x40165E2: dump_file0 (create.c:1773)
==594967==    by 0x4015F1E: dump_file (create.c:1968)
==594967==    by 0x4033312: update_archive (update.c:229)
==594967==    by 0x400CC4C: main (tar.c:2810)
==594967== 
==594967== 7 bytes in 2 blocks are indirectly lost in loss record 3 of 19
==594967==    at 0x48BD858: malloc (vg_replace_malloc.c:447)
==594967==    by 0x40387DD: wsnode_quoteremoval (wordsplit.c:651)
==594967==    by 0x4039CFD: wordsplit_process_list (wordsplit.c:2390)
==594967==    by 0x403A562: wordsplit_run.constprop.0 (wordsplit.c:2434)
==594967==    by 0x400BFFA: parse_default_options (tar.c:2256)
==594967==    by 0x400BFFA: decode_options (tar.c:2378)
==594967==    by 0x400BFFA: main (tar.c:2792)
==594967== 
==594967== 7 bytes in 2 blocks are definitely lost in loss record 4 of 19
==594967==    at 0x48BD858: malloc (vg_replace_malloc.c:447)
==594967==    by 0x403A1FB: wordsplit_finish (wordsplit.c:836)
==594967==    by 0x400BFFA: parse_default_options (tar.c:2256)
==594967==    by 0x400BFFA: decode_options (tar.c:2378)
==594967==    by 0x400BFFA: main (tar.c:2792)
==594967== 
==594967== 10 bytes in 2 blocks are indirectly lost in loss record 5 of 19
==594967==    at 0x48BD858: malloc (vg_replace_malloc.c:447)
==594967==    by 0x405185D: xmalloc (xmalloc.c:45)
==594967==    by 0x405185D: xmemdup (xmalloc.c:314)
==594967==    by 0x405185D: xstrdup (xmalloc.c:339)
==594967==    by 0x402994B: make_name (names.c:599)
==594967==    by 0x402994B: addname (names.c:1233)
==594967==    by 0x4029AB7: name_gather (names.c:1218)
==594967==    by 0x403322C: update_archive (update.c:111)
==594967==    by 0x400CC4C: main (tar.c:2810)
==594967== 
==594967== 16 bytes in 1 blocks are still reachable in loss record 6 of 19
==594967==    at 0x48C4E43: calloc (vg_replace_malloc.c:1678)
==594967==    by 0x40516F1: xcalloc (xmalloc.c:298)
==594967==    by 0x40516F1: xzalloc (xmalloc.c:283)
==594967==    by 0x400BEF9: decode_options (tar.c:2297)
==594967==    by 0x400BEF9: main (tar.c:2792)
==594967== 
==594967== 56 bytes in 1 blocks are definitely lost in loss record 7 of 19
==594967==    at 0x48BD858: malloc (vg_replace_malloc.c:447)
==594967==    by 0x40512CC: xmalloc (xmalloc.c:45)
==594967==    by 0x402837D: name_elt_alloc (names.c:677)
==594967==    by 0x40289D8: name_add_dir (names.c:839)
==594967==    by 0x40289D8: names_parse_opt (names.c:192)
==594967==    by 0x404233D: group_parse (argp-parse.c:233)
==594967==    by 0x404233D: parser_parse_opt (argp-parse.c:736)
==594967==    by 0x404233D: parser_parse_next (argp-parse.c:859)
==594967==    by 0x404233D: argp_parse (argp-parse.c:927)
==594967==    by 0x400C045: decode_options (tar.c:2380)
==594967==    by 0x400C045: main (tar.c:2792)
==594967== 
==594967== 56 bytes in 1 blocks are definitely lost in loss record 8 of 19
==594967==    at 0x48BD858: malloc (vg_replace_malloc.c:447)
==594967==    by 0x40512CC: xmalloc (xmalloc.c:45)
==594967==    by 0x40283CE: name_elt_alloc (names.c:683)
==594967==    by 0x40289D8: name_add_dir (names.c:839)
==594967==    by 0x40289D8: names_parse_opt (names.c:192)
==594967==    by 0x404233D: group_parse (argp-parse.c:233)
==594967==    by 0x404233D: parser_parse_opt (argp-parse.c:736)
==594967==    by 0x404233D: parser_parse_next (argp-parse.c:859)
==594967==    by 0x404233D: argp_parse (argp-parse.c:927)
==594967==    by 0x400C045: decode_options (tar.c:2380)
==594967==    by 0x400C045: main (tar.c:2792)
==594967== 
==594967== 63 bytes in 2 blocks are still reachable in loss record 9 of 19
==594967==    at 0x48BD858: malloc (vg_replace_malloc.c:447)
==594967==    by 0x405185D: xmalloc (xmalloc.c:45)
==594967==    by 0x405185D: xmemdup (xmalloc.c:314)
==594967==    by 0x405185D: xstrdup (xmalloc.c:339)
==594967==    by 0x4029A2E: name_gather (names.c:1215)
==594967==    by 0x403322C: update_archive (update.c:111)
==594967==    by 0x400CC4C: main (tar.c:2810)
==594967== 
==594967== 64 bytes in 2 blocks are still reachable in loss record 10 of 19
==594967==    at 0x48BD858: malloc (vg_replace_malloc.c:447)
==594967==    by 0x40512CC: xmalloc (xmalloc.c:45)
==594967==    by 0x401407E: file_count_links (create.c:1522)
==594967==    by 0x401407E: file_count_links (create.c:1508)
==594967==    by 0x4016A58: dump_file0 (create.c:1779)
==594967==    by 0x4015F1E: dump_file (create.c:1968)
==594967==    by 0x4033312: update_archive (update.c:229)
==594967==    by 0x400CC4C: main (tar.c:2810)
==594967== 
==594967== 80 bytes in 1 blocks are still reachable in loss record 11 of 19
==594967==    at 0x48BD858: malloc (vg_replace_malloc.c:447)
==594967==    by 0x40512CC: xmalloc (xmalloc.c:45)
==594967==    by 0x400BE43: main (tar.c:2781)
==594967== 
==594967== 80 bytes in 1 blocks are still reachable in loss record 12 of 19
==594967==    at 0x48BD858: malloc (vg_replace_malloc.c:447)
==594967==    by 0x4047846: hash_initialize (hash.c:523)
==594967==    by 0x401411B: file_count_links (create.c:1530)
==594967==    by 0x401411B: file_count_links (create.c:1508)
==594967==    by 0x4016A58: dump_file0 (create.c:1779)
==594967==    by 0x4015F1E: dump_file (create.c:1968)
==594967==    by 0x4033312: update_archive (update.c:229)
==594967==    by 0x400CC4C: main (tar.c:2810)
==594967== 
==594967== 87 (80 direct, 7 indirect) bytes in 2 blocks are definitely lost in loss record 13 of 19
==594967==    at 0x48C4E43: calloc (vg_replace_malloc.c:1678)
==594967==    by 0x403959D: wsnode_new (wordsplit.c:422)
==594967==    by 0x403959D: wordsplit_add_segm (wordsplit.c:523)
==594967==    by 0x4039854: scan_word (wordsplit.c:2062)
==594967==    by 0x4039C7C: wordsplit_process_list (wordsplit.c:2358)
==594967==    by 0x403A562: wordsplit_run.constprop.0 (wordsplit.c:2434)
==594967==    by 0x400BFFA: parse_default_options (tar.c:2256)
==594967==    by 0x400BFFA: decode_options (tar.c:2378)
==594967==    by 0x400BFFA: main (tar.c:2792)
==594967== 
==594967== 96 bytes in 1 blocks are still reachable in loss record 14 of 19
==594967==    at 0x48C53C0: reallocarray (vg_replace_malloc.c:1806)
==594967==    by 0x405155C: xreallocarray (xmalloc.c:84)
==594967==    by 0x405155C: x2nrealloc (xmalloc.c:203)
==594967==    by 0x4027754: chdir_arg (misc.c:934)
==594967==    by 0x4029A36: name_gather (names.c:1215)
==594967==    by 0x403322C: update_archive (update.c:111)
==594967==    by 0x400CC4C: main (tar.c:2810)
==594967== 
==594967== 96 bytes in 1 blocks are indirectly lost in loss record 15 of 19
==594967==    at 0x48C4E43: calloc (vg_replace_malloc.c:1678)
==594967==    by 0x40516F1: xcalloc (xmalloc.c:298)
==594967==    by 0x40516F1: xzalloc (xmalloc.c:283)
==594967==    by 0x4029932: make_name (names.c:596)
==594967==    by 0x4029932: addname (names.c:1233)
==594967==    by 0x4029AB7: name_gather (names.c:1218)
==594967==    by 0x403322C: update_archive (update.c:111)
==594967==    by 0x400CC4C: main (tar.c:2810)
==594967== 
==594967== 102 bytes in 1 blocks are still reachable in loss record 16 of 19
==594967==    at 0x48BD858: malloc (vg_replace_malloc.c:447)
==594967==    by 0x40512CC: xmalloc (xmalloc.c:45)
==594967==    by 0x4029881: name_init (names.c:869)
==594967==    by 0x400C94C: main (tar.c:2794)
==594967== 
==594967== 176 bytes in 1 blocks are still reachable in loss record 17 of 19
==594967==    at 0x48C4E43: calloc (vg_replace_malloc.c:1678)
==594967==    by 0x404789C: hash_initialize (hash.c:544)
==594967==    by 0x401411B: file_count_links (create.c:1530)
==594967==    by 0x401411B: file_count_links (create.c:1508)
==594967==    by 0x4016A58: dump_file0 (create.c:1779)
==594967==    by 0x4015F1E: dump_file (create.c:1968)
==594967==    by 0x4033312: update_archive (update.c:229)
==594967==    by 0x400CC4C: main (tar.c:2810)
==594967== 
==594967== 202 (96 direct, 106 indirect) bytes in 1 blocks are definitely lost in loss record 18 of 19
==594967==    at 0x48C4E43: calloc (vg_replace_malloc.c:1678)
==594967==    by 0x40516F1: xcalloc (xmalloc.c:298)
==594967==    by 0x40516F1: xzalloc (xmalloc.c:283)
==594967==    by 0x4029932: make_name (names.c:596)
==594967==    by 0x4029932: addname (names.c:1233)
==594967==    by 0x4029AB7: name_gather (names.c:1218)
==594967==    by 0x403322C: update_archive (update.c:111)
==594967==    by 0x400CC4C: main (tar.c:2810)
==594967== 
==594967== 4,064 bytes in 1 blocks are still reachable in loss record 19 of 19
==594967==    at 0x48BD858: malloc (vg_replace_malloc.c:447)
==594967==    by 0x40512CC: xmalloc (xmalloc.c:45)
==594967==    by 0x404A07D: call_chunkfun (obstack.c:88)
==594967==    by 0x404A07D: _obstack_begin_worker.isra.0 (obstack.c:135)
==594967==    by 0x404A0A8: _obstack_begin (obstack.c:157)
==594967==    by 0x4032C57: _transform_name_to_obstack (transform.c:592)
==594967==    by 0x4032C57: transform_name_fp (transform.c:614)
==594967==    by 0x4023670: transform_member_name (list.c:114)
==594967==    by 0x4023670: transform_stat_info.part.0 (list.c:150)
==594967==    by 0x403343D: update_archive (update.c:134)
==594967==    by 0x400CC4C: main (tar.c:2810)
==594967== 
==594967== LEAK SUMMARY:
==594967==    definitely lost: 295 bytes in 7 blocks
==594967==    indirectly lost: 113 bytes in 5 blocks
==594967==      possibly lost: 0 bytes in 0 blocks
==594967==    still reachable: 4,751 bytes in 13 blocks
==594967==         suppressed: 0 bytes in 0 blocks
==594967== 
==594967== For lists of detected and suppressed errors, rerun with: -s
==594967== ERROR SUMMARY: 7 errors from 7 contexts (suppressed: 0 from 0)
