==749442== Memcheck, a memory error detector
==749442== Copyright (C) 2002-2024, and GNU GPL'd, by Julian Seward et al.
==749442== Using Valgrind-3.26.0 and LibVEX; rerun with -h for copyright info
==749442== Command: /bin/sh -c mkdir\ d1\ d2\ ;\ touch\ d1/f1\ d1/f2\ d2/f1\ d2/f2
==749442== Parent PID: 749403
==749442== 
==749442== 
==749442== FILE DESCRIPTORS: 3 open (3 inherited) at exit.
==749442== 
==749442== HEAP SUMMARY:
==749442==     in use at exit: 1,068 bytes in 29 blocks
==749442==   total heap usage: 34 allocs, 5 frees, 2,260 bytes allocated
==749442== 
==749442== 29 bytes in 1 blocks are still reachable in loss record 1 of 7
==749442==    at 0x486E858: malloc (vg_replace_malloc.c:447)
==749442==    by 0x40083FA: ??? (in /usr/bin/dash)
==749442==    by 0x4012E0A: ??? (in /usr/bin/dash)
==749442==    by 0x4013FFF: ??? (in /usr/bin/dash)
==749442==    by 0x400BCE7: ??? (in /usr/bin/dash)
==749442==    by 0x400BCAC: ??? (in /usr/bin/dash)
==749442==    by 0x40120F8: ??? (in /usr/bin/dash)
==749442==    by 0x4004DA0: ??? (in /usr/bin/dash)
==749442==    by 0x48C4600: (below main) (libc_start_call_main.h:59)
==749442== 
==749442== 29 bytes in 1 blocks are still reachable in loss record 2 of 7
==749442==    at 0x486E858: malloc (vg_replace_malloc.c:447)
==749442==    by 0x40083FA: ??? (in /usr/bin/dash)
==749442==    by 0x4012E0A: ??? (in /usr/bin/dash)
==749442==    by 0x4013FFF: ??? (in /usr/bin/dash)
==749442==    by 0x400BCE7: ??? (in /usr/bin/dash)
==749442==    by 0x400BCE7: ??? (in /usr/bin/dash)
==749442==    by 0x40120F8: ??? (in /usr/bin/dash)
==749442==    by 0x4004DA0: ??? (in /usr/bin/dash)
==749442==    by 0x48C4600: (below main) (libc_start_call_main.h:59)
==749442== 
==749442== 32 bytes in 1 blocks are still reachable in loss record 3 of 7
==749442==    at 0x486E858: malloc (vg_replace_malloc.c:447)
==749442==    by 0x4017AB2: ??? (in /usr/bin/dash)
==749442==    by 0x40186D4: ??? (in /usr/bin/dash)
==749442==    by 0x4004BC6: ??? (in /usr/bin/dash)
==749442==    by 0x48C4600: (below main) (libc_start_call_main.h:59)
==749442== 
==749442== 39 bytes in 1 blocks are still reachable in loss record 4 of 7
==749442==    at 0x486E858: malloc (vg_replace_malloc.c:447)
==749442==    by 0x495596E: strdup (strdup.c:42)
==749442==    by 0x40081DF: ??? (in /usr/bin/dash)
==749442==    by 0x40186F9: ??? (in /usr/bin/dash)
==749442==    by 0x4004BC6: ??? (in /usr/bin/dash)
==749442==    by 0x48C4600: (below main) (libc_start_call_main.h:59)
==749442== 
==749442== 43 bytes in 1 blocks are still reachable in loss record 5 of 7
==749442==    at 0x486E858: malloc (vg_replace_malloc.c:447)
==749442==    by 0x4017C53: ??? (in /usr/bin/dash)
==749442==    by 0x40186F9: ??? (in /usr/bin/dash)
==749442==    by 0x4004BC6: ??? (in /usr/bin/dash)
==749442==    by 0x48C4600: (below main) (libc_start_call_main.h:59)
==749442== 
==749442== 160 bytes in 1 blocks are still reachable in loss record 6 of 7
==749442==    at 0x487607F: realloc (vg_replace_malloc.c:1804)
==749442==    by 0x40074DC: ??? (in /usr/bin/dash)
==749442==    by 0x400A64D: ??? (in /usr/bin/dash)
==749442==    by 0x4014058: ??? (in /usr/bin/dash)
==749442==    by 0x400BCE7: ??? (in /usr/bin/dash)
==749442==    by 0x400BCAC: ??? (in /usr/bin/dash)
==749442==    by 0x40120F8: ??? (in /usr/bin/dash)
==749442==    by 0x4004DA0: ??? (in /usr/bin/dash)
==749442==    by 0x48C4600: (below main) (libc_start_call_main.h:59)
==749442== 
==749442== 736 bytes in 23 blocks are still reachable in loss record 7 of 7
==749442==    at 0x486E858: malloc (vg_replace_malloc.c:447)
==749442==    by 0x4017AB2: ??? (in /usr/bin/dash)
==749442==    by 0x4018670: ??? (in /usr/bin/dash)
==749442==    by 0x4004BC6: ??? (in /usr/bin/dash)
==749442==    by 0x48C4600: (below main) (libc_start_call_main.h:59)
==749442== 
==749442== LEAK SUMMARY:
==749442==    definitely lost: 0 bytes in 0 blocks
==749442==    indirectly lost: 0 bytes in 0 blocks
==749442==      possibly lost: 0 bytes in 0 blocks
==749442==    still reachable: 1,068 bytes in 29 blocks
==749442==         suppressed: 0 bytes in 0 blocks
==749442== 
==749442== For lists of detected and suppressed errors, rerun with: -s
==749442== ERROR SUMMARY: 0 errors from 0 contexts (suppressed: 0 from 0)
