==636610== Memcheck, a memory error detector
==636610== Copyright (C) 2002-2024, and GNU GPL'd, by Julian Seward et al.
==636610== Using Valgrind-3.26.0 and LibVEX; rerun with -h for copyright info
==636610== Command: tar --version
==636610== Parent PID: 636455
==636610== 
==636610== 
==636610== FILE DESCRIPTORS: 4 open (4 inherited) at exit.
==636610== 
==636610== HEAP SUMMARY:
==636610==     in use at exit: 7,767 bytes in 3 blocks
==636610==   total heap usage: 15 allocs, 12 frees, 12,021 bytes allocated
==636610== 
==636610== 16 bytes in 1 blocks are still reachable in loss record 1 of 3
==636610==    at 0x48C4E43: calloc (vg_replace_malloc.c:1678)
==636610==    by 0x40516F1: xcalloc (xmalloc.c:298)
==636610==    by 0x40516F1: xzalloc (xmalloc.c:283)
==636610==    by 0x400BEF9: decode_options (tar.c:2297)
==636610==    by 0x400BEF9: main (tar.c:2792)
==636610== 
==636610== 80 bytes in 1 blocks are still reachable in loss record 2 of 3
==636610==    at 0x48BD858: malloc (vg_replace_malloc.c:447)
==636610==    by 0x40512CC: xmalloc (xmalloc.c:45)
==636610==    by 0x400BE43: main (tar.c:2781)
==636610== 
==636610== 7,671 bytes in 1 blocks are still reachable in loss record 3 of 3
==636610==    at 0x48BD858: malloc (vg_replace_malloc.c:447)
==636610==    by 0x4041854: parser_init (argp-parse.c:495)
==636610==    by 0x4041854: argp_parse (argp-parse.c:921)
==636610==    by 0x400C045: decode_options (tar.c:2380)
==636610==    by 0x400C045: main (tar.c:2792)
==636610== 
==636610== LEAK SUMMARY:
==636610==    definitely lost: 0 bytes in 0 blocks
==636610==    indirectly lost: 0 bytes in 0 blocks
==636610==      possibly lost: 0 bytes in 0 blocks
==636610==    still reachable: 7,767 bytes in 3 blocks
==636610==         suppressed: 0 bytes in 0 blocks
==636610== 
==636610== For lists of detected and suppressed errors, rerun with: -s
==636610== ERROR SUMMARY: 0 errors from 0 contexts (suppressed: 0 from 0)
