==636856== Memcheck, a memory error detector
==636856== Copyright (C) 2002-2024, and GNU GPL'd, by Julian Seward et al.
==636856== Using Valgrind-3.26.0 and LibVEX; rerun with -h for copyright info
==636856== Command: tar cf archive directory/test1/test.txt directory/test1/test.txt
==636856== Parent PID: 636845
==636856== 
==636856== 
==636856== FILE DESCRIPTORS: 1 open (1 inherited) at exit.
==636856== 
==636856== HEAP SUMMARY:
==636856==     in use at exit: 4,728 bytes in 16 blocks
==636856==   total heap usage: 38 allocs, 22 frees, 35,886 bytes allocated
==636856== 
==636856== 6 bytes in 2 blocks are indirectly lost in loss record 1 of 12
==636856==    at 0x48BD858: malloc (vg_replace_malloc.c:447)
==636856==    by 0x405185D: xmalloc (xmalloc.c:45)
==636856==    by 0x405185D: xmemdup (xmalloc.c:314)
==636856==    by 0x405185D: xstrdup (xmalloc.c:339)
==636856==    by 0x400C4F1: decode_options (tar.c:2353)
==636856==    by 0x400C4F1: main (tar.c:2792)
==636856== 
==636856== 6 bytes in 2 blocks are indirectly lost in loss record 2 of 12
==636856==    at 0x48BD858: malloc (vg_replace_malloc.c:447)
==636856==    by 0x40387DD: wsnode_quoteremoval (wordsplit.c:651)
==636856==    by 0x4039CFD: wordsplit_process_list (wordsplit.c:2390)
==636856==    by 0x403A562: wordsplit_run.constprop.0 (wordsplit.c:2434)
==636856==    by 0x400BFFA: parse_default_options (tar.c:2256)
==636856==    by 0x400BFFA: decode_options (tar.c:2378)
==636856==    by 0x400BFFA: main (tar.c:2792)
==636856== 
==636856== 6 bytes in 2 blocks are definitely lost in loss record 3 of 12
==636856==    at 0x48BD858: malloc (vg_replace_malloc.c:447)
==636856==    by 0x403A1FB: wordsplit_finish (wordsplit.c:836)
==636856==    by 0x400BFFA: parse_default_options (tar.c:2256)
==636856==    by 0x400BFFA: decode_options (tar.c:2378)
==636856==    by 0x400BFFA: main (tar.c:2792)
==636856== 
==636856== 16 bytes in 1 blocks are still reachable in loss record 4 of 12
==636856==    at 0x48C4E43: calloc (vg_replace_malloc.c:1678)
==636856==    by 0x40516F1: xcalloc (xmalloc.c:298)
==636856==    by 0x40516F1: xzalloc (xmalloc.c:283)
==636856==    by 0x400BEF9: decode_options (tar.c:2297)
==636856==    by 0x400BEF9: main (tar.c:2792)
==636856== 
==636856== 56 bytes in 1 blocks are still reachable in loss record 5 of 12
==636856==    at 0x48BD858: malloc (vg_replace_malloc.c:447)
==636856==    by 0x40512CC: xmalloc (xmalloc.c:45)
==636856==    by 0x401407E: file_count_links (create.c:1522)
==636856==    by 0x401407E: file_count_links (create.c:1508)
==636856==    by 0x4016A58: dump_file0 (create.c:1779)
==636856==    by 0x4017589: dump_file (create.c:1968)
==636856==    by 0x4017589: create_archive (create.c:1412)
==636856==    by 0x400CD90: main (tar.c:2818)
==636856== 
==636856== 62 (56 direct, 6 indirect) bytes in 1 blocks are definitely lost in loss record 6 of 12
==636856==    at 0x48BD858: malloc (vg_replace_malloc.c:447)
==636856==    by 0x40512CC: xmalloc (xmalloc.c:45)
==636856==    by 0x400C46E: decode_options (tar.c:2340)
==636856==    by 0x400C46E: main (tar.c:2792)
==636856== 
==636856== 80 bytes in 1 blocks are still reachable in loss record 7 of 12
==636856==    at 0x48BD858: malloc (vg_replace_malloc.c:447)
==636856==    by 0x40512CC: xmalloc (xmalloc.c:45)
==636856==    by 0x400BE43: main (tar.c:2781)
==636856== 
==636856== 80 bytes in 1 blocks are still reachable in loss record 8 of 12
==636856==    at 0x48BD858: malloc (vg_replace_malloc.c:447)
==636856==    by 0x4047846: hash_initialize (hash.c:523)
==636856==    by 0x401411B: file_count_links (create.c:1530)
==636856==    by 0x401411B: file_count_links (create.c:1508)
==636856==    by 0x4016A58: dump_file0 (create.c:1779)
==636856==    by 0x4017589: dump_file (create.c:1968)
==636856==    by 0x4017589: create_archive (create.c:1412)
==636856==    by 0x400CD90: main (tar.c:2818)
==636856== 
==636856== 86 (80 direct, 6 indirect) bytes in 2 blocks are definitely lost in loss record 9 of 12
==636856==    at 0x48C4E43: calloc (vg_replace_malloc.c:1678)
==636856==    by 0x403959D: wsnode_new (wordsplit.c:422)
==636856==    by 0x403959D: wordsplit_add_segm (wordsplit.c:523)
==636856==    by 0x4039854: scan_word (wordsplit.c:2062)
==636856==    by 0x4039C7C: wordsplit_process_list (wordsplit.c:2358)
==636856==    by 0x403A562: wordsplit_run.constprop.0 (wordsplit.c:2434)
==636856==    by 0x400BFFA: parse_default_options (tar.c:2256)
==636856==    by 0x400BFFA: decode_options (tar.c:2378)
==636856==    by 0x400BFFA: main (tar.c:2792)
==636856== 
==636856== 102 bytes in 1 blocks are still reachable in loss record 10 of 12
==636856==    at 0x48BD858: malloc (vg_replace_malloc.c:447)
==636856==    by 0x40512CC: xmalloc (xmalloc.c:45)
==636856==    by 0x4029881: name_init (names.c:869)
==636856==    by 0x400C94C: main (tar.c:2794)
==636856== 
==636856== 176 bytes in 1 blocks are still reachable in loss record 11 of 12
==636856==    at 0x48C4E43: calloc (vg_replace_malloc.c:1678)
==636856==    by 0x404789C: hash_initialize (hash.c:544)
==636856==    by 0x401411B: file_count_links (create.c:1530)
==636856==    by 0x401411B: file_count_links (create.c:1508)
==636856==    by 0x4016A58: dump_file0 (create.c:1779)
==636856==    by 0x4017589: dump_file (create.c:1968)
==636856==    by 0x4017589: create_archive (create.c:1412)
==636856==    by 0x400CD90: main (tar.c:2818)
==636856== 
==636856== 4,064 bytes in 1 blocks are still reachable in loss record 12 of 12
==636856==    at 0x48BD858: malloc (vg_replace_malloc.c:447)
==636856==    by 0x40512CC: xmalloc (xmalloc.c:45)
==636856==    by 0x404A07D: call_chunkfun (obstack.c:88)
==636856==    by 0x404A07D: _obstack_begin_worker.isra.0 (obstack.c:135)
==636856==    by 0x404A0A8: _obstack_begin (obstack.c:157)
==636856==    by 0x4032C57: _transform_name_to_obstack (transform.c:592)
==636856==    by 0x4032C57: transform_name_fp (transform.c:614)
==636856==    by 0x4016444: dump_file0 (create.c:1657)
==636856==    by 0x4017589: dump_file (create.c:1968)
==636856==    by 0x4017589: create_archive (create.c:1412)
==636856==    by 0x400CD90: main (tar.c:2818)
==636856== 
==636856== LEAK SUMMARY:
==636856==    definitely lost: 142 bytes in 5 blocks
==636856==    indirectly lost: 12 bytes in 4 blocks
==636856==      possibly lost: 0 bytes in 0 blocks
==636856==    still reachable: 4,574 bytes in 7 blocks
==636856==         suppressed: 0 bytes in 0 blocks
==636856== 
==636856== For lists of detected and suppressed errors, rerun with: -s
==636856== ERROR SUMMARY: 3 errors from 3 contexts (suppressed: 0 from 0)
