==637038== Memcheck, a memory error detector
==637038== Copyright (C) 2002-2024, and GNU GPL'd, by Julian Seward et al.
==637038== Using Valgrind-3.26.0 and LibVEX; rerun with -h for copyright info
==637038== Command: tar xf archive --warning=no-timestamp
==637038== Parent PID: 637011
==637038== 
==637038== 
==637038== FILE DESCRIPTORS: 1 open (1 inherited) at exit.
==637038== 
==637038== HEAP SUMMARY:
==637038==     in use at exit: 4,426 bytes in 15 blocks
==637038==   total heap usage: 68 allocs, 53 frees, 56,857 bytes allocated
==637038== 
==637038== 5 bytes in 1 blocks are still reachable in loss record 1 of 11
==637038==    at 0x48BD858: malloc (vg_replace_malloc.c:447)
==637038==    by 0x405185D: xmalloc (xmalloc.c:45)
==637038==    by 0x405185D: xmemdup (xmalloc.c:314)
==637038==    by 0x405185D: xstrdup (xmalloc.c:339)
==637038==    by 0x402644F: assign_string (misc.c:58)
==637038==    by 0x402973C: uname_to_uid (names.c:550)
==637038==    by 0x402457F: decode_header (list.c:694)
==637038==    by 0x4025616: read_and (list.c:194)
==637038==    by 0x400CD61: main (tar.c:2823)
==637038== 
==637038== 5 bytes in 1 blocks are still reachable in loss record 2 of 11
==637038==    at 0x48BD858: malloc (vg_replace_malloc.c:447)
==637038==    by 0x405185D: xmalloc (xmalloc.c:45)
==637038==    by 0x405185D: xmemdup (xmalloc.c:314)
==637038==    by 0x405185D: xstrdup (xmalloc.c:339)
==637038==    by 0x402644F: assign_string (misc.c:58)
==637038==    by 0x40297DC: gname_to_gid (names.c:580)
==637038==    by 0x402455F: decode_header (list.c:699)
==637038==    by 0x4025616: read_and (list.c:194)
==637038==    by 0x400CD61: main (tar.c:2823)
==637038== 
==637038== 6 bytes in 2 blocks are indirectly lost in loss record 3 of 11
==637038==    at 0x48BD858: malloc (vg_replace_malloc.c:447)
==637038==    by 0x405185D: xmalloc (xmalloc.c:45)
==637038==    by 0x405185D: xmemdup (xmalloc.c:314)
==637038==    by 0x405185D: xstrdup (xmalloc.c:339)
==637038==    by 0x400C4F1: decode_options (tar.c:2353)
==637038==    by 0x400C4F1: main (tar.c:2792)
==637038== 
==637038== 10 bytes in 2 blocks are indirectly lost in loss record 4 of 11
==637038==    at 0x48BD858: malloc (vg_replace_malloc.c:447)
==637038==    by 0x40387DD: wsnode_quoteremoval (wordsplit.c:651)
==637038==    by 0x4039CFD: wordsplit_process_list (wordsplit.c:2390)
==637038==    by 0x403A562: wordsplit_run.constprop.0 (wordsplit.c:2434)
==637038==    by 0x400BFFA: parse_default_options (tar.c:2256)
==637038==    by 0x400BFFA: decode_options (tar.c:2378)
==637038==    by 0x400BFFA: main (tar.c:2792)
==637038== 
==637038== 10 bytes in 2 blocks are definitely lost in loss record 5 of 11
==637038==    at 0x48BD858: malloc (vg_replace_malloc.c:447)
==637038==    by 0x403A1FB: wordsplit_finish (wordsplit.c:836)
==637038==    by 0x400BFFA: parse_default_options (tar.c:2256)
==637038==    by 0x400BFFA: decode_options (tar.c:2378)
==637038==    by 0x400BFFA: main (tar.c:2792)
==637038== 
==637038== 16 bytes in 1 blocks are still reachable in loss record 6 of 11
==637038==    at 0x48C4E43: calloc (vg_replace_malloc.c:1678)
==637038==    by 0x40516F1: xcalloc (xmalloc.c:298)
==637038==    by 0x40516F1: xzalloc (xmalloc.c:283)
==637038==    by 0x400BEF9: decode_options (tar.c:2297)
==637038==    by 0x400BEF9: main (tar.c:2792)
==637038== 
==637038== 54 (48 direct, 6 indirect) bytes in 1 blocks are definitely lost in loss record 7 of 11
==637038==    at 0x48BD858: malloc (vg_replace_malloc.c:447)
==637038==    by 0x40512CC: xmalloc (xmalloc.c:45)
==637038==    by 0x400C46E: decode_options (tar.c:2340)
==637038==    by 0x400C46E: main (tar.c:2792)
==637038== 
==637038== 80 bytes in 1 blocks are still reachable in loss record 8 of 11
==637038==    at 0x48BD858: malloc (vg_replace_malloc.c:447)
==637038==    by 0x40512CC: xmalloc (xmalloc.c:45)
==637038==    by 0x400BE43: main (tar.c:2781)
==637038== 
==637038== 90 (80 direct, 10 indirect) bytes in 2 blocks are definitely lost in loss record 9 of 11
==637038==    at 0x48C4E43: calloc (vg_replace_malloc.c:1678)
==637038==    by 0x403959D: wsnode_new (wordsplit.c:422)
==637038==    by 0x403959D: wordsplit_add_segm (wordsplit.c:523)
==637038==    by 0x4039854: scan_word (wordsplit.c:2062)
==637038==    by 0x4039C7C: wordsplit_process_list (wordsplit.c:2358)
==637038==    by 0x403A562: wordsplit_run.constprop.0 (wordsplit.c:2434)
==637038==    by 0x400BFFA: parse_default_options (tar.c:2256)
==637038==    by 0x400BFFA: decode_options (tar.c:2378)
==637038==    by 0x400BFFA: main (tar.c:2792)
==637038== 
==637038== 102 bytes in 1 blocks are still reachable in loss record 10 of 11
==637038==    at 0x48BD858: malloc (vg_replace_malloc.c:447)
==637038==    by 0x40512CC: xmalloc (xmalloc.c:45)
==637038==    by 0x4029881: name_init (names.c:869)
==637038==    by 0x400C94C: main (tar.c:2794)
==637038== 
==637038== 4,064 bytes in 1 blocks are still reachable in loss record 11 of 11
==637038==    at 0x48BD858: malloc (vg_replace_malloc.c:447)
==637038==    by 0x40512CC: xmalloc (xmalloc.c:45)
==637038==    by 0x404A07D: call_chunkfun (obstack.c:88)
==637038==    by 0x404A07D: _obstack_begin_worker.isra.0 (obstack.c:135)
==637038==    by 0x404A0A8: _obstack_begin (obstack.c:157)
==637038==    by 0x4032C57: _transform_name_to_obstack (transform.c:592)
==637038==    by 0x4032C57: transform_name_fp (transform.c:614)
==637038==    by 0x4023670: transform_member_name (list.c:114)
==637038==    by 0x4023670: transform_stat_info.part.0 (list.c:150)
==637038==    by 0x4025850: transform_stat_info (list.c:227)
==637038==    by 0x4025850: read_and (list.c:227)
==637038==    by 0x400CD61: main (tar.c:2823)
==637038== 
==637038== LEAK SUMMARY:
==637038==    definitely lost: 138 bytes in 5 blocks
==637038==    indirectly lost: 16 bytes in 4 blocks
==637038==      possibly lost: 0 bytes in 0 blocks
==637038==    still reachable: 4,272 bytes in 6 blocks
==637038==         suppressed: 0 bytes in 0 blocks
==637038== 
==637038== For lists of detected and suppressed errors, rerun with: -s
==637038== ERROR SUMMARY: 3 errors from 3 contexts (suppressed: 0 from 0)
