==637114== Memcheck, a memory error detector
==637114== Copyright (C) 2002-2024, and GNU GPL'd, by Julian Seward et al.
==637114== Using Valgrind-3.26.0 and LibVEX; rerun with -h for copyright info
==637114== Command: tar cf archive directory/test1/test.txt directory/test1/test.txt
==637114== Parent PID: 637108
==637114== 
==637114== 
==637114== FILE DESCRIPTORS: 1 open (1 inherited) at exit.
==637114== 
==637114== HEAP SUMMARY:
==637114==     in use at exit: 5,017 bytes in 20 blocks
==637114==   total heap usage: 81 allocs, 61 frees, 65,622 bytes allocated
==637114== 
==637114== 5 bytes in 1 blocks are still reachable in loss record 1 of 16
==637114==    at 0x48BD858: malloc (vg_replace_malloc.c:447)
==637114==    by 0x405185D: xmalloc (xmalloc.c:45)
==637114==    by 0x405185D: xmemdup (xmalloc.c:314)
==637114==    by 0x405185D: xstrdup (xmalloc.c:339)
==637114==    by 0x402644F: assign_string (misc.c:58)
==637114==    by 0x4029612: uid_to_uname (names.c:490)
==637114==    by 0x40155F3: start_header (create.c:931)
==637114==    by 0x4015798: dump_regular_file (create.c:1050)
==637114==    by 0x40165E2: dump_file0 (create.c:1773)
==637114==    by 0x4017589: dump_file (create.c:1968)
==637114==    by 0x4017589: create_archive (create.c:1412)
==637114==    by 0x400CD90: main (tar.c:2818)
==637114== 
==637114== 5 bytes in 1 blocks are still reachable in loss record 2 of 16
==637114==    at 0x48BD858: malloc (vg_replace_malloc.c:447)
==637114==    by 0x405185D: xmalloc (xmalloc.c:45)
==637114==    by 0x405185D: xmemdup (xmalloc.c:314)
==637114==    by 0x405185D: xstrdup (xmalloc.c:339)
==637114==    by 0x402644F: assign_string (misc.c:58)
==637114==    by 0x40296A2: gid_to_gname (names.c:520)
==637114==    by 0x40155DB: start_header (create.c:936)
==637114==    by 0x4015798: dump_regular_file (create.c:1050)
==637114==    by 0x40165E2: dump_file0 (create.c:1773)
==637114==    by 0x4017589: dump_file (create.c:1968)
==637114==    by 0x4017589: create_archive (create.c:1412)
==637114==    by 0x400CD90: main (tar.c:2818)
==637114== 
==637114== 6 bytes in 2 blocks are indirectly lost in loss record 3 of 16
==637114==    at 0x48BD858: malloc (vg_replace_malloc.c:447)
==637114==    by 0x405185D: xmalloc (xmalloc.c:45)
==637114==    by 0x405185D: xmemdup (xmalloc.c:314)
==637114==    by 0x405185D: xstrdup (xmalloc.c:339)
==637114==    by 0x400C4F1: decode_options (tar.c:2353)
==637114==    by 0x400C4F1: main (tar.c:2792)
==637114== 
==637114== 9 bytes in 2 blocks are indirectly lost in loss record 4 of 16
==637114==    at 0x48BD858: malloc (vg_replace_malloc.c:447)
==637114==    by 0x40387DD: wsnode_quoteremoval (wordsplit.c:651)
==637114==    by 0x4039CFD: wordsplit_process_list (wordsplit.c:2390)
==637114==    by 0x403A562: wordsplit_run.constprop.0 (wordsplit.c:2434)
==637114==    by 0x400BFFA: parse_default_options (tar.c:2256)
==637114==    by 0x400BFFA: decode_options (tar.c:2378)
==637114==    by 0x400BFFA: main (tar.c:2792)
==637114== 
==637114== 9 bytes in 2 blocks are definitely lost in loss record 5 of 16
==637114==    at 0x48BD858: malloc (vg_replace_malloc.c:447)
==637114==    by 0x403A1FB: wordsplit_finish (wordsplit.c:836)
==637114==    by 0x400BFFA: parse_default_options (tar.c:2256)
==637114==    by 0x400BFFA: decode_options (tar.c:2378)
==637114==    by 0x400BFFA: main (tar.c:2792)
==637114== 
==637114== 16 bytes in 1 blocks are still reachable in loss record 6 of 16
==637114==    at 0x48C4E43: calloc (vg_replace_malloc.c:1678)
==637114==    by 0x40516F1: xcalloc (xmalloc.c:298)
==637114==    by 0x40516F1: xzalloc (xmalloc.c:283)
==637114==    by 0x400BEF9: decode_options (tar.c:2297)
==637114==    by 0x400BEF9: main (tar.c:2792)
==637114== 
==637114== 17 bytes in 1 blocks are still reachable in loss record 7 of 16
==637114==    at 0x48BD858: malloc (vg_replace_malloc.c:447)
==637114==    by 0x405185D: xmalloc (xmalloc.c:45)
==637114==    by 0x405185D: xmemdup (xmalloc.c:314)
==637114==    by 0x405185D: xstrdup (xmalloc.c:339)
==637114==    by 0x402644F: assign_string (misc.c:58)
==637114==    by 0x401E7A6: xheader_xhdr_name (xheader.c:393)
==637114==    by 0x4014297: write_extended.part.0 (create.c:713)
==637114==    by 0x4014896: write_extended (create.c:699)
==637114==    by 0x4014896: finish_header (create.c:1024)
==637114==    by 0x40157AF: dump_regular_file (create.c:1058)
==637114==    by 0x40165E2: dump_file0 (create.c:1773)
==637114==    by 0x4017589: dump_file (create.c:1968)
==637114==    by 0x4017589: create_archive (create.c:1412)
==637114==    by 0x400CD90: main (tar.c:2818)
==637114== 
==637114== 56 bytes in 1 blocks are still reachable in loss record 8 of 16
==637114==    at 0x48BD858: malloc (vg_replace_malloc.c:447)
==637114==    by 0x40512CC: xmalloc (xmalloc.c:45)
==637114==    by 0x401407E: file_count_links (create.c:1522)
==637114==    by 0x401407E: file_count_links (create.c:1508)
==637114==    by 0x4016A58: dump_file0 (create.c:1779)
==637114==    by 0x4017589: dump_file (create.c:1968)
==637114==    by 0x4017589: create_archive (create.c:1412)
==637114==    by 0x400CD90: main (tar.c:2818)
==637114== 
==637114== 62 (56 direct, 6 indirect) bytes in 1 blocks are definitely lost in loss record 9 of 16
==637114==    at 0x48BD858: malloc (vg_replace_malloc.c:447)
==637114==    by 0x40512CC: xmalloc (xmalloc.c:45)
==637114==    by 0x400C46E: decode_options (tar.c:2340)
==637114==    by 0x400C46E: main (tar.c:2792)
==637114== 
==637114== 80 bytes in 1 blocks are still reachable in loss record 10 of 16
==637114==    at 0x48BD858: malloc (vg_replace_malloc.c:447)
==637114==    by 0x40512CC: xmalloc (xmalloc.c:45)
==637114==    by 0x400BE43: main (tar.c:2781)
==637114== 
==637114== 80 bytes in 1 blocks are still reachable in loss record 11 of 16
==637114==    at 0x48BD858: malloc (vg_replace_malloc.c:447)
==637114==    by 0x4047846: hash_initialize (hash.c:523)
==637114==    by 0x401411B: file_count_links (create.c:1530)
==637114==    by 0x401411B: file_count_links (create.c:1508)
==637114==    by 0x4016A58: dump_file0 (create.c:1779)
==637114==    by 0x4017589: dump_file (create.c:1968)
==637114==    by 0x4017589: create_archive (create.c:1412)
==637114==    by 0x400CD90: main (tar.c:2818)
==637114== 
==637114== 89 (80 direct, 9 indirect) bytes in 2 blocks are definitely lost in loss record 12 of 16
==637114==    at 0x48C4E43: calloc (vg_replace_malloc.c:1678)
==637114==    by 0x403959D: wsnode_new (wordsplit.c:422)
==637114==    by 0x403959D: wordsplit_add_segm (wordsplit.c:523)
==637114==    by 0x4039854: scan_word (wordsplit.c:2062)
==637114==    by 0x4039C7C: wordsplit_process_list (wordsplit.c:2358)
==637114==    by 0x403A562: wordsplit_run.constprop.0 (wordsplit.c:2434)
==637114==    by 0x400BFFA: parse_default_options (tar.c:2256)
==637114==    by 0x400BFFA: decode_options (tar.c:2378)
==637114==    by 0x400BFFA: main (tar.c:2792)
==637114== 
==637114== 102 bytes in 1 blocks are still reachable in loss record 13 of 16
==637114==    at 0x48BD858: malloc (vg_replace_malloc.c:447)
==637114==    by 0x40512CC: xmalloc (xmalloc.c:45)
==637114==    by 0x4029881: name_init (names.c:869)
==637114==    by 0x400C94C: main (tar.c:2794)
==637114== 
==637114== 176 bytes in 1 blocks are still reachable in loss record 14 of 16
==637114==    at 0x48C4E43: calloc (vg_replace_malloc.c:1678)
==637114==    by 0x404789C: hash_initialize (hash.c:544)
==637114==    by 0x401411B: file_count_links (create.c:1530)
==637114==    by 0x401411B: file_count_links (create.c:1508)
==637114==    by 0x4016A58: dump_file0 (create.c:1779)
==637114==    by 0x4017589: dump_file (create.c:1968)
==637114==    by 0x4017589: create_archive (create.c:1412)
==637114==    by 0x400CD90: main (tar.c:2818)
==637114== 
==637114== 256 bytes in 1 blocks are still reachable in loss record 15 of 16
==637114==    at 0x48BD858: malloc (vg_replace_malloc.c:447)
==637114==    by 0x40512CC: xmalloc (xmalloc.c:45)
==637114==    by 0x401D274: xattr_encode_keyword (xheader.c:833)
==637114==    by 0x401D274: xheader_print_n (xheader.c:876)
==637114==    by 0x401D4FB: xheader_print (xheader.c:899)
==637114==    by 0x401D4FB: code_time (xheader.c:1043)
==637114==    by 0x401D4FB: mtime_coder (xheader.c:1232)
==637114==    by 0x401527F: start_header (create.c:852)
==637114==    by 0x4015798: dump_regular_file (create.c:1050)
==637114==    by 0x40165E2: dump_file0 (create.c:1773)
==637114==    by 0x4017589: dump_file (create.c:1968)
==637114==    by 0x4017589: create_archive (create.c:1412)
==637114==    by 0x400CD90: main (tar.c:2818)
==637114== 
==637114== 4,064 bytes in 1 blocks are still reachable in loss record 16 of 16
==637114==    at 0x48BD858: malloc (vg_replace_malloc.c:447)
==637114==    by 0x40512CC: xmalloc (xmalloc.c:45)
==637114==    by 0x404A07D: call_chunkfun (obstack.c:88)
==637114==    by 0x404A07D: _obstack_begin_worker.isra.0 (obstack.c:135)
==637114==    by 0x404A0A8: _obstack_begin (obstack.c:157)
==637114==    by 0x4032C57: _transform_name_to_obstack (transform.c:592)
==637114==    by 0x4032C57: transform_name_fp (transform.c:614)
==637114==    by 0x4016444: dump_file0 (create.c:1657)
==637114==    by 0x4017589: dump_file (create.c:1968)
==637114==    by 0x4017589: create_archive (create.c:1412)
==637114==    by 0x400CD90: main (tar.c:2818)
==637114== 
==637114== LEAK SUMMARY:
==637114==    definitely lost: 145 bytes in 5 blocks
==637114==    indirectly lost: 15 bytes in 4 blocks
==637114==      possibly lost: 0 bytes in 0 blocks
==637114==    still reachable: 4,857 bytes in 11 blocks
==637114==         suppressed: 0 bytes in 0 blocks
==637114== 
==637114== For lists of detected and suppressed errors, rerun with: -s
==637114== ERROR SUMMARY: 3 errors from 3 contexts (suppressed: 0 from 0)
