==700614== Memcheck, a memory error detector
==700614== Copyright (C) 2002-2024, and GNU GPL'd, by Julian Seward et al.
==700614== Using Valgrind-3.26.0 and LibVEX; rerun with -h for copyright info
==700614== Command: tar -c -f a -z --remove-files b c
==700614== Parent PID: 700588
==700614== 
==700614== 
==700614== FILE DESCRIPTORS: 3 open (2 inherited) at exit.
==700614== Open file descriptor 0:
==700614==    at 0x4A15E8B: dup2 (dup2.c:29)
==700614==    by 0x402DEC0: xdup2 (system.c:314)
==700614==    by 0x402DEC0: sys_child_open_for_compress (system.c:426)
==700614==    by 0x4010C94: _open_archive (buffer.c:746)
==700614==    by 0x4010C94: open_archive (buffer.c:2025)
==700614==    by 0x40174DE: create_archive (create.c:1343)
==700614==    by 0x400CD90: main (tar.c:2818)
==700614== 
==700614== 
==700614== HEAP SUMMARY:
==700614==     in use at exit: 14,734 bytes in 8 blocks
==700614==   total heap usage: 22 allocs, 14 frees, 22,585 bytes allocated
==700614== 
==700614== 16 bytes in 1 blocks are still reachable in loss record 1 of 7
==700614==    at 0x48C4E43: calloc (vg_replace_malloc.c:1678)
==700614==    by 0x40516F1: xcalloc (xmalloc.c:298)
==700614==    by 0x40516F1: xzalloc (xmalloc.c:283)
==700614==    by 0x400BEF9: decode_options (tar.c:2297)
==700614==    by 0x400BEF9: main (tar.c:2792)
==700614== 
==700614== 32 bytes in 1 blocks are still reachable in loss record 2 of 7
==700614==    at 0x48BD858: malloc (vg_replace_malloc.c:447)
==700614==    by 0x40512CC: xmalloc (xmalloc.c:45)
==700614==    by 0x402F07B: optloc_save (tar.c:926)
==700614==    by 0x402FFB0: set_use_compress_program_option (tar.c:985)
==700614==    by 0x4030B0E: parse_opt (tar.c:1777)
==700614==    by 0x404233D: group_parse (argp-parse.c:233)
==700614==    by 0x404233D: parser_parse_opt (argp-parse.c:736)
==700614==    by 0x404233D: parser_parse_next (argp-parse.c:859)
==700614==    by 0x404233D: argp_parse (argp-parse.c:927)
==700614==    by 0x400C045: decode_options (tar.c:2380)
==700614==    by 0x400C045: main (tar.c:2792)
==700614== 
==700614== 56 bytes in 1 blocks are still reachable in loss record 3 of 7
==700614==    at 0x48BD858: malloc (vg_replace_malloc.c:447)
==700614==    by 0x40512CC: xmalloc (xmalloc.c:45)
==700614==    by 0x40283CE: name_elt_alloc (names.c:683)
==700614==    by 0x402982C: name_add_name (names.c:806)
==700614==    by 0x4030660: parse_opt (tar.c:1382)
==700614==    by 0x4041C43: group_parse (argp-parse.c:233)
==700614==    by 0x4041C43: parser_parse_arg (argp-parse.c:682)
==700614==    by 0x4041C43: parser_parse_next (argp-parse.c:857)
==700614==    by 0x4041C43: argp_parse (argp-parse.c:927)
==700614==    by 0x400C045: decode_options (tar.c:2380)
==700614==    by 0x400C045: main (tar.c:2792)
==700614== 
==700614== 80 bytes in 1 blocks are still reachable in loss record 4 of 7
==700614==    at 0x48BD858: malloc (vg_replace_malloc.c:447)
==700614==    by 0x40512CC: xmalloc (xmalloc.c:45)
==700614==    by 0x400BE43: main (tar.c:2781)
==700614== 
==700614== 102 bytes in 1 blocks are still reachable in loss record 5 of 7
==700614==    at 0x48BD858: malloc (vg_replace_malloc.c:447)
==700614==    by 0x40512CC: xmalloc (xmalloc.c:45)
==700614==    by 0x4029881: name_init (names.c:869)
==700614==    by 0x400C94C: main (tar.c:2794)
==700614== 
==700614== 112 bytes in 2 blocks are still reachable in loss record 6 of 7
==700614==    at 0x48BD858: malloc (vg_replace_malloc.c:447)
==700614==    by 0x40512CC: xmalloc (xmalloc.c:45)
==700614==    by 0x402837D: name_elt_alloc (names.c:677)
==700614==    by 0x402982C: name_add_name (names.c:806)
==700614==    by 0x4030660: parse_opt (tar.c:1382)
==700614==    by 0x4041C43: group_parse (argp-parse.c:233)
==700614==    by 0x4041C43: parser_parse_arg (argp-parse.c:682)
==700614==    by 0x4041C43: parser_parse_next (argp-parse.c:857)
==700614==    by 0x4041C43: argp_parse (argp-parse.c:927)
==700614==    by 0x400C045: decode_options (tar.c:2380)
==700614==    by 0x400C045: main (tar.c:2792)
==700614== 
==700614== 14,336 bytes in 1 blocks are still reachable in loss record 7 of 7
==700614==    at 0x48BD858: malloc (vg_replace_malloc.c:447)
==700614==    by 0x40512CC: xmalloc (xmalloc.c:45)
==700614==    by 0x4027C22: page_aligned_alloc (misc.c:1235)
==700614==    by 0x400D5A3: init_buffer (buffer.c:657)
==700614==    by 0x4010B3B: _open_archive (buffer.c:725)
==700614==    by 0x4010B3B: open_archive (buffer.c:2025)
==700614==    by 0x40174DE: create_archive (create.c:1343)
==700614==    by 0x400CD90: main (tar.c:2818)
==700614== 
==700614== LEAK SUMMARY:
==700614==    definitely lost: 0 bytes in 0 blocks
==700614==    indirectly lost: 0 bytes in 0 blocks
==700614==      possibly lost: 0 bytes in 0 blocks
==700614==    still reachable: 14,734 bytes in 8 blocks
==700614==         suppressed: 0 bytes in 0 blocks
==700614== 
==700614== For lists of detected and suppressed errors, rerun with: -s
==700614== ERROR SUMMARY: 1 errors from 1 contexts (suppressed: 0 from 0)
