==698498== Memcheck, a memory error detector
==698498== Copyright (C) 2002-2024, and GNU GPL'd, by Julian Seward et al.
==698498== Using Valgrind-3.26.0 and LibVEX; rerun with -h for copyright info
==698498== Command: tar --version
==698498== Parent PID: 698311
==698498== 
==698498== 
==698498== FILE DESCRIPTORS: 4 open (4 inherited) at exit.
==698498== 
==698498== HEAP SUMMARY:
==698498==     in use at exit: 7,767 bytes in 3 blocks
==698498==   total heap usage: 15 allocs, 12 frees, 12,021 bytes allocated
==698498== 
==698498== 16 bytes in 1 blocks are still reachable in loss record 1 of 3
==698498==    at 0x48C4E43: calloc (vg_replace_malloc.c:1678)
==698498==    by 0x40516F1: xcalloc (xmalloc.c:298)
==698498==    by 0x40516F1: xzalloc (xmalloc.c:283)
==698498==    by 0x400BEF9: decode_options (tar.c:2297)
==698498==    by 0x400BEF9: main (tar.c:2792)
==698498== 
==698498== 80 bytes in 1 blocks are still reachable in loss record 2 of 3
==698498==    at 0x48BD858: malloc (vg_replace_malloc.c:447)
==698498==    by 0x40512CC: xmalloc (xmalloc.c:45)
==698498==    by 0x400BE43: main (tar.c:2781)
==698498== 
==698498== 7,671 bytes in 1 blocks are still reachable in loss record 3 of 3
==698498==    at 0x48BD858: malloc (vg_replace_malloc.c:447)
==698498==    by 0x4041854: parser_init (argp-parse.c:495)
==698498==    by 0x4041854: argp_parse (argp-parse.c:921)
==698498==    by 0x400C045: decode_options (tar.c:2380)
==698498==    by 0x400C045: main (tar.c:2792)
==698498== 
==698498== LEAK SUMMARY:
==698498==    definitely lost: 0 bytes in 0 blocks
==698498==    indirectly lost: 0 bytes in 0 blocks
==698498==      possibly lost: 0 bytes in 0 blocks
==698498==    still reachable: 7,767 bytes in 3 blocks
==698498==         suppressed: 0 bytes in 0 blocks
==698498== 
==698498== For lists of detected and suppressed errors, rerun with: -s
==698498== ERROR SUMMARY: 0 errors from 0 contexts (suppressed: 0 from 0)
