==699104== Memcheck, a memory error detector
==699104== Copyright (C) 2002-2024, and GNU GPL'd, by Julian Seward et al.
==699104== Using Valgrind-3.26.0 and LibVEX; rerun with -h for copyright info
==699104== Command: /bin/sh -c gzip
==699104== Parent PID: 699011
==699104== 
==699104== 
==699104== FILE DESCRIPTORS: 3 open (3 inherited) at exit.
==699104== 
==699104== HEAP SUMMARY:
==699104==     in use at exit: 1,012 bytes in 26 blocks
==699104==   total heap usage: 28 allocs, 2 frees, 1,164 bytes allocated
==699104== 
==699104== 28 bytes in 1 blocks are still reachable in loss record 1 of 6
==699104==    at 0x486E858: malloc (vg_replace_malloc.c:447)
==699104==    by 0x40083FA: ??? (in /usr/bin/dash)
==699104==    by 0x4012E0A: ??? (in /usr/bin/dash)
==699104==    by 0x4013FFF: ??? (in /usr/bin/dash)
==699104==    by 0x400BCE7: ??? (in /usr/bin/dash)
==699104==    by 0x40120F8: ??? (in /usr/bin/dash)
==699104==    by 0x4004DA0: ??? (in /usr/bin/dash)
==699104==    by 0x48C4600: (below main) (libc_start_call_main.h:59)
==699104== 
==699104== 32 bytes in 1 blocks are still reachable in loss record 2 of 6
==699104==    at 0x486E858: malloc (vg_replace_malloc.c:447)
==699104==    by 0x4017AB2: ??? (in /usr/bin/dash)
==699104==    by 0x40186D4: ??? (in /usr/bin/dash)
==699104==    by 0x4004BC6: ??? (in /usr/bin/dash)
==699104==    by 0x48C4600: (below main) (libc_start_call_main.h:59)
==699104== 
==699104== 58 bytes in 1 blocks are still reachable in loss record 3 of 6
==699104==    at 0x486E858: malloc (vg_replace_malloc.c:447)
==699104==    by 0x495596E: strdup (strdup.c:42)
==699104==    by 0x40081DF: ??? (in /usr/bin/dash)
==699104==    by 0x40186F9: ??? (in /usr/bin/dash)
==699104==    by 0x4004BC6: ??? (in /usr/bin/dash)
==699104==    by 0x48C4600: (below main) (libc_start_call_main.h:59)
==699104== 
==699104== 62 bytes in 1 blocks are still reachable in loss record 4 of 6
==699104==    at 0x486E858: malloc (vg_replace_malloc.c:447)
==699104==    by 0x4017C53: ??? (in /usr/bin/dash)
==699104==    by 0x40186F9: ??? (in /usr/bin/dash)
==699104==    by 0x4004BC6: ??? (in /usr/bin/dash)
==699104==    by 0x48C4600: (below main) (libc_start_call_main.h:59)
==699104== 
==699104== 160 bytes in 1 blocks are still reachable in loss record 5 of 6
==699104==    at 0x487607F: realloc (vg_replace_malloc.c:1804)
==699104==    by 0x40074DC: ??? (in /usr/bin/dash)
==699104==    by 0x400A64D: ??? (in /usr/bin/dash)
==699104==    by 0x4014058: ??? (in /usr/bin/dash)
==699104==    by 0x400BCE7: ??? (in /usr/bin/dash)
==699104==    by 0x40120F8: ??? (in /usr/bin/dash)
==699104==    by 0x4004DA0: ??? (in /usr/bin/dash)
==699104==    by 0x48C4600: (below main) (libc_start_call_main.h:59)
==699104== 
==699104== 672 bytes in 21 blocks are still reachable in loss record 6 of 6
==699104==    at 0x486E858: malloc (vg_replace_malloc.c:447)
==699104==    by 0x4017AB2: ??? (in /usr/bin/dash)
==699104==    by 0x4018670: ??? (in /usr/bin/dash)
==699104==    by 0x4004BC6: ??? (in /usr/bin/dash)
==699104==    by 0x48C4600: (below main) (libc_start_call_main.h:59)
==699104== 
==699104== LEAK SUMMARY:
==699104==    definitely lost: 0 bytes in 0 blocks
==699104==    indirectly lost: 0 bytes in 0 blocks
==699104==      possibly lost: 0 bytes in 0 blocks
==699104==    still reachable: 1,012 bytes in 26 blocks
==699104==         suppressed: 0 bytes in 0 blocks
==699104== 
==699104== For lists of detected and suppressed errors, rerun with: -s
==699104== ERROR SUMMARY: 0 errors from 0 contexts (suppressed: 0 from 0)
