==700659== Memcheck, a memory error detector
==700659== Copyright (C) 2002-2024, and GNU GPL'd, by Julian Seward et al.
==700659== Using Valgrind-3.26.0 and LibVEX; rerun with -h for copyright info
==700659== Command: tar xfv archive --warning=no-timestamp
==700659== Parent PID: 700467
==700659== 
==700659== 
==700659== FILE DESCRIPTORS: 1 open (1 inherited) at exit.
==700659== 
==700659== HEAP SUMMARY:
==700659==     in use at exit: 4,435 bytes in 16 blocks
==700659==   total heap usage: 60 allocs, 44 frees, 60,979 bytes allocated
==700659== 
==700659== 5 bytes in 1 blocks are still reachable in loss record 1 of 11
==700659==    at 0x48BD858: malloc (vg_replace_malloc.c:447)
==700659==    by 0x405185D: xmalloc (xmalloc.c:45)
==700659==    by 0x405185D: xmemdup (xmalloc.c:314)
==700659==    by 0x405185D: xstrdup (xmalloc.c:339)
==700659==    by 0x402644F: assign_string (misc.c:58)
==700659==    by 0x402973C: uname_to_uid (names.c:550)
==700659==    by 0x402457F: decode_header (list.c:694)
==700659==    by 0x4025616: read_and (list.c:194)
==700659==    by 0x400CD61: main (tar.c:2823)
==700659== 
==700659== 5 bytes in 1 blocks are still reachable in loss record 2 of 11
==700659==    at 0x48BD858: malloc (vg_replace_malloc.c:447)
==700659==    by 0x405185D: xmalloc (xmalloc.c:45)
==700659==    by 0x405185D: xmemdup (xmalloc.c:314)
==700659==    by 0x405185D: xstrdup (xmalloc.c:339)
==700659==    by 0x402644F: assign_string (misc.c:58)
==700659==    by 0x40297DC: gname_to_gid (names.c:580)
==700659==    by 0x402455F: decode_header (list.c:699)
==700659==    by 0x4025616: read_and (list.c:194)
==700659==    by 0x400CD61: main (tar.c:2823)
==700659== 
==700659== 9 bytes in 2 blocks are indirectly lost in loss record 3 of 11
==700659==    at 0x48BD858: malloc (vg_replace_malloc.c:447)
==700659==    by 0x40387DD: wsnode_quoteremoval (wordsplit.c:651)
==700659==    by 0x4039CFD: wordsplit_process_list (wordsplit.c:2390)
==700659==    by 0x403A562: wordsplit_run.constprop.0 (wordsplit.c:2434)
==700659==    by 0x400BFFA: parse_default_options (tar.c:2256)
==700659==    by 0x400BFFA: decode_options (tar.c:2378)
==700659==    by 0x400BFFA: main (tar.c:2792)
==700659== 
==700659== 9 bytes in 3 blocks are indirectly lost in loss record 4 of 11
==700659==    at 0x48BD858: malloc (vg_replace_malloc.c:447)
==700659==    by 0x405185D: xmalloc (xmalloc.c:45)
==700659==    by 0x405185D: xmemdup (xmalloc.c:314)
==700659==    by 0x405185D: xstrdup (xmalloc.c:339)
==700659==    by 0x400C4F1: decode_options (tar.c:2353)
==700659==    by 0x400C4F1: main (tar.c:2792)
==700659== 
==700659== 9 bytes in 2 blocks are definitely lost in loss record 5 of 11
==700659==    at 0x48BD858: malloc (vg_replace_malloc.c:447)
==700659==    by 0x403A1FB: wordsplit_finish (wordsplit.c:836)
==700659==    by 0x400BFFA: parse_default_options (tar.c:2256)
==700659==    by 0x400BFFA: decode_options (tar.c:2378)
==700659==    by 0x400BFFA: main (tar.c:2792)
==700659== 
==700659== 16 bytes in 1 blocks are still reachable in loss record 6 of 11
==700659==    at 0x48C4E43: calloc (vg_replace_malloc.c:1678)
==700659==    by 0x40516F1: xcalloc (xmalloc.c:298)
==700659==    by 0x40516F1: xzalloc (xmalloc.c:283)
==700659==    by 0x400BEF9: decode_options (tar.c:2297)
==700659==    by 0x400BEF9: main (tar.c:2792)
==700659== 
==700659== 65 (56 direct, 9 indirect) bytes in 1 blocks are definitely lost in loss record 7 of 11
==700659==    at 0x48BD858: malloc (vg_replace_malloc.c:447)
==700659==    by 0x40512CC: xmalloc (xmalloc.c:45)
==700659==    by 0x400C46E: decode_options (tar.c:2340)
==700659==    by 0x400C46E: main (tar.c:2792)
==700659== 
==700659== 80 bytes in 1 blocks are still reachable in loss record 8 of 11
==700659==    at 0x48BD858: malloc (vg_replace_malloc.c:447)
==700659==    by 0x40512CC: xmalloc (xmalloc.c:45)
==700659==    by 0x400BE43: main (tar.c:2781)
==700659== 
==700659== 89 (80 direct, 9 indirect) bytes in 2 blocks are definitely lost in loss record 9 of 11
==700659==    at 0x48C4E43: calloc (vg_replace_malloc.c:1678)
==700659==    by 0x403959D: wsnode_new (wordsplit.c:422)
==700659==    by 0x403959D: wordsplit_add_segm (wordsplit.c:523)
==700659==    by 0x4039854: scan_word (wordsplit.c:2062)
==700659==    by 0x4039C7C: wordsplit_process_list (wordsplit.c:2358)
==700659==    by 0x403A562: wordsplit_run.constprop.0 (wordsplit.c:2434)
==700659==    by 0x400BFFA: parse_default_options (tar.c:2256)
==700659==    by 0x400BFFA: decode_options (tar.c:2378)
==700659==    by 0x400BFFA: main (tar.c:2792)
==700659== 
==700659== 102 bytes in 1 blocks are still reachable in loss record 10 of 11
==700659==    at 0x48BD858: malloc (vg_replace_malloc.c:447)
==700659==    by 0x40512CC: xmalloc (xmalloc.c:45)
==700659==    by 0x4029881: name_init (names.c:869)
==700659==    by 0x400C94C: main (tar.c:2794)
==700659== 
==700659== 4,064 bytes in 1 blocks are still reachable in loss record 11 of 11
==700659==    at 0x48BD858: malloc (vg_replace_malloc.c:447)
==700659==    by 0x40512CC: xmalloc (xmalloc.c:45)
==700659==    by 0x404A07D: call_chunkfun (obstack.c:88)
==700659==    by 0x404A07D: _obstack_begin_worker.isra.0 (obstack.c:135)
==700659==    by 0x404A0A8: _obstack_begin (obstack.c:157)
==700659==    by 0x4032C57: _transform_name_to_obstack (transform.c:592)
==700659==    by 0x4032C57: transform_name_fp (transform.c:614)
==700659==    by 0x4023670: transform_member_name (list.c:114)
==700659==    by 0x4023670: transform_stat_info.part.0 (list.c:150)
==700659==    by 0x4025850: transform_stat_info (list.c:227)
==700659==    by 0x4025850: read_and (list.c:227)
==700659==    by 0x400CD61: main (tar.c:2823)
==700659== 
==700659== LEAK SUMMARY:
==700659==    definitely lost: 145 bytes in 5 blocks
==700659==    indirectly lost: 18 bytes in 5 blocks
==700659==      possibly lost: 0 bytes in 0 blocks
==700659==    still reachable: 4,272 bytes in 6 blocks
==700659==         suppressed: 0 bytes in 0 blocks
==700659== 
==700659== For lists of detected and suppressed errors, rerun with: -s
==700659== ERROR SUMMARY: 3 errors from 3 contexts (suppressed: 0 from 0)
