==694372== Memcheck, a memory error detector
==694372== Copyright (C) 2002-2024, and GNU GPL'd, by Julian Seward et al.
==694372== Using Valgrind-3.26.0 and LibVEX; rerun with -h for copyright info
==694372== Command: /tmp/rboxc-tar-behavior-eekqfp_p/exec/tar --not-an-option
==694372== Parent PID: 683658
==694372== 
==694372== 
==694372== FILE DESCRIPTORS: 2 open (2 inherited) at exit.
==694372== 
==694372== HEAP SUMMARY:
==694372==     in use at exit: 7,767 bytes in 3 blocks
==694372==   total heap usage: 14 allocs, 11 frees, 8,176 bytes allocated
==694372== 
==694372== 16 bytes in 1 blocks are still reachable in loss record 1 of 3
==694372==    at 0x5875E43: calloc (vg_replace_malloc.c:1678)
==694372==    by 0x469E5C1: rboxc_tar_xzalloc (in /root/rboxc/target/tar-child-prefix-candidate/release/rboxc)
==694372==    by 0x440DEB5: single_binary_main_tar (in /root/rboxc/target/tar-child-prefix-candidate/release/rboxc)
==694372==    by 0x5A18600: (below main) (libc_start_call_main.h:59)
==694372== 
==694372== 80 bytes in 1 blocks are still reachable in loss record 2 of 3
==694372==    at 0x586E858: malloc (vg_replace_malloc.c:447)
==694372==    by 0x469E19C: rboxc_tar_xmalloc (in /root/rboxc/target/tar-child-prefix-candidate/release/rboxc)
==694372==    by 0x440DDC0: single_binary_main_tar (in /root/rboxc/target/tar-child-prefix-candidate/release/rboxc)
==694372==    by 0x5A18600: (below main) (libc_start_call_main.h:59)
==694372== 
==694372== 7,671 bytes in 1 blocks are still reachable in loss record 3 of 3
==694372==    at 0x586E858: malloc (vg_replace_malloc.c:447)
==694372==    by 0x468C814: rboxc_tar_argp_parse (in /root/rboxc/target/tar-child-prefix-candidate/release/rboxc)
==694372==    by 0x440E3E5: single_binary_main_tar (in /root/rboxc/target/tar-child-prefix-candidate/release/rboxc)
==694372==    by 0x5A18600: (below main) (libc_start_call_main.h:59)
==694372== 
==694372== LEAK SUMMARY:
==694372==    definitely lost: 0 bytes in 0 blocks
==694372==    indirectly lost: 0 bytes in 0 blocks
==694372==      possibly lost: 0 bytes in 0 blocks
==694372==    still reachable: 7,767 bytes in 3 blocks
==694372==         suppressed: 0 bytes in 0 blocks
==694372== 
==694372== For lists of detected and suppressed errors, rerun with: -s
==694372== ERROR SUMMARY: 0 errors from 0 contexts (suppressed: 0 from 0)
