==618419== Memcheck, a memory error detector
==618419== Copyright (C) 2002-2024, and GNU GPL'd, by Julian Seward et al.
==618419== Using Valgrind-3.26.0 and LibVEX; rerun with -h for copyright info
==618419== Command: tar --version
==618419== Parent PID: 618333
==618419== 
==618419== 
==618419== FILE DESCRIPTORS: 4 open (4 inherited) at exit.
==618419== 
==618419== HEAP SUMMARY:
==618419==     in use at exit: 7,767 bytes in 3 blocks
==618419==   total heap usage: 15 allocs, 12 frees, 12,021 bytes allocated
==618419== 
==618419== 16 bytes in 1 blocks are still reachable in loss record 1 of 3
==618419==    at 0x48C4E43: calloc (vg_replace_malloc.c:1678)
==618419==    by 0x40516F1: xcalloc (xmalloc.c:298)
==618419==    by 0x40516F1: xzalloc (xmalloc.c:283)
==618419==    by 0x400BEF9: decode_options (tar.c:2297)
==618419==    by 0x400BEF9: main (tar.c:2792)
==618419== 
==618419== 80 bytes in 1 blocks are still reachable in loss record 2 of 3
==618419==    at 0x48BD858: malloc (vg_replace_malloc.c:447)
==618419==    by 0x40512CC: xmalloc (xmalloc.c:45)
==618419==    by 0x400BE43: main (tar.c:2781)
==618419== 
==618419== 7,671 bytes in 1 blocks are still reachable in loss record 3 of 3
==618419==    at 0x48BD858: malloc (vg_replace_malloc.c:447)
==618419==    by 0x4041854: parser_init (argp-parse.c:495)
==618419==    by 0x4041854: argp_parse (argp-parse.c:921)
==618419==    by 0x400C045: decode_options (tar.c:2380)
==618419==    by 0x400C045: main (tar.c:2792)
==618419== 
==618419== LEAK SUMMARY:
==618419==    definitely lost: 0 bytes in 0 blocks
==618419==    indirectly lost: 0 bytes in 0 blocks
==618419==      possibly lost: 0 bytes in 0 blocks
==618419==    still reachable: 7,767 bytes in 3 blocks
==618419==         suppressed: 0 bytes in 0 blocks
==618419== 
==618419== For lists of detected and suppressed errors, rerun with: -s
==618419== ERROR SUMMARY: 0 errors from 0 contexts (suppressed: 0 from 0)
