==690233== Memcheck, a memory error detector
==690233== Copyright (C) 2002-2024, and GNU GPL'd, by Julian Seward et al.
==690233== Using Valgrind-3.26.0 and LibVEX; rerun with -h for copyright info
==690233== Command: /tmp/rboxc-tar-behavior-am3wzhm_/exec/tar --format=pax --pax-option=delete=atime,delete=ctime,exthdr.name=%d/PaxHeaders/%f -cf result.tar -C tree .
==690233== Parent PID: 683658
==690233== 
==690233== 
==690233== FILE DESCRIPTORS: 2 open (1 inherited) at exit.
==690233== Open file descriptor 4: tree
==690233==    at 0x4A1AADA: openat (openat64.c:39)
==690233==    by 0x4027817: openat (fcntl2.h:175)
==690233==    by 0x4027817: chdir_do (misc.c:988)
==690233==    by 0x4028D52: name_next_elt (names.c:1123)
==690233==    by 0x40298EC: name_next (names.c:1152)
==690233==    by 0x401750F: create_archive (create.c:1410)
==690233==    by 0x400CD90: main (tar.c:2818)
==690233== 
==690233== 
==690233== HEAP SUMMARY:
==690233==     in use at exit: 4,698 bytes in 16 blocks
==690233==   total heap usage: 103 allocs, 87 frees, 118,341 bytes allocated
==690233== 
==690233== 5 bytes in 1 blocks are still reachable in loss record 1 of 14
==690233==    at 0x48BD858: malloc (vg_replace_malloc.c:447)
==690233==    by 0x405185D: xmalloc (xmalloc.c:45)
==690233==    by 0x405185D: xmemdup (xmalloc.c:314)
==690233==    by 0x405185D: xstrdup (xmalloc.c:339)
==690233==    by 0x4028D43: name_next_elt (names.c:1123)
==690233==    by 0x40298EC: name_next (names.c:1152)
==690233==    by 0x401750F: create_archive (create.c:1410)
==690233==    by 0x400CD90: main (tar.c:2818)
==690233== 
==690233== 5 bytes in 1 blocks are still reachable in loss record 2 of 14
==690233==    at 0x48BD858: malloc (vg_replace_malloc.c:447)
==690233==    by 0x405185D: xmalloc (xmalloc.c:45)
==690233==    by 0x405185D: xmemdup (xmalloc.c:314)
==690233==    by 0x405185D: xstrdup (xmalloc.c:339)
==690233==    by 0x402644F: assign_string (misc.c:58)
==690233==    by 0x4029612: uid_to_uname (names.c:490)
==690233==    by 0x40155F3: start_header (create.c:931)
==690233==    by 0x40167F9: dump_dir0 (create.c:1123)
==690233==    by 0x40167F9: dump_dir (create.c:1320)
==690233==    by 0x40167F9: dump_file0 (create.c:1757)
==690233==    by 0x4017589: dump_file (create.c:1968)
==690233==    by 0x4017589: create_archive (create.c:1412)
==690233==    by 0x400CD90: main (tar.c:2818)
==690233== 
==690233== 5 bytes in 1 blocks are still reachable in loss record 3 of 14
==690233==    at 0x48BD858: malloc (vg_replace_malloc.c:447)
==690233==    by 0x405185D: xmalloc (xmalloc.c:45)
==690233==    by 0x405185D: xmemdup (xmalloc.c:314)
==690233==    by 0x405185D: xstrdup (xmalloc.c:339)
==690233==    by 0x402644F: assign_string (misc.c:58)
==690233==    by 0x40296A2: gid_to_gname (names.c:520)
==690233==    by 0x40155DB: start_header (create.c:936)
==690233==    by 0x40167F9: dump_dir0 (create.c:1123)
==690233==    by 0x40167F9: dump_dir (create.c:1320)
==690233==    by 0x40167F9: dump_file0 (create.c:1757)
==690233==    by 0x4017589: dump_file (create.c:1968)
==690233==    by 0x4017589: create_archive (create.c:1412)
==690233==    by 0x400CD90: main (tar.c:2818)
==690233== 
==690233== 12 bytes in 2 blocks are still reachable in loss record 4 of 14
==690233==    at 0x48BD858: malloc (vg_replace_malloc.c:447)
==690233==    by 0x405185D: xmalloc (xmalloc.c:45)
==690233==    by 0x405185D: xmemdup (xmalloc.c:314)
==690233==    by 0x405185D: xstrdup (xmalloc.c:339)
==690233==    by 0x401E1E4: xheader_list_append (xheader.c:136)
==690233==    by 0x401E1E4: xheader_set_keyword_equal (xheader.c:207)
==690233==    by 0x401E1E4: xheader_set_option (xheader.c:238)
==690233==    by 0x40307EC: parse_opt (tar.c:1980)
==690233==    by 0x40421C3: group_parse (argp-parse.c:233)
==690233==    by 0x40421C3: parser_parse_opt (argp-parse.c:748)
==690233==    by 0x40421C3: parser_parse_next (argp-parse.c:859)
==690233==    by 0x40421C3: argp_parse (argp-parse.c:927)
==690233==    by 0x400C045: decode_options (tar.c:2380)
==690233==    by 0x400C045: main (tar.c:2792)
==690233== 
==690233== 16 bytes in 1 blocks are still reachable in loss record 5 of 14
==690233==    at 0x48C4E43: calloc (vg_replace_malloc.c:1678)
==690233==    by 0x40516F1: xcalloc (xmalloc.c:298)
==690233==    by 0x40516F1: xzalloc (xmalloc.c:283)
==690233==    by 0x400BEF9: decode_options (tar.c:2297)
==690233==    by 0x400BEF9: main (tar.c:2792)
==690233== 
==690233== 17 bytes in 1 blocks are still reachable in loss record 6 of 14
==690233==    at 0x48BD858: malloc (vg_replace_malloc.c:447)
==690233==    by 0x405185D: xmalloc (xmalloc.c:45)
==690233==    by 0x405185D: xmemdup (xmalloc.c:314)
==690233==    by 0x405185D: xstrdup (xmalloc.c:339)
==690233==    by 0x402644F: assign_string (misc.c:58)
==690233==    by 0x401E21E: xheader_set_keyword_equal (xheader.c:210)
==690233==    by 0x401E21E: xheader_set_option (xheader.c:238)
==690233==    by 0x40307EC: parse_opt (tar.c:1980)
==690233==    by 0x40421C3: group_parse (argp-parse.c:233)
==690233==    by 0x40421C3: parser_parse_opt (argp-parse.c:748)
==690233==    by 0x40421C3: parser_parse_next (argp-parse.c:859)
==690233==    by 0x40421C3: argp_parse (argp-parse.c:927)
==690233==    by 0x400C045: decode_options (tar.c:2380)
==690233==    by 0x400C045: main (tar.c:2792)
==690233== 
==690233== 40 bytes in 1 blocks are still reachable in loss record 7 of 14
==690233==    at 0x48BD858: malloc (vg_replace_malloc.c:447)
==690233==    by 0x40512CC: xmalloc (xmalloc.c:45)
==690233==    by 0x401407E: file_count_links (create.c:1522)
==690233==    by 0x401407E: file_count_links (create.c:1508)
==690233==    by 0x4016A58: dump_file0 (create.c:1779)
==690233==    by 0x4015F1E: dump_file (create.c:1968)
==690233==    by 0x4017167: dump_dir0 (create.c:1227)
==690233==    by 0x4017167: dump_dir (create.c:1320)
==690233==    by 0x4017167: dump_file0 (create.c:1757)
==690233==    by 0x4017589: dump_file (create.c:1968)
==690233==    by 0x4017589: create_archive (create.c:1412)
==690233==    by 0x400CD90: main (tar.c:2818)
==690233== 
==690233== 48 bytes in 1 blocks are still reachable in loss record 8 of 14
==690233==    at 0x48C53C0: reallocarray (vg_replace_malloc.c:1806)
==690233==    by 0x40515C9: xreallocarray (xmalloc.c:84)
==690233==    by 0x40515C9: x2nrealloc (xmalloc.c:203)
==690233==    by 0x4027754: chdir_arg (misc.c:934)
==690233==    by 0x4028D4B: name_next_elt (names.c:1123)
==690233==    by 0x40298EC: name_next (names.c:1152)
==690233==    by 0x401750F: create_archive (create.c:1410)
==690233==    by 0x400CD90: main (tar.c:2818)
==690233== 
==690233== 48 bytes in 2 blocks are still reachable in loss record 9 of 14
==690233==    at 0x48BD858: malloc (vg_replace_malloc.c:447)
==690233==    by 0x40512CC: xmalloc (xmalloc.c:45)
==690233==    by 0x401E1D9: xheader_list_append (xheader.c:135)
==690233==    by 0x401E1D9: xheader_set_keyword_equal (xheader.c:207)
==690233==    by 0x401E1D9: xheader_set_option (xheader.c:238)
==690233==    by 0x40307EC: parse_opt (tar.c:1980)
==690233==    by 0x40421C3: group_parse (argp-parse.c:233)
==690233==    by 0x40421C3: parser_parse_opt (argp-parse.c:748)
==690233==    by 0x40421C3: parser_parse_next (argp-parse.c:859)
==690233==    by 0x40421C3: argp_parse (argp-parse.c:927)
==690233==    by 0x400C045: decode_options (tar.c:2380)
==690233==    by 0x400C045: main (tar.c:2792)
==690233== 
==690233== 80 bytes in 1 blocks are still reachable in loss record 10 of 14
==690233==    at 0x48BD858: malloc (vg_replace_malloc.c:447)
==690233==    by 0x40512CC: xmalloc (xmalloc.c:45)
==690233==    by 0x400BE43: main (tar.c:2781)
==690233== 
==690233== 80 bytes in 1 blocks are still reachable in loss record 11 of 14
==690233==    at 0x48BD858: malloc (vg_replace_malloc.c:447)
==690233==    by 0x4047846: hash_initialize (hash.c:523)
==690233==    by 0x401411B: file_count_links (create.c:1530)
==690233==    by 0x401411B: file_count_links (create.c:1508)
==690233==    by 0x4016A58: dump_file0 (create.c:1779)
==690233==    by 0x4015F1E: dump_file (create.c:1968)
==690233==    by 0x4017167: dump_dir0 (create.c:1227)
==690233==    by 0x4017167: dump_dir (create.c:1320)
==690233==    by 0x4017167: dump_file0 (create.c:1757)
==690233==    by 0x4017589: dump_file (create.c:1968)
==690233==    by 0x4017589: create_archive (create.c:1412)
==690233==    by 0x400CD90: main (tar.c:2818)
==690233== 
==690233== 102 bytes in 1 blocks are still reachable in loss record 12 of 14
==690233==    at 0x48BD858: malloc (vg_replace_malloc.c:447)
==690233==    by 0x40512CC: xmalloc (xmalloc.c:45)
==690233==    by 0x4029881: name_init (names.c:869)
==690233==    by 0x400C94C: main (tar.c:2794)
==690233== 
==690233== 176 bytes in 1 blocks are still reachable in loss record 13 of 14
==690233==    at 0x48C4E43: calloc (vg_replace_malloc.c:1678)
==690233==    by 0x404789C: hash_initialize (hash.c:544)
==690233==    by 0x401411B: file_count_links (create.c:1530)
==690233==    by 0x401411B: file_count_links (create.c:1508)
==690233==    by 0x4016A58: dump_file0 (create.c:1779)
==690233==    by 0x4015F1E: dump_file (create.c:1968)
==690233==    by 0x4017167: dump_dir0 (create.c:1227)
==690233==    by 0x4017167: dump_dir (create.c:1320)
==690233==    by 0x4017167: dump_file0 (create.c:1757)
==690233==    by 0x4017589: dump_file (create.c:1968)
==690233==    by 0x4017589: create_archive (create.c:1412)
==690233==    by 0x400CD90: main (tar.c:2818)
==690233== 
==690233== 4,064 bytes in 1 blocks are still reachable in loss record 14 of 14
==690233==    at 0x48BD858: malloc (vg_replace_malloc.c:447)
==690233==    by 0x40512CC: xmalloc (xmalloc.c:45)
==690233==    by 0x404A07D: call_chunkfun (obstack.c:88)
==690233==    by 0x404A07D: _obstack_begin_worker.isra.0 (obstack.c:135)
==690233==    by 0x404A0A8: _obstack_begin (obstack.c:157)
==690233==    by 0x4032C57: _transform_name_to_obstack (transform.c:592)
==690233==    by 0x4032C57: transform_name_fp (transform.c:614)
==690233==    by 0x4016444: dump_file0 (create.c:1657)
==690233==    by 0x4017589: dump_file (create.c:1968)
==690233==    by 0x4017589: create_archive (create.c:1412)
==690233==    by 0x400CD90: main (tar.c:2818)
==690233== 
==690233== LEAK SUMMARY:
==690233==    definitely lost: 0 bytes in 0 blocks
==690233==    indirectly lost: 0 bytes in 0 blocks
==690233==      possibly lost: 0 bytes in 0 blocks
==690233==    still reachable: 4,698 bytes in 16 blocks
==690233==         suppressed: 0 bytes in 0 blocks
==690233== 
==690233== For lists of detected and suppressed errors, rerun with: -s
==690233== ERROR SUMMARY: 1 errors from 1 contexts (suppressed: 0 from 0)
