==641639== Memcheck, a memory error detector
==641639== Copyright (C) 2002-2024, and GNU GPL'd, by Julian Seward et al.
==641639== Using Valgrind-3.26.0 and LibVEX; rerun with -h for copyright info
==641639== Command: tar cfl archive dir dir
==641639== Parent PID: 641356
==641639== 
==641639== 
==641639== FILE DESCRIPTORS: 1 open (1 inherited) at exit.
==641639== 
==641639== HEAP SUMMARY:
==641639==     in use at exit: 4,598 bytes in 8 blocks
==641639==   total heap usage: 64 allocs, 56 frees, 101,892 bytes allocated
==641639== 
==641639== 16 bytes in 1 blocks are still reachable in loss record 1 of 8
==641639==    at 0x5875E43: calloc (vg_replace_malloc.c:1678)
==641639==    by 0x469E501: rboxc_tar_xzalloc (in /root/rboxc/target/tar-map-probe-candidate/release/rboxc)
==641639==    by 0x4477AF5: single_binary_main_tar (in /root/rboxc/target/tar-map-probe-candidate/release/rboxc)
==641639==    by 0x5A18600: (below main) (libc_start_call_main.h:59)
==641639== 
==641639== 40 bytes in 1 blocks are still reachable in loss record 2 of 8
==641639==    at 0x586E858: malloc (vg_replace_malloc.c:447)
==641639==    by 0x469E0DC: rboxc_tar_xmalloc (in /root/rboxc/target/tar-map-probe-candidate/release/rboxc)
==641639==    by 0x4660EDE: file_count_links (in /root/rboxc/target/tar-map-probe-candidate/release/rboxc)
==641639==    by 0x4662D7E: rboxc_tar_dump_file (in /root/rboxc/target/tar-map-probe-candidate/release/rboxc)
==641639==    by 0x4663FC7: dump_file0 (in /root/rboxc/target/tar-map-probe-candidate/release/rboxc)
==641639==    by 0x46643E9: rboxc_tar_create_archive (in /root/rboxc/target/tar-map-probe-candidate/release/rboxc)
==641639==    by 0x4478AF8: single_binary_main_tar (in /root/rboxc/target/tar-map-probe-candidate/release/rboxc)
==641639==    by 0x5A18600: (below main) (libc_start_call_main.h:59)
==641639== 
==641639== 40 bytes in 1 blocks are still reachable in loss record 3 of 8
==641639==    at 0x586E858: malloc (vg_replace_malloc.c:447)
==641639==    by 0x469E0DC: rboxc_tar_xmalloc (in /root/rboxc/target/tar-map-probe-candidate/release/rboxc)
==641639==    by 0x4660EDE: file_count_links (in /root/rboxc/target/tar-map-probe-candidate/release/rboxc)
==641639==    by 0x46638B8: dump_file0 (in /root/rboxc/target/tar-map-probe-candidate/release/rboxc)
==641639==    by 0x4662D7E: rboxc_tar_dump_file (in /root/rboxc/target/tar-map-probe-candidate/release/rboxc)
==641639==    by 0x4663FC7: dump_file0 (in /root/rboxc/target/tar-map-probe-candidate/release/rboxc)
==641639==    by 0x46643E9: rboxc_tar_create_archive (in /root/rboxc/target/tar-map-probe-candidate/release/rboxc)
==641639==    by 0x4478AF8: single_binary_main_tar (in /root/rboxc/target/tar-map-probe-candidate/release/rboxc)
==641639==    by 0x5A18600: (below main) (libc_start_call_main.h:59)
==641639== 
==641639== 80 bytes in 1 blocks are still reachable in loss record 4 of 8
==641639==    at 0x586E858: malloc (vg_replace_malloc.c:447)
==641639==    by 0x469E0DC: rboxc_tar_xmalloc (in /root/rboxc/target/tar-map-probe-candidate/release/rboxc)
==641639==    by 0x4477A00: single_binary_main_tar (in /root/rboxc/target/tar-map-probe-candidate/release/rboxc)
==641639==    by 0x5A18600: (below main) (libc_start_call_main.h:59)
==641639== 
==641639== 80 bytes in 1 blocks are still reachable in loss record 5 of 8
==641639==    at 0x586E858: malloc (vg_replace_malloc.c:447)
==641639==    by 0x4693786: rboxc_tar_hash_initialize (in /root/rboxc/target/tar-map-probe-candidate/release/rboxc)
==641639==    by 0x4660F7B: file_count_links (in /root/rboxc/target/tar-map-probe-candidate/release/rboxc)
==641639==    by 0x4662D7E: rboxc_tar_dump_file (in /root/rboxc/target/tar-map-probe-candidate/release/rboxc)
==641639==    by 0x4663FC7: dump_file0 (in /root/rboxc/target/tar-map-probe-candidate/release/rboxc)
==641639==    by 0x46643E9: rboxc_tar_create_archive (in /root/rboxc/target/tar-map-probe-candidate/release/rboxc)
==641639==    by 0x4478AF8: single_binary_main_tar (in /root/rboxc/target/tar-map-probe-candidate/release/rboxc)
==641639==    by 0x5A18600: (below main) (libc_start_call_main.h:59)
==641639== 
==641639== 102 bytes in 1 blocks are still reachable in loss record 6 of 8
==641639==    at 0x586E858: malloc (vg_replace_malloc.c:447)
==641639==    by 0x469E0DC: rboxc_tar_xmalloc (in /root/rboxc/target/tar-map-probe-candidate/release/rboxc)
==641639==    by 0x46734A1: rboxc_tar_name_init (in /root/rboxc/target/tar-map-probe-candidate/release/rboxc)
==641639==    by 0x4478A7A: single_binary_main_tar (in /root/rboxc/target/tar-map-probe-candidate/release/rboxc)
==641639==    by 0x5A18600: (below main) (libc_start_call_main.h:59)
==641639== 
==641639== 176 bytes in 1 blocks are still reachable in loss record 7 of 8
==641639==    at 0x5875E43: calloc (vg_replace_malloc.c:1678)
==641639==    by 0x46937DC: rboxc_tar_hash_initialize (in /root/rboxc/target/tar-map-probe-candidate/release/rboxc)
==641639==    by 0x4660F7B: file_count_links (in /root/rboxc/target/tar-map-probe-candidate/release/rboxc)
==641639==    by 0x4662D7E: rboxc_tar_dump_file (in /root/rboxc/target/tar-map-probe-candidate/release/rboxc)
==641639==    by 0x4663FC7: dump_file0 (in /root/rboxc/target/tar-map-probe-candidate/release/rboxc)
==641639==    by 0x46643E9: rboxc_tar_create_archive (in /root/rboxc/target/tar-map-probe-candidate/release/rboxc)
==641639==    by 0x4478AF8: single_binary_main_tar (in /root/rboxc/target/tar-map-probe-candidate/release/rboxc)
==641639==    by 0x5A18600: (below main) (libc_start_call_main.h:59)
==641639== 
==641639== 4,064 bytes in 1 blocks are still reachable in loss record 8 of 8
==641639==    at 0x586E858: malloc (vg_replace_malloc.c:447)
==641639==    by 0x469E0DC: rboxc_tar_xmalloc (in /root/rboxc/target/tar-map-probe-candidate/release/rboxc)
==641639==    by 0x4695FFD: _obstack_begin_worker.isra.0 (in /root/rboxc/target/tar-map-probe-candidate/release/rboxc)
==641639==    by 0x4696028: rboxc_tar__obstack_begin (in /root/rboxc/target/tar-map-probe-candidate/release/rboxc)
==641639==    by 0x4679CD7: rboxc_tar_transform_name_fp (in /root/rboxc/target/tar-map-probe-candidate/release/rboxc)
==641639==    by 0x46632A4: dump_file0 (in /root/rboxc/target/tar-map-probe-candidate/release/rboxc)
==641639==    by 0x46643E9: rboxc_tar_create_archive (in /root/rboxc/target/tar-map-probe-candidate/release/rboxc)
==641639==    by 0x4478AF8: single_binary_main_tar (in /root/rboxc/target/tar-map-probe-candidate/release/rboxc)
==641639==    by 0x5A18600: (below main) (libc_start_call_main.h:59)
==641639== 
==641639== LEAK SUMMARY:
==641639==    definitely lost: 0 bytes in 0 blocks
==641639==    indirectly lost: 0 bytes in 0 blocks
==641639==      possibly lost: 0 bytes in 0 blocks
==641639==    still reachable: 4,598 bytes in 8 blocks
==641639==         suppressed: 0 bytes in 0 blocks
==641639== 
==641639== For lists of detected and suppressed errors, rerun with: -s
==641639== ERROR SUMMARY: 0 errors from 0 contexts (suppressed: 0 from 0)
