==706415== Memcheck, a memory error detector
==706415== Copyright (C) 2002-2024, and GNU GPL'd, by Julian Seward et al.
==706415== Using Valgrind-3.26.0 and LibVEX; rerun with -h for copyright info
==706415== Command: /tmp/rboxc-tar-behavior-4hgq15h9/exec/tar -df archive.tar -C tree
==706415== Parent PID: 705177
==706415== 
==706415== 
==706415== FILE DESCRIPTORS: 1 open (1 inherited) at exit.
==706415== 
==706415== HEAP SUMMARY:
==706415==     in use at exit: 4,411 bytes in 8 blocks
==706415==   total heap usage: 98 allocs, 90 frees, 66,610 bytes allocated
==706415== 
==706415== 5 bytes in 1 blocks are still reachable in loss record 1 of 8
==706415==    at 0x586E858: malloc (vg_replace_malloc.c:447)
==706415==    by 0x469E7ED: rboxc_tar_xstrdup (in /root/rboxc/target/tar-child-input-candidate/release/rboxc)
==706415==    by 0x467004F: rboxc_tar_assign_string (in /root/rboxc/target/tar-child-input-candidate/release/rboxc)
==706415==    by 0x467345C: rboxc_tar_uname_to_uid (in /root/rboxc/target/tar-child-input-candidate/release/rboxc)
==706415==    by 0x466E0BF: rboxc_tar_decode_header (in /root/rboxc/target/tar-child-input-candidate/release/rboxc)
==706415==    by 0x466F156: rboxc_tar_read_and (in /root/rboxc/target/tar-child-input-candidate/release/rboxc)
==706415==    by 0x440EF63: single_binary_main_tar (in /root/rboxc/target/tar-child-input-candidate/release/rboxc)
==706415==    by 0x5A18600: (below main) (libc_start_call_main.h:59)
==706415== 
==706415== 5 bytes in 1 blocks are still reachable in loss record 2 of 8
==706415==    at 0x586E858: malloc (vg_replace_malloc.c:447)
==706415==    by 0x469E7ED: rboxc_tar_xstrdup (in /root/rboxc/target/tar-child-input-candidate/release/rboxc)
==706415==    by 0x467004F: rboxc_tar_assign_string (in /root/rboxc/target/tar-child-input-candidate/release/rboxc)
==706415==    by 0x46734FC: rboxc_tar_gname_to_gid (in /root/rboxc/target/tar-child-input-candidate/release/rboxc)
==706415==    by 0x466E09F: rboxc_tar_decode_header (in /root/rboxc/target/tar-child-input-candidate/release/rboxc)
==706415==    by 0x466F156: rboxc_tar_read_and (in /root/rboxc/target/tar-child-input-candidate/release/rboxc)
==706415==    by 0x440EF63: single_binary_main_tar (in /root/rboxc/target/tar-child-input-candidate/release/rboxc)
==706415==    by 0x5A18600: (below main) (libc_start_call_main.h:59)
==706415== 
==706415== 11 bytes in 1 blocks are still reachable in loss record 3 of 8
==706415==    at 0x586E858: malloc (vg_replace_malloc.c:447)
==706415==    by 0x469E29C: rboxc_tar_xcharalloc (in /root/rboxc/target/tar-child-input-candidate/release/rboxc)
==706415==    by 0x469B338: quotearg_n_options (in /root/rboxc/target/tar-child-input-candidate/release/rboxc)
==706415==    by 0x469BC0D: rboxc_tar_quotearg_n_style_colon (in /root/rboxc/target/tar-child-input-candidate/release/rboxc)
==706415==    by 0x465F58B: rboxc_tar_report_difference (in /root/rboxc/target/tar-child-input-candidate/release/rboxc)
==706415==    by 0x466025B: rboxc_tar_diff_archive (in /root/rboxc/target/tar-child-input-candidate/release/rboxc)
==706415==    by 0x466F392: rboxc_tar_read_and (in /root/rboxc/target/tar-child-input-candidate/release/rboxc)
==706415==    by 0x440EF63: single_binary_main_tar (in /root/rboxc/target/tar-child-input-candidate/release/rboxc)
==706415==    by 0x5A18600: (below main) (libc_start_call_main.h:59)
==706415== 
==706415== 16 bytes in 1 blocks are still reachable in loss record 4 of 8
==706415==    at 0x5875E43: calloc (vg_replace_malloc.c:1678)
==706415==    by 0x469E681: rboxc_tar_xzalloc (in /root/rboxc/target/tar-child-input-candidate/release/rboxc)
==706415==    by 0x440DEF5: single_binary_main_tar (in /root/rboxc/target/tar-child-input-candidate/release/rboxc)
==706415==    by 0x5A18600: (below main) (libc_start_call_main.h:59)
==706415== 
==706415== 80 bytes in 1 blocks are still reachable in loss record 5 of 8
==706415==    at 0x586E858: malloc (vg_replace_malloc.c:447)
==706415==    by 0x469E25C: rboxc_tar_xmalloc (in /root/rboxc/target/tar-child-input-candidate/release/rboxc)
==706415==    by 0x440DE00: single_binary_main_tar (in /root/rboxc/target/tar-child-input-candidate/release/rboxc)
==706415==    by 0x5A18600: (below main) (libc_start_call_main.h:59)
==706415== 
==706415== 102 bytes in 1 blocks are still reachable in loss record 6 of 8
==706415==    at 0x586E858: malloc (vg_replace_malloc.c:447)
==706415==    by 0x469E25C: rboxc_tar_xmalloc (in /root/rboxc/target/tar-child-input-candidate/release/rboxc)
==706415==    by 0x46735A1: rboxc_tar_name_init (in /root/rboxc/target/tar-child-input-candidate/release/rboxc)
==706415==    by 0x440EE7A: single_binary_main_tar (in /root/rboxc/target/tar-child-input-candidate/release/rboxc)
==706415==    by 0x5A18600: (below main) (libc_start_call_main.h:59)
==706415== 
==706415== 128 bytes in 1 blocks are still reachable in loss record 7 of 8
==706415==    at 0x587607F: realloc (vg_replace_malloc.c:1804)
==706415==    by 0x469E600: rboxc_tar_xpalloc (in /root/rboxc/target/tar-child-input-candidate/release/rboxc)
==706415==    by 0x469B3B6: quotearg_n_options (in /root/rboxc/target/tar-child-input-candidate/release/rboxc)
==706415==    by 0x469BC0D: rboxc_tar_quotearg_n_style_colon (in /root/rboxc/target/tar-child-input-candidate/release/rboxc)
==706415==    by 0x465F58B: rboxc_tar_report_difference (in /root/rboxc/target/tar-child-input-candidate/release/rboxc)
==706415==    by 0x466025B: rboxc_tar_diff_archive (in /root/rboxc/target/tar-child-input-candidate/release/rboxc)
==706415==    by 0x466F392: rboxc_tar_read_and (in /root/rboxc/target/tar-child-input-candidate/release/rboxc)
==706415==    by 0x440EF63: single_binary_main_tar (in /root/rboxc/target/tar-child-input-candidate/release/rboxc)
==706415==    by 0x5A18600: (below main) (libc_start_call_main.h:59)
==706415== 
==706415== 4,064 bytes in 1 blocks are still reachable in loss record 8 of 8
==706415==    at 0x586E858: malloc (vg_replace_malloc.c:447)
==706415==    by 0x469E25C: rboxc_tar_xmalloc (in /root/rboxc/target/tar-child-input-candidate/release/rboxc)
==706415==    by 0x469617D: _obstack_begin_worker.isra.0 (in /root/rboxc/target/tar-child-input-candidate/release/rboxc)
==706415==    by 0x46961A8: rboxc_tar__obstack_begin (in /root/rboxc/target/tar-child-input-candidate/release/rboxc)
==706415==    by 0x4679E77: rboxc_tar_transform_name_fp (in /root/rboxc/target/tar-child-input-candidate/release/rboxc)
==706415==    by 0x466D1B0: transform_stat_info.part.0 (in /root/rboxc/target/tar-child-input-candidate/release/rboxc)
==706415==    by 0x466F390: rboxc_tar_read_and (in /root/rboxc/target/tar-child-input-candidate/release/rboxc)
==706415==    by 0x440EF63: single_binary_main_tar (in /root/rboxc/target/tar-child-input-candidate/release/rboxc)
==706415==    by 0x5A18600: (below main) (libc_start_call_main.h:59)
==706415== 
==706415== LEAK SUMMARY:
==706415==    definitely lost: 0 bytes in 0 blocks
==706415==    indirectly lost: 0 bytes in 0 blocks
==706415==      possibly lost: 0 bytes in 0 blocks
==706415==    still reachable: 4,411 bytes in 8 blocks
==706415==         suppressed: 0 bytes in 0 blocks
==706415== 
==706415== For lists of detected and suppressed errors, rerun with: -s
==706415== ERROR SUMMARY: 0 errors from 0 contexts (suppressed: 0 from 0)
