==729656== Memcheck, a memory error detector
==729656== Copyright (C) 2002-2024, and GNU GPL'd, by Julian Seward et al.
==729656== Using Valgrind-3.26.0 and LibVEX; rerun with -h for copyright info
==729656== Command: /bin/sh -c echo\ \ S\ \ M\ Tu\ \ W\ Th\ \ F\ \ S\ |\ sed\ "s/[0-9]/./g"
==729656== Parent PID: 729655
==729656== 
==729656== 
==729656== FILE DESCRIPTORS: 3 open (2 inherited) at exit.
==729656== Open file descriptor 1:
==729656==    at 0x49BCE8B: dup2 (dup2.c:29)
==729656==    by 0x401313D: ??? (in /usr/bin/dash)
==729656==    by 0x400BCE7: ??? (in /usr/bin/dash)
==729656==    by 0x40120F8: ??? (in /usr/bin/dash)
==729656==    by 0x4004DA0: ??? (in /usr/bin/dash)
==729656==    by 0x48C4600: (below main) (libc_start_call_main.h:59)
==729656== 
==729656== 
==729656== HEAP SUMMARY:
==729656==     in use at exit: 9,732 bytes in 30 blocks
==729656==   total heap usage: 33 allocs, 3 frees, 9,916 bytes allocated
==729656== 
==729656== 28 bytes in 1 blocks are still reachable in loss record 1 of 8
==729656==    at 0x486E858: malloc (vg_replace_malloc.c:447)
==729656==    by 0x40083FA: ??? (in /usr/bin/dash)
==729656==    by 0x4012D83: ??? (in /usr/bin/dash)
==729656==    by 0x40130E0: ??? (in /usr/bin/dash)
==729656==    by 0x400BCE7: ??? (in /usr/bin/dash)
==729656==    by 0x40120F8: ??? (in /usr/bin/dash)
==729656==    by 0x4004DA0: ??? (in /usr/bin/dash)
==729656==    by 0x48C4600: (below main) (libc_start_call_main.h:59)
==729656== 
==729656== 32 bytes in 1 blocks are still reachable in loss record 2 of 8
==729656==    at 0x486E858: malloc (vg_replace_malloc.c:447)
==729656==    by 0x4017AB2: ??? (in /usr/bin/dash)
==729656==    by 0x40186D4: ??? (in /usr/bin/dash)
==729656==    by 0x4004BC6: ??? (in /usr/bin/dash)
==729656==    by 0x48C4600: (below main) (libc_start_call_main.h:59)
==729656== 
==729656== 34 bytes in 1 blocks are still reachable in loss record 3 of 8
==729656==    at 0x486E858: malloc (vg_replace_malloc.c:447)
==729656==    by 0x495596E: strdup (strdup.c:42)
==729656==    by 0x40081DF: ??? (in /usr/bin/dash)
==729656==    by 0x40186F9: ??? (in /usr/bin/dash)
==729656==    by 0x4004BC6: ??? (in /usr/bin/dash)
==729656==    by 0x48C4600: (below main) (libc_start_call_main.h:59)
==729656== 
==729656== 38 bytes in 1 blocks are still reachable in loss record 4 of 8
==729656==    at 0x486E858: malloc (vg_replace_malloc.c:447)
==729656==    by 0x4017C53: ??? (in /usr/bin/dash)
==729656==    by 0x40186F9: ??? (in /usr/bin/dash)
==729656==    by 0x4004BC6: ??? (in /usr/bin/dash)
==729656==    by 0x48C4600: (below main) (libc_start_call_main.h:59)
==729656== 
==729656== 160 bytes in 1 blocks are still reachable in loss record 5 of 8
==729656==    at 0x487607F: realloc (vg_replace_malloc.c:1804)
==729656==    by 0x40074DC: ??? (in /usr/bin/dash)
==729656==    by 0x4012F76: ??? (in /usr/bin/dash)
==729656==    by 0x400BCE7: ??? (in /usr/bin/dash)
==729656==    by 0x40120F8: ??? (in /usr/bin/dash)
==729656==    by 0x4004DA0: ??? (in /usr/bin/dash)
==729656==    by 0x48C4600: (below main) (libc_start_call_main.h:59)
==729656== 
==729656== 512 bytes in 1 blocks are still reachable in loss record 6 of 8
==729656==    at 0x486E858: malloc (vg_replace_malloc.c:447)
==729656==    by 0x4008AD4: ??? (in /usr/bin/dash)
==729656==    by 0x4009688: ??? (in /usr/bin/dash)
==729656==    by 0x400FC23: ??? (in /usr/bin/dash)
==729656==    by 0x40112D2: ??? (in /usr/bin/dash)
==729656==    by 0x4011630: ??? (in /usr/bin/dash)
==729656==    by 0x4011DEE: ??? (in /usr/bin/dash)
==729656==    by 0x4011E85: ??? (in /usr/bin/dash)
==729656==    by 0x401214D: ??? (in /usr/bin/dash)
==729656==    by 0x4004DA0: ??? (in /usr/bin/dash)
==729656==    by 0x48C4600: (below main) (libc_start_call_main.h:59)
==729656== 
==729656== 736 bytes in 23 blocks are still reachable in loss record 7 of 8
==729656==    at 0x486E858: malloc (vg_replace_malloc.c:447)
==729656==    by 0x4017AB2: ??? (in /usr/bin/dash)
==729656==    by 0x4018670: ??? (in /usr/bin/dash)
==729656==    by 0x4004BC6: ??? (in /usr/bin/dash)
==729656==    by 0x48C4600: (below main) (libc_start_call_main.h:59)
==729656== 
==729656== 8,192 bytes in 1 blocks are still reachable in loss record 8 of 8
==729656==    at 0x487607F: realloc (vg_replace_malloc.c:1804)
==729656==    by 0x40168C6: ??? (in /usr/bin/dash)
==729656==    by 0x4016B3F: ??? (in /usr/bin/dash)
==729656==    by 0x4016C8C: ??? (in /usr/bin/dash)
==729656==    by 0x4012281: ??? (in /usr/bin/dash)
==729656==    by 0x40141BA: ??? (in /usr/bin/dash)
==729656==    by 0x400BCE7: ??? (in /usr/bin/dash)
==729656==    by 0x401304C: ??? (in /usr/bin/dash)
==729656==    by 0x400BCE7: ??? (in /usr/bin/dash)
==729656==    by 0x40120F8: ??? (in /usr/bin/dash)
==729656==    by 0x4004DA0: ??? (in /usr/bin/dash)
==729656==    by 0x48C4600: (below main) (libc_start_call_main.h:59)
==729656== 
==729656== LEAK SUMMARY:
==729656==    definitely lost: 0 bytes in 0 blocks
==729656==    indirectly lost: 0 bytes in 0 blocks
==729656==      possibly lost: 0 bytes in 0 blocks
==729656==    still reachable: 9,732 bytes in 30 blocks
==729656==         suppressed: 0 bytes in 0 blocks
==729656== 
==729656== For lists of detected and suppressed errors, rerun with: -s
==729656== ERROR SUMMARY: 1 errors from 1 contexts (suppressed: 0 from 0)
