==729671== Memcheck, a memory error detector
==729671== Copyright (C) 2002-2024, and GNU GPL'd, by Julian Seward et al.
==729671== Using Valgrind-3.26.0 and LibVEX; rerun with -h for copyright info
==729671== Command: /bin/sh -c echo\ 26\ 27\ 28\ 29\ 30\ 31\ |\ sed\ "s/[0-9]/./g"
==729671== Parent PID: 729649
==729671== 
==729671== File descriptor -1 Invalid file descriptor
==729671==    at 0x49BCD61: close (close.c:27)
==729671==    by 0x4013080: ??? (in /usr/bin/dash)
==729671==    by 0x400BCE7: ??? (in /usr/bin/dash)
==729671==    by 0x40120F8: ??? (in /usr/bin/dash)
==729671==    by 0x4004DA0: ??? (in /usr/bin/dash)
==729671==    by 0x48C4600: (below main) (libc_start_call_main.h:59)
==729671== 
==729671== FILE DESCRIPTORS: 3 open (3 inherited) at exit.
==729671== 
==729671== HEAP SUMMARY:
==729671==     in use at exit: 1,055 bytes in 29 blocks
==729671==   total heap usage: 32 allocs, 3 frees, 1,735 bytes allocated
==729671== 
==729671== 27 bytes in 1 blocks are still reachable in loss record 1 of 7
==729671==    at 0x486E858: malloc (vg_replace_malloc.c:447)
==729671==    by 0x40083FA: ??? (in /usr/bin/dash)
==729671==    by 0x4012E0A: ??? (in /usr/bin/dash)
==729671==    by 0x40130E0: ??? (in /usr/bin/dash)
==729671==    by 0x400BCE7: ??? (in /usr/bin/dash)
==729671==    by 0x40120F8: ??? (in /usr/bin/dash)
==729671==    by 0x4004DA0: ??? (in /usr/bin/dash)
==729671==    by 0x48C4600: (below main) (libc_start_call_main.h:59)
==729671== 
==729671== 28 bytes in 1 blocks are still reachable in loss record 2 of 7
==729671==    at 0x486E858: malloc (vg_replace_malloc.c:447)
==729671==    by 0x40083FA: ??? (in /usr/bin/dash)
==729671==    by 0x4012D83: ??? (in /usr/bin/dash)
==729671==    by 0x40130E0: ??? (in /usr/bin/dash)
==729671==    by 0x400BCE7: ??? (in /usr/bin/dash)
==729671==    by 0x40120F8: ??? (in /usr/bin/dash)
==729671==    by 0x4004DA0: ??? (in /usr/bin/dash)
==729671==    by 0x48C4600: (below main) (libc_start_call_main.h:59)
==729671== 
==729671== 32 bytes in 1 blocks are still reachable in loss record 3 of 7
==729671==    at 0x486E858: malloc (vg_replace_malloc.c:447)
==729671==    by 0x4017AB2: ??? (in /usr/bin/dash)
==729671==    by 0x40186D4: ??? (in /usr/bin/dash)
==729671==    by 0x4004BC6: ??? (in /usr/bin/dash)
==729671==    by 0x48C4600: (below main) (libc_start_call_main.h:59)
==729671== 
==729671== 34 bytes in 1 blocks are still reachable in loss record 4 of 7
==729671==    at 0x486E858: malloc (vg_replace_malloc.c:447)
==729671==    by 0x495596E: strdup (strdup.c:42)
==729671==    by 0x40081DF: ??? (in /usr/bin/dash)
==729671==    by 0x40186F9: ??? (in /usr/bin/dash)
==729671==    by 0x4004BC6: ??? (in /usr/bin/dash)
==729671==    by 0x48C4600: (below main) (libc_start_call_main.h:59)
==729671== 
==729671== 38 bytes in 1 blocks are still reachable in loss record 5 of 7
==729671==    at 0x486E858: malloc (vg_replace_malloc.c:447)
==729671==    by 0x4017C53: ??? (in /usr/bin/dash)
==729671==    by 0x40186F9: ??? (in /usr/bin/dash)
==729671==    by 0x4004BC6: ??? (in /usr/bin/dash)
==729671==    by 0x48C4600: (below main) (libc_start_call_main.h:59)
==729671== 
==729671== 160 bytes in 1 blocks are still reachable in loss record 6 of 7
==729671==    at 0x487607F: realloc (vg_replace_malloc.c:1804)
==729671==    by 0x40074DC: ??? (in /usr/bin/dash)
==729671==    by 0x4012F76: ??? (in /usr/bin/dash)
==729671==    by 0x400BCE7: ??? (in /usr/bin/dash)
==729671==    by 0x40120F8: ??? (in /usr/bin/dash)
==729671==    by 0x4004DA0: ??? (in /usr/bin/dash)
==729671==    by 0x48C4600: (below main) (libc_start_call_main.h:59)
==729671== 
==729671== 736 bytes in 23 blocks are still reachable in loss record 7 of 7
==729671==    at 0x486E858: malloc (vg_replace_malloc.c:447)
==729671==    by 0x4017AB2: ??? (in /usr/bin/dash)
==729671==    by 0x4018670: ??? (in /usr/bin/dash)
==729671==    by 0x4004BC6: ??? (in /usr/bin/dash)
==729671==    by 0x48C4600: (below main) (libc_start_call_main.h:59)
==729671== 
==729671== LEAK SUMMARY:
==729671==    definitely lost: 0 bytes in 0 blocks
==729671==    indirectly lost: 0 bytes in 0 blocks
==729671==      possibly lost: 0 bytes in 0 blocks
==729671==    still reachable: 1,055 bytes in 29 blocks
==729671==         suppressed: 0 bytes in 0 blocks
==729671== 
==729671== For lists of detected and suppressed errors, rerun with: -s
==729671== ERROR SUMMARY: 1 errors from 1 contexts (suppressed: 0 from 0)
