==729653== Memcheck, a memory error detector
==729653== Copyright (C) 2002-2024, and GNU GPL'd, by Julian Seward et al.
==729653== Using Valgrind-3.26.0 and LibVEX; rerun with -h for copyright info
==729653== Command: /bin/sh -c echo\ \ \ \ January\ 1997\ |\ sed\ "s/[0-9]/./g"
==729653== Parent PID: 729652
==729653== 
==729653== 
==729653== FILE DESCRIPTORS: 3 open (2 inherited) at exit.
==729653== Open file descriptor 1:
==729653==    at 0x49BCE8B: dup2 (dup2.c:29)
==729653==    by 0x401313D: ??? (in /usr/bin/dash)
==729653==    by 0x400BCE7: ??? (in /usr/bin/dash)
==729653==    by 0x40120F8: ??? (in /usr/bin/dash)
==729653==    by 0x4004DA0: ??? (in /usr/bin/dash)
==729653==    by 0x48C4600: (below main) (libc_start_call_main.h:59)
==729653== 
==729653== 
==729653== HEAP SUMMARY:
==729653==     in use at exit: 9,220 bytes in 29 blocks
==729653==   total heap usage: 32 allocs, 3 frees, 9,404 bytes allocated
==729653== 
==729653== 28 bytes in 1 blocks are still reachable in loss record 1 of 7
==729653==    at 0x486E858: malloc (vg_replace_malloc.c:447)
==729653==    by 0x40083FA: ??? (in /usr/bin/dash)
==729653==    by 0x4012D83: ??? (in /usr/bin/dash)
==729653==    by 0x40130E0: ??? (in /usr/bin/dash)
==729653==    by 0x400BCE7: ??? (in /usr/bin/dash)
==729653==    by 0x40120F8: ??? (in /usr/bin/dash)
==729653==    by 0x4004DA0: ??? (in /usr/bin/dash)
==729653==    by 0x48C4600: (below main) (libc_start_call_main.h:59)
==729653== 
==729653== 32 bytes in 1 blocks are still reachable in loss record 2 of 7
==729653==    at 0x486E858: malloc (vg_replace_malloc.c:447)
==729653==    by 0x4017AB2: ??? (in /usr/bin/dash)
==729653==    by 0x40186D4: ??? (in /usr/bin/dash)
==729653==    by 0x4004BC6: ??? (in /usr/bin/dash)
==729653==    by 0x48C4600: (below main) (libc_start_call_main.h:59)
==729653== 
==729653== 34 bytes in 1 blocks are still reachable in loss record 3 of 7
==729653==    at 0x486E858: malloc (vg_replace_malloc.c:447)
==729653==    by 0x495596E: strdup (strdup.c:42)
==729653==    by 0x40081DF: ??? (in /usr/bin/dash)
==729653==    by 0x40186F9: ??? (in /usr/bin/dash)
==729653==    by 0x4004BC6: ??? (in /usr/bin/dash)
==729653==    by 0x48C4600: (below main) (libc_start_call_main.h:59)
==729653== 
==729653== 38 bytes in 1 blocks are still reachable in loss record 4 of 7
==729653==    at 0x486E858: malloc (vg_replace_malloc.c:447)
==729653==    by 0x4017C53: ??? (in /usr/bin/dash)
==729653==    by 0x40186F9: ??? (in /usr/bin/dash)
==729653==    by 0x4004BC6: ??? (in /usr/bin/dash)
==729653==    by 0x48C4600: (below main) (libc_start_call_main.h:59)
==729653== 
==729653== 160 bytes in 1 blocks are still reachable in loss record 5 of 7
==729653==    at 0x487607F: realloc (vg_replace_malloc.c:1804)
==729653==    by 0x40074DC: ??? (in /usr/bin/dash)
==729653==    by 0x4012F76: ??? (in /usr/bin/dash)
==729653==    by 0x400BCE7: ??? (in /usr/bin/dash)
==729653==    by 0x40120F8: ??? (in /usr/bin/dash)
==729653==    by 0x4004DA0: ??? (in /usr/bin/dash)
==729653==    by 0x48C4600: (below main) (libc_start_call_main.h:59)
==729653== 
==729653== 736 bytes in 23 blocks are still reachable in loss record 6 of 7
==729653==    at 0x486E858: malloc (vg_replace_malloc.c:447)
==729653==    by 0x4017AB2: ??? (in /usr/bin/dash)
==729653==    by 0x4018670: ??? (in /usr/bin/dash)
==729653==    by 0x4004BC6: ??? (in /usr/bin/dash)
==729653==    by 0x48C4600: (below main) (libc_start_call_main.h:59)
==729653== 
==729653== 8,192 bytes in 1 blocks are still reachable in loss record 7 of 7
==729653==    at 0x487607F: realloc (vg_replace_malloc.c:1804)
==729653==    by 0x40168C6: ??? (in /usr/bin/dash)
==729653==    by 0x4016B3F: ??? (in /usr/bin/dash)
==729653==    by 0x4016C8C: ??? (in /usr/bin/dash)
==729653==    by 0x4012281: ??? (in /usr/bin/dash)
==729653==    by 0x40141BA: ??? (in /usr/bin/dash)
==729653==    by 0x400BCE7: ??? (in /usr/bin/dash)
==729653==    by 0x401304C: ??? (in /usr/bin/dash)
==729653==    by 0x400BCE7: ??? (in /usr/bin/dash)
==729653==    by 0x40120F8: ??? (in /usr/bin/dash)
==729653==    by 0x4004DA0: ??? (in /usr/bin/dash)
==729653==    by 0x48C4600: (below main) (libc_start_call_main.h:59)
==729653== 
==729653== LEAK SUMMARY:
==729653==    definitely lost: 0 bytes in 0 blocks
==729653==    indirectly lost: 0 bytes in 0 blocks
==729653==      possibly lost: 0 bytes in 0 blocks
==729653==    still reachable: 9,220 bytes in 29 blocks
==729653==         suppressed: 0 bytes in 0 blocks
==729653== 
==729653== For lists of detected and suppressed errors, rerun with: -s
==729653== ERROR SUMMARY: 1 errors from 1 contexts (suppressed: 0 from 0)
