==729662== Memcheck, a memory error detector
==729662== Copyright (C) 2002-2024, and GNU GPL'd, by Julian Seward et al.
==729662== Using Valgrind-3.26.0 and LibVEX; rerun with -h for copyright info
==729662== Command: /bin/sh -c echo\ \ 5\ \ 6\ \ 7\ \ 8\ \ 9\ 10\ 11\ |\ sed\ "s/[0-9]/./g"
==729662== Parent PID: 729649
==729662== 
==729662== File descriptor -1 Invalid file descriptor
==729662==    at 0x49BCD61: close (close.c:27)
==729662==    by 0x4013080: ??? (in /usr/bin/dash)
==729662==    by 0x400BCE7: ??? (in /usr/bin/dash)
==729662==    by 0x40120F8: ??? (in /usr/bin/dash)
==729662==    by 0x4004DA0: ??? (in /usr/bin/dash)
==729662==    by 0x48C4600: (below main) (libc_start_call_main.h:59)
==729662== 
==729662== FILE DESCRIPTORS: 3 open (3 inherited) at exit.
==729662== 
==729662== HEAP SUMMARY:
==729662==     in use at exit: 1,055 bytes in 29 blocks
==729662==   total heap usage: 32 allocs, 3 frees, 1,735 bytes allocated
==729662== 
==729662== 27 bytes in 1 blocks are still reachable in loss record 1 of 7
==729662==    at 0x486E858: malloc (vg_replace_malloc.c:447)
==729662==    by 0x40083FA: ??? (in /usr/bin/dash)
==729662==    by 0x4012E0A: ??? (in /usr/bin/dash)
==729662==    by 0x40130E0: ??? (in /usr/bin/dash)
==729662==    by 0x400BCE7: ??? (in /usr/bin/dash)
==729662==    by 0x40120F8: ??? (in /usr/bin/dash)
==729662==    by 0x4004DA0: ??? (in /usr/bin/dash)
==729662==    by 0x48C4600: (below main) (libc_start_call_main.h:59)
==729662== 
==729662== 28 bytes in 1 blocks are still reachable in loss record 2 of 7
==729662==    at 0x486E858: malloc (vg_replace_malloc.c:447)
==729662==    by 0x40083FA: ??? (in /usr/bin/dash)
==729662==    by 0x4012D83: ??? (in /usr/bin/dash)
==729662==    by 0x40130E0: ??? (in /usr/bin/dash)
==729662==    by 0x400BCE7: ??? (in /usr/bin/dash)
==729662==    by 0x40120F8: ??? (in /usr/bin/dash)
==729662==    by 0x4004DA0: ??? (in /usr/bin/dash)
==729662==    by 0x48C4600: (below main) (libc_start_call_main.h:59)
==729662== 
==729662== 32 bytes in 1 blocks are still reachable in loss record 3 of 7
==729662==    at 0x486E858: malloc (vg_replace_malloc.c:447)
==729662==    by 0x4017AB2: ??? (in /usr/bin/dash)
==729662==    by 0x40186D4: ??? (in /usr/bin/dash)
==729662==    by 0x4004BC6: ??? (in /usr/bin/dash)
==729662==    by 0x48C4600: (below main) (libc_start_call_main.h:59)
==729662== 
==729662== 34 bytes in 1 blocks are still reachable in loss record 4 of 7
==729662==    at 0x486E858: malloc (vg_replace_malloc.c:447)
==729662==    by 0x495596E: strdup (strdup.c:42)
==729662==    by 0x40081DF: ??? (in /usr/bin/dash)
==729662==    by 0x40186F9: ??? (in /usr/bin/dash)
==729662==    by 0x4004BC6: ??? (in /usr/bin/dash)
==729662==    by 0x48C4600: (below main) (libc_start_call_main.h:59)
==729662== 
==729662== 38 bytes in 1 blocks are still reachable in loss record 5 of 7
==729662==    at 0x486E858: malloc (vg_replace_malloc.c:447)
==729662==    by 0x4017C53: ??? (in /usr/bin/dash)
==729662==    by 0x40186F9: ??? (in /usr/bin/dash)
==729662==    by 0x4004BC6: ??? (in /usr/bin/dash)
==729662==    by 0x48C4600: (below main) (libc_start_call_main.h:59)
==729662== 
==729662== 160 bytes in 1 blocks are still reachable in loss record 6 of 7
==729662==    at 0x487607F: realloc (vg_replace_malloc.c:1804)
==729662==    by 0x40074DC: ??? (in /usr/bin/dash)
==729662==    by 0x4012F76: ??? (in /usr/bin/dash)
==729662==    by 0x400BCE7: ??? (in /usr/bin/dash)
==729662==    by 0x40120F8: ??? (in /usr/bin/dash)
==729662==    by 0x4004DA0: ??? (in /usr/bin/dash)
==729662==    by 0x48C4600: (below main) (libc_start_call_main.h:59)
==729662== 
==729662== 736 bytes in 23 blocks are still reachable in loss record 7 of 7
==729662==    at 0x486E858: malloc (vg_replace_malloc.c:447)
==729662==    by 0x4017AB2: ??? (in /usr/bin/dash)
==729662==    by 0x4018670: ??? (in /usr/bin/dash)
==729662==    by 0x4004BC6: ??? (in /usr/bin/dash)
==729662==    by 0x48C4600: (below main) (libc_start_call_main.h:59)
==729662== 
==729662== LEAK SUMMARY:
==729662==    definitely lost: 0 bytes in 0 blocks
==729662==    indirectly lost: 0 bytes in 0 blocks
==729662==      possibly lost: 0 bytes in 0 blocks
==729662==    still reachable: 1,055 bytes in 29 blocks
==729662==         suppressed: 0 bytes in 0 blocks
==729662== 
==729662== For lists of detected and suppressed errors, rerun with: -s
==729662== ERROR SUMMARY: 1 errors from 1 contexts (suppressed: 0 from 0)
