==729650== Memcheck, a memory error detector
==729650== Copyright (C) 2002-2024, and GNU GPL'd, by Julian Seward et al.
==729650== Using Valgrind-3.26.0 and LibVEX; rerun with -h for copyright info
==729650== Command: /bin/sh -c cat\ /opt/src/gawk-5.4.1/test/pipeio2.in
==729650== Parent PID: 729649
==729650== 
==729650== 
==729650== FILE DESCRIPTORS: 3 open (3 inherited) at exit.
==729650== 
==729650== HEAP SUMMARY:
==729650==     in use at exit: 1,027 bytes in 28 blocks
==729650==   total heap usage: 30 allocs, 2 frees, 1,179 bytes allocated
==729650== 
==729650== 27 bytes in 1 blocks are still reachable in loss record 1 of 6
==729650==    at 0x486E858: malloc (vg_replace_malloc.c:447)
==729650==    by 0x40083FA: ??? (in /usr/bin/dash)
==729650==    by 0x4012E0A: ??? (in /usr/bin/dash)
==729650==    by 0x4013FFF: ??? (in /usr/bin/dash)
==729650==    by 0x400BCE7: ??? (in /usr/bin/dash)
==729650==    by 0x40120F8: ??? (in /usr/bin/dash)
==729650==    by 0x4004DA0: ??? (in /usr/bin/dash)
==729650==    by 0x48C4600: (below main) (libc_start_call_main.h:59)
==729650== 
==729650== 32 bytes in 1 blocks are still reachable in loss record 2 of 6
==729650==    at 0x486E858: malloc (vg_replace_malloc.c:447)
==729650==    by 0x4017AB2: ??? (in /usr/bin/dash)
==729650==    by 0x40186D4: ??? (in /usr/bin/dash)
==729650==    by 0x4004BC6: ??? (in /usr/bin/dash)
==729650==    by 0x48C4600: (below main) (libc_start_call_main.h:59)
==729650== 
==729650== 34 bytes in 1 blocks are still reachable in loss record 3 of 6
==729650==    at 0x486E858: malloc (vg_replace_malloc.c:447)
==729650==    by 0x495596E: strdup (strdup.c:42)
==729650==    by 0x40081DF: ??? (in /usr/bin/dash)
==729650==    by 0x40186F9: ??? (in /usr/bin/dash)
==729650==    by 0x4004BC6: ??? (in /usr/bin/dash)
==729650==    by 0x48C4600: (below main) (libc_start_call_main.h:59)
==729650== 
==729650== 38 bytes in 1 blocks are still reachable in loss record 4 of 6
==729650==    at 0x486E858: malloc (vg_replace_malloc.c:447)
==729650==    by 0x4017C53: ??? (in /usr/bin/dash)
==729650==    by 0x40186F9: ??? (in /usr/bin/dash)
==729650==    by 0x4004BC6: ??? (in /usr/bin/dash)
==729650==    by 0x48C4600: (below main) (libc_start_call_main.h:59)
==729650== 
==729650== 160 bytes in 1 blocks are still reachable in loss record 5 of 6
==729650==    at 0x487607F: realloc (vg_replace_malloc.c:1804)
==729650==    by 0x40074DC: ??? (in /usr/bin/dash)
==729650==    by 0x400A64D: ??? (in /usr/bin/dash)
==729650==    by 0x4014058: ??? (in /usr/bin/dash)
==729650==    by 0x400BCE7: ??? (in /usr/bin/dash)
==729650==    by 0x40120F8: ??? (in /usr/bin/dash)
==729650==    by 0x4004DA0: ??? (in /usr/bin/dash)
==729650==    by 0x48C4600: (below main) (libc_start_call_main.h:59)
==729650== 
==729650== 736 bytes in 23 blocks are still reachable in loss record 6 of 6
==729650==    at 0x486E858: malloc (vg_replace_malloc.c:447)
==729650==    by 0x4017AB2: ??? (in /usr/bin/dash)
==729650==    by 0x4018670: ??? (in /usr/bin/dash)
==729650==    by 0x4004BC6: ??? (in /usr/bin/dash)
==729650==    by 0x48C4600: (below main) (libc_start_call_main.h:59)
==729650== 
==729650== LEAK SUMMARY:
==729650==    definitely lost: 0 bytes in 0 blocks
==729650==    indirectly lost: 0 bytes in 0 blocks
==729650==      possibly lost: 0 bytes in 0 blocks
==729650==    still reachable: 1,027 bytes in 28 blocks
==729650==         suppressed: 0 bytes in 0 blocks
==729650== 
==729650== For lists of detected and suppressed errors, rerun with: -s
==729650== ERROR SUMMARY: 0 errors from 0 contexts (suppressed: 0 from 0)
