==729659== Memcheck, a memory error detector
==729659== Copyright (C) 2002-2024, and GNU GPL'd, by Julian Seward et al.
==729659== Using Valgrind-3.26.0 and LibVEX; rerun with -h for copyright info
==729659== Command: /bin/sh -c echo\ \ \ \ \ \ \ \ \ \ \ 1\ \ 2\ \ 3\ \ 4\ |\ sed\ "s/[0-9]/./g"
==729659== Parent PID: 729649
==729659== 
==729659== File descriptor -1 Invalid file descriptor
==729659==    at 0x49BCD61: close (close.c:27)
==729659==    by 0x4013080: ??? (in /usr/bin/dash)
==729659==    by 0x400BCE7: ??? (in /usr/bin/dash)
==729659==    by 0x40120F8: ??? (in /usr/bin/dash)
==729659==    by 0x4004DA0: ??? (in /usr/bin/dash)
==729659==    by 0x48C4600: (below main) (libc_start_call_main.h:59)
==729659== 
==729659== FILE DESCRIPTORS: 3 open (3 inherited) at exit.
==729659== 
==729659== HEAP SUMMARY:
==729659==     in use at exit: 1,055 bytes in 29 blocks
==729659==   total heap usage: 31 allocs, 2 frees, 1,223 bytes allocated
==729659== 
==729659== 27 bytes in 1 blocks are still reachable in loss record 1 of 7
==729659==    at 0x486E858: malloc (vg_replace_malloc.c:447)
==729659==    by 0x40083FA: ??? (in /usr/bin/dash)
==729659==    by 0x4012E0A: ??? (in /usr/bin/dash)
==729659==    by 0x40130E0: ??? (in /usr/bin/dash)
==729659==    by 0x400BCE7: ??? (in /usr/bin/dash)
==729659==    by 0x40120F8: ??? (in /usr/bin/dash)
==729659==    by 0x4004DA0: ??? (in /usr/bin/dash)
==729659==    by 0x48C4600: (below main) (libc_start_call_main.h:59)
==729659== 
==729659== 28 bytes in 1 blocks are still reachable in loss record 2 of 7
==729659==    at 0x486E858: malloc (vg_replace_malloc.c:447)
==729659==    by 0x40083FA: ??? (in /usr/bin/dash)
==729659==    by 0x4012D83: ??? (in /usr/bin/dash)
==729659==    by 0x40130E0: ??? (in /usr/bin/dash)
==729659==    by 0x400BCE7: ??? (in /usr/bin/dash)
==729659==    by 0x40120F8: ??? (in /usr/bin/dash)
==729659==    by 0x4004DA0: ??? (in /usr/bin/dash)
==729659==    by 0x48C4600: (below main) (libc_start_call_main.h:59)
==729659== 
==729659== 32 bytes in 1 blocks are still reachable in loss record 3 of 7
==729659==    at 0x486E858: malloc (vg_replace_malloc.c:447)
==729659==    by 0x4017AB2: ??? (in /usr/bin/dash)
==729659==    by 0x40186D4: ??? (in /usr/bin/dash)
==729659==    by 0x4004BC6: ??? (in /usr/bin/dash)
==729659==    by 0x48C4600: (below main) (libc_start_call_main.h:59)
==729659== 
==729659== 34 bytes in 1 blocks are still reachable in loss record 4 of 7
==729659==    at 0x486E858: malloc (vg_replace_malloc.c:447)
==729659==    by 0x495596E: strdup (strdup.c:42)
==729659==    by 0x40081DF: ??? (in /usr/bin/dash)
==729659==    by 0x40186F9: ??? (in /usr/bin/dash)
==729659==    by 0x4004BC6: ??? (in /usr/bin/dash)
==729659==    by 0x48C4600: (below main) (libc_start_call_main.h:59)
==729659== 
==729659== 38 bytes in 1 blocks are still reachable in loss record 5 of 7
==729659==    at 0x486E858: malloc (vg_replace_malloc.c:447)
==729659==    by 0x4017C53: ??? (in /usr/bin/dash)
==729659==    by 0x40186F9: ??? (in /usr/bin/dash)
==729659==    by 0x4004BC6: ??? (in /usr/bin/dash)
==729659==    by 0x48C4600: (below main) (libc_start_call_main.h:59)
==729659== 
==729659== 160 bytes in 1 blocks are still reachable in loss record 6 of 7
==729659==    at 0x487607F: realloc (vg_replace_malloc.c:1804)
==729659==    by 0x40074DC: ??? (in /usr/bin/dash)
==729659==    by 0x4012F76: ??? (in /usr/bin/dash)
==729659==    by 0x400BCE7: ??? (in /usr/bin/dash)
==729659==    by 0x40120F8: ??? (in /usr/bin/dash)
==729659==    by 0x4004DA0: ??? (in /usr/bin/dash)
==729659==    by 0x48C4600: (below main) (libc_start_call_main.h:59)
==729659== 
==729659== 736 bytes in 23 blocks are still reachable in loss record 7 of 7
==729659==    at 0x486E858: malloc (vg_replace_malloc.c:447)
==729659==    by 0x4017AB2: ??? (in /usr/bin/dash)
==729659==    by 0x4018670: ??? (in /usr/bin/dash)
==729659==    by 0x4004BC6: ??? (in /usr/bin/dash)
==729659==    by 0x48C4600: (below main) (libc_start_call_main.h:59)
==729659== 
==729659== LEAK SUMMARY:
==729659==    definitely lost: 0 bytes in 0 blocks
==729659==    indirectly lost: 0 bytes in 0 blocks
==729659==      possibly lost: 0 bytes in 0 blocks
==729659==    still reachable: 1,055 bytes in 29 blocks
==729659==         suppressed: 0 bytes in 0 blocks
==729659== 
==729659== For lists of detected and suppressed errors, rerun with: -s
==729659== ERROR SUMMARY: 1 errors from 1 contexts (suppressed: 0 from 0)
