==672447== Memcheck, a memory error detector
==672447== Copyright (C) 2002-2024, and GNU GPL'd, by Julian Seward et al.
==672447== Using Valgrind-3.26.0 and LibVEX; rerun with -h for copyright info
==672447== Command: tar --version
==672447== Parent PID: 672147
==672447== 
==672447== 
==672447== FILE DESCRIPTORS: 4 open (4 inherited) at exit.
==672447== 
==672447== HEAP SUMMARY:
==672447==     in use at exit: 7,767 bytes in 3 blocks
==672447==   total heap usage: 15 allocs, 12 frees, 12,021 bytes allocated
==672447== 
==672447== 16 bytes in 1 blocks are still reachable in loss record 1 of 3
==672447==    at 0x48C4E43: calloc (vg_replace_malloc.c:1678)
==672447==    by 0x40516F1: xcalloc (xmalloc.c:298)
==672447==    by 0x40516F1: xzalloc (xmalloc.c:283)
==672447==    by 0x400BEF9: decode_options (tar.c:2297)
==672447==    by 0x400BEF9: main (tar.c:2792)
==672447== 
==672447== 80 bytes in 1 blocks are still reachable in loss record 2 of 3
==672447==    at 0x48BD858: malloc (vg_replace_malloc.c:447)
==672447==    by 0x40512CC: xmalloc (xmalloc.c:45)
==672447==    by 0x400BE43: main (tar.c:2781)
==672447== 
==672447== 7,671 bytes in 1 blocks are still reachable in loss record 3 of 3
==672447==    at 0x48BD858: malloc (vg_replace_malloc.c:447)
==672447==    by 0x4041854: parser_init (argp-parse.c:495)
==672447==    by 0x4041854: argp_parse (argp-parse.c:921)
==672447==    by 0x400C045: decode_options (tar.c:2380)
==672447==    by 0x400C045: main (tar.c:2792)
==672447== 
==672447== LEAK SUMMARY:
==672447==    definitely lost: 0 bytes in 0 blocks
==672447==    indirectly lost: 0 bytes in 0 blocks
==672447==      possibly lost: 0 bytes in 0 blocks
==672447==    still reachable: 7,767 bytes in 3 blocks
==672447==         suppressed: 0 bytes in 0 blocks
==672447== 
==672447== For lists of detected and suppressed errors, rerun with: -s
==672447== ERROR SUMMARY: 0 errors from 0 contexts (suppressed: 0 from 0)
