==719032== Memcheck, a memory error detector
==719032== Copyright (C) 2002-2024, and GNU GPL'd, by Julian Seward et al.
==719032== Using Valgrind-3.26.0 and LibVEX; rerun with -h for copyright info
==719032== Command: /tmp/rboxc-gawk-original-xnj8pcz0/deps/sort
==719032== Parent PID: 719000
==719032== 
==719032== 
==719032== FILE DESCRIPTORS: 0 open (0 inherited) at exit.
==719032== 
==719032== HEAP SUMMARY:
==719032==     in use at exit: 128 bytes in 1 blocks
==719032==   total heap usage: 25 allocs, 24 frees, 16,935,129 bytes allocated
==719032== 
==719032== 128 bytes in 1 blocks are still reachable in loss record 1 of 1
==719032==    at 0x4BF907F: realloc (vg_replace_malloc.c:1804)
==719032==    by 0x411C0A6: rpl_realloc (stdlib.h:2059)
==719032==    by 0x411C0A6: xrealloc (xmalloc.c:70)
==719032==    by 0x411C0A6: xpalloc (xmalloc.c:269)
==719032==    by 0x40A7BB6: add_temp_dir (sort.c:1347)
==719032==    by 0x40AE3A4: single_binary_main_sort (sort.c:4921)
==719032==    by 0x401A532: launch_program (coreutils.c:126)
==719032==    by 0x4018E7A: main (coreutils.c:143)
==719032== 
==719032== LEAK SUMMARY:
==719032==    definitely lost: 0 bytes in 0 blocks
==719032==    indirectly lost: 0 bytes in 0 blocks
==719032==      possibly lost: 0 bytes in 0 blocks
==719032==    still reachable: 128 bytes in 1 blocks
==719032==         suppressed: 0 bytes in 0 blocks
==719032== 
==719032== For lists of detected and suppressed errors, rerun with: -s
==719032== ERROR SUMMARY: 0 errors from 0 contexts (suppressed: 0 from 0)
