==719000== Memcheck, a memory error detector
==719000== Copyright (C) 2002-2024, and GNU GPL'd, by Julian Seward et al.
==719000== Using Valgrind-3.26.0 and LibVEX; rerun with -h for copyright info
==719000== Command: /bin/sh -c sort
==719000== Parent PID: 718994
==719000== 
==719000== 
==719000== FILE DESCRIPTORS: 3 open (3 inherited) at exit.
==719000== 
==719000== HEAP SUMMARY:
==719000==     in use at exit: 1,060 bytes in 29 blocks
==719000==   total heap usage: 31 allocs, 2 frees, 1,212 bytes allocated
==719000== 
==719000== 28 bytes in 1 blocks are still reachable in loss record 1 of 6
==719000==    at 0x486E858: malloc (vg_replace_malloc.c:447)
==719000==    by 0x40083FA: ??? (in /usr/bin/dash)
==719000==    by 0x4012E0A: ??? (in /usr/bin/dash)
==719000==    by 0x4013FFF: ??? (in /usr/bin/dash)
==719000==    by 0x400BCE7: ??? (in /usr/bin/dash)
==719000==    by 0x40120F8: ??? (in /usr/bin/dash)
==719000==    by 0x4004DA0: ??? (in /usr/bin/dash)
==719000==    by 0x48C4600: (below main) (libc_start_call_main.h:59)
==719000== 
==719000== 32 bytes in 1 blocks are still reachable in loss record 2 of 6
==719000==    at 0x486E858: malloc (vg_replace_malloc.c:447)
==719000==    by 0x4017AB2: ??? (in /usr/bin/dash)
==719000==    by 0x40186D4: ??? (in /usr/bin/dash)
==719000==    by 0x4004BC6: ??? (in /usr/bin/dash)
==719000==    by 0x48C4600: (below main) (libc_start_call_main.h:59)
==719000== 
==719000== 34 bytes in 1 blocks are still reachable in loss record 3 of 6
==719000==    at 0x486E858: malloc (vg_replace_malloc.c:447)
==719000==    by 0x495596E: strdup (strdup.c:42)
==719000==    by 0x40081DF: ??? (in /usr/bin/dash)
==719000==    by 0x40186F9: ??? (in /usr/bin/dash)
==719000==    by 0x4004BC6: ??? (in /usr/bin/dash)
==719000==    by 0x48C4600: (below main) (libc_start_call_main.h:59)
==719000== 
==719000== 38 bytes in 1 blocks are still reachable in loss record 4 of 6
==719000==    at 0x486E858: malloc (vg_replace_malloc.c:447)
==719000==    by 0x4017C53: ??? (in /usr/bin/dash)
==719000==    by 0x40186F9: ??? (in /usr/bin/dash)
==719000==    by 0x4004BC6: ??? (in /usr/bin/dash)
==719000==    by 0x48C4600: (below main) (libc_start_call_main.h:59)
==719000== 
==719000== 160 bytes in 1 blocks are still reachable in loss record 5 of 6
==719000==    at 0x487607F: realloc (vg_replace_malloc.c:1804)
==719000==    by 0x40074DC: ??? (in /usr/bin/dash)
==719000==    by 0x400A64D: ??? (in /usr/bin/dash)
==719000==    by 0x4014058: ??? (in /usr/bin/dash)
==719000==    by 0x400BCE7: ??? (in /usr/bin/dash)
==719000==    by 0x40120F8: ??? (in /usr/bin/dash)
==719000==    by 0x4004DA0: ??? (in /usr/bin/dash)
==719000==    by 0x48C4600: (below main) (libc_start_call_main.h:59)
==719000== 
==719000== 768 bytes in 24 blocks are still reachable in loss record 6 of 6
==719000==    at 0x486E858: malloc (vg_replace_malloc.c:447)
==719000==    by 0x4017AB2: ??? (in /usr/bin/dash)
==719000==    by 0x4018670: ??? (in /usr/bin/dash)
==719000==    by 0x4004BC6: ??? (in /usr/bin/dash)
==719000==    by 0x48C4600: (below main) (libc_start_call_main.h:59)
==719000== 
==719000== LEAK SUMMARY:
==719000==    definitely lost: 0 bytes in 0 blocks
==719000==    indirectly lost: 0 bytes in 0 blocks
==719000==      possibly lost: 0 bytes in 0 blocks
==719000==    still reachable: 1,060 bytes in 29 blocks
==719000==         suppressed: 0 bytes in 0 blocks
==719000== 
==719000== For lists of detected and suppressed errors, rerun with: -s
==719000== ERROR SUMMARY: 0 errors from 0 contexts (suppressed: 0 from 0)
