==724256== Memcheck, a memory error detector
==724256== Copyright (C) 2002-2024, and GNU GPL'd, by Julian Seward et al.
==724256== Using Valgrind-3.26.0 and LibVEX; rerun with -h for copyright info
==724256== Command: /tmp/rboxc-gawk-original-pxzb20q8/deps/cat -
==724256== Parent PID: 724254
==724256== 
==724256== 
==724256== FILE DESCRIPTORS: 2 open (0 inherited) at exit.
==724256== Open file descriptor 4:
==724256==    at 0x537EB8D: pipe (pipe.c:29)
==724256==    by 0x411A6E1: pipe_safer (pipe-safer.c:33)
==724256==    by 0x403683B: splice_cat (cat.c:578)
==724256==    by 0x4037923: single_binary_main_cat (cat.c:899)
==724256==    by 0x401A532: launch_program (coreutils.c:126)
==724256==    by 0x4018E7A: main (coreutils.c:143)
==724256== 
==724256== Open file descriptor 3:
==724256==    at 0x537EB8D: pipe (pipe.c:29)
==724256==    by 0x411A6E1: pipe_safer (pipe-safer.c:33)
==724256==    by 0x403683B: splice_cat (cat.c:578)
==724256==    by 0x4037923: single_binary_main_cat (cat.c:899)
==724256==    by 0x401A532: launch_program (coreutils.c:126)
==724256==    by 0x4018E7A: main (coreutils.c:143)
==724256== 
==724256== 
==724256== HEAP SUMMARY:
==724256==     in use at exit: 0 bytes in 0 blocks
==724256==   total heap usage: 3 allocs, 3 frees, 82 bytes allocated
==724256== 
==724256== All heap blocks were freed -- no leaks are possible
==724256== 
==724256== For lists of detected and suppressed errors, rerun with: -s
==724256== ERROR SUMMARY: 2 errors from 2 contexts (suppressed: 0 from 0)
