==690148== Memcheck, a memory error detector
==690148== Copyright (C) 2002-2024, and GNU GPL'd, by Julian Seward et al.
==690148== Using Valgrind-3.26.0 and LibVEX; rerun with -h for copyright info
==690148== Command: tar -acf k2.tar.xz empty
==690148== Parent PID: 689809
==690148== 
==690148== 
==690148== FILE DESCRIPTORS: 1 open (1 inherited) at exit.
==690148== 
==690148== HEAP SUMMARY:
==690148==     in use at exit: 4,272 bytes in 6 blocks
==690148==   total heap usage: 46 allocs, 40 frees, 47,527 bytes allocated
==690148== 
==690148== 5 bytes in 1 blocks are still reachable in loss record 1 of 6
==690148==    at 0x48BD858: malloc (vg_replace_malloc.c:447)
==690148==    by 0x405185D: xmalloc (xmalloc.c:45)
==690148==    by 0x405185D: xmemdup (xmalloc.c:314)
==690148==    by 0x405185D: xstrdup (xmalloc.c:339)
==690148==    by 0x402644F: assign_string (misc.c:58)
==690148==    by 0x4029612: uid_to_uname (names.c:490)
==690148==    by 0x40155F3: start_header (create.c:931)
==690148==    by 0x4015798: dump_regular_file (create.c:1050)
==690148==    by 0x40165E2: dump_file0 (create.c:1773)
==690148==    by 0x4017589: dump_file (create.c:1968)
==690148==    by 0x4017589: create_archive (create.c:1412)
==690148==    by 0x400CD90: main (tar.c:2818)
==690148== 
==690148== 5 bytes in 1 blocks are still reachable in loss record 2 of 6
==690148==    at 0x48BD858: malloc (vg_replace_malloc.c:447)
==690148==    by 0x405185D: xmalloc (xmalloc.c:45)
==690148==    by 0x405185D: xmemdup (xmalloc.c:314)
==690148==    by 0x405185D: xstrdup (xmalloc.c:339)
==690148==    by 0x402644F: assign_string (misc.c:58)
==690148==    by 0x40296A2: gid_to_gname (names.c:520)
==690148==    by 0x40155DB: start_header (create.c:936)
==690148==    by 0x4015798: dump_regular_file (create.c:1050)
==690148==    by 0x40165E2: dump_file0 (create.c:1773)
==690148==    by 0x4017589: dump_file (create.c:1968)
==690148==    by 0x4017589: create_archive (create.c:1412)
==690148==    by 0x400CD90: main (tar.c:2818)
==690148== 
==690148== 16 bytes in 1 blocks are still reachable in loss record 3 of 6
==690148==    at 0x48C4E43: calloc (vg_replace_malloc.c:1678)
==690148==    by 0x40516F1: xcalloc (xmalloc.c:298)
==690148==    by 0x40516F1: xzalloc (xmalloc.c:283)
==690148==    by 0x400BEF9: decode_options (tar.c:2297)
==690148==    by 0x400BEF9: main (tar.c:2792)
==690148== 
==690148== 80 bytes in 1 blocks are still reachable in loss record 4 of 6
==690148==    at 0x48BD858: malloc (vg_replace_malloc.c:447)
==690148==    by 0x40512CC: xmalloc (xmalloc.c:45)
==690148==    by 0x400BE43: main (tar.c:2781)
==690148== 
==690148== 102 bytes in 1 blocks are still reachable in loss record 5 of 6
==690148==    at 0x48BD858: malloc (vg_replace_malloc.c:447)
==690148==    by 0x40512CC: xmalloc (xmalloc.c:45)
==690148==    by 0x4029881: name_init (names.c:869)
==690148==    by 0x400C94C: main (tar.c:2794)
==690148== 
==690148== 4,064 bytes in 1 blocks are still reachable in loss record 6 of 6
==690148==    at 0x48BD858: malloc (vg_replace_malloc.c:447)
==690148==    by 0x40512CC: xmalloc (xmalloc.c:45)
==690148==    by 0x404A07D: call_chunkfun (obstack.c:88)
==690148==    by 0x404A07D: _obstack_begin_worker.isra.0 (obstack.c:135)
==690148==    by 0x404A0A8: _obstack_begin (obstack.c:157)
==690148==    by 0x4032C57: _transform_name_to_obstack (transform.c:592)
==690148==    by 0x4032C57: transform_name_fp (transform.c:614)
==690148==    by 0x4016444: dump_file0 (create.c:1657)
==690148==    by 0x4017589: dump_file (create.c:1968)
==690148==    by 0x4017589: create_archive (create.c:1412)
==690148==    by 0x400CD90: main (tar.c:2818)
==690148== 
==690148== LEAK SUMMARY:
==690148==    definitely lost: 0 bytes in 0 blocks
==690148==    indirectly lost: 0 bytes in 0 blocks
==690148==      possibly lost: 0 bytes in 0 blocks
==690148==    still reachable: 4,272 bytes in 6 blocks
==690148==         suppressed: 0 bytes in 0 blocks
==690148== 
==690148== For lists of detected and suppressed errors, rerun with: -s
==690148== ERROR SUMMARY: 0 errors from 0 contexts (suppressed: 0 from 0)
