==740849== Memcheck, a memory error detector
==740849== Copyright (C) 2002-2024, and GNU GPL'd, by Julian Seward et al.
==740849== Using Valgrind-3.26.0 and LibVEX; rerun with -h for copyright info
==740849== Command: /tmp/rboxc-gawk-original-ug5lqt97/deps/sort
==740849== Parent PID: 740824
==740849== 
==740849== 
==740849== FILE DESCRIPTORS: 0 open (0 inherited) at exit.
==740849== 
==740849== HEAP SUMMARY:
==740849==     in use at exit: 128 bytes in 1 blocks
==740849==   total heap usage: 25 allocs, 24 frees, 16,935,129 bytes allocated
==740849== 
==740849== 128 bytes in 1 blocks are still reachable in loss record 1 of 1
==740849==    at 0x4BF907F: realloc (vg_replace_malloc.c:1804)
==740849==    by 0x411C0A6: rpl_realloc (stdlib.h:2059)
==740849==    by 0x411C0A6: xrealloc (xmalloc.c:70)
==740849==    by 0x411C0A6: xpalloc (xmalloc.c:269)
==740849==    by 0x40A7BB6: add_temp_dir (sort.c:1347)
==740849==    by 0x40AE3A4: single_binary_main_sort (sort.c:4921)
==740849==    by 0x401A532: launch_program (coreutils.c:126)
==740849==    by 0x4018E7A: main (coreutils.c:143)
==740849== 
==740849== LEAK SUMMARY:
==740849==    definitely lost: 0 bytes in 0 blocks
==740849==    indirectly lost: 0 bytes in 0 blocks
==740849==      possibly lost: 0 bytes in 0 blocks
==740849==    still reachable: 128 bytes in 1 blocks
==740849==         suppressed: 0 bytes in 0 blocks
==740849== 
==740849== For lists of detected and suppressed errors, rerun with: -s
==740849== ERROR SUMMARY: 0 errors from 0 contexts (suppressed: 0 from 0)
