==709831== Memcheck, a memory error detector
==709831== Copyright (C) 2002-2024, and GNU GPL'd, by Julian Seward et al.
==709831== Using Valgrind-3.26.0 and LibVEX; rerun with -h for copyright info
==709831== Command: tar -t -M -fxsplit-1.tar -fxsplit-2.tar
==709831== Parent PID: 709829
==709831== 
==709831== File descriptor -1 Invalid file descriptor
==709831==    at 0x4A1691B: fstat (fstat64.c:39)
==709831==    by 0x48DE5C4: ??? (in /usr/lib/x86_64-linux-gnu/libnss_sss.so.2)
==709831==    by 0x48DE89F: ??? (in /usr/lib/x86_64-linux-gnu/libnss_sss.so.2)
==709831==    by 0x48DF654: _nss_sss_getpwnam_r (in /usr/lib/x86_64-linux-gnu/libnss_sss.so.2)
==709831==    by 0x4A64778: getpwnam_r@@GLIBC_2.2.5 (getXXbyYY_r.c:265)
==709831==    by 0x4A645AD: getpwnam (getXXbyYY.c:140)
==709831==    by 0x402971F: uname_to_uid (names.c:546)
==709831==    by 0x402457F: decode_header (list.c:694)
==709831==    by 0x4025616: read_and (list.c:194)
==709831==    by 0x400CD4B: main (tar.c:2832)
==709831== 
==709831== FILE DESCRIPTORS: 1 open (0 inherited) at exit.
==709831== Open file descriptor 0: /dev/full
==709831==    at 0x4A1A9E6: open (open64.c:41)
==709831==    by 0x4050574: open (fcntl2.h:55)
==709831==    by 0x4050574: stdopen (stdopen.c:51)
==709831==    by 0x400BE26: main (tar.c:2773)
==709831== 
==709831== 
==709831== HEAP SUMMARY:
==709831==     in use at exit: 42,732 bytes in 20 blocks
==709831==   total heap usage: 453 allocs, 433 frees, 433,902 bytes allocated
==709831== 
==709831== 5 bytes in 1 blocks are still reachable in loss record 1 of 19
==709831==    at 0x48BD858: malloc (vg_replace_malloc.c:447)
==709831==    by 0x405185D: xmalloc (xmalloc.c:45)
==709831==    by 0x405185D: xmemdup (xmalloc.c:314)
==709831==    by 0x405185D: xstrdup (xmalloc.c:339)
==709831==    by 0x402644F: assign_string (misc.c:58)
==709831==    by 0x4029766: uname_to_uid (names.c:554)
==709831==    by 0x402457F: decode_header (list.c:694)
==709831==    by 0x4025616: read_and (list.c:194)
==709831==    by 0x400CD4B: main (tar.c:2832)
==709831== 
==709831== 6 bytes in 1 blocks are still reachable in loss record 2 of 19
==709831==    at 0x48BD858: malloc (vg_replace_malloc.c:447)
==709831==    by 0x405185D: xmalloc (xmalloc.c:45)
==709831==    by 0x405185D: xmemdup (xmalloc.c:314)
==709831==    by 0x405185D: xstrdup (xmalloc.c:339)
==709831==    by 0x402644F: assign_string (misc.c:58)
==709831==    by 0x40297DC: gname_to_gid (names.c:580)
==709831==    by 0x402455F: decode_header (list.c:699)
==709831==    by 0x4025616: read_and (list.c:194)
==709831==    by 0x400CD4B: main (tar.c:2832)
==709831== 
==709831== 16 bytes in 1 blocks are still reachable in loss record 3 of 19
==709831==    at 0x48C4E43: calloc (vg_replace_malloc.c:1678)
==709831==    by 0x40516F1: xcalloc (xmalloc.c:298)
==709831==    by 0x40516F1: xzalloc (xmalloc.c:283)
==709831==    by 0x400BEF9: decode_options (tar.c:2297)
==709831==    by 0x400BEF9: main (tar.c:2792)
==709831== 
==709831== 36 bytes in 1 blocks are still reachable in loss record 4 of 19
==709831==    at 0x48BD858: malloc (vg_replace_malloc.c:447)
==709831==    by 0x409EB1F: malloc (rtld-malloc.h:56)
==709831==    by 0x409EB1F: strdup (strdup.c:42)
==709831==    by 0x408AAAF: _dl_load_cache_lookup (dl-cache.c:498)
==709831==    by 0x407CE27: _dl_map_new_object (dl-load.c:2073)
==709831==    by 0x40759FC: openaux (dl-deps.c:64)
==709831==    by 0x4074512: _dl_catch_exception (dl-catch.c:241)
==709831==    by 0x4075E2F: _dl_map_object_deps (dl-deps.c:232)
==709831==    by 0x4080E17: dl_open_worker_begin (dl-open.c:609)
==709831==    by 0x4074512: _dl_catch_exception (dl-catch.c:241)
==709831==    by 0x408020B: dl_open_worker (dl-open.c:762)
==709831==    by 0x4074512: _dl_catch_exception (dl-catch.c:241)
==709831==    by 0x4080749: _dl_open (dl-open.c:900)
==709831== 
==709831== 36 bytes in 1 blocks are still reachable in loss record 5 of 19
==709831==    at 0x48BD858: malloc (vg_replace_malloc.c:447)
==709831==    by 0x407FFD8: malloc (rtld-malloc.h:56)
==709831==    by 0x407FFD8: _dl_new_object (dl-object.c:199)
==709831==    by 0x407AEA0: _dl_map_object_from_fd (dl-load.c:1065)
==709831==    by 0x407C989: _dl_map_new_object (dl-load.c:2206)
==709831==    by 0x40759FC: openaux (dl-deps.c:64)
==709831==    by 0x4074512: _dl_catch_exception (dl-catch.c:241)
==709831==    by 0x4075E2F: _dl_map_object_deps (dl-deps.c:232)
==709831==    by 0x4080E17: dl_open_worker_begin (dl-open.c:609)
==709831==    by 0x4074512: _dl_catch_exception (dl-catch.c:241)
==709831==    by 0x408020B: dl_open_worker (dl-open.c:762)
==709831==    by 0x4074512: _dl_catch_exception (dl-catch.c:241)
==709831==    by 0x4080749: _dl_open (dl-open.c:900)
==709831== 
==709831== 46 bytes in 1 blocks are still reachable in loss record 6 of 19
==709831==    at 0x48BD858: malloc (vg_replace_malloc.c:447)
==709831==    by 0x409EB1F: malloc (rtld-malloc.h:56)
==709831==    by 0x409EB1F: strdup (strdup.c:42)
==709831==    by 0x408AAAF: _dl_load_cache_lookup (dl-cache.c:498)
==709831==    by 0x407CE27: _dl_map_new_object (dl-load.c:2073)
==709831==    by 0x4081460: dl_open_worker_begin (dl-open.c:535)
==709831==    by 0x4074512: _dl_catch_exception (dl-catch.c:241)
==709831==    by 0x408020B: dl_open_worker (dl-open.c:762)
==709831==    by 0x4074512: _dl_catch_exception (dl-catch.c:241)
==709831==    by 0x4080749: _dl_open (dl-open.c:900)
==709831==    by 0x4A86344: do_dlopen (dl-libc.c:95)
==709831==    by 0x4074512: _dl_catch_exception (dl-catch.c:241)
==709831==    by 0x4074658: _dl_catch_error (dl-catch.c:260)
==709831== 
==709831== 46 bytes in 1 blocks are still reachable in loss record 7 of 19
==709831==    at 0x48BD858: malloc (vg_replace_malloc.c:447)
==709831==    by 0x407FFD8: malloc (rtld-malloc.h:56)
==709831==    by 0x407FFD8: _dl_new_object (dl-object.c:199)
==709831==    by 0x407AEA0: _dl_map_object_from_fd (dl-load.c:1065)
==709831==    by 0x407C989: _dl_map_new_object (dl-load.c:2206)
==709831==    by 0x4081460: dl_open_worker_begin (dl-open.c:535)
==709831==    by 0x4074512: _dl_catch_exception (dl-catch.c:241)
==709831==    by 0x408020B: dl_open_worker (dl-open.c:762)
==709831==    by 0x4074512: _dl_catch_exception (dl-catch.c:241)
==709831==    by 0x4080749: _dl_open (dl-open.c:900)
==709831==    by 0x4A86344: do_dlopen (dl-libc.c:95)
==709831==    by 0x4074512: _dl_catch_exception (dl-catch.c:241)
==709831==    by 0x4074658: _dl_catch_error (dl-catch.c:260)
==709831== 
==709831== 80 bytes in 1 blocks are still reachable in loss record 8 of 19
==709831==    at 0x48BD858: malloc (vg_replace_malloc.c:447)
==709831==    by 0x40512CC: xmalloc (xmalloc.c:45)
==709831==    by 0x400BE43: main (tar.c:2781)
==709831== 
==709831== 102 bytes in 1 blocks are still reachable in loss record 9 of 19
==709831==    at 0x48BD858: malloc (vg_replace_malloc.c:447)
==709831==    by 0x40512CC: xmalloc (xmalloc.c:45)
==709831==    by 0x4029881: name_init (names.c:869)
==709831==    by 0x400C94C: main (tar.c:2794)
==709831== 
==709831== 112 bytes in 1 blocks are still reachable in loss record 10 of 19
==709831==    at 0x48BD858: malloc (vg_replace_malloc.c:447)
==709831==    by 0x491DE43: __gconv_open (gconv_open.c:77)
==709831==    by 0x491D9E0: iconv_open (iconv_open.c:39)
==709831==    by 0x403383D: utf8_init (utf8.c:61)
==709831==    by 0x403383D: utf8_convert (utf8.c:73)
==709831==    by 0x401DC14: decode_string (xheader.c:1032)
==709831==    by 0x401DC14: volume_label_decoder (xheader.c:1541)
==709831==    by 0x401CA71: decode_record.isra.0 (xheader.c:662)
==709831==    by 0x401ECCF: xheader_decode_global (xheader.c:744)
==709831==    by 0x4023B55: read_header (list.c:532)
==709831==    by 0x4025460: read_and (list.c:182)
==709831==    by 0x400CD4B: main (tar.c:2832)
==709831== 
==709831== 208 bytes in 1 blocks are still reachable in loss record 12 of 19
==709831==    at 0x48BD858: malloc (vg_replace_malloc.c:447)
==709831==    by 0x4929C6F: __gconv_lookup_cache (gconv_cache.c:361)
==709831==    by 0x491F8EE: __gconv_find_transform (gconv_db.c:717)
==709831==    by 0x491DDE5: __gconv_open (gconv_open.c:73)
==709831==    by 0x491D9E0: iconv_open (iconv_open.c:39)
==709831==    by 0x403383D: utf8_init (utf8.c:61)
==709831==    by 0x403383D: utf8_convert (utf8.c:73)
==709831==    by 0x401DC14: decode_string (xheader.c:1032)
==709831==    by 0x401DC14: volume_label_decoder (xheader.c:1541)
==709831==    by 0x401CA71: decode_record.isra.0 (xheader.c:662)
==709831==    by 0x401ECCF: xheader_decode_global (xheader.c:744)
==709831==    by 0x4023B55: read_header (list.c:532)
==709831==    by 0x4025460: read_and (list.c:182)
==709831==    by 0x400CD4B: main (tar.c:2832)
==709831== 
==709831== 512 bytes in 1 blocks are still reachable in loss record 13 of 19
==709831==    at 0x48BD858: malloc (vg_replace_malloc.c:447)
==709831==    by 0x40512CC: xmalloc (xmalloc.c:45)
==709831==    by 0x4023DC1: read_header (list.c:526)
==709831==    by 0x4025460: read_and (list.c:182)
==709831==    by 0x400CD4B: main (tar.c:2832)
==709831== 
==709831== 849 bytes in 1 blocks are still reachable in loss record 14 of 19
==709831==    at 0x48BD858: malloc (vg_replace_malloc.c:447)
==709831==    by 0x40512CC: xmalloc (xmalloc.c:45)
==709831==    by 0x40337B7: utf8_convert (utf8.c:85)
==709831==    by 0x401DC14: decode_string (xheader.c:1032)
==709831==    by 0x401DC14: volume_label_decoder (xheader.c:1541)
==709831==    by 0x401CA71: decode_record.isra.0 (xheader.c:662)
==709831==    by 0x401ECCF: xheader_decode_global (xheader.c:744)
==709831==    by 0x4023B55: read_header (list.c:532)
==709831==    by 0x4010537: try_new_volume (buffer.c:1442)
==709831==    by 0x4010537: _gnu_flush_read (buffer.c:1888)
==709831==    by 0x4010537: gnu_flush_read (buffer.c:1909)
==709831==    by 0x400E689: find_next_block (buffer.c:609)
==709831==    by 0x401EE8F: xheader_read (xheader.c:806)
==709831==    by 0x4023C3B: read_header (list.c:519)
==709831==    by 0x4025460: read_and (list.c:182)
==709831== 
==709831== 1,250 bytes in 1 blocks are still reachable in loss record 15 of 19
==709831==    at 0x48C4E43: calloc (vg_replace_malloc.c:1678)
==709831==    by 0x407FCAC: calloc (rtld-malloc.h:44)
==709831==    by 0x407FCAC: _dl_new_object (dl-object.c:92)
==709831==    by 0x407AEA0: _dl_map_object_from_fd (dl-load.c:1065)
==709831==    by 0x407C989: _dl_map_new_object (dl-load.c:2206)
==709831==    by 0x40759FC: openaux (dl-deps.c:64)
==709831==    by 0x4074512: _dl_catch_exception (dl-catch.c:241)
==709831==    by 0x4075E2F: _dl_map_object_deps (dl-deps.c:232)
==709831==    by 0x4080E17: dl_open_worker_begin (dl-open.c:609)
==709831==    by 0x4074512: _dl_catch_exception (dl-catch.c:241)
==709831==    by 0x408020B: dl_open_worker (dl-open.c:762)
==709831==    by 0x4074512: _dl_catch_exception (dl-catch.c:241)
==709831==    by 0x4080749: _dl_open (dl-open.c:900)
==709831== 
==709831== 1,260 bytes in 1 blocks are still reachable in loss record 16 of 19
==709831==    at 0x48C4E43: calloc (vg_replace_malloc.c:1678)
==709831==    by 0x407FCAC: calloc (rtld-malloc.h:44)
==709831==    by 0x407FCAC: _dl_new_object (dl-object.c:92)
==709831==    by 0x407AEA0: _dl_map_object_from_fd (dl-load.c:1065)
==709831==    by 0x407C989: _dl_map_new_object (dl-load.c:2206)
==709831==    by 0x4081460: dl_open_worker_begin (dl-open.c:535)
==709831==    by 0x4074512: _dl_catch_exception (dl-catch.c:241)
==709831==    by 0x408020B: dl_open_worker (dl-open.c:762)
==709831==    by 0x4074512: _dl_catch_exception (dl-catch.c:241)
==709831==    by 0x4080749: _dl_open (dl-open.c:900)
==709831==    by 0x4A86344: do_dlopen (dl-libc.c:95)
==709831==    by 0x4074512: _dl_catch_exception (dl-catch.c:241)
==709831==    by 0x4074658: _dl_catch_error (dl-catch.c:260)
==709831== 
==709831== 1,320 bytes in 2 blocks are still reachable in loss record 17 of 19
==709831==    at 0x48C4E43: calloc (vg_replace_malloc.c:1678)
==709831==    by 0x408A2BD: calloc (rtld-malloc.h:44)
==709831==    by 0x408A2BD: _dl_check_map_versions (dl-version.c:280)
==709831==    by 0x408110C: dl_open_worker_begin (dl-open.c:617)
==709831==    by 0x4074512: _dl_catch_exception (dl-catch.c:241)
==709831==    by 0x408020B: dl_open_worker (dl-open.c:762)
==709831==    by 0x4074512: _dl_catch_exception (dl-catch.c:241)
==709831==    by 0x4080749: _dl_open (dl-open.c:900)
==709831==    by 0x4A86344: do_dlopen (dl-libc.c:95)
==709831==    by 0x4074512: _dl_catch_exception (dl-catch.c:241)
==709831==    by 0x4074658: _dl_catch_error (dl-catch.c:260)
==709831==    by 0x4A864A8: dlerror_run (dl-libc.c:45)
==709831==    by 0x4A864A8: __libc_dlopen_mode (dl-libc.c:162)
==709831==    by 0x4A55E73: module_load (nss_module.c:187)
==709831== 
==709831== 4,064 bytes in 1 blocks are still reachable in loss record 18 of 19
==709831==    at 0x48BD858: malloc (vg_replace_malloc.c:447)
==709831==    by 0x40512CC: xmalloc (xmalloc.c:45)
==709831==    by 0x404A07D: call_chunkfun (obstack.c:88)
==709831==    by 0x404A07D: _obstack_begin_worker.isra.0 (obstack.c:135)
==709831==    by 0x404A0A8: _obstack_begin (obstack.c:157)
==709831==    by 0x4032C57: _transform_name_to_obstack (transform.c:592)
==709831==    by 0x4032C57: transform_name_fp (transform.c:614)
==709831==    by 0x4023670: transform_member_name (list.c:114)
==709831==    by 0x4023670: transform_stat_info.part.0 (list.c:150)
==709831==    by 0x4025850: transform_stat_info (list.c:227)
==709831==    by 0x4025850: read_and (list.c:227)
==709831==    by 0x400CD4B: main (tar.c:2832)
==709831== 
==709831== 32,640 bytes in 1 blocks are still reachable in loss record 19 of 19
==709831==    at 0x48BD858: malloc (vg_replace_malloc.c:447)
==709831==    by 0x491DECE: __gconv_open (gconv_open.c:127)
==709831==    by 0x491D9E0: iconv_open (iconv_open.c:39)
==709831==    by 0x403383D: utf8_init (utf8.c:61)
==709831==    by 0x403383D: utf8_convert (utf8.c:73)
==709831==    by 0x401DC14: decode_string (xheader.c:1032)
==709831==    by 0x401DC14: volume_label_decoder (xheader.c:1541)
==709831==    by 0x401CA71: decode_record.isra.0 (xheader.c:662)
==709831==    by 0x401ECCF: xheader_decode_global (xheader.c:744)
==709831==    by 0x4023B55: read_header (list.c:532)
==709831==    by 0x4025460: read_and (list.c:182)
==709831==    by 0x400CD4B: main (tar.c:2832)
==709831== 
==709831== LEAK SUMMARY:
==709831==    definitely lost: 0 bytes in 0 blocks
==709831==    indirectly lost: 0 bytes in 0 blocks
==709831==      possibly lost: 0 bytes in 0 blocks
==709831==    still reachable: 42,588 bytes in 19 blocks
==709831==         suppressed: 144 bytes in 1 blocks
==709831== 
==709831== For lists of detected and suppressed errors, rerun with: -s
==709831== ERROR SUMMARY: 2 errors from 2 contexts (suppressed: 0 from 0)
