==685241== Memcheck, a memory error detector
==685241== Copyright (C) 2002-2024, and GNU GPL'd, by Julian Seward et al.
==685241== Using Valgrind-3.26.0 and LibVEX; rerun with -h for copyright info
==685241== Command: /tmp/rboxc-tar-behavior-hsxmof33/exec/tar
==685241== Parent PID: 683658
==685241== 
==685241== 
==685241== FILE DESCRIPTORS: 1 open (1 inherited) at exit.
==685241== 
==685241== HEAP SUMMARY:
==685241==     in use at exit: 198 bytes in 3 blocks
==685241==   total heap usage: 15 allocs, 12 frees, 8,278 bytes allocated
==685241== 
==685241== 16 bytes in 1 blocks are still reachable in loss record 1 of 3
==685241==    at 0x5875E43: calloc (vg_replace_malloc.c:1678)
==685241==    by 0x469E5C1: rboxc_tar_xzalloc (in /root/rboxc/target/tar-child-prefix-candidate/release/rboxc)
==685241==    by 0x440DEB5: single_binary_main_tar (in /root/rboxc/target/tar-child-prefix-candidate/release/rboxc)
==685241==    by 0x5A18600: (below main) (libc_start_call_main.h:59)
==685241== 
==685241== 80 bytes in 1 blocks are still reachable in loss record 2 of 3
==685241==    at 0x586E858: malloc (vg_replace_malloc.c:447)
==685241==    by 0x469E19C: rboxc_tar_xmalloc (in /root/rboxc/target/tar-child-prefix-candidate/release/rboxc)
==685241==    by 0x440DDC0: single_binary_main_tar (in /root/rboxc/target/tar-child-prefix-candidate/release/rboxc)
==685241==    by 0x5A18600: (below main) (libc_start_call_main.h:59)
==685241== 
==685241== 102 bytes in 1 blocks are still reachable in loss record 3 of 3
==685241==    at 0x586E858: malloc (vg_replace_malloc.c:447)
==685241==    by 0x469E19C: rboxc_tar_xmalloc (in /root/rboxc/target/tar-child-prefix-candidate/release/rboxc)
==685241==    by 0x4673561: rboxc_tar_name_init (in /root/rboxc/target/tar-child-prefix-candidate/release/rboxc)
==685241==    by 0x440EE3A: single_binary_main_tar (in /root/rboxc/target/tar-child-prefix-candidate/release/rboxc)
==685241==    by 0x5A18600: (below main) (libc_start_call_main.h:59)
==685241== 
==685241== LEAK SUMMARY:
==685241==    definitely lost: 0 bytes in 0 blocks
==685241==    indirectly lost: 0 bytes in 0 blocks
==685241==      possibly lost: 0 bytes in 0 blocks
==685241==    still reachable: 198 bytes in 3 blocks
==685241==         suppressed: 0 bytes in 0 blocks
==685241== 
==685241== For lists of detected and suppressed errors, rerun with: -s
==685241== ERROR SUMMARY: 0 errors from 0 contexts (suppressed: 0 from 0)
