==686772== Memcheck, a memory error detector
==686772== Copyright (C) 2002-2024, and GNU GPL'd, by Julian Seward et al.
==686772== Using Valgrind-3.26.0 and LibVEX; rerun with -h for copyright info
==686772== Command: tar --version
==686772== Parent PID: 686676
==686772== 
==686772== 
==686772== FILE DESCRIPTORS: 4 open (4 inherited) at exit.
==686772== 
==686772== HEAP SUMMARY:
==686772==     in use at exit: 7,767 bytes in 3 blocks
==686772==   total heap usage: 15 allocs, 12 frees, 12,021 bytes allocated
==686772== 
==686772== 16 bytes in 1 blocks are still reachable in loss record 1 of 3
==686772==    at 0x48C4E43: calloc (vg_replace_malloc.c:1678)
==686772==    by 0x40516F1: xcalloc (xmalloc.c:298)
==686772==    by 0x40516F1: xzalloc (xmalloc.c:283)
==686772==    by 0x400BEF9: decode_options (tar.c:2297)
==686772==    by 0x400BEF9: main (tar.c:2792)
==686772== 
==686772== 80 bytes in 1 blocks are still reachable in loss record 2 of 3
==686772==    at 0x48BD858: malloc (vg_replace_malloc.c:447)
==686772==    by 0x40512CC: xmalloc (xmalloc.c:45)
==686772==    by 0x400BE43: main (tar.c:2781)
==686772== 
==686772== 7,671 bytes in 1 blocks are still reachable in loss record 3 of 3
==686772==    at 0x48BD858: malloc (vg_replace_malloc.c:447)
==686772==    by 0x4041854: parser_init (argp-parse.c:495)
==686772==    by 0x4041854: argp_parse (argp-parse.c:921)
==686772==    by 0x400C045: decode_options (tar.c:2380)
==686772==    by 0x400C045: main (tar.c:2792)
==686772== 
==686772== LEAK SUMMARY:
==686772==    definitely lost: 0 bytes in 0 blocks
==686772==    indirectly lost: 0 bytes in 0 blocks
==686772==      possibly lost: 0 bytes in 0 blocks
==686772==    still reachable: 7,767 bytes in 3 blocks
==686772==         suppressed: 0 bytes in 0 blocks
==686772== 
==686772== For lists of detected and suppressed errors, rerun with: -s
==686772== ERROR SUMMARY: 0 errors from 0 contexts (suppressed: 0 from 0)
