==686813== Memcheck, a memory error detector
==686813== Copyright (C) 2002-2024, and GNU GPL'd, by Julian Seward et al.
==686813== Using Valgrind-3.26.0 and LibVEX; rerun with -h for copyright info
==686813== Command: /bin/sh -c false
==686813== Parent PID: 686803
==686813== 
==686813== 
==686813== FILE DESCRIPTORS: 3 open (3 inherited) at exit.
==686813== 
==686813== HEAP SUMMARY:
==686813==     in use at exit: 845 bytes in 25 blocks
==686813==   total heap usage: 27 allocs, 2 frees, 997 bytes allocated
==686813== 
==686813== 29 bytes in 1 blocks are still reachable in loss record 1 of 5
==686813==    at 0x486E858: malloc (vg_replace_malloc.c:447)
==686813==    by 0x40083FA: ??? (in /usr/bin/dash)
==686813==    by 0x4012D83: ??? (in /usr/bin/dash)
==686813==    by 0x4013C6C: ??? (in /usr/bin/dash)
==686813==    by 0x400BCE7: ??? (in /usr/bin/dash)
==686813==    by 0x40120F8: ??? (in /usr/bin/dash)
==686813==    by 0x4004DA0: ??? (in /usr/bin/dash)
==686813==    by 0x48C4600: (below main) (libc_start_call_main.h:59)
==686813== 
==686813== 32 bytes in 1 blocks are still reachable in loss record 2 of 5
==686813==    at 0x486E858: malloc (vg_replace_malloc.c:447)
==686813==    by 0x4017AB2: ??? (in /usr/bin/dash)
==686813==    by 0x40186D4: ??? (in /usr/bin/dash)
==686813==    by 0x4004BC6: ??? (in /usr/bin/dash)
==686813==    by 0x48C4600: (below main) (libc_start_call_main.h:59)
==686813== 
==686813== 54 bytes in 1 blocks are still reachable in loss record 3 of 5
==686813==    at 0x486E858: malloc (vg_replace_malloc.c:447)
==686813==    by 0x495596E: strdup (strdup.c:42)
==686813==    by 0x40081DF: ??? (in /usr/bin/dash)
==686813==    by 0x40186F9: ??? (in /usr/bin/dash)
==686813==    by 0x4004BC6: ??? (in /usr/bin/dash)
==686813==    by 0x48C4600: (below main) (libc_start_call_main.h:59)
==686813== 
==686813== 58 bytes in 1 blocks are still reachable in loss record 4 of 5
==686813==    at 0x486E858: malloc (vg_replace_malloc.c:447)
==686813==    by 0x4017C53: ??? (in /usr/bin/dash)
==686813==    by 0x40186F9: ??? (in /usr/bin/dash)
==686813==    by 0x4004BC6: ??? (in /usr/bin/dash)
==686813==    by 0x48C4600: (below main) (libc_start_call_main.h:59)
==686813== 
==686813== 672 bytes in 21 blocks are still reachable in loss record 5 of 5
==686813==    at 0x486E858: malloc (vg_replace_malloc.c:447)
==686813==    by 0x4017AB2: ??? (in /usr/bin/dash)
==686813==    by 0x4018670: ??? (in /usr/bin/dash)
==686813==    by 0x4004BC6: ??? (in /usr/bin/dash)
==686813==    by 0x48C4600: (below main) (libc_start_call_main.h:59)
==686813== 
==686813== LEAK SUMMARY:
==686813==    definitely lost: 0 bytes in 0 blocks
==686813==    indirectly lost: 0 bytes in 0 blocks
==686813==      possibly lost: 0 bytes in 0 blocks
==686813==    still reachable: 845 bytes in 25 blocks
==686813==         suppressed: 0 bytes in 0 blocks
==686813== 
==686813== For lists of detected and suppressed errors, rerun with: -s
==686813== ERROR SUMMARY: 0 errors from 0 contexts (suppressed: 0 from 0)
