==687515== Memcheck, a memory error detector
==687515== Copyright (C) 2002-2024, and GNU GPL'd, by Julian Seward et al.
==687515== Using Valgrind-3.26.0 and LibVEX; rerun with -h for copyright info
==687515== Command: /bin/sh -c false
==687515== Parent PID: 687509
==687515== 
==687515== 
==687515== FILE DESCRIPTORS: 3 open (3 inherited) at exit.
==687515== 
==687515== HEAP SUMMARY:
==687515==     in use at exit: 847 bytes in 25 blocks
==687515==   total heap usage: 27 allocs, 2 frees, 999 bytes allocated
==687515== 
==687515== 29 bytes in 1 blocks are still reachable in loss record 1 of 5
==687515==    at 0x486E858: malloc (vg_replace_malloc.c:447)
==687515==    by 0x40083FA: ??? (in /usr/bin/dash)
==687515==    by 0x4012D83: ??? (in /usr/bin/dash)
==687515==    by 0x4013C6C: ??? (in /usr/bin/dash)
==687515==    by 0x400BCE7: ??? (in /usr/bin/dash)
==687515==    by 0x40120F8: ??? (in /usr/bin/dash)
==687515==    by 0x4004DA0: ??? (in /usr/bin/dash)
==687515==    by 0x48C4600: (below main) (libc_start_call_main.h:59)
==687515== 
==687515== 32 bytes in 1 blocks are still reachable in loss record 2 of 5
==687515==    at 0x486E858: malloc (vg_replace_malloc.c:447)
==687515==    by 0x4017AB2: ??? (in /usr/bin/dash)
==687515==    by 0x40186D4: ??? (in /usr/bin/dash)
==687515==    by 0x4004BC6: ??? (in /usr/bin/dash)
==687515==    by 0x48C4600: (below main) (libc_start_call_main.h:59)
==687515== 
==687515== 55 bytes in 1 blocks are still reachable in loss record 3 of 5
==687515==    at 0x486E858: malloc (vg_replace_malloc.c:447)
==687515==    by 0x495596E: strdup (strdup.c:42)
==687515==    by 0x40081DF: ??? (in /usr/bin/dash)
==687515==    by 0x40186F9: ??? (in /usr/bin/dash)
==687515==    by 0x4004BC6: ??? (in /usr/bin/dash)
==687515==    by 0x48C4600: (below main) (libc_start_call_main.h:59)
==687515== 
==687515== 59 bytes in 1 blocks are still reachable in loss record 4 of 5
==687515==    at 0x486E858: malloc (vg_replace_malloc.c:447)
==687515==    by 0x4017C53: ??? (in /usr/bin/dash)
==687515==    by 0x40186F9: ??? (in /usr/bin/dash)
==687515==    by 0x4004BC6: ??? (in /usr/bin/dash)
==687515==    by 0x48C4600: (below main) (libc_start_call_main.h:59)
==687515== 
==687515== 672 bytes in 21 blocks are still reachable in loss record 5 of 5
==687515==    at 0x486E858: malloc (vg_replace_malloc.c:447)
==687515==    by 0x4017AB2: ??? (in /usr/bin/dash)
==687515==    by 0x4018670: ??? (in /usr/bin/dash)
==687515==    by 0x4004BC6: ??? (in /usr/bin/dash)
==687515==    by 0x48C4600: (below main) (libc_start_call_main.h:59)
==687515== 
==687515== LEAK SUMMARY:
==687515==    definitely lost: 0 bytes in 0 blocks
==687515==    indirectly lost: 0 bytes in 0 blocks
==687515==      possibly lost: 0 bytes in 0 blocks
==687515==    still reachable: 847 bytes in 25 blocks
==687515==         suppressed: 0 bytes in 0 blocks
==687515== 
==687515== For lists of detected and suppressed errors, rerun with: -s
==687515== ERROR SUMMARY: 0 errors from 0 contexts (suppressed: 0 from 0)
