==591654== Memcheck, a memory error detector
==591654== Copyright (C) 2002-2024, and GNU GPL'd, by Julian Seward et al.
==591654== Using Valgrind-3.26.0 and LibVEX; rerun with -h for copyright info
==591654== Command: tar -cf foo.tar --incremental --remove-files -C foo bar
==591654== Parent PID: 591645
==591654== 
==591654== 
==591654== FILE DESCRIPTORS: 1 open (1 inherited) at exit.
==591654== 
==591654== HEAP SUMMARY:
==591654==     in use at exit: 4,272 bytes in 6 blocks
==591654==   total heap usage: 74 allocs, 68 frees, 61,402 bytes allocated
==591654== 
==591654== 5 bytes in 1 blocks are still reachable in loss record 1 of 6
==591654==    at 0x586E858: malloc (vg_replace_malloc.c:447)
==591654==    by 0x469E66D: rboxc_tar_xstrdup (in /root/rboxc/target/screen-owned-candidate/release/rboxc)
==591654==    by 0x466FF4F: rboxc_tar_assign_string (in /root/rboxc/target/screen-owned-candidate/release/rboxc)
==591654==    by 0x4673232: rboxc_tar_uid_to_uname (in /root/rboxc/target/screen-owned-candidate/release/rboxc)
==591654==    by 0x4662453: rboxc_tar_start_header (in /root/rboxc/target/screen-owned-candidate/release/rboxc)
==591654==    by 0x46625F8: dump_regular_file (in /root/rboxc/target/screen-owned-candidate/release/rboxc)
==591654==    by 0x4663442: dump_file0 (in /root/rboxc/target/screen-owned-candidate/release/rboxc)
==591654==    by 0x466468F: rboxc_tar_create_archive (in /root/rboxc/target/screen-owned-candidate/release/rboxc)
==591654==    by 0x4478AF8: single_binary_main_tar (in /root/rboxc/target/screen-owned-candidate/release/rboxc)
==591654==    by 0x5A18600: (below main) (libc_start_call_main.h:59)
==591654== 
==591654== 5 bytes in 1 blocks are still reachable in loss record 2 of 6
==591654==    at 0x586E858: malloc (vg_replace_malloc.c:447)
==591654==    by 0x469E66D: rboxc_tar_xstrdup (in /root/rboxc/target/screen-owned-candidate/release/rboxc)
==591654==    by 0x466FF4F: rboxc_tar_assign_string (in /root/rboxc/target/screen-owned-candidate/release/rboxc)
==591654==    by 0x46732C2: rboxc_tar_gid_to_gname (in /root/rboxc/target/screen-owned-candidate/release/rboxc)
==591654==    by 0x466243B: rboxc_tar_start_header (in /root/rboxc/target/screen-owned-candidate/release/rboxc)
==591654==    by 0x46625F8: dump_regular_file (in /root/rboxc/target/screen-owned-candidate/release/rboxc)
==591654==    by 0x4663442: dump_file0 (in /root/rboxc/target/screen-owned-candidate/release/rboxc)
==591654==    by 0x466468F: rboxc_tar_create_archive (in /root/rboxc/target/screen-owned-candidate/release/rboxc)
==591654==    by 0x4478AF8: single_binary_main_tar (in /root/rboxc/target/screen-owned-candidate/release/rboxc)
==591654==    by 0x5A18600: (below main) (libc_start_call_main.h:59)
==591654== 
==591654== 16 bytes in 1 blocks are still reachable in loss record 3 of 6
==591654==    at 0x5875E43: calloc (vg_replace_malloc.c:1678)
==591654==    by 0x469E501: rboxc_tar_xzalloc (in /root/rboxc/target/screen-owned-candidate/release/rboxc)
==591654==    by 0x4477AF5: single_binary_main_tar (in /root/rboxc/target/screen-owned-candidate/release/rboxc)
==591654==    by 0x5A18600: (below main) (libc_start_call_main.h:59)
==591654== 
==591654== 80 bytes in 1 blocks are still reachable in loss record 4 of 6
==591654==    at 0x586E858: malloc (vg_replace_malloc.c:447)
==591654==    by 0x469E0DC: rboxc_tar_xmalloc (in /root/rboxc/target/screen-owned-candidate/release/rboxc)
==591654==    by 0x4477A00: single_binary_main_tar (in /root/rboxc/target/screen-owned-candidate/release/rboxc)
==591654==    by 0x5A18600: (below main) (libc_start_call_main.h:59)
==591654== 
==591654== 102 bytes in 1 blocks are still reachable in loss record 5 of 6
==591654==    at 0x586E858: malloc (vg_replace_malloc.c:447)
==591654==    by 0x469E0DC: rboxc_tar_xmalloc (in /root/rboxc/target/screen-owned-candidate/release/rboxc)
==591654==    by 0x46734A1: rboxc_tar_name_init (in /root/rboxc/target/screen-owned-candidate/release/rboxc)
==591654==    by 0x4478A7A: single_binary_main_tar (in /root/rboxc/target/screen-owned-candidate/release/rboxc)
==591654==    by 0x5A18600: (below main) (libc_start_call_main.h:59)
==591654== 
==591654== 4,064 bytes in 1 blocks are still reachable in loss record 6 of 6
==591654==    at 0x586E858: malloc (vg_replace_malloc.c:447)
==591654==    by 0x469E0DC: rboxc_tar_xmalloc (in /root/rboxc/target/screen-owned-candidate/release/rboxc)
==591654==    by 0x4695FFD: _obstack_begin_worker.isra.0 (in /root/rboxc/target/screen-owned-candidate/release/rboxc)
==591654==    by 0x4696028: rboxc_tar__obstack_begin (in /root/rboxc/target/screen-owned-candidate/release/rboxc)
==591654==    by 0x4679CD7: rboxc_tar_transform_name_fp (in /root/rboxc/target/screen-owned-candidate/release/rboxc)
==591654==    by 0x46632A4: dump_file0 (in /root/rboxc/target/screen-owned-candidate/release/rboxc)
==591654==    by 0x466468F: rboxc_tar_create_archive (in /root/rboxc/target/screen-owned-candidate/release/rboxc)
==591654==    by 0x4478AF8: single_binary_main_tar (in /root/rboxc/target/screen-owned-candidate/release/rboxc)
==591654==    by 0x5A18600: (below main) (libc_start_call_main.h:59)
==591654== 
==591654== LEAK SUMMARY:
==591654==    definitely lost: 0 bytes in 0 blocks
==591654==    indirectly lost: 0 bytes in 0 blocks
==591654==      possibly lost: 0 bytes in 0 blocks
==591654==    still reachable: 4,272 bytes in 6 blocks
==591654==         suppressed: 0 bytes in 0 blocks
==591654== 
==591654== For lists of detected and suppressed errors, rerun with: -s
==591654== ERROR SUMMARY: 0 errors from 0 contexts (suppressed: 0 from 0)
