==706403== Memcheck, a memory error detector
==706403== Copyright (C) 2002-2024, and GNU GPL'd, by Julian Seward et al.
==706403== Using Valgrind-3.26.0 and LibVEX; rerun with -h for copyright info
==706403== Command: /tmp/rboxc-tar-behavior-rhy23il5/exec/tar -df archive.tar -C tree
==706403== Parent PID: 705177
==706403== 
==706403== 
==706403== FILE DESCRIPTORS: 2 open (1 inherited) at exit.
==706403== Open file descriptor 4: tree
==706403==    at 0x4A1AADA: openat (openat64.c:39)
==706403==    by 0x4027817: openat (fcntl2.h:175)
==706403==    by 0x4027817: chdir_do (misc.c:988)
==706403==    by 0x402A0C7: name_match (names.c:1330)
==706403==    by 0x4025622: read_and (list.c:196)
==706403==    by 0x400CD7C: main (tar.c:2837)
==706403== 
==706403== 
==706403== HEAP SUMMARY:
==706403==     in use at exit: 18,814 bytes in 12 blocks
==706403==   total heap usage: 91 allocs, 79 frees, 62,301 bytes allocated
==706403== 
==706403== 1 bytes in 1 blocks are indirectly lost in loss record 1 of 12
==706403==    at 0x48BD858: malloc (vg_replace_malloc.c:447)
==706403==    by 0x405185D: xmalloc (xmalloc.c:45)
==706403==    by 0x405185D: xmemdup (xmalloc.c:314)
==706403==    by 0x405185D: xstrdup (xmalloc.c:339)
==706403==    by 0x402994B: make_name (names.c:599)
==706403==    by 0x402994B: addname (names.c:1233)
==706403==    by 0x4025436: read_and (list.c:174)
==706403==    by 0x400CD7C: main (tar.c:2837)
==706403== 
==706403== 5 bytes in 1 blocks are still reachable in loss record 2 of 12
==706403==    at 0x48BD858: malloc (vg_replace_malloc.c:447)
==706403==    by 0x405185D: xmalloc (xmalloc.c:45)
==706403==    by 0x405185D: xmemdup (xmalloc.c:314)
==706403==    by 0x405185D: xstrdup (xmalloc.c:339)
==706403==    by 0x4029A2E: name_gather (names.c:1215)
==706403==    by 0x4025436: read_and (list.c:174)
==706403==    by 0x400CD7C: main (tar.c:2837)
==706403== 
==706403== 5 bytes in 1 blocks are still reachable in loss record 3 of 12
==706403==    at 0x48BD858: malloc (vg_replace_malloc.c:447)
==706403==    by 0x405185D: xmalloc (xmalloc.c:45)
==706403==    by 0x405185D: xmemdup (xmalloc.c:314)
==706403==    by 0x405185D: xstrdup (xmalloc.c:339)
==706403==    by 0x402644F: assign_string (misc.c:58)
==706403==    by 0x402973C: uname_to_uid (names.c:550)
==706403==    by 0x402457F: decode_header (list.c:694)
==706403==    by 0x4025616: read_and (list.c:194)
==706403==    by 0x400CD7C: main (tar.c:2837)
==706403== 
==706403== 5 bytes in 1 blocks are still reachable in loss record 4 of 12
==706403==    at 0x48BD858: malloc (vg_replace_malloc.c:447)
==706403==    by 0x405185D: xmalloc (xmalloc.c:45)
==706403==    by 0x405185D: xmemdup (xmalloc.c:314)
==706403==    by 0x405185D: xstrdup (xmalloc.c:339)
==706403==    by 0x402644F: assign_string (misc.c:58)
==706403==    by 0x40297DC: gname_to_gid (names.c:580)
==706403==    by 0x402455F: decode_header (list.c:699)
==706403==    by 0x4025616: read_and (list.c:194)
==706403==    by 0x400CD7C: main (tar.c:2837)
==706403== 
==706403== 16 bytes in 1 blocks are still reachable in loss record 5 of 12
==706403==    at 0x48C4E43: calloc (vg_replace_malloc.c:1678)
==706403==    by 0x40516F1: xcalloc (xmalloc.c:298)
==706403==    by 0x40516F1: xzalloc (xmalloc.c:283)
==706403==    by 0x400BEF9: decode_options (tar.c:2297)
==706403==    by 0x400BEF9: main (tar.c:2792)
==706403== 
==706403== 48 bytes in 1 blocks are still reachable in loss record 6 of 12
==706403==    at 0x48C53C0: reallocarray (vg_replace_malloc.c:1806)
==706403==    by 0x40515C9: xreallocarray (xmalloc.c:84)
==706403==    by 0x40515C9: x2nrealloc (xmalloc.c:203)
==706403==    by 0x4027754: chdir_arg (misc.c:934)
==706403==    by 0x4029A36: name_gather (names.c:1215)
==706403==    by 0x4025436: read_and (list.c:174)
==706403==    by 0x400CD7C: main (tar.c:2837)
==706403== 
==706403== 56 bytes in 1 blocks are definitely lost in loss record 7 of 12
==706403==    at 0x48BD858: malloc (vg_replace_malloc.c:447)
==706403==    by 0x40512CC: xmalloc (xmalloc.c:45)
==706403==    by 0x40283CE: name_elt_alloc (names.c:683)
==706403==    by 0x40289D8: name_add_dir (names.c:839)
==706403==    by 0x40289D8: names_parse_opt (names.c:192)
==706403==    by 0x404233D: group_parse (argp-parse.c:233)
==706403==    by 0x404233D: parser_parse_opt (argp-parse.c:736)
==706403==    by 0x404233D: parser_parse_next (argp-parse.c:859)
==706403==    by 0x404233D: argp_parse (argp-parse.c:927)
==706403==    by 0x400C045: decode_options (tar.c:2380)
==706403==    by 0x400C045: main (tar.c:2792)
==706403== 
==706403== 80 bytes in 1 blocks are still reachable in loss record 8 of 12
==706403==    at 0x48BD858: malloc (vg_replace_malloc.c:447)
==706403==    by 0x40512CC: xmalloc (xmalloc.c:45)
==706403==    by 0x400BE43: main (tar.c:2781)
==706403== 
==706403== 97 (96 direct, 1 indirect) bytes in 1 blocks are definitely lost in loss record 9 of 12
==706403==    at 0x48C4E43: calloc (vg_replace_malloc.c:1678)
==706403==    by 0x40516F1: xcalloc (xmalloc.c:298)
==706403==    by 0x40516F1: xzalloc (xmalloc.c:283)
==706403==    by 0x4029932: make_name (names.c:596)
==706403==    by 0x4029932: addname (names.c:1233)
==706403==    by 0x4025436: read_and (list.c:174)
==706403==    by 0x400CD7C: main (tar.c:2837)
==706403== 
==706403== 102 bytes in 1 blocks are still reachable in loss record 10 of 12
==706403==    at 0x48BD858: malloc (vg_replace_malloc.c:447)
==706403==    by 0x40512CC: xmalloc (xmalloc.c:45)
==706403==    by 0x4029881: name_init (names.c:869)
==706403==    by 0x400C94C: main (tar.c:2794)
==706403== 
==706403== 4,064 bytes in 1 blocks are still reachable in loss record 11 of 12
==706403==    at 0x48BD858: malloc (vg_replace_malloc.c:447)
==706403==    by 0x40512CC: xmalloc (xmalloc.c:45)
==706403==    by 0x404A07D: call_chunkfun (obstack.c:88)
==706403==    by 0x404A07D: _obstack_begin_worker.isra.0 (obstack.c:135)
==706403==    by 0x404A0A8: _obstack_begin (obstack.c:157)
==706403==    by 0x4032C57: _transform_name_to_obstack (transform.c:592)
==706403==    by 0x4032C57: transform_name_fp (transform.c:614)
==706403==    by 0x4023670: transform_member_name (list.c:114)
==706403==    by 0x4023670: transform_stat_info.part.0 (list.c:150)
==706403==    by 0x4025850: transform_stat_info (list.c:227)
==706403==    by 0x4025850: read_and (list.c:227)
==706403==    by 0x400CD7C: main (tar.c:2837)
==706403== 
==706403== 14,336 bytes in 1 blocks are possibly lost in loss record 12 of 12
==706403==    at 0x48BD858: malloc (vg_replace_malloc.c:447)
==706403==    by 0x40512CC: xmalloc (xmalloc.c:45)
==706403==    by 0x4027C22: page_aligned_alloc (misc.c:1235)
==706403==    by 0x4012544: diff_init (compare.c:48)
==706403==    by 0x400CD70: main (tar.c:2836)
==706403== 
==706403== LEAK SUMMARY:
==706403==    definitely lost: 152 bytes in 2 blocks
==706403==    indirectly lost: 1 bytes in 1 blocks
==706403==      possibly lost: 14,336 bytes in 1 blocks
==706403==    still reachable: 4,325 bytes in 8 blocks
==706403==         suppressed: 0 bytes in 0 blocks
==706403== 
==706403== For lists of detected and suppressed errors, rerun with: -s
==706403== ERROR SUMMARY: 4 errors from 4 contexts (suppressed: 0 from 0)
