==718215== Memcheck, a memory error detector
==718215== Copyright (C) 2002-2024, and GNU GPL'd, by Julian Seward et al.
==718215== Using Valgrind-3.26.0 and LibVEX; rerun with -h for copyright info
==718215== Command: /tmp/rboxc-gawk-original-n9daqocn/deps/sort
==718215== Parent PID: 718170
==718215== 
==718215== 
==718215== FILE DESCRIPTORS: 0 open (0 inherited) at exit.
==718215== 
==718215== HEAP SUMMARY:
==718215==     in use at exit: 136 bytes in 2 blocks
==718215==   total heap usage: 25 allocs, 23 frees, 16,935,129 bytes allocated
==718215== 
==718215== 8 bytes in 1 blocks are definitely lost in loss record 1 of 2
==718215==    at 0x4BF0858: malloc (vg_replace_malloc.c:447)
==718215==    by 0x411BCFC: xmalloc (xmalloc.c:49)
==718215==    by 0x40AE346: single_binary_main_sort (sort.c:4928)
==718215==    by 0x401A532: launch_program (coreutils.c:126)
==718215==    by 0x4018E7A: main (coreutils.c:143)
==718215== 
==718215== 128 bytes in 1 blocks are still reachable in loss record 2 of 2
==718215==    at 0x4BF807F: realloc (vg_replace_malloc.c:1804)
==718215==    by 0x411BFA6: rpl_realloc (stdlib.h:2059)
==718215==    by 0x411BFA6: xrealloc (xmalloc.c:70)
==718215==    by 0x411BFA6: xpalloc (xmalloc.c:269)
==718215==    by 0x40A7BB6: add_temp_dir (sort.c:1347)
==718215==    by 0x40AE3AD: single_binary_main_sort (sort.c:4921)
==718215==    by 0x401A532: launch_program (coreutils.c:126)
==718215==    by 0x4018E7A: main (coreutils.c:143)
==718215== 
==718215== LEAK SUMMARY:
==718215==    definitely lost: 8 bytes in 1 blocks
==718215==    indirectly lost: 0 bytes in 0 blocks
==718215==      possibly lost: 0 bytes in 0 blocks
==718215==    still reachable: 128 bytes in 1 blocks
==718215==         suppressed: 0 bytes in 0 blocks
==718215== 
==718215== For lists of detected and suppressed errors, rerun with: -s
==718215== ERROR SUMMARY: 1 errors from 1 contexts (suppressed: 0 from 0)
