==646176== Memcheck, a memory error detector
==646176== Copyright (C) 2002-2024, and GNU GPL'd, by Julian Seward et al.
==646176== Using Valgrind-3.26.0 and LibVEX; rerun with -h for copyright info
==646176== Command: /tmp/rboxc-tar-behavior-c76o6z4m/exec/tar --same-order -tf archive.tar ./alpha.txt absent
==646176== Parent PID: 635373
==646176== 
==646176== 
==646176== FILE DESCRIPTORS: 1 open (1 inherited) at exit.
==646176== 
==646176== HEAP SUMMARY:
==646176==     in use at exit: 4,407 bytes in 9 blocks
==646176==   total heap usage: 90 allocs, 81 frees, 52,191 bytes allocated
==646176== 
==646176== 5 bytes in 1 blocks are still reachable in loss record 1 of 9
==646176==    at 0x48BD858: malloc (vg_replace_malloc.c:447)
==646176==    by 0x405185D: xmalloc (xmalloc.c:45)
==646176==    by 0x405185D: xmemdup (xmalloc.c:314)
==646176==    by 0x405185D: xstrdup (xmalloc.c:339)
==646176==    by 0x402644F: assign_string (misc.c:58)
==646176==    by 0x402973C: uname_to_uid (names.c:550)
==646176==    by 0x402457F: decode_header (list.c:694)
==646176==    by 0x4025616: read_and (list.c:194)
==646176==    by 0x400CD4B: main (tar.c:2832)
==646176== 
==646176== 5 bytes in 1 blocks are still reachable in loss record 2 of 9
==646176==    at 0x48BD858: malloc (vg_replace_malloc.c:447)
==646176==    by 0x405185D: xmalloc (xmalloc.c:45)
==646176==    by 0x405185D: xmemdup (xmalloc.c:314)
==646176==    by 0x405185D: xstrdup (xmalloc.c:339)
==646176==    by 0x402644F: assign_string (misc.c:58)
==646176==    by 0x40297DC: gname_to_gid (names.c:580)
==646176==    by 0x402455F: decode_header (list.c:699)
==646176==    by 0x4025616: read_and (list.c:194)
==646176==    by 0x400CD4B: main (tar.c:2832)
==646176== 
==646176== 7 bytes in 1 blocks are still reachable in loss record 3 of 9
==646176==    at 0x48BD858: malloc (vg_replace_malloc.c:447)
==646176==    by 0x405185D: xmalloc (xmalloc.c:45)
==646176==    by 0x405185D: xmemdup (xmalloc.c:314)
==646176==    by 0x405185D: xstrdup (xmalloc.c:339)
==646176==    by 0x4029B16: make_name (names.c:599)
==646176==    by 0x4029B16: name_gather (names.c:1191)
==646176==    by 0x402A020: name_match (names.c:1364)
==646176==    by 0x4025622: read_and (list.c:196)
==646176==    by 0x400CD4B: main (tar.c:2832)
==646176== 
==646176== 16 bytes in 1 blocks are still reachable in loss record 4 of 9
==646176==    at 0x48C4E43: calloc (vg_replace_malloc.c:1678)
==646176==    by 0x40516F1: xcalloc (xmalloc.c:298)
==646176==    by 0x40516F1: xzalloc (xmalloc.c:283)
==646176==    by 0x400BEF9: decode_options (tar.c:2297)
==646176==    by 0x400BEF9: main (tar.c:2792)
==646176== 
==646176== 32 bytes in 1 blocks are still reachable in loss record 5 of 9
==646176==    at 0x48BD858: malloc (vg_replace_malloc.c:447)
==646176==    by 0x40512CC: xmalloc (xmalloc.c:45)
==646176==    by 0x402F07B: optloc_save (tar.c:926)
==646176==    by 0x4030A4A: parse_opt (tar.c:1691)
==646176==    by 0x40421C3: group_parse (argp-parse.c:233)
==646176==    by 0x40421C3: parser_parse_opt (argp-parse.c:748)
==646176==    by 0x40421C3: parser_parse_next (argp-parse.c:859)
==646176==    by 0x40421C3: argp_parse (argp-parse.c:927)
==646176==    by 0x400C045: decode_options (tar.c:2380)
==646176==    by 0x400C045: main (tar.c:2792)
==646176== 
==646176== 80 bytes in 1 blocks are still reachable in loss record 6 of 9
==646176==    at 0x48BD858: malloc (vg_replace_malloc.c:447)
==646176==    by 0x40512CC: xmalloc (xmalloc.c:45)
==646176==    by 0x400BE43: main (tar.c:2781)
==646176== 
==646176== 96 bytes in 1 blocks are still reachable in loss record 7 of 9
==646176==    at 0x48C4E43: calloc (vg_replace_malloc.c:1678)
==646176==    by 0x40516F1: xcalloc (xmalloc.c:298)
==646176==    by 0x40516F1: xzalloc (xmalloc.c:283)
==646176==    by 0x4029AFD: make_name (names.c:596)
==646176==    by 0x4029AFD: name_gather (names.c:1191)
==646176==    by 0x402A020: name_match (names.c:1364)
==646176==    by 0x4025622: read_and (list.c:196)
==646176==    by 0x400CD4B: main (tar.c:2832)
==646176== 
==646176== 102 bytes in 1 blocks are still reachable in loss record 8 of 9
==646176==    at 0x48BD858: malloc (vg_replace_malloc.c:447)
==646176==    by 0x40512CC: xmalloc (xmalloc.c:45)
==646176==    by 0x4029881: name_init (names.c:869)
==646176==    by 0x400C94C: main (tar.c:2794)
==646176== 
==646176== 4,064 bytes in 1 blocks are still reachable in loss record 9 of 9
==646176==    at 0x48BD858: malloc (vg_replace_malloc.c:447)
==646176==    by 0x40512CC: xmalloc (xmalloc.c:45)
==646176==    by 0x404A07D: call_chunkfun (obstack.c:88)
==646176==    by 0x404A07D: _obstack_begin_worker.isra.0 (obstack.c:135)
==646176==    by 0x404A0A8: _obstack_begin (obstack.c:157)
==646176==    by 0x4032C57: _transform_name_to_obstack (transform.c:592)
==646176==    by 0x4032C57: transform_name_fp (transform.c:614)
==646176==    by 0x4023670: transform_member_name (list.c:114)
==646176==    by 0x4023670: transform_stat_info.part.0 (list.c:150)
==646176==    by 0x4025850: transform_stat_info (list.c:227)
==646176==    by 0x4025850: read_and (list.c:227)
==646176==    by 0x400CD4B: main (tar.c:2832)
==646176== 
==646176== LEAK SUMMARY:
==646176==    definitely lost: 0 bytes in 0 blocks
==646176==    indirectly lost: 0 bytes in 0 blocks
==646176==      possibly lost: 0 bytes in 0 blocks
==646176==    still reachable: 4,407 bytes in 9 blocks
==646176==         suppressed: 0 bytes in 0 blocks
==646176== 
==646176== For lists of detected and suppressed errors, rerun with: -s
==646176== ERROR SUMMARY: 0 errors from 0 contexts (suppressed: 0 from 0)
