==718554== Memcheck, a memory error detector
==718554== Copyright (C) 2002-2024, and GNU GPL'd, by Julian Seward et al.
==718554== Using Valgrind-3.26.0 and LibVEX; rerun with -h for copyright info
==718554== Command: tar --version
==718554== Parent PID: 718468
==718554== 
==718554== 
==718554== FILE DESCRIPTORS: 4 open (4 inherited) at exit.
==718554== 
==718554== HEAP SUMMARY:
==718554==     in use at exit: 7,767 bytes in 3 blocks
==718554==   total heap usage: 15 allocs, 12 frees, 12,021 bytes allocated
==718554== 
==718554== 16 bytes in 1 blocks are still reachable in loss record 1 of 3
==718554==    at 0x5875E43: calloc (vg_replace_malloc.c:1678)
==718554==    by 0x469E681: rboxc_tar_xzalloc (in /root/rboxc/target/tar-child-input-candidate/release/rboxc)
==718554==    by 0x440DEF5: single_binary_main_tar (in /root/rboxc/target/tar-child-input-candidate/release/rboxc)
==718554==    by 0x5A18600: (below main) (libc_start_call_main.h:59)
==718554== 
==718554== 80 bytes in 1 blocks are still reachable in loss record 2 of 3
==718554==    at 0x586E858: malloc (vg_replace_malloc.c:447)
==718554==    by 0x469E25C: rboxc_tar_xmalloc (in /root/rboxc/target/tar-child-input-candidate/release/rboxc)
==718554==    by 0x440DE00: single_binary_main_tar (in /root/rboxc/target/tar-child-input-candidate/release/rboxc)
==718554==    by 0x5A18600: (below main) (libc_start_call_main.h:59)
==718554== 
==718554== 7,671 bytes in 1 blocks are still reachable in loss record 3 of 3
==718554==    at 0x586E858: malloc (vg_replace_malloc.c:447)
==718554==    by 0x468C8D4: rboxc_tar_argp_parse (in /root/rboxc/target/tar-child-input-candidate/release/rboxc)
==718554==    by 0x440E425: single_binary_main_tar (in /root/rboxc/target/tar-child-input-candidate/release/rboxc)
==718554==    by 0x5A18600: (below main) (libc_start_call_main.h:59)
==718554== 
==718554== LEAK SUMMARY:
==718554==    definitely lost: 0 bytes in 0 blocks
==718554==    indirectly lost: 0 bytes in 0 blocks
==718554==      possibly lost: 0 bytes in 0 blocks
==718554==    still reachable: 7,767 bytes in 3 blocks
==718554==         suppressed: 0 bytes in 0 blocks
==718554== 
==718554== For lists of detected and suppressed errors, rerun with: -s
==718554== ERROR SUMMARY: 0 errors from 0 contexts (suppressed: 0 from 0)
