==706477== Memcheck, a memory error detector
==706477== Copyright (C) 2002-2024, and GNU GPL'd, by Julian Seward et al.
==706477== Using Valgrind-3.26.0 and LibVEX; rerun with -h for copyright info
==706477== Command: /tmp/rboxc-tar-behavior-7gxw37fx/exec/tar -Af archive.tar second.tar
==706477== Parent PID: 705177
==706477== 
==706477== 
==706477== FILE DESCRIPTORS: 1 open (1 inherited) at exit.
==706477== 
==706477== HEAP SUMMARY:
==706477==     in use at exit: 4,369 bytes in 6 blocks
==706477==   total heap usage: 59 allocs, 53 frees, 26,893 bytes allocated
==706477== 
==706477== 11 bytes in 1 blocks are indirectly lost in loss record 1 of 6
==706477==    at 0x48BD858: malloc (vg_replace_malloc.c:447)
==706477==    by 0x405185D: xmalloc (xmalloc.c:45)
==706477==    by 0x405185D: xmemdup (xmalloc.c:314)
==706477==    by 0x405185D: xstrdup (xmalloc.c:339)
==706477==    by 0x402994B: make_name (names.c:599)
==706477==    by 0x402994B: addname (names.c:1233)
==706477==    by 0x4029AB7: name_gather (names.c:1218)
==706477==    by 0x403322C: update_archive (update.c:111)
==706477==    by 0x400CC4C: main (tar.c:2810)
==706477== 
==706477== 16 bytes in 1 blocks are still reachable in loss record 2 of 6
==706477==    at 0x48C4E43: calloc (vg_replace_malloc.c:1678)
==706477==    by 0x40516F1: xcalloc (xmalloc.c:298)
==706477==    by 0x40516F1: xzalloc (xmalloc.c:283)
==706477==    by 0x400BEF9: decode_options (tar.c:2297)
==706477==    by 0x400BEF9: main (tar.c:2792)
==706477== 
==706477== 80 bytes in 1 blocks are still reachable in loss record 3 of 6
==706477==    at 0x48BD858: malloc (vg_replace_malloc.c:447)
==706477==    by 0x40512CC: xmalloc (xmalloc.c:45)
==706477==    by 0x400BE43: main (tar.c:2781)
==706477== 
==706477== 102 bytes in 1 blocks are still reachable in loss record 4 of 6
==706477==    at 0x48BD858: malloc (vg_replace_malloc.c:447)
==706477==    by 0x40512CC: xmalloc (xmalloc.c:45)
==706477==    by 0x4029881: name_init (names.c:869)
==706477==    by 0x400C94C: main (tar.c:2794)
==706477== 
==706477== 107 (96 direct, 11 indirect) bytes in 1 blocks are definitely lost in loss record 5 of 6
==706477==    at 0x48C4E43: calloc (vg_replace_malloc.c:1678)
==706477==    by 0x40516F1: xcalloc (xmalloc.c:298)
==706477==    by 0x40516F1: xzalloc (xmalloc.c:283)
==706477==    by 0x4029932: make_name (names.c:596)
==706477==    by 0x4029932: addname (names.c:1233)
==706477==    by 0x4029AB7: name_gather (names.c:1218)
==706477==    by 0x403322C: update_archive (update.c:111)
==706477==    by 0x400CC4C: main (tar.c:2810)
==706477== 
==706477== 4,064 bytes in 1 blocks are still reachable in loss record 6 of 6
==706477==    at 0x48BD858: malloc (vg_replace_malloc.c:447)
==706477==    by 0x40512CC: xmalloc (xmalloc.c:45)
==706477==    by 0x404A07D: call_chunkfun (obstack.c:88)
==706477==    by 0x404A07D: _obstack_begin_worker.isra.0 (obstack.c:135)
==706477==    by 0x404A0A8: _obstack_begin (obstack.c:157)
==706477==    by 0x4032C57: _transform_name_to_obstack (transform.c:592)
==706477==    by 0x4032C57: transform_name_fp (transform.c:614)
==706477==    by 0x4023670: transform_member_name (list.c:114)
==706477==    by 0x4023670: transform_stat_info.part.0 (list.c:150)
==706477==    by 0x403343D: update_archive (update.c:134)
==706477==    by 0x400CC4C: main (tar.c:2810)
==706477== 
==706477== LEAK SUMMARY:
==706477==    definitely lost: 96 bytes in 1 blocks
==706477==    indirectly lost: 11 bytes in 1 blocks
==706477==      possibly lost: 0 bytes in 0 blocks
==706477==    still reachable: 4,262 bytes in 4 blocks
==706477==         suppressed: 0 bytes in 0 blocks
==706477== 
==706477== For lists of detected and suppressed errors, rerun with: -s
==706477== ERROR SUMMARY: 1 errors from 1 contexts (suppressed: 0 from 0)
