==694398== Memcheck, a memory error detector
==694398== Copyright (C) 2002-2024, and GNU GPL'd, by Julian Seward et al.
==694398== Using Valgrind-3.26.0 and LibVEX; rerun with -h for copyright info
==694398== Command: /tmp/rboxc-tar-behavior-5wzq53bw/exec/tar --index-file=index.txt -tvf archive.tar absent
==694398== Parent PID: 683658
==694398== 
==694398== 
==694398== FILE DESCRIPTORS: 2 open (2 inherited) at exit.
==694398== 
==694398== HEAP SUMMARY:
==694398==     in use at exit: 208 bytes in 5 blocks
==694398==   total heap usage: 83 allocs, 78 frees, 44,300 bytes allocated
==694398== 
==694398== 5 bytes in 1 blocks are still reachable in loss record 1 of 5
==694398==    at 0x586E858: malloc (vg_replace_malloc.c:447)
==694398==    by 0x469E72D: rboxc_tar_xstrdup (in /root/rboxc/target/tar-child-prefix-candidate/release/rboxc)
==694398==    by 0x467000F: rboxc_tar_assign_string (in /root/rboxc/target/tar-child-prefix-candidate/release/rboxc)
==694398==    by 0x467341C: rboxc_tar_uname_to_uid (in /root/rboxc/target/tar-child-prefix-candidate/release/rboxc)
==694398==    by 0x466E07F: rboxc_tar_decode_header (in /root/rboxc/target/tar-child-prefix-candidate/release/rboxc)
==694398==    by 0x466F116: rboxc_tar_read_and (in /root/rboxc/target/tar-child-prefix-candidate/release/rboxc)
==694398==    by 0x440EEF9: single_binary_main_tar (in /root/rboxc/target/tar-child-prefix-candidate/release/rboxc)
==694398==    by 0x5A18600: (below main) (libc_start_call_main.h:59)
==694398== 
==694398== 5 bytes in 1 blocks are still reachable in loss record 2 of 5
==694398==    at 0x586E858: malloc (vg_replace_malloc.c:447)
==694398==    by 0x469E72D: rboxc_tar_xstrdup (in /root/rboxc/target/tar-child-prefix-candidate/release/rboxc)
==694398==    by 0x467000F: rboxc_tar_assign_string (in /root/rboxc/target/tar-child-prefix-candidate/release/rboxc)
==694398==    by 0x46734BC: rboxc_tar_gname_to_gid (in /root/rboxc/target/tar-child-prefix-candidate/release/rboxc)
==694398==    by 0x466E05F: rboxc_tar_decode_header (in /root/rboxc/target/tar-child-prefix-candidate/release/rboxc)
==694398==    by 0x466F116: rboxc_tar_read_and (in /root/rboxc/target/tar-child-prefix-candidate/release/rboxc)
==694398==    by 0x440EEF9: single_binary_main_tar (in /root/rboxc/target/tar-child-prefix-candidate/release/rboxc)
==694398==    by 0x5A18600: (below main) (libc_start_call_main.h:59)
==694398== 
==694398== 16 bytes in 1 blocks are still reachable in loss record 3 of 5
==694398==    at 0x5875E43: calloc (vg_replace_malloc.c:1678)
==694398==    by 0x469E5C1: rboxc_tar_xzalloc (in /root/rboxc/target/tar-child-prefix-candidate/release/rboxc)
==694398==    by 0x440DEB5: single_binary_main_tar (in /root/rboxc/target/tar-child-prefix-candidate/release/rboxc)
==694398==    by 0x5A18600: (below main) (libc_start_call_main.h:59)
==694398== 
==694398== 80 bytes in 1 blocks are still reachable in loss record 4 of 5
==694398==    at 0x586E858: malloc (vg_replace_malloc.c:447)
==694398==    by 0x469E19C: rboxc_tar_xmalloc (in /root/rboxc/target/tar-child-prefix-candidate/release/rboxc)
==694398==    by 0x440DDC0: single_binary_main_tar (in /root/rboxc/target/tar-child-prefix-candidate/release/rboxc)
==694398==    by 0x5A18600: (below main) (libc_start_call_main.h:59)
==694398== 
==694398== 102 bytes in 1 blocks are still reachable in loss record 5 of 5
==694398==    at 0x586E858: malloc (vg_replace_malloc.c:447)
==694398==    by 0x469E19C: rboxc_tar_xmalloc (in /root/rboxc/target/tar-child-prefix-candidate/release/rboxc)
==694398==    by 0x4673561: rboxc_tar_name_init (in /root/rboxc/target/tar-child-prefix-candidate/release/rboxc)
==694398==    by 0x440EE3A: single_binary_main_tar (in /root/rboxc/target/tar-child-prefix-candidate/release/rboxc)
==694398==    by 0x5A18600: (below main) (libc_start_call_main.h:59)
==694398== 
==694398== LEAK SUMMARY:
==694398==    definitely lost: 0 bytes in 0 blocks
==694398==    indirectly lost: 0 bytes in 0 blocks
==694398==      possibly lost: 0 bytes in 0 blocks
==694398==    still reachable: 208 bytes in 5 blocks
==694398==         suppressed: 0 bytes in 0 blocks
==694398== 
==694398== For lists of detected and suppressed errors, rerun with: -s
==694398== ERROR SUMMARY: 0 errors from 0 contexts (suppressed: 0 from 0)
