==697285== Memcheck, a memory error detector
==697285== Copyright (C) 2002-2024, and GNU GPL'd, by Julian Seward et al.
==697285== Using Valgrind-3.26.0 and LibVEX; rerun with -h for copyright info
==697285== Command: tar -xf archive.tar -C dst1 --warning=no-timestamp
==697285== Parent PID: 696875
==697285== 
==697285== 
==697285== FILE DESCRIPTORS: 1 open (1 inherited) at exit.
==697285== 
==697285== HEAP SUMMARY:
==697285==     in use at exit: 4,272 bytes in 6 blocks
==697285==   total heap usage: 68 allocs, 62 frees, 56,716 bytes allocated
==697285== 
==697285== 5 bytes in 1 blocks are still reachable in loss record 1 of 6
==697285==    at 0x586E858: malloc (vg_replace_malloc.c:447)
==697285==    by 0x469E7ED: rboxc_tar_xstrdup (in /root/rboxc/target/tar-child-input-candidate/release/rboxc)
==697285==    by 0x467004F: rboxc_tar_assign_string (in /root/rboxc/target/tar-child-input-candidate/release/rboxc)
==697285==    by 0x467345C: rboxc_tar_uname_to_uid (in /root/rboxc/target/tar-child-input-candidate/release/rboxc)
==697285==    by 0x466E0BF: rboxc_tar_decode_header (in /root/rboxc/target/tar-child-input-candidate/release/rboxc)
==697285==    by 0x466F156: rboxc_tar_read_and (in /root/rboxc/target/tar-child-input-candidate/release/rboxc)
==697285==    by 0x440F040: single_binary_main_tar (in /root/rboxc/target/tar-child-input-candidate/release/rboxc)
==697285==    by 0x5A18600: (below main) (libc_start_call_main.h:59)
==697285== 
==697285== 5 bytes in 1 blocks are still reachable in loss record 2 of 6
==697285==    at 0x586E858: malloc (vg_replace_malloc.c:447)
==697285==    by 0x469E7ED: rboxc_tar_xstrdup (in /root/rboxc/target/tar-child-input-candidate/release/rboxc)
==697285==    by 0x467004F: rboxc_tar_assign_string (in /root/rboxc/target/tar-child-input-candidate/release/rboxc)
==697285==    by 0x46734FC: rboxc_tar_gname_to_gid (in /root/rboxc/target/tar-child-input-candidate/release/rboxc)
==697285==    by 0x466E09F: rboxc_tar_decode_header (in /root/rboxc/target/tar-child-input-candidate/release/rboxc)
==697285==    by 0x466F156: rboxc_tar_read_and (in /root/rboxc/target/tar-child-input-candidate/release/rboxc)
==697285==    by 0x440F040: single_binary_main_tar (in /root/rboxc/target/tar-child-input-candidate/release/rboxc)
==697285==    by 0x5A18600: (below main) (libc_start_call_main.h:59)
==697285== 
==697285== 16 bytes in 1 blocks are still reachable in loss record 3 of 6
==697285==    at 0x5875E43: calloc (vg_replace_malloc.c:1678)
==697285==    by 0x469E681: rboxc_tar_xzalloc (in /root/rboxc/target/tar-child-input-candidate/release/rboxc)
==697285==    by 0x440DEF5: single_binary_main_tar (in /root/rboxc/target/tar-child-input-candidate/release/rboxc)
==697285==    by 0x5A18600: (below main) (libc_start_call_main.h:59)
==697285== 
==697285== 80 bytes in 1 blocks are still reachable in loss record 4 of 6
==697285==    at 0x586E858: malloc (vg_replace_malloc.c:447)
==697285==    by 0x469E25C: rboxc_tar_xmalloc (in /root/rboxc/target/tar-child-input-candidate/release/rboxc)
==697285==    by 0x440DE00: single_binary_main_tar (in /root/rboxc/target/tar-child-input-candidate/release/rboxc)
==697285==    by 0x5A18600: (below main) (libc_start_call_main.h:59)
==697285== 
==697285== 102 bytes in 1 blocks are still reachable in loss record 5 of 6
==697285==    at 0x586E858: malloc (vg_replace_malloc.c:447)
==697285==    by 0x469E25C: rboxc_tar_xmalloc (in /root/rboxc/target/tar-child-input-candidate/release/rboxc)
==697285==    by 0x46735A1: rboxc_tar_name_init (in /root/rboxc/target/tar-child-input-candidate/release/rboxc)
==697285==    by 0x440EE7A: single_binary_main_tar (in /root/rboxc/target/tar-child-input-candidate/release/rboxc)
==697285==    by 0x5A18600: (below main) (libc_start_call_main.h:59)
==697285== 
==697285== 4,064 bytes in 1 blocks are still reachable in loss record 6 of 6
==697285==    at 0x586E858: malloc (vg_replace_malloc.c:447)
==697285==    by 0x469E25C: rboxc_tar_xmalloc (in /root/rboxc/target/tar-child-input-candidate/release/rboxc)
==697285==    by 0x469617D: _obstack_begin_worker.isra.0 (in /root/rboxc/target/tar-child-input-candidate/release/rboxc)
==697285==    by 0x46961A8: rboxc_tar__obstack_begin (in /root/rboxc/target/tar-child-input-candidate/release/rboxc)
==697285==    by 0x4679E77: rboxc_tar_transform_name_fp (in /root/rboxc/target/tar-child-input-candidate/release/rboxc)
==697285==    by 0x466D1B0: transform_stat_info.part.0 (in /root/rboxc/target/tar-child-input-candidate/release/rboxc)
==697285==    by 0x466F390: rboxc_tar_read_and (in /root/rboxc/target/tar-child-input-candidate/release/rboxc)
==697285==    by 0x440F040: single_binary_main_tar (in /root/rboxc/target/tar-child-input-candidate/release/rboxc)
==697285==    by 0x5A18600: (below main) (libc_start_call_main.h:59)
==697285== 
==697285== LEAK SUMMARY:
==697285==    definitely lost: 0 bytes in 0 blocks
==697285==    indirectly lost: 0 bytes in 0 blocks
==697285==      possibly lost: 0 bytes in 0 blocks
==697285==    still reachable: 4,272 bytes in 6 blocks
==697285==         suppressed: 0 bytes in 0 blocks
==697285== 
==697285== For lists of detected and suppressed errors, rerun with: -s
==697285== ERROR SUMMARY: 0 errors from 0 contexts (suppressed: 0 from 0)
