==710412== Memcheck, a memory error detector
==710412== Copyright (C) 2002-2024, and GNU GPL'd, by Julian Seward et al.
==710412== Using Valgrind-3.26.0 and LibVEX; rerun with -h for copyright info
==710412== Command: tar -t -M -fxsplit-1.tar -fxsplit-2.tar
==710412== Parent PID: 710409
==710412== 
==710412== File descriptor -1 Invalid file descriptor
==710412==    at 0x5B1191B: fstat (fstat64.c:39)
==710412==    by 0x588F5C4: ??? (in /usr/lib/x86_64-linux-gnu/libnss_sss.so.2)
==710412==    by 0x588F89F: ??? (in /usr/lib/x86_64-linux-gnu/libnss_sss.so.2)
==710412==    by 0x5890654: _nss_sss_getpwnam_r (in /usr/lib/x86_64-linux-gnu/libnss_sss.so.2)
==710412==    by 0x5B5F778: getpwnam_r@@GLIBC_2.2.5 (getXXbyYY_r.c:265)
==710412==    by 0x5B5F5AD: getpwnam (getXXbyYY.c:140)
==710412==    by 0x467343F: rboxc_tar_uname_to_uid (in /root/rboxc/target/tar-child-input-candidate/release/rboxc)
==710412==    by 0x466E0BF: rboxc_tar_decode_header (in /root/rboxc/target/tar-child-input-candidate/release/rboxc)
==710412==    by 0x466F156: rboxc_tar_read_and (in /root/rboxc/target/tar-child-input-candidate/release/rboxc)
==710412==    by 0x440EF39: single_binary_main_tar (in /root/rboxc/target/tar-child-input-candidate/release/rboxc)
==710412==    by 0x5A18600: (below main) (libc_start_call_main.h:59)
==710412== 
==710412== FILE DESCRIPTORS: 0 open (0 inherited) at exit.
==710412== 
==710412== HEAP SUMMARY:
==710412==     in use at exit: 40,738 bytes in 16 blocks
==710412==   total heap usage: 448 allocs, 432 frees, 431,844 bytes allocated
==710412== 
==710412== 5 bytes in 1 blocks are still reachable in loss record 1 of 16
==710412==    at 0x586E858: malloc (vg_replace_malloc.c:447)
==710412==    by 0x469E7ED: rboxc_tar_xstrdup (in /root/rboxc/target/tar-child-input-candidate/release/rboxc)
==710412==    by 0x467004F: rboxc_tar_assign_string (in /root/rboxc/target/tar-child-input-candidate/release/rboxc)
==710412==    by 0x4673486: rboxc_tar_uname_to_uid (in /root/rboxc/target/tar-child-input-candidate/release/rboxc)
==710412==    by 0x466E0BF: rboxc_tar_decode_header (in /root/rboxc/target/tar-child-input-candidate/release/rboxc)
==710412==    by 0x466F156: rboxc_tar_read_and (in /root/rboxc/target/tar-child-input-candidate/release/rboxc)
==710412==    by 0x440EF39: single_binary_main_tar (in /root/rboxc/target/tar-child-input-candidate/release/rboxc)
==710412==    by 0x5A18600: (below main) (libc_start_call_main.h:59)
==710412== 
==710412== 6 bytes in 1 blocks are still reachable in loss record 2 of 16
==710412==    at 0x586E858: malloc (vg_replace_malloc.c:447)
==710412==    by 0x469E7ED: rboxc_tar_xstrdup (in /root/rboxc/target/tar-child-input-candidate/release/rboxc)
==710412==    by 0x467004F: rboxc_tar_assign_string (in /root/rboxc/target/tar-child-input-candidate/release/rboxc)
==710412==    by 0x46734FC: rboxc_tar_gname_to_gid (in /root/rboxc/target/tar-child-input-candidate/release/rboxc)
==710412==    by 0x466E09F: rboxc_tar_decode_header (in /root/rboxc/target/tar-child-input-candidate/release/rboxc)
==710412==    by 0x466F156: rboxc_tar_read_and (in /root/rboxc/target/tar-child-input-candidate/release/rboxc)
==710412==    by 0x440EF39: single_binary_main_tar (in /root/rboxc/target/tar-child-input-candidate/release/rboxc)
==710412==    by 0x5A18600: (below main) (libc_start_call_main.h:59)
==710412== 
==710412== 16 bytes in 1 blocks are still reachable in loss record 3 of 16
==710412==    at 0x5875E43: calloc (vg_replace_malloc.c:1678)
==710412==    by 0x469E681: rboxc_tar_xzalloc (in /root/rboxc/target/tar-child-input-candidate/release/rboxc)
==710412==    by 0x440DEF5: single_binary_main_tar (in /root/rboxc/target/tar-child-input-candidate/release/rboxc)
==710412==    by 0x5A18600: (below main) (libc_start_call_main.h:59)
==710412== 
==710412== 46 bytes in 1 blocks are still reachable in loss record 4 of 16
==710412==    at 0x586E858: malloc (vg_replace_malloc.c:447)
==710412==    by 0x504FB1F: malloc (rtld-malloc.h:56)
==710412==    by 0x504FB1F: strdup (strdup.c:42)
==710412==    by 0x503BAAF: _dl_load_cache_lookup (dl-cache.c:498)
==710412==    by 0x502DE27: _dl_map_new_object (dl-load.c:2073)
==710412==    by 0x5032460: dl_open_worker_begin (dl-open.c:535)
==710412==    by 0x5025512: _dl_catch_exception (dl-catch.c:241)
==710412==    by 0x503120B: dl_open_worker (dl-open.c:762)
==710412==    by 0x5025512: _dl_catch_exception (dl-catch.c:241)
==710412==    by 0x5031749: _dl_open (dl-open.c:900)
==710412==    by 0x5B81344: do_dlopen (dl-libc.c:95)
==710412==    by 0x5025512: _dl_catch_exception (dl-catch.c:241)
==710412==    by 0x5025658: _dl_catch_error (dl-catch.c:260)
==710412== 
==710412== 46 bytes in 1 blocks are still reachable in loss record 5 of 16
==710412==    at 0x586E858: malloc (vg_replace_malloc.c:447)
==710412==    by 0x5030FD8: malloc (rtld-malloc.h:56)
==710412==    by 0x5030FD8: _dl_new_object (dl-object.c:199)
==710412==    by 0x502BEA0: _dl_map_object_from_fd (dl-load.c:1065)
==710412==    by 0x502D989: _dl_map_new_object (dl-load.c:2206)
==710412==    by 0x5032460: dl_open_worker_begin (dl-open.c:535)
==710412==    by 0x5025512: _dl_catch_exception (dl-catch.c:241)
==710412==    by 0x503120B: dl_open_worker (dl-open.c:762)
==710412==    by 0x5025512: _dl_catch_exception (dl-catch.c:241)
==710412==    by 0x5031749: _dl_open (dl-open.c:900)
==710412==    by 0x5B81344: do_dlopen (dl-libc.c:95)
==710412==    by 0x5025512: _dl_catch_exception (dl-catch.c:241)
==710412==    by 0x5025658: _dl_catch_error (dl-catch.c:260)
==710412== 
==710412== 80 bytes in 1 blocks are still reachable in loss record 6 of 16
==710412==    at 0x586E858: malloc (vg_replace_malloc.c:447)
==710412==    by 0x469E25C: rboxc_tar_xmalloc (in /root/rboxc/target/tar-child-input-candidate/release/rboxc)
==710412==    by 0x440DE00: single_binary_main_tar (in /root/rboxc/target/tar-child-input-candidate/release/rboxc)
==710412==    by 0x5A18600: (below main) (libc_start_call_main.h:59)
==710412== 
==710412== 102 bytes in 1 blocks are still reachable in loss record 7 of 16
==710412==    at 0x586E858: malloc (vg_replace_malloc.c:447)
==710412==    by 0x469E25C: rboxc_tar_xmalloc (in /root/rboxc/target/tar-child-input-candidate/release/rboxc)
==710412==    by 0x46735A1: rboxc_tar_name_init (in /root/rboxc/target/tar-child-input-candidate/release/rboxc)
==710412==    by 0x440EE7A: single_binary_main_tar (in /root/rboxc/target/tar-child-input-candidate/release/rboxc)
==710412==    by 0x5A18600: (below main) (libc_start_call_main.h:59)
==710412== 
==710412== 112 bytes in 1 blocks are still reachable in loss record 8 of 16
==710412==    at 0x586E858: malloc (vg_replace_malloc.c:447)
==710412==    by 0x5A18E43: __gconv_open (gconv_open.c:77)
==710412==    by 0x5A189E0: iconv_open (iconv_open.c:39)
==710412==    by 0x467AA6D: rboxc_tar_utf8_convert (in /root/rboxc/target/tar-child-input-candidate/release/rboxc)
==710412==    by 0x467E5F4: volume_label_decoder (in /root/rboxc/target/tar-child-input-candidate/release/rboxc)
==710412==    by 0x467D451: decode_record.isra.0 (in /root/rboxc/target/tar-child-input-candidate/release/rboxc)
==710412==    by 0x467F6AF: rboxc_tar_xheader_decode_global (in /root/rboxc/target/tar-child-input-candidate/release/rboxc)
==710412==    by 0x466D695: rboxc_tar_read_header (in /root/rboxc/target/tar-child-input-candidate/release/rboxc)
==710412==    by 0x466EFA0: rboxc_tar_read_and (in /root/rboxc/target/tar-child-input-candidate/release/rboxc)
==710412==    by 0x440EF39: single_binary_main_tar (in /root/rboxc/target/tar-child-input-candidate/release/rboxc)
==710412==    by 0x5A18600: (below main) (libc_start_call_main.h:59)
==710412== 
==710412== 208 bytes in 1 blocks are still reachable in loss record 10 of 16
==710412==    at 0x586E858: malloc (vg_replace_malloc.c:447)
==710412==    by 0x5A24C6F: __gconv_lookup_cache (gconv_cache.c:361)
==710412==    by 0x5A1A8EE: __gconv_find_transform (gconv_db.c:717)
==710412==    by 0x5A18DE5: __gconv_open (gconv_open.c:73)
==710412==    by 0x5A189E0: iconv_open (iconv_open.c:39)
==710412==    by 0x467AA6D: rboxc_tar_utf8_convert (in /root/rboxc/target/tar-child-input-candidate/release/rboxc)
==710412==    by 0x467E5F4: volume_label_decoder (in /root/rboxc/target/tar-child-input-candidate/release/rboxc)
==710412==    by 0x467D451: decode_record.isra.0 (in /root/rboxc/target/tar-child-input-candidate/release/rboxc)
==710412==    by 0x467F6AF: rboxc_tar_xheader_decode_global (in /root/rboxc/target/tar-child-input-candidate/release/rboxc)
==710412==    by 0x466D695: rboxc_tar_read_header (in /root/rboxc/target/tar-child-input-candidate/release/rboxc)
==710412==    by 0x466EFA0: rboxc_tar_read_and (in /root/rboxc/target/tar-child-input-candidate/release/rboxc)
==710412==    by 0x440EF39: single_binary_main_tar (in /root/rboxc/target/tar-child-input-candidate/release/rboxc)
==710412== 
==710412== 512 bytes in 1 blocks are still reachable in loss record 11 of 16
==710412==    at 0x586E858: malloc (vg_replace_malloc.c:447)
==710412==    by 0x469E25C: rboxc_tar_xmalloc (in /root/rboxc/target/tar-child-input-candidate/release/rboxc)
==710412==    by 0x466D901: rboxc_tar_read_header (in /root/rboxc/target/tar-child-input-candidate/release/rboxc)
==710412==    by 0x466EFA0: rboxc_tar_read_and (in /root/rboxc/target/tar-child-input-candidate/release/rboxc)
==710412==    by 0x440EF39: single_binary_main_tar (in /root/rboxc/target/tar-child-input-candidate/release/rboxc)
==710412==    by 0x5A18600: (below main) (libc_start_call_main.h:59)
==710412== 
==710412== 648 bytes in 1 blocks are still reachable in loss record 12 of 16
==710412==    at 0x5875E43: calloc (vg_replace_malloc.c:1678)
==710412==    by 0x503B2BD: calloc (rtld-malloc.h:44)
==710412==    by 0x503B2BD: _dl_check_map_versions (dl-version.c:280)
==710412==    by 0x503210C: dl_open_worker_begin (dl-open.c:617)
==710412==    by 0x5025512: _dl_catch_exception (dl-catch.c:241)
==710412==    by 0x503120B: dl_open_worker (dl-open.c:762)
==710412==    by 0x5025512: _dl_catch_exception (dl-catch.c:241)
==710412==    by 0x5031749: _dl_open (dl-open.c:900)
==710412==    by 0x5B81344: do_dlopen (dl-libc.c:95)
==710412==    by 0x5025512: _dl_catch_exception (dl-catch.c:241)
==710412==    by 0x5025658: _dl_catch_error (dl-catch.c:260)
==710412==    by 0x5B814A8: dlerror_run (dl-libc.c:45)
==710412==    by 0x5B814A8: __libc_dlopen_mode (dl-libc.c:162)
==710412==    by 0x5B50E73: module_load (nss_module.c:187)
==710412== 
==710412== 849 bytes in 1 blocks are still reachable in loss record 13 of 16
==710412==    at 0x586E858: malloc (vg_replace_malloc.c:447)
==710412==    by 0x469E25C: rboxc_tar_xmalloc (in /root/rboxc/target/tar-child-input-candidate/release/rboxc)
==710412==    by 0x467A9E7: rboxc_tar_utf8_convert (in /root/rboxc/target/tar-child-input-candidate/release/rboxc)
==710412==    by 0x467E5F4: volume_label_decoder (in /root/rboxc/target/tar-child-input-candidate/release/rboxc)
==710412==    by 0x467D451: decode_record.isra.0 (in /root/rboxc/target/tar-child-input-candidate/release/rboxc)
==710412==    by 0x467F6AF: rboxc_tar_xheader_decode_global (in /root/rboxc/target/tar-child-input-candidate/release/rboxc)
==710412==    by 0x466D695: rboxc_tar_read_header (in /root/rboxc/target/tar-child-input-candidate/release/rboxc)
==710412==    by 0x465D3FE: gnu_flush_read (in /root/rboxc/target/tar-child-input-candidate/release/rboxc)
==710412==    by 0x465B469: rboxc_tar_find_next_block (in /root/rboxc/target/tar-child-input-candidate/release/rboxc)
==710412==    by 0x467F86F: rboxc_tar_xheader_read (in /root/rboxc/target/tar-child-input-candidate/release/rboxc)
==710412==    by 0x466D77B: rboxc_tar_read_header (in /root/rboxc/target/tar-child-input-candidate/release/rboxc)
==710412==    by 0x466EFA0: rboxc_tar_read_and (in /root/rboxc/target/tar-child-input-candidate/release/rboxc)
==710412== 
==710412== 1,260 bytes in 1 blocks are still reachable in loss record 14 of 16
==710412==    at 0x5875E43: calloc (vg_replace_malloc.c:1678)
==710412==    by 0x5030CAC: calloc (rtld-malloc.h:44)
==710412==    by 0x5030CAC: _dl_new_object (dl-object.c:92)
==710412==    by 0x502BEA0: _dl_map_object_from_fd (dl-load.c:1065)
==710412==    by 0x502D989: _dl_map_new_object (dl-load.c:2206)
==710412==    by 0x5032460: dl_open_worker_begin (dl-open.c:535)
==710412==    by 0x5025512: _dl_catch_exception (dl-catch.c:241)
==710412==    by 0x503120B: dl_open_worker (dl-open.c:762)
==710412==    by 0x5025512: _dl_catch_exception (dl-catch.c:241)
==710412==    by 0x5031749: _dl_open (dl-open.c:900)
==710412==    by 0x5B81344: do_dlopen (dl-libc.c:95)
==710412==    by 0x5025512: _dl_catch_exception (dl-catch.c:241)
==710412==    by 0x5025658: _dl_catch_error (dl-catch.c:260)
==710412== 
==710412== 4,064 bytes in 1 blocks are still reachable in loss record 15 of 16
==710412==    at 0x586E858: malloc (vg_replace_malloc.c:447)
==710412==    by 0x469E25C: rboxc_tar_xmalloc (in /root/rboxc/target/tar-child-input-candidate/release/rboxc)
==710412==    by 0x469617D: _obstack_begin_worker.isra.0 (in /root/rboxc/target/tar-child-input-candidate/release/rboxc)
==710412==    by 0x46961A8: rboxc_tar__obstack_begin (in /root/rboxc/target/tar-child-input-candidate/release/rboxc)
==710412==    by 0x4679E77: rboxc_tar_transform_name_fp (in /root/rboxc/target/tar-child-input-candidate/release/rboxc)
==710412==    by 0x466D1B0: transform_stat_info.part.0 (in /root/rboxc/target/tar-child-input-candidate/release/rboxc)
==710412==    by 0x466F390: rboxc_tar_read_and (in /root/rboxc/target/tar-child-input-candidate/release/rboxc)
==710412==    by 0x440EF39: single_binary_main_tar (in /root/rboxc/target/tar-child-input-candidate/release/rboxc)
==710412==    by 0x5A18600: (below main) (libc_start_call_main.h:59)
==710412== 
==710412== 32,640 bytes in 1 blocks are still reachable in loss record 16 of 16
==710412==    at 0x586E858: malloc (vg_replace_malloc.c:447)
==710412==    by 0x5A18ECE: __gconv_open (gconv_open.c:127)
==710412==    by 0x5A189E0: iconv_open (iconv_open.c:39)
==710412==    by 0x467AA6D: rboxc_tar_utf8_convert (in /root/rboxc/target/tar-child-input-candidate/release/rboxc)
==710412==    by 0x467E5F4: volume_label_decoder (in /root/rboxc/target/tar-child-input-candidate/release/rboxc)
==710412==    by 0x467D451: decode_record.isra.0 (in /root/rboxc/target/tar-child-input-candidate/release/rboxc)
==710412==    by 0x467F6AF: rboxc_tar_xheader_decode_global (in /root/rboxc/target/tar-child-input-candidate/release/rboxc)
==710412==    by 0x466D695: rboxc_tar_read_header (in /root/rboxc/target/tar-child-input-candidate/release/rboxc)
==710412==    by 0x466EFA0: rboxc_tar_read_and (in /root/rboxc/target/tar-child-input-candidate/release/rboxc)
==710412==    by 0x440EF39: single_binary_main_tar (in /root/rboxc/target/tar-child-input-candidate/release/rboxc)
==710412==    by 0x5A18600: (below main) (libc_start_call_main.h:59)
==710412== 
==710412== LEAK SUMMARY:
==710412==    definitely lost: 0 bytes in 0 blocks
==710412==    indirectly lost: 0 bytes in 0 blocks
==710412==      possibly lost: 0 bytes in 0 blocks
==710412==    still reachable: 40,594 bytes in 15 blocks
==710412==         suppressed: 144 bytes in 1 blocks
==710412== 
==710412== For lists of detected and suppressed errors, rerun with: -s
==710412== ERROR SUMMARY: 1 errors from 1 contexts (suppressed: 0 from 0)
