==736104== Memcheck, a memory error detector
==736104== Copyright (C) 2002-2024, and GNU GPL'd, by Julian Seward et al.
==736104== Using Valgrind-3.26.0 and LibVEX; rerun with -h for copyright info
==736104== Command: /bin/sh -c echo\ blue;\ exit\ 0
==736104== Parent PID: 736048
==736104== 
==736104== 
==736104== FILE DESCRIPTORS: 3 open (3 inherited) at exit.
==736104== 
==736104== HEAP SUMMARY:
==736104==     in use at exit: 9,256 bytes in 31 blocks
==736104==   total heap usage: 32 allocs, 1 frees, 9,272 bytes allocated
==736104== 
==736104== 28 bytes in 1 blocks are still reachable in loss record 1 of 8
==736104==    at 0x486E858: malloc (vg_replace_malloc.c:447)
==736104==    by 0x40083FA: ??? (in /usr/bin/dash)
==736104==    by 0x4012D83: ??? (in /usr/bin/dash)
==736104==    by 0x4013C6C: ??? (in /usr/bin/dash)
==736104==    by 0x400BCE7: ??? (in /usr/bin/dash)
==736104==    by 0x400BCAC: ??? (in /usr/bin/dash)
==736104==    by 0x40120F8: ??? (in /usr/bin/dash)
==736104==    by 0x4004DA0: ??? (in /usr/bin/dash)
==736104==    by 0x48C4600: (below main) (libc_start_call_main.h:59)
==736104== 
==736104== 28 bytes in 1 blocks are still reachable in loss record 2 of 8
==736104==    at 0x486E858: malloc (vg_replace_malloc.c:447)
==736104==    by 0x40083FA: ??? (in /usr/bin/dash)
==736104==    by 0x4012D83: ??? (in /usr/bin/dash)
==736104==    by 0x4013C6C: ??? (in /usr/bin/dash)
==736104==    by 0x400BCE7: ??? (in /usr/bin/dash)
==736104==    by 0x400BCE7: ??? (in /usr/bin/dash)
==736104==    by 0x40120F8: ??? (in /usr/bin/dash)
==736104==    by 0x4004DA0: ??? (in /usr/bin/dash)
==736104==    by 0x48C4600: (below main) (libc_start_call_main.h:59)
==736104== 
==736104== 32 bytes in 1 blocks are still reachable in loss record 3 of 8
==736104==    at 0x486E858: malloc (vg_replace_malloc.c:447)
==736104==    by 0x4017AB2: ??? (in /usr/bin/dash)
==736104==    by 0x40186D4: ??? (in /usr/bin/dash)
==736104==    by 0x4004BC6: ??? (in /usr/bin/dash)
==736104==    by 0x48C4600: (below main) (libc_start_call_main.h:59)
==736104== 
==736104== 34 bytes in 1 blocks are still reachable in loss record 4 of 8
==736104==    at 0x486E858: malloc (vg_replace_malloc.c:447)
==736104==    by 0x495596E: strdup (strdup.c:42)
==736104==    by 0x40081DF: ??? (in /usr/bin/dash)
==736104==    by 0x40186F9: ??? (in /usr/bin/dash)
==736104==    by 0x4004BC6: ??? (in /usr/bin/dash)
==736104==    by 0x48C4600: (below main) (libc_start_call_main.h:59)
==736104== 
==736104== 38 bytes in 1 blocks are still reachable in loss record 5 of 8
==736104==    at 0x486E858: malloc (vg_replace_malloc.c:447)
==736104==    by 0x4017C53: ??? (in /usr/bin/dash)
==736104==    by 0x40186F9: ??? (in /usr/bin/dash)
==736104==    by 0x4004BC6: ??? (in /usr/bin/dash)
==736104==    by 0x48C4600: (below main) (libc_start_call_main.h:59)
==736104== 
==736104== 136 bytes in 1 blocks are still reachable in loss record 6 of 8
==736104==    at 0x486E858: malloc (vg_replace_malloc.c:447)
==736104==    by 0x40071FA: ??? (in /usr/bin/dash)
==736104==    by 0x401207D: ??? (in /usr/bin/dash)
==736104==    by 0x4004DA0: ??? (in /usr/bin/dash)
==736104==    by 0x48C4600: (below main) (libc_start_call_main.h:59)
==736104== 
==736104== 768 bytes in 24 blocks are still reachable in loss record 7 of 8
==736104==    at 0x486E858: malloc (vg_replace_malloc.c:447)
==736104==    by 0x4017AB2: ??? (in /usr/bin/dash)
==736104==    by 0x4018670: ??? (in /usr/bin/dash)
==736104==    by 0x4004BC6: ??? (in /usr/bin/dash)
==736104==    by 0x48C4600: (below main) (libc_start_call_main.h:59)
==736104== 
==736104== 8,192 bytes in 1 blocks are still reachable in loss record 8 of 8
==736104==    at 0x487607F: realloc (vg_replace_malloc.c:1804)
==736104==    by 0x40168C6: ??? (in /usr/bin/dash)
==736104==    by 0x4016B3F: ??? (in /usr/bin/dash)
==736104==    by 0x4016CB6: ??? (in /usr/bin/dash)
==736104==    by 0x4012281: ??? (in /usr/bin/dash)
==736104==    by 0x40141BA: ??? (in /usr/bin/dash)
==736104==    by 0x400BCE7: ??? (in /usr/bin/dash)
==736104==    by 0x400BCAC: ??? (in /usr/bin/dash)
==736104==    by 0x40120F8: ??? (in /usr/bin/dash)
==736104==    by 0x4004DA0: ??? (in /usr/bin/dash)
==736104==    by 0x48C4600: (below main) (libc_start_call_main.h:59)
==736104== 
==736104== LEAK SUMMARY:
==736104==    definitely lost: 0 bytes in 0 blocks
==736104==    indirectly lost: 0 bytes in 0 blocks
==736104==      possibly lost: 0 bytes in 0 blocks
==736104==    still reachable: 9,256 bytes in 31 blocks
==736104==         suppressed: 0 bytes in 0 blocks
==736104== 
==736104== For lists of detected and suppressed errors, rerun with: -s
==736104== ERROR SUMMARY: 0 errors from 0 contexts (suppressed: 0 from 0)
