==735976== Memcheck, a memory error detector
==735976== Copyright (C) 2002-2024, and GNU GPL'd, by Julian Seward et al.
==735976== Using Valgrind-3.26.0 and LibVEX; rerun with -h for copyright info
==735976== Command: /tmp/rboxc-gawk-original-f6hmak45/deps/cat -
==735976== Parent PID: 735974
==735976== 
==735976== 
==735976== FILE DESCRIPTORS: 2 open (0 inherited) at exit.
==735976== Open file descriptor 4:
==735976==    at 0x537FB8D: pipe (pipe.c:29)
==735976==    by 0x411A7E1: pipe_safer (pipe-safer.c:33)
==735976==    by 0x403683B: splice_cat (cat.c:578)
==735976==    by 0x4037923: single_binary_main_cat (cat.c:899)
==735976==    by 0x401A532: launch_program (coreutils.c:126)
==735976==    by 0x4018E7A: main (coreutils.c:143)
==735976== 
==735976== Open file descriptor 3:
==735976==    at 0x537FB8D: pipe (pipe.c:29)
==735976==    by 0x411A7E1: pipe_safer (pipe-safer.c:33)
==735976==    by 0x403683B: splice_cat (cat.c:578)
==735976==    by 0x4037923: single_binary_main_cat (cat.c:899)
==735976==    by 0x401A532: launch_program (coreutils.c:126)
==735976==    by 0x4018E7A: main (coreutils.c:143)
==735976== 
==735976== 
==735976== HEAP SUMMARY:
==735976==     in use at exit: 0 bytes in 0 blocks
==735976==   total heap usage: 3 allocs, 3 frees, 82 bytes allocated
==735976== 
==735976== All heap blocks were freed -- no leaks are possible
==735976== 
==735976== For lists of detected and suppressed errors, rerun with: -s
==735976== ERROR SUMMARY: 2 errors from 2 contexts (suppressed: 0 from 0)
