==706543== Memcheck, a memory error detector
==706543== Copyright (C) 2002-2024, and GNU GPL'd, by Julian Seward et al.
==706543== Using Valgrind-3.26.0 and LibVEX; rerun with -h for copyright info
==706543== Command: /tmp/rboxc-tar-behavior-s8vbpoce/exec/tar -tf archive.tar
==706543== Parent PID: 705177
==706543== 
==706543== 
==706543== FILE DESCRIPTORS: 1 open (1 inherited) at exit.
==706543== 
==706543== HEAP SUMMARY:
==706543==     in use at exit: 4,272 bytes in 6 blocks
==706543==   total heap usage: 86 allocs, 80 frees, 52,823 bytes allocated
==706543== 
==706543== 5 bytes in 1 blocks are still reachable in loss record 1 of 6
==706543==    at 0x48BD858: malloc (vg_replace_malloc.c:447)
==706543==    by 0x405185D: xmalloc (xmalloc.c:45)
==706543==    by 0x405185D: xmemdup (xmalloc.c:314)
==706543==    by 0x405185D: xstrdup (xmalloc.c:339)
==706543==    by 0x402644F: assign_string (misc.c:58)
==706543==    by 0x402973C: uname_to_uid (names.c:550)
==706543==    by 0x402457F: decode_header (list.c:694)
==706543==    by 0x4025616: read_and (list.c:194)
==706543==    by 0x400CD4B: main (tar.c:2832)
==706543== 
==706543== 5 bytes in 1 blocks are still reachable in loss record 2 of 6
==706543==    at 0x48BD858: malloc (vg_replace_malloc.c:447)
==706543==    by 0x405185D: xmalloc (xmalloc.c:45)
==706543==    by 0x405185D: xmemdup (xmalloc.c:314)
==706543==    by 0x405185D: xstrdup (xmalloc.c:339)
==706543==    by 0x402644F: assign_string (misc.c:58)
==706543==    by 0x40297DC: gname_to_gid (names.c:580)
==706543==    by 0x402455F: decode_header (list.c:699)
==706543==    by 0x4025616: read_and (list.c:194)
==706543==    by 0x400CD4B: main (tar.c:2832)
==706543== 
==706543== 16 bytes in 1 blocks are still reachable in loss record 3 of 6
==706543==    at 0x48C4E43: calloc (vg_replace_malloc.c:1678)
==706543==    by 0x40516F1: xcalloc (xmalloc.c:298)
==706543==    by 0x40516F1: xzalloc (xmalloc.c:283)
==706543==    by 0x400BEF9: decode_options (tar.c:2297)
==706543==    by 0x400BEF9: main (tar.c:2792)
==706543== 
==706543== 80 bytes in 1 blocks are still reachable in loss record 4 of 6
==706543==    at 0x48BD858: malloc (vg_replace_malloc.c:447)
==706543==    by 0x40512CC: xmalloc (xmalloc.c:45)
==706543==    by 0x400BE43: main (tar.c:2781)
==706543== 
==706543== 102 bytes in 1 blocks are still reachable in loss record 5 of 6
==706543==    at 0x48BD858: malloc (vg_replace_malloc.c:447)
==706543==    by 0x40512CC: xmalloc (xmalloc.c:45)
==706543==    by 0x4029881: name_init (names.c:869)
==706543==    by 0x400C94C: main (tar.c:2794)
==706543== 
==706543== 4,064 bytes in 1 blocks are still reachable in loss record 6 of 6
==706543==    at 0x48BD858: malloc (vg_replace_malloc.c:447)
==706543==    by 0x40512CC: xmalloc (xmalloc.c:45)
==706543==    by 0x404A07D: call_chunkfun (obstack.c:88)
==706543==    by 0x404A07D: _obstack_begin_worker.isra.0 (obstack.c:135)
==706543==    by 0x404A0A8: _obstack_begin (obstack.c:157)
==706543==    by 0x4032C57: _transform_name_to_obstack (transform.c:592)
==706543==    by 0x4032C57: transform_name_fp (transform.c:614)
==706543==    by 0x4023670: transform_member_name (list.c:114)
==706543==    by 0x4023670: transform_stat_info.part.0 (list.c:150)
==706543==    by 0x4025850: transform_stat_info (list.c:227)
==706543==    by 0x4025850: read_and (list.c:227)
==706543==    by 0x400CD4B: main (tar.c:2832)
==706543== 
==706543== LEAK SUMMARY:
==706543==    definitely lost: 0 bytes in 0 blocks
==706543==    indirectly lost: 0 bytes in 0 blocks
==706543==      possibly lost: 0 bytes in 0 blocks
==706543==    still reachable: 4,272 bytes in 6 blocks
==706543==         suppressed: 0 bytes in 0 blocks
==706543== 
==706543== For lists of detected and suppressed errors, rerun with: -s
==706543== ERROR SUMMARY: 0 errors from 0 contexts (suppressed: 0 from 0)
