==649055== Memcheck, a memory error detector
==649055== Copyright (C) 2002-2024, and GNU GPL'd, by Julian Seward et al.
==649055== Using Valgrind-3.26.0 and LibVEX; rerun with -h for copyright info
==649055== Command: /tmp/rboxc-tar-behavior-rppii4ze/exec/tar --format=ustar --index-file=index.txt -cvf result.tar -C tree .
==649055== Parent PID: 635373
==649055== 
==649055== 
==649055== FILE DESCRIPTORS: 4 open (2 inherited) at exit.
==649055== Open file descriptor 5: tree
==649055==    at 0x4A1AADA: openat (openat64.c:39)
==649055==    by 0x4027817: openat (fcntl2.h:175)
==649055==    by 0x4027817: chdir_do (misc.c:988)
==649055==    by 0x4028D52: name_next_elt (names.c:1123)
==649055==    by 0x40298EC: name_next (names.c:1152)
==649055==    by 0x401750F: create_archive (create.c:1410)
==649055==    by 0x400CD90: main (tar.c:2818)
==649055== 
==649055== Open file descriptor 3: index.txt
==649055==    at 0x4A1A9E6: open (open64.c:41)
==649055==    by 0x498BFA2: _IO_file_open (fileops.c:222)
==649055==    by 0x498C305: _IO_file_fopen@@GLIBC_2.2.5 (fileops.c:315)
==649055==    by 0x497F81E: __fopen_internal (iofopen.c:75)
==649055==    by 0x497F81E: fopen@@GLIBC_2.2.5 (iofopen.c:86)
==649055==    by 0x400C7A5: decode_options (tar.c:2700)
==649055==    by 0x400C7A5: main (tar.c:2792)
==649055== 
==649055== 
==649055== HEAP SUMMARY:
==649055==     in use at exit: 5,093 bytes in 12 blocks
==649055==   total heap usage: 98 allocs, 86 frees, 118,713 bytes allocated
==649055== 
==649055== 5 bytes in 1 blocks are still reachable in loss record 1 of 12
==649055==    at 0x48BD858: malloc (vg_replace_malloc.c:447)
==649055==    by 0x405185D: xmalloc (xmalloc.c:45)
==649055==    by 0x405185D: xmemdup (xmalloc.c:314)
==649055==    by 0x405185D: xstrdup (xmalloc.c:339)
==649055==    by 0x4028D43: name_next_elt (names.c:1123)
==649055==    by 0x40298EC: name_next (names.c:1152)
==649055==    by 0x401750F: create_archive (create.c:1410)
==649055==    by 0x400CD90: main (tar.c:2818)
==649055== 
==649055== 5 bytes in 1 blocks are still reachable in loss record 2 of 12
==649055==    at 0x48BD858: malloc (vg_replace_malloc.c:447)
==649055==    by 0x405185D: xmalloc (xmalloc.c:45)
==649055==    by 0x405185D: xmemdup (xmalloc.c:314)
==649055==    by 0x405185D: xstrdup (xmalloc.c:339)
==649055==    by 0x402644F: assign_string (misc.c:58)
==649055==    by 0x4029612: uid_to_uname (names.c:490)
==649055==    by 0x40155F3: start_header (create.c:931)
==649055==    by 0x40167F9: dump_dir0 (create.c:1123)
==649055==    by 0x40167F9: dump_dir (create.c:1320)
==649055==    by 0x40167F9: dump_file0 (create.c:1757)
==649055==    by 0x4017589: dump_file (create.c:1968)
==649055==    by 0x4017589: create_archive (create.c:1412)
==649055==    by 0x400CD90: main (tar.c:2818)
==649055== 
==649055== 5 bytes in 1 blocks are still reachable in loss record 3 of 12
==649055==    at 0x48BD858: malloc (vg_replace_malloc.c:447)
==649055==    by 0x405185D: xmalloc (xmalloc.c:45)
==649055==    by 0x405185D: xmemdup (xmalloc.c:314)
==649055==    by 0x405185D: xstrdup (xmalloc.c:339)
==649055==    by 0x402644F: assign_string (misc.c:58)
==649055==    by 0x40296A2: gid_to_gname (names.c:520)
==649055==    by 0x40155DB: start_header (create.c:936)
==649055==    by 0x40167F9: dump_dir0 (create.c:1123)
==649055==    by 0x40167F9: dump_dir (create.c:1320)
==649055==    by 0x40167F9: dump_file0 (create.c:1757)
==649055==    by 0x4017589: dump_file (create.c:1968)
==649055==    by 0x4017589: create_archive (create.c:1412)
==649055==    by 0x400CD90: main (tar.c:2818)
==649055== 
==649055== 16 bytes in 1 blocks are still reachable in loss record 4 of 12
==649055==    at 0x48C4E43: calloc (vg_replace_malloc.c:1678)
==649055==    by 0x40516F1: xcalloc (xmalloc.c:298)
==649055==    by 0x40516F1: xzalloc (xmalloc.c:283)
==649055==    by 0x400BEF9: decode_options (tar.c:2297)
==649055==    by 0x400BEF9: main (tar.c:2792)
==649055== 
==649055== 40 bytes in 1 blocks are still reachable in loss record 5 of 12
==649055==    at 0x48BD858: malloc (vg_replace_malloc.c:447)
==649055==    by 0x40512CC: xmalloc (xmalloc.c:45)
==649055==    by 0x401407E: file_count_links (create.c:1522)
==649055==    by 0x401407E: file_count_links (create.c:1508)
==649055==    by 0x4016A58: dump_file0 (create.c:1779)
==649055==    by 0x4015F1E: dump_file (create.c:1968)
==649055==    by 0x4017167: dump_dir0 (create.c:1227)
==649055==    by 0x4017167: dump_dir (create.c:1320)
==649055==    by 0x4017167: dump_file0 (create.c:1757)
==649055==    by 0x4017589: dump_file (create.c:1968)
==649055==    by 0x4017589: create_archive (create.c:1412)
==649055==    by 0x400CD90: main (tar.c:2818)
==649055== 
==649055== 48 bytes in 1 blocks are still reachable in loss record 6 of 12
==649055==    at 0x48C53C0: reallocarray (vg_replace_malloc.c:1806)
==649055==    by 0x40515C9: xreallocarray (xmalloc.c:84)
==649055==    by 0x40515C9: x2nrealloc (xmalloc.c:203)
==649055==    by 0x4027754: chdir_arg (misc.c:934)
==649055==    by 0x4028D4B: name_next_elt (names.c:1123)
==649055==    by 0x40298EC: name_next (names.c:1152)
==649055==    by 0x401750F: create_archive (create.c:1410)
==649055==    by 0x400CD90: main (tar.c:2818)
==649055== 
==649055== 80 bytes in 1 blocks are still reachable in loss record 7 of 12
==649055==    at 0x48BD858: malloc (vg_replace_malloc.c:447)
==649055==    by 0x40512CC: xmalloc (xmalloc.c:45)
==649055==    by 0x400BE43: main (tar.c:2781)
==649055== 
==649055== 80 bytes in 1 blocks are still reachable in loss record 8 of 12
==649055==    at 0x48BD858: malloc (vg_replace_malloc.c:447)
==649055==    by 0x4047846: hash_initialize (hash.c:523)
==649055==    by 0x401411B: file_count_links (create.c:1530)
==649055==    by 0x401411B: file_count_links (create.c:1508)
==649055==    by 0x4016A58: dump_file0 (create.c:1779)
==649055==    by 0x4015F1E: dump_file (create.c:1968)
==649055==    by 0x4017167: dump_dir0 (create.c:1227)
==649055==    by 0x4017167: dump_dir (create.c:1320)
==649055==    by 0x4017167: dump_file0 (create.c:1757)
==649055==    by 0x4017589: dump_file (create.c:1968)
==649055==    by 0x4017589: create_archive (create.c:1412)
==649055==    by 0x400CD90: main (tar.c:2818)
==649055== 
==649055== 102 bytes in 1 blocks are still reachable in loss record 9 of 12
==649055==    at 0x48BD858: malloc (vg_replace_malloc.c:447)
==649055==    by 0x40512CC: xmalloc (xmalloc.c:45)
==649055==    by 0x4029881: name_init (names.c:869)
==649055==    by 0x400C94C: main (tar.c:2794)
==649055== 
==649055== 176 bytes in 1 blocks are still reachable in loss record 10 of 12
==649055==    at 0x48C4E43: calloc (vg_replace_malloc.c:1678)
==649055==    by 0x404789C: hash_initialize (hash.c:544)
==649055==    by 0x401411B: file_count_links (create.c:1530)
==649055==    by 0x401411B: file_count_links (create.c:1508)
==649055==    by 0x4016A58: dump_file0 (create.c:1779)
==649055==    by 0x4015F1E: dump_file (create.c:1968)
==649055==    by 0x4017167: dump_dir0 (create.c:1227)
==649055==    by 0x4017167: dump_dir (create.c:1320)
==649055==    by 0x4017167: dump_file0 (create.c:1757)
==649055==    by 0x4017589: dump_file (create.c:1968)
==649055==    by 0x4017589: create_archive (create.c:1412)
==649055==    by 0x400CD90: main (tar.c:2818)
==649055== 
==649055== 472 bytes in 1 blocks are still reachable in loss record 11 of 12
==649055==    at 0x48BD858: malloc (vg_replace_malloc.c:447)
==649055==    by 0x497F7BE: __fopen_internal (iofopen.c:65)
==649055==    by 0x497F7BE: fopen@@GLIBC_2.2.5 (iofopen.c:86)
==649055==    by 0x400C7A5: decode_options (tar.c:2700)
==649055==    by 0x400C7A5: main (tar.c:2792)
==649055== 
==649055== 4,064 bytes in 1 blocks are still reachable in loss record 12 of 12
==649055==    at 0x48BD858: malloc (vg_replace_malloc.c:447)
==649055==    by 0x40512CC: xmalloc (xmalloc.c:45)
==649055==    by 0x404A07D: call_chunkfun (obstack.c:88)
==649055==    by 0x404A07D: _obstack_begin_worker.isra.0 (obstack.c:135)
==649055==    by 0x404A0A8: _obstack_begin (obstack.c:157)
==649055==    by 0x4032C57: _transform_name_to_obstack (transform.c:592)
==649055==    by 0x4032C57: transform_name_fp (transform.c:614)
==649055==    by 0x4016444: dump_file0 (create.c:1657)
==649055==    by 0x4017589: dump_file (create.c:1968)
==649055==    by 0x4017589: create_archive (create.c:1412)
==649055==    by 0x400CD90: main (tar.c:2818)
==649055== 
==649055== LEAK SUMMARY:
==649055==    definitely lost: 0 bytes in 0 blocks
==649055==    indirectly lost: 0 bytes in 0 blocks
==649055==      possibly lost: 0 bytes in 0 blocks
==649055==    still reachable: 5,093 bytes in 12 blocks
==649055==         suppressed: 0 bytes in 0 blocks
==649055== 
==649055== For lists of detected and suppressed errors, rerun with: -s
==649055== ERROR SUMMARY: 2 errors from 2 contexts (suppressed: 0 from 0)
