==604652== Memcheck, a memory error detector
==604652== Copyright (C) 2002-2024, and GNU GPL'd, by Julian Seward et al.
==604652== Using Valgrind-3.26.0 and LibVEX; rerun with -h for copyright info
==604652== Command: tar cf archive this_is_a_very_long_name_for_a_directory_which_causes_problems
==604652== Parent PID: 604648
==604652== 
==604652== 
==604652== FILE DESCRIPTORS: 1 open (1 inherited) at exit.
==604652== 
==604652== HEAP SUMMARY:
==604652==     in use at exit: 4,262 bytes in 4 blocks
==604652==   total heap usage: 43 allocs, 39 frees, 69,041 bytes allocated
==604652== 
==604652== 16 bytes in 1 blocks are still reachable in loss record 1 of 4
==604652==    at 0x5875E43: calloc (vg_replace_malloc.c:1678)
==604652==    by 0x469E501: rboxc_tar_xzalloc (in /root/rboxc/target/screen-owned-candidate/release/rboxc)
==604652==    by 0x4477AF5: single_binary_main_tar (in /root/rboxc/target/screen-owned-candidate/release/rboxc)
==604652==    by 0x5A18600: (below main) (libc_start_call_main.h:59)
==604652== 
==604652== 80 bytes in 1 blocks are still reachable in loss record 2 of 4
==604652==    at 0x586E858: malloc (vg_replace_malloc.c:447)
==604652==    by 0x469E0DC: rboxc_tar_xmalloc (in /root/rboxc/target/screen-owned-candidate/release/rboxc)
==604652==    by 0x4477A00: single_binary_main_tar (in /root/rboxc/target/screen-owned-candidate/release/rboxc)
==604652==    by 0x5A18600: (below main) (libc_start_call_main.h:59)
==604652== 
==604652== 102 bytes in 1 blocks are still reachable in loss record 3 of 4
==604652==    at 0x586E858: malloc (vg_replace_malloc.c:447)
==604652==    by 0x469E0DC: rboxc_tar_xmalloc (in /root/rboxc/target/screen-owned-candidate/release/rboxc)
==604652==    by 0x46734A1: rboxc_tar_name_init (in /root/rboxc/target/screen-owned-candidate/release/rboxc)
==604652==    by 0x4478A7A: single_binary_main_tar (in /root/rboxc/target/screen-owned-candidate/release/rboxc)
==604652==    by 0x5A18600: (below main) (libc_start_call_main.h:59)
==604652== 
==604652== 4,064 bytes in 1 blocks are still reachable in loss record 4 of 4
==604652==    at 0x586E858: malloc (vg_replace_malloc.c:447)
==604652==    by 0x469E0DC: rboxc_tar_xmalloc (in /root/rboxc/target/screen-owned-candidate/release/rboxc)
==604652==    by 0x4695FFD: _obstack_begin_worker.isra.0 (in /root/rboxc/target/screen-owned-candidate/release/rboxc)
==604652==    by 0x4696028: rboxc_tar__obstack_begin (in /root/rboxc/target/screen-owned-candidate/release/rboxc)
==604652==    by 0x4679CD7: rboxc_tar_transform_name_fp (in /root/rboxc/target/screen-owned-candidate/release/rboxc)
==604652==    by 0x46632A4: dump_file0 (in /root/rboxc/target/screen-owned-candidate/release/rboxc)
==604652==    by 0x46643E9: rboxc_tar_create_archive (in /root/rboxc/target/screen-owned-candidate/release/rboxc)
==604652==    by 0x4478AF8: single_binary_main_tar (in /root/rboxc/target/screen-owned-candidate/release/rboxc)
==604652==    by 0x5A18600: (below main) (libc_start_call_main.h:59)
==604652== 
==604652== LEAK SUMMARY:
==604652==    definitely lost: 0 bytes in 0 blocks
==604652==    indirectly lost: 0 bytes in 0 blocks
==604652==      possibly lost: 0 bytes in 0 blocks
==604652==    still reachable: 4,262 bytes in 4 blocks
==604652==         suppressed: 0 bytes in 0 blocks
==604652== 
==604652== For lists of detected and suppressed errors, rerun with: -s
==604652== ERROR SUMMARY: 0 errors from 0 contexts (suppressed: 0 from 0)
