==740781== Memcheck, a memory error detector
==740781== Copyright (C) 2002-2024, and GNU GPL'd, by Julian Seward et al.
==740781== Using Valgrind-3.26.0 and LibVEX; rerun with -h for copyright info
==740781== Command: gawk -f litoct.awk --traditional
==740781== Parent PID: 740780
==740781== 
==740781== 
==740781== FILE DESCRIPTORS: 3 open (2 inherited) at exit.
==740781== Open file descriptor 0: /dev/null
==740781==    at 0x4C4BE8B: dup2 (dup2.c:29)
==740781==    by 0x405EDA8: remap_std_file (io.c:615)
==740781==    by 0x405EDA8: iop_close (io.c:651)
==740781==    by 0x4061153: nextfile (io.c:453)
==740781==    by 0x404ECBF: r_interpret (interpret.h:1421)
==740781==    by 0x400EDDE: main (main.c:532)
==740781== 
==740781== 
==740781== HEAP SUMMARY:
==740781==     in use at exit: 39,175 bytes in 388 blocks
==740781==   total heap usage: 548 allocs, 160 frees, 51,535 bytes allocated
==740781== 
==740781== 1 bytes in 1 blocks are still reachable in loss record 1 of 108
==740781==    at 0x497D858: malloc (vg_replace_malloc.c:447)
==740781==    by 0x4066564: emalloc_real (awk.h:2156)
==740781==    by 0x4066564: estrdup (main.c:1451)
==740781==    by 0x400D434: init_locale (main.c:1476)
==740781==    by 0x400D434: set_locale_stuff (main.c:1849)
==740781==    by 0x400D434: main (main.c:254)
==740781== 
==740781== 1 bytes in 1 blocks are still reachable in loss record 2 of 108
==740781==    at 0x497D858: malloc (vg_replace_malloc.c:447)
==740781==    by 0x4066564: emalloc_real (awk.h:2156)
==740781==    by 0x4066564: estrdup (main.c:1451)
==740781==    by 0x400D469: init_locale (main.c:1478)
==740781==    by 0x400D469: set_locale_stuff (main.c:1849)
==740781==    by 0x400D469: main (main.c:254)
==740781== 
==740781== 1 bytes in 1 blocks are still reachable in loss record 3 of 108
==740781==    at 0x497D858: malloc (vg_replace_malloc.c:447)
==740781==    by 0x4066564: emalloc_real (awk.h:2156)
==740781==    by 0x4066564: estrdup (main.c:1451)
==740781==    by 0x400D485: init_locale (main.c:1479)
==740781==    by 0x400D485: set_locale_stuff (main.c:1849)
==740781==    by 0x400D485: main (main.c:254)
==740781== 
==740781== 1 bytes in 1 blocks are still reachable in loss record 4 of 108
==740781==    at 0x497D858: malloc (vg_replace_malloc.c:447)
==740781==    by 0x4066564: emalloc_real (awk.h:2156)
==740781==    by 0x4066564: estrdup (main.c:1451)
==740781==    by 0x400D4A1: init_locale (main.c:1480)
==740781==    by 0x400D4A1: set_locale_stuff (main.c:1849)
==740781==    by 0x400D4A1: main (main.c:254)
==740781== 
==740781== 1 bytes in 1 blocks are still reachable in loss record 5 of 108
==740781==    at 0x497D858: malloc (vg_replace_malloc.c:447)
==740781==    by 0x4066564: emalloc_real (awk.h:2156)
==740781==    by 0x4066564: estrdup (main.c:1451)
==740781==    by 0x400D4BD: init_locale (main.c:1481)
==740781==    by 0x400D4BD: set_locale_stuff (main.c:1849)
==740781==    by 0x400D4BD: main (main.c:254)
==740781== 
==740781== 1 bytes in 1 blocks are still reachable in loss record 6 of 108
==740781==    at 0x497D858: malloc (vg_replace_malloc.c:447)
==740781==    by 0x4066564: emalloc_real (awk.h:2156)
==740781==    by 0x4066564: estrdup (main.c:1451)
==740781==    by 0x400D4D9: init_locale (main.c:1482)
==740781==    by 0x400D4D9: set_locale_stuff (main.c:1849)
==740781==    by 0x400D4D9: main (main.c:254)
==740781== 
==740781== 1 bytes in 1 blocks are still reachable in loss record 7 of 108
==740781==    at 0x497D858: malloc (vg_replace_malloc.c:447)
==740781==    by 0x4066564: emalloc_real (awk.h:2156)
==740781==    by 0x4066564: estrdup (main.c:1451)
==740781==    by 0x400D4F5: init_locale (main.c:1483)
==740781==    by 0x400D4F5: set_locale_stuff (main.c:1849)
==740781==    by 0x400D4F5: main (main.c:254)
==740781== 
==740781== 1 bytes in 1 blocks are still reachable in loss record 8 of 108
==740781==    at 0x497D858: malloc (vg_replace_malloc.c:447)
==740781==    by 0x4066564: emalloc_real (awk.h:2156)
==740781==    by 0x4066564: estrdup (main.c:1451)
==740781==    by 0x400D511: init_locale (main.c:1484)
==740781==    by 0x400D511: set_locale_stuff (main.c:1849)
==740781==    by 0x400D511: main (main.c:254)
==740781== 
==740781== 1 bytes in 1 blocks are still reachable in loss record 9 of 108
==740781==    at 0x497D858: malloc (vg_replace_malloc.c:447)
==740781==    by 0x4066564: emalloc_real (awk.h:2156)
==740781==    by 0x4066564: estrdup (main.c:1451)
==740781==    by 0x400D52D: init_locale (main.c:1485)
==740781==    by 0x400D52D: set_locale_stuff (main.c:1849)
==740781==    by 0x400D52D: main (main.c:254)
==740781== 
==740781== 1 bytes in 1 blocks are still reachable in loss record 10 of 108
==740781==    at 0x497D858: malloc (vg_replace_malloc.c:447)
==740781==    by 0x4069457: emalloc_real (awk.h:2156)
==740781==    by 0x4069457: make_str_node (node.c:422)
==740781==    by 0x400D5C7: main (main.c:278)
==740781== 
==740781== 1 bytes in 1 blocks are still reachable in loss record 11 of 108
==740781==    at 0x497D858: malloc (vg_replace_malloc.c:447)
==740781==    by 0x4069457: emalloc_real (awk.h:2156)
==740781==    by 0x4069457: make_str_node (node.c:422)
==740781==    by 0x40553E0: init_fields (field.c:111)
==740781==    by 0x400E1A4: main (main.c:410)
==740781== 
==740781== 2 bytes in 1 blocks are still reachable in loss record 12 of 108
==740781==    at 0x497D858: malloc (vg_replace_malloc.c:447)
==740781==    by 0x4066564: emalloc_real (awk.h:2156)
==740781==    by 0x4066564: estrdup (main.c:1451)
==740781==    by 0x400D44E: init_locale (main.c:1477)
==740781==    by 0x400D44E: set_locale_stuff (main.c:1849)
==740781==    by 0x400D44E: main (main.c:254)
==740781== 
==740781== 2 bytes in 1 blocks are still reachable in loss record 13 of 108
==740781==    at 0x497D858: malloc (vg_replace_malloc.c:447)
==740781==    by 0x4046CFF: emalloc_real (awk.h:2156)
==740781==    by 0x4046CFF: set_OFS (eval.c:839)
==740781==    by 0x400D9A3: init_vars (main.c:873)
==740781==    by 0x400D9A3: main (main.c:403)
==740781== 
==740781== 2 bytes in 1 blocks are still reachable in loss record 14 of 108
==740781==    at 0x497D858: malloc (vg_replace_malloc.c:447)
==740781==    by 0x4069457: emalloc_real (awk.h:2156)
==740781==    by 0x4069457: make_str_node (node.c:422)
==740781==    by 0x40613F5: nextfile (io.c:518)
==740781==    by 0x404ECBF: r_interpret (interpret.h:1421)
==740781==    by 0x400EDDE: main (main.c:532)
==740781== 
==740781== 5 bytes in 1 blocks are still reachable in loss record 15 of 108
==740781==    at 0x497D858: malloc (vg_replace_malloc.c:447)
==740781==    by 0x4066564: emalloc_real (awk.h:2156)
==740781==    by 0x4066564: estrdup (main.c:1451)
==740781==    by 0x400E407: init_args (main.c:764)
==740781==    by 0x400E407: main (main.c:470)
==740781== 
==740781== 5 bytes in 1 blocks are still reachable in loss record 16 of 108
==740781==    at 0x497D858: malloc (vg_replace_malloc.c:447)
==740781==    by 0x4069457: emalloc_real (awk.h:2156)
==740781==    by 0x4069457: make_str_node (node.c:422)
==740781==    by 0x4077055: install (symbol.c:399)
==740781==    by 0x400E414: init_args (main.c:764)
==740781==    by 0x400E414: main (main.c:470)
==740781== 
==740781== 5 bytes in 1 blocks are still reachable in loss record 17 of 108
==740781==    at 0x497D858: malloc (vg_replace_malloc.c:447)
==740781==    by 0x4069457: emalloc_real (awk.h:2156)
==740781==    by 0x4069457: make_str_node (node.c:422)
==740781==    by 0x400E43D: init_args (main.c:766)
==740781==    by 0x400E43D: main (main.c:470)
==740781== 
==740781== 5 bytes in 1 blocks are still reachable in loss record 18 of 108
==740781==    at 0x497D858: malloc (vg_replace_malloc.c:447)
==740781==    by 0x4066564: emalloc_real (awk.h:2156)
==740781==    by 0x4066564: estrdup (main.c:1451)
==740781==    by 0x400EA83: init_args (main.c:791)
==740781==    by 0x400EA83: main (main.c:470)
==740781== 
==740781== 5 bytes in 1 blocks are still reachable in loss record 19 of 108
==740781==    at 0x497D858: malloc (vg_replace_malloc.c:447)
==740781==    by 0x4069457: emalloc_real (awk.h:2156)
==740781==    by 0x4069457: make_str_node (node.c:422)
==740781==    by 0x4077055: install (symbol.c:399)
==740781==    by 0x400EA90: init_args (main.c:791)
==740781==    by 0x400EA90: main (main.c:470)
==740781== 
==740781== 6 bytes in 1 blocks are still reachable in loss record 20 of 108
==740781==    at 0x497D858: malloc (vg_replace_malloc.c:447)
==740781==    by 0x4066564: emalloc_real (awk.h:2156)
==740781==    by 0x4066564: estrdup (main.c:1451)
==740781==    by 0x4019CDE: yylex (awkgram.y:3684)
==740781==    by 0x401C83C: yyparse (awkgram.c:1879)
==740781==    by 0x402073A: parse_program (awkgram.y:2797)
==740781==    by 0x400EAD8: main (main.c:483)
==740781== 
==740781== 6 bytes in 1 blocks are still reachable in loss record 21 of 108
==740781==    at 0x497D858: malloc (vg_replace_malloc.c:447)
==740781==    by 0x4074886: emalloc_real (awk.h:2156)
==740781==    by 0x4074886: make_regexp (re.c:98)
==740781==    by 0x40195EB: make_regnode (awkgram.y:5306)
==740781==    by 0x401D996: yyparse (awkgram.y:584)
==740781==    by 0x402073A: parse_program (awkgram.y:2797)
==740781==    by 0x400EAD8: main (main.c:483)
==740781== 
==740781== 7 bytes in 1 blocks are still reachable in loss record 22 of 108
==740781==    at 0x497D858: malloc (vg_replace_malloc.c:447)
==740781==    by 0x4066564: emalloc_real (awk.h:2156)
==740781==    by 0x4066564: estrdup (main.c:1451)
==740781==    by 0x4077381: init_the_tables (symbol.c:78)
==740781==    by 0x400D60A: main (main.c:287)
==740781== 
==740781== 7 bytes in 1 blocks are still reachable in loss record 23 of 108
==740781==    at 0x497D858: malloc (vg_replace_malloc.c:447)
==740781==    by 0x4069457: emalloc_real (awk.h:2156)
==740781==    by 0x4069457: make_str_node (node.c:422)
==740781==    by 0x4077055: install (symbol.c:399)
==740781==    by 0x4077390: install_symbol (symbol.c:173)
==740781==    by 0x4077390: init_the_tables (symbol.c:78)
==740781==    by 0x400D60A: main (main.c:287)
==740781== 
==740781== 8 bytes in 1 blocks are still reachable in loss record 24 of 108
==740781==    at 0x497D858: malloc (vg_replace_malloc.c:447)
==740781==    by 0x4066564: emalloc_real (awk.h:2156)
==740781==    by 0x4066564: estrdup (main.c:1451)
==740781==    by 0x407735A: init_the_tables (symbol.c:77)
==740781==    by 0x400D60A: main (main.c:287)
==740781== 
==740781== 8 bytes in 1 blocks are still reachable in loss record 25 of 108
==740781==    at 0x497D858: malloc (vg_replace_malloc.c:447)
==740781==    by 0x4069457: emalloc_real (awk.h:2156)
==740781==    by 0x4069457: make_str_node (node.c:422)
==740781==    by 0x4077055: install (symbol.c:399)
==740781==    by 0x4077369: install_symbol (symbol.c:173)
==740781==    by 0x4077369: init_the_tables (symbol.c:77)
==740781==    by 0x400D60A: main (main.c:287)
==740781== 
==740781== 8 bytes in 1 blocks are still reachable in loss record 26 of 108
==740781==    at 0x497D858: malloc (vg_replace_malloc.c:447)
==740781==    by 0x4066564: emalloc_real (awk.h:2156)
==740781==    by 0x4066564: estrdup (main.c:1451)
==740781==    by 0x400E02B: load_environ (main.c:930)
==740781==    by 0x400E02B: init_vars (main.c:879)
==740781==    by 0x400E02B: main (main.c:403)
==740781== 
==740781== 8 bytes in 1 blocks are still reachable in loss record 27 of 108
==740781==    at 0x497D858: malloc (vg_replace_malloc.c:447)
==740781==    by 0x4069457: emalloc_real (awk.h:2156)
==740781==    by 0x4069457: make_str_node (node.c:422)
==740781==    by 0x4077055: install (symbol.c:399)
==740781==    by 0x400E038: load_environ (main.c:930)
==740781==    by 0x400E038: init_vars (main.c:879)
==740781==    by 0x400E038: main (main.c:403)
==740781== 
==740781== 8 bytes in 1 blocks are still reachable in loss record 28 of 108
==740781==    at 0x497D858: malloc (vg_replace_malloc.c:447)
==740781==    by 0x4055372: emalloc_real (awk.h:2156)
==740781==    by 0x4055372: init_fields (field.c:103)
==740781==    by 0x400E1A4: main (main.c:410)
==740781== 
==740781== 8 bytes in 1 blocks are still reachable in loss record 29 of 108
==740781==    at 0x497D858: malloc (vg_replace_malloc.c:447)
==740781==    by 0x4086EBA: firstclosure (minrx.c:1834)
==740781==    by 0x4086EBA: compile.constprop.0 (minrx.c:1923)
==740781==    by 0x4089B38: minrx_regncomp (minrx.c:2490)
==740781==    by 0x407427D: make_regexp (re.c:355)
==740781==    by 0x40195EB: make_regnode (awkgram.y:5306)
==740781==    by 0x401D996: yyparse (awkgram.y:584)
==740781==    by 0x402073A: parse_program (awkgram.y:2797)
==740781==    by 0x400EAD8: main (main.c:483)
==740781== 
==740781== 11 bytes in 1 blocks are still reachable in loss record 30 of 108
==740781==    at 0x497D858: malloc (vg_replace_malloc.c:447)
==740781==    by 0x4066564: emalloc_real (awk.h:2156)
==740781==    by 0x4066564: estrdup (main.c:1451)
==740781==    by 0x4014A21: do_add_srcfile (awkgram.y:2834)
==740781==    by 0x4018A70: add_srcfile (awkgram.y:2916)
==740781==    by 0x400D7E5: parse_args (main.c:1585)
==740781==    by 0x400D7E5: main (main.c:294)
==740781== 
==740781== 15 bytes in 2 blocks are still reachable in loss record 31 of 108
==740781==    at 0x497D858: malloc (vg_replace_malloc.c:447)
==740781==    by 0x4069457: emalloc_real (awk.h:2156)
==740781==    by 0x4069457: make_str_node (node.c:422)
==740781==    by 0x401B194: yylex (awkgram.y:4074)
==740781==    by 0x401C83C: yyparse (awkgram.c:1879)
==740781==    by 0x402073A: parse_program (awkgram.y:2797)
==740781==    by 0x400EAD8: main (main.c:483)
==740781== 
==740781== 16 bytes in 1 blocks are still reachable in loss record 32 of 108
==740781==    at 0x497D858: malloc (vg_replace_malloc.c:447)
==740781==    by 0x407474B: emalloc_real (awk.h:2156)
==740781==    by 0x407474B: make_regexp (re.c:370)
==740781==    by 0x40195EB: make_regnode (awkgram.y:5306)
==740781==    by 0x401D996: yyparse (awkgram.y:584)
==740781==    by 0x402073A: parse_program (awkgram.y:2797)
==740781==    by 0x400EAD8: main (main.c:483)
==740781== 
==740781== 20 bytes in 7 blocks are still reachable in loss record 33 of 108
==740781==    at 0x497D858: malloc (vg_replace_malloc.c:447)
==740781==    by 0x4069457: emalloc_real (awk.h:2156)
==740781==    by 0x4069457: make_str_node (node.c:422)
==740781==    by 0x400D984: init_vars (main.c:867)
==740781==    by 0x400D984: main (main.c:403)
==740781== 
==740781== 24 bytes in 1 blocks are still reachable in loss record 34 of 108
==740781==    at 0x4984E43: calloc (vg_replace_malloc.c:1678)
==740781==    by 0x405E8B2: ezalloc_real (awk.h:2174)
==740781==    by 0x405E8B2: init_awkpath (io.c:2996)
==740781==    by 0x405E8B2: do_find_source (io.c:3068)
==740781==    by 0x4065061: find_source (io.c:3098)
==740781==    by 0x40189F8: add_srcfile (awkgram.y:2864)
==740781==    by 0x400D7E5: parse_args (main.c:1585)
==740781==    by 0x400D7E5: main (main.c:294)
==740781== 
==740781== 24 bytes in 1 blocks are still reachable in loss record 35 of 108
==740781==    at 0x497D858: malloc (vg_replace_malloc.c:447)
==740781==    by 0x4020D1E: emalloc_real (awk.h:2156)
==740781==    by 0x4020D1E: parse_program (awkgram.y:2810)
==740781==    by 0x400EAD8: main (main.c:483)
==740781== 
==740781== 26 bytes in 1 blocks are still reachable in loss record 36 of 108
==740781==    at 0x497D858: malloc (vg_replace_malloc.c:447)
==740781==    by 0x405E9A7: emalloc_real (awk.h:2156)
==740781==    by 0x405E9A7: init_awkpath (io.c:3026)
==740781==    by 0x405E9A7: do_find_source (io.c:3068)
==740781==    by 0x4065061: find_source (io.c:3098)
==740781==    by 0x40189F8: add_srcfile (awkgram.y:2864)
==740781==    by 0x400D7E5: parse_args (main.c:1585)
==740781==    by 0x400D7E5: main (main.c:294)
==740781== 
==740781== 32 bytes in 1 blocks are still reachable in loss record 37 of 108
==740781==    at 0x497D858: malloc (vg_replace_malloc.c:447)
==740781==    by 0x4045E57: emalloc_real (awk.h:2156)
==740781==    by 0x4045E57: fmt_index (eval.c:913)
==740781==    by 0x4046F46: set_CONVFMT (eval.c:956)
==740781==    by 0x400D9A3: init_vars (main.c:873)
==740781==    by 0x400D9A3: main (main.c:403)
==740781== 
==740781== 33 bytes in 4 blocks are still reachable in loss record 38 of 108
==740781==    at 0x497D858: malloc (vg_replace_malloc.c:447)
==740781==    by 0x4066564: emalloc_real (awk.h:2156)
==740781==    by 0x4066564: estrdup (main.c:1451)
==740781==    by 0x400D69D: save_argv (main.c:1498)
==740781==    by 0x400D69D: parse_args (main.c:1554)
==740781==    by 0x400D69D: main (main.c:294)
==740781== 
==740781== 36 bytes in 1 blocks are still reachable in loss record 39 of 108
==740781==    at 0x497D858: malloc (vg_replace_malloc.c:447)
==740781==    by 0x405E673: emalloc_real (awk.h:2156)
==740781==    by 0x405E673: do_find_source (io.c:3070)
==740781==    by 0x4065061: find_source (io.c:3098)
==740781==    by 0x40189F8: add_srcfile (awkgram.y:2864)
==740781==    by 0x400D7E5: parse_args (main.c:1585)
==740781==    by 0x400D7E5: main (main.c:294)
==740781== 
==740781== 40 bytes in 1 blocks are still reachable in loss record 40 of 108
==740781==    at 0x497D858: malloc (vg_replace_malloc.c:447)
==740781==    by 0x4066202: emalloc_real.constprop.0 (awk.h:2156)
==740781==    by 0x400D66C: save_argv (main.c:1496)
==740781==    by 0x400D66C: parse_args (main.c:1554)
==740781==    by 0x400D66C: main (main.c:294)
==740781== 
==740781== 40 bytes in 1 blocks are still reachable in loss record 41 of 108
==740781==    at 0x497D858: malloc (vg_replace_malloc.c:447)
==740781==    by 0x4082059: add_char_to_set (charset.c:3407)
==740781==    by 0x4082C22: charset_add_char.part.0 (charset.c:9054)
==740781==    by 0x4086F77: charset_add_char (charset.c:9051)
==740781==    by 0x4086F77: cset_set (minrx.c:928)
==740781==    by 0x4086F77: firstclosure (minrx.c:1841)
==740781==    by 0x4086F77: compile.constprop.0 (minrx.c:1923)
==740781==    by 0x4089B38: minrx_regncomp (minrx.c:2490)
==740781==    by 0x407427D: make_regexp (re.c:355)
==740781==    by 0x40195EB: make_regnode (awkgram.y:5306)
==740781==    by 0x401D996: yyparse (awkgram.y:584)
==740781==    by 0x402073A: parse_program (awkgram.y:2797)
==740781==    by 0x400EAD8: main (main.c:483)
==740781== 
==740781== 48 bytes in 1 blocks are still reachable in loss record 42 of 108
==740781==    at 0x497D858: malloc (vg_replace_malloc.c:447)
==740781==    by 0x4068FEB: emalloc_real (awk.h:2156)
==740781==    by 0x4068FEB: r_getblock (node.c:1164)
==740781==    by 0x40768D9: str_lookup (str_array.c:214)
==740781==    by 0x407708C: assoc_set (awk.h:2220)
==740781==    by 0x407708C: install (symbol.c:430)
==740781==    by 0x4077369: install_symbol (symbol.c:173)
==740781==    by 0x4077369: init_the_tables (symbol.c:77)
==740781==    by 0x400D60A: main (main.c:287)
==740781== 
==740781== 48 bytes in 1 blocks are still reachable in loss record 43 of 108
==740781==    at 0x497D858: malloc (vg_replace_malloc.c:447)
==740781==    by 0x4068FEB: emalloc_real (awk.h:2156)
==740781==    by 0x4068FEB: r_getblock (node.c:1164)
==740781==    by 0x40768D9: str_lookup (str_array.c:214)
==740781==    by 0x407708C: assoc_set (awk.h:2220)
==740781==    by 0x407708C: install (symbol.c:430)
==740781==    by 0x4077390: install_symbol (symbol.c:173)
==740781==    by 0x4077390: init_the_tables (symbol.c:78)
==740781==    by 0x400D60A: main (main.c:287)
==740781== 
==740781== 48 bytes in 1 blocks are still reachable in loss record 44 of 108
==740781==    at 0x497D858: malloc (vg_replace_malloc.c:447)
==740781==    by 0x4068FEB: emalloc_real (awk.h:2156)
==740781==    by 0x4068FEB: r_getblock (node.c:1164)
==740781==    by 0x40768D9: str_lookup (str_array.c:214)
==740781==    by 0x407708C: assoc_set (awk.h:2220)
==740781==    by 0x407708C: install (symbol.c:430)
==740781==    by 0x400E038: load_environ (main.c:930)
==740781==    by 0x400E038: init_vars (main.c:879)
==740781==    by 0x400E038: main (main.c:403)
==740781== 
==740781== 48 bytes in 1 blocks are still reachable in loss record 45 of 108
==740781==    at 0x497D858: malloc (vg_replace_malloc.c:447)
==740781==    by 0x4068FEB: emalloc_real (awk.h:2156)
==740781==    by 0x4068FEB: r_getblock (node.c:1164)
==740781==    by 0x40768D9: str_lookup (str_array.c:214)
==740781==    by 0x407708C: assoc_set (awk.h:2220)
==740781==    by 0x407708C: install (symbol.c:430)
==740781==    by 0x400E414: init_args (main.c:764)
==740781==    by 0x400E414: main (main.c:470)
==740781== 
==740781== 48 bytes in 1 blocks are still reachable in loss record 46 of 108
==740781==    at 0x497D858: malloc (vg_replace_malloc.c:447)
==740781==    by 0x4068FEB: emalloc_real (awk.h:2156)
==740781==    by 0x4068FEB: r_getblock (node.c:1164)
==740781==    by 0x40768D9: str_lookup (str_array.c:214)
==740781==    by 0x407708C: assoc_set (awk.h:2220)
==740781==    by 0x407708C: install (symbol.c:430)
==740781==    by 0x400EA90: init_args (main.c:791)
==740781==    by 0x400EA90: main (main.c:470)
==740781== 
==740781== 60 bytes in 1 blocks are still reachable in loss record 47 of 108
==740781==    at 0x497D858: malloc (vg_replace_malloc.c:447)
==740781==    by 0x4014E9C: emalloc_real (awk.h:2156)
==740781==    by 0x4014E9C: tokexpand (awkgram.y:3294)
==740781==    by 0x4020FE6: parse_program (awkgram.y:2795)
==740781==    by 0x400EAD8: main (main.c:483)
==740781== 
==740781== 64 bytes in 1 blocks are still reachable in loss record 48 of 108
==740781==    at 0x497D858: malloc (vg_replace_malloc.c:447)
==740781==    by 0x4086F0A: charset_create (charset.c:9027)
==740781==    by 0x4086F0A: cset_construct (minrx.c:883)
==740781==    by 0x4086F0A: firstclosure (minrx.c:1836)
==740781==    by 0x4086F0A: compile.constprop.0 (minrx.c:1923)
==740781==    by 0x4089B38: minrx_regncomp (minrx.c:2490)
==740781==    by 0x407427D: make_regexp (re.c:355)
==740781==    by 0x40195EB: make_regnode (awkgram.y:5306)
==740781==    by 0x401D996: yyparse (awkgram.y:584)
==740781==    by 0x402073A: parse_program (awkgram.y:2797)
==740781==    by 0x400EAD8: main (main.c:483)
==740781== 
==740781== 68 bytes in 13 blocks are still reachable in loss record 49 of 108
==740781==    at 0x497D858: malloc (vg_replace_malloc.c:447)
==740781==    by 0x4066564: emalloc_real (awk.h:2156)
==740781==    by 0x4066564: estrdup (main.c:1451)
==740781==    by 0x400D9F0: init_vars (main.c:865)
==740781==    by 0x400D9F0: main (main.c:403)
==740781== 
==740781== 68 bytes in 13 blocks are still reachable in loss record 50 of 108
==740781==    at 0x497D858: malloc (vg_replace_malloc.c:447)
==740781==    by 0x4069457: emalloc_real (awk.h:2156)
==740781==    by 0x4069457: make_str_node (node.c:422)
==740781==    by 0x4077055: install (symbol.c:399)
==740781==    by 0x400DA01: init_vars (main.c:865)
==740781==    by 0x400DA01: main (main.c:403)
==740781== 
==740781== 80 bytes in 1 blocks are still reachable in loss record 51 of 108
==740781==    at 0x497D858: malloc (vg_replace_malloc.c:447)
==740781==    by 0x4082141: add_range_to_set (charset.c:3438)
==740781==    by 0x408269F: charset_finalize (charset.c:8983)
==740781==    by 0x4087709: charset_firstbytes (charset.c:9475)
==740781==    by 0x4087709: cset_firstbytes (minrx.c:1060)
==740781==    by 0x4087709: firstbytes (minrx.c:1859)
==740781==    by 0x4087709: compile.constprop.0 (minrx.c:1924)
==740781==    by 0x4089B38: minrx_regncomp (minrx.c:2490)
==740781==    by 0x407427D: make_regexp (re.c:355)
==740781==    by 0x40195EB: make_regnode (awkgram.y:5306)
==740781==    by 0x401D996: yyparse (awkgram.y:584)
==740781==    by 0x402073A: parse_program (awkgram.y:2797)
==740781==    by 0x400EAD8: main (main.c:483)
==740781== 
==740781== 88 bytes in 1 blocks are still reachable in loss record 52 of 108
==740781==    at 0x497D858: malloc (vg_replace_malloc.c:447)
==740781==    by 0x4068FEB: emalloc_real (awk.h:2156)
==740781==    by 0x4068FEB: r_getblock (node.c:1164)
==740781==    by 0x40693C1: make_str_node (node.c:406)
==740781==    by 0x400D5C7: main (main.c:278)
==740781== 
==740781== 88 bytes in 1 blocks are still reachable in loss record 53 of 108
==740781==    at 0x497D858: malloc (vg_replace_malloc.c:447)
==740781==    by 0x4068FEB: emalloc_real (awk.h:2156)
==740781==    by 0x4068FEB: r_getblock (node.c:1164)
==740781==    by 0x40772C7: init_the_tables (symbol.c:68)
==740781==    by 0x400D60A: main (main.c:287)
==740781== 
==740781== 88 bytes in 1 blocks are still reachable in loss record 54 of 108
==740781==    at 0x497D858: malloc (vg_replace_malloc.c:447)
==740781==    by 0x4068FEB: emalloc_real (awk.h:2156)
==740781==    by 0x4068FEB: r_getblock (node.c:1164)
==740781==    by 0x4077308: init_the_tables (symbol.c:72)
==740781==    by 0x400D60A: main (main.c:287)
==740781== 
==740781== 88 bytes in 1 blocks are still reachable in loss record 55 of 108
==740781==    at 0x497D858: malloc (vg_replace_malloc.c:447)
==740781==    by 0x4068FEB: emalloc_real (awk.h:2156)
==740781==    by 0x4068FEB: r_getblock (node.c:1164)
==740781==    by 0x40693C1: make_str_node (node.c:406)
==740781==    by 0x4077055: install (symbol.c:399)
==740781==    by 0x4077369: install_symbol (symbol.c:173)
==740781==    by 0x4077369: init_the_tables (symbol.c:77)
==740781==    by 0x400D60A: main (main.c:287)
==740781== 
==740781== 88 bytes in 1 blocks are still reachable in loss record 56 of 108
==740781==    at 0x497D858: malloc (vg_replace_malloc.c:447)
==740781==    by 0x4068FEB: emalloc_real (awk.h:2156)
==740781==    by 0x4068FEB: r_getblock (node.c:1164)
==740781==    by 0x4077133: make_symbol (symbol.c:376)
==740781==    by 0x4077133: install (symbol.c:417)
==740781==    by 0x4077369: install_symbol (symbol.c:173)
==740781==    by 0x4077369: init_the_tables (symbol.c:77)
==740781==    by 0x400D60A: main (main.c:287)
==740781== 
==740781== 88 bytes in 1 blocks are still reachable in loss record 57 of 108
==740781==    at 0x497D858: malloc (vg_replace_malloc.c:447)
==740781==    by 0x4068FEB: emalloc_real (awk.h:2156)
==740781==    by 0x4068FEB: r_getblock (node.c:1164)
==740781==    by 0x40693C1: make_str_node (node.c:406)
==740781==    by 0x4077055: install (symbol.c:399)
==740781==    by 0x4077390: install_symbol (symbol.c:173)
==740781==    by 0x4077390: init_the_tables (symbol.c:78)
==740781==    by 0x400D60A: main (main.c:287)
==740781== 
==740781== 88 bytes in 1 blocks are still reachable in loss record 58 of 108
==740781==    at 0x497D858: malloc (vg_replace_malloc.c:447)
==740781==    by 0x4068FEB: emalloc_real (awk.h:2156)
==740781==    by 0x4068FEB: r_getblock (node.c:1164)
==740781==    by 0x4077133: make_symbol (symbol.c:376)
==740781==    by 0x4077133: install (symbol.c:417)
==740781==    by 0x4077390: install_symbol (symbol.c:173)
==740781==    by 0x4077390: init_the_tables (symbol.c:78)
==740781==    by 0x400D60A: main (main.c:287)
==740781== 
==740781== 88 bytes in 1 blocks are still reachable in loss record 59 of 108
==740781==    at 0x497D858: malloc (vg_replace_malloc.c:447)
==740781==    by 0x4068FEB: emalloc_real (awk.h:2156)
==740781==    by 0x4068FEB: r_getblock (node.c:1164)
==740781==    by 0x40693C1: make_str_node (node.c:406)
==740781==    by 0x4077055: install (symbol.c:399)
==740781==    by 0x400E038: load_environ (main.c:930)
==740781==    by 0x400E038: init_vars (main.c:879)
==740781==    by 0x400E038: main (main.c:403)
==740781== 
==740781== 88 bytes in 1 blocks are still reachable in loss record 60 of 108
==740781==    at 0x497D858: malloc (vg_replace_malloc.c:447)
==740781==    by 0x4068FEB: emalloc_real (awk.h:2156)
==740781==    by 0x4068FEB: r_getblock (node.c:1164)
==740781==    by 0x4077133: make_symbol (symbol.c:376)
==740781==    by 0x4077133: install (symbol.c:417)
==740781==    by 0x400E038: load_environ (main.c:930)
==740781==    by 0x400E038: init_vars (main.c:879)
==740781==    by 0x400E038: main (main.c:403)
==740781== 
==740781== 88 bytes in 1 blocks are still reachable in loss record 61 of 108
==740781==    at 0x497D858: malloc (vg_replace_malloc.c:447)
==740781==    by 0x4068FEB: emalloc_real (awk.h:2156)
==740781==    by 0x4068FEB: r_getblock (node.c:1164)
==740781==    by 0x40693C1: make_str_node (node.c:406)
==740781==    by 0x40553E0: init_fields (field.c:111)
==740781==    by 0x400E1A4: main (main.c:410)
==740781== 
==740781== 88 bytes in 1 blocks are still reachable in loss record 62 of 108
==740781==    at 0x497D858: malloc (vg_replace_malloc.c:447)
==740781==    by 0x4068FEB: emalloc_real (awk.h:2156)
==740781==    by 0x4068FEB: r_getblock (node.c:1164)
==740781==    by 0x4048A91: init_interpret (eval.c:1902)
==740781==    by 0x400E3D5: main (main.c:468)
==740781== 
==740781== 88 bytes in 1 blocks are still reachable in loss record 63 of 108
==740781==    at 0x497D858: malloc (vg_replace_malloc.c:447)
==740781==    by 0x4068FEB: emalloc_real (awk.h:2156)
==740781==    by 0x4068FEB: r_getblock (node.c:1164)
==740781==    by 0x4069930: make_number_node (awk.h:2206)
==740781==    by 0x4069930: r_make_number (node.c:369)
==740781==    by 0x4048AE5: init_interpret (eval.c:1910)
==740781==    by 0x400E3D5: main (main.c:468)
==740781== 
==740781== 88 bytes in 1 blocks are still reachable in loss record 64 of 108
==740781==    at 0x497D858: malloc (vg_replace_malloc.c:447)
==740781==    by 0x4068FEB: emalloc_real (awk.h:2156)
==740781==    by 0x4068FEB: r_getblock (node.c:1164)
==740781==    by 0x4069930: make_number_node (awk.h:2206)
==740781==    by 0x4069930: r_make_number (node.c:369)
==740781==    by 0x4048AFA: init_interpret (eval.c:1911)
==740781==    by 0x400E3D5: main (main.c:468)
==740781== 
==740781== 88 bytes in 1 blocks are still reachable in loss record 65 of 108
==740781==    at 0x497D858: malloc (vg_replace_malloc.c:447)
==740781==    by 0x4068FEB: emalloc_real (awk.h:2156)
==740781==    by 0x4068FEB: r_getblock (node.c:1164)
==740781==    by 0x40693C1: make_str_node (node.c:406)
==740781==    by 0x4077055: install (symbol.c:399)
==740781==    by 0x400E414: init_args (main.c:764)
==740781==    by 0x400E414: main (main.c:470)
==740781== 
==740781== 88 bytes in 1 blocks are still reachable in loss record 66 of 108
==740781==    at 0x497D858: malloc (vg_replace_malloc.c:447)
==740781==    by 0x4068FEB: emalloc_real (awk.h:2156)
==740781==    by 0x4068FEB: r_getblock (node.c:1164)
==740781==    by 0x4077133: make_symbol (symbol.c:376)
==740781==    by 0x4077133: install (symbol.c:417)
==740781==    by 0x400E414: init_args (main.c:764)
==740781==    by 0x400E414: main (main.c:470)
==740781== 
==740781== 88 bytes in 1 blocks are still reachable in loss record 67 of 108
==740781==    at 0x497D858: malloc (vg_replace_malloc.c:447)
==740781==    by 0x4068FEB: emalloc_real (awk.h:2156)
==740781==    by 0x4068FEB: r_getblock (node.c:1164)
==740781==    by 0x40693C1: make_str_node (node.c:406)
==740781==    by 0x400E43D: init_args (main.c:766)
==740781==    by 0x400E43D: main (main.c:470)
==740781== 
==740781== 88 bytes in 1 blocks are still reachable in loss record 68 of 108
==740781==    at 0x497D858: malloc (vg_replace_malloc.c:447)
==740781==    by 0x4068FEB: emalloc_real (awk.h:2156)
==740781==    by 0x4068FEB: r_getblock (node.c:1164)
==740781==    by 0x40348D2: make_node (cint_array.c:731)
==740781==    by 0x40348D2: cint_lookup (cint_array.c:256)
==740781==    by 0x40662E6: assoc_set (awk.h:2220)
==740781==    by 0x400E453: init_args (main.c:768)
==740781==    by 0x400E453: main (main.c:470)
==740781== 
==740781== 88 bytes in 1 blocks are still reachable in loss record 69 of 108
==740781==    at 0x497D858: malloc (vg_replace_malloc.c:447)
==740781==    by 0x4068FEB: emalloc_real (awk.h:2156)
==740781==    by 0x4068FEB: r_getblock (node.c:1164)
==740781==    by 0x40344E7: make_node (cint_array.c:731)
==740781==    by 0x40344E7: tree_lookup (cint_array.c:796)
==740781==    by 0x40662E6: assoc_set (awk.h:2220)
==740781==    by 0x400E453: init_args (main.c:768)
==740781==    by 0x400E453: main (main.c:470)
==740781== 
==740781== 88 bytes in 1 blocks are still reachable in loss record 70 of 108
==740781==    at 0x497D858: malloc (vg_replace_malloc.c:447)
==740781==    by 0x4068FEB: emalloc_real (awk.h:2156)
==740781==    by 0x4068FEB: r_getblock (node.c:1164)
==740781==    by 0x40693C1: make_str_node (node.c:406)
==740781==    by 0x4077055: install (symbol.c:399)
==740781==    by 0x400EA90: init_args (main.c:791)
==740781==    by 0x400EA90: main (main.c:470)
==740781== 
==740781== 88 bytes in 1 blocks are still reachable in loss record 71 of 108
==740781==    at 0x497D858: malloc (vg_replace_malloc.c:447)
==740781==    by 0x4068FEB: emalloc_real (awk.h:2156)
==740781==    by 0x4068FEB: r_getblock (node.c:1164)
==740781==    by 0x4077133: make_symbol (symbol.c:376)
==740781==    by 0x4077133: install (symbol.c:417)
==740781==    by 0x400EA90: init_args (main.c:791)
==740781==    by 0x400EA90: main (main.c:470)
==740781== 
==740781== 88 bytes in 1 blocks are still reachable in loss record 72 of 108
==740781==    at 0x497D858: malloc (vg_replace_malloc.c:447)
==740781==    by 0x4068FEB: emalloc_real (awk.h:2156)
==740781==    by 0x4068FEB: r_getblock (node.c:1164)
==740781==    by 0x4069930: make_number_node (awk.h:2206)
==740781==    by 0x4069930: r_make_number (node.c:369)
==740781==    by 0x400EAA8: init_args (main.c:792)
==740781==    by 0x400EAA8: main (main.c:470)
==740781== 
==740781== 88 bytes in 1 blocks are still reachable in loss record 73 of 108
==740781==    at 0x497D858: malloc (vg_replace_malloc.c:447)
==740781==    by 0x4068FEB: emalloc_real (awk.h:2156)
==740781==    by 0x4068FEB: r_getblock (node.c:1164)
==740781==    by 0x40693C1: make_str_node (node.c:406)
==740781==    by 0x401D986: yyparse (awkgram.y:583)
==740781==    by 0x402073A: parse_program (awkgram.y:2797)
==740781==    by 0x400EAD8: main (main.c:483)
==740781== 
==740781== 88 bytes in 1 blocks are still reachable in loss record 74 of 108
==740781==    at 0x497D858: malloc (vg_replace_malloc.c:447)
==740781==    by 0x4068FEB: emalloc_real (awk.h:2156)
==740781==    by 0x4068FEB: r_getblock (node.c:1164)
==740781==    by 0x4019588: make_regnode (awkgram.y:5300)
==740781==    by 0x401D996: yyparse (awkgram.y:584)
==740781==    by 0x402073A: parse_program (awkgram.y:2797)
==740781==    by 0x400EAD8: main (main.c:483)
==740781== 
==740781== 88 bytes in 1 blocks are still reachable in loss record 75 of 108
==740781==    at 0x497D858: malloc (vg_replace_malloc.c:447)
==740781==    by 0x4068FEB: emalloc_real (awk.h:2156)
==740781==    by 0x4068FEB: r_getblock (node.c:1164)
==740781==    by 0x40693C1: make_str_node (node.c:406)
==740781==    by 0x40613F5: nextfile (io.c:518)
==740781==    by 0x404ECBF: r_interpret (interpret.h:1421)
==740781==    by 0x400EDDE: main (main.c:532)
==740781== 
==740781== 88 bytes in 1 blocks are still reachable in loss record 76 of 108
==740781==    at 0x497D858: malloc (vg_replace_malloc.c:447)
==740781==    by 0x4068FEB: emalloc_real (awk.h:2156)
==740781==    by 0x4068FEB: r_getblock (node.c:1164)
==740781==    by 0x4055A4F: set_record (field.c:343)
==740781==    by 0x406096F: inrec (io.c:590)
==740781==    by 0x404ECFC: r_interpret (interpret.h:1457)
==740781==    by 0x400EDDE: main (main.c:532)
==740781== 
==740781== 104 bytes in 1 blocks are still reachable in loss record 77 of 108
==740781==    at 0x4984E43: calloc (vg_replace_malloc.c:1678)
==740781==    by 0x4075D54: ezalloc_real (awk.h:2174)
==740781==    by 0x4075D54: grow_table (str_array.c:682)
==740781==    by 0x407693C: str_lookup (str_array.c:150)
==740781==    by 0x407708C: assoc_set (awk.h:2220)
==740781==    by 0x407708C: install (symbol.c:430)
==740781==    by 0x4077369: install_symbol (symbol.c:173)
==740781==    by 0x4077369: init_the_tables (symbol.c:77)
==740781==    by 0x400D60A: main (main.c:287)
==740781== 
==740781== 104 bytes in 1 blocks are still reachable in loss record 78 of 108
==740781==    at 0x4984E43: calloc (vg_replace_malloc.c:1678)
==740781==    by 0x4075D54: ezalloc_real (awk.h:2174)
==740781==    by 0x4075D54: grow_table (str_array.c:682)
==740781==    by 0x407693C: str_lookup (str_array.c:150)
==740781==    by 0x407708C: assoc_set (awk.h:2220)
==740781==    by 0x407708C: install (symbol.c:430)
==740781==    by 0x400DA01: init_vars (main.c:865)
==740781==    by 0x400DA01: main (main.c:403)
==740781== 
==740781== 104 bytes in 1 blocks are still reachable in loss record 79 of 108
==740781==    at 0x4984E43: calloc (vg_replace_malloc.c:1678)
==740781==    by 0x4075D54: ezalloc_real (awk.h:2174)
==740781==    by 0x4075D54: grow_table (str_array.c:682)
==740781==    by 0x407693C: str_lookup (str_array.c:150)
==740781==    by 0x400E127: assoc_set (awk.h:2220)
==740781==    by 0x400E127: load_environ (main.c:949)
==740781==    by 0x400E127: init_vars (main.c:879)
==740781==    by 0x400E127: main (main.c:403)
==740781== 
==740781== 104 bytes in 1 blocks are still reachable in loss record 80 of 108
==740781==    at 0x4984E43: calloc (vg_replace_malloc.c:1678)
==740781==    by 0x4075D54: ezalloc_real (awk.h:2174)
==740781==    by 0x4075D54: grow_table (str_array.c:682)
==740781==    by 0x407693C: str_lookup (str_array.c:150)
==740781==    by 0x407708C: assoc_set (awk.h:2220)
==740781==    by 0x407708C: install (symbol.c:430)
==740781==    by 0x401982E: install_builtins (awkgram.y:6601)
==740781==    by 0x400ED71: main (main.c:491)
==740781== 
==740781== 127 bytes in 22 blocks are still reachable in loss record 81 of 108
==740781==    at 0x497D858: malloc (vg_replace_malloc.c:447)
==740781==    by 0x4069457: emalloc_real (awk.h:2156)
==740781==    by 0x4069457: make_str_node (node.c:422)
==740781==    by 0x4077055: install (symbol.c:399)
==740781==    by 0x401982E: install_builtins (awkgram.y:6601)
==740781==    by 0x400ED71: main (main.c:491)
==740781== 
==740781== 128 bytes in 1 blocks are still reachable in loss record 82 of 108
==740781==    at 0x497D858: malloc (vg_replace_malloc.c:447)
==740781==    by 0x4086BDE: compile.constprop.0 (minrx.c:1905)
==740781==    by 0x4089B38: minrx_regncomp (minrx.c:2490)
==740781==    by 0x407427D: make_regexp (re.c:355)
==740781==    by 0x40195EB: make_regnode (awkgram.y:5306)
==740781==    by 0x401D996: yyparse (awkgram.y:584)
==740781==    by 0x402073A: parse_program (awkgram.y:2797)
==740781==    by 0x400EAD8: main (main.c:483)
==740781== 
==740781== 136 bytes in 1 blocks are still reachable in loss record 83 of 108
==740781==    at 0x4984E43: calloc (vg_replace_malloc.c:1678)
==740781==    by 0x407421C: ezalloc_real (awk.h:2174)
==740781==    by 0x407421C: make_regexp (re.c:278)
==740781==    by 0x40195EB: make_regnode (awkgram.y:5306)
==740781==    by 0x401D996: yyparse (awkgram.y:584)
==740781==    by 0x402073A: parse_program (awkgram.y:2797)
==740781==    by 0x400EAD8: main (main.c:483)
==740781== 
==740781== 176 bytes in 2 blocks are still reachable in loss record 84 of 108
==740781==    at 0x497D858: malloc (vg_replace_malloc.c:447)
==740781==    by 0x4068FEB: emalloc_real (awk.h:2156)
==740781==    by 0x4068FEB: r_getblock (node.c:1164)
==740781==    by 0x40693C1: make_str_node (node.c:406)
==740781==    by 0x401B194: yylex (awkgram.y:4074)
==740781==    by 0x401C83C: yyparse (awkgram.c:1879)
==740781==    by 0x402073A: parse_program (awkgram.y:2797)
==740781==    by 0x400EAD8: main (main.c:483)
==740781== 
==740781== 205 bytes in 24 blocks are still reachable in loss record 85 of 108
==740781==    at 0x497D858: malloc (vg_replace_malloc.c:447)
==740781==    by 0x4069457: emalloc_real (awk.h:2156)
==740781==    by 0x4069457: make_str_node (node.c:422)
==740781==    by 0x400E0F5: load_environ (main.c:946)
==740781==    by 0x400E0F5: init_vars (main.c:879)
==740781==    by 0x400E0F5: main (main.c:403)
==740781== 
==740781== 256 bytes in 1 blocks are still reachable in loss record 86 of 108
==740781==    at 0x4984E43: calloc (vg_replace_malloc.c:1678)
==740781==    by 0x4034892: ezalloc_real (awk.h:2174)
==740781==    by 0x4034892: cint_lookup (cint_array.c:249)
==740781==    by 0x40662E6: assoc_set (awk.h:2220)
==740781==    by 0x400E453: init_args (main.c:768)
==740781==    by 0x400E453: main (main.c:470)
==740781== 
==740781== 256 bytes in 1 blocks are still reachable in loss record 87 of 108
==740781==    at 0x4984E43: calloc (vg_replace_malloc.c:1678)
==740781==    by 0x4034297: ezalloc_real (awk.h:2174)
==740781==    by 0x4034297: tree_lookup (cint_array.c:773)
==740781==    by 0x40662E6: assoc_set (awk.h:2220)
==740781==    by 0x400E453: init_args (main.c:768)
==740781==    by 0x400E453: main (main.c:470)
==740781== 
==740781== 256 bytes in 1 blocks are still reachable in loss record 88 of 108
==740781==    at 0x4984E43: calloc (vg_replace_malloc.c:1678)
==740781==    by 0x40344C0: ezalloc_real (awk.h:2174)
==740781==    by 0x40344C0: leaf_lookup (cint_array.c:1064)
==740781==    by 0x40344C0: tree_lookup (cint_array.c:797)
==740781==    by 0x40662E6: assoc_set (awk.h:2220)
==740781==    by 0x400E453: init_args (main.c:768)
==740781==    by 0x400E453: main (main.c:470)
==740781== 
==740781== 296 bytes in 1 blocks are still reachable in loss record 89 of 108
==740781==    at 0x4984E43: calloc (vg_replace_malloc.c:1678)
==740781==    by 0x4014A06: ezalloc_real (awk.h:2174)
==740781==    by 0x4014A06: do_add_srcfile (awkgram.y:2833)
==740781==    by 0x4018A70: add_srcfile (awkgram.y:2916)
==740781==    by 0x400D7E5: parse_args (main.c:1585)
==740781==    by 0x400D7E5: main (main.c:294)
==740781== 
==740781== 352 bytes in 1 blocks are still reachable in loss record 90 of 108
==740781==    at 0x497D858: malloc (vg_replace_malloc.c:447)
==740781==    by 0x40869ED: compile.constprop.0 (minrx.c:1866)
==740781==    by 0x4089B38: minrx_regncomp (minrx.c:2490)
==740781==    by 0x407427D: make_regexp (re.c:355)
==740781==    by 0x40195EB: make_regnode (awkgram.y:5306)
==740781==    by 0x401D996: yyparse (awkgram.y:584)
==740781==    by 0x402073A: parse_program (awkgram.y:2797)
==740781==    by 0x400EAD8: main (main.c:483)
==740781== 
==740781== 440 bytes in 5 blocks are still reachable in loss record 91 of 108
==740781==    at 0x497D858: malloc (vg_replace_malloc.c:447)
==740781==    by 0x4068FEB: emalloc_real (awk.h:2156)
==740781==    by 0x4068FEB: r_getblock (node.c:1164)
==740781==    by 0x4069930: make_number_node (awk.h:2206)
==740781==    by 0x4069930: r_make_number (node.c:369)
==740781==    by 0x400DA23: init_vars (main.c:869)
==740781==    by 0x400DA23: main (main.c:403)
==740781== 
==740781== 512 bytes in 1 blocks are still reachable in loss record 92 of 108
==740781==    at 0x4984E43: calloc (vg_replace_malloc.c:1678)
==740781==    by 0x4055BEE: ezalloc_real (awk.h:2174)
==740781==    by 0x4055BEE: set_record (field.c:309)
==740781==    by 0x406096F: inrec (io.c:590)
==740781==    by 0x404ECFC: r_interpret (interpret.h:1457)
==740781==    by 0x400EDDE: main (main.c:532)
==740781== 
==740781== 552 bytes in 1 blocks are still reachable in loss record 93 of 108
==740781==    at 0x4984E43: calloc (vg_replace_malloc.c:1678)
==740781==    by 0x4078976: ezalloc_real (awk.h:2174)
==740781==    by 0x4078976: new_context (symbol.c:870)
==740781==    by 0x400D61D: main (main.c:292)
==740781== 
==740781== 616 bytes in 7 blocks are still reachable in loss record 94 of 108
==740781==    at 0x497D858: malloc (vg_replace_malloc.c:447)
==740781==    by 0x4068FEB: emalloc_real (awk.h:2156)
==740781==    by 0x4068FEB: r_getblock (node.c:1164)
==740781==    by 0x40693C1: make_str_node (node.c:406)
==740781==    by 0x400D984: init_vars (main.c:867)
==740781==    by 0x400D984: main (main.c:403)
==740781== 
==740781== 624 bytes in 13 blocks are still reachable in loss record 95 of 108
==740781==    at 0x497D858: malloc (vg_replace_malloc.c:447)
==740781==    by 0x4068FEB: emalloc_real (awk.h:2156)
==740781==    by 0x4068FEB: r_getblock (node.c:1164)
==740781==    by 0x40768D9: str_lookup (str_array.c:214)
==740781==    by 0x407708C: assoc_set (awk.h:2220)
==740781==    by 0x407708C: install (symbol.c:430)
==740781==    by 0x400DA01: init_vars (main.c:865)
==740781==    by 0x400DA01: main (main.c:403)
==740781== 
==740781== 830 bytes in 24 blocks are still reachable in loss record 96 of 108
==740781==    at 0x497D858: malloc (vg_replace_malloc.c:447)
==740781==    by 0x4069457: emalloc_real (awk.h:2156)
==740781==    by 0x4069457: make_str_node (node.c:422)
==740781==    by 0x400E10D: load_environ (main.c:947)
==740781==    by 0x400E10D: init_vars (main.c:879)
==740781==    by 0x400E10D: main (main.c:403)
==740781== 
==740781== 1,056 bytes in 22 blocks are still reachable in loss record 97 of 108
==740781==    at 0x497D858: malloc (vg_replace_malloc.c:447)
==740781==    by 0x4068FEB: emalloc_real (awk.h:2156)
==740781==    by 0x4068FEB: r_getblock (node.c:1164)
==740781==    by 0x40768D9: str_lookup (str_array.c:214)
==740781==    by 0x407708C: assoc_set (awk.h:2220)
==740781==    by 0x407708C: install (symbol.c:430)
==740781==    by 0x401982E: install_builtins (awkgram.y:6601)
==740781==    by 0x400ED71: main (main.c:491)
==740781== 
==740781== 1,144 bytes in 13 blocks are still reachable in loss record 98 of 108
==740781==    at 0x497D858: malloc (vg_replace_malloc.c:447)
==740781==    by 0x4068FEB: emalloc_real (awk.h:2156)
==740781==    by 0x4068FEB: r_getblock (node.c:1164)
==740781==    by 0x40693C1: make_str_node (node.c:406)
==740781==    by 0x4077055: install (symbol.c:399)
==740781==    by 0x400DA01: init_vars (main.c:865)
==740781==    by 0x400DA01: main (main.c:403)
==740781== 
==740781== 1,144 bytes in 13 blocks are still reachable in loss record 99 of 108
==740781==    at 0x497D858: malloc (vg_replace_malloc.c:447)
==740781==    by 0x4068FEB: emalloc_real (awk.h:2156)
==740781==    by 0x4068FEB: r_getblock (node.c:1164)
==740781==    by 0x4077133: make_symbol (symbol.c:376)
==740781==    by 0x4077133: install (symbol.c:417)
==740781==    by 0x400DA01: init_vars (main.c:865)
==740781==    by 0x400DA01: main (main.c:403)
==740781== 
==740781== 1,152 bytes in 24 blocks are still reachable in loss record 100 of 108
==740781==    at 0x497D858: malloc (vg_replace_malloc.c:447)
==740781==    by 0x4068FEB: emalloc_real (awk.h:2156)
==740781==    by 0x4068FEB: r_getblock (node.c:1164)
==740781==    by 0x40768D9: str_lookup (str_array.c:214)
==740781==    by 0x400E127: assoc_set (awk.h:2220)
==740781==    by 0x400E127: load_environ (main.c:949)
==740781==    by 0x400E127: init_vars (main.c:879)
==740781==    by 0x400E127: main (main.c:403)
==740781== 
==740781== 1,936 bytes in 22 blocks are still reachable in loss record 101 of 108
==740781==    at 0x497D858: malloc (vg_replace_malloc.c:447)
==740781==    by 0x4068FEB: emalloc_real (awk.h:2156)
==740781==    by 0x4068FEB: r_getblock (node.c:1164)
==740781==    by 0x40693C1: make_str_node (node.c:406)
==740781==    by 0x4077055: install (symbol.c:399)
==740781==    by 0x401982E: install_builtins (awkgram.y:6601)
==740781==    by 0x400ED71: main (main.c:491)
==740781== 
==740781== 1,936 bytes in 22 blocks are still reachable in loss record 102 of 108
==740781==    at 0x497D858: malloc (vg_replace_malloc.c:447)
==740781==    by 0x4068FEB: emalloc_real (awk.h:2156)
==740781==    by 0x4068FEB: r_getblock (node.c:1164)
==740781==    by 0x407721E: make_symbol (symbol.c:376)
==740781==    by 0x407721E: install (symbol.c:417)
==740781==    by 0x401982E: install_builtins (awkgram.y:6601)
==740781==    by 0x400ED71: main (main.c:491)
==740781== 
==740781== 2,048 bytes in 1 blocks are still reachable in loss record 103 of 108
==740781==    at 0x497D858: malloc (vg_replace_malloc.c:447)
==740781==    by 0x4048A59: emalloc_real (awk.h:2156)
==740781==    by 0x4048A59: init_interpret (eval.c:1897)
==740781==    by 0x400E3D5: main (main.c:468)
==740781== 
==740781== 2,112 bytes in 24 blocks are still reachable in loss record 104 of 108
==740781==    at 0x497D858: malloc (vg_replace_malloc.c:447)
==740781==    by 0x4068FEB: emalloc_real (awk.h:2156)
==740781==    by 0x4068FEB: r_getblock (node.c:1164)
==740781==    by 0x40693C1: make_str_node (node.c:406)
==740781==    by 0x400E0F5: load_environ (main.c:946)
==740781==    by 0x400E0F5: init_vars (main.c:879)
==740781==    by 0x400E0F5: main (main.c:403)
==740781== 
==740781== 2,112 bytes in 24 blocks are still reachable in loss record 105 of 108
==740781==    at 0x497D858: malloc (vg_replace_malloc.c:447)
==740781==    by 0x4068FEB: emalloc_real (awk.h:2156)
==740781==    by 0x4068FEB: r_getblock (node.c:1164)
==740781==    by 0x40693C1: make_str_node (node.c:406)
==740781==    by 0x400E10D: load_environ (main.c:947)
==740781==    by 0x400E10D: init_vars (main.c:879)
==740781==    by 0x400E10D: main (main.c:403)
==740781== 
==740781== 5,048 bytes in 1 blocks are still reachable in loss record 106 of 108
==740781==    at 0x497D858: malloc (vg_replace_malloc.c:447)
==740781==    by 0x4078891: emalloc_real (awk.h:2156)
==740781==    by 0x4078891: bcalloc (symbol.c:849)
==740781==    by 0x402065C: parse_program (awkgram.y:2770)
==740781==    by 0x400EAD8: main (main.c:483)
==740781== 
==740781== 5,048 bytes in 1 blocks are still reachable in loss record 107 of 108
==740781==    at 0x497D858: malloc (vg_replace_malloc.c:447)
==740781==    by 0x4078891: emalloc_real (awk.h:2156)
==740781==    by 0x4078891: bcalloc (symbol.c:849)
==740781==    by 0x4020B58: parse_program (awkgram.y:2778)
==740781==    by 0x400EAD8: main (main.c:483)
==740781== 
==740781== 5,048 bytes in 1 blocks are still reachable in loss record 108 of 108
==740781==    at 0x497D858: malloc (vg_replace_malloc.c:447)
==740781==    by 0x4078891: emalloc_real (awk.h:2156)
==740781==    by 0x4078891: bcalloc (symbol.c:849)
==740781==    by 0x4016298: append_rule.isra.0 (awkgram.y:5806)
==740781==    by 0x401E19B: yyparse (awkgram.y:271)
==740781==    by 0x402073A: parse_program (awkgram.y:2797)
==740781==    by 0x400EAD8: main (main.c:483)
==740781== 
==740781== LEAK SUMMARY:
==740781==    definitely lost: 0 bytes in 0 blocks
==740781==    indirectly lost: 0 bytes in 0 blocks
==740781==      possibly lost: 0 bytes in 0 blocks
==740781==    still reachable: 39,175 bytes in 388 blocks
==740781==         suppressed: 0 bytes in 0 blocks
==740781== 
==740781== For lists of detected and suppressed errors, rerun with: -s
==740781== ERROR SUMMARY: 1 errors from 1 contexts (suppressed: 0 from 0)
