==706737== Memcheck, a memory error detector
==706737== Copyright (C) 2002-2024, and GNU GPL'd, by Julian Seward et al.
==706737== Using Valgrind-3.26.0 and LibVEX; rerun with -h for copyright info
==706737== Command: /tmp/rboxc-tar-behavior-t_i3lnfl/exec/tar --index-file=/dev/full -tvf archive.tar
==706737== Parent PID: 705177
==706737== 
==706737== 
==706737== FILE DESCRIPTORS: 3 open (2 inherited) at exit.
==706737== Open file descriptor 3: /dev/full
==706737==    at 0x4A1A9E6: open (open64.c:41)
==706737==    by 0x498BFA2: _IO_file_open (fileops.c:222)
==706737==    by 0x498C305: _IO_file_fopen@@GLIBC_2.2.5 (fileops.c:315)
==706737==    by 0x497F81E: __fopen_internal (iofopen.c:75)
==706737==    by 0x497F81E: fopen@@GLIBC_2.2.5 (iofopen.c:86)
==706737==    by 0x400C7A5: decode_options (tar.c:2700)
==706737==    by 0x400C7A5: main (tar.c:2792)
==706737== 
==706737== 
==706737== HEAP SUMMARY:
==706737==     in use at exit: 4,744 bytes in 7 blocks
==706737==   total heap usage: 92 allocs, 85 frees, 52,814 bytes allocated
==706737== 
==706737== 5 bytes in 1 blocks are still reachable in loss record 1 of 7
==706737==    at 0x48BD858: malloc (vg_replace_malloc.c:447)
==706737==    by 0x405185D: xmalloc (xmalloc.c:45)
==706737==    by 0x405185D: xmemdup (xmalloc.c:314)
==706737==    by 0x405185D: xstrdup (xmalloc.c:339)
==706737==    by 0x402644F: assign_string (misc.c:58)
==706737==    by 0x402973C: uname_to_uid (names.c:550)
==706737==    by 0x402457F: decode_header (list.c:694)
==706737==    by 0x4025616: read_and (list.c:194)
==706737==    by 0x400CD4B: main (tar.c:2832)
==706737== 
==706737== 5 bytes in 1 blocks are still reachable in loss record 2 of 7
==706737==    at 0x48BD858: malloc (vg_replace_malloc.c:447)
==706737==    by 0x405185D: xmalloc (xmalloc.c:45)
==706737==    by 0x405185D: xmemdup (xmalloc.c:314)
==706737==    by 0x405185D: xstrdup (xmalloc.c:339)
==706737==    by 0x402644F: assign_string (misc.c:58)
==706737==    by 0x40297DC: gname_to_gid (names.c:580)
==706737==    by 0x402455F: decode_header (list.c:699)
==706737==    by 0x4025616: read_and (list.c:194)
==706737==    by 0x400CD4B: main (tar.c:2832)
==706737== 
==706737== 16 bytes in 1 blocks are still reachable in loss record 3 of 7
==706737==    at 0x48C4E43: calloc (vg_replace_malloc.c:1678)
==706737==    by 0x40516F1: xcalloc (xmalloc.c:298)
==706737==    by 0x40516F1: xzalloc (xmalloc.c:283)
==706737==    by 0x400BEF9: decode_options (tar.c:2297)
==706737==    by 0x400BEF9: main (tar.c:2792)
==706737== 
==706737== 80 bytes in 1 blocks are still reachable in loss record 4 of 7
==706737==    at 0x48BD858: malloc (vg_replace_malloc.c:447)
==706737==    by 0x40512CC: xmalloc (xmalloc.c:45)
==706737==    by 0x400BE43: main (tar.c:2781)
==706737== 
==706737== 102 bytes in 1 blocks are still reachable in loss record 5 of 7
==706737==    at 0x48BD858: malloc (vg_replace_malloc.c:447)
==706737==    by 0x40512CC: xmalloc (xmalloc.c:45)
==706737==    by 0x4029881: name_init (names.c:869)
==706737==    by 0x400C94C: main (tar.c:2794)
==706737== 
==706737== 472 bytes in 1 blocks are still reachable in loss record 6 of 7
==706737==    at 0x48BD858: malloc (vg_replace_malloc.c:447)
==706737==    by 0x497F7BE: __fopen_internal (iofopen.c:65)
==706737==    by 0x497F7BE: fopen@@GLIBC_2.2.5 (iofopen.c:86)
==706737==    by 0x400C7A5: decode_options (tar.c:2700)
==706737==    by 0x400C7A5: main (tar.c:2792)
==706737== 
==706737== 4,064 bytes in 1 blocks are still reachable in loss record 7 of 7
==706737==    at 0x48BD858: malloc (vg_replace_malloc.c:447)
==706737==    by 0x40512CC: xmalloc (xmalloc.c:45)
==706737==    by 0x404A07D: call_chunkfun (obstack.c:88)
==706737==    by 0x404A07D: _obstack_begin_worker.isra.0 (obstack.c:135)
==706737==    by 0x404A0A8: _obstack_begin (obstack.c:157)
==706737==    by 0x4032C57: _transform_name_to_obstack (transform.c:592)
==706737==    by 0x4032C57: transform_name_fp (transform.c:614)
==706737==    by 0x4023670: transform_member_name (list.c:114)
==706737==    by 0x4023670: transform_stat_info.part.0 (list.c:150)
==706737==    by 0x4025850: transform_stat_info (list.c:227)
==706737==    by 0x4025850: read_and (list.c:227)
==706737==    by 0x400CD4B: main (tar.c:2832)
==706737== 
==706737== LEAK SUMMARY:
==706737==    definitely lost: 0 bytes in 0 blocks
==706737==    indirectly lost: 0 bytes in 0 blocks
==706737==      possibly lost: 0 bytes in 0 blocks
==706737==    still reachable: 4,744 bytes in 7 blocks
==706737==         suppressed: 0 bytes in 0 blocks
==706737== 
==706737== For lists of detected and suppressed errors, rerun with: -s
==706737== ERROR SUMMARY: 1 errors from 1 contexts (suppressed: 0 from 0)
