==597279== Memcheck, a memory error detector
==597279== Copyright (C) 2002-2024, and GNU GPL'd, by Julian Seward et al.
==597279== Using Valgrind-3.26.0 and LibVEX; rerun with -h for copyright info
==597279== Command: tar --version
==597279== Parent PID: 597039
==597279== 
==597279== 
==597279== FILE DESCRIPTORS: 4 open (4 inherited) at exit.
==597279== 
==597279== HEAP SUMMARY:
==597279==     in use at exit: 7,767 bytes in 3 blocks
==597279==   total heap usage: 15 allocs, 12 frees, 12,021 bytes allocated
==597279== 
==597279== 16 bytes in 1 blocks are still reachable in loss record 1 of 3
==597279==    at 0x48C4E43: calloc (vg_replace_malloc.c:1678)
==597279==    by 0x40516F1: xcalloc (xmalloc.c:298)
==597279==    by 0x40516F1: xzalloc (xmalloc.c:283)
==597279==    by 0x400BEF9: decode_options (tar.c:2297)
==597279==    by 0x400BEF9: main (tar.c:2792)
==597279== 
==597279== 80 bytes in 1 blocks are still reachable in loss record 2 of 3
==597279==    at 0x48BD858: malloc (vg_replace_malloc.c:447)
==597279==    by 0x40512CC: xmalloc (xmalloc.c:45)
==597279==    by 0x400BE43: main (tar.c:2781)
==597279== 
==597279== 7,671 bytes in 1 blocks are still reachable in loss record 3 of 3
==597279==    at 0x48BD858: malloc (vg_replace_malloc.c:447)
==597279==    by 0x4041854: parser_init (argp-parse.c:495)
==597279==    by 0x4041854: argp_parse (argp-parse.c:921)
==597279==    by 0x400C045: decode_options (tar.c:2380)
==597279==    by 0x400C045: main (tar.c:2792)
==597279== 
==597279== LEAK SUMMARY:
==597279==    definitely lost: 0 bytes in 0 blocks
==597279==    indirectly lost: 0 bytes in 0 blocks
==597279==      possibly lost: 0 bytes in 0 blocks
==597279==    still reachable: 7,767 bytes in 3 blocks
==597279==         suppressed: 0 bytes in 0 blocks
==597279== 
==597279== For lists of detected and suppressed errors, rerun with: -s
==597279== ERROR SUMMARY: 0 errors from 0 contexts (suppressed: 0 from 0)
