==653154== Memcheck, a memory error detector
==653154== Copyright (C) 2002-2024, and GNU GPL'd, by Julian Seward et al.
==653154== Using Valgrind-3.26.0 and LibVEX; rerun with -h for copyright info
==653154== Command: tar --xattrs-include=user.incl* --xattrs-exclude=user.incl_excluded -cf archive.tar -C dir .
==653154== Parent PID: 652948
==653154== 
==653154== 
==653154== FILE DESCRIPTORS: 2 open (1 inherited) at exit.
==653154== Open file descriptor 4: dir
==653154==    at 0x4A1AADA: openat (openat64.c:39)
==653154==    by 0x4027817: openat (fcntl2.h:175)
==653154==    by 0x4027817: chdir_do (misc.c:988)
==653154==    by 0x4028D52: name_next_elt (names.c:1123)
==653154==    by 0x40298EC: name_next (names.c:1152)
==653154==    by 0x401750F: create_archive (create.c:1410)
==653154==    by 0x400CD90: main (tar.c:2818)
==653154== 
==653154== 
==653154== HEAP SUMMARY:
==653154==     in use at exit: 6,803 bytes in 20 blocks
==653154==   total heap usage: 95 allocs, 75 frees, 100,452 bytes allocated
==653154== 
==653154== 4 bytes in 1 blocks are still reachable in loss record 1 of 16
==653154==    at 0x48BD858: malloc (vg_replace_malloc.c:447)
==653154==    by 0x405185D: xmalloc (xmalloc.c:45)
==653154==    by 0x405185D: xmemdup (xmalloc.c:314)
==653154==    by 0x405185D: xstrdup (xmalloc.c:339)
==653154==    by 0x4028D43: name_next_elt (names.c:1123)
==653154==    by 0x40298EC: name_next (names.c:1152)
==653154==    by 0x401750F: create_archive (create.c:1410)
==653154==    by 0x400CD90: main (tar.c:2818)
==653154== 
==653154== 5 bytes in 1 blocks are still reachable in loss record 2 of 16
==653154==    at 0x48BD858: malloc (vg_replace_malloc.c:447)
==653154==    by 0x405185D: xmalloc (xmalloc.c:45)
==653154==    by 0x405185D: xmemdup (xmalloc.c:314)
==653154==    by 0x405185D: xstrdup (xmalloc.c:339)
==653154==    by 0x402644F: assign_string (misc.c:58)
==653154==    by 0x4029612: uid_to_uname (names.c:490)
==653154==    by 0x40155F3: start_header (create.c:931)
==653154==    by 0x40167F9: dump_dir0 (create.c:1123)
==653154==    by 0x40167F9: dump_dir (create.c:1320)
==653154==    by 0x40167F9: dump_file0 (create.c:1757)
==653154==    by 0x4017589: dump_file (create.c:1968)
==653154==    by 0x4017589: create_archive (create.c:1412)
==653154==    by 0x400CD90: main (tar.c:2818)
==653154== 
==653154== 5 bytes in 1 blocks are still reachable in loss record 3 of 16
==653154==    at 0x48BD858: malloc (vg_replace_malloc.c:447)
==653154==    by 0x405185D: xmalloc (xmalloc.c:45)
==653154==    by 0x405185D: xmemdup (xmalloc.c:314)
==653154==    by 0x405185D: xstrdup (xmalloc.c:339)
==653154==    by 0x402644F: assign_string (misc.c:58)
==653154==    by 0x40296A2: gid_to_gname (names.c:520)
==653154==    by 0x40155DB: start_header (create.c:936)
==653154==    by 0x40167F9: dump_dir0 (create.c:1123)
==653154==    by 0x40167F9: dump_dir (create.c:1320)
==653154==    by 0x40167F9: dump_file0 (create.c:1757)
==653154==    by 0x4017589: dump_file (create.c:1968)
==653154==    by 0x4017589: create_archive (create.c:1412)
==653154==    by 0x400CD90: main (tar.c:2818)
==653154== 
==653154== 7 bytes in 2 blocks are indirectly lost in loss record 4 of 16
==653154==    at 0x48BD858: malloc (vg_replace_malloc.c:447)
==653154==    by 0x40387DD: wsnode_quoteremoval (wordsplit.c:651)
==653154==    by 0x4039CFD: wordsplit_process_list (wordsplit.c:2390)
==653154==    by 0x403A562: wordsplit_run.constprop.0 (wordsplit.c:2434)
==653154==    by 0x400BFFA: parse_default_options (tar.c:2256)
==653154==    by 0x400BFFA: decode_options (tar.c:2378)
==653154==    by 0x400BFFA: main (tar.c:2792)
==653154== 
==653154== 7 bytes in 2 blocks are definitely lost in loss record 5 of 16
==653154==    at 0x48BD858: malloc (vg_replace_malloc.c:447)
==653154==    by 0x403A1FB: wordsplit_finish (wordsplit.c:836)
==653154==    by 0x400BFFA: parse_default_options (tar.c:2256)
==653154==    by 0x400BFFA: decode_options (tar.c:2378)
==653154==    by 0x400BFFA: main (tar.c:2792)
==653154== 
==653154== 16 bytes in 1 blocks are still reachable in loss record 6 of 16
==653154==    at 0x48C4E43: calloc (vg_replace_malloc.c:1678)
==653154==    by 0x40516F1: xcalloc (xmalloc.c:298)
==653154==    by 0x40516F1: xzalloc (xmalloc.c:283)
==653154==    by 0x400BEF9: decode_options (tar.c:2297)
==653154==    by 0x400BEF9: main (tar.c:2792)
==653154== 
==653154== 17 bytes in 1 blocks are still reachable in loss record 7 of 16
==653154==    at 0x48BD858: malloc (vg_replace_malloc.c:447)
==653154==    by 0x405185D: xmalloc (xmalloc.c:45)
==653154==    by 0x405185D: xmemdup (xmalloc.c:314)
==653154==    by 0x405185D: xstrdup (xmalloc.c:339)
==653154==    by 0x402644F: assign_string (misc.c:58)
==653154==    by 0x401E7A6: xheader_xhdr_name (xheader.c:393)
==653154==    by 0x4014297: write_extended.part.0 (create.c:713)
==653154==    by 0x4014896: write_extended (create.c:699)
==653154==    by 0x4014896: finish_header (create.c:1024)
==653154==    by 0x4016C5E: dump_dir0 (create.c:1137)
==653154==    by 0x4016C5E: dump_dir (create.c:1320)
==653154==    by 0x4016C5E: dump_file0 (create.c:1757)
==653154==    by 0x4017589: dump_file (create.c:1968)
==653154==    by 0x4017589: create_archive (create.c:1412)
==653154==    by 0x400CD90: main (tar.c:2818)
==653154== 
==653154== 48 bytes in 1 blocks are still reachable in loss record 8 of 16
==653154==    at 0x48C53C0: reallocarray (vg_replace_malloc.c:1806)
==653154==    by 0x40515C9: xreallocarray (xmalloc.c:84)
==653154==    by 0x40515C9: x2nrealloc (xmalloc.c:203)
==653154==    by 0x4027754: chdir_arg (misc.c:934)
==653154==    by 0x4028D4B: name_next_elt (names.c:1123)
==653154==    by 0x40298EC: name_next (names.c:1152)
==653154==    by 0x401750F: create_archive (create.c:1410)
==653154==    by 0x400CD90: main (tar.c:2818)
==653154== 
==653154== 64 bytes in 2 blocks are still reachable in loss record 9 of 16
==653154==    at 0x48C53C0: reallocarray (vg_replace_malloc.c:1806)
==653154==    by 0x40515C9: xreallocarray (xmalloc.c:84)
==653154==    by 0x40515C9: x2nrealloc (xmalloc.c:203)
==653154==    by 0x4034DDF: mask_map_realloc (xattrs.c:507)
==653154==    by 0x4034DDF: xattrs_mask_add (xattrs.c:517)
==653154==    by 0x40301F7: parse_opt (tar.c:2126)
==653154==    by 0x40421C3: group_parse (argp-parse.c:233)
==653154==    by 0x40421C3: parser_parse_opt (argp-parse.c:748)
==653154==    by 0x40421C3: parser_parse_next (argp-parse.c:859)
==653154==    by 0x40421C3: argp_parse (argp-parse.c:927)
==653154==    by 0x400C045: decode_options (tar.c:2380)
==653154==    by 0x400C045: main (tar.c:2792)
==653154== 
==653154== 80 bytes in 1 blocks are still reachable in loss record 10 of 16
==653154==    at 0x48BD858: malloc (vg_replace_malloc.c:447)
==653154==    by 0x40512CC: xmalloc (xmalloc.c:45)
==653154==    by 0x400BE43: main (tar.c:2781)
==653154== 
==653154== 87 (80 direct, 7 indirect) bytes in 2 blocks are definitely lost in loss record 11 of 16
==653154==    at 0x48C4E43: calloc (vg_replace_malloc.c:1678)
==653154==    by 0x403959D: wsnode_new (wordsplit.c:422)
==653154==    by 0x403959D: wordsplit_add_segm (wordsplit.c:523)
==653154==    by 0x4039854: scan_word (wordsplit.c:2062)
==653154==    by 0x4039C7C: wordsplit_process_list (wordsplit.c:2358)
==653154==    by 0x403A562: wordsplit_run.constprop.0 (wordsplit.c:2434)
==653154==    by 0x400BFFA: parse_default_options (tar.c:2256)
==653154==    by 0x400BFFA: decode_options (tar.c:2378)
==653154==    by 0x400BFFA: main (tar.c:2792)
==653154== 
==653154== 102 bytes in 1 blocks are still reachable in loss record 12 of 16
==653154==    at 0x48BD858: malloc (vg_replace_malloc.c:447)
==653154==    by 0x40512CC: xmalloc (xmalloc.c:45)
==653154==    by 0x4029881: name_init (names.c:869)
==653154==    by 0x400C94C: main (tar.c:2794)
==653154== 
==653154== 256 bytes in 1 blocks are still reachable in loss record 13 of 16
==653154==    at 0x48BD858: malloc (vg_replace_malloc.c:447)
==653154==    by 0x40512CC: xmalloc (xmalloc.c:45)
==653154==    by 0x401D274: xattr_encode_keyword (xheader.c:833)
==653154==    by 0x401D274: xheader_print_n (xheader.c:876)
==653154==    by 0x401D4FB: xheader_print (xheader.c:899)
==653154==    by 0x401D4FB: code_time (xheader.c:1043)
==653154==    by 0x401D4FB: mtime_coder (xheader.c:1232)
==653154==    by 0x401527F: start_header (create.c:852)
==653154==    by 0x40167F9: dump_dir0 (create.c:1123)
==653154==    by 0x40167F9: dump_dir (create.c:1320)
==653154==    by 0x40167F9: dump_file0 (create.c:1757)
==653154==    by 0x4017589: dump_file (create.c:1968)
==653154==    by 0x4017589: create_archive (create.c:1412)
==653154==    by 0x400CD90: main (tar.c:2818)
==653154== 
==653154== 1,024 bytes in 1 blocks are still reachable in loss record 14 of 16
==653154==    at 0x48C53C0: reallocarray (vg_replace_malloc.c:1806)
==653154==    by 0x40515C9: xreallocarray (xmalloc.c:84)
==653154==    by 0x40515C9: x2nrealloc (xmalloc.c:203)
==653154==    by 0x4034EBB: xattrs_xattrs_get (xattrs.c:560)
==653154==    by 0x401676D: dump_file0 (create.c:1742)
==653154==    by 0x4017589: dump_file (create.c:1968)
==653154==    by 0x4017589: create_archive (create.c:1412)
==653154==    by 0x400CD90: main (tar.c:2818)
==653154== 
==653154== 1,024 bytes in 1 blocks are still reachable in loss record 15 of 16
==653154==    at 0x48C53C0: reallocarray (vg_replace_malloc.c:1806)
==653154==    by 0x40515C9: xreallocarray (xmalloc.c:84)
==653154==    by 0x40515C9: x2nrealloc (xmalloc.c:203)
==653154==    by 0x40350AB: xattrs_xattrs_get (xattrs.c:580)
==653154==    by 0x401676D: dump_file0 (create.c:1742)
==653154==    by 0x4017589: dump_file (create.c:1968)
==653154==    by 0x4017589: create_archive (create.c:1412)
==653154==    by 0x400CD90: main (tar.c:2818)
==653154== 
==653154== 4,064 bytes in 1 blocks are still reachable in loss record 16 of 16
==653154==    at 0x48BD858: malloc (vg_replace_malloc.c:447)
==653154==    by 0x40512CC: xmalloc (xmalloc.c:45)
==653154==    by 0x404A07D: call_chunkfun (obstack.c:88)
==653154==    by 0x404A07D: _obstack_begin_worker.isra.0 (obstack.c:135)
==653154==    by 0x404A0A8: _obstack_begin (obstack.c:157)
==653154==    by 0x4032C57: _transform_name_to_obstack (transform.c:592)
==653154==    by 0x4032C57: transform_name_fp (transform.c:614)
==653154==    by 0x4016444: dump_file0 (create.c:1657)
==653154==    by 0x4017589: dump_file (create.c:1968)
==653154==    by 0x4017589: create_archive (create.c:1412)
==653154==    by 0x400CD90: main (tar.c:2818)
==653154== 
==653154== LEAK SUMMARY:
==653154==    definitely lost: 87 bytes in 4 blocks
==653154==    indirectly lost: 7 bytes in 2 blocks
==653154==      possibly lost: 0 bytes in 0 blocks
==653154==    still reachable: 6,709 bytes in 14 blocks
==653154==         suppressed: 0 bytes in 0 blocks
==653154== 
==653154== For lists of detected and suppressed errors, rerun with: -s
==653154== ERROR SUMMARY: 3 errors from 3 contexts (suppressed: 0 from 0)
