==698607== Memcheck, a memory error detector
==698607== Copyright (C) 2002-2024, and GNU GPL'd, by Julian Seward et al.
==698607== Using Valgrind-3.26.0 and LibVEX; rerun with -h for copyright info
==698607== Command: tar xfvz /dev/null
==698607== Parent PID: 698295
==698607== 
==698607== 
==698607== FILE DESCRIPTORS: 2 open (2 inherited) at exit.
==698607== 
==698607== HEAP SUMMARY:
==698607==     in use at exit: 14,566 bytes in 5 blocks
==698607==   total heap usage: 20 allocs, 15 frees, 22,517 bytes allocated
==698607== 
==698607== 16 bytes in 1 blocks are still reachable in loss record 1 of 5
==698607==    at 0x5875E43: calloc (vg_replace_malloc.c:1678)
==698607==    by 0x469E681: rboxc_tar_xzalloc (in /root/rboxc/target/tar-child-input-candidate/release/rboxc)
==698607==    by 0x440DEF5: single_binary_main_tar (in /root/rboxc/target/tar-child-input-candidate/release/rboxc)
==698607==    by 0x5A18600: (below main) (libc_start_call_main.h:59)
==698607== 
==698607== 32 bytes in 1 blocks are still reachable in loss record 2 of 5
==698607==    at 0x586E858: malloc (vg_replace_malloc.c:447)
==698607==    by 0x469E25C: rboxc_tar_xmalloc (in /root/rboxc/target/tar-child-input-candidate/release/rboxc)
==698607==    by 0x4404C80: rboxc::applet_tar::set_use_compress_program_option (in /root/rboxc/target/tar-child-input-candidate/release/rboxc)
==698607==    by 0x44059E2: rboxc::applet_tar::parse_opt (in /root/rboxc/target/tar-child-input-candidate/release/rboxc)
==698607==    by 0x468D3BD: rboxc_tar_argp_parse (in /root/rboxc/target/tar-child-input-candidate/release/rboxc)
==698607==    by 0x440E425: single_binary_main_tar (in /root/rboxc/target/tar-child-input-candidate/release/rboxc)
==698607==    by 0x5A18600: (below main) (libc_start_call_main.h:59)
==698607== 
==698607== 80 bytes in 1 blocks are still reachable in loss record 3 of 5
==698607==    at 0x586E858: malloc (vg_replace_malloc.c:447)
==698607==    by 0x469E25C: rboxc_tar_xmalloc (in /root/rboxc/target/tar-child-input-candidate/release/rboxc)
==698607==    by 0x440DE00: single_binary_main_tar (in /root/rboxc/target/tar-child-input-candidate/release/rboxc)
==698607==    by 0x5A18600: (below main) (libc_start_call_main.h:59)
==698607== 
==698607== 102 bytes in 1 blocks are still reachable in loss record 4 of 5
==698607==    at 0x586E858: malloc (vg_replace_malloc.c:447)
==698607==    by 0x469E25C: rboxc_tar_xmalloc (in /root/rboxc/target/tar-child-input-candidate/release/rboxc)
==698607==    by 0x46735A1: rboxc_tar_name_init (in /root/rboxc/target/tar-child-input-candidate/release/rboxc)
==698607==    by 0x440EE7A: single_binary_main_tar (in /root/rboxc/target/tar-child-input-candidate/release/rboxc)
==698607==    by 0x5A18600: (below main) (libc_start_call_main.h:59)
==698607== 
==698607== 14,336 bytes in 1 blocks are still reachable in loss record 5 of 5
==698607==    at 0x586E858: malloc (vg_replace_malloc.c:447)
==698607==    by 0x469E25C: rboxc_tar_xmalloc (in /root/rboxc/target/tar-child-input-candidate/release/rboxc)
==698607==    by 0x4671852: rboxc_tar_page_aligned_alloc (in /root/rboxc/target/tar-child-input-candidate/release/rboxc)
==698607==    by 0x465A303: init_buffer (in /root/rboxc/target/tar-child-input-candidate/release/rboxc)
==698607==    by 0x465D9FF: rboxc_tar_open_archive (in /root/rboxc/target/tar-child-input-candidate/release/rboxc)
==698607==    by 0x466EF7F: rboxc_tar_read_and (in /root/rboxc/target/tar-child-input-candidate/release/rboxc)
==698607==    by 0x440F040: single_binary_main_tar (in /root/rboxc/target/tar-child-input-candidate/release/rboxc)
==698607==    by 0x5A18600: (below main) (libc_start_call_main.h:59)
==698607== 
==698607== LEAK SUMMARY:
==698607==    definitely lost: 0 bytes in 0 blocks
==698607==    indirectly lost: 0 bytes in 0 blocks
==698607==      possibly lost: 0 bytes in 0 blocks
==698607==    still reachable: 14,566 bytes in 5 blocks
==698607==         suppressed: 0 bytes in 0 blocks
==698607== 
==698607== For lists of detected and suppressed errors, rerun with: -s
==698607== ERROR SUMMARY: 0 errors from 0 contexts (suppressed: 0 from 0)
