==718999== Memcheck, a memory error detector
==718999== Copyright (C) 2002-2024, and GNU GPL'd, by Julian Seward et al.
==718999== Using Valgrind-3.26.0 and LibVEX; rerun with -h for copyright info
==718999== Command: /tmp/rboxc-gawk-original-bdwcy1yx/deps/sort
==718999== Parent PID: 718996
==718999== 
==718999== 
==718999== FILE DESCRIPTORS: 0 open (0 inherited) at exit.
==718999== 
==718999== HEAP SUMMARY:
==718999==     in use at exit: 128 bytes in 1 blocks
==718999==   total heap usage: 25 allocs, 24 frees, 16,935,129 bytes allocated
==718999== 
==718999== 128 bytes in 1 blocks are still reachable in loss record 1 of 1
==718999==    at 0x4BF907F: realloc (vg_replace_malloc.c:1804)
==718999==    by 0x411C0A6: rpl_realloc (stdlib.h:2059)
==718999==    by 0x411C0A6: xrealloc (xmalloc.c:70)
==718999==    by 0x411C0A6: xpalloc (xmalloc.c:269)
==718999==    by 0x40A7BB6: add_temp_dir (sort.c:1347)
==718999==    by 0x40AE3A4: single_binary_main_sort (sort.c:4921)
==718999==    by 0x401A532: launch_program (coreutils.c:126)
==718999==    by 0x4018E7A: main (coreutils.c:143)
==718999== 
==718999== LEAK SUMMARY:
==718999==    definitely lost: 0 bytes in 0 blocks
==718999==    indirectly lost: 0 bytes in 0 blocks
==718999==      possibly lost: 0 bytes in 0 blocks
==718999==    still reachable: 128 bytes in 1 blocks
==718999==         suppressed: 0 bytes in 0 blocks
==718999== 
==718999== For lists of detected and suppressed errors, rerun with: -s
==718999== ERROR SUMMARY: 0 errors from 0 contexts (suppressed: 0 from 0)
