==685042== Memcheck, a memory error detector
==685042== Copyright (C) 2002-2024, and GNU GPL'd, by Julian Seward et al.
==685042== Using Valgrind-3.26.0 and LibVEX; rerun with -h for copyright info
==685042== Command: tar --version
==685042== Parent PID: 684873
==685042== 
==685042== 
==685042== FILE DESCRIPTORS: 4 open (4 inherited) at exit.
==685042== 
==685042== HEAP SUMMARY:
==685042==     in use at exit: 7,767 bytes in 3 blocks
==685042==   total heap usage: 15 allocs, 12 frees, 12,021 bytes allocated
==685042== 
==685042== 16 bytes in 1 blocks are still reachable in loss record 1 of 3
==685042==    at 0x48C4E43: calloc (vg_replace_malloc.c:1678)
==685042==    by 0x40516F1: xcalloc (xmalloc.c:298)
==685042==    by 0x40516F1: xzalloc (xmalloc.c:283)
==685042==    by 0x400BEF9: decode_options (tar.c:2297)
==685042==    by 0x400BEF9: main (tar.c:2792)
==685042== 
==685042== 80 bytes in 1 blocks are still reachable in loss record 2 of 3
==685042==    at 0x48BD858: malloc (vg_replace_malloc.c:447)
==685042==    by 0x40512CC: xmalloc (xmalloc.c:45)
==685042==    by 0x400BE43: main (tar.c:2781)
==685042== 
==685042== 7,671 bytes in 1 blocks are still reachable in loss record 3 of 3
==685042==    at 0x48BD858: malloc (vg_replace_malloc.c:447)
==685042==    by 0x4041854: parser_init (argp-parse.c:495)
==685042==    by 0x4041854: argp_parse (argp-parse.c:921)
==685042==    by 0x400C045: decode_options (tar.c:2380)
==685042==    by 0x400C045: main (tar.c:2792)
==685042== 
==685042== LEAK SUMMARY:
==685042==    definitely lost: 0 bytes in 0 blocks
==685042==    indirectly lost: 0 bytes in 0 blocks
==685042==      possibly lost: 0 bytes in 0 blocks
==685042==    still reachable: 7,767 bytes in 3 blocks
==685042==         suppressed: 0 bytes in 0 blocks
==685042== 
==685042== For lists of detected and suppressed errors, rerun with: -s
==685042== ERROR SUMMARY: 0 errors from 0 contexts (suppressed: 0 from 0)
