==593054== Memcheck, a memory error detector
==593054== Copyright (C) 2002-2024, and GNU GPL'd, by Julian Seward et al.
==593054== Using Valgrind-3.26.0 and LibVEX; rerun with -h for copyright info
==593054== Command: tar --version
==593054== Parent PID: 592806
==593054== 
==593054== 
==593054== FILE DESCRIPTORS: 4 open (4 inherited) at exit.
==593054== 
==593054== HEAP SUMMARY:
==593054==     in use at exit: 7,767 bytes in 3 blocks
==593054==   total heap usage: 15 allocs, 12 frees, 12,021 bytes allocated
==593054== 
==593054== 16 bytes in 1 blocks are still reachable in loss record 1 of 3
==593054==    at 0x48C4E43: calloc (vg_replace_malloc.c:1678)
==593054==    by 0x40516F1: xcalloc (xmalloc.c:298)
==593054==    by 0x40516F1: xzalloc (xmalloc.c:283)
==593054==    by 0x400BEF9: decode_options (tar.c:2297)
==593054==    by 0x400BEF9: main (tar.c:2792)
==593054== 
==593054== 80 bytes in 1 blocks are still reachable in loss record 2 of 3
==593054==    at 0x48BD858: malloc (vg_replace_malloc.c:447)
==593054==    by 0x40512CC: xmalloc (xmalloc.c:45)
==593054==    by 0x400BE43: main (tar.c:2781)
==593054== 
==593054== 7,671 bytes in 1 blocks are still reachable in loss record 3 of 3
==593054==    at 0x48BD858: malloc (vg_replace_malloc.c:447)
==593054==    by 0x4041854: parser_init (argp-parse.c:495)
==593054==    by 0x4041854: argp_parse (argp-parse.c:921)
==593054==    by 0x400C045: decode_options (tar.c:2380)
==593054==    by 0x400C045: main (tar.c:2792)
==593054== 
==593054== LEAK SUMMARY:
==593054==    definitely lost: 0 bytes in 0 blocks
==593054==    indirectly lost: 0 bytes in 0 blocks
==593054==      possibly lost: 0 bytes in 0 blocks
==593054==    still reachable: 7,767 bytes in 3 blocks
==593054==         suppressed: 0 bytes in 0 blocks
==593054== 
==593054== For lists of detected and suppressed errors, rerun with: -s
==593054== ERROR SUMMARY: 0 errors from 0 contexts (suppressed: 0 from 0)
