==701888== Memcheck, a memory error detector
==701888== Copyright (C) 2002-2024, and GNU GPL'd, by Julian Seward et al.
==701888== Using Valgrind-3.26.0 and LibVEX; rerun with -h for copyright info
==701888== Command: tar --version
==701888== Parent PID: 701773
==701888== 
==701888== 
==701888== FILE DESCRIPTORS: 4 open (4 inherited) at exit.
==701888== 
==701888== HEAP SUMMARY:
==701888==     in use at exit: 7,767 bytes in 3 blocks
==701888==   total heap usage: 15 allocs, 12 frees, 12,021 bytes allocated
==701888== 
==701888== 16 bytes in 1 blocks are still reachable in loss record 1 of 3
==701888==    at 0x48C4E43: calloc (vg_replace_malloc.c:1678)
==701888==    by 0x40516F1: xcalloc (xmalloc.c:298)
==701888==    by 0x40516F1: xzalloc (xmalloc.c:283)
==701888==    by 0x400BEF9: decode_options (tar.c:2297)
==701888==    by 0x400BEF9: main (tar.c:2792)
==701888== 
==701888== 80 bytes in 1 blocks are still reachable in loss record 2 of 3
==701888==    at 0x48BD858: malloc (vg_replace_malloc.c:447)
==701888==    by 0x40512CC: xmalloc (xmalloc.c:45)
==701888==    by 0x400BE43: main (tar.c:2781)
==701888== 
==701888== 7,671 bytes in 1 blocks are still reachable in loss record 3 of 3
==701888==    at 0x48BD858: malloc (vg_replace_malloc.c:447)
==701888==    by 0x4041854: parser_init (argp-parse.c:495)
==701888==    by 0x4041854: argp_parse (argp-parse.c:921)
==701888==    by 0x400C045: decode_options (tar.c:2380)
==701888==    by 0x400C045: main (tar.c:2792)
==701888== 
==701888== LEAK SUMMARY:
==701888==    definitely lost: 0 bytes in 0 blocks
==701888==    indirectly lost: 0 bytes in 0 blocks
==701888==      possibly lost: 0 bytes in 0 blocks
==701888==    still reachable: 7,767 bytes in 3 blocks
==701888==         suppressed: 0 bytes in 0 blocks
==701888== 
==701888== For lists of detected and suppressed errors, rerun with: -s
==701888== ERROR SUMMARY: 0 errors from 0 contexts (suppressed: 0 from 0)
