==702255== Memcheck, a memory error detector
==702255== Copyright (C) 2002-2024, and GNU GPL'd, by Julian Seward et al.
==702255== Using Valgrind-3.26.0 and LibVEX; rerun with -h for copyright info
==702255== Command: tar tf k.xz.tar
==702255== Parent PID: 701912
==702255== 
==702255== 
==702255== FILE DESCRIPTORS: 1 open (1 inherited) at exit.
==702255== 
==702255== HEAP SUMMARY:
==702255==     in use at exit: 4,318 bytes in 9 blocks
==702255==   total heap usage: 50 allocs, 41 frees, 51,564 bytes allocated
==702255== 
==702255== 5 bytes in 1 blocks are still reachable in loss record 1 of 8
==702255==    at 0x48BD858: malloc (vg_replace_malloc.c:447)
==702255==    by 0x405185D: xmalloc (xmalloc.c:45)
==702255==    by 0x405185D: xmemdup (xmalloc.c:314)
==702255==    by 0x405185D: xstrdup (xmalloc.c:339)
==702255==    by 0x402644F: assign_string (misc.c:58)
==702255==    by 0x402973C: uname_to_uid (names.c:550)
==702255==    by 0x402457F: decode_header (list.c:694)
==702255==    by 0x4025616: read_and (list.c:194)
==702255==    by 0x400CD4B: main (tar.c:2832)
==702255== 
==702255== 5 bytes in 1 blocks are still reachable in loss record 2 of 8
==702255==    at 0x48BD858: malloc (vg_replace_malloc.c:447)
==702255==    by 0x405185D: xmalloc (xmalloc.c:45)
==702255==    by 0x405185D: xmemdup (xmalloc.c:314)
==702255==    by 0x405185D: xstrdup (xmalloc.c:339)
==702255==    by 0x402644F: assign_string (misc.c:58)
==702255==    by 0x40297DC: gname_to_gid (names.c:580)
==702255==    by 0x402455F: decode_header (list.c:699)
==702255==    by 0x4025616: read_and (list.c:194)
==702255==    by 0x400CD4B: main (tar.c:2832)
==702255== 
==702255== 6 bytes in 2 blocks are indirectly lost in loss record 3 of 8
==702255==    at 0x48BD858: malloc (vg_replace_malloc.c:447)
==702255==    by 0x405185D: xmalloc (xmalloc.c:45)
==702255==    by 0x405185D: xmemdup (xmalloc.c:314)
==702255==    by 0x405185D: xstrdup (xmalloc.c:339)
==702255==    by 0x400C4F1: decode_options (tar.c:2353)
==702255==    by 0x400C4F1: main (tar.c:2792)
==702255== 
==702255== 16 bytes in 1 blocks are still reachable in loss record 4 of 8
==702255==    at 0x48C4E43: calloc (vg_replace_malloc.c:1678)
==702255==    by 0x40516F1: xcalloc (xmalloc.c:298)
==702255==    by 0x40516F1: xzalloc (xmalloc.c:283)
==702255==    by 0x400BEF9: decode_options (tar.c:2297)
==702255==    by 0x400BEF9: main (tar.c:2792)
==702255== 
==702255== 46 (40 direct, 6 indirect) bytes in 1 blocks are definitely lost in loss record 5 of 8
==702255==    at 0x48BD858: malloc (vg_replace_malloc.c:447)
==702255==    by 0x40512CC: xmalloc (xmalloc.c:45)
==702255==    by 0x400C46E: decode_options (tar.c:2340)
==702255==    by 0x400C46E: main (tar.c:2792)
==702255== 
==702255== 80 bytes in 1 blocks are still reachable in loss record 6 of 8
==702255==    at 0x48BD858: malloc (vg_replace_malloc.c:447)
==702255==    by 0x40512CC: xmalloc (xmalloc.c:45)
==702255==    by 0x400BE43: main (tar.c:2781)
==702255== 
==702255== 102 bytes in 1 blocks are still reachable in loss record 7 of 8
==702255==    at 0x48BD858: malloc (vg_replace_malloc.c:447)
==702255==    by 0x40512CC: xmalloc (xmalloc.c:45)
==702255==    by 0x4029881: name_init (names.c:869)
==702255==    by 0x400C94C: main (tar.c:2794)
==702255== 
==702255== 4,064 bytes in 1 blocks are still reachable in loss record 8 of 8
==702255==    at 0x48BD858: malloc (vg_replace_malloc.c:447)
==702255==    by 0x40512CC: xmalloc (xmalloc.c:45)
==702255==    by 0x404A07D: call_chunkfun (obstack.c:88)
==702255==    by 0x404A07D: _obstack_begin_worker.isra.0 (obstack.c:135)
==702255==    by 0x404A0A8: _obstack_begin (obstack.c:157)
==702255==    by 0x4032C57: _transform_name_to_obstack (transform.c:592)
==702255==    by 0x4032C57: transform_name_fp (transform.c:614)
==702255==    by 0x4023670: transform_member_name (list.c:114)
==702255==    by 0x4023670: transform_stat_info.part.0 (list.c:150)
==702255==    by 0x4025850: transform_stat_info (list.c:227)
==702255==    by 0x4025850: read_and (list.c:227)
==702255==    by 0x400CD4B: main (tar.c:2832)
==702255== 
==702255== LEAK SUMMARY:
==702255==    definitely lost: 40 bytes in 1 blocks
==702255==    indirectly lost: 6 bytes in 2 blocks
==702255==      possibly lost: 0 bytes in 0 blocks
==702255==    still reachable: 4,272 bytes in 6 blocks
==702255==         suppressed: 0 bytes in 0 blocks
==702255== 
==702255== For lists of detected and suppressed errors, rerun with: -s
==702255== ERROR SUMMARY: 1 errors from 1 contexts (suppressed: 0 from 0)
