==621957== Memcheck, a memory error detector
==621957== Copyright (C) 2002-2024, and GNU GPL'd, by Julian Seward et al.
==621957== Using Valgrind-3.26.0 and LibVEX; rerun with -h for copyright info
==621957== Command: tar -t -M -f arc.1 -f arc.2 -f arc.3
==621957== Parent PID: 621922
==621957== 
==621957== 
==621957== FILE DESCRIPTORS: 0 open (0 inherited) at exit.
==621957== 
==621957== HEAP SUMMARY:
==621957==     in use at exit: 37,921 bytes in 11 blocks
==621957==   total heap usage: 82 allocs, 71 frees, 97,515 bytes allocated
==621957== 
==621957== 5 bytes in 1 blocks are still reachable in loss record 1 of 11
==621957==    at 0x586E858: malloc (vg_replace_malloc.c:447)
==621957==    by 0x469E66D: rboxc_tar_xstrdup (in /root/rboxc/target/screen-owned-candidate/release/rboxc)
==621957==    by 0x466FF4F: rboxc_tar_assign_string (in /root/rboxc/target/screen-owned-candidate/release/rboxc)
==621957==    by 0x467335C: rboxc_tar_uname_to_uid (in /root/rboxc/target/screen-owned-candidate/release/rboxc)
==621957==    by 0x466DFBF: rboxc_tar_decode_header (in /root/rboxc/target/screen-owned-candidate/release/rboxc)
==621957==    by 0x466F056: rboxc_tar_read_and (in /root/rboxc/target/screen-owned-candidate/release/rboxc)
==621957==    by 0x4478B39: single_binary_main_tar (in /root/rboxc/target/screen-owned-candidate/release/rboxc)
==621957==    by 0x5A18600: (below main) (libc_start_call_main.h:59)
==621957== 
==621957== 5 bytes in 1 blocks are still reachable in loss record 2 of 11
==621957==    at 0x586E858: malloc (vg_replace_malloc.c:447)
==621957==    by 0x469E66D: rboxc_tar_xstrdup (in /root/rboxc/target/screen-owned-candidate/release/rboxc)
==621957==    by 0x466FF4F: rboxc_tar_assign_string (in /root/rboxc/target/screen-owned-candidate/release/rboxc)
==621957==    by 0x46733FC: rboxc_tar_gname_to_gid (in /root/rboxc/target/screen-owned-candidate/release/rboxc)
==621957==    by 0x466DF9F: rboxc_tar_decode_header (in /root/rboxc/target/screen-owned-candidate/release/rboxc)
==621957==    by 0x466F056: rboxc_tar_read_and (in /root/rboxc/target/screen-owned-candidate/release/rboxc)
==621957==    by 0x4478B39: single_binary_main_tar (in /root/rboxc/target/screen-owned-candidate/release/rboxc)
==621957==    by 0x5A18600: (below main) (libc_start_call_main.h:59)
==621957== 
==621957== 16 bytes in 1 blocks are still reachable in loss record 3 of 11
==621957==    at 0x5875E43: calloc (vg_replace_malloc.c:1678)
==621957==    by 0x469E501: rboxc_tar_xzalloc (in /root/rboxc/target/screen-owned-candidate/release/rboxc)
==621957==    by 0x4477AF5: single_binary_main_tar (in /root/rboxc/target/screen-owned-candidate/release/rboxc)
==621957==    by 0x5A18600: (below main) (libc_start_call_main.h:59)
==621957== 
==621957== 80 bytes in 1 blocks are still reachable in loss record 4 of 11
==621957==    at 0x586E858: malloc (vg_replace_malloc.c:447)
==621957==    by 0x469E0DC: rboxc_tar_xmalloc (in /root/rboxc/target/screen-owned-candidate/release/rboxc)
==621957==    by 0x4477A00: single_binary_main_tar (in /root/rboxc/target/screen-owned-candidate/release/rboxc)
==621957==    by 0x5A18600: (below main) (libc_start_call_main.h:59)
==621957== 
==621957== 102 bytes in 1 blocks are still reachable in loss record 5 of 11
==621957==    at 0x586E858: malloc (vg_replace_malloc.c:447)
==621957==    by 0x469E0DC: rboxc_tar_xmalloc (in /root/rboxc/target/screen-owned-candidate/release/rboxc)
==621957==    by 0x46734A1: rboxc_tar_name_init (in /root/rboxc/target/screen-owned-candidate/release/rboxc)
==621957==    by 0x4478A7A: single_binary_main_tar (in /root/rboxc/target/screen-owned-candidate/release/rboxc)
==621957==    by 0x5A18600: (below main) (libc_start_call_main.h:59)
==621957== 
==621957== 112 bytes in 1 blocks are still reachable in loss record 6 of 11
==621957==    at 0x586E858: malloc (vg_replace_malloc.c:447)
==621957==    by 0x5A18E43: __gconv_open (gconv_open.c:77)
==621957==    by 0x5A189E0: iconv_open (iconv_open.c:39)
==621957==    by 0x467A8CD: rboxc_tar_utf8_convert (in /root/rboxc/target/screen-owned-candidate/release/rboxc)
==621957==    by 0x467E404: volume_filename_decoder (in /root/rboxc/target/screen-owned-candidate/release/rboxc)
==621957==    by 0x467D2B1: decode_record.isra.0 (in /root/rboxc/target/screen-owned-candidate/release/rboxc)
==621957==    by 0x467F50F: rboxc_tar_xheader_decode_global (in /root/rboxc/target/screen-owned-candidate/release/rboxc)
==621957==    by 0x466D595: rboxc_tar_read_header (in /root/rboxc/target/screen-owned-candidate/release/rboxc)
==621957==    by 0x465D2FE: gnu_flush_read (in /root/rboxc/target/screen-owned-candidate/release/rboxc)
==621957==    by 0x465B369: rboxc_tar_find_next_block (in /root/rboxc/target/screen-owned-candidate/release/rboxc)
==621957==    by 0x466ECA4: rboxc_tar_skim_file (in /root/rboxc/target/screen-owned-candidate/release/rboxc)
==621957==    by 0x4676AED: rboxc_tar_sparse_skim_file (in /root/rboxc/target/screen-owned-candidate/release/rboxc)
==621957== 
==621957== 177 bytes in 1 blocks are still reachable in loss record 7 of 11
==621957==    at 0x586E858: malloc (vg_replace_malloc.c:447)
==621957==    by 0x469E0DC: rboxc_tar_xmalloc (in /root/rboxc/target/screen-owned-candidate/release/rboxc)
==621957==    by 0x467A847: rboxc_tar_utf8_convert (in /root/rboxc/target/screen-owned-candidate/release/rboxc)
==621957==    by 0x467E404: volume_filename_decoder (in /root/rboxc/target/screen-owned-candidate/release/rboxc)
==621957==    by 0x467D2B1: decode_record.isra.0 (in /root/rboxc/target/screen-owned-candidate/release/rboxc)
==621957==    by 0x467F50F: rboxc_tar_xheader_decode_global (in /root/rboxc/target/screen-owned-candidate/release/rboxc)
==621957==    by 0x466D595: rboxc_tar_read_header (in /root/rboxc/target/screen-owned-candidate/release/rboxc)
==621957==    by 0x465D2FE: gnu_flush_read (in /root/rboxc/target/screen-owned-candidate/release/rboxc)
==621957==    by 0x465B369: rboxc_tar_find_next_block (in /root/rboxc/target/screen-owned-candidate/release/rboxc)
==621957==    by 0x466ECA4: rboxc_tar_skim_file (in /root/rboxc/target/screen-owned-candidate/release/rboxc)
==621957==    by 0x4676AED: rboxc_tar_sparse_skim_file (in /root/rboxc/target/screen-owned-candidate/release/rboxc)
==621957==    by 0x466ED96: skim_member.part.0 (in /root/rboxc/target/screen-owned-candidate/release/rboxc)
==621957== 
==621957== 208 bytes in 1 blocks are still reachable in loss record 8 of 11
==621957==    at 0x586E858: malloc (vg_replace_malloc.c:447)
==621957==    by 0x5A24C6F: __gconv_lookup_cache (gconv_cache.c:361)
==621957==    by 0x5A1A8EE: __gconv_find_transform (gconv_db.c:717)
==621957==    by 0x5A18DE5: __gconv_open (gconv_open.c:73)
==621957==    by 0x5A189E0: iconv_open (iconv_open.c:39)
==621957==    by 0x467A8CD: rboxc_tar_utf8_convert (in /root/rboxc/target/screen-owned-candidate/release/rboxc)
==621957==    by 0x467E404: volume_filename_decoder (in /root/rboxc/target/screen-owned-candidate/release/rboxc)
==621957==    by 0x467D2B1: decode_record.isra.0 (in /root/rboxc/target/screen-owned-candidate/release/rboxc)
==621957==    by 0x467F50F: rboxc_tar_xheader_decode_global (in /root/rboxc/target/screen-owned-candidate/release/rboxc)
==621957==    by 0x466D595: rboxc_tar_read_header (in /root/rboxc/target/screen-owned-candidate/release/rboxc)
==621957==    by 0x465D2FE: gnu_flush_read (in /root/rboxc/target/screen-owned-candidate/release/rboxc)
==621957==    by 0x465B369: rboxc_tar_find_next_block (in /root/rboxc/target/screen-owned-candidate/release/rboxc)
==621957== 
==621957== 512 bytes in 1 blocks are still reachable in loss record 9 of 11
==621957==    at 0x586E858: malloc (vg_replace_malloc.c:447)
==621957==    by 0x469E0DC: rboxc_tar_xmalloc (in /root/rboxc/target/screen-owned-candidate/release/rboxc)
==621957==    by 0x466D801: rboxc_tar_read_header (in /root/rboxc/target/screen-owned-candidate/release/rboxc)
==621957==    by 0x465D2FE: gnu_flush_read (in /root/rboxc/target/screen-owned-candidate/release/rboxc)
==621957==    by 0x465B369: rboxc_tar_find_next_block (in /root/rboxc/target/screen-owned-candidate/release/rboxc)
==621957==    by 0x466ECA4: rboxc_tar_skim_file (in /root/rboxc/target/screen-owned-candidate/release/rboxc)
==621957==    by 0x4676AED: rboxc_tar_sparse_skim_file (in /root/rboxc/target/screen-owned-candidate/release/rboxc)
==621957==    by 0x466ED96: skim_member.part.0 (in /root/rboxc/target/screen-owned-candidate/release/rboxc)
==621957==    by 0x466F292: rboxc_tar_read_and (in /root/rboxc/target/screen-owned-candidate/release/rboxc)
==621957==    by 0x4478B39: single_binary_main_tar (in /root/rboxc/target/screen-owned-candidate/release/rboxc)
==621957==    by 0x5A18600: (below main) (libc_start_call_main.h:59)
==621957== 
==621957== 4,064 bytes in 1 blocks are still reachable in loss record 10 of 11
==621957==    at 0x586E858: malloc (vg_replace_malloc.c:447)
==621957==    by 0x469E0DC: rboxc_tar_xmalloc (in /root/rboxc/target/screen-owned-candidate/release/rboxc)
==621957==    by 0x4695FFD: _obstack_begin_worker.isra.0 (in /root/rboxc/target/screen-owned-candidate/release/rboxc)
==621957==    by 0x4696028: rboxc_tar__obstack_begin (in /root/rboxc/target/screen-owned-candidate/release/rboxc)
==621957==    by 0x4679CD7: rboxc_tar_transform_name_fp (in /root/rboxc/target/screen-owned-candidate/release/rboxc)
==621957==    by 0x466D0B0: transform_stat_info.part.0 (in /root/rboxc/target/screen-owned-candidate/release/rboxc)
==621957==    by 0x466F290: rboxc_tar_read_and (in /root/rboxc/target/screen-owned-candidate/release/rboxc)
==621957==    by 0x4478B39: single_binary_main_tar (in /root/rboxc/target/screen-owned-candidate/release/rboxc)
==621957==    by 0x5A18600: (below main) (libc_start_call_main.h:59)
==621957== 
==621957== 32,640 bytes in 1 blocks are still reachable in loss record 11 of 11
==621957==    at 0x586E858: malloc (vg_replace_malloc.c:447)
==621957==    by 0x5A18ECE: __gconv_open (gconv_open.c:127)
==621957==    by 0x5A189E0: iconv_open (iconv_open.c:39)
==621957==    by 0x467A8CD: rboxc_tar_utf8_convert (in /root/rboxc/target/screen-owned-candidate/release/rboxc)
==621957==    by 0x467E404: volume_filename_decoder (in /root/rboxc/target/screen-owned-candidate/release/rboxc)
==621957==    by 0x467D2B1: decode_record.isra.0 (in /root/rboxc/target/screen-owned-candidate/release/rboxc)
==621957==    by 0x467F50F: rboxc_tar_xheader_decode_global (in /root/rboxc/target/screen-owned-candidate/release/rboxc)
==621957==    by 0x466D595: rboxc_tar_read_header (in /root/rboxc/target/screen-owned-candidate/release/rboxc)
==621957==    by 0x465D2FE: gnu_flush_read (in /root/rboxc/target/screen-owned-candidate/release/rboxc)
==621957==    by 0x465B369: rboxc_tar_find_next_block (in /root/rboxc/target/screen-owned-candidate/release/rboxc)
==621957==    by 0x466ECA4: rboxc_tar_skim_file (in /root/rboxc/target/screen-owned-candidate/release/rboxc)
==621957==    by 0x4676AED: rboxc_tar_sparse_skim_file (in /root/rboxc/target/screen-owned-candidate/release/rboxc)
==621957== 
==621957== LEAK SUMMARY:
==621957==    definitely lost: 0 bytes in 0 blocks
==621957==    indirectly lost: 0 bytes in 0 blocks
==621957==      possibly lost: 0 bytes in 0 blocks
==621957==    still reachable: 37,921 bytes in 11 blocks
==621957==         suppressed: 0 bytes in 0 blocks
==621957== 
==621957== For lists of detected and suppressed errors, rerun with: -s
==621957== ERROR SUMMARY: 0 errors from 0 contexts (suppressed: 0 from 0)
