==616275== Memcheck, a memory error detector
==616275== Copyright (C) 2002-2024, and GNU GPL'd, by Julian Seward et al.
==616275== Using Valgrind-3.26.0 and LibVEX; rerun with -h for copyright info
==616275== Command: tar --version
==616275== Parent PID: 616190
==616275== 
==616275== 
==616275== FILE DESCRIPTORS: 4 open (4 inherited) at exit.
==616275== 
==616275== HEAP SUMMARY:
==616275==     in use at exit: 7,767 bytes in 3 blocks
==616275==   total heap usage: 15 allocs, 12 frees, 12,021 bytes allocated
==616275== 
==616275== 16 bytes in 1 blocks are still reachable in loss record 1 of 3
==616275==    at 0x48C4E43: calloc (vg_replace_malloc.c:1678)
==616275==    by 0x40516F1: xcalloc (xmalloc.c:298)
==616275==    by 0x40516F1: xzalloc (xmalloc.c:283)
==616275==    by 0x400BEF9: decode_options (tar.c:2297)
==616275==    by 0x400BEF9: main (tar.c:2792)
==616275== 
==616275== 80 bytes in 1 blocks are still reachable in loss record 2 of 3
==616275==    at 0x48BD858: malloc (vg_replace_malloc.c:447)
==616275==    by 0x40512CC: xmalloc (xmalloc.c:45)
==616275==    by 0x400BE43: main (tar.c:2781)
==616275== 
==616275== 7,671 bytes in 1 blocks are still reachable in loss record 3 of 3
==616275==    at 0x48BD858: malloc (vg_replace_malloc.c:447)
==616275==    by 0x4041854: parser_init (argp-parse.c:495)
==616275==    by 0x4041854: argp_parse (argp-parse.c:921)
==616275==    by 0x400C045: decode_options (tar.c:2380)
==616275==    by 0x400C045: main (tar.c:2792)
==616275== 
==616275== LEAK SUMMARY:
==616275==    definitely lost: 0 bytes in 0 blocks
==616275==    indirectly lost: 0 bytes in 0 blocks
==616275==      possibly lost: 0 bytes in 0 blocks
==616275==    still reachable: 7,767 bytes in 3 blocks
==616275==         suppressed: 0 bytes in 0 blocks
==616275== 
==616275== For lists of detected and suppressed errors, rerun with: -s
==616275== ERROR SUMMARY: 0 errors from 0 contexts (suppressed: 0 from 0)
