==616347== Memcheck, a memory error detector
==616347== Copyright (C) 2002-2024, and GNU GPL'd, by Julian Seward et al.
==616347== Using Valgrind-3.26.0 and LibVEX; rerun with -h for copyright info
==616347== Command: tar -c -f archive --sparse begin sparsefile end
==616347== Parent PID: 616336
==616347== 
==616347== 
==616347== FILE DESCRIPTORS: 1 open (1 inherited) at exit.
==616347== 
==616347== HEAP SUMMARY:
==616347==     in use at exit: 37,963 bytes in 22 blocks
==616347==   total heap usage: 101 allocs, 79 frees, 103,048 bytes allocated
==616347== 
==616347== 5 bytes in 1 blocks are still reachable in loss record 1 of 18
==616347==    at 0x48BD858: malloc (vg_replace_malloc.c:447)
==616347==    by 0x405185D: xmalloc (xmalloc.c:45)
==616347==    by 0x405185D: xmemdup (xmalloc.c:314)
==616347==    by 0x405185D: xstrdup (xmalloc.c:339)
==616347==    by 0x402644F: assign_string (misc.c:58)
==616347==    by 0x4029612: uid_to_uname (names.c:490)
==616347==    by 0x40155F3: start_header (create.c:931)
==616347==    by 0x4015798: dump_regular_file (create.c:1050)
==616347==    by 0x40165E2: dump_file0 (create.c:1773)
==616347==    by 0x4017589: dump_file (create.c:1968)
==616347==    by 0x4017589: create_archive (create.c:1412)
==616347==    by 0x400CD90: main (tar.c:2818)
==616347== 
==616347== 5 bytes in 1 blocks are still reachable in loss record 2 of 18
==616347==    at 0x48BD858: malloc (vg_replace_malloc.c:447)
==616347==    by 0x405185D: xmalloc (xmalloc.c:45)
==616347==    by 0x405185D: xmemdup (xmalloc.c:314)
==616347==    by 0x405185D: xstrdup (xmalloc.c:339)
==616347==    by 0x402644F: assign_string (misc.c:58)
==616347==    by 0x40296A2: gid_to_gname (names.c:520)
==616347==    by 0x40155DB: start_header (create.c:936)
==616347==    by 0x4015798: dump_regular_file (create.c:1050)
==616347==    by 0x40165E2: dump_file0 (create.c:1773)
==616347==    by 0x4017589: dump_file (create.c:1968)
==616347==    by 0x4017589: create_archive (create.c:1412)
==616347==    by 0x400CD90: main (tar.c:2818)
==616347== 
==616347== 9 bytes in 2 blocks are indirectly lost in loss record 3 of 18
==616347==    at 0x48BD858: malloc (vg_replace_malloc.c:447)
==616347==    by 0x40387DD: wsnode_quoteremoval (wordsplit.c:651)
==616347==    by 0x4039CFD: wordsplit_process_list (wordsplit.c:2390)
==616347==    by 0x403A562: wordsplit_run.constprop.0 (wordsplit.c:2434)
==616347==    by 0x400BFFA: parse_default_options (tar.c:2256)
==616347==    by 0x400BFFA: decode_options (tar.c:2378)
==616347==    by 0x400BFFA: main (tar.c:2792)
==616347== 
==616347== 9 bytes in 2 blocks are definitely lost in loss record 4 of 18
==616347==    at 0x48BD858: malloc (vg_replace_malloc.c:447)
==616347==    by 0x403A1FB: wordsplit_finish (wordsplit.c:836)
==616347==    by 0x400BFFA: parse_default_options (tar.c:2256)
==616347==    by 0x400BFFA: decode_options (tar.c:2378)
==616347==    by 0x400BFFA: main (tar.c:2792)
==616347== 
==616347== 16 bytes in 1 blocks are still reachable in loss record 5 of 18
==616347==    at 0x48C4E43: calloc (vg_replace_malloc.c:1678)
==616347==    by 0x40516F1: xcalloc (xmalloc.c:298)
==616347==    by 0x40516F1: xzalloc (xmalloc.c:283)
==616347==    by 0x400BEF9: decode_options (tar.c:2297)
==616347==    by 0x400BEF9: main (tar.c:2792)
==616347== 
==616347== 17 bytes in 1 blocks are still reachable in loss record 6 of 18
==616347==    at 0x48BD858: malloc (vg_replace_malloc.c:447)
==616347==    by 0x405185D: xmalloc (xmalloc.c:45)
==616347==    by 0x405185D: xmemdup (xmalloc.c:314)
==616347==    by 0x405185D: xstrdup (xmalloc.c:339)
==616347==    by 0x402644F: assign_string (misc.c:58)
==616347==    by 0x401E7A6: xheader_xhdr_name (xheader.c:393)
==616347==    by 0x4014297: write_extended.part.0 (create.c:713)
==616347==    by 0x4014896: write_extended (create.c:699)
==616347==    by 0x4014896: finish_header (create.c:1024)
==616347==    by 0x40157AF: dump_regular_file (create.c:1058)
==616347==    by 0x40165E2: dump_file0 (create.c:1773)
==616347==    by 0x4017589: dump_file (create.c:1968)
==616347==    by 0x4017589: create_archive (create.c:1412)
==616347==    by 0x400CD90: main (tar.c:2818)
==616347== 
==616347== 40 bytes in 1 blocks are still reachable in loss record 7 of 18
==616347==    at 0x48BD858: malloc (vg_replace_malloc.c:447)
==616347==    by 0x40512CC: xmalloc (xmalloc.c:45)
==616347==    by 0x401407E: file_count_links (create.c:1522)
==616347==    by 0x401407E: file_count_links (create.c:1508)
==616347==    by 0x4016E46: dump_file0 (create.c:1779)
==616347==    by 0x4017589: dump_file (create.c:1968)
==616347==    by 0x4017589: create_archive (create.c:1412)
==616347==    by 0x400CD90: main (tar.c:2818)
==616347== 
==616347== 64 bytes in 2 blocks are still reachable in loss record 8 of 18
==616347==    at 0x48BD858: malloc (vg_replace_malloc.c:447)
==616347==    by 0x40512CC: xmalloc (xmalloc.c:45)
==616347==    by 0x401407E: file_count_links (create.c:1522)
==616347==    by 0x401407E: file_count_links (create.c:1508)
==616347==    by 0x4016A58: dump_file0 (create.c:1779)
==616347==    by 0x4017589: dump_file (create.c:1968)
==616347==    by 0x4017589: create_archive (create.c:1412)
==616347==    by 0x400CD90: main (tar.c:2818)
==616347== 
==616347== 80 bytes in 1 blocks are still reachable in loss record 9 of 18
==616347==    at 0x48BD858: malloc (vg_replace_malloc.c:447)
==616347==    by 0x40512CC: xmalloc (xmalloc.c:45)
==616347==    by 0x400BE43: main (tar.c:2781)
==616347== 
==616347== 80 bytes in 1 blocks are still reachable in loss record 10 of 18
==616347==    at 0x48BD858: malloc (vg_replace_malloc.c:447)
==616347==    by 0x4047846: hash_initialize (hash.c:523)
==616347==    by 0x401411B: file_count_links (create.c:1530)
==616347==    by 0x401411B: file_count_links (create.c:1508)
==616347==    by 0x4016A58: dump_file0 (create.c:1779)
==616347==    by 0x4017589: dump_file (create.c:1968)
==616347==    by 0x4017589: create_archive (create.c:1412)
==616347==    by 0x400CD90: main (tar.c:2818)
==616347== 
==616347== 89 (80 direct, 9 indirect) bytes in 2 blocks are definitely lost in loss record 11 of 18
==616347==    at 0x48C4E43: calloc (vg_replace_malloc.c:1678)
==616347==    by 0x403959D: wsnode_new (wordsplit.c:422)
==616347==    by 0x403959D: wordsplit_add_segm (wordsplit.c:523)
==616347==    by 0x4039854: scan_word (wordsplit.c:2062)
==616347==    by 0x4039C7C: wordsplit_process_list (wordsplit.c:2358)
==616347==    by 0x403A562: wordsplit_run.constprop.0 (wordsplit.c:2434)
==616347==    by 0x400BFFA: parse_default_options (tar.c:2256)
==616347==    by 0x400BFFA: decode_options (tar.c:2378)
==616347==    by 0x400BFFA: main (tar.c:2792)
==616347== 
==616347== 102 bytes in 1 blocks are still reachable in loss record 12 of 18
==616347==    at 0x48BD858: malloc (vg_replace_malloc.c:447)
==616347==    by 0x40512CC: xmalloc (xmalloc.c:45)
==616347==    by 0x4029881: name_init (names.c:869)
==616347==    by 0x400C94C: main (tar.c:2794)
==616347== 
==616347== 112 bytes in 1 blocks are still reachable in loss record 13 of 18
==616347==    at 0x48BD858: malloc (vg_replace_malloc.c:447)
==616347==    by 0x491DE43: __gconv_open (gconv_open.c:77)
==616347==    by 0x491D9E0: iconv_open (iconv_open.c:39)
==616347==    by 0x403387B: utf8_init (utf8.c:59)
==616347==    by 0x403387B: utf8_convert (utf8.c:73)
==616347==    by 0x401D32E: code_string (xheader.c:1015)
==616347==    by 0x402BCCB: pax_dump_header_1 (sparse.c:1205)
==616347==    by 0x402BCCB: pax_dump_header (sparse.c:1245)
==616347==    by 0x402CA6F: tar_sparse_dump_header (sparse.c:153)
==616347==    by 0x402CA6F: sparse_dump_file (sparse.c:535)
==616347==    by 0x4016E23: dump_file0 (create.c:1768)
==616347==    by 0x4017589: dump_file (create.c:1968)
==616347==    by 0x4017589: create_archive (create.c:1412)
==616347==    by 0x400CD90: main (tar.c:2818)
==616347== 
==616347== 176 bytes in 1 blocks are still reachable in loss record 14 of 18
==616347==    at 0x48C4E43: calloc (vg_replace_malloc.c:1678)
==616347==    by 0x404789C: hash_initialize (hash.c:544)
==616347==    by 0x401411B: file_count_links (create.c:1530)
==616347==    by 0x401411B: file_count_links (create.c:1508)
==616347==    by 0x4016A58: dump_file0 (create.c:1779)
==616347==    by 0x4017589: dump_file (create.c:1968)
==616347==    by 0x4017589: create_archive (create.c:1412)
==616347==    by 0x400CD90: main (tar.c:2818)
==616347== 
==616347== 208 bytes in 1 blocks are still reachable in loss record 15 of 18
==616347==    at 0x48BD858: malloc (vg_replace_malloc.c:447)
==616347==    by 0x4929C6F: __gconv_lookup_cache (gconv_cache.c:361)
==616347==    by 0x491F8EE: __gconv_find_transform (gconv_db.c:717)
==616347==    by 0x491DDE5: __gconv_open (gconv_open.c:73)
==616347==    by 0x491D9E0: iconv_open (iconv_open.c:39)
==616347==    by 0x403387B: utf8_init (utf8.c:59)
==616347==    by 0x403387B: utf8_convert (utf8.c:73)
==616347==    by 0x401D32E: code_string (xheader.c:1015)
==616347==    by 0x402BCCB: pax_dump_header_1 (sparse.c:1205)
==616347==    by 0x402BCCB: pax_dump_header (sparse.c:1245)
==616347==    by 0x402CA6F: tar_sparse_dump_header (sparse.c:153)
==616347==    by 0x402CA6F: sparse_dump_file (sparse.c:535)
==616347==    by 0x4016E23: dump_file0 (create.c:1768)
==616347==    by 0x4017589: dump_file (create.c:1968)
==616347==    by 0x4017589: create_archive (create.c:1412)
==616347==    by 0x400CD90: main (tar.c:2818)
==616347== 
==616347== 256 bytes in 1 blocks are still reachable in loss record 16 of 18
==616347==    at 0x48BD858: malloc (vg_replace_malloc.c:447)
==616347==    by 0x40512CC: xmalloc (xmalloc.c:45)
==616347==    by 0x401D274: xattr_encode_keyword (xheader.c:833)
==616347==    by 0x401D274: xheader_print_n (xheader.c:876)
==616347==    by 0x401D4FB: xheader_print (xheader.c:899)
==616347==    by 0x401D4FB: code_time (xheader.c:1043)
==616347==    by 0x401D4FB: mtime_coder (xheader.c:1232)
==616347==    by 0x401527F: start_header (create.c:852)
==616347==    by 0x4015798: dump_regular_file (create.c:1050)
==616347==    by 0x40165E2: dump_file0 (create.c:1773)
==616347==    by 0x4017589: dump_file (create.c:1968)
==616347==    by 0x4017589: create_archive (create.c:1412)
==616347==    by 0x400CD90: main (tar.c:2818)
==616347== 
==616347== 4,064 bytes in 1 blocks are still reachable in loss record 17 of 18
==616347==    at 0x48BD858: malloc (vg_replace_malloc.c:447)
==616347==    by 0x40512CC: xmalloc (xmalloc.c:45)
==616347==    by 0x404A07D: call_chunkfun (obstack.c:88)
==616347==    by 0x404A07D: _obstack_begin_worker.isra.0 (obstack.c:135)
==616347==    by 0x404A0A8: _obstack_begin (obstack.c:157)
==616347==    by 0x4032C57: _transform_name_to_obstack (transform.c:592)
==616347==    by 0x4032C57: transform_name_fp (transform.c:614)
==616347==    by 0x4016444: dump_file0 (create.c:1657)
==616347==    by 0x4017589: dump_file (create.c:1968)
==616347==    by 0x4017589: create_archive (create.c:1412)
==616347==    by 0x400CD90: main (tar.c:2818)
==616347== 
==616347== 32,640 bytes in 1 blocks are still reachable in loss record 18 of 18
==616347==    at 0x48BD858: malloc (vg_replace_malloc.c:447)
==616347==    by 0x491DECE: __gconv_open (gconv_open.c:127)
==616347==    by 0x491D9E0: iconv_open (iconv_open.c:39)
==616347==    by 0x403387B: utf8_init (utf8.c:59)
==616347==    by 0x403387B: utf8_convert (utf8.c:73)
==616347==    by 0x401D32E: code_string (xheader.c:1015)
==616347==    by 0x402BCCB: pax_dump_header_1 (sparse.c:1205)
==616347==    by 0x402BCCB: pax_dump_header (sparse.c:1245)
==616347==    by 0x402CA6F: tar_sparse_dump_header (sparse.c:153)
==616347==    by 0x402CA6F: sparse_dump_file (sparse.c:535)
==616347==    by 0x4016E23: dump_file0 (create.c:1768)
==616347==    by 0x4017589: dump_file (create.c:1968)
==616347==    by 0x4017589: create_archive (create.c:1412)
==616347==    by 0x400CD90: main (tar.c:2818)
==616347== 
==616347== LEAK SUMMARY:
==616347==    definitely lost: 89 bytes in 4 blocks
==616347==    indirectly lost: 9 bytes in 2 blocks
==616347==      possibly lost: 0 bytes in 0 blocks
==616347==    still reachable: 37,865 bytes in 16 blocks
==616347==         suppressed: 0 bytes in 0 blocks
==616347== 
==616347== For lists of detected and suppressed errors, rerun with: -s
==616347== ERROR SUMMARY: 2 errors from 2 contexts (suppressed: 0 from 0)
