==616509== Memcheck, a memory error detector
==616509== Copyright (C) 2002-2024, and GNU GPL'd, by Julian Seward et al.
==616509== Using Valgrind-3.26.0 and LibVEX; rerun with -h for copyright info
==616509== Command: tar -c -f archive --sparse begin sparsefile end
==616509== Parent PID: 616504
==616509== 
==616509== 
==616509== FILE DESCRIPTORS: 1 open (1 inherited) at exit.
==616509== 
==616509== HEAP SUMMARY:
==616509==     in use at exit: 4,726 bytes in 17 blocks
==616509==   total heap usage: 77 allocs, 60 frees, 57,030 bytes allocated
==616509== 
==616509== 5 bytes in 1 blocks are still reachable in loss record 1 of 13
==616509==    at 0x48BD858: malloc (vg_replace_malloc.c:447)
==616509==    by 0x405185D: xmalloc (xmalloc.c:45)
==616509==    by 0x405185D: xmemdup (xmalloc.c:314)
==616509==    by 0x405185D: xstrdup (xmalloc.c:339)
==616509==    by 0x402644F: assign_string (misc.c:58)
==616509==    by 0x4029612: uid_to_uname (names.c:490)
==616509==    by 0x40155F3: start_header (create.c:931)
==616509==    by 0x4015798: dump_regular_file (create.c:1050)
==616509==    by 0x40165E2: dump_file0 (create.c:1773)
==616509==    by 0x4017589: dump_file (create.c:1968)
==616509==    by 0x4017589: create_archive (create.c:1412)
==616509==    by 0x400CD90: main (tar.c:2818)
==616509== 
==616509== 5 bytes in 1 blocks are still reachable in loss record 2 of 13
==616509==    at 0x48BD858: malloc (vg_replace_malloc.c:447)
==616509==    by 0x405185D: xmalloc (xmalloc.c:45)
==616509==    by 0x405185D: xmemdup (xmalloc.c:314)
==616509==    by 0x405185D: xstrdup (xmalloc.c:339)
==616509==    by 0x402644F: assign_string (misc.c:58)
==616509==    by 0x40296A2: gid_to_gname (names.c:520)
==616509==    by 0x40155DB: start_header (create.c:936)
==616509==    by 0x4015798: dump_regular_file (create.c:1050)
==616509==    by 0x40165E2: dump_file0 (create.c:1773)
==616509==    by 0x4017589: dump_file (create.c:1968)
==616509==    by 0x4017589: create_archive (create.c:1412)
==616509==    by 0x400CD90: main (tar.c:2818)
==616509== 
==616509== 7 bytes in 2 blocks are indirectly lost in loss record 3 of 13
==616509==    at 0x48BD858: malloc (vg_replace_malloc.c:447)
==616509==    by 0x40387DD: wsnode_quoteremoval (wordsplit.c:651)
==616509==    by 0x4039CFD: wordsplit_process_list (wordsplit.c:2390)
==616509==    by 0x403A562: wordsplit_run.constprop.0 (wordsplit.c:2434)
==616509==    by 0x400BFFA: parse_default_options (tar.c:2256)
==616509==    by 0x400BFFA: decode_options (tar.c:2378)
==616509==    by 0x400BFFA: main (tar.c:2792)
==616509== 
==616509== 7 bytes in 2 blocks are definitely lost in loss record 4 of 13
==616509==    at 0x48BD858: malloc (vg_replace_malloc.c:447)
==616509==    by 0x403A1FB: wordsplit_finish (wordsplit.c:836)
==616509==    by 0x400BFFA: parse_default_options (tar.c:2256)
==616509==    by 0x400BFFA: decode_options (tar.c:2378)
==616509==    by 0x400BFFA: main (tar.c:2792)
==616509== 
==616509== 16 bytes in 1 blocks are still reachable in loss record 5 of 13
==616509==    at 0x48C4E43: calloc (vg_replace_malloc.c:1678)
==616509==    by 0x40516F1: xcalloc (xmalloc.c:298)
==616509==    by 0x40516F1: xzalloc (xmalloc.c:283)
==616509==    by 0x400BEF9: decode_options (tar.c:2297)
==616509==    by 0x400BEF9: main (tar.c:2792)
==616509== 
==616509== 40 bytes in 1 blocks are still reachable in loss record 6 of 13
==616509==    at 0x48BD858: malloc (vg_replace_malloc.c:447)
==616509==    by 0x40512CC: xmalloc (xmalloc.c:45)
==616509==    by 0x401407E: file_count_links (create.c:1522)
==616509==    by 0x401407E: file_count_links (create.c:1508)
==616509==    by 0x4016E46: dump_file0 (create.c:1779)
==616509==    by 0x4017589: dump_file (create.c:1968)
==616509==    by 0x4017589: create_archive (create.c:1412)
==616509==    by 0x400CD90: main (tar.c:2818)
==616509== 
==616509== 64 bytes in 2 blocks are still reachable in loss record 7 of 13
==616509==    at 0x48BD858: malloc (vg_replace_malloc.c:447)
==616509==    by 0x40512CC: xmalloc (xmalloc.c:45)
==616509==    by 0x401407E: file_count_links (create.c:1522)
==616509==    by 0x401407E: file_count_links (create.c:1508)
==616509==    by 0x4016A58: dump_file0 (create.c:1779)
==616509==    by 0x4017589: dump_file (create.c:1968)
==616509==    by 0x4017589: create_archive (create.c:1412)
==616509==    by 0x400CD90: main (tar.c:2818)
==616509== 
==616509== 80 bytes in 1 blocks are still reachable in loss record 8 of 13
==616509==    at 0x48BD858: malloc (vg_replace_malloc.c:447)
==616509==    by 0x40512CC: xmalloc (xmalloc.c:45)
==616509==    by 0x400BE43: main (tar.c:2781)
==616509== 
==616509== 80 bytes in 1 blocks are still reachable in loss record 9 of 13
==616509==    at 0x48BD858: malloc (vg_replace_malloc.c:447)
==616509==    by 0x4047846: hash_initialize (hash.c:523)
==616509==    by 0x401411B: file_count_links (create.c:1530)
==616509==    by 0x401411B: file_count_links (create.c:1508)
==616509==    by 0x4016A58: dump_file0 (create.c:1779)
==616509==    by 0x4017589: dump_file (create.c:1968)
==616509==    by 0x4017589: create_archive (create.c:1412)
==616509==    by 0x400CD90: main (tar.c:2818)
==616509== 
==616509== 87 (80 direct, 7 indirect) bytes in 2 blocks are definitely lost in loss record 10 of 13
==616509==    at 0x48C4E43: calloc (vg_replace_malloc.c:1678)
==616509==    by 0x403959D: wsnode_new (wordsplit.c:422)
==616509==    by 0x403959D: wordsplit_add_segm (wordsplit.c:523)
==616509==    by 0x4039854: scan_word (wordsplit.c:2062)
==616509==    by 0x4039C7C: wordsplit_process_list (wordsplit.c:2358)
==616509==    by 0x403A562: wordsplit_run.constprop.0 (wordsplit.c:2434)
==616509==    by 0x400BFFA: parse_default_options (tar.c:2256)
==616509==    by 0x400BFFA: decode_options (tar.c:2378)
==616509==    by 0x400BFFA: main (tar.c:2792)
==616509== 
==616509== 102 bytes in 1 blocks are still reachable in loss record 11 of 13
==616509==    at 0x48BD858: malloc (vg_replace_malloc.c:447)
==616509==    by 0x40512CC: xmalloc (xmalloc.c:45)
==616509==    by 0x4029881: name_init (names.c:869)
==616509==    by 0x400C94C: main (tar.c:2794)
==616509== 
==616509== 176 bytes in 1 blocks are still reachable in loss record 12 of 13
==616509==    at 0x48C4E43: calloc (vg_replace_malloc.c:1678)
==616509==    by 0x404789C: hash_initialize (hash.c:544)
==616509==    by 0x401411B: file_count_links (create.c:1530)
==616509==    by 0x401411B: file_count_links (create.c:1508)
==616509==    by 0x4016A58: dump_file0 (create.c:1779)
==616509==    by 0x4017589: dump_file (create.c:1968)
==616509==    by 0x4017589: create_archive (create.c:1412)
==616509==    by 0x400CD90: main (tar.c:2818)
==616509== 
==616509== 4,064 bytes in 1 blocks are still reachable in loss record 13 of 13
==616509==    at 0x48BD858: malloc (vg_replace_malloc.c:447)
==616509==    by 0x40512CC: xmalloc (xmalloc.c:45)
==616509==    by 0x404A07D: call_chunkfun (obstack.c:88)
==616509==    by 0x404A07D: _obstack_begin_worker.isra.0 (obstack.c:135)
==616509==    by 0x404A0A8: _obstack_begin (obstack.c:157)
==616509==    by 0x4032C57: _transform_name_to_obstack (transform.c:592)
==616509==    by 0x4032C57: transform_name_fp (transform.c:614)
==616509==    by 0x4016444: dump_file0 (create.c:1657)
==616509==    by 0x4017589: dump_file (create.c:1968)
==616509==    by 0x4017589: create_archive (create.c:1412)
==616509==    by 0x400CD90: main (tar.c:2818)
==616509== 
==616509== LEAK SUMMARY:
==616509==    definitely lost: 87 bytes in 4 blocks
==616509==    indirectly lost: 7 bytes in 2 blocks
==616509==      possibly lost: 0 bytes in 0 blocks
==616509==    still reachable: 4,632 bytes in 11 blocks
==616509==         suppressed: 0 bytes in 0 blocks
==616509== 
==616509== For lists of detected and suppressed errors, rerun with: -s
==616509== ERROR SUMMARY: 2 errors from 2 contexts (suppressed: 0 from 0)
