==632050== Memcheck, a memory error detector
==632050== Copyright (C) 2002-2024, and GNU GPL'd, by Julian Seward et al.
==632050== Using Valgrind-3.26.0 and LibVEX; rerun with -h for copyright info
==632050== Command: tar uf archive foo
==632050== Parent PID: 632048
==632050== 
==632050== Conditional jump or move depends on uninitialised value(s)
==632050==    at 0x587C135: bcmp (vg_replace_strmem.c:1234)
==632050==    by 0x465B66F: check_compressed_archive (in /root/rboxc/target/screen-owned-candidate/release/rboxc)
==632050==    by 0x465DE1D: rboxc_tar_open_archive (in /root/rboxc/target/screen-owned-candidate/release/rboxc)
==632050==    by 0x467A2B6: rboxc_tar_update_archive (in /root/rboxc/target/screen-owned-candidate/release/rboxc)
==632050==    by 0x4478AB6: single_binary_main_tar (in /root/rboxc/target/screen-owned-candidate/release/rboxc)
==632050==    by 0x5A18600: (below main) (libc_start_call_main.h:59)
==632050== 
==632050== Conditional jump or move depends on uninitialised value(s)
==632050==    at 0x465B672: check_compressed_archive (in /root/rboxc/target/screen-owned-candidate/release/rboxc)
==632050==    by 0x465DE1D: rboxc_tar_open_archive (in /root/rboxc/target/screen-owned-candidate/release/rboxc)
==632050==    by 0x467A2B6: rboxc_tar_update_archive (in /root/rboxc/target/screen-owned-candidate/release/rboxc)
==632050==    by 0x4478AB6: single_binary_main_tar (in /root/rboxc/target/screen-owned-candidate/release/rboxc)
==632050==    by 0x5A18600: (below main) (libc_start_call_main.h:59)
==632050== 
==632050== 
==632050== FILE DESCRIPTORS: 1 open (1 inherited) at exit.
==632050== 
==632050== HEAP SUMMARY:
==632050==     in use at exit: 4,560 bytes in 9 blocks
==632050==   total heap usage: 64 allocs, 55 frees, 56,812 bytes allocated
==632050== 
==632050== 5 bytes in 1 blocks are still reachable in loss record 1 of 9
==632050==    at 0x586E858: malloc (vg_replace_malloc.c:447)
==632050==    by 0x469E66D: rboxc_tar_xstrdup (in /root/rboxc/target/screen-owned-candidate/release/rboxc)
==632050==    by 0x466FF4F: rboxc_tar_assign_string (in /root/rboxc/target/screen-owned-candidate/release/rboxc)
==632050==    by 0x4673232: rboxc_tar_uid_to_uname (in /root/rboxc/target/screen-owned-candidate/release/rboxc)
==632050==    by 0x4662453: rboxc_tar_start_header (in /root/rboxc/target/screen-owned-candidate/release/rboxc)
==632050==    by 0x46625F8: dump_regular_file (in /root/rboxc/target/screen-owned-candidate/release/rboxc)
==632050==    by 0x4663442: dump_file0 (in /root/rboxc/target/screen-owned-candidate/release/rboxc)
==632050==    by 0x4662D7E: rboxc_tar_dump_file (in /root/rboxc/target/screen-owned-candidate/release/rboxc)
==632050==    by 0x467A392: rboxc_tar_update_archive (in /root/rboxc/target/screen-owned-candidate/release/rboxc)
==632050==    by 0x4478AB6: single_binary_main_tar (in /root/rboxc/target/screen-owned-candidate/release/rboxc)
==632050==    by 0x5A18600: (below main) (libc_start_call_main.h:59)
==632050== 
==632050== 5 bytes in 1 blocks are still reachable in loss record 2 of 9
==632050==    at 0x586E858: malloc (vg_replace_malloc.c:447)
==632050==    by 0x469E66D: rboxc_tar_xstrdup (in /root/rboxc/target/screen-owned-candidate/release/rboxc)
==632050==    by 0x466FF4F: rboxc_tar_assign_string (in /root/rboxc/target/screen-owned-candidate/release/rboxc)
==632050==    by 0x46732C2: rboxc_tar_gid_to_gname (in /root/rboxc/target/screen-owned-candidate/release/rboxc)
==632050==    by 0x466243B: rboxc_tar_start_header (in /root/rboxc/target/screen-owned-candidate/release/rboxc)
==632050==    by 0x46625F8: dump_regular_file (in /root/rboxc/target/screen-owned-candidate/release/rboxc)
==632050==    by 0x4663442: dump_file0 (in /root/rboxc/target/screen-owned-candidate/release/rboxc)
==632050==    by 0x4662D7E: rboxc_tar_dump_file (in /root/rboxc/target/screen-owned-candidate/release/rboxc)
==632050==    by 0x467A392: rboxc_tar_update_archive (in /root/rboxc/target/screen-owned-candidate/release/rboxc)
==632050==    by 0x4478AB6: single_binary_main_tar (in /root/rboxc/target/screen-owned-candidate/release/rboxc)
==632050==    by 0x5A18600: (below main) (libc_start_call_main.h:59)
==632050== 
==632050== 16 bytes in 1 blocks are still reachable in loss record 3 of 9
==632050==    at 0x5875E43: calloc (vg_replace_malloc.c:1678)
==632050==    by 0x469E501: rboxc_tar_xzalloc (in /root/rboxc/target/screen-owned-candidate/release/rboxc)
==632050==    by 0x4477AF5: single_binary_main_tar (in /root/rboxc/target/screen-owned-candidate/release/rboxc)
==632050==    by 0x5A18600: (below main) (libc_start_call_main.h:59)
==632050== 
==632050== 32 bytes in 1 blocks are still reachable in loss record 4 of 9
==632050==    at 0x586E858: malloc (vg_replace_malloc.c:447)
==632050==    by 0x469E0DC: rboxc_tar_xmalloc (in /root/rboxc/target/screen-owned-candidate/release/rboxc)
==632050==    by 0x4660EDE: file_count_links (in /root/rboxc/target/screen-owned-candidate/release/rboxc)
==632050==    by 0x46638B8: dump_file0 (in /root/rboxc/target/screen-owned-candidate/release/rboxc)
==632050==    by 0x4662D7E: rboxc_tar_dump_file (in /root/rboxc/target/screen-owned-candidate/release/rboxc)
==632050==    by 0x467A392: rboxc_tar_update_archive (in /root/rboxc/target/screen-owned-candidate/release/rboxc)
==632050==    by 0x4478AB6: single_binary_main_tar (in /root/rboxc/target/screen-owned-candidate/release/rboxc)
==632050==    by 0x5A18600: (below main) (libc_start_call_main.h:59)
==632050== 
==632050== 80 bytes in 1 blocks are still reachable in loss record 5 of 9
==632050==    at 0x586E858: malloc (vg_replace_malloc.c:447)
==632050==    by 0x469E0DC: rboxc_tar_xmalloc (in /root/rboxc/target/screen-owned-candidate/release/rboxc)
==632050==    by 0x4477A00: single_binary_main_tar (in /root/rboxc/target/screen-owned-candidate/release/rboxc)
==632050==    by 0x5A18600: (below main) (libc_start_call_main.h:59)
==632050== 
==632050== 80 bytes in 1 blocks are still reachable in loss record 6 of 9
==632050==    at 0x586E858: malloc (vg_replace_malloc.c:447)
==632050==    by 0x4693786: rboxc_tar_hash_initialize (in /root/rboxc/target/screen-owned-candidate/release/rboxc)
==632050==    by 0x4660F7B: file_count_links (in /root/rboxc/target/screen-owned-candidate/release/rboxc)
==632050==    by 0x46638B8: dump_file0 (in /root/rboxc/target/screen-owned-candidate/release/rboxc)
==632050==    by 0x4662D7E: rboxc_tar_dump_file (in /root/rboxc/target/screen-owned-candidate/release/rboxc)
==632050==    by 0x467A392: rboxc_tar_update_archive (in /root/rboxc/target/screen-owned-candidate/release/rboxc)
==632050==    by 0x4478AB6: single_binary_main_tar (in /root/rboxc/target/screen-owned-candidate/release/rboxc)
==632050==    by 0x5A18600: (below main) (libc_start_call_main.h:59)
==632050== 
==632050== 102 bytes in 1 blocks are still reachable in loss record 7 of 9
==632050==    at 0x586E858: malloc (vg_replace_malloc.c:447)
==632050==    by 0x469E0DC: rboxc_tar_xmalloc (in /root/rboxc/target/screen-owned-candidate/release/rboxc)
==632050==    by 0x46734A1: rboxc_tar_name_init (in /root/rboxc/target/screen-owned-candidate/release/rboxc)
==632050==    by 0x4478A7A: single_binary_main_tar (in /root/rboxc/target/screen-owned-candidate/release/rboxc)
==632050==    by 0x5A18600: (below main) (libc_start_call_main.h:59)
==632050== 
==632050== 176 bytes in 1 blocks are still reachable in loss record 8 of 9
==632050==    at 0x5875E43: calloc (vg_replace_malloc.c:1678)
==632050==    by 0x46937DC: rboxc_tar_hash_initialize (in /root/rboxc/target/screen-owned-candidate/release/rboxc)
==632050==    by 0x4660F7B: file_count_links (in /root/rboxc/target/screen-owned-candidate/release/rboxc)
==632050==    by 0x46638B8: dump_file0 (in /root/rboxc/target/screen-owned-candidate/release/rboxc)
==632050==    by 0x4662D7E: rboxc_tar_dump_file (in /root/rboxc/target/screen-owned-candidate/release/rboxc)
==632050==    by 0x467A392: rboxc_tar_update_archive (in /root/rboxc/target/screen-owned-candidate/release/rboxc)
==632050==    by 0x4478AB6: single_binary_main_tar (in /root/rboxc/target/screen-owned-candidate/release/rboxc)
==632050==    by 0x5A18600: (below main) (libc_start_call_main.h:59)
==632050== 
==632050== 4,064 bytes in 1 blocks are still reachable in loss record 9 of 9
==632050==    at 0x586E858: malloc (vg_replace_malloc.c:447)
==632050==    by 0x469E0DC: rboxc_tar_xmalloc (in /root/rboxc/target/screen-owned-candidate/release/rboxc)
==632050==    by 0x4695FFD: _obstack_begin_worker.isra.0 (in /root/rboxc/target/screen-owned-candidate/release/rboxc)
==632050==    by 0x4696028: rboxc_tar__obstack_begin (in /root/rboxc/target/screen-owned-candidate/release/rboxc)
==632050==    by 0x4679CD7: rboxc_tar_transform_name_fp (in /root/rboxc/target/screen-owned-candidate/release/rboxc)
==632050==    by 0x46632A4: dump_file0 (in /root/rboxc/target/screen-owned-candidate/release/rboxc)
==632050==    by 0x4662D7E: rboxc_tar_dump_file (in /root/rboxc/target/screen-owned-candidate/release/rboxc)
==632050==    by 0x467A392: rboxc_tar_update_archive (in /root/rboxc/target/screen-owned-candidate/release/rboxc)
==632050==    by 0x4478AB6: single_binary_main_tar (in /root/rboxc/target/screen-owned-candidate/release/rboxc)
==632050==    by 0x5A18600: (below main) (libc_start_call_main.h:59)
==632050== 
==632050== LEAK SUMMARY:
==632050==    definitely lost: 0 bytes in 0 blocks
==632050==    indirectly lost: 0 bytes in 0 blocks
==632050==      possibly lost: 0 bytes in 0 blocks
==632050==    still reachable: 4,560 bytes in 9 blocks
==632050==         suppressed: 0 bytes in 0 blocks
==632050== 
==632050== Use --track-origins=yes to see where uninitialised values come from
==632050== For lists of detected and suppressed errors, rerun with: -s
==632050== ERROR SUMMARY: 18 errors from 2 contexts (suppressed: 0 from 0)
