==623885== Memcheck, a memory error detector
==623885== Copyright (C) 2002-2024, and GNU GPL'd, by Julian Seward et al.
==623885== Using Valgrind-3.26.0 and LibVEX; rerun with -h for copyright info
==623885== Command: tar --version
==623885== Parent PID: 623655
==623885== 
==623885== 
==623885== FILE DESCRIPTORS: 4 open (4 inherited) at exit.
==623885== 
==623885== HEAP SUMMARY:
==623885==     in use at exit: 7,767 bytes in 3 blocks
==623885==   total heap usage: 15 allocs, 12 frees, 12,021 bytes allocated
==623885== 
==623885== 16 bytes in 1 blocks are still reachable in loss record 1 of 3
==623885==    at 0x48C4E43: calloc (vg_replace_malloc.c:1678)
==623885==    by 0x40516F1: xcalloc (xmalloc.c:298)
==623885==    by 0x40516F1: xzalloc (xmalloc.c:283)
==623885==    by 0x400BEF9: decode_options (tar.c:2297)
==623885==    by 0x400BEF9: main (tar.c:2792)
==623885== 
==623885== 80 bytes in 1 blocks are still reachable in loss record 2 of 3
==623885==    at 0x48BD858: malloc (vg_replace_malloc.c:447)
==623885==    by 0x40512CC: xmalloc (xmalloc.c:45)
==623885==    by 0x400BE43: main (tar.c:2781)
==623885== 
==623885== 7,671 bytes in 1 blocks are still reachable in loss record 3 of 3
==623885==    at 0x48BD858: malloc (vg_replace_malloc.c:447)
==623885==    by 0x4041854: parser_init (argp-parse.c:495)
==623885==    by 0x4041854: argp_parse (argp-parse.c:921)
==623885==    by 0x400C045: decode_options (tar.c:2380)
==623885==    by 0x400C045: main (tar.c:2792)
==623885== 
==623885== LEAK SUMMARY:
==623885==    definitely lost: 0 bytes in 0 blocks
==623885==    indirectly lost: 0 bytes in 0 blocks
==623885==      possibly lost: 0 bytes in 0 blocks
==623885==    still reachable: 7,767 bytes in 3 blocks
==623885==         suppressed: 0 bytes in 0 blocks
==623885== 
==623885== For lists of detected and suppressed errors, rerun with: -s
==623885== ERROR SUMMARY: 0 errors from 0 contexts (suppressed: 0 from 0)
