==624099== Memcheck, a memory error detector
==624099== Copyright (C) 2002-2024, and GNU GPL'd, by Julian Seward et al.
==624099== Using Valgrind-3.26.0 and LibVEX; rerun with -h for copyright info
==624099== Command: tar tf archive
==624099== Parent PID: 624096
==624099== 
==624099== 
==624099== FILE DESCRIPTORS: 1 open (1 inherited) at exit.
==624099== 
==624099== HEAP SUMMARY:
==624099==     in use at exit: 4,416 bytes in 15 blocks
==624099==   total heap usage: 64 allocs, 49 frees, 60,386 bytes allocated
==624099== 
==624099== 5 bytes in 1 blocks are still reachable in loss record 1 of 11
==624099==    at 0x48BD858: malloc (vg_replace_malloc.c:447)
==624099==    by 0x405185D: xmalloc (xmalloc.c:45)
==624099==    by 0x405185D: xmemdup (xmalloc.c:314)
==624099==    by 0x405185D: xstrdup (xmalloc.c:339)
==624099==    by 0x402644F: assign_string (misc.c:58)
==624099==    by 0x402973C: uname_to_uid (names.c:550)
==624099==    by 0x402457F: decode_header (list.c:694)
==624099==    by 0x4025616: read_and (list.c:194)
==624099==    by 0x400CD4B: main (tar.c:2832)
==624099== 
==624099== 5 bytes in 1 blocks are still reachable in loss record 2 of 11
==624099==    at 0x48BD858: malloc (vg_replace_malloc.c:447)
==624099==    by 0x405185D: xmalloc (xmalloc.c:45)
==624099==    by 0x405185D: xmemdup (xmalloc.c:314)
==624099==    by 0x405185D: xstrdup (xmalloc.c:339)
==624099==    by 0x402644F: assign_string (misc.c:58)
==624099==    by 0x40297DC: gname_to_gid (names.c:580)
==624099==    by 0x402455F: decode_header (list.c:699)
==624099==    by 0x4025616: read_and (list.c:194)
==624099==    by 0x400CD4B: main (tar.c:2832)
==624099== 
==624099== 6 bytes in 2 blocks are indirectly lost in loss record 3 of 11
==624099==    at 0x48BD858: malloc (vg_replace_malloc.c:447)
==624099==    by 0x405185D: xmalloc (xmalloc.c:45)
==624099==    by 0x405185D: xmemdup (xmalloc.c:314)
==624099==    by 0x405185D: xstrdup (xmalloc.c:339)
==624099==    by 0x400C4F1: decode_options (tar.c:2353)
==624099==    by 0x400C4F1: main (tar.c:2792)
==624099== 
==624099== 9 bytes in 2 blocks are indirectly lost in loss record 4 of 11
==624099==    at 0x48BD858: malloc (vg_replace_malloc.c:447)
==624099==    by 0x40387DD: wsnode_quoteremoval (wordsplit.c:651)
==624099==    by 0x4039CFD: wordsplit_process_list (wordsplit.c:2390)
==624099==    by 0x403A562: wordsplit_run.constprop.0 (wordsplit.c:2434)
==624099==    by 0x400BFFA: parse_default_options (tar.c:2256)
==624099==    by 0x400BFFA: decode_options (tar.c:2378)
==624099==    by 0x400BFFA: main (tar.c:2792)
==624099== 
==624099== 9 bytes in 2 blocks are definitely lost in loss record 5 of 11
==624099==    at 0x48BD858: malloc (vg_replace_malloc.c:447)
==624099==    by 0x403A1FB: wordsplit_finish (wordsplit.c:836)
==624099==    by 0x400BFFA: parse_default_options (tar.c:2256)
==624099==    by 0x400BFFA: decode_options (tar.c:2378)
==624099==    by 0x400BFFA: main (tar.c:2792)
==624099== 
==624099== 16 bytes in 1 blocks are still reachable in loss record 6 of 11
==624099==    at 0x48C4E43: calloc (vg_replace_malloc.c:1678)
==624099==    by 0x40516F1: xcalloc (xmalloc.c:298)
==624099==    by 0x40516F1: xzalloc (xmalloc.c:283)
==624099==    by 0x400BEF9: decode_options (tar.c:2297)
==624099==    by 0x400BEF9: main (tar.c:2792)
==624099== 
==624099== 46 (40 direct, 6 indirect) bytes in 1 blocks are definitely lost in loss record 7 of 11
==624099==    at 0x48BD858: malloc (vg_replace_malloc.c:447)
==624099==    by 0x40512CC: xmalloc (xmalloc.c:45)
==624099==    by 0x400C46E: decode_options (tar.c:2340)
==624099==    by 0x400C46E: main (tar.c:2792)
==624099== 
==624099== 80 bytes in 1 blocks are still reachable in loss record 8 of 11
==624099==    at 0x48BD858: malloc (vg_replace_malloc.c:447)
==624099==    by 0x40512CC: xmalloc (xmalloc.c:45)
==624099==    by 0x400BE43: main (tar.c:2781)
==624099== 
==624099== 89 (80 direct, 9 indirect) bytes in 2 blocks are definitely lost in loss record 9 of 11
==624099==    at 0x48C4E43: calloc (vg_replace_malloc.c:1678)
==624099==    by 0x403959D: wsnode_new (wordsplit.c:422)
==624099==    by 0x403959D: wordsplit_add_segm (wordsplit.c:523)
==624099==    by 0x4039854: scan_word (wordsplit.c:2062)
==624099==    by 0x4039C7C: wordsplit_process_list (wordsplit.c:2358)
==624099==    by 0x403A562: wordsplit_run.constprop.0 (wordsplit.c:2434)
==624099==    by 0x400BFFA: parse_default_options (tar.c:2256)
==624099==    by 0x400BFFA: decode_options (tar.c:2378)
==624099==    by 0x400BFFA: main (tar.c:2792)
==624099== 
==624099== 102 bytes in 1 blocks are still reachable in loss record 10 of 11
==624099==    at 0x48BD858: malloc (vg_replace_malloc.c:447)
==624099==    by 0x40512CC: xmalloc (xmalloc.c:45)
==624099==    by 0x4029881: name_init (names.c:869)
==624099==    by 0x400C94C: main (tar.c:2794)
==624099== 
==624099== 4,064 bytes in 1 blocks are still reachable in loss record 11 of 11
==624099==    at 0x48BD858: malloc (vg_replace_malloc.c:447)
==624099==    by 0x40512CC: xmalloc (xmalloc.c:45)
==624099==    by 0x404A07D: call_chunkfun (obstack.c:88)
==624099==    by 0x404A07D: _obstack_begin_worker.isra.0 (obstack.c:135)
==624099==    by 0x404A0A8: _obstack_begin (obstack.c:157)
==624099==    by 0x4032C57: _transform_name_to_obstack (transform.c:592)
==624099==    by 0x4032C57: transform_name_fp (transform.c:614)
==624099==    by 0x4023670: transform_member_name (list.c:114)
==624099==    by 0x4023670: transform_stat_info.part.0 (list.c:150)
==624099==    by 0x4025850: transform_stat_info (list.c:227)
==624099==    by 0x4025850: read_and (list.c:227)
==624099==    by 0x400CD4B: main (tar.c:2832)
==624099== 
==624099== LEAK SUMMARY:
==624099==    definitely lost: 129 bytes in 5 blocks
==624099==    indirectly lost: 15 bytes in 4 blocks
==624099==      possibly lost: 0 bytes in 0 blocks
==624099==    still reachable: 4,272 bytes in 6 blocks
==624099==         suppressed: 0 bytes in 0 blocks
==624099== 
==624099== For lists of detected and suppressed errors, rerun with: -s
==624099== ERROR SUMMARY: 3 errors from 3 contexts (suppressed: 0 from 0)
