==612250== Memcheck, a memory error detector
==612250== Copyright (C) 2002-2024, and GNU GPL'd, by Julian Seward et al.
==612250== Using Valgrind-3.26.0 and LibVEX; rerun with -h for copyright info
==612250== Command: tar -f t1-pipe.tar -f - -C extract-dir-pipe -x --multi-volume --warning=no-timestamp --tape-length=10 --read-full-records
==612250== Parent PID: 612231
==612250== 
==612250== 
==612250== FILE DESCRIPTORS: 1 open (0 inherited) at exit.
==612250== Open file descriptor 4: extract-dir-pipe
==612250==    at 0x4A1AADA: openat (openat64.c:39)
==612250==    by 0x4027817: openat (fcntl2.h:175)
==612250==    by 0x4027817: chdir_do (misc.c:988)
==612250==    by 0x402A0C7: name_match (names.c:1330)
==612250==    by 0x4025622: read_and (list.c:196)
==612250==    by 0x400CD61: main (tar.c:2823)
==612250== 
==612250== 
==612250== HEAP SUMMARY:
==612250==     in use at exit: 4,598 bytes in 18 blocks
==612250==   total heap usage: 74 allocs, 56 frees, 56,669 bytes allocated
==612250== 
==612250== 1 bytes in 1 blocks are indirectly lost in loss record 1 of 15
==612250==    at 0x48BD858: malloc (vg_replace_malloc.c:447)
==612250==    by 0x405185D: xmalloc (xmalloc.c:45)
==612250==    by 0x405185D: xmemdup (xmalloc.c:314)
==612250==    by 0x405185D: xstrdup (xmalloc.c:339)
==612250==    by 0x402994B: make_name (names.c:599)
==612250==    by 0x402994B: addname (names.c:1233)
==612250==    by 0x4025436: read_and (list.c:174)
==612250==    by 0x400CD61: main (tar.c:2823)
==612250== 
==612250== 5 bytes in 1 blocks are still reachable in loss record 2 of 15
==612250==    at 0x48BD858: malloc (vg_replace_malloc.c:447)
==612250==    by 0x405185D: xmalloc (xmalloc.c:45)
==612250==    by 0x405185D: xmemdup (xmalloc.c:314)
==612250==    by 0x405185D: xstrdup (xmalloc.c:339)
==612250==    by 0x402644F: assign_string (misc.c:58)
==612250==    by 0x402973C: uname_to_uid (names.c:550)
==612250==    by 0x402457F: decode_header (list.c:694)
==612250==    by 0x4025616: read_and (list.c:194)
==612250==    by 0x400CD61: main (tar.c:2823)
==612250== 
==612250== 5 bytes in 1 blocks are still reachable in loss record 3 of 15
==612250==    at 0x48BD858: malloc (vg_replace_malloc.c:447)
==612250==    by 0x405185D: xmalloc (xmalloc.c:45)
==612250==    by 0x405185D: xmemdup (xmalloc.c:314)
==612250==    by 0x405185D: xstrdup (xmalloc.c:339)
==612250==    by 0x402644F: assign_string (misc.c:58)
==612250==    by 0x40297DC: gname_to_gid (names.c:580)
==612250==    by 0x402455F: decode_header (list.c:699)
==612250==    by 0x4025616: read_and (list.c:194)
==612250==    by 0x400CD61: main (tar.c:2823)
==612250== 
==612250== 8 bytes in 1 blocks are still reachable in loss record 4 of 15
==612250==    at 0x48BD858: malloc (vg_replace_malloc.c:447)
==612250==    by 0x40512CC: xmalloc (xmalloc.c:45)
==612250==    by 0x40264C0: assign_string_n (misc.c:76)
==612250==    by 0x4010243: try_new_volume (buffer.c:1494)
==612250==    by 0x4010243: _gnu_flush_read (buffer.c:1888)
==612250==    by 0x4010243: gnu_flush_read (buffer.c:1909)
==612250==    by 0x400E689: find_next_block (buffer.c:609)
==612250==    by 0x401A2E1: extract_file (extract.c:1313)
==612250==    by 0x401B89C: extract_archive (extract.c:1849)
==612250==    by 0x4025852: read_and (list.c:229)
==612250==    by 0x400CD61: main (tar.c:2823)
==612250== 
==612250== 10 bytes in 2 blocks are indirectly lost in loss record 5 of 15
==612250==    at 0x48BD858: malloc (vg_replace_malloc.c:447)
==612250==    by 0x40387DD: wsnode_quoteremoval (wordsplit.c:651)
==612250==    by 0x4039CFD: wordsplit_process_list (wordsplit.c:2390)
==612250==    by 0x403A562: wordsplit_run.constprop.0 (wordsplit.c:2434)
==612250==    by 0x400BFFA: parse_default_options (tar.c:2256)
==612250==    by 0x400BFFA: decode_options (tar.c:2378)
==612250==    by 0x400BFFA: main (tar.c:2792)
==612250== 
==612250== 10 bytes in 2 blocks are definitely lost in loss record 6 of 15
==612250==    at 0x48BD858: malloc (vg_replace_malloc.c:447)
==612250==    by 0x403A1FB: wordsplit_finish (wordsplit.c:836)
==612250==    by 0x400BFFA: parse_default_options (tar.c:2256)
==612250==    by 0x400BFFA: decode_options (tar.c:2378)
==612250==    by 0x400BFFA: main (tar.c:2792)
==612250== 
==612250== 16 bytes in 1 blocks are still reachable in loss record 7 of 15
==612250==    at 0x48C4E43: calloc (vg_replace_malloc.c:1678)
==612250==    by 0x40516F1: xcalloc (xmalloc.c:298)
==612250==    by 0x40516F1: xzalloc (xmalloc.c:283)
==612250==    by 0x400BEF9: decode_options (tar.c:2297)
==612250==    by 0x400BEF9: main (tar.c:2792)
==612250== 
==612250== 17 bytes in 1 blocks are still reachable in loss record 8 of 15
==612250==    at 0x48BD858: malloc (vg_replace_malloc.c:447)
==612250==    by 0x405185D: xmalloc (xmalloc.c:45)
==612250==    by 0x405185D: xmemdup (xmalloc.c:314)
==612250==    by 0x405185D: xstrdup (xmalloc.c:339)
==612250==    by 0x4029A2E: name_gather (names.c:1215)
==612250==    by 0x4025436: read_and (list.c:174)
==612250==    by 0x400CD61: main (tar.c:2823)
==612250== 
==612250== 48 bytes in 1 blocks are still reachable in loss record 9 of 15
==612250==    at 0x48C53C0: reallocarray (vg_replace_malloc.c:1806)
==612250==    by 0x40515C9: xreallocarray (xmalloc.c:84)
==612250==    by 0x40515C9: x2nrealloc (xmalloc.c:203)
==612250==    by 0x4027754: chdir_arg (misc.c:934)
==612250==    by 0x4029A36: name_gather (names.c:1215)
==612250==    by 0x4025436: read_and (list.c:174)
==612250==    by 0x400CD61: main (tar.c:2823)
==612250== 
==612250== 56 bytes in 1 blocks are definitely lost in loss record 10 of 15
==612250==    at 0x48BD858: malloc (vg_replace_malloc.c:447)
==612250==    by 0x40512CC: xmalloc (xmalloc.c:45)
==612250==    by 0x40283CE: name_elt_alloc (names.c:683)
==612250==    by 0x40289D8: name_add_dir (names.c:839)
==612250==    by 0x40289D8: names_parse_opt (names.c:192)
==612250==    by 0x404233D: group_parse (argp-parse.c:233)
==612250==    by 0x404233D: parser_parse_opt (argp-parse.c:736)
==612250==    by 0x404233D: parser_parse_next (argp-parse.c:859)
==612250==    by 0x404233D: argp_parse (argp-parse.c:927)
==612250==    by 0x400C045: decode_options (tar.c:2380)
==612250==    by 0x400C045: main (tar.c:2792)
==612250== 
==612250== 80 bytes in 1 blocks are still reachable in loss record 11 of 15
==612250==    at 0x48BD858: malloc (vg_replace_malloc.c:447)
==612250==    by 0x40512CC: xmalloc (xmalloc.c:45)
==612250==    by 0x400BE43: main (tar.c:2781)
==612250== 
==612250== 90 (80 direct, 10 indirect) bytes in 2 blocks are definitely lost in loss record 12 of 15
==612250==    at 0x48C4E43: calloc (vg_replace_malloc.c:1678)
==612250==    by 0x403959D: wsnode_new (wordsplit.c:422)
==612250==    by 0x403959D: wordsplit_add_segm (wordsplit.c:523)
==612250==    by 0x4039854: scan_word (wordsplit.c:2062)
==612250==    by 0x4039C7C: wordsplit_process_list (wordsplit.c:2358)
==612250==    by 0x403A562: wordsplit_run.constprop.0 (wordsplit.c:2434)
==612250==    by 0x400BFFA: parse_default_options (tar.c:2256)
==612250==    by 0x400BFFA: decode_options (tar.c:2378)
==612250==    by 0x400BFFA: main (tar.c:2792)
==612250== 
==612250== 97 (96 direct, 1 indirect) bytes in 1 blocks are definitely lost in loss record 13 of 15
==612250==    at 0x48C4E43: calloc (vg_replace_malloc.c:1678)
==612250==    by 0x40516F1: xcalloc (xmalloc.c:298)
==612250==    by 0x40516F1: xzalloc (xmalloc.c:283)
==612250==    by 0x4029932: make_name (names.c:596)
==612250==    by 0x4029932: addname (names.c:1233)
==612250==    by 0x4025436: read_and (list.c:174)
==612250==    by 0x400CD61: main (tar.c:2823)
==612250== 
==612250== 102 bytes in 1 blocks are still reachable in loss record 14 of 15
==612250==    at 0x48BD858: malloc (vg_replace_malloc.c:447)
==612250==    by 0x40512CC: xmalloc (xmalloc.c:45)
==612250==    by 0x4029881: name_init (names.c:869)
==612250==    by 0x400C94C: main (tar.c:2794)
==612250== 
==612250== 4,064 bytes in 1 blocks are still reachable in loss record 15 of 15
==612250==    at 0x48BD858: malloc (vg_replace_malloc.c:447)
==612250==    by 0x40512CC: xmalloc (xmalloc.c:45)
==612250==    by 0x404A07D: call_chunkfun (obstack.c:88)
==612250==    by 0x404A07D: _obstack_begin_worker.isra.0 (obstack.c:135)
==612250==    by 0x404A0A8: _obstack_begin (obstack.c:157)
==612250==    by 0x4032C57: _transform_name_to_obstack (transform.c:592)
==612250==    by 0x4032C57: transform_name_fp (transform.c:614)
==612250==    by 0x4023670: transform_member_name (list.c:114)
==612250==    by 0x4023670: transform_stat_info.part.0 (list.c:150)
==612250==    by 0x4025850: transform_stat_info (list.c:227)
==612250==    by 0x4025850: read_and (list.c:227)
==612250==    by 0x400CD61: main (tar.c:2823)
==612250== 
==612250== LEAK SUMMARY:
==612250==    definitely lost: 242 bytes in 6 blocks
==612250==    indirectly lost: 11 bytes in 3 blocks
==612250==      possibly lost: 0 bytes in 0 blocks
==612250==    still reachable: 4,345 bytes in 9 blocks
==612250==         suppressed: 0 bytes in 0 blocks
==612250== 
==612250== For lists of detected and suppressed errors, rerun with: -s
==612250== ERROR SUMMARY: 5 errors from 5 contexts (suppressed: 0 from 0)
