==742497== Memcheck, a memory error detector
==742497== Copyright (C) 2002-2024, and GNU GPL'd, by Julian Seward et al.
==742497== Using Valgrind-3.26.0 and LibVEX; rerun with -h for copyright info
==742497== Command: /bin/sh -c LC_ALL=C\ sort
==742497== Parent PID: 742452
==742497== 
==742497== 
==742497== FILE DESCRIPTORS: 3 open (3 inherited) at exit.
==742497== 
==742497== HEAP SUMMARY:
==742497==     in use at exit: 1,060 bytes in 29 blocks
==742497==   total heap usage: 33 allocs, 4 frees, 1,253 bytes allocated
==742497== 
==742497== 28 bytes in 1 blocks are still reachable in loss record 1 of 6
==742497==    at 0x486E858: malloc (vg_replace_malloc.c:447)
==742497==    by 0x40083FA: ??? (in /usr/bin/dash)
==742497==    by 0x4012E0A: ??? (in /usr/bin/dash)
==742497==    by 0x4013FFF: ??? (in /usr/bin/dash)
==742497==    by 0x400BCE7: ??? (in /usr/bin/dash)
==742497==    by 0x40120F8: ??? (in /usr/bin/dash)
==742497==    by 0x4004DA0: ??? (in /usr/bin/dash)
==742497==    by 0x48C4600: (below main) (libc_start_call_main.h:59)
==742497== 
==742497== 32 bytes in 1 blocks are still reachable in loss record 2 of 6
==742497==    at 0x486E858: malloc (vg_replace_malloc.c:447)
==742497==    by 0x4017AB2: ??? (in /usr/bin/dash)
==742497==    by 0x40186D4: ??? (in /usr/bin/dash)
==742497==    by 0x4004BC6: ??? (in /usr/bin/dash)
==742497==    by 0x48C4600: (below main) (libc_start_call_main.h:59)
==742497== 
==742497== 34 bytes in 1 blocks are still reachable in loss record 3 of 6
==742497==    at 0x486E858: malloc (vg_replace_malloc.c:447)
==742497==    by 0x495596E: strdup (strdup.c:42)
==742497==    by 0x40081DF: ??? (in /usr/bin/dash)
==742497==    by 0x40186F9: ??? (in /usr/bin/dash)
==742497==    by 0x4004BC6: ??? (in /usr/bin/dash)
==742497==    by 0x48C4600: (below main) (libc_start_call_main.h:59)
==742497== 
==742497== 38 bytes in 1 blocks are still reachable in loss record 4 of 6
==742497==    at 0x486E858: malloc (vg_replace_malloc.c:447)
==742497==    by 0x4017C53: ??? (in /usr/bin/dash)
==742497==    by 0x40186F9: ??? (in /usr/bin/dash)
==742497==    by 0x4004BC6: ??? (in /usr/bin/dash)
==742497==    by 0x48C4600: (below main) (libc_start_call_main.h:59)
==742497== 
==742497== 160 bytes in 1 blocks are still reachable in loss record 5 of 6
==742497==    at 0x487607F: realloc (vg_replace_malloc.c:1804)
==742497==    by 0x40074DC: ??? (in /usr/bin/dash)
==742497==    by 0x400A64D: ??? (in /usr/bin/dash)
==742497==    by 0x4014058: ??? (in /usr/bin/dash)
==742497==    by 0x400BCE7: ??? (in /usr/bin/dash)
==742497==    by 0x40120F8: ??? (in /usr/bin/dash)
==742497==    by 0x4004DA0: ??? (in /usr/bin/dash)
==742497==    by 0x48C4600: (below main) (libc_start_call_main.h:59)
==742497== 
==742497== 768 bytes in 24 blocks are still reachable in loss record 6 of 6
==742497==    at 0x486E858: malloc (vg_replace_malloc.c:447)
==742497==    by 0x4017AB2: ??? (in /usr/bin/dash)
==742497==    by 0x4018670: ??? (in /usr/bin/dash)
==742497==    by 0x4004BC6: ??? (in /usr/bin/dash)
==742497==    by 0x48C4600: (below main) (libc_start_call_main.h:59)
==742497== 
==742497== LEAK SUMMARY:
==742497==    definitely lost: 0 bytes in 0 blocks
==742497==    indirectly lost: 0 bytes in 0 blocks
==742497==      possibly lost: 0 bytes in 0 blocks
==742497==    still reachable: 1,060 bytes in 29 blocks
==742497==         suppressed: 0 bytes in 0 blocks
==742497== 
==742497== For lists of detected and suppressed errors, rerun with: -s
==742497== ERROR SUMMARY: 0 errors from 0 contexts (suppressed: 0 from 0)
