==736063== Memcheck, a memory error detector
==736063== Copyright (C) 2002-2024, and GNU GPL'd, by Julian Seward et al.
==736063== Using Valgrind-3.26.0 and LibVEX; rerun with -h for copyright info
==736063== Command: /tmp/rboxc-gawk-original-qy30we90/deps/cat -
==736063== Parent PID: 736044
==736063== 
==736063== 
==736063== FILE DESCRIPTORS: 2 open (0 inherited) at exit.
==736063== Open file descriptor 4:
==736063==    at 0x537FB8D: pipe (pipe.c:29)
==736063==    by 0x411A7E1: pipe_safer (pipe-safer.c:33)
==736063==    by 0x403683B: splice_cat (cat.c:578)
==736063==    by 0x4037923: single_binary_main_cat (cat.c:899)
==736063==    by 0x401A532: launch_program (coreutils.c:126)
==736063==    by 0x4018E7A: main (coreutils.c:143)
==736063== 
==736063== Open file descriptor 3:
==736063==    at 0x537FB8D: pipe (pipe.c:29)
==736063==    by 0x411A7E1: pipe_safer (pipe-safer.c:33)
==736063==    by 0x403683B: splice_cat (cat.c:578)
==736063==    by 0x4037923: single_binary_main_cat (cat.c:899)
==736063==    by 0x401A532: launch_program (coreutils.c:126)
==736063==    by 0x4018E7A: main (coreutils.c:143)
==736063== 
==736063== 
==736063== HEAP SUMMARY:
==736063==     in use at exit: 0 bytes in 0 blocks
==736063==   total heap usage: 3 allocs, 3 frees, 82 bytes allocated
==736063== 
==736063== All heap blocks were freed -- no leaks are possible
==736063== 
==736063== For lists of detected and suppressed errors, rerun with: -s
==736063== ERROR SUMMARY: 2 errors from 2 contexts (suppressed: 0 from 0)
