==698987== Memcheck, a memory error detector
==698987== Copyright (C) 2002-2024, and GNU GPL'd, by Julian Seward et al.
==698987== Using Valgrind-3.26.0 and LibVEX; rerun with -h for copyright info
==698987== Command: tar --use-compress-program false -cf a.tar .
==698987== Parent PID: 698984
==698987== 
==698987== 
==698987== FILE DESCRIPTORS: 3 open (3 inherited) at exit.
==698987== 
==698987== HEAP SUMMARY:
==698987==     in use at exit: 18,722 bytes in 12 blocks
==698987==   total heap usage: 44 allocs, 32 frees, 68,394 bytes allocated
==698987== 
==698987== 6 bytes in 2 blocks are indirectly lost in loss record 1 of 9
==698987==    at 0x48BD858: malloc (vg_replace_malloc.c:447)
==698987==    by 0x40387DD: wsnode_quoteremoval (wordsplit.c:651)
==698987==    by 0x4039CFD: wordsplit_process_list (wordsplit.c:2390)
==698987==    by 0x403A562: wordsplit_run.constprop.0 (wordsplit.c:2434)
==698987==    by 0x400BFFA: parse_default_options (tar.c:2256)
==698987==    by 0x400BFFA: decode_options (tar.c:2378)
==698987==    by 0x400BFFA: main (tar.c:2792)
==698987== 
==698987== 6 bytes in 2 blocks are definitely lost in loss record 2 of 9
==698987==    at 0x48BD858: malloc (vg_replace_malloc.c:447)
==698987==    by 0x403A1FB: wordsplit_finish (wordsplit.c:836)
==698987==    by 0x400BFFA: parse_default_options (tar.c:2256)
==698987==    by 0x400BFFA: decode_options (tar.c:2378)
==698987==    by 0x400BFFA: main (tar.c:2792)
==698987== 
==698987== 16 bytes in 1 blocks are still reachable in loss record 3 of 9
==698987==    at 0x48C4E43: calloc (vg_replace_malloc.c:1678)
==698987==    by 0x40516F1: xcalloc (xmalloc.c:298)
==698987==    by 0x40516F1: xzalloc (xmalloc.c:283)
==698987==    by 0x400BEF9: decode_options (tar.c:2297)
==698987==    by 0x400BEF9: main (tar.c:2792)
==698987== 
==698987== 32 bytes in 1 blocks are still reachable in loss record 4 of 9
==698987==    at 0x48BD858: malloc (vg_replace_malloc.c:447)
==698987==    by 0x40512CC: xmalloc (xmalloc.c:45)
==698987==    by 0x402F07B: optloc_save (tar.c:926)
==698987==    by 0x402FFB0: set_use_compress_program_option (tar.c:985)
==698987==    by 0x4030D0C: parse_opt (tar.c:2082)
==698987==    by 0x40421C3: group_parse (argp-parse.c:233)
==698987==    by 0x40421C3: parser_parse_opt (argp-parse.c:748)
==698987==    by 0x40421C3: parser_parse_next (argp-parse.c:859)
==698987==    by 0x40421C3: argp_parse (argp-parse.c:927)
==698987==    by 0x400C045: decode_options (tar.c:2380)
==698987==    by 0x400C045: main (tar.c:2792)
==698987== 
==698987== 80 bytes in 1 blocks are still reachable in loss record 5 of 9
==698987==    at 0x48BD858: malloc (vg_replace_malloc.c:447)
==698987==    by 0x40512CC: xmalloc (xmalloc.c:45)
==698987==    by 0x400BE43: main (tar.c:2781)
==698987== 
==698987== 86 (80 direct, 6 indirect) bytes in 2 blocks are definitely lost in loss record 6 of 9
==698987==    at 0x48C4E43: calloc (vg_replace_malloc.c:1678)
==698987==    by 0x403959D: wsnode_new (wordsplit.c:422)
==698987==    by 0x403959D: wordsplit_add_segm (wordsplit.c:523)
==698987==    by 0x4039854: scan_word (wordsplit.c:2062)
==698987==    by 0x4039C7C: wordsplit_process_list (wordsplit.c:2358)
==698987==    by 0x403A562: wordsplit_run.constprop.0 (wordsplit.c:2434)
==698987==    by 0x400BFFA: parse_default_options (tar.c:2256)
==698987==    by 0x400BFFA: decode_options (tar.c:2378)
==698987==    by 0x400BFFA: main (tar.c:2792)
==698987== 
==698987== 102 bytes in 1 blocks are still reachable in loss record 7 of 9
==698987==    at 0x48BD858: malloc (vg_replace_malloc.c:447)
==698987==    by 0x40512CC: xmalloc (xmalloc.c:45)
==698987==    by 0x4029881: name_init (names.c:869)
==698987==    by 0x400C94C: main (tar.c:2794)
==698987== 
==698987== 4,064 bytes in 1 blocks are still reachable in loss record 8 of 9
==698987==    at 0x48BD858: malloc (vg_replace_malloc.c:447)
==698987==    by 0x40512CC: xmalloc (xmalloc.c:45)
==698987==    by 0x404A07D: call_chunkfun (obstack.c:88)
==698987==    by 0x404A07D: _obstack_begin_worker.isra.0 (obstack.c:135)
==698987==    by 0x404A0A8: _obstack_begin (obstack.c:157)
==698987==    by 0x4032C57: _transform_name_to_obstack (transform.c:592)
==698987==    by 0x4032C57: transform_name_fp (transform.c:614)
==698987==    by 0x4016444: dump_file0 (create.c:1657)
==698987==    by 0x4017589: dump_file (create.c:1968)
==698987==    by 0x4017589: create_archive (create.c:1412)
==698987==    by 0x400CD90: main (tar.c:2818)
==698987== 
==698987== 14,336 bytes in 1 blocks are still reachable in loss record 9 of 9
==698987==    at 0x48BD858: malloc (vg_replace_malloc.c:447)
==698987==    by 0x40512CC: xmalloc (xmalloc.c:45)
==698987==    by 0x4027C22: page_aligned_alloc (misc.c:1235)
==698987==    by 0x400D5A3: init_buffer (buffer.c:657)
==698987==    by 0x4010B3B: _open_archive (buffer.c:725)
==698987==    by 0x4010B3B: open_archive (buffer.c:2025)
==698987==    by 0x40174DE: create_archive (create.c:1343)
==698987==    by 0x400CD90: main (tar.c:2818)
==698987== 
==698987== LEAK SUMMARY:
==698987==    definitely lost: 86 bytes in 4 blocks
==698987==    indirectly lost: 6 bytes in 2 blocks
==698987==      possibly lost: 0 bytes in 0 blocks
==698987==    still reachable: 18,630 bytes in 6 blocks
==698987==         suppressed: 0 bytes in 0 blocks
==698987== 
==698987== For lists of detected and suppressed errors, rerun with: -s
==698987== ERROR SUMMARY: 2 errors from 2 contexts (suppressed: 0 from 0)
