==699114== Memcheck, a memory error detector
==699114== Copyright (C) 2002-2024, and GNU GPL'd, by Julian Seward et al.
==699114== Using Valgrind-3.26.0 and LibVEX; rerun with -h for copyright info
==699114== Command: /bin/sh -c false
==699114== Parent PID: 699019
==699114== 
==699114== 
==699114== FILE DESCRIPTORS: 3 open (3 inherited) at exit.
==699114== 
==699114== HEAP SUMMARY:
==699114==     in use at exit: 853 bytes in 25 blocks
==699114==   total heap usage: 27 allocs, 2 frees, 1,005 bytes allocated
==699114== 
==699114== 29 bytes in 1 blocks are still reachable in loss record 1 of 5
==699114==    at 0x486E858: malloc (vg_replace_malloc.c:447)
==699114==    by 0x40083FA: ??? (in /usr/bin/dash)
==699114==    by 0x4012D83: ??? (in /usr/bin/dash)
==699114==    by 0x4013C6C: ??? (in /usr/bin/dash)
==699114==    by 0x400BCE7: ??? (in /usr/bin/dash)
==699114==    by 0x40120F8: ??? (in /usr/bin/dash)
==699114==    by 0x4004DA0: ??? (in /usr/bin/dash)
==699114==    by 0x48C4600: (below main) (libc_start_call_main.h:59)
==699114== 
==699114== 32 bytes in 1 blocks are still reachable in loss record 2 of 5
==699114==    at 0x486E858: malloc (vg_replace_malloc.c:447)
==699114==    by 0x4017AB2: ??? (in /usr/bin/dash)
==699114==    by 0x40186D4: ??? (in /usr/bin/dash)
==699114==    by 0x4004BC6: ??? (in /usr/bin/dash)
==699114==    by 0x48C4600: (below main) (libc_start_call_main.h:59)
==699114== 
==699114== 58 bytes in 1 blocks are still reachable in loss record 3 of 5
==699114==    at 0x486E858: malloc (vg_replace_malloc.c:447)
==699114==    by 0x495596E: strdup (strdup.c:42)
==699114==    by 0x40081DF: ??? (in /usr/bin/dash)
==699114==    by 0x40186F9: ??? (in /usr/bin/dash)
==699114==    by 0x4004BC6: ??? (in /usr/bin/dash)
==699114==    by 0x48C4600: (below main) (libc_start_call_main.h:59)
==699114== 
==699114== 62 bytes in 1 blocks are still reachable in loss record 4 of 5
==699114==    at 0x486E858: malloc (vg_replace_malloc.c:447)
==699114==    by 0x4017C53: ??? (in /usr/bin/dash)
==699114==    by 0x40186F9: ??? (in /usr/bin/dash)
==699114==    by 0x4004BC6: ??? (in /usr/bin/dash)
==699114==    by 0x48C4600: (below main) (libc_start_call_main.h:59)
==699114== 
==699114== 672 bytes in 21 blocks are still reachable in loss record 5 of 5
==699114==    at 0x486E858: malloc (vg_replace_malloc.c:447)
==699114==    by 0x4017AB2: ??? (in /usr/bin/dash)
==699114==    by 0x4018670: ??? (in /usr/bin/dash)
==699114==    by 0x4004BC6: ??? (in /usr/bin/dash)
==699114==    by 0x48C4600: (below main) (libc_start_call_main.h:59)
==699114== 
==699114== LEAK SUMMARY:
==699114==    definitely lost: 0 bytes in 0 blocks
==699114==    indirectly lost: 0 bytes in 0 blocks
==699114==      possibly lost: 0 bytes in 0 blocks
==699114==    still reachable: 853 bytes in 25 blocks
==699114==         suppressed: 0 bytes in 0 blocks
==699114== 
==699114== For lists of detected and suppressed errors, rerun with: -s
==699114== ERROR SUMMARY: 0 errors from 0 contexts (suppressed: 0 from 0)
