==699360== Memcheck, a memory error detector
==699360== Copyright (C) 2002-2024, and GNU GPL'd, by Julian Seward et al.
==699360== Using Valgrind-3.26.0 and LibVEX; rerun with -h for copyright info
==699360== Command: tar --use-compress-program false -cf a.tar .
==699360== Parent PID: 699358
==699360== 
==699360== 
==699360== FILE DESCRIPTORS: 3 open (3 inherited) at exit.
==699360== 
==699360== HEAP SUMMARY:
==699360==     in use at exit: 19,011 bytes in 16 blocks
==699360==   total heap usage: 93 allocs, 77 frees, 102,246 bytes allocated
==699360== 
==699360== 5 bytes in 1 blocks are still reachable in loss record 1 of 13
==699360==    at 0x48BD858: malloc (vg_replace_malloc.c:447)
==699360==    by 0x405185D: xmalloc (xmalloc.c:45)
==699360==    by 0x405185D: xmemdup (xmalloc.c:314)
==699360==    by 0x405185D: xstrdup (xmalloc.c:339)
==699360==    by 0x402644F: assign_string (misc.c:58)
==699360==    by 0x4029612: uid_to_uname (names.c:490)
==699360==    by 0x40155F3: start_header (create.c:931)
==699360==    by 0x40167F9: dump_dir0 (create.c:1123)
==699360==    by 0x40167F9: dump_dir (create.c:1320)
==699360==    by 0x40167F9: dump_file0 (create.c:1757)
==699360==    by 0x4017589: dump_file (create.c:1968)
==699360==    by 0x4017589: create_archive (create.c:1412)
==699360==    by 0x400CD90: main (tar.c:2818)
==699360== 
==699360== 5 bytes in 1 blocks are still reachable in loss record 2 of 13
==699360==    at 0x48BD858: malloc (vg_replace_malloc.c:447)
==699360==    by 0x405185D: xmalloc (xmalloc.c:45)
==699360==    by 0x405185D: xmemdup (xmalloc.c:314)
==699360==    by 0x405185D: xstrdup (xmalloc.c:339)
==699360==    by 0x402644F: assign_string (misc.c:58)
==699360==    by 0x40296A2: gid_to_gname (names.c:520)
==699360==    by 0x40155DB: start_header (create.c:936)
==699360==    by 0x40167F9: dump_dir0 (create.c:1123)
==699360==    by 0x40167F9: dump_dir (create.c:1320)
==699360==    by 0x40167F9: dump_file0 (create.c:1757)
==699360==    by 0x4017589: dump_file (create.c:1968)
==699360==    by 0x4017589: create_archive (create.c:1412)
==699360==    by 0x400CD90: main (tar.c:2818)
==699360== 
==699360== 9 bytes in 2 blocks are indirectly lost in loss record 3 of 13
==699360==    at 0x48BD858: malloc (vg_replace_malloc.c:447)
==699360==    by 0x40387DD: wsnode_quoteremoval (wordsplit.c:651)
==699360==    by 0x4039CFD: wordsplit_process_list (wordsplit.c:2390)
==699360==    by 0x403A562: wordsplit_run.constprop.0 (wordsplit.c:2434)
==699360==    by 0x400BFFA: parse_default_options (tar.c:2256)
==699360==    by 0x400BFFA: decode_options (tar.c:2378)
==699360==    by 0x400BFFA: main (tar.c:2792)
==699360== 
==699360== 9 bytes in 2 blocks are definitely lost in loss record 4 of 13
==699360==    at 0x48BD858: malloc (vg_replace_malloc.c:447)
==699360==    by 0x403A1FB: wordsplit_finish (wordsplit.c:836)
==699360==    by 0x400BFFA: parse_default_options (tar.c:2256)
==699360==    by 0x400BFFA: decode_options (tar.c:2378)
==699360==    by 0x400BFFA: main (tar.c:2792)
==699360== 
==699360== 16 bytes in 1 blocks are still reachable in loss record 5 of 13
==699360==    at 0x48C4E43: calloc (vg_replace_malloc.c:1678)
==699360==    by 0x40516F1: xcalloc (xmalloc.c:298)
==699360==    by 0x40516F1: xzalloc (xmalloc.c:283)
==699360==    by 0x400BEF9: decode_options (tar.c:2297)
==699360==    by 0x400BEF9: main (tar.c:2792)
==699360== 
==699360== 17 bytes in 1 blocks are still reachable in loss record 6 of 13
==699360==    at 0x48BD858: malloc (vg_replace_malloc.c:447)
==699360==    by 0x405185D: xmalloc (xmalloc.c:45)
==699360==    by 0x405185D: xmemdup (xmalloc.c:314)
==699360==    by 0x405185D: xstrdup (xmalloc.c:339)
==699360==    by 0x402644F: assign_string (misc.c:58)
==699360==    by 0x401E7A6: xheader_xhdr_name (xheader.c:393)
==699360==    by 0x4014297: write_extended.part.0 (create.c:713)
==699360==    by 0x4014896: write_extended (create.c:699)
==699360==    by 0x4014896: finish_header (create.c:1024)
==699360==    by 0x4016C5E: dump_dir0 (create.c:1137)
==699360==    by 0x4016C5E: dump_dir (create.c:1320)
==699360==    by 0x4016C5E: dump_file0 (create.c:1757)
==699360==    by 0x4017589: dump_file (create.c:1968)
==699360==    by 0x4017589: create_archive (create.c:1412)
==699360==    by 0x400CD90: main (tar.c:2818)
==699360== 
==699360== 32 bytes in 1 blocks are still reachable in loss record 7 of 13
==699360==    at 0x48BD858: malloc (vg_replace_malloc.c:447)
==699360==    by 0x40512CC: xmalloc (xmalloc.c:45)
==699360==    by 0x402F07B: optloc_save (tar.c:926)
==699360==    by 0x402FFB0: set_use_compress_program_option (tar.c:985)
==699360==    by 0x4030D0C: parse_opt (tar.c:2082)
==699360==    by 0x40421C3: group_parse (argp-parse.c:233)
==699360==    by 0x40421C3: parser_parse_opt (argp-parse.c:748)
==699360==    by 0x40421C3: parser_parse_next (argp-parse.c:859)
==699360==    by 0x40421C3: argp_parse (argp-parse.c:927)
==699360==    by 0x400C045: decode_options (tar.c:2380)
==699360==    by 0x400C045: main (tar.c:2792)
==699360== 
==699360== 80 bytes in 1 blocks are still reachable in loss record 8 of 13
==699360==    at 0x48BD858: malloc (vg_replace_malloc.c:447)
==699360==    by 0x40512CC: xmalloc (xmalloc.c:45)
==699360==    by 0x400BE43: main (tar.c:2781)
==699360== 
==699360== 89 (80 direct, 9 indirect) bytes in 2 blocks are definitely lost in loss record 9 of 13
==699360==    at 0x48C4E43: calloc (vg_replace_malloc.c:1678)
==699360==    by 0x403959D: wsnode_new (wordsplit.c:422)
==699360==    by 0x403959D: wordsplit_add_segm (wordsplit.c:523)
==699360==    by 0x4039854: scan_word (wordsplit.c:2062)
==699360==    by 0x4039C7C: wordsplit_process_list (wordsplit.c:2358)
==699360==    by 0x403A562: wordsplit_run.constprop.0 (wordsplit.c:2434)
==699360==    by 0x400BFFA: parse_default_options (tar.c:2256)
==699360==    by 0x400BFFA: decode_options (tar.c:2378)
==699360==    by 0x400BFFA: main (tar.c:2792)
==699360== 
==699360== 102 bytes in 1 blocks are still reachable in loss record 10 of 13
==699360==    at 0x48BD858: malloc (vg_replace_malloc.c:447)
==699360==    by 0x40512CC: xmalloc (xmalloc.c:45)
==699360==    by 0x4029881: name_init (names.c:869)
==699360==    by 0x400C94C: main (tar.c:2794)
==699360== 
==699360== 256 bytes in 1 blocks are still reachable in loss record 11 of 13
==699360==    at 0x48BD858: malloc (vg_replace_malloc.c:447)
==699360==    by 0x40512CC: xmalloc (xmalloc.c:45)
==699360==    by 0x401D274: xattr_encode_keyword (xheader.c:833)
==699360==    by 0x401D274: xheader_print_n (xheader.c:876)
==699360==    by 0x401D4FB: xheader_print (xheader.c:899)
==699360==    by 0x401D4FB: code_time (xheader.c:1043)
==699360==    by 0x401D4FB: mtime_coder (xheader.c:1232)
==699360==    by 0x401527F: start_header (create.c:852)
==699360==    by 0x40167F9: dump_dir0 (create.c:1123)
==699360==    by 0x40167F9: dump_dir (create.c:1320)
==699360==    by 0x40167F9: dump_file0 (create.c:1757)
==699360==    by 0x4017589: dump_file (create.c:1968)
==699360==    by 0x4017589: create_archive (create.c:1412)
==699360==    by 0x400CD90: main (tar.c:2818)
==699360== 
==699360== 4,064 bytes in 1 blocks are still reachable in loss record 12 of 13
==699360==    at 0x48BD858: malloc (vg_replace_malloc.c:447)
==699360==    by 0x40512CC: xmalloc (xmalloc.c:45)
==699360==    by 0x404A07D: call_chunkfun (obstack.c:88)
==699360==    by 0x404A07D: _obstack_begin_worker.isra.0 (obstack.c:135)
==699360==    by 0x404A0A8: _obstack_begin (obstack.c:157)
==699360==    by 0x4032C57: _transform_name_to_obstack (transform.c:592)
==699360==    by 0x4032C57: transform_name_fp (transform.c:614)
==699360==    by 0x4016444: dump_file0 (create.c:1657)
==699360==    by 0x4017589: dump_file (create.c:1968)
==699360==    by 0x4017589: create_archive (create.c:1412)
==699360==    by 0x400CD90: main (tar.c:2818)
==699360== 
==699360== 14,336 bytes in 1 blocks are still reachable in loss record 13 of 13
==699360==    at 0x48BD858: malloc (vg_replace_malloc.c:447)
==699360==    by 0x40512CC: xmalloc (xmalloc.c:45)
==699360==    by 0x4027C22: page_aligned_alloc (misc.c:1235)
==699360==    by 0x400D5A3: init_buffer (buffer.c:657)
==699360==    by 0x4010B3B: _open_archive (buffer.c:725)
==699360==    by 0x4010B3B: open_archive (buffer.c:2025)
==699360==    by 0x40174DE: create_archive (create.c:1343)
==699360==    by 0x400CD90: main (tar.c:2818)
==699360== 
==699360== LEAK SUMMARY:
==699360==    definitely lost: 89 bytes in 4 blocks
==699360==    indirectly lost: 9 bytes in 2 blocks
==699360==      possibly lost: 0 bytes in 0 blocks
==699360==    still reachable: 18,913 bytes in 10 blocks
==699360==         suppressed: 0 bytes in 0 blocks
==699360== 
==699360== For lists of detected and suppressed errors, rerun with: -s
==699360== ERROR SUMMARY: 2 errors from 2 contexts (suppressed: 0 from 0)
