==688836== Memcheck, a memory error detector
==688836== Copyright (C) 2002-2024, and GNU GPL'd, by Julian Seward et al.
==688836== Using Valgrind-3.26.0 and LibVEX; rerun with -h for copyright info
==688836== Command: tar --use-compress-program false -cf a.tar .
==688836== Parent PID: 688834
==688836== 
==688836== 
==688836== FILE DESCRIPTORS: 3 open (3 inherited) at exit.
==688836== 
==688836== HEAP SUMMARY:
==688836==     in use at exit: 18,913 bytes in 10 blocks
==688836==   total heap usage: 93 allocs, 83 frees, 102,246 bytes allocated
==688836== 
==688836== 5 bytes in 1 blocks are still reachable in loss record 1 of 10
==688836==    at 0x586E858: malloc (vg_replace_malloc.c:447)
==688836==    by 0x469E72D: rboxc_tar_xstrdup (in /root/rboxc/target/tar-child-prefix-candidate/release/rboxc)
==688836==    by 0x467000F: rboxc_tar_assign_string (in /root/rboxc/target/tar-child-prefix-candidate/release/rboxc)
==688836==    by 0x46732F2: rboxc_tar_uid_to_uname (in /root/rboxc/target/tar-child-prefix-candidate/release/rboxc)
==688836==    by 0x4662513: rboxc_tar_start_header (in /root/rboxc/target/tar-child-prefix-candidate/release/rboxc)
==688836==    by 0x4663719: dump_file0 (in /root/rboxc/target/tar-child-prefix-candidate/release/rboxc)
==688836==    by 0x46644A9: rboxc_tar_create_archive (in /root/rboxc/target/tar-child-prefix-candidate/release/rboxc)
==688836==    by 0x440EEB8: single_binary_main_tar (in /root/rboxc/target/tar-child-prefix-candidate/release/rboxc)
==688836==    by 0x5A18600: (below main) (libc_start_call_main.h:59)
==688836== 
==688836== 5 bytes in 1 blocks are still reachable in loss record 2 of 10
==688836==    at 0x586E858: malloc (vg_replace_malloc.c:447)
==688836==    by 0x469E72D: rboxc_tar_xstrdup (in /root/rboxc/target/tar-child-prefix-candidate/release/rboxc)
==688836==    by 0x467000F: rboxc_tar_assign_string (in /root/rboxc/target/tar-child-prefix-candidate/release/rboxc)
==688836==    by 0x4673382: rboxc_tar_gid_to_gname (in /root/rboxc/target/tar-child-prefix-candidate/release/rboxc)
==688836==    by 0x46624FB: rboxc_tar_start_header (in /root/rboxc/target/tar-child-prefix-candidate/release/rboxc)
==688836==    by 0x4663719: dump_file0 (in /root/rboxc/target/tar-child-prefix-candidate/release/rboxc)
==688836==    by 0x46644A9: rboxc_tar_create_archive (in /root/rboxc/target/tar-child-prefix-candidate/release/rboxc)
==688836==    by 0x440EEB8: single_binary_main_tar (in /root/rboxc/target/tar-child-prefix-candidate/release/rboxc)
==688836==    by 0x5A18600: (below main) (libc_start_call_main.h:59)
==688836== 
==688836== 16 bytes in 1 blocks are still reachable in loss record 3 of 10
==688836==    at 0x5875E43: calloc (vg_replace_malloc.c:1678)
==688836==    by 0x469E5C1: rboxc_tar_xzalloc (in /root/rboxc/target/tar-child-prefix-candidate/release/rboxc)
==688836==    by 0x440DEB5: single_binary_main_tar (in /root/rboxc/target/tar-child-prefix-candidate/release/rboxc)
==688836==    by 0x5A18600: (below main) (libc_start_call_main.h:59)
==688836== 
==688836== 17 bytes in 1 blocks are still reachable in loss record 4 of 10
==688836==    at 0x586E858: malloc (vg_replace_malloc.c:447)
==688836==    by 0x469E72D: rboxc_tar_xstrdup (in /root/rboxc/target/tar-child-prefix-candidate/release/rboxc)
==688836==    by 0x467000F: rboxc_tar_assign_string (in /root/rboxc/target/tar-child-prefix-candidate/release/rboxc)
==688836==    by 0x467F0A6: rboxc_tar_xheader_xhdr_name (in /root/rboxc/target/tar-child-prefix-candidate/release/rboxc)
==688836==    by 0x46611B7: write_extended.part.0 (in /root/rboxc/target/tar-child-prefix-candidate/release/rboxc)
==688836==    by 0x46617B6: rboxc_tar_finish_header (in /root/rboxc/target/tar-child-prefix-candidate/release/rboxc)
==688836==    by 0x4663B7E: dump_file0 (in /root/rboxc/target/tar-child-prefix-candidate/release/rboxc)
==688836==    by 0x46644A9: rboxc_tar_create_archive (in /root/rboxc/target/tar-child-prefix-candidate/release/rboxc)
==688836==    by 0x440EEB8: single_binary_main_tar (in /root/rboxc/target/tar-child-prefix-candidate/release/rboxc)
==688836==    by 0x5A18600: (below main) (libc_start_call_main.h:59)
==688836== 
==688836== 32 bytes in 1 blocks are still reachable in loss record 5 of 10
==688836==    at 0x586E858: malloc (vg_replace_malloc.c:447)
==688836==    by 0x469E19C: rboxc_tar_xmalloc (in /root/rboxc/target/tar-child-prefix-candidate/release/rboxc)
==688836==    by 0x4404C40: rboxc::applet_tar::set_use_compress_program_option (in /root/rboxc/target/tar-child-prefix-candidate/release/rboxc)
==688836==    by 0x44057AF: rboxc::applet_tar::parse_opt (in /root/rboxc/target/tar-child-prefix-candidate/release/rboxc)
==688836==    by 0x468D183: rboxc_tar_argp_parse (in /root/rboxc/target/tar-child-prefix-candidate/release/rboxc)
==688836==    by 0x440E3E5: single_binary_main_tar (in /root/rboxc/target/tar-child-prefix-candidate/release/rboxc)
==688836==    by 0x5A18600: (below main) (libc_start_call_main.h:59)
==688836== 
==688836== 80 bytes in 1 blocks are still reachable in loss record 6 of 10
==688836==    at 0x586E858: malloc (vg_replace_malloc.c:447)
==688836==    by 0x469E19C: rboxc_tar_xmalloc (in /root/rboxc/target/tar-child-prefix-candidate/release/rboxc)
==688836==    by 0x440DDC0: single_binary_main_tar (in /root/rboxc/target/tar-child-prefix-candidate/release/rboxc)
==688836==    by 0x5A18600: (below main) (libc_start_call_main.h:59)
==688836== 
==688836== 102 bytes in 1 blocks are still reachable in loss record 7 of 10
==688836==    at 0x586E858: malloc (vg_replace_malloc.c:447)
==688836==    by 0x469E19C: rboxc_tar_xmalloc (in /root/rboxc/target/tar-child-prefix-candidate/release/rboxc)
==688836==    by 0x4673561: rboxc_tar_name_init (in /root/rboxc/target/tar-child-prefix-candidate/release/rboxc)
==688836==    by 0x440EE3A: single_binary_main_tar (in /root/rboxc/target/tar-child-prefix-candidate/release/rboxc)
==688836==    by 0x5A18600: (below main) (libc_start_call_main.h:59)
==688836== 
==688836== 256 bytes in 1 blocks are still reachable in loss record 8 of 10
==688836==    at 0x586E858: malloc (vg_replace_malloc.c:447)
==688836==    by 0x469E19C: rboxc_tar_xmalloc (in /root/rboxc/target/tar-child-prefix-candidate/release/rboxc)
==688836==    by 0x467DB74: xheader_print_n (in /root/rboxc/target/tar-child-prefix-candidate/release/rboxc)
==688836==    by 0x467DDFB: mtime_coder (in /root/rboxc/target/tar-child-prefix-candidate/release/rboxc)
==688836==    by 0x466219F: rboxc_tar_start_header (in /root/rboxc/target/tar-child-prefix-candidate/release/rboxc)
==688836==    by 0x4663719: dump_file0 (in /root/rboxc/target/tar-child-prefix-candidate/release/rboxc)
==688836==    by 0x46644A9: rboxc_tar_create_archive (in /root/rboxc/target/tar-child-prefix-candidate/release/rboxc)
==688836==    by 0x440EEB8: single_binary_main_tar (in /root/rboxc/target/tar-child-prefix-candidate/release/rboxc)
==688836==    by 0x5A18600: (below main) (libc_start_call_main.h:59)
==688836== 
==688836== 4,064 bytes in 1 blocks are still reachable in loss record 9 of 10
==688836==    at 0x586E858: malloc (vg_replace_malloc.c:447)
==688836==    by 0x469E19C: rboxc_tar_xmalloc (in /root/rboxc/target/tar-child-prefix-candidate/release/rboxc)
==688836==    by 0x46960BD: _obstack_begin_worker.isra.0 (in /root/rboxc/target/tar-child-prefix-candidate/release/rboxc)
==688836==    by 0x46960E8: rboxc_tar__obstack_begin (in /root/rboxc/target/tar-child-prefix-candidate/release/rboxc)
==688836==    by 0x4679D97: rboxc_tar_transform_name_fp (in /root/rboxc/target/tar-child-prefix-candidate/release/rboxc)
==688836==    by 0x4663364: dump_file0 (in /root/rboxc/target/tar-child-prefix-candidate/release/rboxc)
==688836==    by 0x46644A9: rboxc_tar_create_archive (in /root/rboxc/target/tar-child-prefix-candidate/release/rboxc)
==688836==    by 0x440EEB8: single_binary_main_tar (in /root/rboxc/target/tar-child-prefix-candidate/release/rboxc)
==688836==    by 0x5A18600: (below main) (libc_start_call_main.h:59)
==688836== 
==688836== 14,336 bytes in 1 blocks are still reachable in loss record 10 of 10
==688836==    at 0x586E858: malloc (vg_replace_malloc.c:447)
==688836==    by 0x469E19C: rboxc_tar_xmalloc (in /root/rboxc/target/tar-child-prefix-candidate/release/rboxc)
==688836==    by 0x4671812: rboxc_tar_page_aligned_alloc (in /root/rboxc/target/tar-child-prefix-candidate/release/rboxc)
==688836==    by 0x465A2C3: init_buffer (in /root/rboxc/target/tar-child-prefix-candidate/release/rboxc)
==688836==    by 0x465D9BF: rboxc_tar_open_archive (in /root/rboxc/target/tar-child-prefix-candidate/release/rboxc)
==688836==    by 0x46643FE: rboxc_tar_create_archive (in /root/rboxc/target/tar-child-prefix-candidate/release/rboxc)
==688836==    by 0x440EEB8: single_binary_main_tar (in /root/rboxc/target/tar-child-prefix-candidate/release/rboxc)
==688836==    by 0x5A18600: (below main) (libc_start_call_main.h:59)
==688836== 
==688836== LEAK SUMMARY:
==688836==    definitely lost: 0 bytes in 0 blocks
==688836==    indirectly lost: 0 bytes in 0 blocks
==688836==      possibly lost: 0 bytes in 0 blocks
==688836==    still reachable: 18,913 bytes in 10 blocks
==688836==         suppressed: 0 bytes in 0 blocks
==688836== 
==688836== For lists of detected and suppressed errors, rerun with: -s
==688836== ERROR SUMMARY: 0 errors from 0 contexts (suppressed: 0 from 0)
