==625781== Memcheck, a memory error detector
==625781== Copyright (C) 2002-2024, and GNU GPL'd, by Julian Seward et al.
==625781== Using Valgrind-3.26.0 and LibVEX; rerun with -h for copyright info
==625781== Command: tar -c -f archive --remove-files file1 file2 file3 file4
==625781== Parent PID: 625775
==625781== 
==625781== 
==625781== FILE DESCRIPTORS: 1 open (1 inherited) at exit.
==625781== 
==625781== HEAP SUMMARY:
==625781==     in use at exit: 4,931 bytes in 17 blocks
==625781==   total heap usage: 106 allocs, 89 frees, 74,058 bytes allocated
==625781== 
==625781== 5 bytes in 1 blocks are still reachable in loss record 1 of 14
==625781==    at 0x48BD858: malloc (vg_replace_malloc.c:447)
==625781==    by 0x405185D: xmalloc (xmalloc.c:45)
==625781==    by 0x405185D: xmemdup (xmalloc.c:314)
==625781==    by 0x405185D: xstrdup (xmalloc.c:339)
==625781==    by 0x402644F: assign_string (misc.c:58)
==625781==    by 0x4029612: uid_to_uname (names.c:490)
==625781==    by 0x40155F3: start_header (create.c:931)
==625781==    by 0x4015798: dump_regular_file (create.c:1050)
==625781==    by 0x40165E2: dump_file0 (create.c:1773)
==625781==    by 0x4017589: dump_file (create.c:1968)
==625781==    by 0x4017589: create_archive (create.c:1412)
==625781==    by 0x400CD90: main (tar.c:2818)
==625781== 
==625781== 5 bytes in 1 blocks are still reachable in loss record 2 of 14
==625781==    at 0x48BD858: malloc (vg_replace_malloc.c:447)
==625781==    by 0x405185D: xmalloc (xmalloc.c:45)
==625781==    by 0x405185D: xmemdup (xmalloc.c:314)
==625781==    by 0x405185D: xstrdup (xmalloc.c:339)
==625781==    by 0x402644F: assign_string (misc.c:58)
==625781==    by 0x40296A2: gid_to_gname (names.c:520)
==625781==    by 0x40155DB: start_header (create.c:936)
==625781==    by 0x4015798: dump_regular_file (create.c:1050)
==625781==    by 0x40165E2: dump_file0 (create.c:1773)
==625781==    by 0x4017589: dump_file (create.c:1968)
==625781==    by 0x4017589: create_archive (create.c:1412)
==625781==    by 0x400CD90: main (tar.c:2818)
==625781== 
==625781== 9 bytes in 2 blocks are indirectly lost in loss record 3 of 14
==625781==    at 0x48BD858: malloc (vg_replace_malloc.c:447)
==625781==    by 0x40387DD: wsnode_quoteremoval (wordsplit.c:651)
==625781==    by 0x4039CFD: wordsplit_process_list (wordsplit.c:2390)
==625781==    by 0x403A562: wordsplit_run.constprop.0 (wordsplit.c:2434)
==625781==    by 0x400BFFA: parse_default_options (tar.c:2256)
==625781==    by 0x400BFFA: decode_options (tar.c:2378)
==625781==    by 0x400BFFA: main (tar.c:2792)
==625781== 
==625781== 9 bytes in 2 blocks are definitely lost in loss record 4 of 14
==625781==    at 0x48BD858: malloc (vg_replace_malloc.c:447)
==625781==    by 0x403A1FB: wordsplit_finish (wordsplit.c:836)
==625781==    by 0x400BFFA: parse_default_options (tar.c:2256)
==625781==    by 0x400BFFA: decode_options (tar.c:2378)
==625781==    by 0x400BFFA: main (tar.c:2792)
==625781== 
==625781== 16 bytes in 1 blocks are still reachable in loss record 5 of 14
==625781==    at 0x48C4E43: calloc (vg_replace_malloc.c:1678)
==625781==    by 0x40516F1: xcalloc (xmalloc.c:298)
==625781==    by 0x40516F1: xzalloc (xmalloc.c:283)
==625781==    by 0x400BEF9: decode_options (tar.c:2297)
==625781==    by 0x400BEF9: main (tar.c:2792)
==625781== 
==625781== 17 bytes in 1 blocks are still reachable in loss record 6 of 14
==625781==    at 0x48BD858: malloc (vg_replace_malloc.c:447)
==625781==    by 0x405185D: xmalloc (xmalloc.c:45)
==625781==    by 0x405185D: xmemdup (xmalloc.c:314)
==625781==    by 0x405185D: xstrdup (xmalloc.c:339)
==625781==    by 0x402644F: assign_string (misc.c:58)
==625781==    by 0x401E7A6: xheader_xhdr_name (xheader.c:393)
==625781==    by 0x4014297: write_extended.part.0 (create.c:713)
==625781==    by 0x4014896: write_extended (create.c:699)
==625781==    by 0x4014896: finish_header (create.c:1024)
==625781==    by 0x40157AF: dump_regular_file (create.c:1058)
==625781==    by 0x40165E2: dump_file0 (create.c:1773)
==625781==    by 0x4017589: dump_file (create.c:1968)
==625781==    by 0x4017589: create_archive (create.c:1412)
==625781==    by 0x400CD90: main (tar.c:2818)
==625781== 
==625781== 32 bytes in 1 blocks are still reachable in loss record 7 of 14
==625781==    at 0x48BD858: malloc (vg_replace_malloc.c:447)
==625781==    by 0x40512CC: xmalloc (xmalloc.c:45)
==625781==    by 0x401407E: file_count_links (create.c:1522)
==625781==    by 0x401407E: file_count_links (create.c:1508)
==625781==    by 0x4016A58: dump_file0 (create.c:1779)
==625781==    by 0x4017589: dump_file (create.c:1968)
==625781==    by 0x4017589: create_archive (create.c:1412)
==625781==    by 0x400CD90: main (tar.c:2818)
==625781== 
==625781== 80 bytes in 1 blocks are still reachable in loss record 8 of 14
==625781==    at 0x48BD858: malloc (vg_replace_malloc.c:447)
==625781==    by 0x40512CC: xmalloc (xmalloc.c:45)
==625781==    by 0x400BE43: main (tar.c:2781)
==625781== 
==625781== 80 bytes in 1 blocks are still reachable in loss record 9 of 14
==625781==    at 0x48BD858: malloc (vg_replace_malloc.c:447)
==625781==    by 0x4047846: hash_initialize (hash.c:523)
==625781==    by 0x401411B: file_count_links (create.c:1530)
==625781==    by 0x401411B: file_count_links (create.c:1508)
==625781==    by 0x4016A58: dump_file0 (create.c:1779)
==625781==    by 0x4017589: dump_file (create.c:1968)
==625781==    by 0x4017589: create_archive (create.c:1412)
==625781==    by 0x400CD90: main (tar.c:2818)
==625781== 
==625781== 89 (80 direct, 9 indirect) bytes in 2 blocks are definitely lost in loss record 10 of 14
==625781==    at 0x48C4E43: calloc (vg_replace_malloc.c:1678)
==625781==    by 0x403959D: wsnode_new (wordsplit.c:422)
==625781==    by 0x403959D: wordsplit_add_segm (wordsplit.c:523)
==625781==    by 0x4039854: scan_word (wordsplit.c:2062)
==625781==    by 0x4039C7C: wordsplit_process_list (wordsplit.c:2358)
==625781==    by 0x403A562: wordsplit_run.constprop.0 (wordsplit.c:2434)
==625781==    by 0x400BFFA: parse_default_options (tar.c:2256)
==625781==    by 0x400BFFA: decode_options (tar.c:2378)
==625781==    by 0x400BFFA: main (tar.c:2792)
==625781== 
==625781== 102 bytes in 1 blocks are still reachable in loss record 11 of 14
==625781==    at 0x48BD858: malloc (vg_replace_malloc.c:447)
==625781==    by 0x40512CC: xmalloc (xmalloc.c:45)
==625781==    by 0x4029881: name_init (names.c:869)
==625781==    by 0x400C94C: main (tar.c:2794)
==625781== 
==625781== 176 bytes in 1 blocks are still reachable in loss record 12 of 14
==625781==    at 0x48C4E43: calloc (vg_replace_malloc.c:1678)
==625781==    by 0x404789C: hash_initialize (hash.c:544)
==625781==    by 0x401411B: file_count_links (create.c:1530)
==625781==    by 0x401411B: file_count_links (create.c:1508)
==625781==    by 0x4016A58: dump_file0 (create.c:1779)
==625781==    by 0x4017589: dump_file (create.c:1968)
==625781==    by 0x4017589: create_archive (create.c:1412)
==625781==    by 0x400CD90: main (tar.c:2818)
==625781== 
==625781== 256 bytes in 1 blocks are still reachable in loss record 13 of 14
==625781==    at 0x48BD858: malloc (vg_replace_malloc.c:447)
==625781==    by 0x40512CC: xmalloc (xmalloc.c:45)
==625781==    by 0x401D274: xattr_encode_keyword (xheader.c:833)
==625781==    by 0x401D274: xheader_print_n (xheader.c:876)
==625781==    by 0x401D4FB: xheader_print (xheader.c:899)
==625781==    by 0x401D4FB: code_time (xheader.c:1043)
==625781==    by 0x401D4FB: mtime_coder (xheader.c:1232)
==625781==    by 0x401527F: start_header (create.c:852)
==625781==    by 0x4015798: dump_regular_file (create.c:1050)
==625781==    by 0x40165E2: dump_file0 (create.c:1773)
==625781==    by 0x4017589: dump_file (create.c:1968)
==625781==    by 0x4017589: create_archive (create.c:1412)
==625781==    by 0x400CD90: main (tar.c:2818)
==625781== 
==625781== 4,064 bytes in 1 blocks are still reachable in loss record 14 of 14
==625781==    at 0x48BD858: malloc (vg_replace_malloc.c:447)
==625781==    by 0x40512CC: xmalloc (xmalloc.c:45)
==625781==    by 0x404A07D: call_chunkfun (obstack.c:88)
==625781==    by 0x404A07D: _obstack_begin_worker.isra.0 (obstack.c:135)
==625781==    by 0x404A0A8: _obstack_begin (obstack.c:157)
==625781==    by 0x4032C57: _transform_name_to_obstack (transform.c:592)
==625781==    by 0x4032C57: transform_name_fp (transform.c:614)
==625781==    by 0x4016444: dump_file0 (create.c:1657)
==625781==    by 0x4017589: dump_file (create.c:1968)
==625781==    by 0x4017589: create_archive (create.c:1412)
==625781==    by 0x400CD90: main (tar.c:2818)
==625781== 
==625781== LEAK SUMMARY:
==625781==    definitely lost: 89 bytes in 4 blocks
==625781==    indirectly lost: 9 bytes in 2 blocks
==625781==      possibly lost: 0 bytes in 0 blocks
==625781==    still reachable: 4,833 bytes in 11 blocks
==625781==         suppressed: 0 bytes in 0 blocks
==625781== 
==625781== For lists of detected and suppressed errors, rerun with: -s
==625781== ERROR SUMMARY: 2 errors from 2 contexts (suppressed: 0 from 0)
