==654284== Memcheck, a memory error detector
==654284== Copyright (C) 2002-2024, and GNU GPL'd, by Julian Seward et al.
==654284== Using Valgrind-3.26.0 and LibVEX; rerun with -h for copyright info
==654284== Command: tar --xattrs -C dir -cf archive.tar file
==654284== Parent PID: 654245
==654284== 
==654284== 
==654284== FILE DESCRIPTORS: 2 open (1 inherited) at exit.
==654284== Open file descriptor 4: dir
==654284==    at 0x4A1AADA: openat (openat64.c:39)
==654284==    by 0x4027817: openat (fcntl2.h:175)
==654284==    by 0x4027817: chdir_do (misc.c:988)
==654284==    by 0x4028D52: name_next_elt (names.c:1123)
==654284==    by 0x40298EC: name_next (names.c:1152)
==654284==    by 0x401750F: create_archive (create.c:1410)
==654284==    by 0x400CD90: main (tar.c:2818)
==654284== 
==654284== 
==654284== HEAP SUMMARY:
==654284==     in use at exit: 6,744 bytes in 18 blocks
==654284==   total heap usage: 69 allocs, 51 frees, 63,103 bytes allocated
==654284== 
==654284== 4 bytes in 1 blocks are still reachable in loss record 1 of 15
==654284==    at 0x48BD858: malloc (vg_replace_malloc.c:447)
==654284==    by 0x405185D: xmalloc (xmalloc.c:45)
==654284==    by 0x405185D: xmemdup (xmalloc.c:314)
==654284==    by 0x405185D: xstrdup (xmalloc.c:339)
==654284==    by 0x4028D43: name_next_elt (names.c:1123)
==654284==    by 0x40298EC: name_next (names.c:1152)
==654284==    by 0x401750F: create_archive (create.c:1410)
==654284==    by 0x400CD90: main (tar.c:2818)
==654284== 
==654284== 7 bytes in 1 blocks are still reachable in loss record 2 of 15
==654284==    at 0x48BD858: malloc (vg_replace_malloc.c:447)
==654284==    by 0x405185D: xmalloc (xmalloc.c:45)
==654284==    by 0x405185D: xmemdup (xmalloc.c:314)
==654284==    by 0x405185D: xstrdup (xmalloc.c:339)
==654284==    by 0x402644F: assign_string (misc.c:58)
==654284==    by 0x4029612: uid_to_uname (names.c:490)
==654284==    by 0x40155F3: start_header (create.c:931)
==654284==    by 0x4015798: dump_regular_file (create.c:1050)
==654284==    by 0x40165E2: dump_file0 (create.c:1773)
==654284==    by 0x4017589: dump_file (create.c:1968)
==654284==    by 0x4017589: create_archive (create.c:1412)
==654284==    by 0x400CD90: main (tar.c:2818)
==654284== 
==654284== 7 bytes in 2 blocks are indirectly lost in loss record 3 of 15
==654284==    at 0x48BD858: malloc (vg_replace_malloc.c:447)
==654284==    by 0x40387DD: wsnode_quoteremoval (wordsplit.c:651)
==654284==    by 0x4039CFD: wordsplit_process_list (wordsplit.c:2390)
==654284==    by 0x403A562: wordsplit_run.constprop.0 (wordsplit.c:2434)
==654284==    by 0x400BFFA: parse_default_options (tar.c:2256)
==654284==    by 0x400BFFA: decode_options (tar.c:2378)
==654284==    by 0x400BFFA: main (tar.c:2792)
==654284== 
==654284== 7 bytes in 2 blocks are definitely lost in loss record 4 of 15
==654284==    at 0x48BD858: malloc (vg_replace_malloc.c:447)
==654284==    by 0x403A1FB: wordsplit_finish (wordsplit.c:836)
==654284==    by 0x400BFFA: parse_default_options (tar.c:2256)
==654284==    by 0x400BFFA: decode_options (tar.c:2378)
==654284==    by 0x400BFFA: main (tar.c:2792)
==654284== 
==654284== 8 bytes in 1 blocks are still reachable in loss record 5 of 15
==654284==    at 0x48BD858: malloc (vg_replace_malloc.c:447)
==654284==    by 0x405185D: xmalloc (xmalloc.c:45)
==654284==    by 0x405185D: xmemdup (xmalloc.c:314)
==654284==    by 0x405185D: xstrdup (xmalloc.c:339)
==654284==    by 0x402644F: assign_string (misc.c:58)
==654284==    by 0x40296A2: gid_to_gname (names.c:520)
==654284==    by 0x40155DB: start_header (create.c:936)
==654284==    by 0x4015798: dump_regular_file (create.c:1050)
==654284==    by 0x40165E2: dump_file0 (create.c:1773)
==654284==    by 0x4017589: dump_file (create.c:1968)
==654284==    by 0x4017589: create_archive (create.c:1412)
==654284==    by 0x400CD90: main (tar.c:2818)
==654284== 
==654284== 16 bytes in 1 blocks are still reachable in loss record 6 of 15
==654284==    at 0x48C4E43: calloc (vg_replace_malloc.c:1678)
==654284==    by 0x40516F1: xcalloc (xmalloc.c:298)
==654284==    by 0x40516F1: xzalloc (xmalloc.c:283)
==654284==    by 0x400BEF9: decode_options (tar.c:2297)
==654284==    by 0x400BEF9: main (tar.c:2792)
==654284== 
==654284== 17 bytes in 1 blocks are still reachable in loss record 7 of 15
==654284==    at 0x48BD858: malloc (vg_replace_malloc.c:447)
==654284==    by 0x405185D: xmalloc (xmalloc.c:45)
==654284==    by 0x405185D: xmemdup (xmalloc.c:314)
==654284==    by 0x405185D: xstrdup (xmalloc.c:339)
==654284==    by 0x402644F: assign_string (misc.c:58)
==654284==    by 0x401E7A6: xheader_xhdr_name (xheader.c:393)
==654284==    by 0x4014297: write_extended.part.0 (create.c:713)
==654284==    by 0x4014896: write_extended (create.c:699)
==654284==    by 0x4014896: finish_header (create.c:1024)
==654284==    by 0x40157AF: dump_regular_file (create.c:1058)
==654284==    by 0x40165E2: dump_file0 (create.c:1773)
==654284==    by 0x4017589: dump_file (create.c:1968)
==654284==    by 0x4017589: create_archive (create.c:1412)
==654284==    by 0x400CD90: main (tar.c:2818)
==654284== 
==654284== 48 bytes in 1 blocks are still reachable in loss record 8 of 15
==654284==    at 0x48C53C0: reallocarray (vg_replace_malloc.c:1806)
==654284==    by 0x40515C9: xreallocarray (xmalloc.c:84)
==654284==    by 0x40515C9: x2nrealloc (xmalloc.c:203)
==654284==    by 0x4027754: chdir_arg (misc.c:934)
==654284==    by 0x4028D4B: name_next_elt (names.c:1123)
==654284==    by 0x40298EC: name_next (names.c:1152)
==654284==    by 0x401750F: create_archive (create.c:1410)
==654284==    by 0x400CD90: main (tar.c:2818)
==654284== 
==654284== 80 bytes in 1 blocks are still reachable in loss record 9 of 15
==654284==    at 0x48BD858: malloc (vg_replace_malloc.c:447)
==654284==    by 0x40512CC: xmalloc (xmalloc.c:45)
==654284==    by 0x400BE43: main (tar.c:2781)
==654284== 
==654284== 87 (80 direct, 7 indirect) bytes in 2 blocks are definitely lost in loss record 10 of 15
==654284==    at 0x48C4E43: calloc (vg_replace_malloc.c:1678)
==654284==    by 0x403959D: wsnode_new (wordsplit.c:422)
==654284==    by 0x403959D: wordsplit_add_segm (wordsplit.c:523)
==654284==    by 0x4039854: scan_word (wordsplit.c:2062)
==654284==    by 0x4039C7C: wordsplit_process_list (wordsplit.c:2358)
==654284==    by 0x403A562: wordsplit_run.constprop.0 (wordsplit.c:2434)
==654284==    by 0x400BFFA: parse_default_options (tar.c:2256)
==654284==    by 0x400BFFA: decode_options (tar.c:2378)
==654284==    by 0x400BFFA: main (tar.c:2792)
==654284== 
==654284== 102 bytes in 1 blocks are still reachable in loss record 11 of 15
==654284==    at 0x48BD858: malloc (vg_replace_malloc.c:447)
==654284==    by 0x40512CC: xmalloc (xmalloc.c:45)
==654284==    by 0x4029881: name_init (names.c:869)
==654284==    by 0x400C94C: main (tar.c:2794)
==654284== 
==654284== 256 bytes in 1 blocks are still reachable in loss record 12 of 15
==654284==    at 0x48BD858: malloc (vg_replace_malloc.c:447)
==654284==    by 0x40512CC: xmalloc (xmalloc.c:45)
==654284==    by 0x401D274: xattr_encode_keyword (xheader.c:833)
==654284==    by 0x401D274: xheader_print_n (xheader.c:876)
==654284==    by 0x401D4FB: xheader_print (xheader.c:899)
==654284==    by 0x401D4FB: code_time (xheader.c:1043)
==654284==    by 0x401D4FB: mtime_coder (xheader.c:1232)
==654284==    by 0x401527F: start_header (create.c:852)
==654284==    by 0x4015798: dump_regular_file (create.c:1050)
==654284==    by 0x40165E2: dump_file0 (create.c:1773)
==654284==    by 0x4017589: dump_file (create.c:1968)
==654284==    by 0x4017589: create_archive (create.c:1412)
==654284==    by 0x400CD90: main (tar.c:2818)
==654284== 
==654284== 1,024 bytes in 1 blocks are still reachable in loss record 13 of 15
==654284==    at 0x48C53C0: reallocarray (vg_replace_malloc.c:1806)
==654284==    by 0x40515C9: xreallocarray (xmalloc.c:84)
==654284==    by 0x40515C9: x2nrealloc (xmalloc.c:203)
==654284==    by 0x4034EBB: xattrs_xattrs_get (xattrs.c:560)
==654284==    by 0x401657C: dump_file0 (create.c:1742)
==654284==    by 0x4017589: dump_file (create.c:1968)
==654284==    by 0x4017589: create_archive (create.c:1412)
==654284==    by 0x400CD90: main (tar.c:2818)
==654284== 
==654284== 1,024 bytes in 1 blocks are still reachable in loss record 14 of 15
==654284==    at 0x48C53C0: reallocarray (vg_replace_malloc.c:1806)
==654284==    by 0x40515C9: xreallocarray (xmalloc.c:84)
==654284==    by 0x40515C9: x2nrealloc (xmalloc.c:203)
==654284==    by 0x40350AB: xattrs_xattrs_get (xattrs.c:580)
==654284==    by 0x401657C: dump_file0 (create.c:1742)
==654284==    by 0x4017589: dump_file (create.c:1968)
==654284==    by 0x4017589: create_archive (create.c:1412)
==654284==    by 0x400CD90: main (tar.c:2818)
==654284== 
==654284== 4,064 bytes in 1 blocks are still reachable in loss record 15 of 15
==654284==    at 0x48BD858: malloc (vg_replace_malloc.c:447)
==654284==    by 0x40512CC: xmalloc (xmalloc.c:45)
==654284==    by 0x404A07D: call_chunkfun (obstack.c:88)
==654284==    by 0x404A07D: _obstack_begin_worker.isra.0 (obstack.c:135)
==654284==    by 0x404A0A8: _obstack_begin (obstack.c:157)
==654284==    by 0x4032C57: _transform_name_to_obstack (transform.c:592)
==654284==    by 0x4032C57: transform_name_fp (transform.c:614)
==654284==    by 0x4016444: dump_file0 (create.c:1657)
==654284==    by 0x4017589: dump_file (create.c:1968)
==654284==    by 0x4017589: create_archive (create.c:1412)
==654284==    by 0x400CD90: main (tar.c:2818)
==654284== 
==654284== LEAK SUMMARY:
==654284==    definitely lost: 87 bytes in 4 blocks
==654284==    indirectly lost: 7 bytes in 2 blocks
==654284==      possibly lost: 0 bytes in 0 blocks
==654284==    still reachable: 6,650 bytes in 12 blocks
==654284==         suppressed: 0 bytes in 0 blocks
==654284== 
==654284== For lists of detected and suppressed errors, rerun with: -s
==654284== ERROR SUMMARY: 3 errors from 3 contexts (suppressed: 0 from 0)
