==703840== Memcheck, a memory error detector
==703840== Copyright (C) 2002-2024, and GNU GPL'd, by Julian Seward et al.
==703840== Using Valgrind-3.26.0 and LibVEX; rerun with -h for copyright info
==703840== Command: tar --zstd -cf k.tar.zst empty
==703840== Parent PID: 703834
==703840== 
==703840== 
==703840== FILE DESCRIPTORS: 1 open (1 inherited) at exit.
==703840== 
==703840== HEAP SUMMARY:
==703840==     in use at exit: 4,304 bytes in 7 blocks
==703840==   total heap usage: 47 allocs, 40 frees, 47,559 bytes allocated
==703840== 
==703840== 5 bytes in 1 blocks are still reachable in loss record 1 of 7
==703840==    at 0x48BD858: malloc (vg_replace_malloc.c:447)
==703840==    by 0x405185D: xmalloc (xmalloc.c:45)
==703840==    by 0x405185D: xmemdup (xmalloc.c:314)
==703840==    by 0x405185D: xstrdup (xmalloc.c:339)
==703840==    by 0x402644F: assign_string (misc.c:58)
==703840==    by 0x4029612: uid_to_uname (names.c:490)
==703840==    by 0x40155F3: start_header (create.c:931)
==703840==    by 0x4015798: dump_regular_file (create.c:1050)
==703840==    by 0x40165E2: dump_file0 (create.c:1773)
==703840==    by 0x4017589: dump_file (create.c:1968)
==703840==    by 0x4017589: create_archive (create.c:1412)
==703840==    by 0x400CD90: main (tar.c:2818)
==703840== 
==703840== 5 bytes in 1 blocks are still reachable in loss record 2 of 7
==703840==    at 0x48BD858: malloc (vg_replace_malloc.c:447)
==703840==    by 0x405185D: xmalloc (xmalloc.c:45)
==703840==    by 0x405185D: xmemdup (xmalloc.c:314)
==703840==    by 0x405185D: xstrdup (xmalloc.c:339)
==703840==    by 0x402644F: assign_string (misc.c:58)
==703840==    by 0x40296A2: gid_to_gname (names.c:520)
==703840==    by 0x40155DB: start_header (create.c:936)
==703840==    by 0x4015798: dump_regular_file (create.c:1050)
==703840==    by 0x40165E2: dump_file0 (create.c:1773)
==703840==    by 0x4017589: dump_file (create.c:1968)
==703840==    by 0x4017589: create_archive (create.c:1412)
==703840==    by 0x400CD90: main (tar.c:2818)
==703840== 
==703840== 16 bytes in 1 blocks are still reachable in loss record 3 of 7
==703840==    at 0x48C4E43: calloc (vg_replace_malloc.c:1678)
==703840==    by 0x40516F1: xcalloc (xmalloc.c:298)
==703840==    by 0x40516F1: xzalloc (xmalloc.c:283)
==703840==    by 0x400BEF9: decode_options (tar.c:2297)
==703840==    by 0x400BEF9: main (tar.c:2792)
==703840== 
==703840== 32 bytes in 1 blocks are still reachable in loss record 4 of 7
==703840==    at 0x48BD858: malloc (vg_replace_malloc.c:447)
==703840==    by 0x40512CC: xmalloc (xmalloc.c:45)
==703840==    by 0x402F07B: optloc_save (tar.c:926)
==703840==    by 0x402FFB0: set_use_compress_program_option (tar.c:985)
==703840==    by 0x4030693: parse_opt (tar.c:1785)
==703840==    by 0x40421C3: group_parse (argp-parse.c:233)
==703840==    by 0x40421C3: parser_parse_opt (argp-parse.c:748)
==703840==    by 0x40421C3: parser_parse_next (argp-parse.c:859)
==703840==    by 0x40421C3: argp_parse (argp-parse.c:927)
==703840==    by 0x400C045: decode_options (tar.c:2380)
==703840==    by 0x400C045: main (tar.c:2792)
==703840== 
==703840== 80 bytes in 1 blocks are still reachable in loss record 5 of 7
==703840==    at 0x48BD858: malloc (vg_replace_malloc.c:447)
==703840==    by 0x40512CC: xmalloc (xmalloc.c:45)
==703840==    by 0x400BE43: main (tar.c:2781)
==703840== 
==703840== 102 bytes in 1 blocks are still reachable in loss record 6 of 7
==703840==    at 0x48BD858: malloc (vg_replace_malloc.c:447)
==703840==    by 0x40512CC: xmalloc (xmalloc.c:45)
==703840==    by 0x4029881: name_init (names.c:869)
==703840==    by 0x400C94C: main (tar.c:2794)
==703840== 
==703840== 4,064 bytes in 1 blocks are still reachable in loss record 7 of 7
==703840==    at 0x48BD858: malloc (vg_replace_malloc.c:447)
==703840==    by 0x40512CC: xmalloc (xmalloc.c:45)
==703840==    by 0x404A07D: call_chunkfun (obstack.c:88)
==703840==    by 0x404A07D: _obstack_begin_worker.isra.0 (obstack.c:135)
==703840==    by 0x404A0A8: _obstack_begin (obstack.c:157)
==703840==    by 0x4032C57: _transform_name_to_obstack (transform.c:592)
==703840==    by 0x4032C57: transform_name_fp (transform.c:614)
==703840==    by 0x4016444: dump_file0 (create.c:1657)
==703840==    by 0x4017589: dump_file (create.c:1968)
==703840==    by 0x4017589: create_archive (create.c:1412)
==703840==    by 0x400CD90: main (tar.c:2818)
==703840== 
==703840== LEAK SUMMARY:
==703840==    definitely lost: 0 bytes in 0 blocks
==703840==    indirectly lost: 0 bytes in 0 blocks
==703840==      possibly lost: 0 bytes in 0 blocks
==703840==    still reachable: 4,304 bytes in 7 blocks
==703840==         suppressed: 0 bytes in 0 blocks
==703840== 
==703840== For lists of detected and suppressed errors, rerun with: -s
==703840== ERROR SUMMARY: 0 errors from 0 contexts (suppressed: 0 from 0)
