==703809== Memcheck, a memory error detector
==703809== Copyright (C) 2002-2024, and GNU GPL'd, by Julian Seward et al.
==703809== Using Valgrind-3.26.0 and LibVEX; rerun with -h for copyright info
==703809== Command: tar --version
==703809== Parent PID: 703724
==703809== 
==703809== 
==703809== FILE DESCRIPTORS: 4 open (4 inherited) at exit.
==703809== 
==703809== HEAP SUMMARY:
==703809==     in use at exit: 7,767 bytes in 3 blocks
==703809==   total heap usage: 15 allocs, 12 frees, 12,021 bytes allocated
==703809== 
==703809== 16 bytes in 1 blocks are still reachable in loss record 1 of 3
==703809==    at 0x48C4E43: calloc (vg_replace_malloc.c:1678)
==703809==    by 0x40516F1: xcalloc (xmalloc.c:298)
==703809==    by 0x40516F1: xzalloc (xmalloc.c:283)
==703809==    by 0x400BEF9: decode_options (tar.c:2297)
==703809==    by 0x400BEF9: main (tar.c:2792)
==703809== 
==703809== 80 bytes in 1 blocks are still reachable in loss record 2 of 3
==703809==    at 0x48BD858: malloc (vg_replace_malloc.c:447)
==703809==    by 0x40512CC: xmalloc (xmalloc.c:45)
==703809==    by 0x400BE43: main (tar.c:2781)
==703809== 
==703809== 7,671 bytes in 1 blocks are still reachable in loss record 3 of 3
==703809==    at 0x48BD858: malloc (vg_replace_malloc.c:447)
==703809==    by 0x4041854: parser_init (argp-parse.c:495)
==703809==    by 0x4041854: argp_parse (argp-parse.c:921)
==703809==    by 0x400C045: decode_options (tar.c:2380)
==703809==    by 0x400C045: main (tar.c:2792)
==703809== 
==703809== LEAK SUMMARY:
==703809==    definitely lost: 0 bytes in 0 blocks
==703809==    indirectly lost: 0 bytes in 0 blocks
==703809==      possibly lost: 0 bytes in 0 blocks
==703809==    still reachable: 7,767 bytes in 3 blocks
==703809==         suppressed: 0 bytes in 0 blocks
==703809== 
==703809== For lists of detected and suppressed errors, rerun with: -s
==703809== ERROR SUMMARY: 0 errors from 0 contexts (suppressed: 0 from 0)
