==646816== Memcheck, a memory error detector
==646816== Copyright (C) 2002-2024, and GNU GPL'd, by Julian Seward et al.
==646816== Using Valgrind-3.26.0 and LibVEX; rerun with -h for copyright info
==646816== Command: /tmp/rboxc-tar-behavior-ieyi04jn/exec/tar --format=ustar -cf result.tar -C tree -C ./nested beta
==646816== Parent PID: 635373
==646816== 
==646816== 
==646816== FILE DESCRIPTORS: 3 open (1 inherited) at exit.
==646816== Open file descriptor 5: nested
==646816==    at 0x4A1AADA: openat (openat64.c:39)
==646816==    by 0x4027817: openat (fcntl2.h:175)
==646816==    by 0x4027817: chdir_do (misc.c:988)
==646816==    by 0x4028D52: name_next_elt (names.c:1123)
==646816==    by 0x40298EC: name_next (names.c:1152)
==646816==    by 0x401750F: create_archive (create.c:1410)
==646816==    by 0x400CD90: main (tar.c:2818)
==646816== 
==646816== Open file descriptor 4: tree
==646816==    at 0x4A1AADA: openat (openat64.c:39)
==646816==    by 0x4027817: openat (fcntl2.h:175)
==646816==    by 0x4027817: chdir_do (misc.c:988)
==646816==    by 0x4028D52: name_next_elt (names.c:1123)
==646816==    by 0x40298EC: name_next (names.c:1152)
==646816==    by 0x401750F: create_archive (create.c:1410)
==646816==    by 0x400CD90: main (tar.c:2818)
==646816== 
==646816== 
==646816== HEAP SUMMARY:
==646816==     in use at exit: 4,382 bytes in 9 blocks
==646816==   total heap usage: 56 allocs, 47 frees, 47,838 bytes allocated
==646816== 
==646816== 5 bytes in 1 blocks are still reachable in loss record 1 of 9
==646816==    at 0x48BD858: malloc (vg_replace_malloc.c:447)
==646816==    by 0x405185D: xmalloc (xmalloc.c:45)
==646816==    by 0x405185D: xmemdup (xmalloc.c:314)
==646816==    by 0x405185D: xstrdup (xmalloc.c:339)
==646816==    by 0x4028D43: name_next_elt (names.c:1123)
==646816==    by 0x40298EC: name_next (names.c:1152)
==646816==    by 0x401750F: create_archive (create.c:1410)
==646816==    by 0x400CD90: main (tar.c:2818)
==646816== 
==646816== 5 bytes in 1 blocks are still reachable in loss record 2 of 9
==646816==    at 0x48BD858: malloc (vg_replace_malloc.c:447)
==646816==    by 0x405185D: xmalloc (xmalloc.c:45)
==646816==    by 0x405185D: xmemdup (xmalloc.c:314)
==646816==    by 0x405185D: xstrdup (xmalloc.c:339)
==646816==    by 0x402644F: assign_string (misc.c:58)
==646816==    by 0x4029612: uid_to_uname (names.c:490)
==646816==    by 0x40155F3: start_header (create.c:931)
==646816==    by 0x4015798: dump_regular_file (create.c:1050)
==646816==    by 0x40165E2: dump_file0 (create.c:1773)
==646816==    by 0x4017589: dump_file (create.c:1968)
==646816==    by 0x4017589: create_archive (create.c:1412)
==646816==    by 0x400CD90: main (tar.c:2818)
==646816== 
==646816== 5 bytes in 1 blocks are still reachable in loss record 3 of 9
==646816==    at 0x48BD858: malloc (vg_replace_malloc.c:447)
==646816==    by 0x405185D: xmalloc (xmalloc.c:45)
==646816==    by 0x405185D: xmemdup (xmalloc.c:314)
==646816==    by 0x405185D: xstrdup (xmalloc.c:339)
==646816==    by 0x402644F: assign_string (misc.c:58)
==646816==    by 0x40296A2: gid_to_gname (names.c:520)
==646816==    by 0x40155DB: start_header (create.c:936)
==646816==    by 0x4015798: dump_regular_file (create.c:1050)
==646816==    by 0x40165E2: dump_file0 (create.c:1773)
==646816==    by 0x4017589: dump_file (create.c:1968)
==646816==    by 0x4017589: create_archive (create.c:1412)
==646816==    by 0x400CD90: main (tar.c:2818)
==646816== 
==646816== 9 bytes in 1 blocks are possibly lost in loss record 4 of 9
==646816==    at 0x48BD858: malloc (vg_replace_malloc.c:447)
==646816==    by 0x405185D: xmalloc (xmalloc.c:45)
==646816==    by 0x405185D: xmemdup (xmalloc.c:314)
==646816==    by 0x405185D: xstrdup (xmalloc.c:339)
==646816==    by 0x4028D43: name_next_elt (names.c:1123)
==646816==    by 0x40298EC: name_next (names.c:1152)
==646816==    by 0x401750F: create_archive (create.c:1410)
==646816==    by 0x400CD90: main (tar.c:2818)
==646816== 
==646816== 16 bytes in 1 blocks are still reachable in loss record 5 of 9
==646816==    at 0x48C4E43: calloc (vg_replace_malloc.c:1678)
==646816==    by 0x40516F1: xcalloc (xmalloc.c:298)
==646816==    by 0x40516F1: xzalloc (xmalloc.c:283)
==646816==    by 0x400BEF9: decode_options (tar.c:2297)
==646816==    by 0x400BEF9: main (tar.c:2792)
==646816== 
==646816== 80 bytes in 1 blocks are still reachable in loss record 6 of 9
==646816==    at 0x48BD858: malloc (vg_replace_malloc.c:447)
==646816==    by 0x40512CC: xmalloc (xmalloc.c:45)
==646816==    by 0x400BE43: main (tar.c:2781)
==646816== 
==646816== 96 bytes in 1 blocks are still reachable in loss record 7 of 9
==646816==    at 0x48C53C0: reallocarray (vg_replace_malloc.c:1806)
==646816==    by 0x405155C: xreallocarray (xmalloc.c:84)
==646816==    by 0x405155C: x2nrealloc (xmalloc.c:203)
==646816==    by 0x4027754: chdir_arg (misc.c:934)
==646816==    by 0x4028D4B: name_next_elt (names.c:1123)
==646816==    by 0x40298EC: name_next (names.c:1152)
==646816==    by 0x401750F: create_archive (create.c:1410)
==646816==    by 0x400CD90: main (tar.c:2818)
==646816== 
==646816== 102 bytes in 1 blocks are still reachable in loss record 8 of 9
==646816==    at 0x48BD858: malloc (vg_replace_malloc.c:447)
==646816==    by 0x40512CC: xmalloc (xmalloc.c:45)
==646816==    by 0x4029881: name_init (names.c:869)
==646816==    by 0x400C94C: main (tar.c:2794)
==646816== 
==646816== 4,064 bytes in 1 blocks are still reachable in loss record 9 of 9
==646816==    at 0x48BD858: malloc (vg_replace_malloc.c:447)
==646816==    by 0x40512CC: xmalloc (xmalloc.c:45)
==646816==    by 0x404A07D: call_chunkfun (obstack.c:88)
==646816==    by 0x404A07D: _obstack_begin_worker.isra.0 (obstack.c:135)
==646816==    by 0x404A0A8: _obstack_begin (obstack.c:157)
==646816==    by 0x4032C57: _transform_name_to_obstack (transform.c:592)
==646816==    by 0x4032C57: transform_name_fp (transform.c:614)
==646816==    by 0x4016444: dump_file0 (create.c:1657)
==646816==    by 0x4017589: dump_file (create.c:1968)
==646816==    by 0x4017589: create_archive (create.c:1412)
==646816==    by 0x400CD90: main (tar.c:2818)
==646816== 
==646816== LEAK SUMMARY:
==646816==    definitely lost: 0 bytes in 0 blocks
==646816==    indirectly lost: 0 bytes in 0 blocks
==646816==      possibly lost: 9 bytes in 1 blocks
==646816==    still reachable: 4,373 bytes in 8 blocks
==646816==         suppressed: 0 bytes in 0 blocks
==646816== 
==646816== For lists of detected and suppressed errors, rerun with: -s
==646816== ERROR SUMMARY: 3 errors from 3 contexts (suppressed: 0 from 0)
