==684317== Memcheck, a memory error detector
==684317== Copyright (C) 2002-2024, and GNU GPL'd, by Julian Seward et al.
==684317== Using Valgrind-3.26.0 and LibVEX; rerun with -h for copyright info
==684317== Command: tar -cf archive.tar foo
==684317== Parent PID: 684313
==684317== 
==684317== 
==684317== FILE DESCRIPTORS: 1 open (1 inherited) at exit.
==684317== 
==684317== HEAP SUMMARY:
==684317==     in use at exit: 4,272 bytes in 6 blocks
==684317==   total heap usage: 58 allocs, 52 frees, 56,355 bytes allocated
==684317== 
==684317== 5 bytes in 1 blocks are still reachable in loss record 1 of 6
==684317==    at 0x586E858: malloc (vg_replace_malloc.c:447)
==684317==    by 0x469E72D: rboxc_tar_xstrdup (in /root/rboxc/target/tar-child-prefix-candidate/release/rboxc)
==684317==    by 0x467000F: rboxc_tar_assign_string (in /root/rboxc/target/tar-child-prefix-candidate/release/rboxc)
==684317==    by 0x46732F2: rboxc_tar_uid_to_uname (in /root/rboxc/target/tar-child-prefix-candidate/release/rboxc)
==684317==    by 0x4662513: rboxc_tar_start_header (in /root/rboxc/target/tar-child-prefix-candidate/release/rboxc)
==684317==    by 0x46626B8: dump_regular_file (in /root/rboxc/target/tar-child-prefix-candidate/release/rboxc)
==684317==    by 0x4663502: dump_file0 (in /root/rboxc/target/tar-child-prefix-candidate/release/rboxc)
==684317==    by 0x46644A9: rboxc_tar_create_archive (in /root/rboxc/target/tar-child-prefix-candidate/release/rboxc)
==684317==    by 0x440EEB8: single_binary_main_tar (in /root/rboxc/target/tar-child-prefix-candidate/release/rboxc)
==684317==    by 0x5A18600: (below main) (libc_start_call_main.h:59)
==684317== 
==684317== 5 bytes in 1 blocks are still reachable in loss record 2 of 6
==684317==    at 0x586E858: malloc (vg_replace_malloc.c:447)
==684317==    by 0x469E72D: rboxc_tar_xstrdup (in /root/rboxc/target/tar-child-prefix-candidate/release/rboxc)
==684317==    by 0x467000F: rboxc_tar_assign_string (in /root/rboxc/target/tar-child-prefix-candidate/release/rboxc)
==684317==    by 0x4673382: rboxc_tar_gid_to_gname (in /root/rboxc/target/tar-child-prefix-candidate/release/rboxc)
==684317==    by 0x46624FB: rboxc_tar_start_header (in /root/rboxc/target/tar-child-prefix-candidate/release/rboxc)
==684317==    by 0x46626B8: dump_regular_file (in /root/rboxc/target/tar-child-prefix-candidate/release/rboxc)
==684317==    by 0x4663502: dump_file0 (in /root/rboxc/target/tar-child-prefix-candidate/release/rboxc)
==684317==    by 0x46644A9: rboxc_tar_create_archive (in /root/rboxc/target/tar-child-prefix-candidate/release/rboxc)
==684317==    by 0x440EEB8: single_binary_main_tar (in /root/rboxc/target/tar-child-prefix-candidate/release/rboxc)
==684317==    by 0x5A18600: (below main) (libc_start_call_main.h:59)
==684317== 
==684317== 16 bytes in 1 blocks are still reachable in loss record 3 of 6
==684317==    at 0x5875E43: calloc (vg_replace_malloc.c:1678)
==684317==    by 0x469E5C1: rboxc_tar_xzalloc (in /root/rboxc/target/tar-child-prefix-candidate/release/rboxc)
==684317==    by 0x440DEB5: single_binary_main_tar (in /root/rboxc/target/tar-child-prefix-candidate/release/rboxc)
==684317==    by 0x5A18600: (below main) (libc_start_call_main.h:59)
==684317== 
==684317== 80 bytes in 1 blocks are still reachable in loss record 4 of 6
==684317==    at 0x586E858: malloc (vg_replace_malloc.c:447)
==684317==    by 0x469E19C: rboxc_tar_xmalloc (in /root/rboxc/target/tar-child-prefix-candidate/release/rboxc)
==684317==    by 0x440DDC0: single_binary_main_tar (in /root/rboxc/target/tar-child-prefix-candidate/release/rboxc)
==684317==    by 0x5A18600: (below main) (libc_start_call_main.h:59)
==684317== 
==684317== 102 bytes in 1 blocks are still reachable in loss record 5 of 6
==684317==    at 0x586E858: malloc (vg_replace_malloc.c:447)
==684317==    by 0x469E19C: rboxc_tar_xmalloc (in /root/rboxc/target/tar-child-prefix-candidate/release/rboxc)
==684317==    by 0x4673561: rboxc_tar_name_init (in /root/rboxc/target/tar-child-prefix-candidate/release/rboxc)
==684317==    by 0x440EE3A: single_binary_main_tar (in /root/rboxc/target/tar-child-prefix-candidate/release/rboxc)
==684317==    by 0x5A18600: (below main) (libc_start_call_main.h:59)
==684317== 
==684317== 4,064 bytes in 1 blocks are still reachable in loss record 6 of 6
==684317==    at 0x586E858: malloc (vg_replace_malloc.c:447)
==684317==    by 0x469E19C: rboxc_tar_xmalloc (in /root/rboxc/target/tar-child-prefix-candidate/release/rboxc)
==684317==    by 0x46960BD: _obstack_begin_worker.isra.0 (in /root/rboxc/target/tar-child-prefix-candidate/release/rboxc)
==684317==    by 0x46960E8: rboxc_tar__obstack_begin (in /root/rboxc/target/tar-child-prefix-candidate/release/rboxc)
==684317==    by 0x4679D97: rboxc_tar_transform_name_fp (in /root/rboxc/target/tar-child-prefix-candidate/release/rboxc)
==684317==    by 0x4663364: dump_file0 (in /root/rboxc/target/tar-child-prefix-candidate/release/rboxc)
==684317==    by 0x46644A9: rboxc_tar_create_archive (in /root/rboxc/target/tar-child-prefix-candidate/release/rboxc)
==684317==    by 0x440EEB8: single_binary_main_tar (in /root/rboxc/target/tar-child-prefix-candidate/release/rboxc)
==684317==    by 0x5A18600: (below main) (libc_start_call_main.h:59)
==684317== 
==684317== LEAK SUMMARY:
==684317==    definitely lost: 0 bytes in 0 blocks
==684317==    indirectly lost: 0 bytes in 0 blocks
==684317==      possibly lost: 0 bytes in 0 blocks
==684317==    still reachable: 4,272 bytes in 6 blocks
==684317==         suppressed: 0 bytes in 0 blocks
==684317== 
==684317== For lists of detected and suppressed errors, rerun with: -s
==684317== ERROR SUMMARY: 0 errors from 0 contexts (suppressed: 0 from 0)
