==743207== Memcheck, a memory error detector
==743207== Copyright (C) 2002-2024, and GNU GPL'd, by Julian Seward et al.
==743207== Using Valgrind-3.26.0 and LibVEX; rerun with -h for copyright info
==743207== Command: gawk -f posix2008sub.awk --posix
==743207== Parent PID: 743206
==743207== 
==743207== 
==743207== FILE DESCRIPTORS: 3 open (3 inherited) at exit.
==743207== 
==743207== HEAP SUMMARY:
==743207==     in use at exit: 39,613 bytes in 404 blocks
==743207==   total heap usage: 603 allocs, 199 frees, 53,733 bytes allocated
==743207== 
==743207== 1 bytes in 1 blocks are still reachable in loss record 1 of 114
==743207==    at 0x497D858: malloc (vg_replace_malloc.c:447)
==743207==    by 0x4066564: emalloc_real (awk.h:2156)
==743207==    by 0x4066564: estrdup (main.c:1451)
==743207==    by 0x400D434: init_locale (main.c:1476)
==743207==    by 0x400D434: set_locale_stuff (main.c:1849)
==743207==    by 0x400D434: main (main.c:254)
==743207== 
==743207== 1 bytes in 1 blocks are still reachable in loss record 2 of 114
==743207==    at 0x497D858: malloc (vg_replace_malloc.c:447)
==743207==    by 0x4066564: emalloc_real (awk.h:2156)
==743207==    by 0x4066564: estrdup (main.c:1451)
==743207==    by 0x400D469: init_locale (main.c:1478)
==743207==    by 0x400D469: set_locale_stuff (main.c:1849)
==743207==    by 0x400D469: main (main.c:254)
==743207== 
==743207== 1 bytes in 1 blocks are still reachable in loss record 3 of 114
==743207==    at 0x497D858: malloc (vg_replace_malloc.c:447)
==743207==    by 0x4066564: emalloc_real (awk.h:2156)
==743207==    by 0x4066564: estrdup (main.c:1451)
==743207==    by 0x400D485: init_locale (main.c:1479)
==743207==    by 0x400D485: set_locale_stuff (main.c:1849)
==743207==    by 0x400D485: main (main.c:254)
==743207== 
==743207== 1 bytes in 1 blocks are still reachable in loss record 4 of 114
==743207==    at 0x497D858: malloc (vg_replace_malloc.c:447)
==743207==    by 0x4066564: emalloc_real (awk.h:2156)
==743207==    by 0x4066564: estrdup (main.c:1451)
==743207==    by 0x400D4A1: init_locale (main.c:1480)
==743207==    by 0x400D4A1: set_locale_stuff (main.c:1849)
==743207==    by 0x400D4A1: main (main.c:254)
==743207== 
==743207== 1 bytes in 1 blocks are still reachable in loss record 5 of 114
==743207==    at 0x497D858: malloc (vg_replace_malloc.c:447)
==743207==    by 0x4066564: emalloc_real (awk.h:2156)
==743207==    by 0x4066564: estrdup (main.c:1451)
==743207==    by 0x400D4BD: init_locale (main.c:1481)
==743207==    by 0x400D4BD: set_locale_stuff (main.c:1849)
==743207==    by 0x400D4BD: main (main.c:254)
==743207== 
==743207== 1 bytes in 1 blocks are still reachable in loss record 6 of 114
==743207==    at 0x497D858: malloc (vg_replace_malloc.c:447)
==743207==    by 0x4066564: emalloc_real (awk.h:2156)
==743207==    by 0x4066564: estrdup (main.c:1451)
==743207==    by 0x400D4D9: init_locale (main.c:1482)
==743207==    by 0x400D4D9: set_locale_stuff (main.c:1849)
==743207==    by 0x400D4D9: main (main.c:254)
==743207== 
==743207== 1 bytes in 1 blocks are still reachable in loss record 7 of 114
==743207==    at 0x497D858: malloc (vg_replace_malloc.c:447)
==743207==    by 0x4066564: emalloc_real (awk.h:2156)
==743207==    by 0x4066564: estrdup (main.c:1451)
==743207==    by 0x400D4F5: init_locale (main.c:1483)
==743207==    by 0x400D4F5: set_locale_stuff (main.c:1849)
==743207==    by 0x400D4F5: main (main.c:254)
==743207== 
==743207== 1 bytes in 1 blocks are still reachable in loss record 8 of 114
==743207==    at 0x497D858: malloc (vg_replace_malloc.c:447)
==743207==    by 0x4066564: emalloc_real (awk.h:2156)
==743207==    by 0x4066564: estrdup (main.c:1451)
==743207==    by 0x400D511: init_locale (main.c:1484)
==743207==    by 0x400D511: set_locale_stuff (main.c:1849)
==743207==    by 0x400D511: main (main.c:254)
==743207== 
==743207== 1 bytes in 1 blocks are still reachable in loss record 9 of 114
==743207==    at 0x497D858: malloc (vg_replace_malloc.c:447)
==743207==    by 0x4066564: emalloc_real (awk.h:2156)
==743207==    by 0x4066564: estrdup (main.c:1451)
==743207==    by 0x400D52D: init_locale (main.c:1485)
==743207==    by 0x400D52D: set_locale_stuff (main.c:1849)
==743207==    by 0x400D52D: main (main.c:254)
==743207== 
==743207== 1 bytes in 1 blocks are still reachable in loss record 10 of 114
==743207==    at 0x497D858: malloc (vg_replace_malloc.c:447)
==743207==    by 0x4069457: emalloc_real (awk.h:2156)
==743207==    by 0x4069457: make_str_node (node.c:422)
==743207==    by 0x400D5C7: main (main.c:278)
==743207== 
==743207== 1 bytes in 1 blocks are still reachable in loss record 11 of 114
==743207==    at 0x497D858: malloc (vg_replace_malloc.c:447)
==743207==    by 0x4069457: emalloc_real (awk.h:2156)
==743207==    by 0x4069457: make_str_node (node.c:422)
==743207==    by 0x4055395: init_fields (field.c:105)
==743207==    by 0x400E1A4: main (main.c:410)
==743207== 
==743207== 1 bytes in 1 blocks are still reachable in loss record 12 of 114
==743207==    at 0x497D858: malloc (vg_replace_malloc.c:447)
==743207==    by 0x4069457: emalloc_real (awk.h:2156)
==743207==    by 0x4069457: make_str_node (node.c:422)
==743207==    by 0x40553E0: init_fields (field.c:111)
==743207==    by 0x400E1A4: main (main.c:410)
==743207== 
==743207== 2 bytes in 1 blocks are still reachable in loss record 13 of 114
==743207==    at 0x497D858: malloc (vg_replace_malloc.c:447)
==743207==    by 0x4066564: emalloc_real (awk.h:2156)
==743207==    by 0x4066564: estrdup (main.c:1451)
==743207==    by 0x400D44E: init_locale (main.c:1477)
==743207==    by 0x400D44E: set_locale_stuff (main.c:1849)
==743207==    by 0x400D44E: main (main.c:254)
==743207== 
==743207== 2 bytes in 1 blocks are still reachable in loss record 14 of 114
==743207==    at 0x497D858: malloc (vg_replace_malloc.c:447)
==743207==    by 0x4046CFF: emalloc_real (awk.h:2156)
==743207==    by 0x4046CFF: set_OFS (eval.c:839)
==743207==    by 0x400D9A3: init_vars (main.c:873)
==743207==    by 0x400D9A3: main (main.c:403)
==743207== 
==743207== 5 bytes in 1 blocks are still reachable in loss record 15 of 114
==743207==    at 0x497D858: malloc (vg_replace_malloc.c:447)
==743207==    by 0x4066564: emalloc_real (awk.h:2156)
==743207==    by 0x4066564: estrdup (main.c:1451)
==743207==    by 0x400E407: init_args (main.c:764)
==743207==    by 0x400E407: main (main.c:470)
==743207== 
==743207== 5 bytes in 1 blocks are still reachable in loss record 16 of 114
==743207==    at 0x497D858: malloc (vg_replace_malloc.c:447)
==743207==    by 0x4069457: emalloc_real (awk.h:2156)
==743207==    by 0x4069457: make_str_node (node.c:422)
==743207==    by 0x4077055: install (symbol.c:399)
==743207==    by 0x400E414: init_args (main.c:764)
==743207==    by 0x400E414: main (main.c:470)
==743207== 
==743207== 5 bytes in 1 blocks are still reachable in loss record 17 of 114
==743207==    at 0x497D858: malloc (vg_replace_malloc.c:447)
==743207==    by 0x4069457: emalloc_real (awk.h:2156)
==743207==    by 0x4069457: make_str_node (node.c:422)
==743207==    by 0x400E43D: init_args (main.c:766)
==743207==    by 0x400E43D: main (main.c:470)
==743207== 
==743207== 5 bytes in 1 blocks are still reachable in loss record 18 of 114
==743207==    at 0x497D858: malloc (vg_replace_malloc.c:447)
==743207==    by 0x4066564: emalloc_real (awk.h:2156)
==743207==    by 0x4066564: estrdup (main.c:1451)
==743207==    by 0x400EA83: init_args (main.c:791)
==743207==    by 0x400EA83: main (main.c:470)
==743207== 
==743207== 5 bytes in 1 blocks are still reachable in loss record 19 of 114
==743207==    at 0x497D858: malloc (vg_replace_malloc.c:447)
==743207==    by 0x4069457: emalloc_real (awk.h:2156)
==743207==    by 0x4069457: make_str_node (node.c:422)
==743207==    by 0x4077055: install (symbol.c:399)
==743207==    by 0x400EA90: init_args (main.c:791)
==743207==    by 0x400EA90: main (main.c:470)
==743207== 
==743207== 5 bytes in 1 blocks are still reachable in loss record 20 of 114
==743207==    at 0x497D858: malloc (vg_replace_malloc.c:447)
==743207==    by 0x4066564: emalloc_real (awk.h:2156)
==743207==    by 0x4066564: estrdup (main.c:1451)
==743207==    by 0x4019CDE: yylex (awkgram.y:3684)
==743207==    by 0x401C83C: yyparse (awkgram.c:1879)
==743207==    by 0x402073A: parse_program (awkgram.y:2797)
==743207==    by 0x400EAD8: main (main.c:483)
==743207== 
==743207== 5 bytes in 1 blocks are still reachable in loss record 21 of 114
==743207==    at 0x497D858: malloc (vg_replace_malloc.c:447)
==743207==    by 0x4074886: emalloc_real (awk.h:2156)
==743207==    by 0x4074886: make_regexp (re.c:98)
==743207==    by 0x40195EB: make_regnode (awkgram.y:5306)
==743207==    by 0x401D996: yyparse (awkgram.y:584)
==743207==    by 0x402073A: parse_program (awkgram.y:2797)
==743207==    by 0x400EAD8: main (main.c:483)
==743207== 
==743207== 7 bytes in 1 blocks are still reachable in loss record 22 of 114
==743207==    at 0x497D858: malloc (vg_replace_malloc.c:447)
==743207==    by 0x4066564: emalloc_real (awk.h:2156)
==743207==    by 0x4066564: estrdup (main.c:1451)
==743207==    by 0x4077381: init_the_tables (symbol.c:78)
==743207==    by 0x400D60A: main (main.c:287)
==743207== 
==743207== 7 bytes in 1 blocks are still reachable in loss record 23 of 114
==743207==    at 0x497D858: malloc (vg_replace_malloc.c:447)
==743207==    by 0x4069457: emalloc_real (awk.h:2156)
==743207==    by 0x4069457: make_str_node (node.c:422)
==743207==    by 0x4077055: install (symbol.c:399)
==743207==    by 0x4077390: install_symbol (symbol.c:173)
==743207==    by 0x4077390: init_the_tables (symbol.c:78)
==743207==    by 0x400D60A: main (main.c:287)
==743207== 
==743207== 8 bytes in 1 blocks are still reachable in loss record 24 of 114
==743207==    at 0x497D858: malloc (vg_replace_malloc.c:447)
==743207==    by 0x4066564: emalloc_real (awk.h:2156)
==743207==    by 0x4066564: estrdup (main.c:1451)
==743207==    by 0x407735A: init_the_tables (symbol.c:77)
==743207==    by 0x400D60A: main (main.c:287)
==743207== 
==743207== 8 bytes in 1 blocks are still reachable in loss record 25 of 114
==743207==    at 0x497D858: malloc (vg_replace_malloc.c:447)
==743207==    by 0x4069457: emalloc_real (awk.h:2156)
==743207==    by 0x4069457: make_str_node (node.c:422)
==743207==    by 0x4077055: install (symbol.c:399)
==743207==    by 0x4077369: install_symbol (symbol.c:173)
==743207==    by 0x4077369: init_the_tables (symbol.c:77)
==743207==    by 0x400D60A: main (main.c:287)
==743207== 
==743207== 8 bytes in 1 blocks are still reachable in loss record 26 of 114
==743207==    at 0x497D858: malloc (vg_replace_malloc.c:447)
==743207==    by 0x4066564: emalloc_real (awk.h:2156)
==743207==    by 0x4066564: estrdup (main.c:1451)
==743207==    by 0x400E02B: load_environ (main.c:930)
==743207==    by 0x400E02B: init_vars (main.c:879)
==743207==    by 0x400E02B: main (main.c:403)
==743207== 
==743207== 8 bytes in 1 blocks are still reachable in loss record 27 of 114
==743207==    at 0x497D858: malloc (vg_replace_malloc.c:447)
==743207==    by 0x4069457: emalloc_real (awk.h:2156)
==743207==    by 0x4069457: make_str_node (node.c:422)
==743207==    by 0x4077055: install (symbol.c:399)
==743207==    by 0x400E038: load_environ (main.c:930)
==743207==    by 0x400E038: init_vars (main.c:879)
==743207==    by 0x400E038: main (main.c:403)
==743207== 
==743207== 8 bytes in 1 blocks are still reachable in loss record 28 of 114
==743207==    at 0x497D858: malloc (vg_replace_malloc.c:447)
==743207==    by 0x4055372: emalloc_real (awk.h:2156)
==743207==    by 0x4055372: init_fields (field.c:103)
==743207==    by 0x400E1A4: main (main.c:410)
==743207== 
==743207== 8 bytes in 1 blocks are still reachable in loss record 29 of 114
==743207==    at 0x497D858: malloc (vg_replace_malloc.c:447)
==743207==    by 0x4086EBA: firstclosure (minrx.c:1834)
==743207==    by 0x4086EBA: compile.constprop.0 (minrx.c:1923)
==743207==    by 0x4089B38: minrx_regncomp (minrx.c:2490)
==743207==    by 0x407427D: make_regexp (re.c:355)
==743207==    by 0x40195EB: make_regnode (awkgram.y:5306)
==743207==    by 0x401D996: yyparse (awkgram.y:584)
==743207==    by 0x402073A: parse_program (awkgram.y:2797)
==743207==    by 0x400EAD8: main (main.c:483)
==743207== 
==743207== 10 bytes in 2 blocks are still reachable in loss record 30 of 114
==743207==    at 0x497D858: malloc (vg_replace_malloc.c:447)
==743207==    by 0x4066564: emalloc_real (awk.h:2156)
==743207==    by 0x4066564: estrdup (main.c:1451)
==743207==    by 0x401A0B8: yylex (awkgram.y:4495)
==743207==    by 0x401C83C: yyparse (awkgram.c:1879)
==743207==    by 0x402073A: parse_program (awkgram.y:2797)
==743207==    by 0x400EAD8: main (main.c:483)
==743207== 
==743207== 10 bytes in 2 blocks are still reachable in loss record 31 of 114
==743207==    at 0x497D858: malloc (vg_replace_malloc.c:447)
==743207==    by 0x4069457: emalloc_real (awk.h:2156)
==743207==    by 0x4069457: make_str_node (node.c:422)
==743207==    by 0x4077055: install (symbol.c:399)
==743207==    by 0x401CA63: yyparse (awkgram.y:2148)
==743207==    by 0x402073A: parse_program (awkgram.y:2797)
==743207==    by 0x400EAD8: main (main.c:483)
==743207== 
==743207== 16 bytes in 1 blocks are still reachable in loss record 32 of 114
==743207==    at 0x497D858: malloc (vg_replace_malloc.c:447)
==743207==    by 0x407474B: emalloc_real (awk.h:2156)
==743207==    by 0x407474B: make_regexp (re.c:370)
==743207==    by 0x40195EB: make_regnode (awkgram.y:5306)
==743207==    by 0x401D996: yyparse (awkgram.y:584)
==743207==    by 0x402073A: parse_program (awkgram.y:2797)
==743207==    by 0x400EAD8: main (main.c:483)
==743207== 
==743207== 17 bytes in 1 blocks are still reachable in loss record 33 of 114
==743207==    at 0x497D858: malloc (vg_replace_malloc.c:447)
==743207==    by 0x4066564: emalloc_real (awk.h:2156)
==743207==    by 0x4066564: estrdup (main.c:1451)
==743207==    by 0x4014A21: do_add_srcfile (awkgram.y:2834)
==743207==    by 0x4018A70: add_srcfile (awkgram.y:2916)
==743207==    by 0x400D7E5: parse_args (main.c:1585)
==743207==    by 0x400D7E5: main (main.c:294)
==743207== 
==743207== 18 bytes in 1 blocks are still reachable in loss record 34 of 114
==743207==    at 0x497D858: malloc (vg_replace_malloc.c:447)
==743207==    by 0x4069457: emalloc_real (awk.h:2156)
==743207==    by 0x4069457: make_str_node (node.c:422)
==743207==    by 0x401B194: yylex (awkgram.y:4074)
==743207==    by 0x401C83C: yyparse (awkgram.c:1879)
==743207==    by 0x402073A: parse_program (awkgram.y:2797)
==743207==    by 0x400EAD8: main (main.c:483)
==743207== 
==743207== 21 bytes in 8 blocks are still reachable in loss record 35 of 114
==743207==    at 0x497D858: malloc (vg_replace_malloc.c:447)
==743207==    by 0x4069457: emalloc_real (awk.h:2156)
==743207==    by 0x4069457: make_str_node (node.c:422)
==743207==    by 0x400D984: init_vars (main.c:867)
==743207==    by 0x400D984: main (main.c:403)
==743207== 
==743207== 24 bytes in 1 blocks are still reachable in loss record 36 of 114
==743207==    at 0x4984E43: calloc (vg_replace_malloc.c:1678)
==743207==    by 0x405E8B2: ezalloc_real (awk.h:2174)
==743207==    by 0x405E8B2: init_awkpath (io.c:2996)
==743207==    by 0x405E8B2: do_find_source (io.c:3068)
==743207==    by 0x4065061: find_source (io.c:3098)
==743207==    by 0x40189F8: add_srcfile (awkgram.y:2864)
==743207==    by 0x400D7E5: parse_args (main.c:1585)
==743207==    by 0x400D7E5: main (main.c:294)
==743207== 
==743207== 26 bytes in 1 blocks are still reachable in loss record 37 of 114
==743207==    at 0x497D858: malloc (vg_replace_malloc.c:447)
==743207==    by 0x405E9A7: emalloc_real (awk.h:2156)
==743207==    by 0x405E9A7: init_awkpath (io.c:3026)
==743207==    by 0x405E9A7: do_find_source (io.c:3068)
==743207==    by 0x4065061: find_source (io.c:3098)
==743207==    by 0x40189F8: add_srcfile (awkgram.y:2864)
==743207==    by 0x400D7E5: parse_args (main.c:1585)
==743207==    by 0x400D7E5: main (main.c:294)
==743207== 
==743207== 32 bytes in 1 blocks are still reachable in loss record 38 of 114
==743207==    at 0x497D858: malloc (vg_replace_malloc.c:447)
==743207==    by 0x4045E57: emalloc_real (awk.h:2156)
==743207==    by 0x4045E57: fmt_index (eval.c:913)
==743207==    by 0x4046F46: set_CONVFMT (eval.c:956)
==743207==    by 0x400D9A3: init_vars (main.c:873)
==743207==    by 0x400D9A3: main (main.c:403)
==743207== 
==743207== 33 bytes in 4 blocks are still reachable in loss record 39 of 114
==743207==    at 0x497D858: malloc (vg_replace_malloc.c:447)
==743207==    by 0x4066564: emalloc_real (awk.h:2156)
==743207==    by 0x4066564: estrdup (main.c:1451)
==743207==    by 0x400D69D: save_argv (main.c:1498)
==743207==    by 0x400D69D: parse_args (main.c:1554)
==743207==    by 0x400D69D: main (main.c:294)
==743207== 
==743207== 40 bytes in 1 blocks are still reachable in loss record 40 of 114
==743207==    at 0x497D858: malloc (vg_replace_malloc.c:447)
==743207==    by 0x4066202: emalloc_real.constprop.0 (awk.h:2156)
==743207==    by 0x400D66C: save_argv (main.c:1496)
==743207==    by 0x400D66C: parse_args (main.c:1554)
==743207==    by 0x400D66C: main (main.c:294)
==743207== 
==743207== 40 bytes in 1 blocks are still reachable in loss record 41 of 114
==743207==    at 0x497D858: malloc (vg_replace_malloc.c:447)
==743207==    by 0x4082059: add_char_to_set (charset.c:3407)
==743207==    by 0x4082C22: charset_add_char.part.0 (charset.c:9054)
==743207==    by 0x4086F77: charset_add_char (charset.c:9051)
==743207==    by 0x4086F77: cset_set (minrx.c:928)
==743207==    by 0x4086F77: firstclosure (minrx.c:1841)
==743207==    by 0x4086F77: compile.constprop.0 (minrx.c:1923)
==743207==    by 0x4089B38: minrx_regncomp (minrx.c:2490)
==743207==    by 0x407427D: make_regexp (re.c:355)
==743207==    by 0x40195EB: make_regnode (awkgram.y:5306)
==743207==    by 0x401D996: yyparse (awkgram.y:584)
==743207==    by 0x402073A: parse_program (awkgram.y:2797)
==743207==    by 0x400EAD8: main (main.c:483)
==743207== 
==743207== 40 bytes in 1 blocks are still reachable in loss record 42 of 114
==743207==    at 0x497D858: malloc (vg_replace_malloc.c:447)
==743207==    by 0x4020D1E: emalloc_real (awk.h:2156)
==743207==    by 0x4020D1E: parse_program (awkgram.y:2810)
==743207==    by 0x400EAD8: main (main.c:483)
==743207== 
==743207== 42 bytes in 1 blocks are still reachable in loss record 43 of 114
==743207==    at 0x497D858: malloc (vg_replace_malloc.c:447)
==743207==    by 0x405E673: emalloc_real (awk.h:2156)
==743207==    by 0x405E673: do_find_source (io.c:3070)
==743207==    by 0x4065061: find_source (io.c:3098)
==743207==    by 0x40189F8: add_srcfile (awkgram.y:2864)
==743207==    by 0x400D7E5: parse_args (main.c:1585)
==743207==    by 0x400D7E5: main (main.c:294)
==743207== 
==743207== 48 bytes in 1 blocks are still reachable in loss record 44 of 114
==743207==    at 0x497D858: malloc (vg_replace_malloc.c:447)
==743207==    by 0x4068FEB: emalloc_real (awk.h:2156)
==743207==    by 0x4068FEB: r_getblock (node.c:1164)
==743207==    by 0x40768D9: str_lookup (str_array.c:214)
==743207==    by 0x407708C: assoc_set (awk.h:2220)
==743207==    by 0x407708C: install (symbol.c:430)
==743207==    by 0x4077369: install_symbol (symbol.c:173)
==743207==    by 0x4077369: init_the_tables (symbol.c:77)
==743207==    by 0x400D60A: main (main.c:287)
==743207== 
==743207== 48 bytes in 1 blocks are still reachable in loss record 45 of 114
==743207==    at 0x497D858: malloc (vg_replace_malloc.c:447)
==743207==    by 0x4068FEB: emalloc_real (awk.h:2156)
==743207==    by 0x4068FEB: r_getblock (node.c:1164)
==743207==    by 0x40768D9: str_lookup (str_array.c:214)
==743207==    by 0x407708C: assoc_set (awk.h:2220)
==743207==    by 0x407708C: install (symbol.c:430)
==743207==    by 0x4077390: install_symbol (symbol.c:173)
==743207==    by 0x4077390: init_the_tables (symbol.c:78)
==743207==    by 0x400D60A: main (main.c:287)
==743207== 
==743207== 48 bytes in 1 blocks are still reachable in loss record 46 of 114
==743207==    at 0x497D858: malloc (vg_replace_malloc.c:447)
==743207==    by 0x4068FEB: emalloc_real (awk.h:2156)
==743207==    by 0x4068FEB: r_getblock (node.c:1164)
==743207==    by 0x40768D9: str_lookup (str_array.c:214)
==743207==    by 0x407708C: assoc_set (awk.h:2220)
==743207==    by 0x407708C: install (symbol.c:430)
==743207==    by 0x400E038: load_environ (main.c:930)
==743207==    by 0x400E038: init_vars (main.c:879)
==743207==    by 0x400E038: main (main.c:403)
==743207== 
==743207== 48 bytes in 1 blocks are still reachable in loss record 47 of 114
==743207==    at 0x497D858: malloc (vg_replace_malloc.c:447)
==743207==    by 0x4068FEB: emalloc_real (awk.h:2156)
==743207==    by 0x4068FEB: r_getblock (node.c:1164)
==743207==    by 0x40768D9: str_lookup (str_array.c:214)
==743207==    by 0x407708C: assoc_set (awk.h:2220)
==743207==    by 0x407708C: install (symbol.c:430)
==743207==    by 0x400E414: init_args (main.c:764)
==743207==    by 0x400E414: main (main.c:470)
==743207== 
==743207== 48 bytes in 1 blocks are still reachable in loss record 48 of 114
==743207==    at 0x497D858: malloc (vg_replace_malloc.c:447)
==743207==    by 0x4068FEB: emalloc_real (awk.h:2156)
==743207==    by 0x4068FEB: r_getblock (node.c:1164)
==743207==    by 0x40768D9: str_lookup (str_array.c:214)
==743207==    by 0x407708C: assoc_set (awk.h:2220)
==743207==    by 0x407708C: install (symbol.c:430)
==743207==    by 0x400EA90: init_args (main.c:791)
==743207==    by 0x400EA90: main (main.c:470)
==743207== 
==743207== 60 bytes in 1 blocks are still reachable in loss record 49 of 114
==743207==    at 0x497D858: malloc (vg_replace_malloc.c:447)
==743207==    by 0x4014E9C: emalloc_real (awk.h:2156)
==743207==    by 0x4014E9C: tokexpand (awkgram.y:3294)
==743207==    by 0x4020FE6: parse_program (awkgram.y:2795)
==743207==    by 0x400EAD8: main (main.c:483)
==743207== 
==743207== 64 bytes in 1 blocks are still reachable in loss record 50 of 114
==743207==    at 0x497D858: malloc (vg_replace_malloc.c:447)
==743207==    by 0x4086F0A: charset_create (charset.c:9027)
==743207==    by 0x4086F0A: cset_construct (minrx.c:883)
==743207==    by 0x4086F0A: firstclosure (minrx.c:1836)
==743207==    by 0x4086F0A: compile.constprop.0 (minrx.c:1923)
==743207==    by 0x4089B38: minrx_regncomp (minrx.c:2490)
==743207==    by 0x407427D: make_regexp (re.c:355)
==743207==    by 0x40195EB: make_regnode (awkgram.y:5306)
==743207==    by 0x401D996: yyparse (awkgram.y:584)
==743207==    by 0x402073A: parse_program (awkgram.y:2797)
==743207==    by 0x400EAD8: main (main.c:483)
==743207== 
==743207== 68 bytes in 13 blocks are still reachable in loss record 51 of 114
==743207==    at 0x497D858: malloc (vg_replace_malloc.c:447)
==743207==    by 0x4066564: emalloc_real (awk.h:2156)
==743207==    by 0x4066564: estrdup (main.c:1451)
==743207==    by 0x400D9F0: init_vars (main.c:865)
==743207==    by 0x400D9F0: main (main.c:403)
==743207== 
==743207== 68 bytes in 13 blocks are still reachable in loss record 52 of 114
==743207==    at 0x497D858: malloc (vg_replace_malloc.c:447)
==743207==    by 0x4069457: emalloc_real (awk.h:2156)
==743207==    by 0x4069457: make_str_node (node.c:422)
==743207==    by 0x4077055: install (symbol.c:399)
==743207==    by 0x400DA01: init_vars (main.c:865)
==743207==    by 0x400DA01: main (main.c:403)
==743207== 
==743207== 72 bytes in 3 blocks are still reachable in loss record 53 of 114
==743207==    at 0x498507F: realloc (vg_replace_malloc.c:1804)
==743207==    by 0x406956E: erealloc_real (awk.h:2192)
==743207==    by 0x406956E: make_str_node (node.c:494)
==743207==    by 0x401B194: yylex (awkgram.y:4074)
==743207==    by 0x401C83C: yyparse (awkgram.c:1879)
==743207==    by 0x402073A: parse_program (awkgram.y:2797)
==743207==    by 0x400EAD8: main (main.c:483)
==743207== 
==743207== 80 bytes in 1 blocks are still reachable in loss record 54 of 114
==743207==    at 0x497D858: malloc (vg_replace_malloc.c:447)
==743207==    by 0x4082141: add_range_to_set (charset.c:3438)
==743207==    by 0x408269F: charset_finalize (charset.c:8983)
==743207==    by 0x4087709: charset_firstbytes (charset.c:9475)
==743207==    by 0x4087709: cset_firstbytes (minrx.c:1060)
==743207==    by 0x4087709: firstbytes (minrx.c:1859)
==743207==    by 0x4087709: compile.constprop.0 (minrx.c:1924)
==743207==    by 0x4089B38: minrx_regncomp (minrx.c:2490)
==743207==    by 0x407427D: make_regexp (re.c:355)
==743207==    by 0x40195EB: make_regnode (awkgram.y:5306)
==743207==    by 0x401D996: yyparse (awkgram.y:584)
==743207==    by 0x402073A: parse_program (awkgram.y:2797)
==743207==    by 0x400EAD8: main (main.c:483)
==743207== 
==743207== 85 bytes in 1 blocks are still reachable in loss record 55 of 114
==743207==    at 0x497D858: malloc (vg_replace_malloc.c:447)
==743207==    by 0x4029581: emalloc_real (awk.h:2156)
==743207==    by 0x4029581: do_sub (builtin.c:1963)
==743207==    by 0x404FD01: r_interpret (interpret.h:1161)
==743207==    by 0x400EDDE: main (main.c:532)
==743207== 
==743207== 88 bytes in 1 blocks are still reachable in loss record 56 of 114
==743207==    at 0x497D858: malloc (vg_replace_malloc.c:447)
==743207==    by 0x4068FEB: emalloc_real (awk.h:2156)
==743207==    by 0x4068FEB: r_getblock (node.c:1164)
==743207==    by 0x40693C1: make_str_node (node.c:406)
==743207==    by 0x400D5C7: main (main.c:278)
==743207== 
==743207== 88 bytes in 1 blocks are still reachable in loss record 57 of 114
==743207==    at 0x497D858: malloc (vg_replace_malloc.c:447)
==743207==    by 0x4068FEB: emalloc_real (awk.h:2156)
==743207==    by 0x4068FEB: r_getblock (node.c:1164)
==743207==    by 0x40772C7: init_the_tables (symbol.c:68)
==743207==    by 0x400D60A: main (main.c:287)
==743207== 
==743207== 88 bytes in 1 blocks are still reachable in loss record 58 of 114
==743207==    at 0x497D858: malloc (vg_replace_malloc.c:447)
==743207==    by 0x4068FEB: emalloc_real (awk.h:2156)
==743207==    by 0x4068FEB: r_getblock (node.c:1164)
==743207==    by 0x4077308: init_the_tables (symbol.c:72)
==743207==    by 0x400D60A: main (main.c:287)
==743207== 
==743207== 88 bytes in 1 blocks are still reachable in loss record 59 of 114
==743207==    at 0x497D858: malloc (vg_replace_malloc.c:447)
==743207==    by 0x4068FEB: emalloc_real (awk.h:2156)
==743207==    by 0x4068FEB: r_getblock (node.c:1164)
==743207==    by 0x40693C1: make_str_node (node.c:406)
==743207==    by 0x4077055: install (symbol.c:399)
==743207==    by 0x4077369: install_symbol (symbol.c:173)
==743207==    by 0x4077369: init_the_tables (symbol.c:77)
==743207==    by 0x400D60A: main (main.c:287)
==743207== 
==743207== 88 bytes in 1 blocks are still reachable in loss record 60 of 114
==743207==    at 0x497D858: malloc (vg_replace_malloc.c:447)
==743207==    by 0x4068FEB: emalloc_real (awk.h:2156)
==743207==    by 0x4068FEB: r_getblock (node.c:1164)
==743207==    by 0x4077133: make_symbol (symbol.c:376)
==743207==    by 0x4077133: install (symbol.c:417)
==743207==    by 0x4077369: install_symbol (symbol.c:173)
==743207==    by 0x4077369: init_the_tables (symbol.c:77)
==743207==    by 0x400D60A: main (main.c:287)
==743207== 
==743207== 88 bytes in 1 blocks are still reachable in loss record 61 of 114
==743207==    at 0x497D858: malloc (vg_replace_malloc.c:447)
==743207==    by 0x4068FEB: emalloc_real (awk.h:2156)
==743207==    by 0x4068FEB: r_getblock (node.c:1164)
==743207==    by 0x40693C1: make_str_node (node.c:406)
==743207==    by 0x4077055: install (symbol.c:399)
==743207==    by 0x4077390: install_symbol (symbol.c:173)
==743207==    by 0x4077390: init_the_tables (symbol.c:78)
==743207==    by 0x400D60A: main (main.c:287)
==743207== 
==743207== 88 bytes in 1 blocks are still reachable in loss record 62 of 114
==743207==    at 0x497D858: malloc (vg_replace_malloc.c:447)
==743207==    by 0x4068FEB: emalloc_real (awk.h:2156)
==743207==    by 0x4068FEB: r_getblock (node.c:1164)
==743207==    by 0x4077133: make_symbol (symbol.c:376)
==743207==    by 0x4077133: install (symbol.c:417)
==743207==    by 0x4077390: install_symbol (symbol.c:173)
==743207==    by 0x4077390: init_the_tables (symbol.c:78)
==743207==    by 0x400D60A: main (main.c:287)
==743207== 
==743207== 88 bytes in 1 blocks are still reachable in loss record 63 of 114
==743207==    at 0x497D858: malloc (vg_replace_malloc.c:447)
==743207==    by 0x4068FEB: emalloc_real (awk.h:2156)
==743207==    by 0x4068FEB: r_getblock (node.c:1164)
==743207==    by 0x40693C1: make_str_node (node.c:406)
==743207==    by 0x4077055: install (symbol.c:399)
==743207==    by 0x400E038: load_environ (main.c:930)
==743207==    by 0x400E038: init_vars (main.c:879)
==743207==    by 0x400E038: main (main.c:403)
==743207== 
==743207== 88 bytes in 1 blocks are still reachable in loss record 64 of 114
==743207==    at 0x497D858: malloc (vg_replace_malloc.c:447)
==743207==    by 0x4068FEB: emalloc_real (awk.h:2156)
==743207==    by 0x4068FEB: r_getblock (node.c:1164)
==743207==    by 0x4077133: make_symbol (symbol.c:376)
==743207==    by 0x4077133: install (symbol.c:417)
==743207==    by 0x400E038: load_environ (main.c:930)
==743207==    by 0x400E038: init_vars (main.c:879)
==743207==    by 0x400E038: main (main.c:403)
==743207== 
==743207== 88 bytes in 1 blocks are still reachable in loss record 65 of 114
==743207==    at 0x497D858: malloc (vg_replace_malloc.c:447)
==743207==    by 0x4068FEB: emalloc_real (awk.h:2156)
==743207==    by 0x4068FEB: r_getblock (node.c:1164)
==743207==    by 0x40693C1: make_str_node (node.c:406)
==743207==    by 0x4055395: init_fields (field.c:105)
==743207==    by 0x400E1A4: main (main.c:410)
==743207== 
==743207== 88 bytes in 1 blocks are still reachable in loss record 66 of 114
==743207==    at 0x497D858: malloc (vg_replace_malloc.c:447)
==743207==    by 0x4068FEB: emalloc_real (awk.h:2156)
==743207==    by 0x4068FEB: r_getblock (node.c:1164)
==743207==    by 0x40693C1: make_str_node (node.c:406)
==743207==    by 0x40553E0: init_fields (field.c:111)
==743207==    by 0x400E1A4: main (main.c:410)
==743207== 
==743207== 88 bytes in 1 blocks are still reachable in loss record 67 of 114
==743207==    at 0x497D858: malloc (vg_replace_malloc.c:447)
==743207==    by 0x4068FEB: emalloc_real (awk.h:2156)
==743207==    by 0x4068FEB: r_getblock (node.c:1164)
==743207==    by 0x4048A91: init_interpret (eval.c:1902)
==743207==    by 0x400E3D5: main (main.c:468)
==743207== 
==743207== 88 bytes in 1 blocks are still reachable in loss record 68 of 114
==743207==    at 0x497D858: malloc (vg_replace_malloc.c:447)
==743207==    by 0x4068FEB: emalloc_real (awk.h:2156)
==743207==    by 0x4068FEB: r_getblock (node.c:1164)
==743207==    by 0x4069930: make_number_node (awk.h:2206)
==743207==    by 0x4069930: r_make_number (node.c:369)
==743207==    by 0x4048AE5: init_interpret (eval.c:1910)
==743207==    by 0x400E3D5: main (main.c:468)
==743207== 
==743207== 88 bytes in 1 blocks are still reachable in loss record 69 of 114
==743207==    at 0x497D858: malloc (vg_replace_malloc.c:447)
==743207==    by 0x4068FEB: emalloc_real (awk.h:2156)
==743207==    by 0x4068FEB: r_getblock (node.c:1164)
==743207==    by 0x4069930: make_number_node (awk.h:2206)
==743207==    by 0x4069930: r_make_number (node.c:369)
==743207==    by 0x4048AFA: init_interpret (eval.c:1911)
==743207==    by 0x400E3D5: main (main.c:468)
==743207== 
==743207== 88 bytes in 1 blocks are still reachable in loss record 70 of 114
==743207==    at 0x497D858: malloc (vg_replace_malloc.c:447)
==743207==    by 0x4068FEB: emalloc_real (awk.h:2156)
==743207==    by 0x4068FEB: r_getblock (node.c:1164)
==743207==    by 0x40693C1: make_str_node (node.c:406)
==743207==    by 0x4077055: install (symbol.c:399)
==743207==    by 0x400E414: init_args (main.c:764)
==743207==    by 0x400E414: main (main.c:470)
==743207== 
==743207== 88 bytes in 1 blocks are still reachable in loss record 71 of 114
==743207==    at 0x497D858: malloc (vg_replace_malloc.c:447)
==743207==    by 0x4068FEB: emalloc_real (awk.h:2156)
==743207==    by 0x4068FEB: r_getblock (node.c:1164)
==743207==    by 0x4077133: make_symbol (symbol.c:376)
==743207==    by 0x4077133: install (symbol.c:417)
==743207==    by 0x400E414: init_args (main.c:764)
==743207==    by 0x400E414: main (main.c:470)
==743207== 
==743207== 88 bytes in 1 blocks are still reachable in loss record 72 of 114
==743207==    at 0x497D858: malloc (vg_replace_malloc.c:447)
==743207==    by 0x4068FEB: emalloc_real (awk.h:2156)
==743207==    by 0x4068FEB: r_getblock (node.c:1164)
==743207==    by 0x40693C1: make_str_node (node.c:406)
==743207==    by 0x400E43D: init_args (main.c:766)
==743207==    by 0x400E43D: main (main.c:470)
==743207== 
==743207== 88 bytes in 1 blocks are still reachable in loss record 73 of 114
==743207==    at 0x497D858: malloc (vg_replace_malloc.c:447)
==743207==    by 0x4068FEB: emalloc_real (awk.h:2156)
==743207==    by 0x4068FEB: r_getblock (node.c:1164)
==743207==    by 0x40348D2: make_node (cint_array.c:731)
==743207==    by 0x40348D2: cint_lookup (cint_array.c:256)
==743207==    by 0x40662E6: assoc_set (awk.h:2220)
==743207==    by 0x400E453: init_args (main.c:768)
==743207==    by 0x400E453: main (main.c:470)
==743207== 
==743207== 88 bytes in 1 blocks are still reachable in loss record 74 of 114
==743207==    at 0x497D858: malloc (vg_replace_malloc.c:447)
==743207==    by 0x4068FEB: emalloc_real (awk.h:2156)
==743207==    by 0x4068FEB: r_getblock (node.c:1164)
==743207==    by 0x40344E7: make_node (cint_array.c:731)
==743207==    by 0x40344E7: tree_lookup (cint_array.c:796)
==743207==    by 0x40662E6: assoc_set (awk.h:2220)
==743207==    by 0x400E453: init_args (main.c:768)
==743207==    by 0x400E453: main (main.c:470)
==743207== 
==743207== 88 bytes in 1 blocks are still reachable in loss record 75 of 114
==743207==    at 0x497D858: malloc (vg_replace_malloc.c:447)
==743207==    by 0x4068FEB: emalloc_real (awk.h:2156)
==743207==    by 0x4068FEB: r_getblock (node.c:1164)
==743207==    by 0x40693C1: make_str_node (node.c:406)
==743207==    by 0x4077055: install (symbol.c:399)
==743207==    by 0x400EA90: init_args (main.c:791)
==743207==    by 0x400EA90: main (main.c:470)
==743207== 
==743207== 88 bytes in 1 blocks are still reachable in loss record 76 of 114
==743207==    at 0x497D858: malloc (vg_replace_malloc.c:447)
==743207==    by 0x4068FEB: emalloc_real (awk.h:2156)
==743207==    by 0x4068FEB: r_getblock (node.c:1164)
==743207==    by 0x4077133: make_symbol (symbol.c:376)
==743207==    by 0x4077133: install (symbol.c:417)
==743207==    by 0x400EA90: init_args (main.c:791)
==743207==    by 0x400EA90: main (main.c:470)
==743207== 
==743207== 88 bytes in 1 blocks are still reachable in loss record 77 of 114
==743207==    at 0x497D858: malloc (vg_replace_malloc.c:447)
==743207==    by 0x4068FEB: emalloc_real (awk.h:2156)
==743207==    by 0x4068FEB: r_getblock (node.c:1164)
==743207==    by 0x4069930: make_number_node (awk.h:2206)
==743207==    by 0x4069930: r_make_number (node.c:369)
==743207==    by 0x400EAA8: init_args (main.c:792)
==743207==    by 0x400EAA8: main (main.c:470)
==743207== 
==743207== 88 bytes in 1 blocks are still reachable in loss record 78 of 114
==743207==    at 0x497D858: malloc (vg_replace_malloc.c:447)
==743207==    by 0x4068FEB: emalloc_real (awk.h:2156)
==743207==    by 0x4068FEB: r_getblock (node.c:1164)
==743207==    by 0x40693C1: make_str_node (node.c:406)
==743207==    by 0x401D986: yyparse (awkgram.y:583)
==743207==    by 0x402073A: parse_program (awkgram.y:2797)
==743207==    by 0x400EAD8: main (main.c:483)
==743207== 
==743207== 88 bytes in 1 blocks are still reachable in loss record 79 of 114
==743207==    at 0x497D858: malloc (vg_replace_malloc.c:447)
==743207==    by 0x4068FEB: emalloc_real (awk.h:2156)
==743207==    by 0x4068FEB: r_getblock (node.c:1164)
==743207==    by 0x4019588: make_regnode (awkgram.y:5300)
==743207==    by 0x401D996: yyparse (awkgram.y:584)
==743207==    by 0x402073A: parse_program (awkgram.y:2797)
==743207==    by 0x400EAD8: main (main.c:483)
==743207== 
==743207== 88 bytes in 1 blocks are still reachable in loss record 80 of 114
==743207==    at 0x497D858: malloc (vg_replace_malloc.c:447)
==743207==    by 0x4068FEB: emalloc_real (awk.h:2156)
==743207==    by 0x4068FEB: r_getblock (node.c:1164)
==743207==    by 0x40693C1: make_str_node (node.c:406)
==743207==    by 0x402A3B0: do_sub (builtin.c:2203)
==743207==    by 0x404FD01: r_interpret (interpret.h:1161)
==743207==    by 0x400EDDE: main (main.c:532)
==743207== 
==743207== 96 bytes in 2 blocks are still reachable in loss record 81 of 114
==743207==    at 0x497D858: malloc (vg_replace_malloc.c:447)
==743207==    by 0x4068FEB: emalloc_real (awk.h:2156)
==743207==    by 0x4068FEB: r_getblock (node.c:1164)
==743207==    by 0x40768D9: str_lookup (str_array.c:214)
==743207==    by 0x407708C: assoc_set (awk.h:2220)
==743207==    by 0x407708C: install (symbol.c:430)
==743207==    by 0x401CA63: yyparse (awkgram.y:2148)
==743207==    by 0x402073A: parse_program (awkgram.y:2797)
==743207==    by 0x400EAD8: main (main.c:483)
==743207== 
==743207== 104 bytes in 1 blocks are still reachable in loss record 82 of 114
==743207==    at 0x4984E43: calloc (vg_replace_malloc.c:1678)
==743207==    by 0x4075D54: ezalloc_real (awk.h:2174)
==743207==    by 0x4075D54: grow_table (str_array.c:682)
==743207==    by 0x407693C: str_lookup (str_array.c:150)
==743207==    by 0x407708C: assoc_set (awk.h:2220)
==743207==    by 0x407708C: install (symbol.c:430)
==743207==    by 0x4077369: install_symbol (symbol.c:173)
==743207==    by 0x4077369: init_the_tables (symbol.c:77)
==743207==    by 0x400D60A: main (main.c:287)
==743207== 
==743207== 104 bytes in 1 blocks are still reachable in loss record 83 of 114
==743207==    at 0x4984E43: calloc (vg_replace_malloc.c:1678)
==743207==    by 0x4075D54: ezalloc_real (awk.h:2174)
==743207==    by 0x4075D54: grow_table (str_array.c:682)
==743207==    by 0x407693C: str_lookup (str_array.c:150)
==743207==    by 0x407708C: assoc_set (awk.h:2220)
==743207==    by 0x407708C: install (symbol.c:430)
==743207==    by 0x400DA01: init_vars (main.c:865)
==743207==    by 0x400DA01: main (main.c:403)
==743207== 
==743207== 104 bytes in 1 blocks are still reachable in loss record 84 of 114
==743207==    at 0x4984E43: calloc (vg_replace_malloc.c:1678)
==743207==    by 0x4075D54: ezalloc_real (awk.h:2174)
==743207==    by 0x4075D54: grow_table (str_array.c:682)
==743207==    by 0x407693C: str_lookup (str_array.c:150)
==743207==    by 0x400E127: assoc_set (awk.h:2220)
==743207==    by 0x400E127: load_environ (main.c:949)
==743207==    by 0x400E127: init_vars (main.c:879)
==743207==    by 0x400E127: main (main.c:403)
==743207== 
==743207== 104 bytes in 1 blocks are still reachable in loss record 85 of 114
==743207==    at 0x4984E43: calloc (vg_replace_malloc.c:1678)
==743207==    by 0x4075D54: ezalloc_real (awk.h:2174)
==743207==    by 0x4075D54: grow_table (str_array.c:682)
==743207==    by 0x407693C: str_lookup (str_array.c:150)
==743207==    by 0x407708C: assoc_set (awk.h:2220)
==743207==    by 0x407708C: install (symbol.c:430)
==743207==    by 0x401982E: install_builtins (awkgram.y:6601)
==743207==    by 0x400ED71: main (main.c:491)
==743207== 
==743207== 127 bytes in 22 blocks are still reachable in loss record 86 of 114
==743207==    at 0x497D858: malloc (vg_replace_malloc.c:447)
==743207==    by 0x4069457: emalloc_real (awk.h:2156)
==743207==    by 0x4069457: make_str_node (node.c:422)
==743207==    by 0x4077055: install (symbol.c:399)
==743207==    by 0x401982E: install_builtins (awkgram.y:6601)
==743207==    by 0x400ED71: main (main.c:491)
==743207== 
==743207== 136 bytes in 1 blocks are still reachable in loss record 87 of 114
==743207==    at 0x4984E43: calloc (vg_replace_malloc.c:1678)
==743207==    by 0x407421C: ezalloc_real (awk.h:2174)
==743207==    by 0x407421C: make_regexp (re.c:278)
==743207==    by 0x40195EB: make_regnode (awkgram.y:5306)
==743207==    by 0x401D996: yyparse (awkgram.y:584)
==743207==    by 0x402073A: parse_program (awkgram.y:2797)
==743207==    by 0x400EAD8: main (main.c:483)
==743207== 
==743207== 160 bytes in 1 blocks are still reachable in loss record 88 of 114
==743207==    at 0x497D858: malloc (vg_replace_malloc.c:447)
==743207==    by 0x4086BDE: compile.constprop.0 (minrx.c:1905)
==743207==    by 0x4089B38: minrx_regncomp (minrx.c:2490)
==743207==    by 0x407427D: make_regexp (re.c:355)
==743207==    by 0x40195EB: make_regnode (awkgram.y:5306)
==743207==    by 0x401D996: yyparse (awkgram.y:584)
==743207==    by 0x402073A: parse_program (awkgram.y:2797)
==743207==    by 0x400EAD8: main (main.c:483)
==743207== 
==743207== 176 bytes in 2 blocks are still reachable in loss record 89 of 114
==743207==    at 0x497D858: malloc (vg_replace_malloc.c:447)
==743207==    by 0x4068FEB: emalloc_real (awk.h:2156)
==743207==    by 0x4068FEB: r_getblock (node.c:1164)
==743207==    by 0x40693C1: make_str_node (node.c:406)
==743207==    by 0x4077055: install (symbol.c:399)
==743207==    by 0x401CA63: yyparse (awkgram.y:2148)
==743207==    by 0x402073A: parse_program (awkgram.y:2797)
==743207==    by 0x400EAD8: main (main.c:483)
==743207== 
==743207== 176 bytes in 2 blocks are still reachable in loss record 90 of 114
==743207==    at 0x497D858: malloc (vg_replace_malloc.c:447)
==743207==    by 0x4068FEB: emalloc_real (awk.h:2156)
==743207==    by 0x4068FEB: r_getblock (node.c:1164)
==743207==    by 0x4077133: make_symbol (symbol.c:376)
==743207==    by 0x4077133: install (symbol.c:417)
==743207==    by 0x401CA63: yyparse (awkgram.y:2148)
==743207==    by 0x402073A: parse_program (awkgram.y:2797)
==743207==    by 0x400EAD8: main (main.c:483)
==743207== 
==743207== 205 bytes in 24 blocks are still reachable in loss record 91 of 114
==743207==    at 0x497D858: malloc (vg_replace_malloc.c:447)
==743207==    by 0x4069457: emalloc_real (awk.h:2156)
==743207==    by 0x4069457: make_str_node (node.c:422)
==743207==    by 0x400E0F5: load_environ (main.c:946)
==743207==    by 0x400E0F5: init_vars (main.c:879)
==743207==    by 0x400E0F5: main (main.c:403)
==743207== 
==743207== 256 bytes in 1 blocks are still reachable in loss record 92 of 114
==743207==    at 0x4984E43: calloc (vg_replace_malloc.c:1678)
==743207==    by 0x4034892: ezalloc_real (awk.h:2174)
==743207==    by 0x4034892: cint_lookup (cint_array.c:249)
==743207==    by 0x40662E6: assoc_set (awk.h:2220)
==743207==    by 0x400E453: init_args (main.c:768)
==743207==    by 0x400E453: main (main.c:470)
==743207== 
==743207== 256 bytes in 1 blocks are still reachable in loss record 93 of 114
==743207==    at 0x4984E43: calloc (vg_replace_malloc.c:1678)
==743207==    by 0x4034297: ezalloc_real (awk.h:2174)
==743207==    by 0x4034297: tree_lookup (cint_array.c:773)
==743207==    by 0x40662E6: assoc_set (awk.h:2220)
==743207==    by 0x400E453: init_args (main.c:768)
==743207==    by 0x400E453: main (main.c:470)
==743207== 
==743207== 256 bytes in 1 blocks are still reachable in loss record 94 of 114
==743207==    at 0x4984E43: calloc (vg_replace_malloc.c:1678)
==743207==    by 0x40344C0: ezalloc_real (awk.h:2174)
==743207==    by 0x40344C0: leaf_lookup (cint_array.c:1064)
==743207==    by 0x40344C0: tree_lookup (cint_array.c:797)
==743207==    by 0x40662E6: assoc_set (awk.h:2220)
==743207==    by 0x400E453: init_args (main.c:768)
==743207==    by 0x400E453: main (main.c:470)
==743207== 
==743207== 296 bytes in 1 blocks are still reachable in loss record 95 of 114
==743207==    at 0x4984E43: calloc (vg_replace_malloc.c:1678)
==743207==    by 0x4014A06: ezalloc_real (awk.h:2174)
==743207==    by 0x4014A06: do_add_srcfile (awkgram.y:2833)
==743207==    by 0x4018A70: add_srcfile (awkgram.y:2916)
==743207==    by 0x400D7E5: parse_args (main.c:1585)
==743207==    by 0x400D7E5: main (main.c:294)
==743207== 
==743207== 352 bytes in 1 blocks are still reachable in loss record 96 of 114
==743207==    at 0x497D858: malloc (vg_replace_malloc.c:447)
==743207==    by 0x40869ED: compile.constprop.0 (minrx.c:1866)
==743207==    by 0x4089B38: minrx_regncomp (minrx.c:2490)
==743207==    by 0x407427D: make_regexp (re.c:355)
==743207==    by 0x40195EB: make_regnode (awkgram.y:5306)
==743207==    by 0x401D996: yyparse (awkgram.y:584)
==743207==    by 0x402073A: parse_program (awkgram.y:2797)
==743207==    by 0x400EAD8: main (main.c:483)
==743207== 
==743207== 352 bytes in 4 blocks are still reachable in loss record 97 of 114
==743207==    at 0x497D858: malloc (vg_replace_malloc.c:447)
==743207==    by 0x4068FEB: emalloc_real (awk.h:2156)
==743207==    by 0x4068FEB: r_getblock (node.c:1164)
==743207==    by 0x40693C1: make_str_node (node.c:406)
==743207==    by 0x401B194: yylex (awkgram.y:4074)
==743207==    by 0x401C83C: yyparse (awkgram.c:1879)
==743207==    by 0x402073A: parse_program (awkgram.y:2797)
==743207==    by 0x400EAD8: main (main.c:483)
==743207== 
==743207== 440 bytes in 5 blocks are still reachable in loss record 98 of 114
==743207==    at 0x497D858: malloc (vg_replace_malloc.c:447)
==743207==    by 0x4068FEB: emalloc_real (awk.h:2156)
==743207==    by 0x4068FEB: r_getblock (node.c:1164)
==743207==    by 0x4069930: make_number_node (awk.h:2206)
==743207==    by 0x4069930: r_make_number (node.c:369)
==743207==    by 0x400DA23: init_vars (main.c:869)
==743207==    by 0x400DA23: main (main.c:403)
==743207== 
==743207== 552 bytes in 1 blocks are still reachable in loss record 99 of 114
==743207==    at 0x4984E43: calloc (vg_replace_malloc.c:1678)
==743207==    by 0x4078976: ezalloc_real (awk.h:2174)
==743207==    by 0x4078976: new_context (symbol.c:870)
==743207==    by 0x400D61D: main (main.c:292)
==743207== 
==743207== 624 bytes in 13 blocks are still reachable in loss record 100 of 114
==743207==    at 0x497D858: malloc (vg_replace_malloc.c:447)
==743207==    by 0x4068FEB: emalloc_real (awk.h:2156)
==743207==    by 0x4068FEB: r_getblock (node.c:1164)
==743207==    by 0x40768D9: str_lookup (str_array.c:214)
==743207==    by 0x407708C: assoc_set (awk.h:2220)
==743207==    by 0x407708C: install (symbol.c:430)
==743207==    by 0x400DA01: init_vars (main.c:865)
==743207==    by 0x400DA01: main (main.c:403)
==743207== 
==743207== 704 bytes in 8 blocks are still reachable in loss record 101 of 114
==743207==    at 0x497D858: malloc (vg_replace_malloc.c:447)
==743207==    by 0x4068FEB: emalloc_real (awk.h:2156)
==743207==    by 0x4068FEB: r_getblock (node.c:1164)
==743207==    by 0x40693C1: make_str_node (node.c:406)
==743207==    by 0x400D984: init_vars (main.c:867)
==743207==    by 0x400D984: main (main.c:403)
==743207== 
==743207== 830 bytes in 24 blocks are still reachable in loss record 102 of 114
==743207==    at 0x497D858: malloc (vg_replace_malloc.c:447)
==743207==    by 0x4069457: emalloc_real (awk.h:2156)
==743207==    by 0x4069457: make_str_node (node.c:422)
==743207==    by 0x400E10D: load_environ (main.c:947)
==743207==    by 0x400E10D: init_vars (main.c:879)
==743207==    by 0x400E10D: main (main.c:403)
==743207== 
==743207== 1,056 bytes in 22 blocks are still reachable in loss record 103 of 114
==743207==    at 0x497D858: malloc (vg_replace_malloc.c:447)
==743207==    by 0x4068FEB: emalloc_real (awk.h:2156)
==743207==    by 0x4068FEB: r_getblock (node.c:1164)
==743207==    by 0x40768D9: str_lookup (str_array.c:214)
==743207==    by 0x407708C: assoc_set (awk.h:2220)
==743207==    by 0x407708C: install (symbol.c:430)
==743207==    by 0x401982E: install_builtins (awkgram.y:6601)
==743207==    by 0x400ED71: main (main.c:491)
==743207== 
==743207== 1,144 bytes in 13 blocks are still reachable in loss record 104 of 114
==743207==    at 0x497D858: malloc (vg_replace_malloc.c:447)
==743207==    by 0x4068FEB: emalloc_real (awk.h:2156)
==743207==    by 0x4068FEB: r_getblock (node.c:1164)
==743207==    by 0x40693C1: make_str_node (node.c:406)
==743207==    by 0x4077055: install (symbol.c:399)
==743207==    by 0x400DA01: init_vars (main.c:865)
==743207==    by 0x400DA01: main (main.c:403)
==743207== 
==743207== 1,144 bytes in 13 blocks are still reachable in loss record 105 of 114
==743207==    at 0x497D858: malloc (vg_replace_malloc.c:447)
==743207==    by 0x4068FEB: emalloc_real (awk.h:2156)
==743207==    by 0x4068FEB: r_getblock (node.c:1164)
==743207==    by 0x4077133: make_symbol (symbol.c:376)
==743207==    by 0x4077133: install (symbol.c:417)
==743207==    by 0x400DA01: init_vars (main.c:865)
==743207==    by 0x400DA01: main (main.c:403)
==743207== 
==743207== 1,152 bytes in 24 blocks are still reachable in loss record 106 of 114
==743207==    at 0x497D858: malloc (vg_replace_malloc.c:447)
==743207==    by 0x4068FEB: emalloc_real (awk.h:2156)
==743207==    by 0x4068FEB: r_getblock (node.c:1164)
==743207==    by 0x40768D9: str_lookup (str_array.c:214)
==743207==    by 0x400E127: assoc_set (awk.h:2220)
==743207==    by 0x400E127: load_environ (main.c:949)
==743207==    by 0x400E127: init_vars (main.c:879)
==743207==    by 0x400E127: main (main.c:403)
==743207== 
==743207== 1,936 bytes in 22 blocks are still reachable in loss record 107 of 114
==743207==    at 0x497D858: malloc (vg_replace_malloc.c:447)
==743207==    by 0x4068FEB: emalloc_real (awk.h:2156)
==743207==    by 0x4068FEB: r_getblock (node.c:1164)
==743207==    by 0x40693C1: make_str_node (node.c:406)
==743207==    by 0x4077055: install (symbol.c:399)
==743207==    by 0x401982E: install_builtins (awkgram.y:6601)
==743207==    by 0x400ED71: main (main.c:491)
==743207== 
==743207== 1,936 bytes in 22 blocks are still reachable in loss record 108 of 114
==743207==    at 0x497D858: malloc (vg_replace_malloc.c:447)
==743207==    by 0x4068FEB: emalloc_real (awk.h:2156)
==743207==    by 0x4068FEB: r_getblock (node.c:1164)
==743207==    by 0x407721E: make_symbol (symbol.c:376)
==743207==    by 0x407721E: install (symbol.c:417)
==743207==    by 0x401982E: install_builtins (awkgram.y:6601)
==743207==    by 0x400ED71: main (main.c:491)
==743207== 
==743207== 2,048 bytes in 1 blocks are still reachable in loss record 109 of 114
==743207==    at 0x497D858: malloc (vg_replace_malloc.c:447)
==743207==    by 0x4048A59: emalloc_real (awk.h:2156)
==743207==    by 0x4048A59: init_interpret (eval.c:1897)
==743207==    by 0x400E3D5: main (main.c:468)
==743207== 
==743207== 2,112 bytes in 24 blocks are still reachable in loss record 110 of 114
==743207==    at 0x497D858: malloc (vg_replace_malloc.c:447)
==743207==    by 0x4068FEB: emalloc_real (awk.h:2156)
==743207==    by 0x4068FEB: r_getblock (node.c:1164)
==743207==    by 0x40693C1: make_str_node (node.c:406)
==743207==    by 0x400E0F5: load_environ (main.c:946)
==743207==    by 0x400E0F5: init_vars (main.c:879)
==743207==    by 0x400E0F5: main (main.c:403)
==743207== 
==743207== 2,112 bytes in 24 blocks are still reachable in loss record 111 of 114
==743207==    at 0x497D858: malloc (vg_replace_malloc.c:447)
==743207==    by 0x4068FEB: emalloc_real (awk.h:2156)
==743207==    by 0x4068FEB: r_getblock (node.c:1164)
==743207==    by 0x40693C1: make_str_node (node.c:406)
==743207==    by 0x400E10D: load_environ (main.c:947)
==743207==    by 0x400E10D: init_vars (main.c:879)
==743207==    by 0x400E10D: main (main.c:403)
==743207== 
==743207== 5,048 bytes in 1 blocks are still reachable in loss record 112 of 114
==743207==    at 0x497D858: malloc (vg_replace_malloc.c:447)
==743207==    by 0x4078891: emalloc_real (awk.h:2156)
==743207==    by 0x4078891: bcalloc (symbol.c:849)
==743207==    by 0x402065C: parse_program (awkgram.y:2770)
==743207==    by 0x400EAD8: main (main.c:483)
==743207== 
==743207== 5,048 bytes in 1 blocks are still reachable in loss record 113 of 114
==743207==    at 0x497D858: malloc (vg_replace_malloc.c:447)
==743207==    by 0x4078891: emalloc_real (awk.h:2156)
==743207==    by 0x4078891: bcalloc (symbol.c:849)
==743207==    by 0x4020B58: parse_program (awkgram.y:2778)
==743207==    by 0x400EAD8: main (main.c:483)
==743207== 
==743207== 5,048 bytes in 1 blocks are still reachable in loss record 114 of 114
==743207==    at 0x497D858: malloc (vg_replace_malloc.c:447)
==743207==    by 0x4078891: emalloc_real (awk.h:2156)
==743207==    by 0x4078891: bcalloc (symbol.c:849)
==743207==    by 0x401C2EA: yylex (awkgram.y:4447)
==743207==    by 0x401C83C: yyparse (awkgram.c:1879)
==743207==    by 0x402073A: parse_program (awkgram.y:2797)
==743207==    by 0x400EAD8: main (main.c:483)
==743207== 
==743207== LEAK SUMMARY:
==743207==    definitely lost: 0 bytes in 0 blocks
==743207==    indirectly lost: 0 bytes in 0 blocks
==743207==      possibly lost: 0 bytes in 0 blocks
==743207==    still reachable: 39,613 bytes in 404 blocks
==743207==         suppressed: 0 bytes in 0 blocks
==743207== 
==743207== For lists of detected and suppressed errors, rerun with: -s
==743207== ERROR SUMMARY: 0 errors from 0 contexts (suppressed: 0 from 0)
