==735545== Memcheck, a memory error detector
==735545== Copyright (C) 2002-2024, and GNU GPL'd, by Julian Seward et al.
==735545== Using Valgrind-3.26.0 and LibVEX; rerun with -h for copyright info
==735545== Command: gawk -f badbuild.awk
==735545== Parent PID: 735544
==735545== 
==735545== 
==735545== FILE DESCRIPTORS: 4 open (3 inherited) at exit.
==735545== Open file descriptor 3: /opt/src/gawk-5.4.1/test/badbuild.awk
==735545==    at 0x4C509E6: open (open64.c:41)
==735545==    by 0x405F41C: open (fcntl2.h:61)
==735545==    by 0x405F41C: devopen.part.0 (io.c:1935)
==735545==    by 0x406532E: devopen (io.c:3177)
==735545==    by 0x406532E: srcopen (io.c:3170)
==735545==    by 0x4016D3B: get_src_buf (awkgram.y:3181)
==735545==    by 0x40174CD: nextc (awkgram.y:3418)
==735545==    by 0x4019A29: yylex (awkgram.y:3603)
==735545==    by 0x401C83C: yyparse (awkgram.c:1879)
==735545==    by 0x402073A: parse_program (awkgram.y:2797)
==735545==    by 0x400EAD8: main (main.c:483)
==735545== 
==735545== 
==735545== HEAP SUMMARY:
==735545==     in use at exit: 36,285 bytes in 438 blocks
==735545==   total heap usage: 598 allocs, 160 frees, 43,599 bytes allocated
==735545== 
==735545== 1 bytes in 1 blocks are still reachable in loss record 1 of 166
==735545==    at 0x497D858: malloc (vg_replace_malloc.c:447)
==735545==    by 0x4066564: emalloc_real (awk.h:2156)
==735545==    by 0x4066564: estrdup (main.c:1451)
==735545==    by 0x400D434: init_locale (main.c:1476)
==735545==    by 0x400D434: set_locale_stuff (main.c:1849)
==735545==    by 0x400D434: main (main.c:254)
==735545== 
==735545== 1 bytes in 1 blocks are still reachable in loss record 2 of 166
==735545==    at 0x497D858: malloc (vg_replace_malloc.c:447)
==735545==    by 0x4066564: emalloc_real (awk.h:2156)
==735545==    by 0x4066564: estrdup (main.c:1451)
==735545==    by 0x400D469: init_locale (main.c:1478)
==735545==    by 0x400D469: set_locale_stuff (main.c:1849)
==735545==    by 0x400D469: main (main.c:254)
==735545== 
==735545== 1 bytes in 1 blocks are still reachable in loss record 3 of 166
==735545==    at 0x497D858: malloc (vg_replace_malloc.c:447)
==735545==    by 0x4066564: emalloc_real (awk.h:2156)
==735545==    by 0x4066564: estrdup (main.c:1451)
==735545==    by 0x400D485: init_locale (main.c:1479)
==735545==    by 0x400D485: set_locale_stuff (main.c:1849)
==735545==    by 0x400D485: main (main.c:254)
==735545== 
==735545== 1 bytes in 1 blocks are still reachable in loss record 4 of 166
==735545==    at 0x497D858: malloc (vg_replace_malloc.c:447)
==735545==    by 0x4066564: emalloc_real (awk.h:2156)
==735545==    by 0x4066564: estrdup (main.c:1451)
==735545==    by 0x400D4A1: init_locale (main.c:1480)
==735545==    by 0x400D4A1: set_locale_stuff (main.c:1849)
==735545==    by 0x400D4A1: main (main.c:254)
==735545== 
==735545== 1 bytes in 1 blocks are still reachable in loss record 5 of 166
==735545==    at 0x497D858: malloc (vg_replace_malloc.c:447)
==735545==    by 0x4066564: emalloc_real (awk.h:2156)
==735545==    by 0x4066564: estrdup (main.c:1451)
==735545==    by 0x400D4BD: init_locale (main.c:1481)
==735545==    by 0x400D4BD: set_locale_stuff (main.c:1849)
==735545==    by 0x400D4BD: main (main.c:254)
==735545== 
==735545== 1 bytes in 1 blocks are still reachable in loss record 6 of 166
==735545==    at 0x497D858: malloc (vg_replace_malloc.c:447)
==735545==    by 0x4066564: emalloc_real (awk.h:2156)
==735545==    by 0x4066564: estrdup (main.c:1451)
==735545==    by 0x400D4D9: init_locale (main.c:1482)
==735545==    by 0x400D4D9: set_locale_stuff (main.c:1849)
==735545==    by 0x400D4D9: main (main.c:254)
==735545== 
==735545== 1 bytes in 1 blocks are still reachable in loss record 7 of 166
==735545==    at 0x497D858: malloc (vg_replace_malloc.c:447)
==735545==    by 0x4066564: emalloc_real (awk.h:2156)
==735545==    by 0x4066564: estrdup (main.c:1451)
==735545==    by 0x400D4F5: init_locale (main.c:1483)
==735545==    by 0x400D4F5: set_locale_stuff (main.c:1849)
==735545==    by 0x400D4F5: main (main.c:254)
==735545== 
==735545== 1 bytes in 1 blocks are still reachable in loss record 8 of 166
==735545==    at 0x497D858: malloc (vg_replace_malloc.c:447)
==735545==    by 0x4066564: emalloc_real (awk.h:2156)
==735545==    by 0x4066564: estrdup (main.c:1451)
==735545==    by 0x400D511: init_locale (main.c:1484)
==735545==    by 0x400D511: set_locale_stuff (main.c:1849)
==735545==    by 0x400D511: main (main.c:254)
==735545== 
==735545== 1 bytes in 1 blocks are still reachable in loss record 9 of 166
==735545==    at 0x497D858: malloc (vg_replace_malloc.c:447)
==735545==    by 0x4066564: emalloc_real (awk.h:2156)
==735545==    by 0x4066564: estrdup (main.c:1451)
==735545==    by 0x400D52D: init_locale (main.c:1485)
==735545==    by 0x400D52D: set_locale_stuff (main.c:1849)
==735545==    by 0x400D52D: main (main.c:254)
==735545== 
==735545== 1 bytes in 1 blocks are still reachable in loss record 10 of 166
==735545==    at 0x497D858: malloc (vg_replace_malloc.c:447)
==735545==    by 0x4069457: emalloc_real (awk.h:2156)
==735545==    by 0x4069457: make_str_node (node.c:422)
==735545==    by 0x400D5C7: main (main.c:278)
==735545== 
==735545== 1 bytes in 1 blocks are still reachable in loss record 11 of 166
==735545==    at 0x497D858: malloc (vg_replace_malloc.c:447)
==735545==    by 0x4069457: emalloc_real (awk.h:2156)
==735545==    by 0x4069457: make_str_node (node.c:422)
==735545==    by 0x4055395: init_fields (field.c:105)
==735545==    by 0x400E1A4: main (main.c:410)
==735545== 
==735545== 1 bytes in 1 blocks are still reachable in loss record 12 of 166
==735545==    at 0x497D858: malloc (vg_replace_malloc.c:447)
==735545==    by 0x4069457: emalloc_real (awk.h:2156)
==735545==    by 0x4069457: make_str_node (node.c:422)
==735545==    by 0x40553E0: init_fields (field.c:111)
==735545==    by 0x400E1A4: main (main.c:410)
==735545== 
==735545== 2 bytes in 1 blocks are still reachable in loss record 13 of 166
==735545==    at 0x497D858: malloc (vg_replace_malloc.c:447)
==735545==    by 0x4066564: emalloc_real (awk.h:2156)
==735545==    by 0x4066564: estrdup (main.c:1451)
==735545==    by 0x400D44E: init_locale (main.c:1477)
==735545==    by 0x400D44E: set_locale_stuff (main.c:1849)
==735545==    by 0x400D44E: main (main.c:254)
==735545== 
==735545== 2 bytes in 1 blocks are still reachable in loss record 14 of 166
==735545==    at 0x497D858: malloc (vg_replace_malloc.c:447)
==735545==    by 0x4046CFF: emalloc_real (awk.h:2156)
==735545==    by 0x4046CFF: set_OFS (eval.c:839)
==735545==    by 0x400D9A3: init_vars (main.c:873)
==735545==    by 0x400D9A3: main (main.c:403)
==735545== 
==735545== 3 bytes in 1 blocks are still reachable in loss record 15 of 166
==735545==    at 0x497D858: malloc (vg_replace_malloc.c:447)
==735545==    by 0x4069457: emalloc_real (awk.h:2156)
==735545==    by 0x4069457: make_str_node (node.c:422)
==735545==    by 0x4054B6F: update_PROCINFO_str.part.0 (field.c:1661)
==735545==    by 0x400E83A: load_procinfo (main.c:1072)
==735545==    by 0x400E83A: init_vars (main.c:878)
==735545==    by 0x400E83A: main (main.c:403)
==735545== 
==735545== 3 bytes in 1 blocks are still reachable in loss record 16 of 166
==735545==    at 0x497D858: malloc (vg_replace_malloc.c:447)
==735545==    by 0x4069457: emalloc_real (awk.h:2156)
==735545==    by 0x4069457: make_str_node (node.c:422)
==735545==    by 0x4054B87: update_PROCINFO_str.part.0 (field.c:1662)
==735545==    by 0x400E83A: load_procinfo (main.c:1072)
==735545==    by 0x400E83A: init_vars (main.c:878)
==735545==    by 0x400E83A: main (main.c:403)
==735545== 
==735545== 4 bytes in 1 blocks are still reachable in loss record 17 of 166
==735545==    at 0x497D858: malloc (vg_replace_malloc.c:447)
==735545==    by 0x4069457: emalloc_real (awk.h:2156)
==735545==    by 0x4069457: make_str_node (node.c:422)
==735545==    by 0x4058004: update_PROCINFO_num (field.c:1674)
==735545==    by 0x400E79D: load_procinfo (main.c:1055)
==735545==    by 0x400E79D: init_vars (main.c:878)
==735545==    by 0x400E79D: main (main.c:403)
==735545== 
==735545== 4 bytes in 1 blocks are still reachable in loss record 18 of 166
==735545==    at 0x497D858: malloc (vg_replace_malloc.c:447)
==735545==    by 0x4069457: emalloc_real (awk.h:2156)
==735545==    by 0x4069457: make_str_node (node.c:422)
==735545==    by 0x4058004: update_PROCINFO_num (field.c:1674)
==735545==    by 0x400E7D2: load_procinfo (main.c:1061)
==735545==    by 0x400E7D2: init_vars (main.c:878)
==735545==    by 0x400E7D2: main (main.c:403)
==735545== 
==735545== 4 bytes in 1 blocks are still reachable in loss record 19 of 166
==735545==    at 0x497D858: malloc (vg_replace_malloc.c:447)
==735545==    by 0x4069457: emalloc_real (awk.h:2156)
==735545==    by 0x4069457: make_str_node (node.c:422)
==735545==    by 0x4058004: update_PROCINFO_num (field.c:1674)
==735545==    by 0x400E80A: load_procinfo (main.c:1067)
==735545==    by 0x400E80A: init_vars (main.c:878)
==735545==    by 0x400E80A: main (main.c:403)
==735545== 
==735545== 4 bytes in 1 blocks are still reachable in loss record 20 of 166
==735545==    at 0x497D858: malloc (vg_replace_malloc.c:447)
==735545==    by 0x4069457: emalloc_real (awk.h:2156)
==735545==    by 0x4069457: make_str_node (node.c:422)
==735545==    by 0x4054B6F: update_PROCINFO_str.part.0 (field.c:1661)
==735545==    by 0x400E8D2: load_procinfo (main.c:1087)
==735545==    by 0x400E8D2: init_vars (main.c:878)
==735545==    by 0x400E8D2: main (main.c:403)
==735545== 
==735545== 5 bytes in 1 blocks are still reachable in loss record 21 of 166
==735545==    at 0x497D858: malloc (vg_replace_malloc.c:447)
==735545==    by 0x4069457: emalloc_real (awk.h:2156)
==735545==    by 0x4069457: make_str_node (node.c:422)
==735545==    by 0x4058004: update_PROCINFO_num (field.c:1674)
==735545==    by 0x400E7B6: load_procinfo (main.c:1058)
==735545==    by 0x400E7B6: init_vars (main.c:878)
==735545==    by 0x400E7B6: main (main.c:403)
==735545== 
==735545== 5 bytes in 1 blocks are still reachable in loss record 22 of 166
==735545==    at 0x497D858: malloc (vg_replace_malloc.c:447)
==735545==    by 0x4069457: emalloc_real (awk.h:2156)
==735545==    by 0x4069457: make_str_node (node.c:422)
==735545==    by 0x4058004: update_PROCINFO_num (field.c:1674)
==735545==    by 0x400E7EE: load_procinfo (main.c:1064)
==735545==    by 0x400E7EE: init_vars (main.c:878)
==735545==    by 0x400E7EE: main (main.c:403)
==735545== 
==735545== 5 bytes in 1 blocks are still reachable in loss record 23 of 166
==735545==    at 0x497D858: malloc (vg_replace_malloc.c:447)
==735545==    by 0x4069457: emalloc_real (awk.h:2156)
==735545==    by 0x4069457: make_str_node (node.c:422)
==735545==    by 0x4058004: update_PROCINFO_num (field.c:1674)
==735545==    by 0x400E826: load_procinfo (main.c:1070)
==735545==    by 0x400E826: init_vars (main.c:878)
==735545==    by 0x400E826: main (main.c:403)
==735545== 
==735545== 5 bytes in 1 blocks are still reachable in loss record 24 of 166
==735545==    at 0x497D858: malloc (vg_replace_malloc.c:447)
==735545==    by 0x4066564: emalloc_real (awk.h:2156)
==735545==    by 0x4066564: estrdup (main.c:1451)
==735545==    by 0x400E91C: load_procinfo_argv (main.c:988)
==735545==    by 0x400E91C: load_procinfo (main.c:1093)
==735545==    by 0x400E91C: init_vars (main.c:878)
==735545==    by 0x400E91C: main (main.c:403)
==735545== 
==735545== 5 bytes in 1 blocks are still reachable in loss record 25 of 166
==735545==    at 0x497D858: malloc (vg_replace_malloc.c:447)
==735545==    by 0x4069457: emalloc_real (awk.h:2156)
==735545==    by 0x4069457: make_str_node (node.c:422)
==735545==    by 0x400EC1B: load_procinfo_argv (main.c:996)
==735545==    by 0x400EC1B: load_procinfo (main.c:1093)
==735545==    by 0x400EC1B: init_vars (main.c:878)
==735545==    by 0x400EC1B: main (main.c:403)
==735545== 
==735545== 5 bytes in 1 blocks are still reachable in loss record 26 of 166
==735545==    at 0x497D858: malloc (vg_replace_malloc.c:447)
==735545==    by 0x4066564: emalloc_real (awk.h:2156)
==735545==    by 0x4066564: estrdup (main.c:1451)
==735545==    by 0x400E407: init_args (main.c:764)
==735545==    by 0x400E407: main (main.c:470)
==735545== 
==735545== 5 bytes in 1 blocks are still reachable in loss record 27 of 166
==735545==    at 0x497D858: malloc (vg_replace_malloc.c:447)
==735545==    by 0x4069457: emalloc_real (awk.h:2156)
==735545==    by 0x4069457: make_str_node (node.c:422)
==735545==    by 0x4077055: install (symbol.c:399)
==735545==    by 0x400E414: init_args (main.c:764)
==735545==    by 0x400E414: main (main.c:470)
==735545== 
==735545== 5 bytes in 1 blocks are still reachable in loss record 28 of 166
==735545==    at 0x497D858: malloc (vg_replace_malloc.c:447)
==735545==    by 0x4069457: emalloc_real (awk.h:2156)
==735545==    by 0x4069457: make_str_node (node.c:422)
==735545==    by 0x400E43D: init_args (main.c:766)
==735545==    by 0x400E43D: main (main.c:470)
==735545== 
==735545== 5 bytes in 1 blocks are still reachable in loss record 29 of 166
==735545==    at 0x497D858: malloc (vg_replace_malloc.c:447)
==735545==    by 0x4066564: emalloc_real (awk.h:2156)
==735545==    by 0x4066564: estrdup (main.c:1451)
==735545==    by 0x400EA83: init_args (main.c:791)
==735545==    by 0x400EA83: main (main.c:470)
==735545== 
==735545== 5 bytes in 1 blocks are still reachable in loss record 30 of 166
==735545==    at 0x497D858: malloc (vg_replace_malloc.c:447)
==735545==    by 0x4069457: emalloc_real (awk.h:2156)
==735545==    by 0x4069457: make_str_node (node.c:422)
==735545==    by 0x4077055: install (symbol.c:399)
==735545==    by 0x400EA90: init_args (main.c:791)
==735545==    by 0x400EA90: main (main.c:470)
==735545== 
==735545== 6 bytes in 1 blocks are still reachable in loss record 31 of 166
==735545==    at 0x497D858: malloc (vg_replace_malloc.c:447)
==735545==    by 0x4069457: emalloc_real (awk.h:2156)
==735545==    by 0x4069457: make_str_node (node.c:422)
==735545==    by 0x4054B87: update_PROCINFO_str.part.0 (field.c:1662)
==735545==    by 0x400E71D: load_procinfo (main.c:1021)
==735545==    by 0x400E71D: init_vars (main.c:878)
==735545==    by 0x400E71D: main (main.c:403)
==735545== 
==735545== 6 bytes in 1 blocks are still reachable in loss record 32 of 166
==735545==    at 0x497D858: malloc (vg_replace_malloc.c:447)
==735545==    by 0x4069457: emalloc_real (awk.h:2156)
==735545==    by 0x4069457: make_str_node (node.c:422)
==735545==    by 0x4054B87: update_PROCINFO_str.part.0 (field.c:1662)
==735545==    by 0x400E743: load_procinfo (main.c:1023)
==735545==    by 0x400E743: init_vars (main.c:878)
==735545==    by 0x400E743: main (main.c:403)
==735545== 
==735545== 7 bytes in 1 blocks are still reachable in loss record 33 of 166
==735545==    at 0x497D858: malloc (vg_replace_malloc.c:447)
==735545==    by 0x4066564: emalloc_real (awk.h:2156)
==735545==    by 0x4066564: estrdup (main.c:1451)
==735545==    by 0x4077381: init_the_tables (symbol.c:78)
==735545==    by 0x400D60A: main (main.c:287)
==735545== 
==735545== 7 bytes in 1 blocks are still reachable in loss record 34 of 166
==735545==    at 0x497D858: malloc (vg_replace_malloc.c:447)
==735545==    by 0x4069457: emalloc_real (awk.h:2156)
==735545==    by 0x4069457: make_str_node (node.c:422)
==735545==    by 0x4077055: install (symbol.c:399)
==735545==    by 0x4077390: install_symbol (symbol.c:173)
==735545==    by 0x4077390: init_the_tables (symbol.c:78)
==735545==    by 0x400D60A: main (main.c:287)
==735545== 
==735545== 7 bytes in 1 blocks are still reachable in loss record 35 of 166
==735545==    at 0x497D858: malloc (vg_replace_malloc.c:447)
==735545==    by 0x4069457: emalloc_real (awk.h:2156)
==735545==    by 0x4069457: make_str_node (node.c:422)
==735545==    by 0x4058004: update_PROCINFO_num (field.c:1674)
==735545==    by 0x400E784: load_procinfo (main.c:1046)
==735545==    by 0x400E784: init_vars (main.c:878)
==735545==    by 0x400E784: main (main.c:403)
==735545== 
==735545== 8 bytes in 1 blocks are still reachable in loss record 36 of 166
==735545==    at 0x497D858: malloc (vg_replace_malloc.c:447)
==735545==    by 0x4066564: emalloc_real (awk.h:2156)
==735545==    by 0x4066564: estrdup (main.c:1451)
==735545==    by 0x407735A: init_the_tables (symbol.c:77)
==735545==    by 0x400D60A: main (main.c:287)
==735545== 
==735545== 8 bytes in 1 blocks are still reachable in loss record 37 of 166
==735545==    at 0x497D858: malloc (vg_replace_malloc.c:447)
==735545==    by 0x4069457: emalloc_real (awk.h:2156)
==735545==    by 0x4069457: make_str_node (node.c:422)
==735545==    by 0x4077055: install (symbol.c:399)
==735545==    by 0x4077369: install_symbol (symbol.c:173)
==735545==    by 0x4077369: init_the_tables (symbol.c:77)
==735545==    by 0x400D60A: main (main.c:287)
==735545== 
==735545== 8 bytes in 1 blocks are still reachable in loss record 38 of 166
==735545==    at 0x497D858: malloc (vg_replace_malloc.c:447)
==735545==    by 0x4069457: emalloc_real (awk.h:2156)
==735545==    by 0x4069457: make_str_node (node.c:422)
==735545==    by 0x4054B6F: update_PROCINFO_str.part.0 (field.c:1661)
==735545==    by 0x400E71D: load_procinfo (main.c:1021)
==735545==    by 0x400E71D: init_vars (main.c:878)
==735545==    by 0x400E71D: main (main.c:403)
==735545== 
==735545== 8 bytes in 1 blocks are still reachable in loss record 39 of 166
==735545==    at 0x497D858: malloc (vg_replace_malloc.c:447)
==735545==    by 0x4066564: emalloc_real (awk.h:2156)
==735545==    by 0x4066564: estrdup (main.c:1451)
==735545==    by 0x400E02B: load_environ (main.c:930)
==735545==    by 0x400E02B: init_vars (main.c:879)
==735545==    by 0x400E02B: main (main.c:403)
==735545== 
==735545== 8 bytes in 1 blocks are still reachable in loss record 40 of 166
==735545==    at 0x497D858: malloc (vg_replace_malloc.c:447)
==735545==    by 0x4069457: emalloc_real (awk.h:2156)
==735545==    by 0x4069457: make_str_node (node.c:422)
==735545==    by 0x4077055: install (symbol.c:399)
==735545==    by 0x400E038: load_environ (main.c:930)
==735545==    by 0x400E038: init_vars (main.c:879)
==735545==    by 0x400E038: main (main.c:403)
==735545== 
==735545== 8 bytes in 1 blocks are still reachable in loss record 41 of 166
==735545==    at 0x497D858: malloc (vg_replace_malloc.c:447)
==735545==    by 0x4055372: emalloc_real (awk.h:2156)
==735545==    by 0x4055372: init_fields (field.c:103)
==735545==    by 0x400E1A4: main (main.c:410)
==735545== 
==735545== 9 bytes in 1 blocks are still reachable in loss record 42 of 166
==735545==    at 0x497D858: malloc (vg_replace_malloc.c:447)
==735545==    by 0x4066564: emalloc_real (awk.h:2156)
==735545==    by 0x4066564: estrdup (main.c:1451)
==735545==    by 0x400E6F6: load_procinfo (main.c:1019)
==735545==    by 0x400E6F6: init_vars (main.c:878)
==735545==    by 0x400E6F6: main (main.c:403)
==735545== 
==735545== 9 bytes in 1 blocks are still reachable in loss record 43 of 166
==735545==    at 0x497D858: malloc (vg_replace_malloc.c:447)
==735545==    by 0x4069457: emalloc_real (awk.h:2156)
==735545==    by 0x4069457: make_str_node (node.c:422)
==735545==    by 0x4077055: install (symbol.c:399)
==735545==    by 0x400E703: load_procinfo (main.c:1019)
==735545==    by 0x400E703: init_vars (main.c:878)
==735545==    by 0x400E703: main (main.c:403)
==735545== 
==735545== 9 bytes in 1 blocks are still reachable in loss record 44 of 166
==735545==    at 0x497D858: malloc (vg_replace_malloc.c:447)
==735545==    by 0x4069457: emalloc_real (awk.h:2156)
==735545==    by 0x4069457: make_str_node (node.c:422)
==735545==    by 0x4054B6F: update_PROCINFO_str.part.0 (field.c:1661)
==735545==    by 0x400E730: load_procinfo (main.c:1022)
==735545==    by 0x400E730: init_vars (main.c:878)
==735545==    by 0x400E730: main (main.c:403)
==735545== 
==735545== 9 bytes in 1 blocks are still reachable in loss record 45 of 166
==735545==    at 0x497D858: malloc (vg_replace_malloc.c:447)
==735545==    by 0x4069457: emalloc_real (awk.h:2156)
==735545==    by 0x4069457: make_str_node (node.c:422)
==735545==    by 0x4054B6F: update_PROCINFO_str.part.0 (field.c:1661)
==735545==    by 0x400E743: load_procinfo (main.c:1023)
==735545==    by 0x400E743: init_vars (main.c:878)
==735545==    by 0x400E743: main (main.c:403)
==735545== 
==735545== 10 bytes in 1 blocks are still reachable in loss record 46 of 166
==735545==    at 0x497D858: malloc (vg_replace_malloc.c:447)
==735545==    by 0x4069457: emalloc_real (awk.h:2156)
==735545==    by 0x4069457: make_str_node (node.c:422)
==735545==    by 0x4058004: update_PROCINFO_num (field.c:1674)
==735545==    by 0x400E757: load_procinfo (main.c:1035)
==735545==    by 0x400E757: init_vars (main.c:878)
==735545==    by 0x400E757: main (main.c:403)
==735545== 
==735545== 10 bytes in 1 blocks are still reachable in loss record 47 of 166
==735545==    at 0x497D858: malloc (vg_replace_malloc.c:447)
==735545==    by 0x4069457: emalloc_real (awk.h:2156)
==735545==    by 0x4069457: make_str_node (node.c:422)
==735545==    by 0x4058004: update_PROCINFO_num (field.c:1674)
==735545==    by 0x400E76B: load_procinfo (main.c:1036)
==735545==    by 0x400E76B: init_vars (main.c:878)
==735545==    by 0x400E76B: main (main.c:403)
==735545== 
==735545== 10 bytes in 1 blocks are still reachable in loss record 48 of 166
==735545==    at 0x497D858: malloc (vg_replace_malloc.c:447)
==735545==    by 0x4069457: emalloc_real (awk.h:2156)
==735545==    by 0x4069457: make_str_node (node.c:422)
==735545==    by 0x4054B87: update_PROCINFO_str.part.0 (field.c:1662)
==735545==    by 0x400E8D2: load_procinfo (main.c:1087)
==735545==    by 0x400E8D2: init_vars (main.c:878)
==735545==    by 0x400E8D2: main (main.c:403)
==735545== 
==735545== 13 bytes in 1 blocks are still reachable in loss record 49 of 166
==735545==    at 0x497D858: malloc (vg_replace_malloc.c:447)
==735545==    by 0x4066564: emalloc_real (awk.h:2156)
==735545==    by 0x4066564: estrdup (main.c:1451)
==735545==    by 0x4014A21: do_add_srcfile (awkgram.y:2834)
==735545==    by 0x4018A70: add_srcfile (awkgram.y:2916)
==735545==    by 0x400D7E5: parse_args (main.c:1585)
==735545==    by 0x400D7E5: main (main.c:294)
==735545== 
==735545== 21 bytes in 3 blocks are still reachable in loss record 50 of 166
==735545==    at 0x497D858: malloc (vg_replace_malloc.c:447)
==735545==    by 0x4066564: emalloc_real (awk.h:2156)
==735545==    by 0x4066564: estrdup (main.c:1451)
==735545==    by 0x400D69D: save_argv (main.c:1498)
==735545==    by 0x400D69D: parse_args (main.c:1554)
==735545==    by 0x400D69D: main (main.c:294)
==735545== 
==735545== 21 bytes in 3 blocks are still reachable in loss record 51 of 166
==735545==    at 0x497D858: malloc (vg_replace_malloc.c:447)
==735545==    by 0x4069457: emalloc_real (awk.h:2156)
==735545==    by 0x4069457: make_str_node (node.c:422)
==735545==    by 0x400E9C6: load_procinfo_argv (main.c:991)
==735545==    by 0x400E9C6: load_procinfo (main.c:1093)
==735545==    by 0x400E9C6: init_vars (main.c:878)
==735545==    by 0x400E9C6: main (main.c:403)
==735545== 
==735545== 24 bytes in 1 blocks are still reachable in loss record 52 of 166
==735545==    at 0x4984E43: calloc (vg_replace_malloc.c:1678)
==735545==    by 0x405E8B2: ezalloc_real (awk.h:2174)
==735545==    by 0x405E8B2: init_awkpath (io.c:2996)
==735545==    by 0x405E8B2: do_find_source (io.c:3068)
==735545==    by 0x4065061: find_source (io.c:3098)
==735545==    by 0x40189F8: add_srcfile (awkgram.y:2864)
==735545==    by 0x400D7E5: parse_args (main.c:1585)
==735545==    by 0x400D7E5: main (main.c:294)
==735545== 
==735545== 24 bytes in 1 blocks are still reachable in loss record 53 of 166
==735545==    at 0x497D858: malloc (vg_replace_malloc.c:447)
==735545==    by 0x4069457: emalloc_real (awk.h:2156)
==735545==    by 0x4069457: make_str_node (node.c:422)
==735545==    by 0x4054B87: update_PROCINFO_str.part.0 (field.c:1662)
==735545==    by 0x400E730: load_procinfo (main.c:1022)
==735545==    by 0x400E730: init_vars (main.c:878)
==735545==    by 0x400E730: main (main.c:403)
==735545== 
==735545== 26 bytes in 1 blocks are still reachable in loss record 54 of 166
==735545==    at 0x497D858: malloc (vg_replace_malloc.c:447)
==735545==    by 0x405E9A7: emalloc_real (awk.h:2156)
==735545==    by 0x405E9A7: init_awkpath (io.c:3026)
==735545==    by 0x405E9A7: do_find_source (io.c:3068)
==735545==    by 0x4065061: find_source (io.c:3098)
==735545==    by 0x40189F8: add_srcfile (awkgram.y:2864)
==735545==    by 0x400D7E5: parse_args (main.c:1585)
==735545==    by 0x400D7E5: main (main.c:294)
==735545== 
==735545== 32 bytes in 1 blocks are still reachable in loss record 55 of 166
==735545==    at 0x497D858: malloc (vg_replace_malloc.c:447)
==735545==    by 0x4066202: emalloc_real.constprop.0 (awk.h:2156)
==735545==    by 0x400D66C: save_argv (main.c:1496)
==735545==    by 0x400D66C: parse_args (main.c:1554)
==735545==    by 0x400D66C: main (main.c:294)
==735545== 
==735545== 32 bytes in 1 blocks are still reachable in loss record 56 of 166
==735545==    at 0x497D858: malloc (vg_replace_malloc.c:447)
==735545==    by 0x4045E57: emalloc_real (awk.h:2156)
==735545==    by 0x4045E57: fmt_index (eval.c:913)
==735545==    by 0x4046F46: set_CONVFMT (eval.c:956)
==735545==    by 0x400D9A3: init_vars (main.c:873)
==735545==    by 0x400D9A3: main (main.c:403)
==735545== 
==735545== 38 bytes in 1 blocks are still reachable in loss record 57 of 166
==735545==    at 0x497D858: malloc (vg_replace_malloc.c:447)
==735545==    by 0x405E673: emalloc_real (awk.h:2156)
==735545==    by 0x405E673: do_find_source (io.c:3070)
==735545==    by 0x4065061: find_source (io.c:3098)
==735545==    by 0x40189F8: add_srcfile (awkgram.y:2864)
==735545==    by 0x400D7E5: parse_args (main.c:1585)
==735545==    by 0x400D7E5: main (main.c:294)
==735545== 
==735545== 48 bytes in 1 blocks are still reachable in loss record 58 of 166
==735545==    at 0x497D858: malloc (vg_replace_malloc.c:447)
==735545==    by 0x4068FEB: emalloc_real (awk.h:2156)
==735545==    by 0x4068FEB: r_getblock (node.c:1164)
==735545==    by 0x40768D9: str_lookup (str_array.c:214)
==735545==    by 0x407708C: assoc_set (awk.h:2220)
==735545==    by 0x407708C: install (symbol.c:430)
==735545==    by 0x4077369: install_symbol (symbol.c:173)
==735545==    by 0x4077369: init_the_tables (symbol.c:77)
==735545==    by 0x400D60A: main (main.c:287)
==735545== 
==735545== 48 bytes in 1 blocks are still reachable in loss record 59 of 166
==735545==    at 0x497D858: malloc (vg_replace_malloc.c:447)
==735545==    by 0x4068FEB: emalloc_real (awk.h:2156)
==735545==    by 0x4068FEB: r_getblock (node.c:1164)
==735545==    by 0x40768D9: str_lookup (str_array.c:214)
==735545==    by 0x407708C: assoc_set (awk.h:2220)
==735545==    by 0x407708C: install (symbol.c:430)
==735545==    by 0x4077390: install_symbol (symbol.c:173)
==735545==    by 0x4077390: init_the_tables (symbol.c:78)
==735545==    by 0x400D60A: main (main.c:287)
==735545== 
==735545== 48 bytes in 1 blocks are still reachable in loss record 60 of 166
==735545==    at 0x497D858: malloc (vg_replace_malloc.c:447)
==735545==    by 0x4068FEB: emalloc_real (awk.h:2156)
==735545==    by 0x4068FEB: r_getblock (node.c:1164)
==735545==    by 0x40768D9: str_lookup (str_array.c:214)
==735545==    by 0x407708C: assoc_set (awk.h:2220)
==735545==    by 0x407708C: install (symbol.c:430)
==735545==    by 0x400E703: load_procinfo (main.c:1019)
==735545==    by 0x400E703: init_vars (main.c:878)
==735545==    by 0x400E703: main (main.c:403)
==735545== 
==735545== 48 bytes in 1 blocks are still reachable in loss record 61 of 166
==735545==    at 0x497D858: malloc (vg_replace_malloc.c:447)
==735545==    by 0x4068FEB: emalloc_real (awk.h:2156)
==735545==    by 0x4068FEB: r_getblock (node.c:1164)
==735545==    by 0x40768D9: str_lookup (str_array.c:214)
==735545==    by 0x4054B9E: assoc_set (awk.h:2220)
==735545==    by 0x4054B9E: update_PROCINFO_str.part.0 (field.c:1662)
==735545==    by 0x400E71D: load_procinfo (main.c:1021)
==735545==    by 0x400E71D: init_vars (main.c:878)
==735545==    by 0x400E71D: main (main.c:403)
==735545== 
==735545== 48 bytes in 1 blocks are still reachable in loss record 62 of 166
==735545==    at 0x497D858: malloc (vg_replace_malloc.c:447)
==735545==    by 0x4068FEB: emalloc_real (awk.h:2156)
==735545==    by 0x4068FEB: r_getblock (node.c:1164)
==735545==    by 0x40768D9: str_lookup (str_array.c:214)
==735545==    by 0x4054B9E: assoc_set (awk.h:2220)
==735545==    by 0x4054B9E: update_PROCINFO_str.part.0 (field.c:1662)
==735545==    by 0x400E730: load_procinfo (main.c:1022)
==735545==    by 0x400E730: init_vars (main.c:878)
==735545==    by 0x400E730: main (main.c:403)
==735545== 
==735545== 48 bytes in 1 blocks are still reachable in loss record 63 of 166
==735545==    at 0x497D858: malloc (vg_replace_malloc.c:447)
==735545==    by 0x4068FEB: emalloc_real (awk.h:2156)
==735545==    by 0x4068FEB: r_getblock (node.c:1164)
==735545==    by 0x40768D9: str_lookup (str_array.c:214)
==735545==    by 0x4054B9E: assoc_set (awk.h:2220)
==735545==    by 0x4054B9E: update_PROCINFO_str.part.0 (field.c:1662)
==735545==    by 0x400E743: load_procinfo (main.c:1023)
==735545==    by 0x400E743: init_vars (main.c:878)
==735545==    by 0x400E743: main (main.c:403)
==735545== 
==735545== 48 bytes in 1 blocks are still reachable in loss record 64 of 166
==735545==    at 0x497D858: malloc (vg_replace_malloc.c:447)
==735545==    by 0x4068FEB: emalloc_real (awk.h:2156)
==735545==    by 0x4068FEB: r_getblock (node.c:1164)
==735545==    by 0x40768D9: str_lookup (str_array.c:214)
==735545==    by 0x405802A: assoc_set (awk.h:2220)
==735545==    by 0x405802A: update_PROCINFO_num (field.c:1675)
==735545==    by 0x400E757: load_procinfo (main.c:1035)
==735545==    by 0x400E757: init_vars (main.c:878)
==735545==    by 0x400E757: main (main.c:403)
==735545== 
==735545== 48 bytes in 1 blocks are still reachable in loss record 65 of 166
==735545==    at 0x497D858: malloc (vg_replace_malloc.c:447)
==735545==    by 0x4068FEB: emalloc_real (awk.h:2156)
==735545==    by 0x4068FEB: r_getblock (node.c:1164)
==735545==    by 0x40768D9: str_lookup (str_array.c:214)
==735545==    by 0x405802A: assoc_set (awk.h:2220)
==735545==    by 0x405802A: update_PROCINFO_num (field.c:1675)
==735545==    by 0x400E76B: load_procinfo (main.c:1036)
==735545==    by 0x400E76B: init_vars (main.c:878)
==735545==    by 0x400E76B: main (main.c:403)
==735545== 
==735545== 48 bytes in 1 blocks are still reachable in loss record 66 of 166
==735545==    at 0x497D858: malloc (vg_replace_malloc.c:447)
==735545==    by 0x4068FEB: emalloc_real (awk.h:2156)
==735545==    by 0x4068FEB: r_getblock (node.c:1164)
==735545==    by 0x40768D9: str_lookup (str_array.c:214)
==735545==    by 0x405802A: assoc_set (awk.h:2220)
==735545==    by 0x405802A: update_PROCINFO_num (field.c:1675)
==735545==    by 0x400E784: load_procinfo (main.c:1046)
==735545==    by 0x400E784: init_vars (main.c:878)
==735545==    by 0x400E784: main (main.c:403)
==735545== 
==735545== 48 bytes in 1 blocks are still reachable in loss record 67 of 166
==735545==    at 0x497D858: malloc (vg_replace_malloc.c:447)
==735545==    by 0x4068FEB: emalloc_real (awk.h:2156)
==735545==    by 0x4068FEB: r_getblock (node.c:1164)
==735545==    by 0x40768D9: str_lookup (str_array.c:214)
==735545==    by 0x405802A: assoc_set (awk.h:2220)
==735545==    by 0x405802A: update_PROCINFO_num (field.c:1675)
==735545==    by 0x400E79D: load_procinfo (main.c:1055)
==735545==    by 0x400E79D: init_vars (main.c:878)
==735545==    by 0x400E79D: main (main.c:403)
==735545== 
==735545== 48 bytes in 1 blocks are still reachable in loss record 68 of 166
==735545==    at 0x497D858: malloc (vg_replace_malloc.c:447)
==735545==    by 0x4068FEB: emalloc_real (awk.h:2156)
==735545==    by 0x4068FEB: r_getblock (node.c:1164)
==735545==    by 0x40768D9: str_lookup (str_array.c:214)
==735545==    by 0x405802A: assoc_set (awk.h:2220)
==735545==    by 0x405802A: update_PROCINFO_num (field.c:1675)
==735545==    by 0x400E7B6: load_procinfo (main.c:1058)
==735545==    by 0x400E7B6: init_vars (main.c:878)
==735545==    by 0x400E7B6: main (main.c:403)
==735545== 
==735545== 48 bytes in 1 blocks are still reachable in loss record 69 of 166
==735545==    at 0x497D858: malloc (vg_replace_malloc.c:447)
==735545==    by 0x4068FEB: emalloc_real (awk.h:2156)
==735545==    by 0x4068FEB: r_getblock (node.c:1164)
==735545==    by 0x40768D9: str_lookup (str_array.c:214)
==735545==    by 0x405802A: assoc_set (awk.h:2220)
==735545==    by 0x405802A: update_PROCINFO_num (field.c:1675)
==735545==    by 0x400E7D2: load_procinfo (main.c:1061)
==735545==    by 0x400E7D2: init_vars (main.c:878)
==735545==    by 0x400E7D2: main (main.c:403)
==735545== 
==735545== 48 bytes in 1 blocks are still reachable in loss record 70 of 166
==735545==    at 0x497D858: malloc (vg_replace_malloc.c:447)
==735545==    by 0x4068FEB: emalloc_real (awk.h:2156)
==735545==    by 0x4068FEB: r_getblock (node.c:1164)
==735545==    by 0x40768D9: str_lookup (str_array.c:214)
==735545==    by 0x405802A: assoc_set (awk.h:2220)
==735545==    by 0x405802A: update_PROCINFO_num (field.c:1675)
==735545==    by 0x400E7EE: load_procinfo (main.c:1064)
==735545==    by 0x400E7EE: init_vars (main.c:878)
==735545==    by 0x400E7EE: main (main.c:403)
==735545== 
==735545== 48 bytes in 1 blocks are still reachable in loss record 71 of 166
==735545==    at 0x497D858: malloc (vg_replace_malloc.c:447)
==735545==    by 0x4068FEB: emalloc_real (awk.h:2156)
==735545==    by 0x4068FEB: r_getblock (node.c:1164)
==735545==    by 0x40768D9: str_lookup (str_array.c:214)
==735545==    by 0x405802A: assoc_set (awk.h:2220)
==735545==    by 0x405802A: update_PROCINFO_num (field.c:1675)
==735545==    by 0x400E80A: load_procinfo (main.c:1067)
==735545==    by 0x400E80A: init_vars (main.c:878)
==735545==    by 0x400E80A: main (main.c:403)
==735545== 
==735545== 48 bytes in 1 blocks are still reachable in loss record 72 of 166
==735545==    at 0x497D858: malloc (vg_replace_malloc.c:447)
==735545==    by 0x4068FEB: emalloc_real (awk.h:2156)
==735545==    by 0x4068FEB: r_getblock (node.c:1164)
==735545==    by 0x40768D9: str_lookup (str_array.c:214)
==735545==    by 0x405802A: assoc_set (awk.h:2220)
==735545==    by 0x405802A: update_PROCINFO_num (field.c:1675)
==735545==    by 0x400E826: load_procinfo (main.c:1070)
==735545==    by 0x400E826: init_vars (main.c:878)
==735545==    by 0x400E826: main (main.c:403)
==735545== 
==735545== 48 bytes in 1 blocks are still reachable in loss record 73 of 166
==735545==    at 0x497D858: malloc (vg_replace_malloc.c:447)
==735545==    by 0x4068FEB: emalloc_real (awk.h:2156)
==735545==    by 0x4068FEB: r_getblock (node.c:1164)
==735545==    by 0x40768D9: str_lookup (str_array.c:214)
==735545==    by 0x4054B9E: assoc_set (awk.h:2220)
==735545==    by 0x4054B9E: update_PROCINFO_str.part.0 (field.c:1662)
==735545==    by 0x400E83A: load_procinfo (main.c:1072)
==735545==    by 0x400E83A: init_vars (main.c:878)
==735545==    by 0x400E83A: main (main.c:403)
==735545== 
==735545== 48 bytes in 1 blocks are still reachable in loss record 74 of 166
==735545==    at 0x497D858: malloc (vg_replace_malloc.c:447)
==735545==    by 0x4068FEB: emalloc_real (awk.h:2156)
==735545==    by 0x4068FEB: r_getblock (node.c:1164)
==735545==    by 0x40768D9: str_lookup (str_array.c:214)
==735545==    by 0x4054B9E: assoc_set (awk.h:2220)
==735545==    by 0x4054B9E: update_PROCINFO_str.part.0 (field.c:1662)
==735545==    by 0x400E8D2: load_procinfo (main.c:1087)
==735545==    by 0x400E8D2: init_vars (main.c:878)
==735545==    by 0x400E8D2: main (main.c:403)
==735545== 
==735545== 48 bytes in 1 blocks are still reachable in loss record 75 of 166
==735545==    at 0x497D858: malloc (vg_replace_malloc.c:447)
==735545==    by 0x4068FEB: emalloc_real (awk.h:2156)
==735545==    by 0x4068FEB: r_getblock (node.c:1164)
==735545==    by 0x40768D9: str_lookup (str_array.c:214)
==735545==    by 0x40662E6: assoc_set (awk.h:2220)
==735545==    by 0x400EC2D: load_procinfo_argv (main.c:997)
==735545==    by 0x400EC2D: load_procinfo (main.c:1093)
==735545==    by 0x400EC2D: init_vars (main.c:878)
==735545==    by 0x400EC2D: main (main.c:403)
==735545== 
==735545== 48 bytes in 1 blocks are still reachable in loss record 76 of 166
==735545==    at 0x497D858: malloc (vg_replace_malloc.c:447)
==735545==    by 0x4068FEB: emalloc_real (awk.h:2156)
==735545==    by 0x4068FEB: r_getblock (node.c:1164)
==735545==    by 0x40768D9: str_lookup (str_array.c:214)
==735545==    by 0x407708C: assoc_set (awk.h:2220)
==735545==    by 0x407708C: install (symbol.c:430)
==735545==    by 0x400E038: load_environ (main.c:930)
==735545==    by 0x400E038: init_vars (main.c:879)
==735545==    by 0x400E038: main (main.c:403)
==735545== 
==735545== 48 bytes in 1 blocks are still reachable in loss record 77 of 166
==735545==    at 0x497D858: malloc (vg_replace_malloc.c:447)
==735545==    by 0x4068FEB: emalloc_real (awk.h:2156)
==735545==    by 0x4068FEB: r_getblock (node.c:1164)
==735545==    by 0x40768D9: str_lookup (str_array.c:214)
==735545==    by 0x407708C: assoc_set (awk.h:2220)
==735545==    by 0x407708C: install (symbol.c:430)
==735545==    by 0x400E414: init_args (main.c:764)
==735545==    by 0x400E414: main (main.c:470)
==735545== 
==735545== 48 bytes in 1 blocks are still reachable in loss record 78 of 166
==735545==    at 0x497D858: malloc (vg_replace_malloc.c:447)
==735545==    by 0x4068FEB: emalloc_real (awk.h:2156)
==735545==    by 0x4068FEB: r_getblock (node.c:1164)
==735545==    by 0x40768D9: str_lookup (str_array.c:214)
==735545==    by 0x407708C: assoc_set (awk.h:2220)
==735545==    by 0x407708C: install (symbol.c:430)
==735545==    by 0x400EA90: init_args (main.c:791)
==735545==    by 0x400EA90: main (main.c:470)
==735545== 
==735545== 49 bytes in 14 blocks are still reachable in loss record 79 of 166
==735545==    at 0x497D858: malloc (vg_replace_malloc.c:447)
==735545==    by 0x4069457: emalloc_real (awk.h:2156)
==735545==    by 0x4069457: make_str_node (node.c:422)
==735545==    by 0x400D984: init_vars (main.c:867)
==735545==    by 0x400D984: main (main.c:403)
==735545== 
==735545== 60 bytes in 1 blocks are still reachable in loss record 80 of 166
==735545==    at 0x497D858: malloc (vg_replace_malloc.c:447)
==735545==    by 0x4014E9C: emalloc_real (awk.h:2156)
==735545==    by 0x4014E9C: tokexpand (awkgram.y:3294)
==735545==    by 0x4020FE6: parse_program (awkgram.y:2795)
==735545==    by 0x400EAD8: main (main.c:483)
==735545== 
==735545== 88 bytes in 1 blocks are still reachable in loss record 81 of 166
==735545==    at 0x497D858: malloc (vg_replace_malloc.c:447)
==735545==    by 0x4068FEB: emalloc_real (awk.h:2156)
==735545==    by 0x4068FEB: r_getblock (node.c:1164)
==735545==    by 0x40693C1: make_str_node (node.c:406)
==735545==    by 0x400D5C7: main (main.c:278)
==735545== 
==735545== 88 bytes in 1 blocks are still reachable in loss record 82 of 166
==735545==    at 0x497D858: malloc (vg_replace_malloc.c:447)
==735545==    by 0x4068FEB: emalloc_real (awk.h:2156)
==735545==    by 0x4068FEB: r_getblock (node.c:1164)
==735545==    by 0x40772C7: init_the_tables (symbol.c:68)
==735545==    by 0x400D60A: main (main.c:287)
==735545== 
==735545== 88 bytes in 1 blocks are still reachable in loss record 83 of 166
==735545==    at 0x497D858: malloc (vg_replace_malloc.c:447)
==735545==    by 0x4068FEB: emalloc_real (awk.h:2156)
==735545==    by 0x4068FEB: r_getblock (node.c:1164)
==735545==    by 0x4077308: init_the_tables (symbol.c:72)
==735545==    by 0x400D60A: main (main.c:287)
==735545== 
==735545== 88 bytes in 1 blocks are still reachable in loss record 84 of 166
==735545==    at 0x497D858: malloc (vg_replace_malloc.c:447)
==735545==    by 0x4068FEB: emalloc_real (awk.h:2156)
==735545==    by 0x4068FEB: r_getblock (node.c:1164)
==735545==    by 0x40693C1: make_str_node (node.c:406)
==735545==    by 0x4077055: install (symbol.c:399)
==735545==    by 0x4077369: install_symbol (symbol.c:173)
==735545==    by 0x4077369: init_the_tables (symbol.c:77)
==735545==    by 0x400D60A: main (main.c:287)
==735545== 
==735545== 88 bytes in 1 blocks are still reachable in loss record 85 of 166
==735545==    at 0x497D858: malloc (vg_replace_malloc.c:447)
==735545==    by 0x4068FEB: emalloc_real (awk.h:2156)
==735545==    by 0x4068FEB: r_getblock (node.c:1164)
==735545==    by 0x4077133: make_symbol (symbol.c:376)
==735545==    by 0x4077133: install (symbol.c:417)
==735545==    by 0x4077369: install_symbol (symbol.c:173)
==735545==    by 0x4077369: init_the_tables (symbol.c:77)
==735545==    by 0x400D60A: main (main.c:287)
==735545== 
==735545== 88 bytes in 1 blocks are still reachable in loss record 86 of 166
==735545==    at 0x497D858: malloc (vg_replace_malloc.c:447)
==735545==    by 0x4068FEB: emalloc_real (awk.h:2156)
==735545==    by 0x4068FEB: r_getblock (node.c:1164)
==735545==    by 0x40693C1: make_str_node (node.c:406)
==735545==    by 0x4077055: install (symbol.c:399)
==735545==    by 0x4077390: install_symbol (symbol.c:173)
==735545==    by 0x4077390: init_the_tables (symbol.c:78)
==735545==    by 0x400D60A: main (main.c:287)
==735545== 
==735545== 88 bytes in 1 blocks are still reachable in loss record 87 of 166
==735545==    at 0x497D858: malloc (vg_replace_malloc.c:447)
==735545==    by 0x4068FEB: emalloc_real (awk.h:2156)
==735545==    by 0x4068FEB: r_getblock (node.c:1164)
==735545==    by 0x4077133: make_symbol (symbol.c:376)
==735545==    by 0x4077133: install (symbol.c:417)
==735545==    by 0x4077390: install_symbol (symbol.c:173)
==735545==    by 0x4077390: init_the_tables (symbol.c:78)
==735545==    by 0x400D60A: main (main.c:287)
==735545== 
==735545== 88 bytes in 1 blocks are still reachable in loss record 88 of 166
==735545==    at 0x497D858: malloc (vg_replace_malloc.c:447)
==735545==    by 0x4068FEB: emalloc_real (awk.h:2156)
==735545==    by 0x4068FEB: r_getblock (node.c:1164)
==735545==    by 0x40693C1: make_str_node (node.c:406)
==735545==    by 0x4077055: install (symbol.c:399)
==735545==    by 0x400E703: load_procinfo (main.c:1019)
==735545==    by 0x400E703: init_vars (main.c:878)
==735545==    by 0x400E703: main (main.c:403)
==735545== 
==735545== 88 bytes in 1 blocks are still reachable in loss record 89 of 166
==735545==    at 0x497D858: malloc (vg_replace_malloc.c:447)
==735545==    by 0x4068FEB: emalloc_real (awk.h:2156)
==735545==    by 0x4068FEB: r_getblock (node.c:1164)
==735545==    by 0x4077133: make_symbol (symbol.c:376)
==735545==    by 0x4077133: install (symbol.c:417)
==735545==    by 0x400E703: load_procinfo (main.c:1019)
==735545==    by 0x400E703: init_vars (main.c:878)
==735545==    by 0x400E703: main (main.c:403)
==735545== 
==735545== 88 bytes in 1 blocks are still reachable in loss record 90 of 166
==735545==    at 0x497D858: malloc (vg_replace_malloc.c:447)
==735545==    by 0x4068FEB: emalloc_real (awk.h:2156)
==735545==    by 0x4068FEB: r_getblock (node.c:1164)
==735545==    by 0x40693C1: make_str_node (node.c:406)
==735545==    by 0x4054B6F: update_PROCINFO_str.part.0 (field.c:1661)
==735545==    by 0x400E71D: load_procinfo (main.c:1021)
==735545==    by 0x400E71D: init_vars (main.c:878)
==735545==    by 0x400E71D: main (main.c:403)
==735545== 
==735545== 88 bytes in 1 blocks are still reachable in loss record 91 of 166
==735545==    at 0x497D858: malloc (vg_replace_malloc.c:447)
==735545==    by 0x4068FEB: emalloc_real (awk.h:2156)
==735545==    by 0x4068FEB: r_getblock (node.c:1164)
==735545==    by 0x40693C1: make_str_node (node.c:406)
==735545==    by 0x4054B87: update_PROCINFO_str.part.0 (field.c:1662)
==735545==    by 0x400E71D: load_procinfo (main.c:1021)
==735545==    by 0x400E71D: init_vars (main.c:878)
==735545==    by 0x400E71D: main (main.c:403)
==735545== 
==735545== 88 bytes in 1 blocks are still reachable in loss record 92 of 166
==735545==    at 0x497D858: malloc (vg_replace_malloc.c:447)
==735545==    by 0x4068FEB: emalloc_real (awk.h:2156)
==735545==    by 0x4068FEB: r_getblock (node.c:1164)
==735545==    by 0x40693C1: make_str_node (node.c:406)
==735545==    by 0x4054B6F: update_PROCINFO_str.part.0 (field.c:1661)
==735545==    by 0x400E730: load_procinfo (main.c:1022)
==735545==    by 0x400E730: init_vars (main.c:878)
==735545==    by 0x400E730: main (main.c:403)
==735545== 
==735545== 88 bytes in 1 blocks are still reachable in loss record 93 of 166
==735545==    at 0x497D858: malloc (vg_replace_malloc.c:447)
==735545==    by 0x4068FEB: emalloc_real (awk.h:2156)
==735545==    by 0x4068FEB: r_getblock (node.c:1164)
==735545==    by 0x40693C1: make_str_node (node.c:406)
==735545==    by 0x4054B87: update_PROCINFO_str.part.0 (field.c:1662)
==735545==    by 0x400E730: load_procinfo (main.c:1022)
==735545==    by 0x400E730: init_vars (main.c:878)
==735545==    by 0x400E730: main (main.c:403)
==735545== 
==735545== 88 bytes in 1 blocks are still reachable in loss record 94 of 166
==735545==    at 0x497D858: malloc (vg_replace_malloc.c:447)
==735545==    by 0x4068FEB: emalloc_real (awk.h:2156)
==735545==    by 0x4068FEB: r_getblock (node.c:1164)
==735545==    by 0x40693C1: make_str_node (node.c:406)
==735545==    by 0x4054B6F: update_PROCINFO_str.part.0 (field.c:1661)
==735545==    by 0x400E743: load_procinfo (main.c:1023)
==735545==    by 0x400E743: init_vars (main.c:878)
==735545==    by 0x400E743: main (main.c:403)
==735545== 
==735545== 88 bytes in 1 blocks are still reachable in loss record 95 of 166
==735545==    at 0x497D858: malloc (vg_replace_malloc.c:447)
==735545==    by 0x4068FEB: emalloc_real (awk.h:2156)
==735545==    by 0x4068FEB: r_getblock (node.c:1164)
==735545==    by 0x40693C1: make_str_node (node.c:406)
==735545==    by 0x4054B87: update_PROCINFO_str.part.0 (field.c:1662)
==735545==    by 0x400E743: load_procinfo (main.c:1023)
==735545==    by 0x400E743: init_vars (main.c:878)
==735545==    by 0x400E743: main (main.c:403)
==735545== 
==735545== 88 bytes in 1 blocks are still reachable in loss record 96 of 166
==735545==    at 0x497D858: malloc (vg_replace_malloc.c:447)
==735545==    by 0x4068FEB: emalloc_real (awk.h:2156)
==735545==    by 0x4068FEB: r_getblock (node.c:1164)
==735545==    by 0x40693C1: make_str_node (node.c:406)
==735545==    by 0x4058004: update_PROCINFO_num (field.c:1674)
==735545==    by 0x400E757: load_procinfo (main.c:1035)
==735545==    by 0x400E757: init_vars (main.c:878)
==735545==    by 0x400E757: main (main.c:403)
==735545== 
==735545== 88 bytes in 1 blocks are still reachable in loss record 97 of 166
==735545==    at 0x497D858: malloc (vg_replace_malloc.c:447)
==735545==    by 0x4068FEB: emalloc_real (awk.h:2156)
==735545==    by 0x4068FEB: r_getblock (node.c:1164)
==735545==    by 0x4069930: make_number_node (awk.h:2206)
==735545==    by 0x4069930: r_make_number (node.c:369)
==735545==    by 0x4058013: update_PROCINFO_num (field.c:1675)
==735545==    by 0x400E757: load_procinfo (main.c:1035)
==735545==    by 0x400E757: init_vars (main.c:878)
==735545==    by 0x400E757: main (main.c:403)
==735545== 
==735545== 88 bytes in 1 blocks are still reachable in loss record 98 of 166
==735545==    at 0x497D858: malloc (vg_replace_malloc.c:447)
==735545==    by 0x4068FEB: emalloc_real (awk.h:2156)
==735545==    by 0x4068FEB: r_getblock (node.c:1164)
==735545==    by 0x40693C1: make_str_node (node.c:406)
==735545==    by 0x4058004: update_PROCINFO_num (field.c:1674)
==735545==    by 0x400E76B: load_procinfo (main.c:1036)
==735545==    by 0x400E76B: init_vars (main.c:878)
==735545==    by 0x400E76B: main (main.c:403)
==735545== 
==735545== 88 bytes in 1 blocks are still reachable in loss record 99 of 166
==735545==    at 0x497D858: malloc (vg_replace_malloc.c:447)
==735545==    by 0x4068FEB: emalloc_real (awk.h:2156)
==735545==    by 0x4068FEB: r_getblock (node.c:1164)
==735545==    by 0x4069930: make_number_node (awk.h:2206)
==735545==    by 0x4069930: r_make_number (node.c:369)
==735545==    by 0x4058013: update_PROCINFO_num (field.c:1675)
==735545==    by 0x400E76B: load_procinfo (main.c:1036)
==735545==    by 0x400E76B: init_vars (main.c:878)
==735545==    by 0x400E76B: main (main.c:403)
==735545== 
==735545== 88 bytes in 1 blocks are still reachable in loss record 100 of 166
==735545==    at 0x497D858: malloc (vg_replace_malloc.c:447)
==735545==    by 0x4068FEB: emalloc_real (awk.h:2156)
==735545==    by 0x4068FEB: r_getblock (node.c:1164)
==735545==    by 0x40693C1: make_str_node (node.c:406)
==735545==    by 0x4058004: update_PROCINFO_num (field.c:1674)
==735545==    by 0x400E784: load_procinfo (main.c:1046)
==735545==    by 0x400E784: init_vars (main.c:878)
==735545==    by 0x400E784: main (main.c:403)
==735545== 
==735545== 88 bytes in 1 blocks are still reachable in loss record 101 of 166
==735545==    at 0x497D858: malloc (vg_replace_malloc.c:447)
==735545==    by 0x4068FEB: emalloc_real (awk.h:2156)
==735545==    by 0x4068FEB: r_getblock (node.c:1164)
==735545==    by 0x4069930: make_number_node (awk.h:2206)
==735545==    by 0x4069930: r_make_number (node.c:369)
==735545==    by 0x4058013: update_PROCINFO_num (field.c:1675)
==735545==    by 0x400E784: load_procinfo (main.c:1046)
==735545==    by 0x400E784: init_vars (main.c:878)
==735545==    by 0x400E784: main (main.c:403)
==735545== 
==735545== 88 bytes in 1 blocks are still reachable in loss record 102 of 166
==735545==    at 0x497D858: malloc (vg_replace_malloc.c:447)
==735545==    by 0x4068FEB: emalloc_real (awk.h:2156)
==735545==    by 0x4068FEB: r_getblock (node.c:1164)
==735545==    by 0x40693C1: make_str_node (node.c:406)
==735545==    by 0x4058004: update_PROCINFO_num (field.c:1674)
==735545==    by 0x400E79D: load_procinfo (main.c:1055)
==735545==    by 0x400E79D: init_vars (main.c:878)
==735545==    by 0x400E79D: main (main.c:403)
==735545== 
==735545== 88 bytes in 1 blocks are still reachable in loss record 103 of 166
==735545==    at 0x497D858: malloc (vg_replace_malloc.c:447)
==735545==    by 0x4068FEB: emalloc_real (awk.h:2156)
==735545==    by 0x4068FEB: r_getblock (node.c:1164)
==735545==    by 0x4069930: make_number_node (awk.h:2206)
==735545==    by 0x4069930: r_make_number (node.c:369)
==735545==    by 0x4058013: update_PROCINFO_num (field.c:1675)
==735545==    by 0x400E79D: load_procinfo (main.c:1055)
==735545==    by 0x400E79D: init_vars (main.c:878)
==735545==    by 0x400E79D: main (main.c:403)
==735545== 
==735545== 88 bytes in 1 blocks are still reachable in loss record 104 of 166
==735545==    at 0x497D858: malloc (vg_replace_malloc.c:447)
==735545==    by 0x4068FEB: emalloc_real (awk.h:2156)
==735545==    by 0x4068FEB: r_getblock (node.c:1164)
==735545==    by 0x40693C1: make_str_node (node.c:406)
==735545==    by 0x4058004: update_PROCINFO_num (field.c:1674)
==735545==    by 0x400E7B6: load_procinfo (main.c:1058)
==735545==    by 0x400E7B6: init_vars (main.c:878)
==735545==    by 0x400E7B6: main (main.c:403)
==735545== 
==735545== 88 bytes in 1 blocks are still reachable in loss record 105 of 166
==735545==    at 0x497D858: malloc (vg_replace_malloc.c:447)
==735545==    by 0x4068FEB: emalloc_real (awk.h:2156)
==735545==    by 0x4068FEB: r_getblock (node.c:1164)
==735545==    by 0x4069930: make_number_node (awk.h:2206)
==735545==    by 0x4069930: r_make_number (node.c:369)
==735545==    by 0x4058013: update_PROCINFO_num (field.c:1675)
==735545==    by 0x400E7B6: load_procinfo (main.c:1058)
==735545==    by 0x400E7B6: init_vars (main.c:878)
==735545==    by 0x400E7B6: main (main.c:403)
==735545== 
==735545== 88 bytes in 1 blocks are still reachable in loss record 106 of 166
==735545==    at 0x497D858: malloc (vg_replace_malloc.c:447)
==735545==    by 0x4068FEB: emalloc_real (awk.h:2156)
==735545==    by 0x4068FEB: r_getblock (node.c:1164)
==735545==    by 0x40693C1: make_str_node (node.c:406)
==735545==    by 0x4058004: update_PROCINFO_num (field.c:1674)
==735545==    by 0x400E7D2: load_procinfo (main.c:1061)
==735545==    by 0x400E7D2: init_vars (main.c:878)
==735545==    by 0x400E7D2: main (main.c:403)
==735545== 
==735545== 88 bytes in 1 blocks are still reachable in loss record 107 of 166
==735545==    at 0x497D858: malloc (vg_replace_malloc.c:447)
==735545==    by 0x4068FEB: emalloc_real (awk.h:2156)
==735545==    by 0x4068FEB: r_getblock (node.c:1164)
==735545==    by 0x4069930: make_number_node (awk.h:2206)
==735545==    by 0x4069930: r_make_number (node.c:369)
==735545==    by 0x4058013: update_PROCINFO_num (field.c:1675)
==735545==    by 0x400E7D2: load_procinfo (main.c:1061)
==735545==    by 0x400E7D2: init_vars (main.c:878)
==735545==    by 0x400E7D2: main (main.c:403)
==735545== 
==735545== 88 bytes in 1 blocks are still reachable in loss record 108 of 166
==735545==    at 0x497D858: malloc (vg_replace_malloc.c:447)
==735545==    by 0x4068FEB: emalloc_real (awk.h:2156)
==735545==    by 0x4068FEB: r_getblock (node.c:1164)
==735545==    by 0x40693C1: make_str_node (node.c:406)
==735545==    by 0x4058004: update_PROCINFO_num (field.c:1674)
==735545==    by 0x400E7EE: load_procinfo (main.c:1064)
==735545==    by 0x400E7EE: init_vars (main.c:878)
==735545==    by 0x400E7EE: main (main.c:403)
==735545== 
==735545== 88 bytes in 1 blocks are still reachable in loss record 109 of 166
==735545==    at 0x497D858: malloc (vg_replace_malloc.c:447)
==735545==    by 0x4068FEB: emalloc_real (awk.h:2156)
==735545==    by 0x4068FEB: r_getblock (node.c:1164)
==735545==    by 0x4069930: make_number_node (awk.h:2206)
==735545==    by 0x4069930: r_make_number (node.c:369)
==735545==    by 0x4058013: update_PROCINFO_num (field.c:1675)
==735545==    by 0x400E7EE: load_procinfo (main.c:1064)
==735545==    by 0x400E7EE: init_vars (main.c:878)
==735545==    by 0x400E7EE: main (main.c:403)
==735545== 
==735545== 88 bytes in 1 blocks are still reachable in loss record 110 of 166
==735545==    at 0x497D858: malloc (vg_replace_malloc.c:447)
==735545==    by 0x4068FEB: emalloc_real (awk.h:2156)
==735545==    by 0x4068FEB: r_getblock (node.c:1164)
==735545==    by 0x40693C1: make_str_node (node.c:406)
==735545==    by 0x4058004: update_PROCINFO_num (field.c:1674)
==735545==    by 0x400E80A: load_procinfo (main.c:1067)
==735545==    by 0x400E80A: init_vars (main.c:878)
==735545==    by 0x400E80A: main (main.c:403)
==735545== 
==735545== 88 bytes in 1 blocks are still reachable in loss record 111 of 166
==735545==    at 0x497D858: malloc (vg_replace_malloc.c:447)
==735545==    by 0x4068FEB: emalloc_real (awk.h:2156)
==735545==    by 0x4068FEB: r_getblock (node.c:1164)
==735545==    by 0x4069930: make_number_node (awk.h:2206)
==735545==    by 0x4069930: r_make_number (node.c:369)
==735545==    by 0x4058013: update_PROCINFO_num (field.c:1675)
==735545==    by 0x400E80A: load_procinfo (main.c:1067)
==735545==    by 0x400E80A: init_vars (main.c:878)
==735545==    by 0x400E80A: main (main.c:403)
==735545== 
==735545== 88 bytes in 1 blocks are still reachable in loss record 112 of 166
==735545==    at 0x497D858: malloc (vg_replace_malloc.c:447)
==735545==    by 0x4068FEB: emalloc_real (awk.h:2156)
==735545==    by 0x4068FEB: r_getblock (node.c:1164)
==735545==    by 0x40693C1: make_str_node (node.c:406)
==735545==    by 0x4058004: update_PROCINFO_num (field.c:1674)
==735545==    by 0x400E826: load_procinfo (main.c:1070)
==735545==    by 0x400E826: init_vars (main.c:878)
==735545==    by 0x400E826: main (main.c:403)
==735545== 
==735545== 88 bytes in 1 blocks are still reachable in loss record 113 of 166
==735545==    at 0x497D858: malloc (vg_replace_malloc.c:447)
==735545==    by 0x4068FEB: emalloc_real (awk.h:2156)
==735545==    by 0x4068FEB: r_getblock (node.c:1164)
==735545==    by 0x4069930: make_number_node (awk.h:2206)
==735545==    by 0x4069930: r_make_number (node.c:369)
==735545==    by 0x4058013: update_PROCINFO_num (field.c:1675)
==735545==    by 0x400E826: load_procinfo (main.c:1070)
==735545==    by 0x400E826: init_vars (main.c:878)
==735545==    by 0x400E826: main (main.c:403)
==735545== 
==735545== 88 bytes in 1 blocks are still reachable in loss record 114 of 166
==735545==    at 0x497D858: malloc (vg_replace_malloc.c:447)
==735545==    by 0x4068FEB: emalloc_real (awk.h:2156)
==735545==    by 0x4068FEB: r_getblock (node.c:1164)
==735545==    by 0x40693C1: make_str_node (node.c:406)
==735545==    by 0x4054B6F: update_PROCINFO_str.part.0 (field.c:1661)
==735545==    by 0x400E83A: load_procinfo (main.c:1072)
==735545==    by 0x400E83A: init_vars (main.c:878)
==735545==    by 0x400E83A: main (main.c:403)
==735545== 
==735545== 88 bytes in 1 blocks are still reachable in loss record 115 of 166
==735545==    at 0x497D858: malloc (vg_replace_malloc.c:447)
==735545==    by 0x4068FEB: emalloc_real (awk.h:2156)
==735545==    by 0x4068FEB: r_getblock (node.c:1164)
==735545==    by 0x40693C1: make_str_node (node.c:406)
==735545==    by 0x4054B87: update_PROCINFO_str.part.0 (field.c:1662)
==735545==    by 0x400E83A: load_procinfo (main.c:1072)
==735545==    by 0x400E83A: init_vars (main.c:878)
==735545==    by 0x400E83A: main (main.c:403)
==735545== 
==735545== 88 bytes in 1 blocks are still reachable in loss record 116 of 166
==735545==    at 0x497D858: malloc (vg_replace_malloc.c:447)
==735545==    by 0x4068FEB: emalloc_real (awk.h:2156)
==735545==    by 0x4068FEB: r_getblock (node.c:1164)
==735545==    by 0x40693C1: make_str_node (node.c:406)
==735545==    by 0x4054B6F: update_PROCINFO_str.part.0 (field.c:1661)
==735545==    by 0x400E8D2: load_procinfo (main.c:1087)
==735545==    by 0x400E8D2: init_vars (main.c:878)
==735545==    by 0x400E8D2: main (main.c:403)
==735545== 
==735545== 88 bytes in 1 blocks are still reachable in loss record 117 of 166
==735545==    at 0x497D858: malloc (vg_replace_malloc.c:447)
==735545==    by 0x4068FEB: emalloc_real (awk.h:2156)
==735545==    by 0x4068FEB: r_getblock (node.c:1164)
==735545==    by 0x40693C1: make_str_node (node.c:406)
==735545==    by 0x4054B87: update_PROCINFO_str.part.0 (field.c:1662)
==735545==    by 0x400E8D2: load_procinfo (main.c:1087)
==735545==    by 0x400E8D2: init_vars (main.c:878)
==735545==    by 0x400E8D2: main (main.c:403)
==735545== 
==735545== 88 bytes in 1 blocks are still reachable in loss record 118 of 166
==735545==    at 0x497D858: malloc (vg_replace_malloc.c:447)
==735545==    by 0x4068FEB: emalloc_real (awk.h:2156)
==735545==    by 0x4068FEB: r_getblock (node.c:1164)
==735545==    by 0x400E8E9: load_procinfo_argv (main.c:984)
==735545==    by 0x400E8E9: load_procinfo (main.c:1093)
==735545==    by 0x400E8E9: init_vars (main.c:878)
==735545==    by 0x400E8E9: main (main.c:403)
==735545== 
==735545== 88 bytes in 1 blocks are still reachable in loss record 119 of 166
==735545==    at 0x497D858: malloc (vg_replace_malloc.c:447)
==735545==    by 0x4068FEB: emalloc_real (awk.h:2156)
==735545==    by 0x4068FEB: r_getblock (node.c:1164)
==735545==    by 0x40348D2: make_node (cint_array.c:731)
==735545==    by 0x40348D2: cint_lookup (cint_array.c:256)
==735545==    by 0x400E9D6: assoc_set (awk.h:2220)
==735545==    by 0x400E9D6: load_procinfo_argv (main.c:992)
==735545==    by 0x400E9D6: load_procinfo (main.c:1093)
==735545==    by 0x400E9D6: init_vars (main.c:878)
==735545==    by 0x400E9D6: main (main.c:403)
==735545== 
==735545== 88 bytes in 1 blocks are still reachable in loss record 120 of 166
==735545==    at 0x497D858: malloc (vg_replace_malloc.c:447)
==735545==    by 0x4068FEB: emalloc_real (awk.h:2156)
==735545==    by 0x4068FEB: r_getblock (node.c:1164)
==735545==    by 0x40344E7: make_node (cint_array.c:731)
==735545==    by 0x40344E7: tree_lookup (cint_array.c:796)
==735545==    by 0x400E9D6: assoc_set (awk.h:2220)
==735545==    by 0x400E9D6: load_procinfo_argv (main.c:992)
==735545==    by 0x400E9D6: load_procinfo (main.c:1093)
==735545==    by 0x400E9D6: init_vars (main.c:878)
==735545==    by 0x400E9D6: main (main.c:403)
==735545== 
==735545== 88 bytes in 1 blocks are still reachable in loss record 121 of 166
==735545==    at 0x497D858: malloc (vg_replace_malloc.c:447)
==735545==    by 0x4068FEB: emalloc_real (awk.h:2156)
==735545==    by 0x4068FEB: r_getblock (node.c:1164)
==735545==    by 0x40693C1: make_str_node (node.c:406)
==735545==    by 0x400EC1B: load_procinfo_argv (main.c:996)
==735545==    by 0x400EC1B: load_procinfo (main.c:1093)
==735545==    by 0x400EC1B: init_vars (main.c:878)
==735545==    by 0x400EC1B: main (main.c:403)
==735545== 
==735545== 88 bytes in 1 blocks are still reachable in loss record 122 of 166
==735545==    at 0x497D858: malloc (vg_replace_malloc.c:447)
==735545==    by 0x4068FEB: emalloc_real (awk.h:2156)
==735545==    by 0x4068FEB: r_getblock (node.c:1164)
==735545==    by 0x40693C1: make_str_node (node.c:406)
==735545==    by 0x4077055: install (symbol.c:399)
==735545==    by 0x400E038: load_environ (main.c:930)
==735545==    by 0x400E038: init_vars (main.c:879)
==735545==    by 0x400E038: main (main.c:403)
==735545== 
==735545== 88 bytes in 1 blocks are still reachable in loss record 123 of 166
==735545==    at 0x497D858: malloc (vg_replace_malloc.c:447)
==735545==    by 0x4068FEB: emalloc_real (awk.h:2156)
==735545==    by 0x4068FEB: r_getblock (node.c:1164)
==735545==    by 0x4077133: make_symbol (symbol.c:376)
==735545==    by 0x4077133: install (symbol.c:417)
==735545==    by 0x400E038: load_environ (main.c:930)
==735545==    by 0x400E038: init_vars (main.c:879)
==735545==    by 0x400E038: main (main.c:403)
==735545== 
==735545== 88 bytes in 1 blocks are still reachable in loss record 124 of 166
==735545==    at 0x497D858: malloc (vg_replace_malloc.c:447)
==735545==    by 0x4068FEB: emalloc_real (awk.h:2156)
==735545==    by 0x4068FEB: r_getblock (node.c:1164)
==735545==    by 0x40693C1: make_str_node (node.c:406)
==735545==    by 0x4055395: init_fields (field.c:105)
==735545==    by 0x400E1A4: main (main.c:410)
==735545== 
==735545== 88 bytes in 1 blocks are still reachable in loss record 125 of 166
==735545==    at 0x497D858: malloc (vg_replace_malloc.c:447)
==735545==    by 0x4068FEB: emalloc_real (awk.h:2156)
==735545==    by 0x4068FEB: r_getblock (node.c:1164)
==735545==    by 0x40693C1: make_str_node (node.c:406)
==735545==    by 0x40553E0: init_fields (field.c:111)
==735545==    by 0x400E1A4: main (main.c:410)
==735545== 
==735545== 88 bytes in 1 blocks are still reachable in loss record 126 of 166
==735545==    at 0x497D858: malloc (vg_replace_malloc.c:447)
==735545==    by 0x4068FEB: emalloc_real (awk.h:2156)
==735545==    by 0x4068FEB: r_getblock (node.c:1164)
==735545==    by 0x4048A91: init_interpret (eval.c:1902)
==735545==    by 0x400E3D5: main (main.c:468)
==735545== 
==735545== 88 bytes in 1 blocks are still reachable in loss record 127 of 166
==735545==    at 0x497D858: malloc (vg_replace_malloc.c:447)
==735545==    by 0x4068FEB: emalloc_real (awk.h:2156)
==735545==    by 0x4068FEB: r_getblock (node.c:1164)
==735545==    by 0x4069930: make_number_node (awk.h:2206)
==735545==    by 0x4069930: r_make_number (node.c:369)
==735545==    by 0x4048AE5: init_interpret (eval.c:1910)
==735545==    by 0x400E3D5: main (main.c:468)
==735545== 
==735545== 88 bytes in 1 blocks are still reachable in loss record 128 of 166
==735545==    at 0x497D858: malloc (vg_replace_malloc.c:447)
==735545==    by 0x4068FEB: emalloc_real (awk.h:2156)
==735545==    by 0x4068FEB: r_getblock (node.c:1164)
==735545==    by 0x4069930: make_number_node (awk.h:2206)
==735545==    by 0x4069930: r_make_number (node.c:369)
==735545==    by 0x4048AFA: init_interpret (eval.c:1911)
==735545==    by 0x400E3D5: main (main.c:468)
==735545== 
==735545== 88 bytes in 1 blocks are still reachable in loss record 129 of 166
==735545==    at 0x497D858: malloc (vg_replace_malloc.c:447)
==735545==    by 0x4068FEB: emalloc_real (awk.h:2156)
==735545==    by 0x4068FEB: r_getblock (node.c:1164)
==735545==    by 0x40693C1: make_str_node (node.c:406)
==735545==    by 0x4077055: install (symbol.c:399)
==735545==    by 0x400E414: init_args (main.c:764)
==735545==    by 0x400E414: main (main.c:470)
==735545== 
==735545== 88 bytes in 1 blocks are still reachable in loss record 130 of 166
==735545==    at 0x497D858: malloc (vg_replace_malloc.c:447)
==735545==    by 0x4068FEB: emalloc_real (awk.h:2156)
==735545==    by 0x4068FEB: r_getblock (node.c:1164)
==735545==    by 0x4077133: make_symbol (symbol.c:376)
==735545==    by 0x4077133: install (symbol.c:417)
==735545==    by 0x400E414: init_args (main.c:764)
==735545==    by 0x400E414: main (main.c:470)
==735545== 
==735545== 88 bytes in 1 blocks are still reachable in loss record 131 of 166
==735545==    at 0x497D858: malloc (vg_replace_malloc.c:447)
==735545==    by 0x4068FEB: emalloc_real (awk.h:2156)
==735545==    by 0x4068FEB: r_getblock (node.c:1164)
==735545==    by 0x40693C1: make_str_node (node.c:406)
==735545==    by 0x400E43D: init_args (main.c:766)
==735545==    by 0x400E43D: main (main.c:470)
==735545== 
==735545== 88 bytes in 1 blocks are still reachable in loss record 132 of 166
==735545==    at 0x497D858: malloc (vg_replace_malloc.c:447)
==735545==    by 0x4068FEB: emalloc_real (awk.h:2156)
==735545==    by 0x4068FEB: r_getblock (node.c:1164)
==735545==    by 0x40348D2: make_node (cint_array.c:731)
==735545==    by 0x40348D2: cint_lookup (cint_array.c:256)
==735545==    by 0x40662E6: assoc_set (awk.h:2220)
==735545==    by 0x400E453: init_args (main.c:768)
==735545==    by 0x400E453: main (main.c:470)
==735545== 
==735545== 88 bytes in 1 blocks are still reachable in loss record 133 of 166
==735545==    at 0x497D858: malloc (vg_replace_malloc.c:447)
==735545==    by 0x4068FEB: emalloc_real (awk.h:2156)
==735545==    by 0x4068FEB: r_getblock (node.c:1164)
==735545==    by 0x40344E7: make_node (cint_array.c:731)
==735545==    by 0x40344E7: tree_lookup (cint_array.c:796)
==735545==    by 0x40662E6: assoc_set (awk.h:2220)
==735545==    by 0x400E453: init_args (main.c:768)
==735545==    by 0x400E453: main (main.c:470)
==735545== 
==735545== 88 bytes in 1 blocks are still reachable in loss record 134 of 166
==735545==    at 0x497D858: malloc (vg_replace_malloc.c:447)
==735545==    by 0x4068FEB: emalloc_real (awk.h:2156)
==735545==    by 0x4068FEB: r_getblock (node.c:1164)
==735545==    by 0x40693C1: make_str_node (node.c:406)
==735545==    by 0x4077055: install (symbol.c:399)
==735545==    by 0x400EA90: init_args (main.c:791)
==735545==    by 0x400EA90: main (main.c:470)
==735545== 
==735545== 88 bytes in 1 blocks are still reachable in loss record 135 of 166
==735545==    at 0x497D858: malloc (vg_replace_malloc.c:447)
==735545==    by 0x4068FEB: emalloc_real (awk.h:2156)
==735545==    by 0x4068FEB: r_getblock (node.c:1164)
==735545==    by 0x4077133: make_symbol (symbol.c:376)
==735545==    by 0x4077133: install (symbol.c:417)
==735545==    by 0x400EA90: init_args (main.c:791)
==735545==    by 0x400EA90: main (main.c:470)
==735545== 
==735545== 88 bytes in 1 blocks are still reachable in loss record 136 of 166
==735545==    at 0x497D858: malloc (vg_replace_malloc.c:447)
==735545==    by 0x4068FEB: emalloc_real (awk.h:2156)
==735545==    by 0x4068FEB: r_getblock (node.c:1164)
==735545==    by 0x4069930: make_number_node (awk.h:2206)
==735545==    by 0x4069930: r_make_number (node.c:369)
==735545==    by 0x400EAA8: init_args (main.c:792)
==735545==    by 0x400EAA8: main (main.c:470)
==735545== 
==735545== 104 bytes in 1 blocks are still reachable in loss record 137 of 166
==735545==    at 0x4984E43: calloc (vg_replace_malloc.c:1678)
==735545==    by 0x4075D54: ezalloc_real (awk.h:2174)
==735545==    by 0x4075D54: grow_table (str_array.c:682)
==735545==    by 0x407693C: str_lookup (str_array.c:150)
==735545==    by 0x407708C: assoc_set (awk.h:2220)
==735545==    by 0x407708C: install (symbol.c:430)
==735545==    by 0x4077369: install_symbol (symbol.c:173)
==735545==    by 0x4077369: init_the_tables (symbol.c:77)
==735545==    by 0x400D60A: main (main.c:287)
==735545== 
==735545== 104 bytes in 1 blocks are still reachable in loss record 138 of 166
==735545==    at 0x4984E43: calloc (vg_replace_malloc.c:1678)
==735545==    by 0x4075D54: ezalloc_real (awk.h:2174)
==735545==    by 0x4075D54: grow_table (str_array.c:682)
==735545==    by 0x407693C: str_lookup (str_array.c:150)
==735545==    by 0x407708C: assoc_set (awk.h:2220)
==735545==    by 0x407708C: install (symbol.c:430)
==735545==    by 0x400DA01: init_vars (main.c:865)
==735545==    by 0x400DA01: main (main.c:403)
==735545== 
==735545== 104 bytes in 1 blocks are still reachable in loss record 139 of 166
==735545==    at 0x4984E43: calloc (vg_replace_malloc.c:1678)
==735545==    by 0x4075D54: ezalloc_real (awk.h:2174)
==735545==    by 0x4075D54: grow_table (str_array.c:682)
==735545==    by 0x407693C: str_lookup (str_array.c:150)
==735545==    by 0x4054B9E: assoc_set (awk.h:2220)
==735545==    by 0x4054B9E: update_PROCINFO_str.part.0 (field.c:1662)
==735545==    by 0x400E71D: load_procinfo (main.c:1021)
==735545==    by 0x400E71D: init_vars (main.c:878)
==735545==    by 0x400E71D: main (main.c:403)
==735545== 
==735545== 104 bytes in 1 blocks are still reachable in loss record 140 of 166
==735545==    at 0x4984E43: calloc (vg_replace_malloc.c:1678)
==735545==    by 0x4075D54: ezalloc_real (awk.h:2174)
==735545==    by 0x4075D54: grow_table (str_array.c:682)
==735545==    by 0x407693C: str_lookup (str_array.c:150)
==735545==    by 0x400E127: assoc_set (awk.h:2220)
==735545==    by 0x400E127: load_environ (main.c:949)
==735545==    by 0x400E127: init_vars (main.c:879)
==735545==    by 0x400E127: main (main.c:403)
==735545== 
==735545== 151 bytes in 24 blocks are still reachable in loss record 141 of 166
==735545==    at 0x497D858: malloc (vg_replace_malloc.c:447)
==735545==    by 0x4066564: emalloc_real (awk.h:2156)
==735545==    by 0x4066564: estrdup (main.c:1451)
==735545==    by 0x400D9F0: init_vars (main.c:865)
==735545==    by 0x400D9F0: main (main.c:403)
==735545== 
==735545== 151 bytes in 24 blocks are still reachable in loss record 142 of 166
==735545==    at 0x497D858: malloc (vg_replace_malloc.c:447)
==735545==    by 0x4069457: emalloc_real (awk.h:2156)
==735545==    by 0x4069457: make_str_node (node.c:422)
==735545==    by 0x4077055: install (symbol.c:399)
==735545==    by 0x400DA01: init_vars (main.c:865)
==735545==    by 0x400DA01: main (main.c:403)
==735545== 
==735545== 176 bytes in 2 blocks are still reachable in loss record 143 of 166
==735545==    at 0x497D858: malloc (vg_replace_malloc.c:447)
==735545==    by 0x4068FEB: emalloc_real (awk.h:2156)
==735545==    by 0x4068FEB: r_getblock (node.c:1164)
==735545==    by 0x4069930: make_number_node (awk.h:2206)
==735545==    by 0x4069930: r_make_number (node.c:369)
==735545==    by 0x401A26C: yylex (awkgram.y:4256)
==735545==    by 0x401C83C: yyparse (awkgram.c:1879)
==735545==    by 0x402073A: parse_program (awkgram.y:2797)
==735545==    by 0x400EAD8: main (main.c:483)
==735545== 
==735545== 189 bytes in 1 blocks are still reachable in loss record 144 of 166
==735545==    at 0x497D858: malloc (vg_replace_malloc.c:447)
==735545==    by 0x4016D83: emalloc_real (awk.h:2156)
==735545==    by 0x4016D83: get_src_buf (awkgram.y:3208)
==735545==    by 0x40174CD: nextc (awkgram.y:3418)
==735545==    by 0x4019A29: yylex (awkgram.y:3603)
==735545==    by 0x401C83C: yyparse (awkgram.c:1879)
==735545==    by 0x402073A: parse_program (awkgram.y:2797)
==735545==    by 0x400EAD8: main (main.c:483)
==735545== 
==735545== 205 bytes in 24 blocks are still reachable in loss record 145 of 166
==735545==    at 0x497D858: malloc (vg_replace_malloc.c:447)
==735545==    by 0x4069457: emalloc_real (awk.h:2156)
==735545==    by 0x4069457: make_str_node (node.c:422)
==735545==    by 0x400E0F5: load_environ (main.c:946)
==735545==    by 0x400E0F5: init_vars (main.c:879)
==735545==    by 0x400E0F5: main (main.c:403)
==735545== 
==735545== 256 bytes in 1 blocks are still reachable in loss record 146 of 166
==735545==    at 0x4984E43: calloc (vg_replace_malloc.c:1678)
==735545==    by 0x4034892: ezalloc_real (awk.h:2174)
==735545==    by 0x4034892: cint_lookup (cint_array.c:249)
==735545==    by 0x400E9D6: assoc_set (awk.h:2220)
==735545==    by 0x400E9D6: load_procinfo_argv (main.c:992)
==735545==    by 0x400E9D6: load_procinfo (main.c:1093)
==735545==    by 0x400E9D6: init_vars (main.c:878)
==735545==    by 0x400E9D6: main (main.c:403)
==735545== 
==735545== 256 bytes in 1 blocks are still reachable in loss record 147 of 166
==735545==    at 0x4984E43: calloc (vg_replace_malloc.c:1678)
==735545==    by 0x4034297: ezalloc_real (awk.h:2174)
==735545==    by 0x4034297: tree_lookup (cint_array.c:773)
==735545==    by 0x400E9D6: assoc_set (awk.h:2220)
==735545==    by 0x400E9D6: load_procinfo_argv (main.c:992)
==735545==    by 0x400E9D6: load_procinfo (main.c:1093)
==735545==    by 0x400E9D6: init_vars (main.c:878)
==735545==    by 0x400E9D6: main (main.c:403)
==735545== 
==735545== 256 bytes in 1 blocks are still reachable in loss record 148 of 166
==735545==    at 0x4984E43: calloc (vg_replace_malloc.c:1678)
==735545==    by 0x40344C0: ezalloc_real (awk.h:2174)
==735545==    by 0x40344C0: leaf_lookup (cint_array.c:1064)
==735545==    by 0x40344C0: tree_lookup (cint_array.c:797)
==735545==    by 0x400E9D6: assoc_set (awk.h:2220)
==735545==    by 0x400E9D6: load_procinfo_argv (main.c:992)
==735545==    by 0x400E9D6: load_procinfo (main.c:1093)
==735545==    by 0x400E9D6: init_vars (main.c:878)
==735545==    by 0x400E9D6: main (main.c:403)
==735545== 
==735545== 256 bytes in 1 blocks are still reachable in loss record 149 of 166
==735545==    at 0x4984E43: calloc (vg_replace_malloc.c:1678)
==735545==    by 0x4034892: ezalloc_real (awk.h:2174)
==735545==    by 0x4034892: cint_lookup (cint_array.c:249)
==735545==    by 0x40662E6: assoc_set (awk.h:2220)
==735545==    by 0x400E453: init_args (main.c:768)
==735545==    by 0x400E453: main (main.c:470)
==735545== 
==735545== 256 bytes in 1 blocks are still reachable in loss record 150 of 166
==735545==    at 0x4984E43: calloc (vg_replace_malloc.c:1678)
==735545==    by 0x4034297: ezalloc_real (awk.h:2174)
==735545==    by 0x4034297: tree_lookup (cint_array.c:773)
==735545==    by 0x40662E6: assoc_set (awk.h:2220)
==735545==    by 0x400E453: init_args (main.c:768)
==735545==    by 0x400E453: main (main.c:470)
==735545== 
==735545== 256 bytes in 1 blocks are still reachable in loss record 151 of 166
==735545==    at 0x4984E43: calloc (vg_replace_malloc.c:1678)
==735545==    by 0x40344C0: ezalloc_real (awk.h:2174)
==735545==    by 0x40344C0: leaf_lookup (cint_array.c:1064)
==735545==    by 0x40344C0: tree_lookup (cint_array.c:797)
==735545==    by 0x40662E6: assoc_set (awk.h:2220)
==735545==    by 0x400E453: init_args (main.c:768)
==735545==    by 0x400E453: main (main.c:470)
==735545== 
==735545== 264 bytes in 3 blocks are still reachable in loss record 152 of 166
==735545==    at 0x497D858: malloc (vg_replace_malloc.c:447)
==735545==    by 0x4068FEB: emalloc_real (awk.h:2156)
==735545==    by 0x4068FEB: r_getblock (node.c:1164)
==735545==    by 0x40693C1: make_str_node (node.c:406)
==735545==    by 0x400E9C6: load_procinfo_argv (main.c:991)
==735545==    by 0x400E9C6: load_procinfo (main.c:1093)
==735545==    by 0x400E9C6: init_vars (main.c:878)
==735545==    by 0x400E9C6: main (main.c:403)
==735545== 
==735545== 296 bytes in 1 blocks are still reachable in loss record 153 of 166
==735545==    at 0x4984E43: calloc (vg_replace_malloc.c:1678)
==735545==    by 0x4014A06: ezalloc_real (awk.h:2174)
==735545==    by 0x4014A06: do_add_srcfile (awkgram.y:2833)
==735545==    by 0x4018A70: add_srcfile (awkgram.y:2916)
==735545==    by 0x400D7E5: parse_args (main.c:1585)
==735545==    by 0x400D7E5: main (main.c:294)
==735545== 
==735545== 552 bytes in 1 blocks are still reachable in loss record 154 of 166
==735545==    at 0x4984E43: calloc (vg_replace_malloc.c:1678)
==735545==    by 0x4078976: ezalloc_real (awk.h:2174)
==735545==    by 0x4078976: new_context (symbol.c:870)
==735545==    by 0x400D61D: main (main.c:292)
==735545== 
==735545== 830 bytes in 24 blocks are still reachable in loss record 155 of 166
==735545==    at 0x497D858: malloc (vg_replace_malloc.c:447)
==735545==    by 0x4069457: emalloc_real (awk.h:2156)
==735545==    by 0x4069457: make_str_node (node.c:422)
==735545==    by 0x400E10D: load_environ (main.c:947)
==735545==    by 0x400E10D: init_vars (main.c:879)
==735545==    by 0x400E10D: main (main.c:403)
==735545== 
==735545== 880 bytes in 10 blocks are still reachable in loss record 156 of 166
==735545==    at 0x497D858: malloc (vg_replace_malloc.c:447)
==735545==    by 0x4068FEB: emalloc_real (awk.h:2156)
==735545==    by 0x4068FEB: r_getblock (node.c:1164)
==735545==    by 0x4069930: make_number_node (awk.h:2206)
==735545==    by 0x4069930: r_make_number (node.c:369)
==735545==    by 0x400DA23: init_vars (main.c:869)
==735545==    by 0x400DA23: main (main.c:403)
==735545== 
==735545== 1,152 bytes in 24 blocks are still reachable in loss record 157 of 166
==735545==    at 0x497D858: malloc (vg_replace_malloc.c:447)
==735545==    by 0x4068FEB: emalloc_real (awk.h:2156)
==735545==    by 0x4068FEB: r_getblock (node.c:1164)
==735545==    by 0x40768D9: str_lookup (str_array.c:214)
==735545==    by 0x407708C: assoc_set (awk.h:2220)
==735545==    by 0x407708C: install (symbol.c:430)
==735545==    by 0x400DA01: init_vars (main.c:865)
==735545==    by 0x400DA01: main (main.c:403)
==735545== 
==735545== 1,152 bytes in 24 blocks are still reachable in loss record 158 of 166
==735545==    at 0x497D858: malloc (vg_replace_malloc.c:447)
==735545==    by 0x4068FEB: emalloc_real (awk.h:2156)
==735545==    by 0x4068FEB: r_getblock (node.c:1164)
==735545==    by 0x40768D9: str_lookup (str_array.c:214)
==735545==    by 0x400E127: assoc_set (awk.h:2220)
==735545==    by 0x400E127: load_environ (main.c:949)
==735545==    by 0x400E127: init_vars (main.c:879)
==735545==    by 0x400E127: main (main.c:403)
==735545== 
==735545== 1,232 bytes in 14 blocks are still reachable in loss record 159 of 166
==735545==    at 0x497D858: malloc (vg_replace_malloc.c:447)
==735545==    by 0x4068FEB: emalloc_real (awk.h:2156)
==735545==    by 0x4068FEB: r_getblock (node.c:1164)
==735545==    by 0x40693C1: make_str_node (node.c:406)
==735545==    by 0x400D984: init_vars (main.c:867)
==735545==    by 0x400D984: main (main.c:403)
==735545== 
==735545== 2,048 bytes in 1 blocks are still reachable in loss record 160 of 166
==735545==    at 0x497D858: malloc (vg_replace_malloc.c:447)
==735545==    by 0x4048A59: emalloc_real (awk.h:2156)
==735545==    by 0x4048A59: init_interpret (eval.c:1897)
==735545==    by 0x400E3D5: main (main.c:468)
==735545== 
==735545== 2,112 bytes in 24 blocks are still reachable in loss record 161 of 166
==735545==    at 0x497D858: malloc (vg_replace_malloc.c:447)
==735545==    by 0x4068FEB: emalloc_real (awk.h:2156)
==735545==    by 0x4068FEB: r_getblock (node.c:1164)
==735545==    by 0x40693C1: make_str_node (node.c:406)
==735545==    by 0x4077055: install (symbol.c:399)
==735545==    by 0x400DA01: init_vars (main.c:865)
==735545==    by 0x400DA01: main (main.c:403)
==735545== 
==735545== 2,112 bytes in 24 blocks are still reachable in loss record 162 of 166
==735545==    at 0x497D858: malloc (vg_replace_malloc.c:447)
==735545==    by 0x4068FEB: emalloc_real (awk.h:2156)
==735545==    by 0x4068FEB: r_getblock (node.c:1164)
==735545==    by 0x4077133: make_symbol (symbol.c:376)
==735545==    by 0x4077133: install (symbol.c:417)
==735545==    by 0x400DA01: init_vars (main.c:865)
==735545==    by 0x400DA01: main (main.c:403)
==735545== 
==735545== 2,112 bytes in 24 blocks are still reachable in loss record 163 of 166
==735545==    at 0x497D858: malloc (vg_replace_malloc.c:447)
==735545==    by 0x4068FEB: emalloc_real (awk.h:2156)
==735545==    by 0x4068FEB: r_getblock (node.c:1164)
==735545==    by 0x40693C1: make_str_node (node.c:406)
==735545==    by 0x400E0F5: load_environ (main.c:946)
==735545==    by 0x400E0F5: init_vars (main.c:879)
==735545==    by 0x400E0F5: main (main.c:403)
==735545== 
==735545== 2,112 bytes in 24 blocks are still reachable in loss record 164 of 166
==735545==    at 0x497D858: malloc (vg_replace_malloc.c:447)
==735545==    by 0x4068FEB: emalloc_real (awk.h:2156)
==735545==    by 0x4068FEB: r_getblock (node.c:1164)
==735545==    by 0x40693C1: make_str_node (node.c:406)
==735545==    by 0x400E10D: load_environ (main.c:947)
==735545==    by 0x400E10D: init_vars (main.c:879)
==735545==    by 0x400E10D: main (main.c:403)
==735545== 
==735545== 5,048 bytes in 1 blocks are still reachable in loss record 165 of 166
==735545==    at 0x497D858: malloc (vg_replace_malloc.c:447)
==735545==    by 0x4078891: emalloc_real (awk.h:2156)
==735545==    by 0x4078891: bcalloc (symbol.c:849)
==735545==    by 0x402065C: parse_program (awkgram.y:2770)
==735545==    by 0x400EAD8: main (main.c:483)
==735545== 
==735545== 5,048 bytes in 1 blocks are still reachable in loss record 166 of 166
==735545==    at 0x497D858: malloc (vg_replace_malloc.c:447)
==735545==    by 0x4078891: emalloc_real (awk.h:2156)
==735545==    by 0x4078891: bcalloc (symbol.c:849)
==735545==    by 0x4020B58: parse_program (awkgram.y:2778)
==735545==    by 0x400EAD8: main (main.c:483)
==735545== 
==735545== LEAK SUMMARY:
==735545==    definitely lost: 0 bytes in 0 blocks
==735545==    indirectly lost: 0 bytes in 0 blocks
==735545==      possibly lost: 0 bytes in 0 blocks
==735545==    still reachable: 36,285 bytes in 438 blocks
==735545==         suppressed: 0 bytes in 0 blocks
==735545== 
==735545== For lists of detected and suppressed errors, rerun with: -s
==735545== ERROR SUMMARY: 1 errors from 1 contexts (suppressed: 0 from 0)
