==706499== Memcheck, a memory error detector
==706499== Copyright (C) 2002-2024, and GNU GPL'd, by Julian Seward et al.
==706499== Using Valgrind-3.26.0 and LibVEX; rerun with -h for copyright info
==706499== Command: /tmp/rboxc-tar-behavior-ojzj7eac/exec/tar --version
==706499== Parent PID: 705177
==706499== 
==706499== 
==706499== FILE DESCRIPTORS: 3 open (3 inherited) at exit.
==706499== 
==706499== HEAP SUMMARY:
==706499==     in use at exit: 7,767 bytes in 3 blocks
==706499==   total heap usage: 15 allocs, 12 frees, 12,021 bytes allocated
==706499== 
==706499== 16 bytes in 1 blocks are still reachable in loss record 1 of 3
==706499==    at 0x5875E43: calloc (vg_replace_malloc.c:1678)
==706499==    by 0x469E681: rboxc_tar_xzalloc (in /root/rboxc/target/tar-child-input-candidate/release/rboxc)
==706499==    by 0x440DEF5: single_binary_main_tar (in /root/rboxc/target/tar-child-input-candidate/release/rboxc)
==706499==    by 0x5A18600: (below main) (libc_start_call_main.h:59)
==706499== 
==706499== 80 bytes in 1 blocks are still reachable in loss record 2 of 3
==706499==    at 0x586E858: malloc (vg_replace_malloc.c:447)
==706499==    by 0x469E25C: rboxc_tar_xmalloc (in /root/rboxc/target/tar-child-input-candidate/release/rboxc)
==706499==    by 0x440DE00: single_binary_main_tar (in /root/rboxc/target/tar-child-input-candidate/release/rboxc)
==706499==    by 0x5A18600: (below main) (libc_start_call_main.h:59)
==706499== 
==706499== 7,671 bytes in 1 blocks are still reachable in loss record 3 of 3
==706499==    at 0x586E858: malloc (vg_replace_malloc.c:447)
==706499==    by 0x468C8D4: rboxc_tar_argp_parse (in /root/rboxc/target/tar-child-input-candidate/release/rboxc)
==706499==    by 0x440E425: single_binary_main_tar (in /root/rboxc/target/tar-child-input-candidate/release/rboxc)
==706499==    by 0x5A18600: (below main) (libc_start_call_main.h:59)
==706499== 
==706499== LEAK SUMMARY:
==706499==    definitely lost: 0 bytes in 0 blocks
==706499==    indirectly lost: 0 bytes in 0 blocks
==706499==      possibly lost: 0 bytes in 0 blocks
==706499==    still reachable: 7,767 bytes in 3 blocks
==706499==         suppressed: 0 bytes in 0 blocks
==706499== 
==706499== For lists of detected and suppressed errors, rerun with: -s
==706499== ERROR SUMMARY: 0 errors from 0 contexts (suppressed: 0 from 0)
