==693144== Memcheck, a memory error detector
==693144== Copyright (C) 2002-2024, and GNU GPL'd, by Julian Seward et al.
==693144== Using Valgrind-3.26.0 and LibVEX; rerun with -h for copyright info
==693144== Command: /tmp/rboxc-tar-behavior-ozmea_r7/exec/tar -tf archive.tar
==693144== Parent PID: 683658
==693144== 
==693144== 
==693144== FILE DESCRIPTORS: 3 open (3 inherited) at exit.
==693144== 
==693144== HEAP SUMMARY:
==693144==     in use at exit: 136 bytes in 3 blocks
==693144==   total heap usage: 12 allocs, 9 frees, 273 bytes allocated
==693144== 
==693144== 16 bytes in 1 blocks are still reachable in loss record 1 of 3
==693144==    at 0x48C4E43: calloc (vg_replace_malloc.c:1678)
==693144==    by 0x40516F1: xcalloc (xmalloc.c:298)
==693144==    by 0x40516F1: xzalloc (xmalloc.c:283)
==693144==    by 0x400BEF9: decode_options (tar.c:2297)
==693144==    by 0x400BEF9: main (tar.c:2792)
==693144== 
==693144== 40 bytes in 1 blocks are still reachable in loss record 2 of 3
==693144==    at 0x48C4E43: calloc (vg_replace_malloc.c:1678)
==693144==    by 0x403959D: wsnode_new (wordsplit.c:422)
==693144==    by 0x403959D: wordsplit_add_segm (wordsplit.c:523)
==693144==    by 0x40398D2: scan_word (wordsplit.c:2025)
==693144==    by 0x4039C7C: wordsplit_process_list (wordsplit.c:2358)
==693144==    by 0x403A562: wordsplit_run.constprop.0 (wordsplit.c:2434)
==693144==    by 0x400BFFA: parse_default_options (tar.c:2256)
==693144==    by 0x400BFFA: decode_options (tar.c:2378)
==693144==    by 0x400BFFA: main (tar.c:2792)
==693144== 
==693144== 80 bytes in 1 blocks are still reachable in loss record 3 of 3
==693144==    at 0x48BD858: malloc (vg_replace_malloc.c:447)
==693144==    by 0x40512CC: xmalloc (xmalloc.c:45)
==693144==    by 0x400BE43: main (tar.c:2781)
==693144== 
==693144== LEAK SUMMARY:
==693144==    definitely lost: 0 bytes in 0 blocks
==693144==    indirectly lost: 0 bytes in 0 blocks
==693144==      possibly lost: 0 bytes in 0 blocks
==693144==    still reachable: 136 bytes in 3 blocks
==693144==         suppressed: 0 bytes in 0 blocks
==693144== 
==693144== For lists of detected and suppressed errors, rerun with: -s
==693144== ERROR SUMMARY: 0 errors from 0 contexts (suppressed: 0 from 0)
