==628964== Memcheck, a memory error detector
==628964== Copyright (C) 2002-2024, and GNU GPL'd, by Julian Seward et al.
==628964== Using Valgrind-3.26.0 and LibVEX; rerun with -h for copyright info
==628964== Command: tar --numeric-owner -tvf 1.tar
==628964== Parent PID: 628712
==628964== 
==628964== 
==628964== FILE DESCRIPTORS: 1 open (1 inherited) at exit.
==628964== 
==628964== HEAP SUMMARY:
==628964==     in use at exit: 4,356 bytes in 10 blocks
==628964==   total heap usage: 30 allocs, 20 frees, 39,810 bytes allocated
==628964== 
==628964== 7 bytes in 2 blocks are indirectly lost in loss record 1 of 7
==628964==    at 0x48BD858: malloc (vg_replace_malloc.c:447)
==628964==    by 0x40387DD: wsnode_quoteremoval (wordsplit.c:651)
==628964==    by 0x4039CFD: wordsplit_process_list (wordsplit.c:2390)
==628964==    by 0x403A562: wordsplit_run.constprop.0 (wordsplit.c:2434)
==628964==    by 0x400BFFA: parse_default_options (tar.c:2256)
==628964==    by 0x400BFFA: decode_options (tar.c:2378)
==628964==    by 0x400BFFA: main (tar.c:2792)
==628964== 
==628964== 7 bytes in 2 blocks are definitely lost in loss record 2 of 7
==628964==    at 0x48BD858: malloc (vg_replace_malloc.c:447)
==628964==    by 0x403A1FB: wordsplit_finish (wordsplit.c:836)
==628964==    by 0x400BFFA: parse_default_options (tar.c:2256)
==628964==    by 0x400BFFA: decode_options (tar.c:2378)
==628964==    by 0x400BFFA: main (tar.c:2792)
==628964== 
==628964== 16 bytes in 1 blocks are still reachable in loss record 3 of 7
==628964==    at 0x48C4E43: calloc (vg_replace_malloc.c:1678)
==628964==    by 0x40516F1: xcalloc (xmalloc.c:298)
==628964==    by 0x40516F1: xzalloc (xmalloc.c:283)
==628964==    by 0x400BEF9: decode_options (tar.c:2297)
==628964==    by 0x400BEF9: main (tar.c:2792)
==628964== 
==628964== 80 bytes in 1 blocks are still reachable in loss record 4 of 7
==628964==    at 0x48BD858: malloc (vg_replace_malloc.c:447)
==628964==    by 0x40512CC: xmalloc (xmalloc.c:45)
==628964==    by 0x400BE43: main (tar.c:2781)
==628964== 
==628964== 87 (80 direct, 7 indirect) bytes in 2 blocks are definitely lost in loss record 5 of 7
==628964==    at 0x48C4E43: calloc (vg_replace_malloc.c:1678)
==628964==    by 0x403959D: wsnode_new (wordsplit.c:422)
==628964==    by 0x403959D: wordsplit_add_segm (wordsplit.c:523)
==628964==    by 0x4039854: scan_word (wordsplit.c:2062)
==628964==    by 0x4039C7C: wordsplit_process_list (wordsplit.c:2358)
==628964==    by 0x403A562: wordsplit_run.constprop.0 (wordsplit.c:2434)
==628964==    by 0x400BFFA: parse_default_options (tar.c:2256)
==628964==    by 0x400BFFA: decode_options (tar.c:2378)
==628964==    by 0x400BFFA: main (tar.c:2792)
==628964== 
==628964== 102 bytes in 1 blocks are still reachable in loss record 6 of 7
==628964==    at 0x48BD858: malloc (vg_replace_malloc.c:447)
==628964==    by 0x40512CC: xmalloc (xmalloc.c:45)
==628964==    by 0x4029881: name_init (names.c:869)
==628964==    by 0x400C94C: main (tar.c:2794)
==628964== 
==628964== 4,064 bytes in 1 blocks are still reachable in loss record 7 of 7
==628964==    at 0x48BD858: malloc (vg_replace_malloc.c:447)
==628964==    by 0x40512CC: xmalloc (xmalloc.c:45)
==628964==    by 0x404A07D: call_chunkfun (obstack.c:88)
==628964==    by 0x404A07D: _obstack_begin_worker.isra.0 (obstack.c:135)
==628964==    by 0x404A0A8: _obstack_begin (obstack.c:157)
==628964==    by 0x4032C57: _transform_name_to_obstack (transform.c:592)
==628964==    by 0x4032C57: transform_name_fp (transform.c:614)
==628964==    by 0x4023670: transform_member_name (list.c:114)
==628964==    by 0x4023670: transform_stat_info.part.0 (list.c:150)
==628964==    by 0x4025850: transform_stat_info (list.c:227)
==628964==    by 0x4025850: read_and (list.c:227)
==628964==    by 0x400CD4B: main (tar.c:2832)
==628964== 
==628964== LEAK SUMMARY:
==628964==    definitely lost: 87 bytes in 4 blocks
==628964==    indirectly lost: 7 bytes in 2 blocks
==628964==      possibly lost: 0 bytes in 0 blocks
==628964==    still reachable: 4,262 bytes in 4 blocks
==628964==         suppressed: 0 bytes in 0 blocks
==628964== 
==628964== For lists of detected and suppressed errors, rerun with: -s
==628964== ERROR SUMMARY: 2 errors from 2 contexts (suppressed: 0 from 0)
