==629101== Memcheck, a memory error detector
==629101== Copyright (C) 2002-2024, and GNU GPL'd, by Julian Seward et al.
==629101== Using Valgrind-3.26.0 and LibVEX; rerun with -h for copyright info
==629101== Command: tar --owner-map=uid.map --group-map=gid.map --owner=Fallback\ Owner:4321 --group=Fallback\ Group:8765 --mtime=@0 --mode=u=rw,go=r -cf 2.tar a
==629101== Parent PID: 628712
==629101== 
==629101== 
==629101== FILE DESCRIPTORS: 1 open (1 inherited) at exit.
==629101== 
==629101== HEAP SUMMARY:
==629101==     in use at exit: 4,644 bytes in 13 blocks
==629101==   total heap usage: 41 allocs, 28 frees, 45,437 bytes allocated
==629101== 
==629101== 7 bytes in 2 blocks are indirectly lost in loss record 1 of 10
==629101==    at 0x48BD858: malloc (vg_replace_malloc.c:447)
==629101==    by 0x40387DD: wsnode_quoteremoval (wordsplit.c:651)
==629101==    by 0x4039CFD: wordsplit_process_list (wordsplit.c:2390)
==629101==    by 0x403A562: wordsplit_run.constprop.0 (wordsplit.c:2434)
==629101==    by 0x400BFFA: parse_default_options (tar.c:2256)
==629101==    by 0x400BFFA: decode_options (tar.c:2378)
==629101==    by 0x400BFFA: main (tar.c:2792)
==629101== 
==629101== 7 bytes in 2 blocks are definitely lost in loss record 2 of 10
==629101==    at 0x48BD858: malloc (vg_replace_malloc.c:447)
==629101==    by 0x403A1FB: wordsplit_finish (wordsplit.c:836)
==629101==    by 0x400BFFA: parse_default_options (tar.c:2256)
==629101==    by 0x400BFFA: decode_options (tar.c:2378)
==629101==    by 0x400BFFA: main (tar.c:2792)
==629101== 
==629101== 16 bytes in 1 blocks are still reachable in loss record 3 of 10
==629101==    at 0x48C4E43: calloc (vg_replace_malloc.c:1678)
==629101==    by 0x40516F1: xcalloc (xmalloc.c:298)
==629101==    by 0x40516F1: xzalloc (xmalloc.c:283)
==629101==    by 0x400BEF9: decode_options (tar.c:2297)
==629101==    by 0x400BEF9: main (tar.c:2792)
==629101== 
==629101== 48 bytes in 1 blocks are still reachable in loss record 4 of 10
==629101==    at 0x48C53C0: reallocarray (vg_replace_malloc.c:1806)
==629101==    by 0x4051414: xreallocarray (xmalloc.c:84)
==629101==    by 0x4051414: xnmalloc (xmalloc.c:102)
==629101==    by 0x40499B2: mode_compile (modechange.c:171)
==629101==    by 0x403045C: parse_opt (tar.c:1897)
==629101==    by 0x40421C3: group_parse (argp-parse.c:233)
==629101==    by 0x40421C3: parser_parse_opt (argp-parse.c:748)
==629101==    by 0x40421C3: parser_parse_next (argp-parse.c:859)
==629101==    by 0x40421C3: argp_parse (argp-parse.c:927)
==629101==    by 0x400C045: decode_options (tar.c:2380)
==629101==    by 0x400C045: main (tar.c:2792)
==629101== 
==629101== 80 bytes in 1 blocks are still reachable in loss record 5 of 10
==629101==    at 0x48BD858: malloc (vg_replace_malloc.c:447)
==629101==    by 0x40512CC: xmalloc (xmalloc.c:45)
==629101==    by 0x400BE43: main (tar.c:2781)
==629101== 
==629101== 87 (80 direct, 7 indirect) bytes in 2 blocks are definitely lost in loss record 6 of 10
==629101==    at 0x48C4E43: calloc (vg_replace_malloc.c:1678)
==629101==    by 0x403959D: wsnode_new (wordsplit.c:422)
==629101==    by 0x403959D: wordsplit_add_segm (wordsplit.c:523)
==629101==    by 0x4039854: scan_word (wordsplit.c:2062)
==629101==    by 0x4039C7C: wordsplit_process_list (wordsplit.c:2358)
==629101==    by 0x403A562: wordsplit_run.constprop.0 (wordsplit.c:2434)
==629101==    by 0x400BFFA: parse_default_options (tar.c:2256)
==629101==    by 0x400BFFA: decode_options (tar.c:2378)
==629101==    by 0x400BFFA: main (tar.c:2792)
==629101== 
==629101== 102 bytes in 1 blocks are still reachable in loss record 7 of 10
==629101==    at 0x48BD858: malloc (vg_replace_malloc.c:447)
==629101==    by 0x40512CC: xmalloc (xmalloc.c:45)
==629101==    by 0x4029881: name_init (names.c:869)
==629101==    by 0x400C94C: main (tar.c:2794)
==629101== 
==629101== 120 bytes in 1 blocks are definitely lost in loss record 8 of 10
==629101==    at 0x48BD858: malloc (vg_replace_malloc.c:447)
==629101==    by 0x49807DC: getdelim (iogetdelim.c:65)
==629101==    by 0x4025DF3: getline (stdio.h:120)
==629101==    by 0x4025DF3: map_read.constprop.0 (map.c:94)
==629101==    by 0x4030803: parse_opt (tar.c:1964)
==629101==    by 0x40421C3: group_parse (argp-parse.c:233)
==629101==    by 0x40421C3: parser_parse_opt (argp-parse.c:748)
==629101==    by 0x40421C3: parser_parse_next (argp-parse.c:859)
==629101==    by 0x40421C3: argp_parse (argp-parse.c:927)
==629101==    by 0x400C045: decode_options (tar.c:2380)
==629101==    by 0x400C045: main (tar.c:2792)
==629101== 
==629101== 120 bytes in 1 blocks are definitely lost in loss record 9 of 10
==629101==    at 0x48BD858: malloc (vg_replace_malloc.c:447)
==629101==    by 0x49807DC: getdelim (iogetdelim.c:65)
==629101==    by 0x4025DF3: getline (stdio.h:120)
==629101==    by 0x4025DF3: map_read.constprop.0 (map.c:94)
==629101==    by 0x4030BEB: parse_opt (tar.c:1893)
==629101==    by 0x40421C3: group_parse (argp-parse.c:233)
==629101==    by 0x40421C3: parser_parse_opt (argp-parse.c:748)
==629101==    by 0x40421C3: parser_parse_next (argp-parse.c:859)
==629101==    by 0x40421C3: argp_parse (argp-parse.c:927)
==629101==    by 0x400C045: decode_options (tar.c:2380)
==629101==    by 0x400C045: main (tar.c:2792)
==629101== 
==629101== 4,064 bytes in 1 blocks are still reachable in loss record 10 of 10
==629101==    at 0x48BD858: malloc (vg_replace_malloc.c:447)
==629101==    by 0x40512CC: xmalloc (xmalloc.c:45)
==629101==    by 0x404A07D: call_chunkfun (obstack.c:88)
==629101==    by 0x404A07D: _obstack_begin_worker.isra.0 (obstack.c:135)
==629101==    by 0x404A0A8: _obstack_begin (obstack.c:157)
==629101==    by 0x4032C57: _transform_name_to_obstack (transform.c:592)
==629101==    by 0x4032C57: transform_name_fp (transform.c:614)
==629101==    by 0x4016444: dump_file0 (create.c:1657)
==629101==    by 0x4017589: dump_file (create.c:1968)
==629101==    by 0x4017589: create_archive (create.c:1412)
==629101==    by 0x400CD90: main (tar.c:2818)
==629101== 
==629101== LEAK SUMMARY:
==629101==    definitely lost: 327 bytes in 6 blocks
==629101==    indirectly lost: 7 bytes in 2 blocks
==629101==      possibly lost: 0 bytes in 0 blocks
==629101==    still reachable: 4,310 bytes in 5 blocks
==629101==         suppressed: 0 bytes in 0 blocks
==629101== 
==629101== For lists of detected and suppressed errors, rerun with: -s
==629101== ERROR SUMMARY: 4 errors from 4 contexts (suppressed: 0 from 0)
