==741738== Memcheck, a memory error detector
==741738== Copyright (C) 2002-2024, and GNU GPL'd, by Julian Seward et al.
==741738== Using Valgrind-3.26.0 and LibVEX; rerun with -h for copyright info
==741738== Command: gawk -f muldimposix.awk --posix
==741738== Parent PID: 741737
==741738== 
==741738== 
==741738== FILE DESCRIPTORS: 3 open (3 inherited) at exit.
==741738== 
==741738== HEAP SUMMARY:
==741738==     in use at exit: 32,504 bytes in 285 blocks
==741738==   total heap usage: 385 allocs, 100 frees, 36,868 bytes allocated
==741738== 
==741738== 1 bytes in 1 blocks are still reachable in loss record 1 of 89
==741738==    at 0x586E858: malloc (vg_replace_malloc.c:447)
==741738==    by 0x44390B0: rboxc_gawk_estrdup (in /root/rboxc/target/gawk-format-lifetime-candidate/release/rboxc)
==741738==    by 0x443E31E: single_binary_main_gawk (in /root/rboxc/target/gawk-format-lifetime-candidate/release/rboxc)
==741738==    by 0x5A18600: (below main) (libc_start_call_main.h:59)
==741738== 
==741738== 1 bytes in 1 blocks are still reachable in loss record 2 of 89
==741738==    at 0x586E858: malloc (vg_replace_malloc.c:447)
==741738==    by 0x44390B0: rboxc_gawk_estrdup (in /root/rboxc/target/gawk-format-lifetime-candidate/release/rboxc)
==741738==    by 0x443E34D: single_binary_main_gawk (in /root/rboxc/target/gawk-format-lifetime-candidate/release/rboxc)
==741738==    by 0x5A18600: (below main) (libc_start_call_main.h:59)
==741738== 
==741738== 1 bytes in 1 blocks are still reachable in loss record 3 of 89
==741738==    at 0x586E858: malloc (vg_replace_malloc.c:447)
==741738==    by 0x44390B0: rboxc_gawk_estrdup (in /root/rboxc/target/gawk-format-lifetime-candidate/release/rboxc)
==741738==    by 0x443E365: single_binary_main_gawk (in /root/rboxc/target/gawk-format-lifetime-candidate/release/rboxc)
==741738==    by 0x5A18600: (below main) (libc_start_call_main.h:59)
==741738== 
==741738== 1 bytes in 1 blocks are still reachable in loss record 4 of 89
==741738==    at 0x586E858: malloc (vg_replace_malloc.c:447)
==741738==    by 0x44390B0: rboxc_gawk_estrdup (in /root/rboxc/target/gawk-format-lifetime-candidate/release/rboxc)
==741738==    by 0x443E37D: single_binary_main_gawk (in /root/rboxc/target/gawk-format-lifetime-candidate/release/rboxc)
==741738==    by 0x5A18600: (below main) (libc_start_call_main.h:59)
==741738== 
==741738== 1 bytes in 1 blocks are still reachable in loss record 5 of 89
==741738==    at 0x586E858: malloc (vg_replace_malloc.c:447)
==741738==    by 0x44390B0: rboxc_gawk_estrdup (in /root/rboxc/target/gawk-format-lifetime-candidate/release/rboxc)
==741738==    by 0x443E395: single_binary_main_gawk (in /root/rboxc/target/gawk-format-lifetime-candidate/release/rboxc)
==741738==    by 0x5A18600: (below main) (libc_start_call_main.h:59)
==741738== 
==741738== 1 bytes in 1 blocks are still reachable in loss record 6 of 89
==741738==    at 0x586E858: malloc (vg_replace_malloc.c:447)
==741738==    by 0x44390B0: rboxc_gawk_estrdup (in /root/rboxc/target/gawk-format-lifetime-candidate/release/rboxc)
==741738==    by 0x443E3AD: single_binary_main_gawk (in /root/rboxc/target/gawk-format-lifetime-candidate/release/rboxc)
==741738==    by 0x5A18600: (below main) (libc_start_call_main.h:59)
==741738== 
==741738== 1 bytes in 1 blocks are still reachable in loss record 7 of 89
==741738==    at 0x586E858: malloc (vg_replace_malloc.c:447)
==741738==    by 0x44390B0: rboxc_gawk_estrdup (in /root/rboxc/target/gawk-format-lifetime-candidate/release/rboxc)
==741738==    by 0x443E3C5: single_binary_main_gawk (in /root/rboxc/target/gawk-format-lifetime-candidate/release/rboxc)
==741738==    by 0x5A18600: (below main) (libc_start_call_main.h:59)
==741738== 
==741738== 1 bytes in 1 blocks are still reachable in loss record 8 of 89
==741738==    at 0x586E858: malloc (vg_replace_malloc.c:447)
==741738==    by 0x44390B0: rboxc_gawk_estrdup (in /root/rboxc/target/gawk-format-lifetime-candidate/release/rboxc)
==741738==    by 0x443E3DD: single_binary_main_gawk (in /root/rboxc/target/gawk-format-lifetime-candidate/release/rboxc)
==741738==    by 0x5A18600: (below main) (libc_start_call_main.h:59)
==741738== 
==741738== 1 bytes in 1 blocks are still reachable in loss record 9 of 89
==741738==    at 0x586E858: malloc (vg_replace_malloc.c:447)
==741738==    by 0x44390B0: rboxc_gawk_estrdup (in /root/rboxc/target/gawk-format-lifetime-candidate/release/rboxc)
==741738==    by 0x443E3F5: single_binary_main_gawk (in /root/rboxc/target/gawk-format-lifetime-candidate/release/rboxc)
==741738==    by 0x5A18600: (below main) (libc_start_call_main.h:59)
==741738== 
==741738== 1 bytes in 1 blocks are still reachable in loss record 10 of 89
==741738==    at 0x586E858: malloc (vg_replace_malloc.c:447)
==741738==    by 0x473F017: rboxc_gawk_make_str_node (in /root/rboxc/target/gawk-format-lifetime-candidate/release/rboxc)
==741738==    by 0x443E47C: single_binary_main_gawk (in /root/rboxc/target/gawk-format-lifetime-candidate/release/rboxc)
==741738==    by 0x5A18600: (below main) (libc_start_call_main.h:59)
==741738== 
==741738== 1 bytes in 1 blocks are still reachable in loss record 11 of 89
==741738==    at 0x586E858: malloc (vg_replace_malloc.c:447)
==741738==    by 0x473F017: rboxc_gawk_make_str_node (in /root/rboxc/target/gawk-format-lifetime-candidate/release/rboxc)
==741738==    by 0x472BED5: rboxc_gawk_init_fields (in /root/rboxc/target/gawk-format-lifetime-candidate/release/rboxc)
==741738==    by 0x443F9A0: single_binary_main_gawk (in /root/rboxc/target/gawk-format-lifetime-candidate/release/rboxc)
==741738==    by 0x5A18600: (below main) (libc_start_call_main.h:59)
==741738== 
==741738== 1 bytes in 1 blocks are still reachable in loss record 12 of 89
==741738==    at 0x586E858: malloc (vg_replace_malloc.c:447)
==741738==    by 0x473F017: rboxc_gawk_make_str_node (in /root/rboxc/target/gawk-format-lifetime-candidate/release/rboxc)
==741738==    by 0x472BF20: rboxc_gawk_init_fields (in /root/rboxc/target/gawk-format-lifetime-candidate/release/rboxc)
==741738==    by 0x443F9A0: single_binary_main_gawk (in /root/rboxc/target/gawk-format-lifetime-candidate/release/rboxc)
==741738==    by 0x5A18600: (below main) (libc_start_call_main.h:59)
==741738== 
==741738== 2 bytes in 1 blocks are still reachable in loss record 13 of 89
==741738==    at 0x586E858: malloc (vg_replace_malloc.c:447)
==741738==    by 0x44390B0: rboxc_gawk_estrdup (in /root/rboxc/target/gawk-format-lifetime-candidate/release/rboxc)
==741738==    by 0x443E335: single_binary_main_gawk (in /root/rboxc/target/gawk-format-lifetime-candidate/release/rboxc)
==741738==    by 0x5A18600: (below main) (libc_start_call_main.h:59)
==741738== 
==741738== 2 bytes in 1 blocks are still reachable in loss record 14 of 89
==741738==    at 0x586E858: malloc (vg_replace_malloc.c:447)
==741738==    by 0x471D3BF: rboxc_gawk_set_OFS (in /root/rboxc/target/gawk-format-lifetime-candidate/release/rboxc)
==741738==    by 0x443F2E8: single_binary_main_gawk (in /root/rboxc/target/gawk-format-lifetime-candidate/release/rboxc)
==741738==    by 0x5A18600: (below main) (libc_start_call_main.h:59)
==741738== 
==741738== 2 bytes in 1 blocks are still reachable in loss record 15 of 89
==741738==    at 0x586E858: malloc (vg_replace_malloc.c:447)
==741738==    by 0x44390B0: rboxc_gawk_estrdup (in /root/rboxc/target/gawk-format-lifetime-candidate/release/rboxc)
==741738==    by 0x46EFD18: yylex (in /root/rboxc/target/gawk-format-lifetime-candidate/release/rboxc)
==741738==    by 0x46F249C: rboxc_gawk_yyparse (in /root/rboxc/target/gawk-format-lifetime-candidate/release/rboxc)
==741738==    by 0x46F639A: rboxc_gawk_parse_program (in /root/rboxc/target/gawk-format-lifetime-candidate/release/rboxc)
==741738==    by 0x44402A4: single_binary_main_gawk (in /root/rboxc/target/gawk-format-lifetime-candidate/release/rboxc)
==741738==    by 0x5A18600: (below main) (libc_start_call_main.h:59)
==741738== 
==741738== 5 bytes in 1 blocks are still reachable in loss record 16 of 89
==741738==    at 0x586E858: malloc (vg_replace_malloc.c:447)
==741738==    by 0x443FED2: single_binary_main_gawk (in /root/rboxc/target/gawk-format-lifetime-candidate/release/rboxc)
==741738==    by 0x5A18600: (below main) (libc_start_call_main.h:59)
==741738== 
==741738== 5 bytes in 1 blocks are still reachable in loss record 17 of 89
==741738==    at 0x586E858: malloc (vg_replace_malloc.c:447)
==741738==    by 0x473F017: rboxc_gawk_make_str_node (in /root/rboxc/target/gawk-format-lifetime-candidate/release/rboxc)
==741738==    by 0x474D135: install (in /root/rboxc/target/gawk-format-lifetime-candidate/release/rboxc)
==741738==    by 0x443FF58: single_binary_main_gawk (in /root/rboxc/target/gawk-format-lifetime-candidate/release/rboxc)
==741738==    by 0x5A18600: (below main) (libc_start_call_main.h:59)
==741738== 
==741738== 5 bytes in 1 blocks are still reachable in loss record 18 of 89
==741738==    at 0x586E858: malloc (vg_replace_malloc.c:447)
==741738==    by 0x473F017: rboxc_gawk_make_str_node (in /root/rboxc/target/gawk-format-lifetime-candidate/release/rboxc)
==741738==    by 0x443FF98: single_binary_main_gawk (in /root/rboxc/target/gawk-format-lifetime-candidate/release/rboxc)
==741738==    by 0x5A18600: (below main) (libc_start_call_main.h:59)
==741738== 
==741738== 5 bytes in 1 blocks are still reachable in loss record 19 of 89
==741738==    at 0x586E858: malloc (vg_replace_malloc.c:447)
==741738==    by 0x44401AB: single_binary_main_gawk (in /root/rboxc/target/gawk-format-lifetime-candidate/release/rboxc)
==741738==    by 0x5A18600: (below main) (libc_start_call_main.h:59)
==741738== 
==741738== 5 bytes in 1 blocks are still reachable in loss record 20 of 89
==741738==    at 0x586E858: malloc (vg_replace_malloc.c:447)
==741738==    by 0x473F017: rboxc_gawk_make_str_node (in /root/rboxc/target/gawk-format-lifetime-candidate/release/rboxc)
==741738==    by 0x474D135: install (in /root/rboxc/target/gawk-format-lifetime-candidate/release/rboxc)
==741738==    by 0x4440233: single_binary_main_gawk (in /root/rboxc/target/gawk-format-lifetime-candidate/release/rboxc)
==741738==    by 0x5A18600: (below main) (libc_start_call_main.h:59)
==741738== 
==741738== 7 bytes in 1 blocks are still reachable in loss record 21 of 89
==741738==    at 0x586E858: malloc (vg_replace_malloc.c:447)
==741738==    by 0x44390B0: rboxc_gawk_estrdup (in /root/rboxc/target/gawk-format-lifetime-candidate/release/rboxc)
==741738==    by 0x474D461: init_the_tables (in /root/rboxc/target/gawk-format-lifetime-candidate/release/rboxc)
==741738==    by 0x443E550: single_binary_main_gawk (in /root/rboxc/target/gawk-format-lifetime-candidate/release/rboxc)
==741738==    by 0x5A18600: (below main) (libc_start_call_main.h:59)
==741738== 
==741738== 7 bytes in 1 blocks are still reachable in loss record 22 of 89
==741738==    at 0x586E858: malloc (vg_replace_malloc.c:447)
==741738==    by 0x473F017: rboxc_gawk_make_str_node (in /root/rboxc/target/gawk-format-lifetime-candidate/release/rboxc)
==741738==    by 0x474D135: install (in /root/rboxc/target/gawk-format-lifetime-candidate/release/rboxc)
==741738==    by 0x474D470: init_the_tables (in /root/rboxc/target/gawk-format-lifetime-candidate/release/rboxc)
==741738==    by 0x443E550: single_binary_main_gawk (in /root/rboxc/target/gawk-format-lifetime-candidate/release/rboxc)
==741738==    by 0x5A18600: (below main) (libc_start_call_main.h:59)
==741738== 
==741738== 8 bytes in 1 blocks are still reachable in loss record 23 of 89
==741738==    at 0x586E858: malloc (vg_replace_malloc.c:447)
==741738==    by 0x44390B0: rboxc_gawk_estrdup (in /root/rboxc/target/gawk-format-lifetime-candidate/release/rboxc)
==741738==    by 0x474D43A: init_the_tables (in /root/rboxc/target/gawk-format-lifetime-candidate/release/rboxc)
==741738==    by 0x443E550: single_binary_main_gawk (in /root/rboxc/target/gawk-format-lifetime-candidate/release/rboxc)
==741738==    by 0x5A18600: (below main) (libc_start_call_main.h:59)
==741738== 
==741738== 8 bytes in 1 blocks are still reachable in loss record 24 of 89
==741738==    at 0x586E858: malloc (vg_replace_malloc.c:447)
==741738==    by 0x473F017: rboxc_gawk_make_str_node (in /root/rboxc/target/gawk-format-lifetime-candidate/release/rboxc)
==741738==    by 0x474D135: install (in /root/rboxc/target/gawk-format-lifetime-candidate/release/rboxc)
==741738==    by 0x474D449: init_the_tables (in /root/rboxc/target/gawk-format-lifetime-candidate/release/rboxc)
==741738==    by 0x443E550: single_binary_main_gawk (in /root/rboxc/target/gawk-format-lifetime-candidate/release/rboxc)
==741738==    by 0x5A18600: (below main) (libc_start_call_main.h:59)
==741738== 
==741738== 8 bytes in 1 blocks are still reachable in loss record 25 of 89
==741738==    at 0x586E858: malloc (vg_replace_malloc.c:447)
==741738==    by 0x443F8A0: single_binary_main_gawk (in /root/rboxc/target/gawk-format-lifetime-candidate/release/rboxc)
==741738==    by 0x5A18600: (below main) (libc_start_call_main.h:59)
==741738== 
==741738== 8 bytes in 1 blocks are still reachable in loss record 26 of 89
==741738==    at 0x586E858: malloc (vg_replace_malloc.c:447)
==741738==    by 0x473F017: rboxc_gawk_make_str_node (in /root/rboxc/target/gawk-format-lifetime-candidate/release/rboxc)
==741738==    by 0x474D135: install (in /root/rboxc/target/gawk-format-lifetime-candidate/release/rboxc)
==741738==    by 0x443F92D: single_binary_main_gawk (in /root/rboxc/target/gawk-format-lifetime-candidate/release/rboxc)
==741738==    by 0x5A18600: (below main) (libc_start_call_main.h:59)
==741738== 
==741738== 8 bytes in 1 blocks are still reachable in loss record 27 of 89
==741738==    at 0x586E858: malloc (vg_replace_malloc.c:447)
==741738==    by 0x472BEB2: rboxc_gawk_init_fields (in /root/rboxc/target/gawk-format-lifetime-candidate/release/rboxc)
==741738==    by 0x443F9A0: single_binary_main_gawk (in /root/rboxc/target/gawk-format-lifetime-candidate/release/rboxc)
==741738==    by 0x5A18600: (below main) (libc_start_call_main.h:59)
==741738== 
==741738== 16 bytes in 1 blocks are still reachable in loss record 28 of 89
==741738==    at 0x586E858: malloc (vg_replace_malloc.c:447)
==741738==    by 0x44390B0: rboxc_gawk_estrdup (in /root/rboxc/target/gawk-format-lifetime-candidate/release/rboxc)
==741738==    by 0x46EA661: do_add_srcfile (in /root/rboxc/target/gawk-format-lifetime-candidate/release/rboxc)
==741738==    by 0x46EE6D0: rboxc_gawk_add_srcfile (in /root/rboxc/target/gawk-format-lifetime-candidate/release/rboxc)
==741738==    by 0x443E939: single_binary_main_gawk (in /root/rboxc/target/gawk-format-lifetime-candidate/release/rboxc)
==741738==    by 0x5A18600: (below main) (libc_start_call_main.h:59)
==741738== 
==741738== 21 bytes in 8 blocks are still reachable in loss record 29 of 89
==741738==    at 0x586E858: malloc (vg_replace_malloc.c:447)
==741738==    by 0x473F017: rboxc_gawk_make_str_node (in /root/rboxc/target/gawk-format-lifetime-candidate/release/rboxc)
==741738==    by 0x443F2AA: single_binary_main_gawk (in /root/rboxc/target/gawk-format-lifetime-candidate/release/rboxc)
==741738==    by 0x5A18600: (below main) (libc_start_call_main.h:59)
==741738== 
==741738== 24 bytes in 1 blocks are still reachable in loss record 30 of 89
==741738==    at 0x5875E43: calloc (vg_replace_malloc.c:1678)
==741738==    by 0x4735832: do_find_source (in /root/rboxc/target/gawk-format-lifetime-candidate/release/rboxc)
==741738==    by 0x473C081: rboxc_gawk_find_source (in /root/rboxc/target/gawk-format-lifetime-candidate/release/rboxc)
==741738==    by 0x46EE658: rboxc_gawk_add_srcfile (in /root/rboxc/target/gawk-format-lifetime-candidate/release/rboxc)
==741738==    by 0x443E939: single_binary_main_gawk (in /root/rboxc/target/gawk-format-lifetime-candidate/release/rboxc)
==741738==    by 0x5A18600: (below main) (libc_start_call_main.h:59)
==741738== 
==741738== 26 bytes in 1 blocks are still reachable in loss record 31 of 89
==741738==    at 0x586E858: malloc (vg_replace_malloc.c:447)
==741738==    by 0x4735927: do_find_source (in /root/rboxc/target/gawk-format-lifetime-candidate/release/rboxc)
==741738==    by 0x473C081: rboxc_gawk_find_source (in /root/rboxc/target/gawk-format-lifetime-candidate/release/rboxc)
==741738==    by 0x46EE658: rboxc_gawk_add_srcfile (in /root/rboxc/target/gawk-format-lifetime-candidate/release/rboxc)
==741738==    by 0x443E939: single_binary_main_gawk (in /root/rboxc/target/gawk-format-lifetime-candidate/release/rboxc)
==741738==    by 0x5A18600: (below main) (libc_start_call_main.h:59)
==741738== 
==741738== 32 bytes in 1 blocks are still reachable in loss record 32 of 89
==741738==    at 0x586E858: malloc (vg_replace_malloc.c:447)
==741738==    by 0x471C517: fmt_index (in /root/rboxc/target/gawk-format-lifetime-candidate/release/rboxc)
==741738==    by 0x471D606: rboxc_gawk_set_CONVFMT (in /root/rboxc/target/gawk-format-lifetime-candidate/release/rboxc)
==741738==    by 0x443F2E8: single_binary_main_gawk (in /root/rboxc/target/gawk-format-lifetime-candidate/release/rboxc)
==741738==    by 0x5A18600: (below main) (libc_start_call_main.h:59)
==741738== 
==741738== 32 bytes in 4 blocks are still reachable in loss record 33 of 89
==741738==    at 0x586E858: malloc (vg_replace_malloc.c:447)
==741738==    by 0x443E678: single_binary_main_gawk (in /root/rboxc/target/gawk-format-lifetime-candidate/release/rboxc)
==741738==    by 0x5A18600: (below main) (libc_start_call_main.h:59)
==741738== 
==741738== 40 bytes in 1 blocks are still reachable in loss record 34 of 89
==741738==    at 0x586E858: malloc (vg_replace_malloc.c:447)
==741738==    by 0x443E5D9: single_binary_main_gawk (in /root/rboxc/target/gawk-format-lifetime-candidate/release/rboxc)
==741738==    by 0x5A18600: (below main) (libc_start_call_main.h:59)
==741738== 
==741738== 41 bytes in 1 blocks are still reachable in loss record 35 of 89
==741738==    at 0x586E858: malloc (vg_replace_malloc.c:447)
==741738==    by 0x47355F3: do_find_source (in /root/rboxc/target/gawk-format-lifetime-candidate/release/rboxc)
==741738==    by 0x473C081: rboxc_gawk_find_source (in /root/rboxc/target/gawk-format-lifetime-candidate/release/rboxc)
==741738==    by 0x46EE658: rboxc_gawk_add_srcfile (in /root/rboxc/target/gawk-format-lifetime-candidate/release/rboxc)
==741738==    by 0x443E939: single_binary_main_gawk (in /root/rboxc/target/gawk-format-lifetime-candidate/release/rboxc)
==741738==    by 0x5A18600: (below main) (libc_start_call_main.h:59)
==741738== 
==741738== 48 bytes in 1 blocks are still reachable in loss record 36 of 89
==741738==    at 0x586E858: malloc (vg_replace_malloc.c:447)
==741738==    by 0x473EBAB: rboxc_gawk_r_getblock (in /root/rboxc/target/gawk-format-lifetime-candidate/release/rboxc)
==741738==    by 0x474C959: str_lookup (in /root/rboxc/target/gawk-format-lifetime-candidate/release/rboxc)
==741738==    by 0x474D16C: install (in /root/rboxc/target/gawk-format-lifetime-candidate/release/rboxc)
==741738==    by 0x474D449: init_the_tables (in /root/rboxc/target/gawk-format-lifetime-candidate/release/rboxc)
==741738==    by 0x443E550: single_binary_main_gawk (in /root/rboxc/target/gawk-format-lifetime-candidate/release/rboxc)
==741738==    by 0x5A18600: (below main) (libc_start_call_main.h:59)
==741738== 
==741738== 48 bytes in 1 blocks are still reachable in loss record 37 of 89
==741738==    at 0x586E858: malloc (vg_replace_malloc.c:447)
==741738==    by 0x473EBAB: rboxc_gawk_r_getblock (in /root/rboxc/target/gawk-format-lifetime-candidate/release/rboxc)
==741738==    by 0x474C959: str_lookup (in /root/rboxc/target/gawk-format-lifetime-candidate/release/rboxc)
==741738==    by 0x474D16C: install (in /root/rboxc/target/gawk-format-lifetime-candidate/release/rboxc)
==741738==    by 0x474D470: init_the_tables (in /root/rboxc/target/gawk-format-lifetime-candidate/release/rboxc)
==741738==    by 0x443E550: single_binary_main_gawk (in /root/rboxc/target/gawk-format-lifetime-candidate/release/rboxc)
==741738==    by 0x5A18600: (below main) (libc_start_call_main.h:59)
==741738== 
==741738== 48 bytes in 1 blocks are still reachable in loss record 38 of 89
==741738==    at 0x586E858: malloc (vg_replace_malloc.c:447)
==741738==    by 0x473EBAB: rboxc_gawk_r_getblock (in /root/rboxc/target/gawk-format-lifetime-candidate/release/rboxc)
==741738==    by 0x474C959: str_lookup (in /root/rboxc/target/gawk-format-lifetime-candidate/release/rboxc)
==741738==    by 0x474D16C: install (in /root/rboxc/target/gawk-format-lifetime-candidate/release/rboxc)
==741738==    by 0x443F92D: single_binary_main_gawk (in /root/rboxc/target/gawk-format-lifetime-candidate/release/rboxc)
==741738==    by 0x5A18600: (below main) (libc_start_call_main.h:59)
==741738== 
==741738== 48 bytes in 1 blocks are still reachable in loss record 39 of 89
==741738==    at 0x586E858: malloc (vg_replace_malloc.c:447)
==741738==    by 0x473EBAB: rboxc_gawk_r_getblock (in /root/rboxc/target/gawk-format-lifetime-candidate/release/rboxc)
==741738==    by 0x474C959: str_lookup (in /root/rboxc/target/gawk-format-lifetime-candidate/release/rboxc)
==741738==    by 0x474D16C: install (in /root/rboxc/target/gawk-format-lifetime-candidate/release/rboxc)
==741738==    by 0x443FF58: single_binary_main_gawk (in /root/rboxc/target/gawk-format-lifetime-candidate/release/rboxc)
==741738==    by 0x5A18600: (below main) (libc_start_call_main.h:59)
==741738== 
==741738== 48 bytes in 1 blocks are still reachable in loss record 40 of 89
==741738==    at 0x586E858: malloc (vg_replace_malloc.c:447)
==741738==    by 0x473EBAB: rboxc_gawk_r_getblock (in /root/rboxc/target/gawk-format-lifetime-candidate/release/rboxc)
==741738==    by 0x474C959: str_lookup (in /root/rboxc/target/gawk-format-lifetime-candidate/release/rboxc)
==741738==    by 0x474D16C: install (in /root/rboxc/target/gawk-format-lifetime-candidate/release/rboxc)
==741738==    by 0x4440233: single_binary_main_gawk (in /root/rboxc/target/gawk-format-lifetime-candidate/release/rboxc)
==741738==    by 0x5A18600: (below main) (libc_start_call_main.h:59)
==741738== 
==741738== 60 bytes in 1 blocks are still reachable in loss record 41 of 89
==741738==    at 0x586E858: malloc (vg_replace_malloc.c:447)
==741738==    by 0x46EAADC: tokexpand (in /root/rboxc/target/gawk-format-lifetime-candidate/release/rboxc)
==741738==    by 0x46F6C46: rboxc_gawk_parse_program (in /root/rboxc/target/gawk-format-lifetime-candidate/release/rboxc)
==741738==    by 0x44402A4: single_binary_main_gawk (in /root/rboxc/target/gawk-format-lifetime-candidate/release/rboxc)
==741738==    by 0x5A18600: (below main) (libc_start_call_main.h:59)
==741738== 
==741738== 68 bytes in 13 blocks are still reachable in loss record 42 of 89
==741738==    at 0x586E858: malloc (vg_replace_malloc.c:447)
==741738==    by 0x443F1EC: single_binary_main_gawk (in /root/rboxc/target/gawk-format-lifetime-candidate/release/rboxc)
==741738==    by 0x5A18600: (below main) (libc_start_call_main.h:59)
==741738== 
==741738== 68 bytes in 13 blocks are still reachable in loss record 43 of 89
==741738==    at 0x586E858: malloc (vg_replace_malloc.c:447)
==741738==    by 0x473F017: rboxc_gawk_make_str_node (in /root/rboxc/target/gawk-format-lifetime-candidate/release/rboxc)
==741738==    by 0x474D135: install (in /root/rboxc/target/gawk-format-lifetime-candidate/release/rboxc)
==741738==    by 0x443F280: single_binary_main_gawk (in /root/rboxc/target/gawk-format-lifetime-candidate/release/rboxc)
==741738==    by 0x5A18600: (below main) (libc_start_call_main.h:59)
==741738== 
==741738== 88 bytes in 1 blocks are still reachable in loss record 44 of 89
==741738==    at 0x586E858: malloc (vg_replace_malloc.c:447)
==741738==    by 0x473EBAB: rboxc_gawk_r_getblock (in /root/rboxc/target/gawk-format-lifetime-candidate/release/rboxc)
==741738==    by 0x473EF81: rboxc_gawk_make_str_node (in /root/rboxc/target/gawk-format-lifetime-candidate/release/rboxc)
==741738==    by 0x443E47C: single_binary_main_gawk (in /root/rboxc/target/gawk-format-lifetime-candidate/release/rboxc)
==741738==    by 0x5A18600: (below main) (libc_start_call_main.h:59)
==741738== 
==741738== 88 bytes in 1 blocks are still reachable in loss record 45 of 89
==741738==    at 0x586E858: malloc (vg_replace_malloc.c:447)
==741738==    by 0x473EBAB: rboxc_gawk_r_getblock (in /root/rboxc/target/gawk-format-lifetime-candidate/release/rboxc)
==741738==    by 0x474D3A7: init_the_tables (in /root/rboxc/target/gawk-format-lifetime-candidate/release/rboxc)
==741738==    by 0x443E550: single_binary_main_gawk (in /root/rboxc/target/gawk-format-lifetime-candidate/release/rboxc)
==741738==    by 0x5A18600: (below main) (libc_start_call_main.h:59)
==741738== 
==741738== 88 bytes in 1 blocks are still reachable in loss record 46 of 89
==741738==    at 0x586E858: malloc (vg_replace_malloc.c:447)
==741738==    by 0x473EBAB: rboxc_gawk_r_getblock (in /root/rboxc/target/gawk-format-lifetime-candidate/release/rboxc)
==741738==    by 0x474D3E8: init_the_tables (in /root/rboxc/target/gawk-format-lifetime-candidate/release/rboxc)
==741738==    by 0x443E550: single_binary_main_gawk (in /root/rboxc/target/gawk-format-lifetime-candidate/release/rboxc)
==741738==    by 0x5A18600: (below main) (libc_start_call_main.h:59)
==741738== 
==741738== 88 bytes in 1 blocks are still reachable in loss record 47 of 89
==741738==    at 0x586E858: malloc (vg_replace_malloc.c:447)
==741738==    by 0x473EBAB: rboxc_gawk_r_getblock (in /root/rboxc/target/gawk-format-lifetime-candidate/release/rboxc)
==741738==    by 0x473EF81: rboxc_gawk_make_str_node (in /root/rboxc/target/gawk-format-lifetime-candidate/release/rboxc)
==741738==    by 0x474D135: install (in /root/rboxc/target/gawk-format-lifetime-candidate/release/rboxc)
==741738==    by 0x474D449: init_the_tables (in /root/rboxc/target/gawk-format-lifetime-candidate/release/rboxc)
==741738==    by 0x443E550: single_binary_main_gawk (in /root/rboxc/target/gawk-format-lifetime-candidate/release/rboxc)
==741738==    by 0x5A18600: (below main) (libc_start_call_main.h:59)
==741738== 
==741738== 88 bytes in 1 blocks are still reachable in loss record 48 of 89
==741738==    at 0x586E858: malloc (vg_replace_malloc.c:447)
==741738==    by 0x473EBAB: rboxc_gawk_r_getblock (in /root/rboxc/target/gawk-format-lifetime-candidate/release/rboxc)
==741738==    by 0x474D213: install (in /root/rboxc/target/gawk-format-lifetime-candidate/release/rboxc)
==741738==    by 0x474D449: init_the_tables (in /root/rboxc/target/gawk-format-lifetime-candidate/release/rboxc)
==741738==    by 0x443E550: single_binary_main_gawk (in /root/rboxc/target/gawk-format-lifetime-candidate/release/rboxc)
==741738==    by 0x5A18600: (below main) (libc_start_call_main.h:59)
==741738== 
==741738== 88 bytes in 1 blocks are still reachable in loss record 49 of 89
==741738==    at 0x586E858: malloc (vg_replace_malloc.c:447)
==741738==    by 0x473EBAB: rboxc_gawk_r_getblock (in /root/rboxc/target/gawk-format-lifetime-candidate/release/rboxc)
==741738==    by 0x473EF81: rboxc_gawk_make_str_node (in /root/rboxc/target/gawk-format-lifetime-candidate/release/rboxc)
==741738==    by 0x474D135: install (in /root/rboxc/target/gawk-format-lifetime-candidate/release/rboxc)
==741738==    by 0x474D470: init_the_tables (in /root/rboxc/target/gawk-format-lifetime-candidate/release/rboxc)
==741738==    by 0x443E550: single_binary_main_gawk (in /root/rboxc/target/gawk-format-lifetime-candidate/release/rboxc)
==741738==    by 0x5A18600: (below main) (libc_start_call_main.h:59)
==741738== 
==741738== 88 bytes in 1 blocks are still reachable in loss record 50 of 89
==741738==    at 0x586E858: malloc (vg_replace_malloc.c:447)
==741738==    by 0x473EBAB: rboxc_gawk_r_getblock (in /root/rboxc/target/gawk-format-lifetime-candidate/release/rboxc)
==741738==    by 0x474D213: install (in /root/rboxc/target/gawk-format-lifetime-candidate/release/rboxc)
==741738==    by 0x474D470: init_the_tables (in /root/rboxc/target/gawk-format-lifetime-candidate/release/rboxc)
==741738==    by 0x443E550: single_binary_main_gawk (in /root/rboxc/target/gawk-format-lifetime-candidate/release/rboxc)
==741738==    by 0x5A18600: (below main) (libc_start_call_main.h:59)
==741738== 
==741738== 88 bytes in 1 blocks are still reachable in loss record 51 of 89
==741738==    at 0x586E858: malloc (vg_replace_malloc.c:447)
==741738==    by 0x473EBAB: rboxc_gawk_r_getblock (in /root/rboxc/target/gawk-format-lifetime-candidate/release/rboxc)
==741738==    by 0x473EF81: rboxc_gawk_make_str_node (in /root/rboxc/target/gawk-format-lifetime-candidate/release/rboxc)
==741738==    by 0x474D135: install (in /root/rboxc/target/gawk-format-lifetime-candidate/release/rboxc)
==741738==    by 0x443F92D: single_binary_main_gawk (in /root/rboxc/target/gawk-format-lifetime-candidate/release/rboxc)
==741738==    by 0x5A18600: (below main) (libc_start_call_main.h:59)
==741738== 
==741738== 88 bytes in 1 blocks are still reachable in loss record 52 of 89
==741738==    at 0x586E858: malloc (vg_replace_malloc.c:447)
==741738==    by 0x473EBAB: rboxc_gawk_r_getblock (in /root/rboxc/target/gawk-format-lifetime-candidate/release/rboxc)
==741738==    by 0x474D213: install (in /root/rboxc/target/gawk-format-lifetime-candidate/release/rboxc)
==741738==    by 0x443F92D: single_binary_main_gawk (in /root/rboxc/target/gawk-format-lifetime-candidate/release/rboxc)
==741738==    by 0x5A18600: (below main) (libc_start_call_main.h:59)
==741738== 
==741738== 88 bytes in 1 blocks are still reachable in loss record 53 of 89
==741738==    at 0x586E858: malloc (vg_replace_malloc.c:447)
==741738==    by 0x473EBAB: rboxc_gawk_r_getblock (in /root/rboxc/target/gawk-format-lifetime-candidate/release/rboxc)
==741738==    by 0x473EF81: rboxc_gawk_make_str_node (in /root/rboxc/target/gawk-format-lifetime-candidate/release/rboxc)
==741738==    by 0x472BED5: rboxc_gawk_init_fields (in /root/rboxc/target/gawk-format-lifetime-candidate/release/rboxc)
==741738==    by 0x443F9A0: single_binary_main_gawk (in /root/rboxc/target/gawk-format-lifetime-candidate/release/rboxc)
==741738==    by 0x5A18600: (below main) (libc_start_call_main.h:59)
==741738== 
==741738== 88 bytes in 1 blocks are still reachable in loss record 54 of 89
==741738==    at 0x586E858: malloc (vg_replace_malloc.c:447)
==741738==    by 0x473EBAB: rboxc_gawk_r_getblock (in /root/rboxc/target/gawk-format-lifetime-candidate/release/rboxc)
==741738==    by 0x473EF81: rboxc_gawk_make_str_node (in /root/rboxc/target/gawk-format-lifetime-candidate/release/rboxc)
==741738==    by 0x472BF20: rboxc_gawk_init_fields (in /root/rboxc/target/gawk-format-lifetime-candidate/release/rboxc)
==741738==    by 0x443F9A0: single_binary_main_gawk (in /root/rboxc/target/gawk-format-lifetime-candidate/release/rboxc)
==741738==    by 0x5A18600: (below main) (libc_start_call_main.h:59)
==741738== 
==741738== 88 bytes in 1 blocks are still reachable in loss record 55 of 89
==741738==    at 0x586E858: malloc (vg_replace_malloc.c:447)
==741738==    by 0x473EBAB: rboxc_gawk_r_getblock (in /root/rboxc/target/gawk-format-lifetime-candidate/release/rboxc)
==741738==    by 0x471F151: rboxc_gawk_init_interpret (in /root/rboxc/target/gawk-format-lifetime-candidate/release/rboxc)
==741738==    by 0x443FE94: single_binary_main_gawk (in /root/rboxc/target/gawk-format-lifetime-candidate/release/rboxc)
==741738==    by 0x5A18600: (below main) (libc_start_call_main.h:59)
==741738== 
==741738== 88 bytes in 1 blocks are still reachable in loss record 56 of 89
==741738==    at 0x586E858: malloc (vg_replace_malloc.c:447)
==741738==    by 0x473EBAB: rboxc_gawk_r_getblock (in /root/rboxc/target/gawk-format-lifetime-candidate/release/rboxc)
==741738==    by 0x473F4F0: r_make_number (in /root/rboxc/target/gawk-format-lifetime-candidate/release/rboxc)
==741738==    by 0x471F1A5: rboxc_gawk_init_interpret (in /root/rboxc/target/gawk-format-lifetime-candidate/release/rboxc)
==741738==    by 0x443FE94: single_binary_main_gawk (in /root/rboxc/target/gawk-format-lifetime-candidate/release/rboxc)
==741738==    by 0x5A18600: (below main) (libc_start_call_main.h:59)
==741738== 
==741738== 88 bytes in 1 blocks are still reachable in loss record 57 of 89
==741738==    at 0x586E858: malloc (vg_replace_malloc.c:447)
==741738==    by 0x473EBAB: rboxc_gawk_r_getblock (in /root/rboxc/target/gawk-format-lifetime-candidate/release/rboxc)
==741738==    by 0x473F4F0: r_make_number (in /root/rboxc/target/gawk-format-lifetime-candidate/release/rboxc)
==741738==    by 0x471F1BA: rboxc_gawk_init_interpret (in /root/rboxc/target/gawk-format-lifetime-candidate/release/rboxc)
==741738==    by 0x443FE94: single_binary_main_gawk (in /root/rboxc/target/gawk-format-lifetime-candidate/release/rboxc)
==741738==    by 0x5A18600: (below main) (libc_start_call_main.h:59)
==741738== 
==741738== 88 bytes in 1 blocks are still reachable in loss record 58 of 89
==741738==    at 0x586E858: malloc (vg_replace_malloc.c:447)
==741738==    by 0x473EBAB: rboxc_gawk_r_getblock (in /root/rboxc/target/gawk-format-lifetime-candidate/release/rboxc)
==741738==    by 0x473EF81: rboxc_gawk_make_str_node (in /root/rboxc/target/gawk-format-lifetime-candidate/release/rboxc)
==741738==    by 0x474D135: install (in /root/rboxc/target/gawk-format-lifetime-candidate/release/rboxc)
==741738==    by 0x443FF58: single_binary_main_gawk (in /root/rboxc/target/gawk-format-lifetime-candidate/release/rboxc)
==741738==    by 0x5A18600: (below main) (libc_start_call_main.h:59)
==741738== 
==741738== 88 bytes in 1 blocks are still reachable in loss record 59 of 89
==741738==    at 0x586E858: malloc (vg_replace_malloc.c:447)
==741738==    by 0x473EBAB: rboxc_gawk_r_getblock (in /root/rboxc/target/gawk-format-lifetime-candidate/release/rboxc)
==741738==    by 0x474D213: install (in /root/rboxc/target/gawk-format-lifetime-candidate/release/rboxc)
==741738==    by 0x443FF58: single_binary_main_gawk (in /root/rboxc/target/gawk-format-lifetime-candidate/release/rboxc)
==741738==    by 0x5A18600: (below main) (libc_start_call_main.h:59)
==741738== 
==741738== 88 bytes in 1 blocks are still reachable in loss record 60 of 89
==741738==    at 0x586E858: malloc (vg_replace_malloc.c:447)
==741738==    by 0x473EBAB: rboxc_gawk_r_getblock (in /root/rboxc/target/gawk-format-lifetime-candidate/release/rboxc)
==741738==    by 0x473EF81: rboxc_gawk_make_str_node (in /root/rboxc/target/gawk-format-lifetime-candidate/release/rboxc)
==741738==    by 0x443FF98: single_binary_main_gawk (in /root/rboxc/target/gawk-format-lifetime-candidate/release/rboxc)
==741738==    by 0x5A18600: (below main) (libc_start_call_main.h:59)
==741738== 
==741738== 88 bytes in 1 blocks are still reachable in loss record 61 of 89
==741738==    at 0x586E858: malloc (vg_replace_malloc.c:447)
==741738==    by 0x473EBAB: rboxc_gawk_r_getblock (in /root/rboxc/target/gawk-format-lifetime-candidate/release/rboxc)
==741738==    by 0x470A932: cint_lookup (in /root/rboxc/target/gawk-format-lifetime-candidate/release/rboxc)
==741738==    by 0x4435AE2: rboxc::applet_gawk::assoc_set (in /root/rboxc/target/gawk-format-lifetime-candidate/release/rboxc)
==741738==    by 0x443FFAB: single_binary_main_gawk (in /root/rboxc/target/gawk-format-lifetime-candidate/release/rboxc)
==741738==    by 0x5A18600: (below main) (libc_start_call_main.h:59)
==741738== 
==741738== 88 bytes in 1 blocks are still reachable in loss record 62 of 89
==741738==    at 0x586E858: malloc (vg_replace_malloc.c:447)
==741738==    by 0x473EBAB: rboxc_gawk_r_getblock (in /root/rboxc/target/gawk-format-lifetime-candidate/release/rboxc)
==741738==    by 0x470A547: tree_lookup (in /root/rboxc/target/gawk-format-lifetime-candidate/release/rboxc)
==741738==    by 0x4435AE2: rboxc::applet_gawk::assoc_set (in /root/rboxc/target/gawk-format-lifetime-candidate/release/rboxc)
==741738==    by 0x443FFAB: single_binary_main_gawk (in /root/rboxc/target/gawk-format-lifetime-candidate/release/rboxc)
==741738==    by 0x5A18600: (below main) (libc_start_call_main.h:59)
==741738== 
==741738== 88 bytes in 1 blocks are still reachable in loss record 63 of 89
==741738==    at 0x586E858: malloc (vg_replace_malloc.c:447)
==741738==    by 0x473EBAB: rboxc_gawk_r_getblock (in /root/rboxc/target/gawk-format-lifetime-candidate/release/rboxc)
==741738==    by 0x473EF81: rboxc_gawk_make_str_node (in /root/rboxc/target/gawk-format-lifetime-candidate/release/rboxc)
==741738==    by 0x474D135: install (in /root/rboxc/target/gawk-format-lifetime-candidate/release/rboxc)
==741738==    by 0x4440233: single_binary_main_gawk (in /root/rboxc/target/gawk-format-lifetime-candidate/release/rboxc)
==741738==    by 0x5A18600: (below main) (libc_start_call_main.h:59)
==741738== 
==741738== 88 bytes in 1 blocks are still reachable in loss record 64 of 89
==741738==    at 0x586E858: malloc (vg_replace_malloc.c:447)
==741738==    by 0x473EBAB: rboxc_gawk_r_getblock (in /root/rboxc/target/gawk-format-lifetime-candidate/release/rboxc)
==741738==    by 0x474D213: install (in /root/rboxc/target/gawk-format-lifetime-candidate/release/rboxc)
==741738==    by 0x4440233: single_binary_main_gawk (in /root/rboxc/target/gawk-format-lifetime-candidate/release/rboxc)
==741738==    by 0x5A18600: (below main) (libc_start_call_main.h:59)
==741738== 
==741738== 88 bytes in 1 blocks are still reachable in loss record 65 of 89
==741738==    at 0x586E858: malloc (vg_replace_malloc.c:447)
==741738==    by 0x473EBAB: rboxc_gawk_r_getblock (in /root/rboxc/target/gawk-format-lifetime-candidate/release/rboxc)
==741738==    by 0x473F4F0: r_make_number (in /root/rboxc/target/gawk-format-lifetime-candidate/release/rboxc)
==741738==    by 0x4440258: single_binary_main_gawk (in /root/rboxc/target/gawk-format-lifetime-candidate/release/rboxc)
==741738==    by 0x5A18600: (below main) (libc_start_call_main.h:59)
==741738== 
==741738== 88 bytes in 1 blocks are still reachable in loss record 66 of 89
==741738==    at 0x586E858: malloc (vg_replace_malloc.c:447)
==741738==    by 0x473EBAB: rboxc_gawk_r_getblock (in /root/rboxc/target/gawk-format-lifetime-candidate/release/rboxc)
==741738==    by 0x473F4F0: r_make_number (in /root/rboxc/target/gawk-format-lifetime-candidate/release/rboxc)
==741738==    by 0x46EFECC: yylex (in /root/rboxc/target/gawk-format-lifetime-candidate/release/rboxc)
==741738==    by 0x46F249C: rboxc_gawk_yyparse (in /root/rboxc/target/gawk-format-lifetime-candidate/release/rboxc)
==741738==    by 0x46F639A: rboxc_gawk_parse_program (in /root/rboxc/target/gawk-format-lifetime-candidate/release/rboxc)
==741738==    by 0x44402A4: single_binary_main_gawk (in /root/rboxc/target/gawk-format-lifetime-candidate/release/rboxc)
==741738==    by 0x5A18600: (below main) (libc_start_call_main.h:59)
==741738== 
==741738== 104 bytes in 1 blocks are still reachable in loss record 67 of 89
==741738==    at 0x5875E43: calloc (vg_replace_malloc.c:1678)
==741738==    by 0x474BDD4: grow_table (in /root/rboxc/target/gawk-format-lifetime-candidate/release/rboxc)
==741738==    by 0x474C9BC: str_lookup (in /root/rboxc/target/gawk-format-lifetime-candidate/release/rboxc)
==741738==    by 0x474D16C: install (in /root/rboxc/target/gawk-format-lifetime-candidate/release/rboxc)
==741738==    by 0x474D449: init_the_tables (in /root/rboxc/target/gawk-format-lifetime-candidate/release/rboxc)
==741738==    by 0x443E550: single_binary_main_gawk (in /root/rboxc/target/gawk-format-lifetime-candidate/release/rboxc)
==741738==    by 0x5A18600: (below main) (libc_start_call_main.h:59)
==741738== 
==741738== 104 bytes in 1 blocks are still reachable in loss record 68 of 89
==741738==    at 0x5875E43: calloc (vg_replace_malloc.c:1678)
==741738==    by 0x474BDD4: grow_table (in /root/rboxc/target/gawk-format-lifetime-candidate/release/rboxc)
==741738==    by 0x474C9BC: str_lookup (in /root/rboxc/target/gawk-format-lifetime-candidate/release/rboxc)
==741738==    by 0x474D16C: install (in /root/rboxc/target/gawk-format-lifetime-candidate/release/rboxc)
==741738==    by 0x443F280: single_binary_main_gawk (in /root/rboxc/target/gawk-format-lifetime-candidate/release/rboxc)
==741738==    by 0x5A18600: (below main) (libc_start_call_main.h:59)
==741738== 
==741738== 104 bytes in 1 blocks are still reachable in loss record 69 of 89
==741738==    at 0x5875E43: calloc (vg_replace_malloc.c:1678)
==741738==    by 0x474BDD4: grow_table (in /root/rboxc/target/gawk-format-lifetime-candidate/release/rboxc)
==741738==    by 0x474C9BC: str_lookup (in /root/rboxc/target/gawk-format-lifetime-candidate/release/rboxc)
==741738==    by 0x443FD46: single_binary_main_gawk (in /root/rboxc/target/gawk-format-lifetime-candidate/release/rboxc)
==741738==    by 0x5A18600: (below main) (libc_start_call_main.h:59)
==741738== 
==741738== 128 bytes in 1 blocks are still reachable in loss record 70 of 89
==741738==    at 0x586E858: malloc (vg_replace_malloc.c:447)
==741738==    by 0x46EC9E9: get_src_buf (in /root/rboxc/target/gawk-format-lifetime-candidate/release/rboxc)
==741738==    by 0x46ED12D: nextc (in /root/rboxc/target/gawk-format-lifetime-candidate/release/rboxc)
==741738==    by 0x46EF689: yylex (in /root/rboxc/target/gawk-format-lifetime-candidate/release/rboxc)
==741738==    by 0x46F249C: rboxc_gawk_yyparse (in /root/rboxc/target/gawk-format-lifetime-candidate/release/rboxc)
==741738==    by 0x46F639A: rboxc_gawk_parse_program (in /root/rboxc/target/gawk-format-lifetime-candidate/release/rboxc)
==741738==    by 0x44402A4: single_binary_main_gawk (in /root/rboxc/target/gawk-format-lifetime-candidate/release/rboxc)
==741738==    by 0x5A18600: (below main) (libc_start_call_main.h:59)
==741738== 
==741738== 205 bytes in 24 blocks are still reachable in loss record 71 of 89
==741738==    at 0x586E858: malloc (vg_replace_malloc.c:447)
==741738==    by 0x473F017: rboxc_gawk_make_str_node (in /root/rboxc/target/gawk-format-lifetime-candidate/release/rboxc)
==741738==    by 0x443FD0C: single_binary_main_gawk (in /root/rboxc/target/gawk-format-lifetime-candidate/release/rboxc)
==741738==    by 0x5A18600: (below main) (libc_start_call_main.h:59)
==741738== 
==741738== 256 bytes in 1 blocks are still reachable in loss record 72 of 89
==741738==    at 0x5875E43: calloc (vg_replace_malloc.c:1678)
==741738==    by 0x470A8F2: cint_lookup (in /root/rboxc/target/gawk-format-lifetime-candidate/release/rboxc)
==741738==    by 0x4435AE2: rboxc::applet_gawk::assoc_set (in /root/rboxc/target/gawk-format-lifetime-candidate/release/rboxc)
==741738==    by 0x443FFAB: single_binary_main_gawk (in /root/rboxc/target/gawk-format-lifetime-candidate/release/rboxc)
==741738==    by 0x5A18600: (below main) (libc_start_call_main.h:59)
==741738== 
==741738== 256 bytes in 1 blocks are still reachable in loss record 73 of 89
==741738==    at 0x5875E43: calloc (vg_replace_malloc.c:1678)
==741738==    by 0x470A2F7: tree_lookup (in /root/rboxc/target/gawk-format-lifetime-candidate/release/rboxc)
==741738==    by 0x4435AE2: rboxc::applet_gawk::assoc_set (in /root/rboxc/target/gawk-format-lifetime-candidate/release/rboxc)
==741738==    by 0x443FFAB: single_binary_main_gawk (in /root/rboxc/target/gawk-format-lifetime-candidate/release/rboxc)
==741738==    by 0x5A18600: (below main) (libc_start_call_main.h:59)
==741738== 
==741738== 256 bytes in 1 blocks are still reachable in loss record 74 of 89
==741738==    at 0x5875E43: calloc (vg_replace_malloc.c:1678)
==741738==    by 0x470A520: tree_lookup (in /root/rboxc/target/gawk-format-lifetime-candidate/release/rboxc)
==741738==    by 0x4435AE2: rboxc::applet_gawk::assoc_set (in /root/rboxc/target/gawk-format-lifetime-candidate/release/rboxc)
==741738==    by 0x443FFAB: single_binary_main_gawk (in /root/rboxc/target/gawk-format-lifetime-candidate/release/rboxc)
==741738==    by 0x5A18600: (below main) (libc_start_call_main.h:59)
==741738== 
==741738== 296 bytes in 1 blocks are still reachable in loss record 75 of 89
==741738==    at 0x5875E43: calloc (vg_replace_malloc.c:1678)
==741738==    by 0x46EA646: do_add_srcfile (in /root/rboxc/target/gawk-format-lifetime-candidate/release/rboxc)
==741738==    by 0x46EE6D0: rboxc_gawk_add_srcfile (in /root/rboxc/target/gawk-format-lifetime-candidate/release/rboxc)
==741738==    by 0x443E939: single_binary_main_gawk (in /root/rboxc/target/gawk-format-lifetime-candidate/release/rboxc)
==741738==    by 0x5A18600: (below main) (libc_start_call_main.h:59)
==741738== 
==741738== 440 bytes in 5 blocks are still reachable in loss record 76 of 89
==741738==    at 0x586E858: malloc (vg_replace_malloc.c:447)
==741738==    by 0x473EBAB: rboxc_gawk_r_getblock (in /root/rboxc/target/gawk-format-lifetime-candidate/release/rboxc)
==741738==    by 0x473F4F0: r_make_number (in /root/rboxc/target/gawk-format-lifetime-candidate/release/rboxc)
==741738==    by 0x443F2C3: single_binary_main_gawk (in /root/rboxc/target/gawk-format-lifetime-candidate/release/rboxc)
==741738==    by 0x5A18600: (below main) (libc_start_call_main.h:59)
==741738== 
==741738== 552 bytes in 1 blocks are still reachable in loss record 77 of 89
==741738==    at 0x5875E43: calloc (vg_replace_malloc.c:1678)
==741738==    by 0x474EA56: rboxc_gawk_new_context (in /root/rboxc/target/gawk-format-lifetime-candidate/release/rboxc)
==741738==    by 0x443E56A: single_binary_main_gawk (in /root/rboxc/target/gawk-format-lifetime-candidate/release/rboxc)
==741738==    by 0x5A18600: (below main) (libc_start_call_main.h:59)
==741738== 
==741738== 624 bytes in 13 blocks are still reachable in loss record 78 of 89
==741738==    at 0x586E858: malloc (vg_replace_malloc.c:447)
==741738==    by 0x473EBAB: rboxc_gawk_r_getblock (in /root/rboxc/target/gawk-format-lifetime-candidate/release/rboxc)
==741738==    by 0x474C959: str_lookup (in /root/rboxc/target/gawk-format-lifetime-candidate/release/rboxc)
==741738==    by 0x474D16C: install (in /root/rboxc/target/gawk-format-lifetime-candidate/release/rboxc)
==741738==    by 0x443F280: single_binary_main_gawk (in /root/rboxc/target/gawk-format-lifetime-candidate/release/rboxc)
==741738==    by 0x5A18600: (below main) (libc_start_call_main.h:59)
==741738== 
==741738== 704 bytes in 8 blocks are still reachable in loss record 79 of 89
==741738==    at 0x586E858: malloc (vg_replace_malloc.c:447)
==741738==    by 0x473EBAB: rboxc_gawk_r_getblock (in /root/rboxc/target/gawk-format-lifetime-candidate/release/rboxc)
==741738==    by 0x473EF81: rboxc_gawk_make_str_node (in /root/rboxc/target/gawk-format-lifetime-candidate/release/rboxc)
==741738==    by 0x443F2AA: single_binary_main_gawk (in /root/rboxc/target/gawk-format-lifetime-candidate/release/rboxc)
==741738==    by 0x5A18600: (below main) (libc_start_call_main.h:59)
==741738== 
==741738== 830 bytes in 24 blocks are still reachable in loss record 80 of 89
==741738==    at 0x586E858: malloc (vg_replace_malloc.c:447)
==741738==    by 0x473F017: rboxc_gawk_make_str_node (in /root/rboxc/target/gawk-format-lifetime-candidate/release/rboxc)
==741738==    by 0x443FD20: single_binary_main_gawk (in /root/rboxc/target/gawk-format-lifetime-candidate/release/rboxc)
==741738==    by 0x5A18600: (below main) (libc_start_call_main.h:59)
==741738== 
==741738== 1,144 bytes in 13 blocks are still reachable in loss record 81 of 89
==741738==    at 0x586E858: malloc (vg_replace_malloc.c:447)
==741738==    by 0x473EBAB: rboxc_gawk_r_getblock (in /root/rboxc/target/gawk-format-lifetime-candidate/release/rboxc)
==741738==    by 0x473EF81: rboxc_gawk_make_str_node (in /root/rboxc/target/gawk-format-lifetime-candidate/release/rboxc)
==741738==    by 0x474D135: install (in /root/rboxc/target/gawk-format-lifetime-candidate/release/rboxc)
==741738==    by 0x443F280: single_binary_main_gawk (in /root/rboxc/target/gawk-format-lifetime-candidate/release/rboxc)
==741738==    by 0x5A18600: (below main) (libc_start_call_main.h:59)
==741738== 
==741738== 1,144 bytes in 13 blocks are still reachable in loss record 82 of 89
==741738==    at 0x586E858: malloc (vg_replace_malloc.c:447)
==741738==    by 0x473EBAB: rboxc_gawk_r_getblock (in /root/rboxc/target/gawk-format-lifetime-candidate/release/rboxc)
==741738==    by 0x474D213: install (in /root/rboxc/target/gawk-format-lifetime-candidate/release/rboxc)
==741738==    by 0x443F280: single_binary_main_gawk (in /root/rboxc/target/gawk-format-lifetime-candidate/release/rboxc)
==741738==    by 0x5A18600: (below main) (libc_start_call_main.h:59)
==741738== 
==741738== 1,152 bytes in 24 blocks are still reachable in loss record 83 of 89
==741738==    at 0x586E858: malloc (vg_replace_malloc.c:447)
==741738==    by 0x473EBAB: rboxc_gawk_r_getblock (in /root/rboxc/target/gawk-format-lifetime-candidate/release/rboxc)
==741738==    by 0x474C959: str_lookup (in /root/rboxc/target/gawk-format-lifetime-candidate/release/rboxc)
==741738==    by 0x443FD46: single_binary_main_gawk (in /root/rboxc/target/gawk-format-lifetime-candidate/release/rboxc)
==741738==    by 0x5A18600: (below main) (libc_start_call_main.h:59)
==741738== 
==741738== 2,048 bytes in 1 blocks are still reachable in loss record 84 of 89
==741738==    at 0x586E858: malloc (vg_replace_malloc.c:447)
==741738==    by 0x471F119: rboxc_gawk_init_interpret (in /root/rboxc/target/gawk-format-lifetime-candidate/release/rboxc)
==741738==    by 0x443FE94: single_binary_main_gawk (in /root/rboxc/target/gawk-format-lifetime-candidate/release/rboxc)
==741738==    by 0x5A18600: (below main) (libc_start_call_main.h:59)
==741738== 
==741738== 2,112 bytes in 24 blocks are still reachable in loss record 85 of 89
==741738==    at 0x586E858: malloc (vg_replace_malloc.c:447)
==741738==    by 0x473EBAB: rboxc_gawk_r_getblock (in /root/rboxc/target/gawk-format-lifetime-candidate/release/rboxc)
==741738==    by 0x473EF81: rboxc_gawk_make_str_node (in /root/rboxc/target/gawk-format-lifetime-candidate/release/rboxc)
==741738==    by 0x443FD0C: single_binary_main_gawk (in /root/rboxc/target/gawk-format-lifetime-candidate/release/rboxc)
==741738==    by 0x5A18600: (below main) (libc_start_call_main.h:59)
==741738== 
==741738== 2,112 bytes in 24 blocks are still reachable in loss record 86 of 89
==741738==    at 0x586E858: malloc (vg_replace_malloc.c:447)
==741738==    by 0x473EBAB: rboxc_gawk_r_getblock (in /root/rboxc/target/gawk-format-lifetime-candidate/release/rboxc)
==741738==    by 0x473EF81: rboxc_gawk_make_str_node (in /root/rboxc/target/gawk-format-lifetime-candidate/release/rboxc)
==741738==    by 0x443FD20: single_binary_main_gawk (in /root/rboxc/target/gawk-format-lifetime-candidate/release/rboxc)
==741738==    by 0x5A18600: (below main) (libc_start_call_main.h:59)
==741738== 
==741738== 5,048 bytes in 1 blocks are still reachable in loss record 87 of 89
==741738==    at 0x586E858: malloc (vg_replace_malloc.c:447)
==741738==    by 0x474E971: rboxc_gawk_bcalloc (in /root/rboxc/target/gawk-format-lifetime-candidate/release/rboxc)
==741738==    by 0x46F62BC: rboxc_gawk_parse_program (in /root/rboxc/target/gawk-format-lifetime-candidate/release/rboxc)
==741738==    by 0x44402A4: single_binary_main_gawk (in /root/rboxc/target/gawk-format-lifetime-candidate/release/rboxc)
==741738==    by 0x5A18600: (below main) (libc_start_call_main.h:59)
==741738== 
==741738== 5,048 bytes in 1 blocks are still reachable in loss record 88 of 89
==741738==    at 0x586E858: malloc (vg_replace_malloc.c:447)
==741738==    by 0x474E971: rboxc_gawk_bcalloc (in /root/rboxc/target/gawk-format-lifetime-candidate/release/rboxc)
==741738==    by 0x46F67B8: rboxc_gawk_parse_program (in /root/rboxc/target/gawk-format-lifetime-candidate/release/rboxc)
==741738==    by 0x44402A4: single_binary_main_gawk (in /root/rboxc/target/gawk-format-lifetime-candidate/release/rboxc)
==741738==    by 0x5A18600: (below main) (libc_start_call_main.h:59)
==741738== 
==741738== 5,048 bytes in 1 blocks are still reachable in loss record 89 of 89
==741738==    at 0x586E858: malloc (vg_replace_malloc.c:447)
==741738==    by 0x474E971: rboxc_gawk_bcalloc (in /root/rboxc/target/gawk-format-lifetime-candidate/release/rboxc)
==741738==    by 0x46F1F4A: yylex (in /root/rboxc/target/gawk-format-lifetime-candidate/release/rboxc)
==741738==    by 0x46F249C: rboxc_gawk_yyparse (in /root/rboxc/target/gawk-format-lifetime-candidate/release/rboxc)
==741738==    by 0x46F639A: rboxc_gawk_parse_program (in /root/rboxc/target/gawk-format-lifetime-candidate/release/rboxc)
==741738==    by 0x44402A4: single_binary_main_gawk (in /root/rboxc/target/gawk-format-lifetime-candidate/release/rboxc)
==741738==    by 0x5A18600: (below main) (libc_start_call_main.h:59)
==741738== 
==741738== LEAK SUMMARY:
==741738==    definitely lost: 0 bytes in 0 blocks
==741738==    indirectly lost: 0 bytes in 0 blocks
==741738==      possibly lost: 0 bytes in 0 blocks
==741738==    still reachable: 32,504 bytes in 285 blocks
==741738==         suppressed: 0 bytes in 0 blocks
==741738== 
==741738== For lists of detected and suppressed errors, rerun with: -s
==741738== ERROR SUMMARY: 0 errors from 0 contexts (suppressed: 0 from 0)
