==724854== Memcheck, a memory error detector
==724854== Copyright (C) 2002-2024, and GNU GPL'd, by Julian Seward et al.
==724854== Using Valgrind-3.26.0 and LibVEX; rerun with -h for copyright info
==724854== Command: /bin/sh -c cat\ -\ 1\>&2;\ sleep\ 2
==724854== Parent PID: 724852
==724854== 
==724854== 
==724854== FILE DESCRIPTORS: 3 open (2 inherited) at exit.
==724854== Open file descriptor 1:
==724854==    at 0x49BCE8B: dup2 (dup2.c:29)
==724854==    by 0x4015C0F: ??? (in /usr/bin/dash)
==724854==    by 0x4014094: ??? (in /usr/bin/dash)
==724854==    by 0x400BCE7: ??? (in /usr/bin/dash)
==724854==    by 0x400BCAC: ??? (in /usr/bin/dash)
==724854==    by 0x40120F8: ??? (in /usr/bin/dash)
==724854==    by 0x4004DA0: ??? (in /usr/bin/dash)
==724854==    by 0x48C4600: (below main) (libc_start_call_main.h:59)
==724854== 
==724854== 
==724854== HEAP SUMMARY:
==724854==     in use at exit: 1,088 bytes in 30 blocks
==724854==   total heap usage: 34 allocs, 4 frees, 1,304 bytes allocated
==724854== 
==724854== 27 bytes in 1 blocks are still reachable in loss record 1 of 7
==724854==    at 0x486E858: malloc (vg_replace_malloc.c:447)
==724854==    by 0x40083FA: ??? (in /usr/bin/dash)
==724854==    by 0x4012E0A: ??? (in /usr/bin/dash)
==724854==    by 0x4013FFF: ??? (in /usr/bin/dash)
==724854==    by 0x400BCE7: ??? (in /usr/bin/dash)
==724854==    by 0x400BCAC: ??? (in /usr/bin/dash)
==724854==    by 0x40120F8: ??? (in /usr/bin/dash)
==724854==    by 0x4004DA0: ??? (in /usr/bin/dash)
==724854==    by 0x48C4600: (below main) (libc_start_call_main.h:59)
==724854== 
==724854== 29 bytes in 1 blocks are still reachable in loss record 2 of 7
==724854==    at 0x486E858: malloc (vg_replace_malloc.c:447)
==724854==    by 0x40083FA: ??? (in /usr/bin/dash)
==724854==    by 0x4012E0A: ??? (in /usr/bin/dash)
==724854==    by 0x4013FFF: ??? (in /usr/bin/dash)
==724854==    by 0x400BCE7: ??? (in /usr/bin/dash)
==724854==    by 0x400BCE7: ??? (in /usr/bin/dash)
==724854==    by 0x40120F8: ??? (in /usr/bin/dash)
==724854==    by 0x4004DA0: ??? (in /usr/bin/dash)
==724854==    by 0x48C4600: (below main) (libc_start_call_main.h:59)
==724854== 
==724854== 32 bytes in 1 blocks are still reachable in loss record 3 of 7
==724854==    at 0x486E858: malloc (vg_replace_malloc.c:447)
==724854==    by 0x4017AB2: ??? (in /usr/bin/dash)
==724854==    by 0x40186D4: ??? (in /usr/bin/dash)
==724854==    by 0x4004BC6: ??? (in /usr/bin/dash)
==724854==    by 0x48C4600: (below main) (libc_start_call_main.h:59)
==724854== 
==724854== 34 bytes in 1 blocks are still reachable in loss record 4 of 7
==724854==    at 0x486E858: malloc (vg_replace_malloc.c:447)
==724854==    by 0x495596E: strdup (strdup.c:42)
==724854==    by 0x40081DF: ??? (in /usr/bin/dash)
==724854==    by 0x40186F9: ??? (in /usr/bin/dash)
==724854==    by 0x4004BC6: ??? (in /usr/bin/dash)
==724854==    by 0x48C4600: (below main) (libc_start_call_main.h:59)
==724854== 
==724854== 38 bytes in 1 blocks are still reachable in loss record 5 of 7
==724854==    at 0x486E858: malloc (vg_replace_malloc.c:447)
==724854==    by 0x4017C53: ??? (in /usr/bin/dash)
==724854==    by 0x40186F9: ??? (in /usr/bin/dash)
==724854==    by 0x4004BC6: ??? (in /usr/bin/dash)
==724854==    by 0x48C4600: (below main) (libc_start_call_main.h:59)
==724854== 
==724854== 160 bytes in 1 blocks are still reachable in loss record 6 of 7
==724854==    at 0x487607F: realloc (vg_replace_malloc.c:1804)
==724854==    by 0x40074DC: ??? (in /usr/bin/dash)
==724854==    by 0x400A64D: ??? (in /usr/bin/dash)
==724854==    by 0x4014058: ??? (in /usr/bin/dash)
==724854==    by 0x400BCE7: ??? (in /usr/bin/dash)
==724854==    by 0x400BCAC: ??? (in /usr/bin/dash)
==724854==    by 0x40120F8: ??? (in /usr/bin/dash)
==724854==    by 0x4004DA0: ??? (in /usr/bin/dash)
==724854==    by 0x48C4600: (below main) (libc_start_call_main.h:59)
==724854== 
==724854== 768 bytes in 24 blocks are still reachable in loss record 7 of 7
==724854==    at 0x486E858: malloc (vg_replace_malloc.c:447)
==724854==    by 0x4017AB2: ??? (in /usr/bin/dash)
==724854==    by 0x4018670: ??? (in /usr/bin/dash)
==724854==    by 0x4004BC6: ??? (in /usr/bin/dash)
==724854==    by 0x48C4600: (below main) (libc_start_call_main.h:59)
==724854== 
==724854== LEAK SUMMARY:
==724854==    definitely lost: 0 bytes in 0 blocks
==724854==    indirectly lost: 0 bytes in 0 blocks
==724854==      possibly lost: 0 bytes in 0 blocks
==724854==    still reachable: 1,088 bytes in 30 blocks
==724854==         suppressed: 0 bytes in 0 blocks
==724854== 
==724854== For lists of detected and suppressed errors, rerun with: -s
==724854== ERROR SUMMARY: 1 errors from 1 contexts (suppressed: 0 from 0)
