==675962== Memcheck, a memory error detector
==675962== Copyright (C) 2002-2024, and GNU GPL'd, by Julian Seward et al.
==675962== Using Valgrind-3.26.0 and LibVEX; rerun with -h for copyright info
==675962== Command: tar -c -f a -z --remove-files b c
==675962== Parent PID: 675961
==675962== 
==675962== 
==675962== FILE DESCRIPTORS: 3 open (3 inherited) at exit.
==675962== 
==675962== HEAP SUMMARY:
==675962==     in use at exit: 19,017 bytes in 15 blocks
==675962==   total heap usage: 77 allocs, 62 frees, 80,964 bytes allocated
==675962== 
==675962== 4 bytes in 2 blocks are still reachable in loss record 1 of 13
==675962==    at 0x48BD858: malloc (vg_replace_malloc.c:447)
==675962==    by 0x405185D: xmalloc (xmalloc.c:45)
==675962==    by 0x405185D: xmemdup (xmalloc.c:314)
==675962==    by 0x405185D: xstrdup (xmalloc.c:339)
==675962==    by 0x4033024: queue_deferred_unlink (unlink.c:221)
==675962==    by 0x4016AA4: dump_file0 (create.c:1860)
==675962==    by 0x4017589: dump_file (create.c:1968)
==675962==    by 0x4017589: create_archive (create.c:1412)
==675962==    by 0x400CD90: main (tar.c:2818)
==675962== 
==675962== 7 bytes in 1 blocks are still reachable in loss record 2 of 13
==675962==    at 0x48BD858: malloc (vg_replace_malloc.c:447)
==675962==    by 0x405185D: xmalloc (xmalloc.c:45)
==675962==    by 0x405185D: xmemdup (xmalloc.c:314)
==675962==    by 0x405185D: xstrdup (xmalloc.c:339)
==675962==    by 0x402644F: assign_string (misc.c:58)
==675962==    by 0x4029612: uid_to_uname (names.c:490)
==675962==    by 0x40155F3: start_header (create.c:931)
==675962==    by 0x4015798: dump_regular_file (create.c:1050)
==675962==    by 0x40165E2: dump_file0 (create.c:1773)
==675962==    by 0x4017589: dump_file (create.c:1968)
==675962==    by 0x4017589: create_archive (create.c:1412)
==675962==    by 0x400CD90: main (tar.c:2818)
==675962== 
==675962== 8 bytes in 1 blocks are still reachable in loss record 3 of 13
==675962==    at 0x48BD858: malloc (vg_replace_malloc.c:447)
==675962==    by 0x405185D: xmalloc (xmalloc.c:45)
==675962==    by 0x405185D: xmemdup (xmalloc.c:314)
==675962==    by 0x405185D: xstrdup (xmalloc.c:339)
==675962==    by 0x402644F: assign_string (misc.c:58)
==675962==    by 0x40296A2: gid_to_gname (names.c:520)
==675962==    by 0x40155DB: start_header (create.c:936)
==675962==    by 0x4015798: dump_regular_file (create.c:1050)
==675962==    by 0x40165E2: dump_file0 (create.c:1773)
==675962==    by 0x4017589: dump_file (create.c:1968)
==675962==    by 0x4017589: create_archive (create.c:1412)
==675962==    by 0x400CD90: main (tar.c:2818)
==675962== 
==675962== 16 bytes in 1 blocks are still reachable in loss record 4 of 13
==675962==    at 0x48C4E43: calloc (vg_replace_malloc.c:1678)
==675962==    by 0x40516F1: xcalloc (xmalloc.c:298)
==675962==    by 0x40516F1: xzalloc (xmalloc.c:283)
==675962==    by 0x400BEF9: decode_options (tar.c:2297)
==675962==    by 0x400BEF9: main (tar.c:2792)
==675962== 
==675962== 32 bytes in 1 blocks are still reachable in loss record 5 of 13
==675962==    at 0x48BD858: malloc (vg_replace_malloc.c:447)
==675962==    by 0x40512CC: xmalloc (xmalloc.c:45)
==675962==    by 0x402F07B: optloc_save (tar.c:926)
==675962==    by 0x402FFB0: set_use_compress_program_option (tar.c:985)
==675962==    by 0x4030B0E: parse_opt (tar.c:1777)
==675962==    by 0x404233D: group_parse (argp-parse.c:233)
==675962==    by 0x404233D: parser_parse_opt (argp-parse.c:736)
==675962==    by 0x404233D: parser_parse_next (argp-parse.c:859)
==675962==    by 0x404233D: argp_parse (argp-parse.c:927)
==675962==    by 0x400C045: decode_options (tar.c:2380)
==675962==    by 0x400C045: main (tar.c:2792)
==675962== 
==675962== 32 bytes in 1 blocks are still reachable in loss record 6 of 13
==675962==    at 0x48BD858: malloc (vg_replace_malloc.c:447)
==675962==    by 0x40512CC: xmalloc (xmalloc.c:45)
==675962==    by 0x401407E: file_count_links (create.c:1522)
==675962==    by 0x401407E: file_count_links (create.c:1508)
==675962==    by 0x4016A58: dump_file0 (create.c:1779)
==675962==    by 0x4017589: dump_file (create.c:1968)
==675962==    by 0x4017589: create_archive (create.c:1412)
==675962==    by 0x400CD90: main (tar.c:2818)
==675962== 
==675962== 80 bytes in 1 blocks are still reachable in loss record 7 of 13
==675962==    at 0x48BD858: malloc (vg_replace_malloc.c:447)
==675962==    by 0x40512CC: xmalloc (xmalloc.c:45)
==675962==    by 0x400BE43: main (tar.c:2781)
==675962== 
==675962== 80 bytes in 1 blocks are still reachable in loss record 8 of 13
==675962==    at 0x48BD858: malloc (vg_replace_malloc.c:447)
==675962==    by 0x4047846: hash_initialize (hash.c:523)
==675962==    by 0x401411B: file_count_links (create.c:1530)
==675962==    by 0x401411B: file_count_links (create.c:1508)
==675962==    by 0x4016A58: dump_file0 (create.c:1779)
==675962==    by 0x4017589: dump_file (create.c:1968)
==675962==    by 0x4017589: create_archive (create.c:1412)
==675962==    by 0x400CD90: main (tar.c:2818)
==675962== 
==675962== 80 bytes in 2 blocks are still reachable in loss record 9 of 13
==675962==    at 0x48BD858: malloc (vg_replace_malloc.c:447)
==675962==    by 0x40512CC: xmalloc (xmalloc.c:45)
==675962==    by 0x4033157: dunlink_alloc (unlink.c:63)
==675962==    by 0x4033157: queue_deferred_unlink (unlink.c:218)
==675962==    by 0x4016AA4: dump_file0 (create.c:1860)
==675962==    by 0x4017589: dump_file (create.c:1968)
==675962==    by 0x4017589: create_archive (create.c:1412)
==675962==    by 0x400CD90: main (tar.c:2818)
==675962== 
==675962== 102 bytes in 1 blocks are still reachable in loss record 10 of 13
==675962==    at 0x48BD858: malloc (vg_replace_malloc.c:447)
==675962==    by 0x40512CC: xmalloc (xmalloc.c:45)
==675962==    by 0x4029881: name_init (names.c:869)
==675962==    by 0x400C94C: main (tar.c:2794)
==675962== 
==675962== 176 bytes in 1 blocks are still reachable in loss record 11 of 13
==675962==    at 0x48C4E43: calloc (vg_replace_malloc.c:1678)
==675962==    by 0x404789C: hash_initialize (hash.c:544)
==675962==    by 0x401411B: file_count_links (create.c:1530)
==675962==    by 0x401411B: file_count_links (create.c:1508)
==675962==    by 0x4016A58: dump_file0 (create.c:1779)
==675962==    by 0x4017589: dump_file (create.c:1968)
==675962==    by 0x4017589: create_archive (create.c:1412)
==675962==    by 0x400CD90: main (tar.c:2818)
==675962== 
==675962== 4,064 bytes in 1 blocks are still reachable in loss record 12 of 13
==675962==    at 0x48BD858: malloc (vg_replace_malloc.c:447)
==675962==    by 0x40512CC: xmalloc (xmalloc.c:45)
==675962==    by 0x404A07D: call_chunkfun (obstack.c:88)
==675962==    by 0x404A07D: _obstack_begin_worker.isra.0 (obstack.c:135)
==675962==    by 0x404A0A8: _obstack_begin (obstack.c:157)
==675962==    by 0x4032C57: _transform_name_to_obstack (transform.c:592)
==675962==    by 0x4032C57: transform_name_fp (transform.c:614)
==675962==    by 0x4016444: dump_file0 (create.c:1657)
==675962==    by 0x4017589: dump_file (create.c:1968)
==675962==    by 0x4017589: create_archive (create.c:1412)
==675962==    by 0x400CD90: main (tar.c:2818)
==675962== 
==675962== 14,336 bytes in 1 blocks are still reachable in loss record 13 of 13
==675962==    at 0x48BD858: malloc (vg_replace_malloc.c:447)
==675962==    by 0x40512CC: xmalloc (xmalloc.c:45)
==675962==    by 0x4027C22: page_aligned_alloc (misc.c:1235)
==675962==    by 0x400D5A3: init_buffer (buffer.c:657)
==675962==    by 0x4010B3B: _open_archive (buffer.c:725)
==675962==    by 0x4010B3B: open_archive (buffer.c:2025)
==675962==    by 0x40174DE: create_archive (create.c:1343)
==675962==    by 0x400CD90: main (tar.c:2818)
==675962== 
==675962== LEAK SUMMARY:
==675962==    definitely lost: 0 bytes in 0 blocks
==675962==    indirectly lost: 0 bytes in 0 blocks
==675962==      possibly lost: 0 bytes in 0 blocks
==675962==    still reachable: 19,017 bytes in 15 blocks
==675962==         suppressed: 0 bytes in 0 blocks
==675962== 
==675962== For lists of detected and suppressed errors, rerun with: -s
==675962== ERROR SUMMARY: 0 errors from 0 contexts (suppressed: 0 from 0)
