==724831== Memcheck, a memory error detector
==724831== Copyright (C) 2002-2024, and GNU GPL'd, by Julian Seward et al.
==724831== Using Valgrind-3.26.0 and LibVEX; rerun with -h for copyright info
==724831== Command: /bin/sh -c echo\ 1\ \>\ f
==724831== Parent PID: 724816
==724831== 
==724831== 
==724831== FILE DESCRIPTORS: 3 open (2 inherited) at exit.
==724831== Open file descriptor 1: /tmp/rboxc-gawk-original-n_kzdl2e/_getline5
==724831==    at 0x49BCE8B: dup2 (dup2.c:29)
==724831==    by 0x4015C0F: ??? (in /usr/bin/dash)
==724831==    by 0x4014094: ??? (in /usr/bin/dash)
==724831==    by 0x400BCE7: ??? (in /usr/bin/dash)
==724831==    by 0x40120F8: ??? (in /usr/bin/dash)
==724831==    by 0x4004DA0: ??? (in /usr/bin/dash)
==724831==    by 0x48C4600: (below main) (libc_start_call_main.h:59)
==724831== 
==724831== 
==724831== HEAP SUMMARY:
==724831==     in use at exit: 9,092 bytes in 29 blocks
==724831==   total heap usage: 32 allocs, 3 frees, 9,292 bytes allocated
==724831== 
==724831== 28 bytes in 1 blocks are still reachable in loss record 1 of 6
==724831==    at 0x486E858: malloc (vg_replace_malloc.c:447)
==724831==    by 0x40083FA: ??? (in /usr/bin/dash)
==724831==    by 0x4012D83: ??? (in /usr/bin/dash)
==724831==    by 0x4013C6C: ??? (in /usr/bin/dash)
==724831==    by 0x400BCE7: ??? (in /usr/bin/dash)
==724831==    by 0x40120F8: ??? (in /usr/bin/dash)
==724831==    by 0x4004DA0: ??? (in /usr/bin/dash)
==724831==    by 0x48C4600: (below main) (libc_start_call_main.h:59)
==724831== 
==724831== 32 bytes in 1 blocks are still reachable in loss record 2 of 6
==724831==    at 0x486E858: malloc (vg_replace_malloc.c:447)
==724831==    by 0x4017AB2: ??? (in /usr/bin/dash)
==724831==    by 0x40186D4: ??? (in /usr/bin/dash)
==724831==    by 0x4004BC6: ??? (in /usr/bin/dash)
==724831==    by 0x48C4600: (below main) (libc_start_call_main.h:59)
==724831== 
==724831== 34 bytes in 1 blocks are still reachable in loss record 3 of 6
==724831==    at 0x486E858: malloc (vg_replace_malloc.c:447)
==724831==    by 0x495596E: strdup (strdup.c:42)
==724831==    by 0x40081DF: ??? (in /usr/bin/dash)
==724831==    by 0x40186F9: ??? (in /usr/bin/dash)
==724831==    by 0x4004BC6: ??? (in /usr/bin/dash)
==724831==    by 0x48C4600: (below main) (libc_start_call_main.h:59)
==724831== 
==724831== 38 bytes in 1 blocks are still reachable in loss record 4 of 6
==724831==    at 0x486E858: malloc (vg_replace_malloc.c:447)
==724831==    by 0x4017C53: ??? (in /usr/bin/dash)
==724831==    by 0x40186F9: ??? (in /usr/bin/dash)
==724831==    by 0x4004BC6: ??? (in /usr/bin/dash)
==724831==    by 0x48C4600: (below main) (libc_start_call_main.h:59)
==724831== 
==724831== 768 bytes in 24 blocks are still reachable in loss record 5 of 6
==724831==    at 0x486E858: malloc (vg_replace_malloc.c:447)
==724831==    by 0x4017AB2: ??? (in /usr/bin/dash)
==724831==    by 0x4018670: ??? (in /usr/bin/dash)
==724831==    by 0x4004BC6: ??? (in /usr/bin/dash)
==724831==    by 0x48C4600: (below main) (libc_start_call_main.h:59)
==724831== 
==724831== 8,192 bytes in 1 blocks are still reachable in loss record 6 of 6
==724831==    at 0x487607F: realloc (vg_replace_malloc.c:1804)
==724831==    by 0x40168C6: ??? (in /usr/bin/dash)
==724831==    by 0x4016B3F: ??? (in /usr/bin/dash)
==724831==    by 0x4016CB6: ??? (in /usr/bin/dash)
==724831==    by 0x4012281: ??? (in /usr/bin/dash)
==724831==    by 0x40141BA: ??? (in /usr/bin/dash)
==724831==    by 0x400BCE7: ??? (in /usr/bin/dash)
==724831==    by 0x40120F8: ??? (in /usr/bin/dash)
==724831==    by 0x4004DA0: ??? (in /usr/bin/dash)
==724831==    by 0x48C4600: (below main) (libc_start_call_main.h:59)
==724831== 
==724831== LEAK SUMMARY:
==724831==    definitely lost: 0 bytes in 0 blocks
==724831==    indirectly lost: 0 bytes in 0 blocks
==724831==      possibly lost: 0 bytes in 0 blocks
==724831==    still reachable: 9,092 bytes in 29 blocks
==724831==         suppressed: 0 bytes in 0 blocks
==724831== 
==724831== For lists of detected and suppressed errors, rerun with: -s
==724831== ERROR SUMMARY: 1 errors from 1 contexts (suppressed: 0 from 0)
