==636930== Memcheck, a memory error detector
==636930== Copyright (C) 2002-2024, and GNU GPL'd, by Julian Seward et al.
==636930== Using Valgrind-3.26.0 and LibVEX; rerun with -h for copyright info
==636930== Command: /tmp/rboxc-tar-behavior-cpxkhmuw/exec/tar
==636930== Parent PID: 635373
==636930== 
==636930== 
==636930== FILE DESCRIPTORS: 1 open (1 inherited) at exit.
==636930== 
==636930== HEAP SUMMARY:
==636930==     in use at exit: 198 bytes in 3 blocks
==636930==   total heap usage: 15 allocs, 12 frees, 8,278 bytes allocated
==636930== 
==636930== 16 bytes in 1 blocks are still reachable in loss record 1 of 3
==636930==    at 0x48C4E43: calloc (vg_replace_malloc.c:1678)
==636930==    by 0x40516F1: xcalloc (xmalloc.c:298)
==636930==    by 0x40516F1: xzalloc (xmalloc.c:283)
==636930==    by 0x400BEF9: decode_options (tar.c:2297)
==636930==    by 0x400BEF9: main (tar.c:2792)
==636930== 
==636930== 80 bytes in 1 blocks are still reachable in loss record 2 of 3
==636930==    at 0x48BD858: malloc (vg_replace_malloc.c:447)
==636930==    by 0x40512CC: xmalloc (xmalloc.c:45)
==636930==    by 0x400BE43: main (tar.c:2781)
==636930== 
==636930== 102 bytes in 1 blocks are still reachable in loss record 3 of 3
==636930==    at 0x48BD858: malloc (vg_replace_malloc.c:447)
==636930==    by 0x40512CC: xmalloc (xmalloc.c:45)
==636930==    by 0x4029881: name_init (names.c:869)
==636930==    by 0x400C94C: main (tar.c:2794)
==636930== 
==636930== LEAK SUMMARY:
==636930==    definitely lost: 0 bytes in 0 blocks
==636930==    indirectly lost: 0 bytes in 0 blocks
==636930==      possibly lost: 0 bytes in 0 blocks
==636930==    still reachable: 198 bytes in 3 blocks
==636930==         suppressed: 0 bytes in 0 blocks
==636930== 
==636930== For lists of detected and suppressed errors, rerun with: -s
==636930== ERROR SUMMARY: 0 errors from 0 contexts (suppressed: 0 from 0)
