==635897== Memcheck, a memory error detector
==635897== Copyright (C) 2002-2024, and GNU GPL'd, by Julian Seward et al.
==635897== Using Valgrind-3.26.0 and LibVEX; rerun with -h for copyright info
==635897== Command: tar cf archive directory
==635897== Parent PID: 635455
==635897== 
==635897== 
==635897== FILE DESCRIPTORS: 1 open (1 inherited) at exit.
==635897== 
==635897== HEAP SUMMARY:
==635897==     in use at exit: 4,408 bytes in 13 blocks
==635897==   total heap usage: 36 allocs, 23 frees, 35,444 bytes allocated
==635897== 
==635897== 6 bytes in 2 blocks are indirectly lost in loss record 1 of 9
==635897==    at 0x48BD858: malloc (vg_replace_malloc.c:447)
==635897==    by 0x405185D: xmalloc (xmalloc.c:45)
==635897==    by 0x405185D: xmemdup (xmalloc.c:314)
==635897==    by 0x405185D: xstrdup (xmalloc.c:339)
==635897==    by 0x400C4F1: decode_options (tar.c:2353)
==635897==    by 0x400C4F1: main (tar.c:2792)
==635897== 
==635897== 6 bytes in 2 blocks are indirectly lost in loss record 2 of 9
==635897==    at 0x48BD858: malloc (vg_replace_malloc.c:447)
==635897==    by 0x40387DD: wsnode_quoteremoval (wordsplit.c:651)
==635897==    by 0x4039CFD: wordsplit_process_list (wordsplit.c:2390)
==635897==    by 0x403A562: wordsplit_run.constprop.0 (wordsplit.c:2434)
==635897==    by 0x400BFFA: parse_default_options (tar.c:2256)
==635897==    by 0x400BFFA: decode_options (tar.c:2378)
==635897==    by 0x400BFFA: main (tar.c:2792)
==635897== 
==635897== 6 bytes in 2 blocks are definitely lost in loss record 3 of 9
==635897==    at 0x48BD858: malloc (vg_replace_malloc.c:447)
==635897==    by 0x403A1FB: wordsplit_finish (wordsplit.c:836)
==635897==    by 0x400BFFA: parse_default_options (tar.c:2256)
==635897==    by 0x400BFFA: decode_options (tar.c:2378)
==635897==    by 0x400BFFA: main (tar.c:2792)
==635897== 
==635897== 16 bytes in 1 blocks are still reachable in loss record 4 of 9
==635897==    at 0x48C4E43: calloc (vg_replace_malloc.c:1678)
==635897==    by 0x40516F1: xcalloc (xmalloc.c:298)
==635897==    by 0x40516F1: xzalloc (xmalloc.c:283)
==635897==    by 0x400BEF9: decode_options (tar.c:2297)
==635897==    by 0x400BEF9: main (tar.c:2792)
==635897== 
==635897== 54 (48 direct, 6 indirect) bytes in 1 blocks are definitely lost in loss record 5 of 9
==635897==    at 0x48BD858: malloc (vg_replace_malloc.c:447)
==635897==    by 0x40512CC: xmalloc (xmalloc.c:45)
==635897==    by 0x400C46E: decode_options (tar.c:2340)
==635897==    by 0x400C46E: main (tar.c:2792)
==635897== 
==635897== 80 bytes in 1 blocks are still reachable in loss record 6 of 9
==635897==    at 0x48BD858: malloc (vg_replace_malloc.c:447)
==635897==    by 0x40512CC: xmalloc (xmalloc.c:45)
==635897==    by 0x400BE43: main (tar.c:2781)
==635897== 
==635897== 86 (80 direct, 6 indirect) bytes in 2 blocks are definitely lost in loss record 7 of 9
==635897==    at 0x48C4E43: calloc (vg_replace_malloc.c:1678)
==635897==    by 0x403959D: wsnode_new (wordsplit.c:422)
==635897==    by 0x403959D: wordsplit_add_segm (wordsplit.c:523)
==635897==    by 0x4039854: scan_word (wordsplit.c:2062)
==635897==    by 0x4039C7C: wordsplit_process_list (wordsplit.c:2358)
==635897==    by 0x403A562: wordsplit_run.constprop.0 (wordsplit.c:2434)
==635897==    by 0x400BFFA: parse_default_options (tar.c:2256)
==635897==    by 0x400BFFA: decode_options (tar.c:2378)
==635897==    by 0x400BFFA: main (tar.c:2792)
==635897== 
==635897== 102 bytes in 1 blocks are still reachable in loss record 8 of 9
==635897==    at 0x48BD858: malloc (vg_replace_malloc.c:447)
==635897==    by 0x40512CC: xmalloc (xmalloc.c:45)
==635897==    by 0x4029881: name_init (names.c:869)
==635897==    by 0x400C94C: main (tar.c:2794)
==635897== 
==635897== 4,064 bytes in 1 blocks are still reachable in loss record 9 of 9
==635897==    at 0x48BD858: malloc (vg_replace_malloc.c:447)
==635897==    by 0x40512CC: xmalloc (xmalloc.c:45)
==635897==    by 0x404A07D: call_chunkfun (obstack.c:88)
==635897==    by 0x404A07D: _obstack_begin_worker.isra.0 (obstack.c:135)
==635897==    by 0x404A0A8: _obstack_begin (obstack.c:157)
==635897==    by 0x4032C57: _transform_name_to_obstack (transform.c:592)
==635897==    by 0x4032C57: transform_name_fp (transform.c:614)
==635897==    by 0x4016444: dump_file0 (create.c:1657)
==635897==    by 0x4017589: dump_file (create.c:1968)
==635897==    by 0x4017589: create_archive (create.c:1412)
==635897==    by 0x400CD90: main (tar.c:2818)
==635897== 
==635897== LEAK SUMMARY:
==635897==    definitely lost: 134 bytes in 5 blocks
==635897==    indirectly lost: 12 bytes in 4 blocks
==635897==      possibly lost: 0 bytes in 0 blocks
==635897==    still reachable: 4,262 bytes in 4 blocks
==635897==         suppressed: 0 bytes in 0 blocks
==635897== 
==635897== For lists of detected and suppressed errors, rerun with: -s
==635897== ERROR SUMMARY: 3 errors from 3 contexts (suppressed: 0 from 0)
