==636958== Memcheck, a memory error detector
==636958== Copyright (C) 2002-2024, and GNU GPL'd, by Julian Seward et al.
==636958== Using Valgrind-3.26.0 and LibVEX; rerun with -h for copyright info
==636958== Command: tar cf archive --ignore-failed-read file
==636958== Parent PID: 636767
==636958== 
==636958== 
==636958== FILE DESCRIPTORS: 1 open (1 inherited) at exit.
==636958== 
==636958== HEAP SUMMARY:
==636958==     in use at exit: 4,422 bytes in 13 blocks
==636958==   total heap usage: 34 allocs, 21 frees, 35,427 bytes allocated
==636958== 
==636958== 6 bytes in 2 blocks are indirectly lost in loss record 1 of 9
==636958==    at 0x48BD858: malloc (vg_replace_malloc.c:447)
==636958==    by 0x405185D: xmalloc (xmalloc.c:45)
==636958==    by 0x405185D: xmemdup (xmalloc.c:314)
==636958==    by 0x405185D: xstrdup (xmalloc.c:339)
==636958==    by 0x400C4F1: decode_options (tar.c:2353)
==636958==    by 0x400C4F1: main (tar.c:2792)
==636958== 
==636958== 9 bytes in 2 blocks are indirectly lost in loss record 2 of 9
==636958==    at 0x48BD858: malloc (vg_replace_malloc.c:447)
==636958==    by 0x40387DD: wsnode_quoteremoval (wordsplit.c:651)
==636958==    by 0x4039CFD: wordsplit_process_list (wordsplit.c:2390)
==636958==    by 0x403A562: wordsplit_run.constprop.0 (wordsplit.c:2434)
==636958==    by 0x400BFFA: parse_default_options (tar.c:2256)
==636958==    by 0x400BFFA: decode_options (tar.c:2378)
==636958==    by 0x400BFFA: main (tar.c:2792)
==636958== 
==636958== 9 bytes in 2 blocks are definitely lost in loss record 3 of 9
==636958==    at 0x48BD858: malloc (vg_replace_malloc.c:447)
==636958==    by 0x403A1FB: wordsplit_finish (wordsplit.c:836)
==636958==    by 0x400BFFA: parse_default_options (tar.c:2256)
==636958==    by 0x400BFFA: decode_options (tar.c:2378)
==636958==    by 0x400BFFA: main (tar.c:2792)
==636958== 
==636958== 16 bytes in 1 blocks are still reachable in loss record 4 of 9
==636958==    at 0x48C4E43: calloc (vg_replace_malloc.c:1678)
==636958==    by 0x40516F1: xcalloc (xmalloc.c:298)
==636958==    by 0x40516F1: xzalloc (xmalloc.c:283)
==636958==    by 0x400BEF9: decode_options (tar.c:2297)
==636958==    by 0x400BEF9: main (tar.c:2792)
==636958== 
==636958== 62 (56 direct, 6 indirect) bytes in 1 blocks are definitely lost in loss record 5 of 9
==636958==    at 0x48BD858: malloc (vg_replace_malloc.c:447)
==636958==    by 0x40512CC: xmalloc (xmalloc.c:45)
==636958==    by 0x400C46E: decode_options (tar.c:2340)
==636958==    by 0x400C46E: main (tar.c:2792)
==636958== 
==636958== 80 bytes in 1 blocks are still reachable in loss record 6 of 9
==636958==    at 0x48BD858: malloc (vg_replace_malloc.c:447)
==636958==    by 0x40512CC: xmalloc (xmalloc.c:45)
==636958==    by 0x400BE43: main (tar.c:2781)
==636958== 
==636958== 89 (80 direct, 9 indirect) bytes in 2 blocks are definitely lost in loss record 7 of 9
==636958==    at 0x48C4E43: calloc (vg_replace_malloc.c:1678)
==636958==    by 0x403959D: wsnode_new (wordsplit.c:422)
==636958==    by 0x403959D: wordsplit_add_segm (wordsplit.c:523)
==636958==    by 0x4039854: scan_word (wordsplit.c:2062)
==636958==    by 0x4039C7C: wordsplit_process_list (wordsplit.c:2358)
==636958==    by 0x403A562: wordsplit_run.constprop.0 (wordsplit.c:2434)
==636958==    by 0x400BFFA: parse_default_options (tar.c:2256)
==636958==    by 0x400BFFA: decode_options (tar.c:2378)
==636958==    by 0x400BFFA: main (tar.c:2792)
==636958== 
==636958== 102 bytes in 1 blocks are still reachable in loss record 8 of 9
==636958==    at 0x48BD858: malloc (vg_replace_malloc.c:447)
==636958==    by 0x40512CC: xmalloc (xmalloc.c:45)
==636958==    by 0x4029881: name_init (names.c:869)
==636958==    by 0x400C94C: main (tar.c:2794)
==636958== 
==636958== 4,064 bytes in 1 blocks are still reachable in loss record 9 of 9
==636958==    at 0x48BD858: malloc (vg_replace_malloc.c:447)
==636958==    by 0x40512CC: xmalloc (xmalloc.c:45)
==636958==    by 0x404A07D: call_chunkfun (obstack.c:88)
==636958==    by 0x404A07D: _obstack_begin_worker.isra.0 (obstack.c:135)
==636958==    by 0x404A0A8: _obstack_begin (obstack.c:157)
==636958==    by 0x4032C57: _transform_name_to_obstack (transform.c:592)
==636958==    by 0x4032C57: transform_name_fp (transform.c:614)
==636958==    by 0x4016444: dump_file0 (create.c:1657)
==636958==    by 0x4017589: dump_file (create.c:1968)
==636958==    by 0x4017589: create_archive (create.c:1412)
==636958==    by 0x400CD90: main (tar.c:2818)
==636958== 
==636958== LEAK SUMMARY:
==636958==    definitely lost: 145 bytes in 5 blocks
==636958==    indirectly lost: 15 bytes in 4 blocks
==636958==      possibly lost: 0 bytes in 0 blocks
==636958==    still reachable: 4,262 bytes in 4 blocks
==636958==         suppressed: 0 bytes in 0 blocks
==636958== 
==636958== For lists of detected and suppressed errors, rerun with: -s
==636958== ERROR SUMMARY: 3 errors from 3 contexts (suppressed: 0 from 0)
