==718998== Memcheck, a memory error detector
==718998== Copyright (C) 2002-2024, and GNU GPL'd, by Julian Seward et al.
==718998== Using Valgrind-3.26.0 and LibVEX; rerun with -h for copyright info
==718998== Command: /tmp/rboxc-gawk-original-vcb0ab5t/deps/sort
==718998== Parent PID: 718995
==718998== 
==718998== 
==718998== FILE DESCRIPTORS: 0 open (0 inherited) at exit.
==718998== 
==718998== HEAP SUMMARY:
==718998==     in use at exit: 128 bytes in 1 blocks
==718998==   total heap usage: 25 allocs, 24 frees, 16,935,129 bytes allocated
==718998== 
==718998== 128 bytes in 1 blocks are still reachable in loss record 1 of 1
==718998==    at 0x4BF907F: realloc (vg_replace_malloc.c:1804)
==718998==    by 0x411C0A6: rpl_realloc (stdlib.h:2059)
==718998==    by 0x411C0A6: xrealloc (xmalloc.c:70)
==718998==    by 0x411C0A6: xpalloc (xmalloc.c:269)
==718998==    by 0x40A7BB6: add_temp_dir (sort.c:1347)
==718998==    by 0x40AE3A4: single_binary_main_sort (sort.c:4921)
==718998==    by 0x401A532: launch_program (coreutils.c:126)
==718998==    by 0x4018E7A: main (coreutils.c:143)
==718998== 
==718998== LEAK SUMMARY:
==718998==    definitely lost: 0 bytes in 0 blocks
==718998==    indirectly lost: 0 bytes in 0 blocks
==718998==      possibly lost: 0 bytes in 0 blocks
==718998==    still reachable: 128 bytes in 1 blocks
==718998==         suppressed: 0 bytes in 0 blocks
==718998== 
==718998== For lists of detected and suppressed errors, rerun with: -s
==718998== ERROR SUMMARY: 0 errors from 0 contexts (suppressed: 0 from 0)
