==661310== Memcheck, a memory error detector
==661310== Copyright (C) 2002-2024, and GNU GPL'd, by Julian Seward et al.
==661310== Using Valgrind-3.26.0 and LibVEX; rerun with -h for copyright info
==661310== Command: tar -cf noacl.tar -C pure d1
==661310== Parent PID: 661282
==661310== 
==661310== 
==661310== FILE DESCRIPTORS: 1 open (1 inherited) at exit.
==661310== 
==661310== HEAP SUMMARY:
==661310==     in use at exit: 4,262 bytes in 4 blocks
==661310==   total heap usage: 52 allocs, 48 frees, 101,455 bytes allocated
==661310== 
==661310== 16 bytes in 1 blocks are still reachable in loss record 1 of 4
==661310==    at 0x5875E43: calloc (vg_replace_malloc.c:1678)
==661310==    by 0x469E501: rboxc_tar_xzalloc (in /root/rboxc/target/tar-map-probe-candidate/release/rboxc)
==661310==    by 0x4477AF5: single_binary_main_tar (in /root/rboxc/target/tar-map-probe-candidate/release/rboxc)
==661310==    by 0x5A18600: (below main) (libc_start_call_main.h:59)
==661310== 
==661310== 80 bytes in 1 blocks are still reachable in loss record 2 of 4
==661310==    at 0x586E858: malloc (vg_replace_malloc.c:447)
==661310==    by 0x469E0DC: rboxc_tar_xmalloc (in /root/rboxc/target/tar-map-probe-candidate/release/rboxc)
==661310==    by 0x4477A00: single_binary_main_tar (in /root/rboxc/target/tar-map-probe-candidate/release/rboxc)
==661310==    by 0x5A18600: (below main) (libc_start_call_main.h:59)
==661310== 
==661310== 102 bytes in 1 blocks are still reachable in loss record 3 of 4
==661310==    at 0x586E858: malloc (vg_replace_malloc.c:447)
==661310==    by 0x469E0DC: rboxc_tar_xmalloc (in /root/rboxc/target/tar-map-probe-candidate/release/rboxc)
==661310==    by 0x46734A1: rboxc_tar_name_init (in /root/rboxc/target/tar-map-probe-candidate/release/rboxc)
==661310==    by 0x4478A7A: single_binary_main_tar (in /root/rboxc/target/tar-map-probe-candidate/release/rboxc)
==661310==    by 0x5A18600: (below main) (libc_start_call_main.h:59)
==661310== 
==661310== 4,064 bytes in 1 blocks are still reachable in loss record 4 of 4
==661310==    at 0x586E858: malloc (vg_replace_malloc.c:447)
==661310==    by 0x469E0DC: rboxc_tar_xmalloc (in /root/rboxc/target/tar-map-probe-candidate/release/rboxc)
==661310==    by 0x4695FFD: _obstack_begin_worker.isra.0 (in /root/rboxc/target/tar-map-probe-candidate/release/rboxc)
==661310==    by 0x4696028: rboxc_tar__obstack_begin (in /root/rboxc/target/tar-map-probe-candidate/release/rboxc)
==661310==    by 0x4679CD7: rboxc_tar_transform_name_fp (in /root/rboxc/target/tar-map-probe-candidate/release/rboxc)
==661310==    by 0x46632A4: dump_file0 (in /root/rboxc/target/tar-map-probe-candidate/release/rboxc)
==661310==    by 0x46643E9: rboxc_tar_create_archive (in /root/rboxc/target/tar-map-probe-candidate/release/rboxc)
==661310==    by 0x4478AF8: single_binary_main_tar (in /root/rboxc/target/tar-map-probe-candidate/release/rboxc)
==661310==    by 0x5A18600: (below main) (libc_start_call_main.h:59)
==661310== 
==661310== LEAK SUMMARY:
==661310==    definitely lost: 0 bytes in 0 blocks
==661310==    indirectly lost: 0 bytes in 0 blocks
==661310==      possibly lost: 0 bytes in 0 blocks
==661310==    still reachable: 4,262 bytes in 4 blocks
==661310==         suppressed: 0 bytes in 0 blocks
==661310== 
==661310== For lists of detected and suppressed errors, rerun with: -s
==661310== ERROR SUMMARY: 0 errors from 0 contexts (suppressed: 0 from 0)
