==658377== Memcheck, a memory error detector
==658377== Copyright (C) 2002-2024, and GNU GPL'd, by Julian Seward et al.
==658377== Using Valgrind-3.26.0 and LibVEX; rerun with -h for copyright info
==658377== Command: tar --version
==658377== Parent PID: 658291
==658377== 
==658377== 
==658377== FILE DESCRIPTORS: 4 open (4 inherited) at exit.
==658377== 
==658377== HEAP SUMMARY:
==658377==     in use at exit: 7,767 bytes in 3 blocks
==658377==   total heap usage: 15 allocs, 12 frees, 12,021 bytes allocated
==658377== 
==658377== 16 bytes in 1 blocks are still reachable in loss record 1 of 3
==658377==    at 0x48C4E43: calloc (vg_replace_malloc.c:1678)
==658377==    by 0x40516F1: xcalloc (xmalloc.c:298)
==658377==    by 0x40516F1: xzalloc (xmalloc.c:283)
==658377==    by 0x400BEF9: decode_options (tar.c:2297)
==658377==    by 0x400BEF9: main (tar.c:2792)
==658377== 
==658377== 80 bytes in 1 blocks are still reachable in loss record 2 of 3
==658377==    at 0x48BD858: malloc (vg_replace_malloc.c:447)
==658377==    by 0x40512CC: xmalloc (xmalloc.c:45)
==658377==    by 0x400BE43: main (tar.c:2781)
==658377== 
==658377== 7,671 bytes in 1 blocks are still reachable in loss record 3 of 3
==658377==    at 0x48BD858: malloc (vg_replace_malloc.c:447)
==658377==    by 0x4041854: parser_init (argp-parse.c:495)
==658377==    by 0x4041854: argp_parse (argp-parse.c:921)
==658377==    by 0x400C045: decode_options (tar.c:2380)
==658377==    by 0x400C045: main (tar.c:2792)
==658377== 
==658377== LEAK SUMMARY:
==658377==    definitely lost: 0 bytes in 0 blocks
==658377==    indirectly lost: 0 bytes in 0 blocks
==658377==      possibly lost: 0 bytes in 0 blocks
==658377==    still reachable: 7,767 bytes in 3 blocks
==658377==         suppressed: 0 bytes in 0 blocks
==658377== 
==658377== For lists of detected and suppressed errors, rerun with: -s
==658377== ERROR SUMMARY: 0 errors from 0 contexts (suppressed: 0 from 0)
