==600137== Memcheck, a memory error detector
==600137== Copyright (C) 2002-2024, and GNU GPL'd, by Julian Seward et al.
==600137== Using Valgrind-3.26.0 and LibVEX; rerun with -h for copyright info
==600137== Command: tar --version
==600137== Parent PID: 599970
==600137== 
==600137== 
==600137== FILE DESCRIPTORS: 4 open (4 inherited) at exit.
==600137== 
==600137== HEAP SUMMARY:
==600137==     in use at exit: 7,767 bytes in 3 blocks
==600137==   total heap usage: 15 allocs, 12 frees, 12,021 bytes allocated
==600137== 
==600137== 16 bytes in 1 blocks are still reachable in loss record 1 of 3
==600137==    at 0x5875E43: calloc (vg_replace_malloc.c:1678)
==600137==    by 0x469E501: rboxc_tar_xzalloc (in /root/rboxc/target/screen-owned-candidate/release/rboxc)
==600137==    by 0x4477AF5: single_binary_main_tar (in /root/rboxc/target/screen-owned-candidate/release/rboxc)
==600137==    by 0x5A18600: (below main) (libc_start_call_main.h:59)
==600137== 
==600137== 80 bytes in 1 blocks are still reachable in loss record 2 of 3
==600137==    at 0x586E858: malloc (vg_replace_malloc.c:447)
==600137==    by 0x469E0DC: rboxc_tar_xmalloc (in /root/rboxc/target/screen-owned-candidate/release/rboxc)
==600137==    by 0x4477A00: single_binary_main_tar (in /root/rboxc/target/screen-owned-candidate/release/rboxc)
==600137==    by 0x5A18600: (below main) (libc_start_call_main.h:59)
==600137== 
==600137== 7,671 bytes in 1 blocks are still reachable in loss record 3 of 3
==600137==    at 0x586E858: malloc (vg_replace_malloc.c:447)
==600137==    by 0x468C754: rboxc_tar_argp_parse (in /root/rboxc/target/screen-owned-candidate/release/rboxc)
==600137==    by 0x4478025: single_binary_main_tar (in /root/rboxc/target/screen-owned-candidate/release/rboxc)
==600137==    by 0x5A18600: (below main) (libc_start_call_main.h:59)
==600137== 
==600137== LEAK SUMMARY:
==600137==    definitely lost: 0 bytes in 0 blocks
==600137==    indirectly lost: 0 bytes in 0 blocks
==600137==      possibly lost: 0 bytes in 0 blocks
==600137==    still reachable: 7,767 bytes in 3 blocks
==600137==         suppressed: 0 bytes in 0 blocks
==600137== 
==600137== For lists of detected and suppressed errors, rerun with: -s
==600137== ERROR SUMMARY: 0 errors from 0 contexts (suppressed: 0 from 0)
