==729593== Memcheck, a memory error detector
==729593== Copyright (C) 2002-2024, and GNU GPL'd, by Julian Seward et al.
==729593== Using Valgrind-3.26.0 and LibVEX; rerun with -h for copyright info
==729593== Command: /bin/sh -c echo\ \ \ \ \ \ \ \ \ \ \ 1\ \ 2\ \ 3\ \ 4\ |\ sed\ "s/[0-9]/./g"
==729593== Parent PID: 729591
==729593== 
==729593== 
==729593== FILE DESCRIPTORS: 3 open (2 inherited) at exit.
==729593== Open file descriptor 1:
==729593==    at 0x49BCE8B: dup2 (dup2.c:29)
==729593==    by 0x401313D: ??? (in /usr/bin/dash)
==729593==    by 0x400BCE7: ??? (in /usr/bin/dash)
==729593==    by 0x40120F8: ??? (in /usr/bin/dash)
==729593==    by 0x4004DA0: ??? (in /usr/bin/dash)
==729593==    by 0x48C4600: (below main) (libc_start_call_main.h:59)
==729593== 
==729593== 
==729593== HEAP SUMMARY:
==729593==     in use at exit: 9,732 bytes in 30 blocks
==729593==   total heap usage: 33 allocs, 3 frees, 9,916 bytes allocated
==729593== 
==729593== 28 bytes in 1 blocks are still reachable in loss record 1 of 8
==729593==    at 0x486E858: malloc (vg_replace_malloc.c:447)
==729593==    by 0x40083FA: ??? (in /usr/bin/dash)
==729593==    by 0x4012D83: ??? (in /usr/bin/dash)
==729593==    by 0x40130E0: ??? (in /usr/bin/dash)
==729593==    by 0x400BCE7: ??? (in /usr/bin/dash)
==729593==    by 0x40120F8: ??? (in /usr/bin/dash)
==729593==    by 0x4004DA0: ??? (in /usr/bin/dash)
==729593==    by 0x48C4600: (below main) (libc_start_call_main.h:59)
==729593== 
==729593== 32 bytes in 1 blocks are still reachable in loss record 2 of 8
==729593==    at 0x486E858: malloc (vg_replace_malloc.c:447)
==729593==    by 0x4017AB2: ??? (in /usr/bin/dash)
==729593==    by 0x40186D4: ??? (in /usr/bin/dash)
==729593==    by 0x4004BC6: ??? (in /usr/bin/dash)
==729593==    by 0x48C4600: (below main) (libc_start_call_main.h:59)
==729593== 
==729593== 34 bytes in 1 blocks are still reachable in loss record 3 of 8
==729593==    at 0x486E858: malloc (vg_replace_malloc.c:447)
==729593==    by 0x495596E: strdup (strdup.c:42)
==729593==    by 0x40081DF: ??? (in /usr/bin/dash)
==729593==    by 0x40186F9: ??? (in /usr/bin/dash)
==729593==    by 0x4004BC6: ??? (in /usr/bin/dash)
==729593==    by 0x48C4600: (below main) (libc_start_call_main.h:59)
==729593== 
==729593== 38 bytes in 1 blocks are still reachable in loss record 4 of 8
==729593==    at 0x486E858: malloc (vg_replace_malloc.c:447)
==729593==    by 0x4017C53: ??? (in /usr/bin/dash)
==729593==    by 0x40186F9: ??? (in /usr/bin/dash)
==729593==    by 0x4004BC6: ??? (in /usr/bin/dash)
==729593==    by 0x48C4600: (below main) (libc_start_call_main.h:59)
==729593== 
==729593== 160 bytes in 1 blocks are still reachable in loss record 5 of 8
==729593==    at 0x487607F: realloc (vg_replace_malloc.c:1804)
==729593==    by 0x40074DC: ??? (in /usr/bin/dash)
==729593==    by 0x4012F76: ??? (in /usr/bin/dash)
==729593==    by 0x400BCE7: ??? (in /usr/bin/dash)
==729593==    by 0x40120F8: ??? (in /usr/bin/dash)
==729593==    by 0x4004DA0: ??? (in /usr/bin/dash)
==729593==    by 0x48C4600: (below main) (libc_start_call_main.h:59)
==729593== 
==729593== 512 bytes in 1 blocks are still reachable in loss record 6 of 8
==729593==    at 0x486E858: malloc (vg_replace_malloc.c:447)
==729593==    by 0x4008AD4: ??? (in /usr/bin/dash)
==729593==    by 0x4009688: ??? (in /usr/bin/dash)
==729593==    by 0x400B57C: ??? (in /usr/bin/dash)
==729593==    by 0x400B825: ??? (in /usr/bin/dash)
==729593==    by 0x4013D01: ??? (in /usr/bin/dash)
==729593==    by 0x400BCE7: ??? (in /usr/bin/dash)
==729593==    by 0x401304C: ??? (in /usr/bin/dash)
==729593==    by 0x400BCE7: ??? (in /usr/bin/dash)
==729593==    by 0x40120F8: ??? (in /usr/bin/dash)
==729593==    by 0x4004DA0: ??? (in /usr/bin/dash)
==729593==    by 0x48C4600: (below main) (libc_start_call_main.h:59)
==729593== 
==729593== 736 bytes in 23 blocks are still reachable in loss record 7 of 8
==729593==    at 0x486E858: malloc (vg_replace_malloc.c:447)
==729593==    by 0x4017AB2: ??? (in /usr/bin/dash)
==729593==    by 0x4018670: ??? (in /usr/bin/dash)
==729593==    by 0x4004BC6: ??? (in /usr/bin/dash)
==729593==    by 0x48C4600: (below main) (libc_start_call_main.h:59)
==729593== 
==729593== 8,192 bytes in 1 blocks are still reachable in loss record 8 of 8
==729593==    at 0x487607F: realloc (vg_replace_malloc.c:1804)
==729593==    by 0x40168C6: ??? (in /usr/bin/dash)
==729593==    by 0x4016B3F: ??? (in /usr/bin/dash)
==729593==    by 0x4016C8C: ??? (in /usr/bin/dash)
==729593==    by 0x4012281: ??? (in /usr/bin/dash)
==729593==    by 0x40141BA: ??? (in /usr/bin/dash)
==729593==    by 0x400BCE7: ??? (in /usr/bin/dash)
==729593==    by 0x401304C: ??? (in /usr/bin/dash)
==729593==    by 0x400BCE7: ??? (in /usr/bin/dash)
==729593==    by 0x40120F8: ??? (in /usr/bin/dash)
==729593==    by 0x4004DA0: ??? (in /usr/bin/dash)
==729593==    by 0x48C4600: (below main) (libc_start_call_main.h:59)
==729593== 
==729593== LEAK SUMMARY:
==729593==    definitely lost: 0 bytes in 0 blocks
==729593==    indirectly lost: 0 bytes in 0 blocks
==729593==      possibly lost: 0 bytes in 0 blocks
==729593==    still reachable: 9,732 bytes in 30 blocks
==729593==         suppressed: 0 bytes in 0 blocks
==729593== 
==729593== For lists of detected and suppressed errors, rerun with: -s
==729593== ERROR SUMMARY: 1 errors from 1 contexts (suppressed: 0 from 0)
