==711378== Memcheck, a memory error detector
==711378== Copyright (C) 2002-2024, and GNU GPL'd, by Julian Seward et al.
==711378== Using Valgrind-3.26.0 and LibVEX; rerun with -h for copyright info
==711378== Command: tar --version
==711378== Parent PID: 711265
==711378== 
==711378== 
==711378== FILE DESCRIPTORS: 4 open (4 inherited) at exit.
==711378== 
==711378== HEAP SUMMARY:
==711378==     in use at exit: 7,767 bytes in 3 blocks
==711378==   total heap usage: 15 allocs, 12 frees, 12,021 bytes allocated
==711378== 
==711378== 16 bytes in 1 blocks are still reachable in loss record 1 of 3
==711378==    at 0x48C4E43: calloc (vg_replace_malloc.c:1678)
==711378==    by 0x40516F1: xcalloc (xmalloc.c:298)
==711378==    by 0x40516F1: xzalloc (xmalloc.c:283)
==711378==    by 0x400BEF9: decode_options (tar.c:2297)
==711378==    by 0x400BEF9: main (tar.c:2792)
==711378== 
==711378== 80 bytes in 1 blocks are still reachable in loss record 2 of 3
==711378==    at 0x48BD858: malloc (vg_replace_malloc.c:447)
==711378==    by 0x40512CC: xmalloc (xmalloc.c:45)
==711378==    by 0x400BE43: main (tar.c:2781)
==711378== 
==711378== 7,671 bytes in 1 blocks are still reachable in loss record 3 of 3
==711378==    at 0x48BD858: malloc (vg_replace_malloc.c:447)
==711378==    by 0x4041854: parser_init (argp-parse.c:495)
==711378==    by 0x4041854: argp_parse (argp-parse.c:921)
==711378==    by 0x400C045: decode_options (tar.c:2380)
==711378==    by 0x400C045: main (tar.c:2792)
==711378== 
==711378== LEAK SUMMARY:
==711378==    definitely lost: 0 bytes in 0 blocks
==711378==    indirectly lost: 0 bytes in 0 blocks
==711378==      possibly lost: 0 bytes in 0 blocks
==711378==    still reachable: 7,767 bytes in 3 blocks
==711378==         suppressed: 0 bytes in 0 blocks
==711378== 
==711378== For lists of detected and suppressed errors, rerun with: -s
==711378== ERROR SUMMARY: 0 errors from 0 contexts (suppressed: 0 from 0)
