==647788== Memcheck, a memory error detector
==647788== Copyright (C) 2002-2024, and GNU GPL'd, by Julian Seward et al.
==647788== Using Valgrind-3.26.0 and LibVEX; rerun with -h for copyright info
==647788== Command: /tmp/rboxc-tar-behavior-dlzkt0eb/exec/tar -tf absent.tar
==647788== Parent PID: 635373
==647788== 
==647788== 
==647788== FILE DESCRIPTORS: 3 open (2 inherited) at exit.
==647788== Open file descriptor 0: /dev/full
==647788==    at 0x4A1A9E6: open (open64.c:41)
==647788==    by 0x4050574: open (fcntl2.h:55)
==647788==    by 0x4050574: stdopen (stdopen.c:51)
==647788==    by 0x400BE26: main (tar.c:2773)
==647788== 
==647788== 
==647788== HEAP SUMMARY:
==647788==     in use at exit: 14,534 bytes in 4 blocks
==647788==   total heap usage: 16 allocs, 12 frees, 22,364 bytes allocated
==647788== 
==647788== 16 bytes in 1 blocks are still reachable in loss record 1 of 4
==647788==    at 0x48C4E43: calloc (vg_replace_malloc.c:1678)
==647788==    by 0x40516F1: xcalloc (xmalloc.c:298)
==647788==    by 0x40516F1: xzalloc (xmalloc.c:283)
==647788==    by 0x400BEF9: decode_options (tar.c:2297)
==647788==    by 0x400BEF9: main (tar.c:2792)
==647788== 
==647788== 80 bytes in 1 blocks are still reachable in loss record 2 of 4
==647788==    at 0x48BD858: malloc (vg_replace_malloc.c:447)
==647788==    by 0x40512CC: xmalloc (xmalloc.c:45)
==647788==    by 0x400BE43: main (tar.c:2781)
==647788== 
==647788== 102 bytes in 1 blocks are still reachable in loss record 3 of 4
==647788==    at 0x48BD858: malloc (vg_replace_malloc.c:447)
==647788==    by 0x40512CC: xmalloc (xmalloc.c:45)
==647788==    by 0x4029881: name_init (names.c:869)
==647788==    by 0x400C94C: main (tar.c:2794)
==647788== 
==647788== 14,336 bytes in 1 blocks are still reachable in loss record 4 of 4
==647788==    at 0x48BD858: malloc (vg_replace_malloc.c:447)
==647788==    by 0x40512CC: xmalloc (xmalloc.c:45)
==647788==    by 0x4027C22: page_aligned_alloc (misc.c:1235)
==647788==    by 0x400D5A3: init_buffer (buffer.c:657)
==647788==    by 0x4010B3B: _open_archive (buffer.c:725)
==647788==    by 0x4010B3B: open_archive (buffer.c:2025)
==647788==    by 0x402543F: read_and (list.c:176)
==647788==    by 0x400CD4B: main (tar.c:2832)
==647788== 
==647788== LEAK SUMMARY:
==647788==    definitely lost: 0 bytes in 0 blocks
==647788==    indirectly lost: 0 bytes in 0 blocks
==647788==      possibly lost: 0 bytes in 0 blocks
==647788==    still reachable: 14,534 bytes in 4 blocks
==647788==         suppressed: 0 bytes in 0 blocks
==647788== 
==647788== For lists of detected and suppressed errors, rerun with: -s
==647788== ERROR SUMMARY: 1 errors from 1 contexts (suppressed: 0 from 0)
