==715884== Memcheck, a memory error detector
==715884== Copyright (C) 2002-2024, and GNU GPL'd, by Julian Seward et al.
==715884== Using Valgrind-3.26.0 and LibVEX; rerun with -h for copyright info
==715884== Command: tar --utc -tvM -f /tmp/rboxc-tar-original-n1dk6a95/download/gnu-multi-fail-volume1.gtar -f /tmp/rboxc-tar-original-n1dk6a95/download/gnu-multi-fail-volume2.gtar
==715884== Parent PID: 715877
==715884== 
==715884== 
==715884== FILE DESCRIPTORS: 0 open (0 inherited) at exit.
==715884== 
==715884== HEAP SUMMARY:
==715884==     in use at exit: 4,271 bytes in 6 blocks
==715884==   total heap usage: 458 allocs, 452 frees, 60,341 bytes allocated
==715884== 
==715884== 3 bytes in 1 blocks are still reachable in loss record 1 of 6
==715884==    at 0x586E858: malloc (vg_replace_malloc.c:447)
==715884==    by 0x469E7ED: rboxc_tar_xstrdup (in /root/rboxc/target/tar-child-input-candidate/release/rboxc)
==715884==    by 0x467004F: rboxc_tar_assign_string (in /root/rboxc/target/tar-child-input-candidate/release/rboxc)
==715884==    by 0x4673526: rboxc_tar_gname_to_gid (in /root/rboxc/target/tar-child-input-candidate/release/rboxc)
==715884==    by 0x466E09F: rboxc_tar_decode_header (in /root/rboxc/target/tar-child-input-candidate/release/rboxc)
==715884==    by 0x466F156: rboxc_tar_read_and (in /root/rboxc/target/tar-child-input-candidate/release/rboxc)
==715884==    by 0x440EF39: single_binary_main_tar (in /root/rboxc/target/tar-child-input-candidate/release/rboxc)
==715884==    by 0x5A18600: (below main) (libc_start_call_main.h:59)
==715884== 
==715884== 6 bytes in 1 blocks are still reachable in loss record 2 of 6
==715884==    at 0x586E858: malloc (vg_replace_malloc.c:447)
==715884==    by 0x469E7ED: rboxc_tar_xstrdup (in /root/rboxc/target/tar-child-input-candidate/release/rboxc)
==715884==    by 0x467004F: rboxc_tar_assign_string (in /root/rboxc/target/tar-child-input-candidate/release/rboxc)
==715884==    by 0x4673486: rboxc_tar_uname_to_uid (in /root/rboxc/target/tar-child-input-candidate/release/rboxc)
==715884==    by 0x466E0BF: rboxc_tar_decode_header (in /root/rboxc/target/tar-child-input-candidate/release/rboxc)
==715884==    by 0x466F156: rboxc_tar_read_and (in /root/rboxc/target/tar-child-input-candidate/release/rboxc)
==715884==    by 0x440EF39: single_binary_main_tar (in /root/rboxc/target/tar-child-input-candidate/release/rboxc)
==715884==    by 0x5A18600: (below main) (libc_start_call_main.h:59)
==715884== 
==715884== 16 bytes in 1 blocks are still reachable in loss record 3 of 6
==715884==    at 0x5875E43: calloc (vg_replace_malloc.c:1678)
==715884==    by 0x469E681: rboxc_tar_xzalloc (in /root/rboxc/target/tar-child-input-candidate/release/rboxc)
==715884==    by 0x440DEF5: single_binary_main_tar (in /root/rboxc/target/tar-child-input-candidate/release/rboxc)
==715884==    by 0x5A18600: (below main) (libc_start_call_main.h:59)
==715884== 
==715884== 80 bytes in 1 blocks are still reachable in loss record 4 of 6
==715884==    at 0x586E858: malloc (vg_replace_malloc.c:447)
==715884==    by 0x469E25C: rboxc_tar_xmalloc (in /root/rboxc/target/tar-child-input-candidate/release/rboxc)
==715884==    by 0x440DE00: single_binary_main_tar (in /root/rboxc/target/tar-child-input-candidate/release/rboxc)
==715884==    by 0x5A18600: (below main) (libc_start_call_main.h:59)
==715884== 
==715884== 102 bytes in 1 blocks are still reachable in loss record 5 of 6
==715884==    at 0x586E858: malloc (vg_replace_malloc.c:447)
==715884==    by 0x469E25C: rboxc_tar_xmalloc (in /root/rboxc/target/tar-child-input-candidate/release/rboxc)
==715884==    by 0x46735A1: rboxc_tar_name_init (in /root/rboxc/target/tar-child-input-candidate/release/rboxc)
==715884==    by 0x440EE7A: single_binary_main_tar (in /root/rboxc/target/tar-child-input-candidate/release/rboxc)
==715884==    by 0x5A18600: (below main) (libc_start_call_main.h:59)
==715884== 
==715884== 4,064 bytes in 1 blocks are still reachable in loss record 6 of 6
==715884==    at 0x586E858: malloc (vg_replace_malloc.c:447)
==715884==    by 0x469E25C: rboxc_tar_xmalloc (in /root/rboxc/target/tar-child-input-candidate/release/rboxc)
==715884==    by 0x469617D: _obstack_begin_worker.isra.0 (in /root/rboxc/target/tar-child-input-candidate/release/rboxc)
==715884==    by 0x46961A8: rboxc_tar__obstack_begin (in /root/rboxc/target/tar-child-input-candidate/release/rboxc)
==715884==    by 0x4679E77: rboxc_tar_transform_name_fp (in /root/rboxc/target/tar-child-input-candidate/release/rboxc)
==715884==    by 0x466D1B0: transform_stat_info.part.0 (in /root/rboxc/target/tar-child-input-candidate/release/rboxc)
==715884==    by 0x466F390: rboxc_tar_read_and (in /root/rboxc/target/tar-child-input-candidate/release/rboxc)
==715884==    by 0x440EF39: single_binary_main_tar (in /root/rboxc/target/tar-child-input-candidate/release/rboxc)
==715884==    by 0x5A18600: (below main) (libc_start_call_main.h:59)
==715884== 
==715884== LEAK SUMMARY:
==715884==    definitely lost: 0 bytes in 0 blocks
==715884==    indirectly lost: 0 bytes in 0 blocks
==715884==      possibly lost: 0 bytes in 0 blocks
==715884==    still reachable: 4,271 bytes in 6 blocks
==715884==         suppressed: 0 bytes in 0 blocks
==715884== 
==715884== For lists of detected and suppressed errors, rerun with: -s
==715884== ERROR SUMMARY: 0 errors from 0 contexts (suppressed: 0 from 0)
