==632508== Memcheck, a memory error detector
==632508== Copyright (C) 2002-2024, and GNU GPL'd, by Julian Seward et al.
==632508== Using Valgrind-3.26.0 and LibVEX; rerun with -h for copyright info
==632508== Command: tar --version
==632508== Parent PID: 632418
==632508== 
==632508== 
==632508== FILE DESCRIPTORS: 4 open (4 inherited) at exit.
==632508== 
==632508== HEAP SUMMARY:
==632508==     in use at exit: 7,767 bytes in 3 blocks
==632508==   total heap usage: 15 allocs, 12 frees, 12,021 bytes allocated
==632508== 
==632508== 16 bytes in 1 blocks are still reachable in loss record 1 of 3
==632508==    at 0x48C4E43: calloc (vg_replace_malloc.c:1678)
==632508==    by 0x40516F1: xcalloc (xmalloc.c:298)
==632508==    by 0x40516F1: xzalloc (xmalloc.c:283)
==632508==    by 0x400BEF9: decode_options (tar.c:2297)
==632508==    by 0x400BEF9: main (tar.c:2792)
==632508== 
==632508== 80 bytes in 1 blocks are still reachable in loss record 2 of 3
==632508==    at 0x48BD858: malloc (vg_replace_malloc.c:447)
==632508==    by 0x40512CC: xmalloc (xmalloc.c:45)
==632508==    by 0x400BE43: main (tar.c:2781)
==632508== 
==632508== 7,671 bytes in 1 blocks are still reachable in loss record 3 of 3
==632508==    at 0x48BD858: malloc (vg_replace_malloc.c:447)
==632508==    by 0x4041854: parser_init (argp-parse.c:495)
==632508==    by 0x4041854: argp_parse (argp-parse.c:921)
==632508==    by 0x400C045: decode_options (tar.c:2380)
==632508==    by 0x400C045: main (tar.c:2792)
==632508== 
==632508== LEAK SUMMARY:
==632508==    definitely lost: 0 bytes in 0 blocks
==632508==    indirectly lost: 0 bytes in 0 blocks
==632508==      possibly lost: 0 bytes in 0 blocks
==632508==    still reachable: 7,767 bytes in 3 blocks
==632508==         suppressed: 0 bytes in 0 blocks
==632508== 
==632508== For lists of detected and suppressed errors, rerun with: -s
==632508== ERROR SUMMARY: 0 errors from 0 contexts (suppressed: 0 from 0)
