==632574== Memcheck, a memory error detector
==632574== Copyright (C) 2002-2024, and GNU GPL'd, by Julian Seward et al.
==632574== Using Valgrind-3.26.0 and LibVEX; rerun with -h for copyright info
==632574== Command: tar --create -vvf a dir --numeric-owner
==632574== Parent PID: 632565
==632574== 
==632574== 
==632574== FILE DESCRIPTORS: 1 open (1 inherited) at exit.
==632574== 
==632574== HEAP SUMMARY:
==632574==     in use at exit: 4,633 bytes in 12 blocks
==632574==   total heap usage: 50 allocs, 38 frees, 81,545 bytes allocated
==632574== 
==632574== 9 bytes in 2 blocks are indirectly lost in loss record 1 of 9
==632574==    at 0x48BD858: malloc (vg_replace_malloc.c:447)
==632574==    by 0x40387DD: wsnode_quoteremoval (wordsplit.c:651)
==632574==    by 0x4039CFD: wordsplit_process_list (wordsplit.c:2390)
==632574==    by 0x403A562: wordsplit_run.constprop.0 (wordsplit.c:2434)
==632574==    by 0x400BFFA: parse_default_options (tar.c:2256)
==632574==    by 0x400BFFA: decode_options (tar.c:2378)
==632574==    by 0x400BFFA: main (tar.c:2792)
==632574== 
==632574== 9 bytes in 2 blocks are definitely lost in loss record 2 of 9
==632574==    at 0x48BD858: malloc (vg_replace_malloc.c:447)
==632574==    by 0x403A1FB: wordsplit_finish (wordsplit.c:836)
==632574==    by 0x400BFFA: parse_default_options (tar.c:2256)
==632574==    by 0x400BFFA: decode_options (tar.c:2378)
==632574==    by 0x400BFFA: main (tar.c:2792)
==632574== 
==632574== 16 bytes in 1 blocks are still reachable in loss record 3 of 9
==632574==    at 0x48C4E43: calloc (vg_replace_malloc.c:1678)
==632574==    by 0x40516F1: xcalloc (xmalloc.c:298)
==632574==    by 0x40516F1: xzalloc (xmalloc.c:283)
==632574==    by 0x400BEF9: decode_options (tar.c:2297)
==632574==    by 0x400BEF9: main (tar.c:2792)
==632574== 
==632574== 17 bytes in 1 blocks are still reachable in loss record 4 of 9
==632574==    at 0x48BD858: malloc (vg_replace_malloc.c:447)
==632574==    by 0x405185D: xmalloc (xmalloc.c:45)
==632574==    by 0x405185D: xmemdup (xmalloc.c:314)
==632574==    by 0x405185D: xstrdup (xmalloc.c:339)
==632574==    by 0x402644F: assign_string (misc.c:58)
==632574==    by 0x401E7A6: xheader_xhdr_name (xheader.c:393)
==632574==    by 0x4014297: write_extended.part.0 (create.c:713)
==632574==    by 0x4014896: write_extended (create.c:699)
==632574==    by 0x4014896: finish_header (create.c:1024)
==632574==    by 0x4016C5E: dump_dir0 (create.c:1137)
==632574==    by 0x4016C5E: dump_dir (create.c:1320)
==632574==    by 0x4016C5E: dump_file0 (create.c:1757)
==632574==    by 0x4017589: dump_file (create.c:1968)
==632574==    by 0x4017589: create_archive (create.c:1412)
==632574==    by 0x400CD90: main (tar.c:2818)
==632574== 
==632574== 80 bytes in 1 blocks are still reachable in loss record 5 of 9
==632574==    at 0x48BD858: malloc (vg_replace_malloc.c:447)
==632574==    by 0x40512CC: xmalloc (xmalloc.c:45)
==632574==    by 0x400BE43: main (tar.c:2781)
==632574== 
==632574== 89 (80 direct, 9 indirect) bytes in 2 blocks are definitely lost in loss record 6 of 9
==632574==    at 0x48C4E43: calloc (vg_replace_malloc.c:1678)
==632574==    by 0x403959D: wsnode_new (wordsplit.c:422)
==632574==    by 0x403959D: wordsplit_add_segm (wordsplit.c:523)
==632574==    by 0x4039854: scan_word (wordsplit.c:2062)
==632574==    by 0x4039C7C: wordsplit_process_list (wordsplit.c:2358)
==632574==    by 0x403A562: wordsplit_run.constprop.0 (wordsplit.c:2434)
==632574==    by 0x400BFFA: parse_default_options (tar.c:2256)
==632574==    by 0x400BFFA: decode_options (tar.c:2378)
==632574==    by 0x400BFFA: main (tar.c:2792)
==632574== 
==632574== 102 bytes in 1 blocks are still reachable in loss record 7 of 9
==632574==    at 0x48BD858: malloc (vg_replace_malloc.c:447)
==632574==    by 0x40512CC: xmalloc (xmalloc.c:45)
==632574==    by 0x4029881: name_init (names.c:869)
==632574==    by 0x400C94C: main (tar.c:2794)
==632574== 
==632574== 256 bytes in 1 blocks are still reachable in loss record 8 of 9
==632574==    at 0x48BD858: malloc (vg_replace_malloc.c:447)
==632574==    by 0x40512CC: xmalloc (xmalloc.c:45)
==632574==    by 0x401D274: xattr_encode_keyword (xheader.c:833)
==632574==    by 0x401D274: xheader_print_n (xheader.c:876)
==632574==    by 0x401D4FB: xheader_print (xheader.c:899)
==632574==    by 0x401D4FB: code_time (xheader.c:1043)
==632574==    by 0x401D4FB: mtime_coder (xheader.c:1232)
==632574==    by 0x401527F: start_header (create.c:852)
==632574==    by 0x40167F9: dump_dir0 (create.c:1123)
==632574==    by 0x40167F9: dump_dir (create.c:1320)
==632574==    by 0x40167F9: dump_file0 (create.c:1757)
==632574==    by 0x4017589: dump_file (create.c:1968)
==632574==    by 0x4017589: create_archive (create.c:1412)
==632574==    by 0x400CD90: main (tar.c:2818)
==632574== 
==632574== 4,064 bytes in 1 blocks are still reachable in loss record 9 of 9
==632574==    at 0x48BD858: malloc (vg_replace_malloc.c:447)
==632574==    by 0x40512CC: xmalloc (xmalloc.c:45)
==632574==    by 0x404A07D: call_chunkfun (obstack.c:88)
==632574==    by 0x404A07D: _obstack_begin_worker.isra.0 (obstack.c:135)
==632574==    by 0x404A0A8: _obstack_begin (obstack.c:157)
==632574==    by 0x4032C57: _transform_name_to_obstack (transform.c:592)
==632574==    by 0x4032C57: transform_name_fp (transform.c:614)
==632574==    by 0x4016444: dump_file0 (create.c:1657)
==632574==    by 0x4017589: dump_file (create.c:1968)
==632574==    by 0x4017589: create_archive (create.c:1412)
==632574==    by 0x400CD90: main (tar.c:2818)
==632574== 
==632574== LEAK SUMMARY:
==632574==    definitely lost: 89 bytes in 4 blocks
==632574==    indirectly lost: 9 bytes in 2 blocks
==632574==      possibly lost: 0 bytes in 0 blocks
==632574==    still reachable: 4,535 bytes in 6 blocks
==632574==         suppressed: 0 bytes in 0 blocks
==632574== 
==632574== For lists of detected and suppressed errors, rerun with: -s
==632574== ERROR SUMMARY: 2 errors from 2 contexts (suppressed: 0 from 0)
