==633160== Memcheck, a memory error detector
==633160== Copyright (C) 2002-2024, and GNU GPL'd, by Julian Seward et al.
==633160== Using Valgrind-3.26.0 and LibVEX; rerun with -h for copyright info
==633160== Command: tar --extract -vvf a dir
==633160== Parent PID: 633070
==633160== 
==633160== 
==633160== FILE DESCRIPTORS: 1 open (1 inherited) at exit.
==633160== 
==633160== HEAP SUMMARY:
==633160==     in use at exit: 4,466 bytes in 14 blocks
==633160==   total heap usage: 68 allocs, 54 frees, 60,575 bytes allocated
==633160== 
==633160== 4 bytes in 1 blocks are indirectly lost in loss record 1 of 11
==633160==    at 0x48BD858: malloc (vg_replace_malloc.c:447)
==633160==    by 0x405185D: xmalloc (xmalloc.c:45)
==633160==    by 0x405185D: xmemdup (xmalloc.c:314)
==633160==    by 0x405185D: xstrdup (xmalloc.c:339)
==633160==    by 0x402994B: make_name (names.c:599)
==633160==    by 0x402994B: addname (names.c:1233)
==633160==    by 0x4029AB7: name_gather (names.c:1218)
==633160==    by 0x4025436: read_and (list.c:174)
==633160==    by 0x400CD61: main (tar.c:2823)
==633160== 
==633160== 5 bytes in 1 blocks are still reachable in loss record 2 of 11
==633160==    at 0x48BD858: malloc (vg_replace_malloc.c:447)
==633160==    by 0x405185D: xmalloc (xmalloc.c:45)
==633160==    by 0x405185D: xmemdup (xmalloc.c:314)
==633160==    by 0x405185D: xstrdup (xmalloc.c:339)
==633160==    by 0x402644F: assign_string (misc.c:58)
==633160==    by 0x402973C: uname_to_uid (names.c:550)
==633160==    by 0x402457F: decode_header (list.c:694)
==633160==    by 0x4025616: read_and (list.c:194)
==633160==    by 0x400CD61: main (tar.c:2823)
==633160== 
==633160== 5 bytes in 1 blocks are still reachable in loss record 3 of 11
==633160==    at 0x48BD858: malloc (vg_replace_malloc.c:447)
==633160==    by 0x405185D: xmalloc (xmalloc.c:45)
==633160==    by 0x405185D: xmemdup (xmalloc.c:314)
==633160==    by 0x405185D: xstrdup (xmalloc.c:339)
==633160==    by 0x402644F: assign_string (misc.c:58)
==633160==    by 0x40297DC: gname_to_gid (names.c:580)
==633160==    by 0x402455F: decode_header (list.c:699)
==633160==    by 0x4025616: read_and (list.c:194)
==633160==    by 0x400CD61: main (tar.c:2823)
==633160== 
==633160== 7 bytes in 2 blocks are indirectly lost in loss record 4 of 11
==633160==    at 0x48BD858: malloc (vg_replace_malloc.c:447)
==633160==    by 0x40387DD: wsnode_quoteremoval (wordsplit.c:651)
==633160==    by 0x4039CFD: wordsplit_process_list (wordsplit.c:2390)
==633160==    by 0x403A562: wordsplit_run.constprop.0 (wordsplit.c:2434)
==633160==    by 0x400BFFA: parse_default_options (tar.c:2256)
==633160==    by 0x400BFFA: decode_options (tar.c:2378)
==633160==    by 0x400BFFA: main (tar.c:2792)
==633160== 
==633160== 7 bytes in 2 blocks are definitely lost in loss record 5 of 11
==633160==    at 0x48BD858: malloc (vg_replace_malloc.c:447)
==633160==    by 0x403A1FB: wordsplit_finish (wordsplit.c:836)
==633160==    by 0x400BFFA: parse_default_options (tar.c:2256)
==633160==    by 0x400BFFA: decode_options (tar.c:2378)
==633160==    by 0x400BFFA: main (tar.c:2792)
==633160== 
==633160== 16 bytes in 1 blocks are still reachable in loss record 6 of 11
==633160==    at 0x48C4E43: calloc (vg_replace_malloc.c:1678)
==633160==    by 0x40516F1: xcalloc (xmalloc.c:298)
==633160==    by 0x40516F1: xzalloc (xmalloc.c:283)
==633160==    by 0x400BEF9: decode_options (tar.c:2297)
==633160==    by 0x400BEF9: main (tar.c:2792)
==633160== 
==633160== 80 bytes in 1 blocks are still reachable in loss record 7 of 11
==633160==    at 0x48BD858: malloc (vg_replace_malloc.c:447)
==633160==    by 0x40512CC: xmalloc (xmalloc.c:45)
==633160==    by 0x400BE43: main (tar.c:2781)
==633160== 
==633160== 87 (80 direct, 7 indirect) bytes in 2 blocks are definitely lost in loss record 8 of 11
==633160==    at 0x48C4E43: calloc (vg_replace_malloc.c:1678)
==633160==    by 0x403959D: wsnode_new (wordsplit.c:422)
==633160==    by 0x403959D: wordsplit_add_segm (wordsplit.c:523)
==633160==    by 0x4039854: scan_word (wordsplit.c:2062)
==633160==    by 0x4039C7C: wordsplit_process_list (wordsplit.c:2358)
==633160==    by 0x403A562: wordsplit_run.constprop.0 (wordsplit.c:2434)
==633160==    by 0x400BFFA: parse_default_options (tar.c:2256)
==633160==    by 0x400BFFA: decode_options (tar.c:2378)
==633160==    by 0x400BFFA: main (tar.c:2792)
==633160== 
==633160== 100 (96 direct, 4 indirect) bytes in 1 blocks are definitely lost in loss record 9 of 11
==633160==    at 0x48C4E43: calloc (vg_replace_malloc.c:1678)
==633160==    by 0x40516F1: xcalloc (xmalloc.c:298)
==633160==    by 0x40516F1: xzalloc (xmalloc.c:283)
==633160==    by 0x4029932: make_name (names.c:596)
==633160==    by 0x4029932: addname (names.c:1233)
==633160==    by 0x4029AB7: name_gather (names.c:1218)
==633160==    by 0x4025436: read_and (list.c:174)
==633160==    by 0x400CD61: main (tar.c:2823)
==633160== 
==633160== 102 bytes in 1 blocks are still reachable in loss record 10 of 11
==633160==    at 0x48BD858: malloc (vg_replace_malloc.c:447)
==633160==    by 0x40512CC: xmalloc (xmalloc.c:45)
==633160==    by 0x4029881: name_init (names.c:869)
==633160==    by 0x400C94C: main (tar.c:2794)
==633160== 
==633160== 4,064 bytes in 1 blocks are still reachable in loss record 11 of 11
==633160==    at 0x48BD858: malloc (vg_replace_malloc.c:447)
==633160==    by 0x40512CC: xmalloc (xmalloc.c:45)
==633160==    by 0x404A07D: call_chunkfun (obstack.c:88)
==633160==    by 0x404A07D: _obstack_begin_worker.isra.0 (obstack.c:135)
==633160==    by 0x404A0A8: _obstack_begin (obstack.c:157)
==633160==    by 0x4032C57: _transform_name_to_obstack (transform.c:592)
==633160==    by 0x4032C57: transform_name_fp (transform.c:614)
==633160==    by 0x4023670: transform_member_name (list.c:114)
==633160==    by 0x4023670: transform_stat_info.part.0 (list.c:150)
==633160==    by 0x4025850: transform_stat_info (list.c:227)
==633160==    by 0x4025850: read_and (list.c:227)
==633160==    by 0x400CD61: main (tar.c:2823)
==633160== 
==633160== LEAK SUMMARY:
==633160==    definitely lost: 183 bytes in 5 blocks
==633160==    indirectly lost: 11 bytes in 3 blocks
==633160==      possibly lost: 0 bytes in 0 blocks
==633160==    still reachable: 4,272 bytes in 6 blocks
==633160==         suppressed: 0 bytes in 0 blocks
==633160== 
==633160== For lists of detected and suppressed errors, rerun with: -s
==633160== ERROR SUMMARY: 3 errors from 3 contexts (suppressed: 0 from 0)
