==633202== Memcheck, a memory error detector
==633202== Copyright (C) 2002-2024, and GNU GPL'd, by Julian Seward et al.
==633202== Using Valgrind-3.26.0 and LibVEX; rerun with -h for copyright info
==633202== Command: tar --list -vvf a dir --numeric-owner
==633202== Parent PID: 633172
==633202== 
==633202== 
==633202== FILE DESCRIPTORS: 1 open (1 inherited) at exit.
==633202== 
==633202== HEAP SUMMARY:
==633202==     in use at exit: 4,460 bytes in 12 blocks
==633202==   total heap usage: 40 allocs, 28 frees, 40,050 bytes allocated
==633202== 
==633202== 4 bytes in 1 blocks are indirectly lost in loss record 1 of 9
==633202==    at 0x48BD858: malloc (vg_replace_malloc.c:447)
==633202==    by 0x405185D: xmalloc (xmalloc.c:45)
==633202==    by 0x405185D: xmemdup (xmalloc.c:314)
==633202==    by 0x405185D: xstrdup (xmalloc.c:339)
==633202==    by 0x402994B: make_name (names.c:599)
==633202==    by 0x402994B: addname (names.c:1233)
==633202==    by 0x4029AB7: name_gather (names.c:1218)
==633202==    by 0x4025436: read_and (list.c:174)
==633202==    by 0x400CD4B: main (tar.c:2832)
==633202== 
==633202== 9 bytes in 2 blocks are indirectly lost in loss record 2 of 9
==633202==    at 0x48BD858: malloc (vg_replace_malloc.c:447)
==633202==    by 0x40387DD: wsnode_quoteremoval (wordsplit.c:651)
==633202==    by 0x4039CFD: wordsplit_process_list (wordsplit.c:2390)
==633202==    by 0x403A562: wordsplit_run.constprop.0 (wordsplit.c:2434)
==633202==    by 0x400BFFA: parse_default_options (tar.c:2256)
==633202==    by 0x400BFFA: decode_options (tar.c:2378)
==633202==    by 0x400BFFA: main (tar.c:2792)
==633202== 
==633202== 9 bytes in 2 blocks are definitely lost in loss record 3 of 9
==633202==    at 0x48BD858: malloc (vg_replace_malloc.c:447)
==633202==    by 0x403A1FB: wordsplit_finish (wordsplit.c:836)
==633202==    by 0x400BFFA: parse_default_options (tar.c:2256)
==633202==    by 0x400BFFA: decode_options (tar.c:2378)
==633202==    by 0x400BFFA: main (tar.c:2792)
==633202== 
==633202== 16 bytes in 1 blocks are still reachable in loss record 4 of 9
==633202==    at 0x48C4E43: calloc (vg_replace_malloc.c:1678)
==633202==    by 0x40516F1: xcalloc (xmalloc.c:298)
==633202==    by 0x40516F1: xzalloc (xmalloc.c:283)
==633202==    by 0x400BEF9: decode_options (tar.c:2297)
==633202==    by 0x400BEF9: main (tar.c:2792)
==633202== 
==633202== 80 bytes in 1 blocks are still reachable in loss record 5 of 9
==633202==    at 0x48BD858: malloc (vg_replace_malloc.c:447)
==633202==    by 0x40512CC: xmalloc (xmalloc.c:45)
==633202==    by 0x400BE43: main (tar.c:2781)
==633202== 
==633202== 89 (80 direct, 9 indirect) bytes in 2 blocks are definitely lost in loss record 6 of 9
==633202==    at 0x48C4E43: calloc (vg_replace_malloc.c:1678)
==633202==    by 0x403959D: wsnode_new (wordsplit.c:422)
==633202==    by 0x403959D: wordsplit_add_segm (wordsplit.c:523)
==633202==    by 0x4039854: scan_word (wordsplit.c:2062)
==633202==    by 0x4039C7C: wordsplit_process_list (wordsplit.c:2358)
==633202==    by 0x403A562: wordsplit_run.constprop.0 (wordsplit.c:2434)
==633202==    by 0x400BFFA: parse_default_options (tar.c:2256)
==633202==    by 0x400BFFA: decode_options (tar.c:2378)
==633202==    by 0x400BFFA: main (tar.c:2792)
==633202== 
==633202== 100 (96 direct, 4 indirect) bytes in 1 blocks are definitely lost in loss record 7 of 9
==633202==    at 0x48C4E43: calloc (vg_replace_malloc.c:1678)
==633202==    by 0x40516F1: xcalloc (xmalloc.c:298)
==633202==    by 0x40516F1: xzalloc (xmalloc.c:283)
==633202==    by 0x4029932: make_name (names.c:596)
==633202==    by 0x4029932: addname (names.c:1233)
==633202==    by 0x4029AB7: name_gather (names.c:1218)
==633202==    by 0x4025436: read_and (list.c:174)
==633202==    by 0x400CD4B: main (tar.c:2832)
==633202== 
==633202== 102 bytes in 1 blocks are still reachable in loss record 8 of 9
==633202==    at 0x48BD858: malloc (vg_replace_malloc.c:447)
==633202==    by 0x40512CC: xmalloc (xmalloc.c:45)
==633202==    by 0x4029881: name_init (names.c:869)
==633202==    by 0x400C94C: main (tar.c:2794)
==633202== 
==633202== 4,064 bytes in 1 blocks are still reachable in loss record 9 of 9
==633202==    at 0x48BD858: malloc (vg_replace_malloc.c:447)
==633202==    by 0x40512CC: xmalloc (xmalloc.c:45)
==633202==    by 0x404A07D: call_chunkfun (obstack.c:88)
==633202==    by 0x404A07D: _obstack_begin_worker.isra.0 (obstack.c:135)
==633202==    by 0x404A0A8: _obstack_begin (obstack.c:157)
==633202==    by 0x4032C57: _transform_name_to_obstack (transform.c:592)
==633202==    by 0x4032C57: transform_name_fp (transform.c:614)
==633202==    by 0x4023670: transform_member_name (list.c:114)
==633202==    by 0x4023670: transform_stat_info.part.0 (list.c:150)
==633202==    by 0x4025850: transform_stat_info (list.c:227)
==633202==    by 0x4025850: read_and (list.c:227)
==633202==    by 0x400CD4B: main (tar.c:2832)
==633202== 
==633202== LEAK SUMMARY:
==633202==    definitely lost: 185 bytes in 5 blocks
==633202==    indirectly lost: 13 bytes in 3 blocks
==633202==      possibly lost: 0 bytes in 0 blocks
==633202==    still reachable: 4,262 bytes in 4 blocks
==633202==         suppressed: 0 bytes in 0 blocks
==633202== 
==633202== For lists of detected and suppressed errors, rerun with: -s
==633202== ERROR SUMMARY: 3 errors from 3 contexts (suppressed: 0 from 0)
