==602697== Memcheck, a memory error detector
==602697== Copyright (C) 2002-2024, and GNU GPL'd, by Julian Seward et al.
==602697== Using Valgrind-3.26.0 and LibVEX; rerun with -h for copyright info
==602697== Command: tar ufv archive --wildcards ./file.* ./foo.*
==602697== Parent PID: 602648
==602697== 
==602697== 
==602697== FILE DESCRIPTORS: 1 open (1 inherited) at exit.
==602697== 
==602697== HEAP SUMMARY:
==602697==     in use at exit: 4,755 bytes in 20 blocks
==602697==   total heap usage: 61 allocs, 41 frees, 35,970 bytes allocated
==602697== 
==602697== 9 bytes in 1 blocks are indirectly lost in loss record 1 of 14
==602697==    at 0x48BD858: malloc (vg_replace_malloc.c:447)
==602697==    by 0x405185D: xmalloc (xmalloc.c:45)
==602697==    by 0x405185D: xmemdup (xmalloc.c:314)
==602697==    by 0x405185D: xstrdup (xmalloc.c:339)
==602697==    by 0x402994B: make_name (names.c:599)
==602697==    by 0x402994B: addname (names.c:1233)
==602697==    by 0x4033662: update_archive (update.c:170)
==602697==    by 0x400CC4C: main (tar.c:2810)
==602697== 
==602697== 9 bytes in 2 blocks are indirectly lost in loss record 2 of 14
==602697==    at 0x48BD858: malloc (vg_replace_malloc.c:447)
==602697==    by 0x40387DD: wsnode_quoteremoval (wordsplit.c:651)
==602697==    by 0x4039CFD: wordsplit_process_list (wordsplit.c:2390)
==602697==    by 0x403A562: wordsplit_run.constprop.0 (wordsplit.c:2434)
==602697==    by 0x400BFFA: parse_default_options (tar.c:2256)
==602697==    by 0x400BFFA: decode_options (tar.c:2378)
==602697==    by 0x400BFFA: main (tar.c:2792)
==602697== 
==602697== 9 bytes in 3 blocks are indirectly lost in loss record 3 of 14
==602697==    at 0x48BD858: malloc (vg_replace_malloc.c:447)
==602697==    by 0x405185D: xmalloc (xmalloc.c:45)
==602697==    by 0x405185D: xmemdup (xmalloc.c:314)
==602697==    by 0x405185D: xstrdup (xmalloc.c:339)
==602697==    by 0x400C4F1: decode_options (tar.c:2353)
==602697==    by 0x400C4F1: main (tar.c:2792)
==602697== 
==602697== 9 bytes in 2 blocks are definitely lost in loss record 4 of 14
==602697==    at 0x48BD858: malloc (vg_replace_malloc.c:447)
==602697==    by 0x403A1FB: wordsplit_finish (wordsplit.c:836)
==602697==    by 0x400BFFA: parse_default_options (tar.c:2256)
==602697==    by 0x400BFFA: decode_options (tar.c:2378)
==602697==    by 0x400BFFA: main (tar.c:2792)
==602697== 
==602697== 16 bytes in 1 blocks are still reachable in loss record 5 of 14
==602697==    at 0x48C4E43: calloc (vg_replace_malloc.c:1678)
==602697==    by 0x40516F1: xcalloc (xmalloc.c:298)
==602697==    by 0x40516F1: xzalloc (xmalloc.c:283)
==602697==    by 0x400BEF9: decode_options (tar.c:2297)
==602697==    by 0x400BEF9: main (tar.c:2792)
==602697== 
==602697== 17 bytes in 2 blocks are indirectly lost in loss record 6 of 14
==602697==    at 0x48BD858: malloc (vg_replace_malloc.c:447)
==602697==    by 0x405185D: xmalloc (xmalloc.c:45)
==602697==    by 0x405185D: xmemdup (xmalloc.c:314)
==602697==    by 0x405185D: xstrdup (xmalloc.c:339)
==602697==    by 0x402994B: make_name (names.c:599)
==602697==    by 0x402994B: addname (names.c:1233)
==602697==    by 0x4029AB7: name_gather (names.c:1218)
==602697==    by 0x403322C: update_archive (update.c:111)
==602697==    by 0x400CC4C: main (tar.c:2810)
==602697== 
==602697== 80 bytes in 1 blocks are still reachable in loss record 7 of 14
==602697==    at 0x48BD858: malloc (vg_replace_malloc.c:447)
==602697==    by 0x40512CC: xmalloc (xmalloc.c:45)
==602697==    by 0x400BE43: main (tar.c:2781)
==602697== 
==602697== 81 (72 direct, 9 indirect) bytes in 1 blocks are definitely lost in loss record 8 of 14
==602697==    at 0x48BD858: malloc (vg_replace_malloc.c:447)
==602697==    by 0x40512CC: xmalloc (xmalloc.c:45)
==602697==    by 0x400C46E: decode_options (tar.c:2340)
==602697==    by 0x400C46E: main (tar.c:2792)
==602697== 
==602697== 89 (80 direct, 9 indirect) bytes in 2 blocks are definitely lost in loss record 9 of 14
==602697==    at 0x48C4E43: calloc (vg_replace_malloc.c:1678)
==602697==    by 0x403959D: wsnode_new (wordsplit.c:422)
==602697==    by 0x403959D: wordsplit_add_segm (wordsplit.c:523)
==602697==    by 0x4039854: scan_word (wordsplit.c:2062)
==602697==    by 0x4039C7C: wordsplit_process_list (wordsplit.c:2358)
==602697==    by 0x403A562: wordsplit_run.constprop.0 (wordsplit.c:2434)
==602697==    by 0x400BFFA: parse_default_options (tar.c:2256)
==602697==    by 0x400BFFA: decode_options (tar.c:2378)
==602697==    by 0x400BFFA: main (tar.c:2792)
==602697== 
==602697== 96 bytes in 1 blocks are indirectly lost in loss record 10 of 14
==602697==    at 0x48C4E43: calloc (vg_replace_malloc.c:1678)
==602697==    by 0x40516F1: xcalloc (xmalloc.c:298)
==602697==    by 0x40516F1: xzalloc (xmalloc.c:283)
==602697==    by 0x4029932: make_name (names.c:596)
==602697==    by 0x4029932: addname (names.c:1233)
==602697==    by 0x4029AB7: name_gather (names.c:1218)
==602697==    by 0x403322C: update_archive (update.c:111)
==602697==    by 0x400CC4C: main (tar.c:2810)
==602697== 
==602697== 102 bytes in 1 blocks are still reachable in loss record 11 of 14
==602697==    at 0x48BD858: malloc (vg_replace_malloc.c:447)
==602697==    by 0x40512CC: xmalloc (xmalloc.c:45)
==602697==    by 0x4029881: name_init (names.c:869)
==602697==    by 0x400C94C: main (tar.c:2794)
==602697== 
==602697== 105 (96 direct, 9 indirect) bytes in 1 blocks are definitely lost in loss record 12 of 14
==602697==    at 0x48C4E43: calloc (vg_replace_malloc.c:1678)
==602697==    by 0x40516F1: xcalloc (xmalloc.c:298)
==602697==    by 0x40516F1: xzalloc (xmalloc.c:283)
==602697==    by 0x4029932: make_name (names.c:596)
==602697==    by 0x4029932: addname (names.c:1233)
==602697==    by 0x4033662: update_archive (update.c:170)
==602697==    by 0x400CC4C: main (tar.c:2810)
==602697== 
==602697== 209 (96 direct, 113 indirect) bytes in 1 blocks are definitely lost in loss record 13 of 14
==602697==    at 0x48C4E43: calloc (vg_replace_malloc.c:1678)
==602697==    by 0x40516F1: xcalloc (xmalloc.c:298)
==602697==    by 0x40516F1: xzalloc (xmalloc.c:283)
==602697==    by 0x4029932: make_name (names.c:596)
==602697==    by 0x4029932: addname (names.c:1233)
==602697==    by 0x4029AB7: name_gather (names.c:1218)
==602697==    by 0x403322C: update_archive (update.c:111)
==602697==    by 0x400CC4C: main (tar.c:2810)
==602697== 
==602697== 4,064 bytes in 1 blocks are still reachable in loss record 14 of 14
==602697==    at 0x48BD858: malloc (vg_replace_malloc.c:447)
==602697==    by 0x40512CC: xmalloc (xmalloc.c:45)
==602697==    by 0x404A07D: call_chunkfun (obstack.c:88)
==602697==    by 0x404A07D: _obstack_begin_worker.isra.0 (obstack.c:135)
==602697==    by 0x404A0A8: _obstack_begin (obstack.c:157)
==602697==    by 0x4032C57: _transform_name_to_obstack (transform.c:592)
==602697==    by 0x4032C57: transform_name_fp (transform.c:614)
==602697==    by 0x4023670: transform_member_name (list.c:114)
==602697==    by 0x4023670: transform_stat_info.part.0 (list.c:150)
==602697==    by 0x403343D: update_archive (update.c:134)
==602697==    by 0x400CC4C: main (tar.c:2810)
==602697== 
==602697== LEAK SUMMARY:
==602697==    definitely lost: 353 bytes in 7 blocks
==602697==    indirectly lost: 140 bytes in 9 blocks
==602697==      possibly lost: 0 bytes in 0 blocks
==602697==    still reachable: 4,262 bytes in 4 blocks
==602697==         suppressed: 0 bytes in 0 blocks
==602697== 
==602697== For lists of detected and suppressed errors, rerun with: -s
==602697== ERROR SUMMARY: 5 errors from 5 contexts (suppressed: 0 from 0)
