==602725== Memcheck, a memory error detector
==602725== Copyright (C) 2002-2024, and GNU GPL'd, by Julian Seward et al.
==602725== Using Valgrind-3.26.0 and LibVEX; rerun with -h for copyright info
==602725== Command: tar cf archive ./file.a ./file.b ./file.c
==602725== Parent PID: 602720
==602725== 
==602725== 
==602725== FILE DESCRIPTORS: 1 open (1 inherited) at exit.
==602725== 
==602725== HEAP SUMMARY:
==602725==     in use at exit: 5,089 bytes in 22 blocks
==602725==   total heap usage: 89 allocs, 67 frees, 69,762 bytes allocated
==602725== 
==602725== 5 bytes in 1 blocks are still reachable in loss record 1 of 16
==602725==    at 0x48BD858: malloc (vg_replace_malloc.c:447)
==602725==    by 0x405185D: xmalloc (xmalloc.c:45)
==602725==    by 0x405185D: xmemdup (xmalloc.c:314)
==602725==    by 0x405185D: xstrdup (xmalloc.c:339)
==602725==    by 0x402644F: assign_string (misc.c:58)
==602725==    by 0x4029612: uid_to_uname (names.c:490)
==602725==    by 0x40155F3: start_header (create.c:931)
==602725==    by 0x4015798: dump_regular_file (create.c:1050)
==602725==    by 0x40165E2: dump_file0 (create.c:1773)
==602725==    by 0x4017589: dump_file (create.c:1968)
==602725==    by 0x4017589: create_archive (create.c:1412)
==602725==    by 0x400CD90: main (tar.c:2818)
==602725== 
==602725== 5 bytes in 1 blocks are still reachable in loss record 2 of 16
==602725==    at 0x48BD858: malloc (vg_replace_malloc.c:447)
==602725==    by 0x405185D: xmalloc (xmalloc.c:45)
==602725==    by 0x405185D: xmemdup (xmalloc.c:314)
==602725==    by 0x405185D: xstrdup (xmalloc.c:339)
==602725==    by 0x402644F: assign_string (misc.c:58)
==602725==    by 0x40296A2: gid_to_gname (names.c:520)
==602725==    by 0x40155DB: start_header (create.c:936)
==602725==    by 0x4015798: dump_regular_file (create.c:1050)
==602725==    by 0x40165E2: dump_file0 (create.c:1773)
==602725==    by 0x4017589: dump_file (create.c:1968)
==602725==    by 0x4017589: create_archive (create.c:1412)
==602725==    by 0x400CD90: main (tar.c:2818)
==602725== 
==602725== 6 bytes in 2 blocks are indirectly lost in loss record 3 of 16
==602725==    at 0x48BD858: malloc (vg_replace_malloc.c:447)
==602725==    by 0x405185D: xmalloc (xmalloc.c:45)
==602725==    by 0x405185D: xmemdup (xmalloc.c:314)
==602725==    by 0x405185D: xstrdup (xmalloc.c:339)
==602725==    by 0x400C4F1: decode_options (tar.c:2353)
==602725==    by 0x400C4F1: main (tar.c:2792)
==602725== 
==602725== 9 bytes in 2 blocks are indirectly lost in loss record 4 of 16
==602725==    at 0x48BD858: malloc (vg_replace_malloc.c:447)
==602725==    by 0x40387DD: wsnode_quoteremoval (wordsplit.c:651)
==602725==    by 0x4039CFD: wordsplit_process_list (wordsplit.c:2390)
==602725==    by 0x403A562: wordsplit_run.constprop.0 (wordsplit.c:2434)
==602725==    by 0x400BFFA: parse_default_options (tar.c:2256)
==602725==    by 0x400BFFA: decode_options (tar.c:2378)
==602725==    by 0x400BFFA: main (tar.c:2792)
==602725== 
==602725== 9 bytes in 2 blocks are definitely lost in loss record 5 of 16
==602725==    at 0x48BD858: malloc (vg_replace_malloc.c:447)
==602725==    by 0x403A1FB: wordsplit_finish (wordsplit.c:836)
==602725==    by 0x400BFFA: parse_default_options (tar.c:2256)
==602725==    by 0x400BFFA: decode_options (tar.c:2378)
==602725==    by 0x400BFFA: main (tar.c:2792)
==602725== 
==602725== 16 bytes in 1 blocks are still reachable in loss record 6 of 16
==602725==    at 0x48C4E43: calloc (vg_replace_malloc.c:1678)
==602725==    by 0x40516F1: xcalloc (xmalloc.c:298)
==602725==    by 0x40516F1: xzalloc (xmalloc.c:283)
==602725==    by 0x400BEF9: decode_options (tar.c:2297)
==602725==    by 0x400BEF9: main (tar.c:2792)
==602725== 
==602725== 17 bytes in 1 blocks are still reachable in loss record 7 of 16
==602725==    at 0x48BD858: malloc (vg_replace_malloc.c:447)
==602725==    by 0x405185D: xmalloc (xmalloc.c:45)
==602725==    by 0x405185D: xmemdup (xmalloc.c:314)
==602725==    by 0x405185D: xstrdup (xmalloc.c:339)
==602725==    by 0x402644F: assign_string (misc.c:58)
==602725==    by 0x401E7A6: xheader_xhdr_name (xheader.c:393)
==602725==    by 0x4014297: write_extended.part.0 (create.c:713)
==602725==    by 0x4014896: write_extended (create.c:699)
==602725==    by 0x4014896: finish_header (create.c:1024)
==602725==    by 0x40157AF: dump_regular_file (create.c:1058)
==602725==    by 0x40165E2: dump_file0 (create.c:1773)
==602725==    by 0x4017589: dump_file (create.c:1968)
==602725==    by 0x4017589: create_archive (create.c:1412)
==602725==    by 0x400CD90: main (tar.c:2818)
==602725== 
==602725== 70 (64 direct, 6 indirect) bytes in 1 blocks are definitely lost in loss record 8 of 16
==602725==    at 0x48BD858: malloc (vg_replace_malloc.c:447)
==602725==    by 0x40512CC: xmalloc (xmalloc.c:45)
==602725==    by 0x400C46E: decode_options (tar.c:2340)
==602725==    by 0x400C46E: main (tar.c:2792)
==602725== 
==602725== 80 bytes in 1 blocks are still reachable in loss record 9 of 16
==602725==    at 0x48BD858: malloc (vg_replace_malloc.c:447)
==602725==    by 0x40512CC: xmalloc (xmalloc.c:45)
==602725==    by 0x400BE43: main (tar.c:2781)
==602725== 
==602725== 80 bytes in 1 blocks are still reachable in loss record 10 of 16
==602725==    at 0x48BD858: malloc (vg_replace_malloc.c:447)
==602725==    by 0x4047846: hash_initialize (hash.c:523)
==602725==    by 0x401411B: file_count_links (create.c:1530)
==602725==    by 0x401411B: file_count_links (create.c:1508)
==602725==    by 0x4016A58: dump_file0 (create.c:1779)
==602725==    by 0x4017589: dump_file (create.c:1968)
==602725==    by 0x4017589: create_archive (create.c:1412)
==602725==    by 0x400CD90: main (tar.c:2818)
==602725== 
==602725== 89 (80 direct, 9 indirect) bytes in 2 blocks are definitely lost in loss record 11 of 16
==602725==    at 0x48C4E43: calloc (vg_replace_malloc.c:1678)
==602725==    by 0x403959D: wsnode_new (wordsplit.c:422)
==602725==    by 0x403959D: wordsplit_add_segm (wordsplit.c:523)
==602725==    by 0x4039854: scan_word (wordsplit.c:2062)
==602725==    by 0x4039C7C: wordsplit_process_list (wordsplit.c:2358)
==602725==    by 0x403A562: wordsplit_run.constprop.0 (wordsplit.c:2434)
==602725==    by 0x400BFFA: parse_default_options (tar.c:2256)
==602725==    by 0x400BFFA: decode_options (tar.c:2378)
==602725==    by 0x400BFFA: main (tar.c:2792)
==602725== 
==602725== 102 bytes in 1 blocks are still reachable in loss record 12 of 16
==602725==    at 0x48BD858: malloc (vg_replace_malloc.c:447)
==602725==    by 0x40512CC: xmalloc (xmalloc.c:45)
==602725==    by 0x4029881: name_init (names.c:869)
==602725==    by 0x400C94C: main (tar.c:2794)
==602725== 
==602725== 120 bytes in 3 blocks are still reachable in loss record 13 of 16
==602725==    at 0x48BD858: malloc (vg_replace_malloc.c:447)
==602725==    by 0x40512CC: xmalloc (xmalloc.c:45)
==602725==    by 0x401407E: file_count_links (create.c:1522)
==602725==    by 0x401407E: file_count_links (create.c:1508)
==602725==    by 0x4016A58: dump_file0 (create.c:1779)
==602725==    by 0x4017589: dump_file (create.c:1968)
==602725==    by 0x4017589: create_archive (create.c:1412)
==602725==    by 0x400CD90: main (tar.c:2818)
==602725== 
==602725== 176 bytes in 1 blocks are still reachable in loss record 14 of 16
==602725==    at 0x48C4E43: calloc (vg_replace_malloc.c:1678)
==602725==    by 0x404789C: hash_initialize (hash.c:544)
==602725==    by 0x401411B: file_count_links (create.c:1530)
==602725==    by 0x401411B: file_count_links (create.c:1508)
==602725==    by 0x4016A58: dump_file0 (create.c:1779)
==602725==    by 0x4017589: dump_file (create.c:1968)
==602725==    by 0x4017589: create_archive (create.c:1412)
==602725==    by 0x400CD90: main (tar.c:2818)
==602725== 
==602725== 256 bytes in 1 blocks are still reachable in loss record 15 of 16
==602725==    at 0x48BD858: malloc (vg_replace_malloc.c:447)
==602725==    by 0x40512CC: xmalloc (xmalloc.c:45)
==602725==    by 0x401D274: xattr_encode_keyword (xheader.c:833)
==602725==    by 0x401D274: xheader_print_n (xheader.c:876)
==602725==    by 0x401D4FB: xheader_print (xheader.c:899)
==602725==    by 0x401D4FB: code_time (xheader.c:1043)
==602725==    by 0x401D4FB: mtime_coder (xheader.c:1232)
==602725==    by 0x401527F: start_header (create.c:852)
==602725==    by 0x4015798: dump_regular_file (create.c:1050)
==602725==    by 0x40165E2: dump_file0 (create.c:1773)
==602725==    by 0x4017589: dump_file (create.c:1968)
==602725==    by 0x4017589: create_archive (create.c:1412)
==602725==    by 0x400CD90: main (tar.c:2818)
==602725== 
==602725== 4,064 bytes in 1 blocks are still reachable in loss record 16 of 16
==602725==    at 0x48BD858: malloc (vg_replace_malloc.c:447)
==602725==    by 0x40512CC: xmalloc (xmalloc.c:45)
==602725==    by 0x404A07D: call_chunkfun (obstack.c:88)
==602725==    by 0x404A07D: _obstack_begin_worker.isra.0 (obstack.c:135)
==602725==    by 0x404A0A8: _obstack_begin (obstack.c:157)
==602725==    by 0x4032C57: _transform_name_to_obstack (transform.c:592)
==602725==    by 0x4032C57: transform_name_fp (transform.c:614)
==602725==    by 0x4016444: dump_file0 (create.c:1657)
==602725==    by 0x4017589: dump_file (create.c:1968)
==602725==    by 0x4017589: create_archive (create.c:1412)
==602725==    by 0x400CD90: main (tar.c:2818)
==602725== 
==602725== LEAK SUMMARY:
==602725==    definitely lost: 153 bytes in 5 blocks
==602725==    indirectly lost: 15 bytes in 4 blocks
==602725==      possibly lost: 0 bytes in 0 blocks
==602725==    still reachable: 4,921 bytes in 13 blocks
==602725==         suppressed: 0 bytes in 0 blocks
==602725== 
==602725== For lists of detected and suppressed errors, rerun with: -s
==602725== ERROR SUMMARY: 3 errors from 3 contexts (suppressed: 0 from 0)
