==603073== Memcheck, a memory error detector
==603073== Copyright (C) 2002-2024, and GNU GPL'd, by Julian Seward et al.
==603073== Using Valgrind-3.26.0 and LibVEX; rerun with -h for copyright info
==603073== Command: tar cf archive ./file.a ./file.b ./file.c
==603073== Parent PID: 603068
==603073== 
==603073== 
==603073== FILE DESCRIPTORS: 1 open (1 inherited) at exit.
==603073== 
==603073== HEAP SUMMARY:
==603073==     in use at exit: 4,812 bytes in 20 blocks
==603073==   total heap usage: 75 allocs, 55 frees, 56,963 bytes allocated
==603073== 
==603073== 5 bytes in 1 blocks are still reachable in loss record 1 of 14
==603073==    at 0x48BD858: malloc (vg_replace_malloc.c:447)
==603073==    by 0x405185D: xmalloc (xmalloc.c:45)
==603073==    by 0x405185D: xmemdup (xmalloc.c:314)
==603073==    by 0x405185D: xstrdup (xmalloc.c:339)
==603073==    by 0x402644F: assign_string (misc.c:58)
==603073==    by 0x4029612: uid_to_uname (names.c:490)
==603073==    by 0x40155F3: start_header (create.c:931)
==603073==    by 0x4015798: dump_regular_file (create.c:1050)
==603073==    by 0x40165E2: dump_file0 (create.c:1773)
==603073==    by 0x4017589: dump_file (create.c:1968)
==603073==    by 0x4017589: create_archive (create.c:1412)
==603073==    by 0x400CD90: main (tar.c:2818)
==603073== 
==603073== 5 bytes in 1 blocks are still reachable in loss record 2 of 14
==603073==    at 0x48BD858: malloc (vg_replace_malloc.c:447)
==603073==    by 0x405185D: xmalloc (xmalloc.c:45)
==603073==    by 0x405185D: xmemdup (xmalloc.c:314)
==603073==    by 0x405185D: xstrdup (xmalloc.c:339)
==603073==    by 0x402644F: assign_string (misc.c:58)
==603073==    by 0x40296A2: gid_to_gname (names.c:520)
==603073==    by 0x40155DB: start_header (create.c:936)
==603073==    by 0x4015798: dump_regular_file (create.c:1050)
==603073==    by 0x40165E2: dump_file0 (create.c:1773)
==603073==    by 0x4017589: dump_file (create.c:1968)
==603073==    by 0x4017589: create_archive (create.c:1412)
==603073==    by 0x400CD90: main (tar.c:2818)
==603073== 
==603073== 6 bytes in 2 blocks are indirectly lost in loss record 3 of 14
==603073==    at 0x48BD858: malloc (vg_replace_malloc.c:447)
==603073==    by 0x405185D: xmalloc (xmalloc.c:45)
==603073==    by 0x405185D: xmemdup (xmalloc.c:314)
==603073==    by 0x405185D: xstrdup (xmalloc.c:339)
==603073==    by 0x400C4F1: decode_options (tar.c:2353)
==603073==    by 0x400C4F1: main (tar.c:2792)
==603073== 
==603073== 7 bytes in 2 blocks are indirectly lost in loss record 4 of 14
==603073==    at 0x48BD858: malloc (vg_replace_malloc.c:447)
==603073==    by 0x40387DD: wsnode_quoteremoval (wordsplit.c:651)
==603073==    by 0x4039CFD: wordsplit_process_list (wordsplit.c:2390)
==603073==    by 0x403A562: wordsplit_run.constprop.0 (wordsplit.c:2434)
==603073==    by 0x400BFFA: parse_default_options (tar.c:2256)
==603073==    by 0x400BFFA: decode_options (tar.c:2378)
==603073==    by 0x400BFFA: main (tar.c:2792)
==603073== 
==603073== 7 bytes in 2 blocks are definitely lost in loss record 5 of 14
==603073==    at 0x48BD858: malloc (vg_replace_malloc.c:447)
==603073==    by 0x403A1FB: wordsplit_finish (wordsplit.c:836)
==603073==    by 0x400BFFA: parse_default_options (tar.c:2256)
==603073==    by 0x400BFFA: decode_options (tar.c:2378)
==603073==    by 0x400BFFA: main (tar.c:2792)
==603073== 
==603073== 16 bytes in 1 blocks are still reachable in loss record 6 of 14
==603073==    at 0x48C4E43: calloc (vg_replace_malloc.c:1678)
==603073==    by 0x40516F1: xcalloc (xmalloc.c:298)
==603073==    by 0x40516F1: xzalloc (xmalloc.c:283)
==603073==    by 0x400BEF9: decode_options (tar.c:2297)
==603073==    by 0x400BEF9: main (tar.c:2792)
==603073== 
==603073== 70 (64 direct, 6 indirect) bytes in 1 blocks are definitely lost in loss record 7 of 14
==603073==    at 0x48BD858: malloc (vg_replace_malloc.c:447)
==603073==    by 0x40512CC: xmalloc (xmalloc.c:45)
==603073==    by 0x400C46E: decode_options (tar.c:2340)
==603073==    by 0x400C46E: main (tar.c:2792)
==603073== 
==603073== 80 bytes in 1 blocks are still reachable in loss record 8 of 14
==603073==    at 0x48BD858: malloc (vg_replace_malloc.c:447)
==603073==    by 0x40512CC: xmalloc (xmalloc.c:45)
==603073==    by 0x400BE43: main (tar.c:2781)
==603073== 
==603073== 80 bytes in 1 blocks are still reachable in loss record 9 of 14
==603073==    at 0x48BD858: malloc (vg_replace_malloc.c:447)
==603073==    by 0x4047846: hash_initialize (hash.c:523)
==603073==    by 0x401411B: file_count_links (create.c:1530)
==603073==    by 0x401411B: file_count_links (create.c:1508)
==603073==    by 0x4016A58: dump_file0 (create.c:1779)
==603073==    by 0x4017589: dump_file (create.c:1968)
==603073==    by 0x4017589: create_archive (create.c:1412)
==603073==    by 0x400CD90: main (tar.c:2818)
==603073== 
==603073== 87 (80 direct, 7 indirect) bytes in 2 blocks are definitely lost in loss record 10 of 14
==603073==    at 0x48C4E43: calloc (vg_replace_malloc.c:1678)
==603073==    by 0x403959D: wsnode_new (wordsplit.c:422)
==603073==    by 0x403959D: wordsplit_add_segm (wordsplit.c:523)
==603073==    by 0x4039854: scan_word (wordsplit.c:2062)
==603073==    by 0x4039C7C: wordsplit_process_list (wordsplit.c:2358)
==603073==    by 0x403A562: wordsplit_run.constprop.0 (wordsplit.c:2434)
==603073==    by 0x400BFFA: parse_default_options (tar.c:2256)
==603073==    by 0x400BFFA: decode_options (tar.c:2378)
==603073==    by 0x400BFFA: main (tar.c:2792)
==603073== 
==603073== 102 bytes in 1 blocks are still reachable in loss record 11 of 14
==603073==    at 0x48BD858: malloc (vg_replace_malloc.c:447)
==603073==    by 0x40512CC: xmalloc (xmalloc.c:45)
==603073==    by 0x4029881: name_init (names.c:869)
==603073==    by 0x400C94C: main (tar.c:2794)
==603073== 
==603073== 120 bytes in 3 blocks are still reachable in loss record 12 of 14
==603073==    at 0x48BD858: malloc (vg_replace_malloc.c:447)
==603073==    by 0x40512CC: xmalloc (xmalloc.c:45)
==603073==    by 0x401407E: file_count_links (create.c:1522)
==603073==    by 0x401407E: file_count_links (create.c:1508)
==603073==    by 0x4016A58: dump_file0 (create.c:1779)
==603073==    by 0x4017589: dump_file (create.c:1968)
==603073==    by 0x4017589: create_archive (create.c:1412)
==603073==    by 0x400CD90: main (tar.c:2818)
==603073== 
==603073== 176 bytes in 1 blocks are still reachable in loss record 13 of 14
==603073==    at 0x48C4E43: calloc (vg_replace_malloc.c:1678)
==603073==    by 0x404789C: hash_initialize (hash.c:544)
==603073==    by 0x401411B: file_count_links (create.c:1530)
==603073==    by 0x401411B: file_count_links (create.c:1508)
==603073==    by 0x4016A58: dump_file0 (create.c:1779)
==603073==    by 0x4017589: dump_file (create.c:1968)
==603073==    by 0x4017589: create_archive (create.c:1412)
==603073==    by 0x400CD90: main (tar.c:2818)
==603073== 
==603073== 4,064 bytes in 1 blocks are still reachable in loss record 14 of 14
==603073==    at 0x48BD858: malloc (vg_replace_malloc.c:447)
==603073==    by 0x40512CC: xmalloc (xmalloc.c:45)
==603073==    by 0x404A07D: call_chunkfun (obstack.c:88)
==603073==    by 0x404A07D: _obstack_begin_worker.isra.0 (obstack.c:135)
==603073==    by 0x404A0A8: _obstack_begin (obstack.c:157)
==603073==    by 0x4032C57: _transform_name_to_obstack (transform.c:592)
==603073==    by 0x4032C57: transform_name_fp (transform.c:614)
==603073==    by 0x4016444: dump_file0 (create.c:1657)
==603073==    by 0x4017589: dump_file (create.c:1968)
==603073==    by 0x4017589: create_archive (create.c:1412)
==603073==    by 0x400CD90: main (tar.c:2818)
==603073== 
==603073== LEAK SUMMARY:
==603073==    definitely lost: 151 bytes in 5 blocks
==603073==    indirectly lost: 13 bytes in 4 blocks
==603073==      possibly lost: 0 bytes in 0 blocks
==603073==    still reachable: 4,648 bytes in 11 blocks
==603073==         suppressed: 0 bytes in 0 blocks
==603073== 
==603073== For lists of detected and suppressed errors, rerun with: -s
==603073== ERROR SUMMARY: 3 errors from 3 contexts (suppressed: 0 from 0)
