==603427== Memcheck, a memory error detector
==603427== Copyright (C) 2002-2024, and GNU GPL'd, by Julian Seward et al.
==603427== Using Valgrind-3.26.0 and LibVEX; rerun with -h for copyright info
==603427== Command: tar ufv archive --wildcards ./file.* ./foo.*
==603427== Parent PID: 603068
==603427== 
==603427== 
==603427== FILE DESCRIPTORS: 1 open (1 inherited) at exit.
==603427== 
==603427== HEAP SUMMARY:
==603427==     in use at exit: 4,751 bytes in 20 blocks
==603427==   total heap usage: 61 allocs, 41 frees, 35,966 bytes allocated
==603427== 
==603427== 7 bytes in 2 blocks are indirectly lost in loss record 1 of 14
==603427==    at 0x48BD858: malloc (vg_replace_malloc.c:447)
==603427==    by 0x40387DD: wsnode_quoteremoval (wordsplit.c:651)
==603427==    by 0x4039CFD: wordsplit_process_list (wordsplit.c:2390)
==603427==    by 0x403A562: wordsplit_run.constprop.0 (wordsplit.c:2434)
==603427==    by 0x400BFFA: parse_default_options (tar.c:2256)
==603427==    by 0x400BFFA: decode_options (tar.c:2378)
==603427==    by 0x400BFFA: main (tar.c:2792)
==603427== 
==603427== 7 bytes in 2 blocks are definitely lost in loss record 2 of 14
==603427==    at 0x48BD858: malloc (vg_replace_malloc.c:447)
==603427==    by 0x403A1FB: wordsplit_finish (wordsplit.c:836)
==603427==    by 0x400BFFA: parse_default_options (tar.c:2256)
==603427==    by 0x400BFFA: decode_options (tar.c:2378)
==603427==    by 0x400BFFA: main (tar.c:2792)
==603427== 
==603427== 9 bytes in 1 blocks are indirectly lost in loss record 3 of 14
==603427==    at 0x48BD858: malloc (vg_replace_malloc.c:447)
==603427==    by 0x405185D: xmalloc (xmalloc.c:45)
==603427==    by 0x405185D: xmemdup (xmalloc.c:314)
==603427==    by 0x405185D: xstrdup (xmalloc.c:339)
==603427==    by 0x402994B: make_name (names.c:599)
==603427==    by 0x402994B: addname (names.c:1233)
==603427==    by 0x4033662: update_archive (update.c:170)
==603427==    by 0x400CC4C: main (tar.c:2810)
==603427== 
==603427== 9 bytes in 3 blocks are indirectly lost in loss record 4 of 14
==603427==    at 0x48BD858: malloc (vg_replace_malloc.c:447)
==603427==    by 0x405185D: xmalloc (xmalloc.c:45)
==603427==    by 0x405185D: xmemdup (xmalloc.c:314)
==603427==    by 0x405185D: xstrdup (xmalloc.c:339)
==603427==    by 0x400C4F1: decode_options (tar.c:2353)
==603427==    by 0x400C4F1: main (tar.c:2792)
==603427== 
==603427== 16 bytes in 1 blocks are still reachable in loss record 5 of 14
==603427==    at 0x48C4E43: calloc (vg_replace_malloc.c:1678)
==603427==    by 0x40516F1: xcalloc (xmalloc.c:298)
==603427==    by 0x40516F1: xzalloc (xmalloc.c:283)
==603427==    by 0x400BEF9: decode_options (tar.c:2297)
==603427==    by 0x400BEF9: main (tar.c:2792)
==603427== 
==603427== 17 bytes in 2 blocks are indirectly lost in loss record 6 of 14
==603427==    at 0x48BD858: malloc (vg_replace_malloc.c:447)
==603427==    by 0x405185D: xmalloc (xmalloc.c:45)
==603427==    by 0x405185D: xmemdup (xmalloc.c:314)
==603427==    by 0x405185D: xstrdup (xmalloc.c:339)
==603427==    by 0x402994B: make_name (names.c:599)
==603427==    by 0x402994B: addname (names.c:1233)
==603427==    by 0x4029AB7: name_gather (names.c:1218)
==603427==    by 0x403322C: update_archive (update.c:111)
==603427==    by 0x400CC4C: main (tar.c:2810)
==603427== 
==603427== 80 bytes in 1 blocks are still reachable in loss record 7 of 14
==603427==    at 0x48BD858: malloc (vg_replace_malloc.c:447)
==603427==    by 0x40512CC: xmalloc (xmalloc.c:45)
==603427==    by 0x400BE43: main (tar.c:2781)
==603427== 
==603427== 81 (72 direct, 9 indirect) bytes in 1 blocks are definitely lost in loss record 8 of 14
==603427==    at 0x48BD858: malloc (vg_replace_malloc.c:447)
==603427==    by 0x40512CC: xmalloc (xmalloc.c:45)
==603427==    by 0x400C46E: decode_options (tar.c:2340)
==603427==    by 0x400C46E: main (tar.c:2792)
==603427== 
==603427== 87 (80 direct, 7 indirect) bytes in 2 blocks are definitely lost in loss record 9 of 14
==603427==    at 0x48C4E43: calloc (vg_replace_malloc.c:1678)
==603427==    by 0x403959D: wsnode_new (wordsplit.c:422)
==603427==    by 0x403959D: wordsplit_add_segm (wordsplit.c:523)
==603427==    by 0x4039854: scan_word (wordsplit.c:2062)
==603427==    by 0x4039C7C: wordsplit_process_list (wordsplit.c:2358)
==603427==    by 0x403A562: wordsplit_run.constprop.0 (wordsplit.c:2434)
==603427==    by 0x400BFFA: parse_default_options (tar.c:2256)
==603427==    by 0x400BFFA: decode_options (tar.c:2378)
==603427==    by 0x400BFFA: main (tar.c:2792)
==603427== 
==603427== 96 bytes in 1 blocks are indirectly lost in loss record 10 of 14
==603427==    at 0x48C4E43: calloc (vg_replace_malloc.c:1678)
==603427==    by 0x40516F1: xcalloc (xmalloc.c:298)
==603427==    by 0x40516F1: xzalloc (xmalloc.c:283)
==603427==    by 0x4029932: make_name (names.c:596)
==603427==    by 0x4029932: addname (names.c:1233)
==603427==    by 0x4029AB7: name_gather (names.c:1218)
==603427==    by 0x403322C: update_archive (update.c:111)
==603427==    by 0x400CC4C: main (tar.c:2810)
==603427== 
==603427== 102 bytes in 1 blocks are still reachable in loss record 11 of 14
==603427==    at 0x48BD858: malloc (vg_replace_malloc.c:447)
==603427==    by 0x40512CC: xmalloc (xmalloc.c:45)
==603427==    by 0x4029881: name_init (names.c:869)
==603427==    by 0x400C94C: main (tar.c:2794)
==603427== 
==603427== 105 (96 direct, 9 indirect) bytes in 1 blocks are definitely lost in loss record 12 of 14
==603427==    at 0x48C4E43: calloc (vg_replace_malloc.c:1678)
==603427==    by 0x40516F1: xcalloc (xmalloc.c:298)
==603427==    by 0x40516F1: xzalloc (xmalloc.c:283)
==603427==    by 0x4029932: make_name (names.c:596)
==603427==    by 0x4029932: addname (names.c:1233)
==603427==    by 0x4033662: update_archive (update.c:170)
==603427==    by 0x400CC4C: main (tar.c:2810)
==603427== 
==603427== 209 (96 direct, 113 indirect) bytes in 1 blocks are definitely lost in loss record 13 of 14
==603427==    at 0x48C4E43: calloc (vg_replace_malloc.c:1678)
==603427==    by 0x40516F1: xcalloc (xmalloc.c:298)
==603427==    by 0x40516F1: xzalloc (xmalloc.c:283)
==603427==    by 0x4029932: make_name (names.c:596)
==603427==    by 0x4029932: addname (names.c:1233)
==603427==    by 0x4029AB7: name_gather (names.c:1218)
==603427==    by 0x403322C: update_archive (update.c:111)
==603427==    by 0x400CC4C: main (tar.c:2810)
==603427== 
==603427== 4,064 bytes in 1 blocks are still reachable in loss record 14 of 14
==603427==    at 0x48BD858: malloc (vg_replace_malloc.c:447)
==603427==    by 0x40512CC: xmalloc (xmalloc.c:45)
==603427==    by 0x404A07D: call_chunkfun (obstack.c:88)
==603427==    by 0x404A07D: _obstack_begin_worker.isra.0 (obstack.c:135)
==603427==    by 0x404A0A8: _obstack_begin (obstack.c:157)
==603427==    by 0x4032C57: _transform_name_to_obstack (transform.c:592)
==603427==    by 0x4032C57: transform_name_fp (transform.c:614)
==603427==    by 0x4023670: transform_member_name (list.c:114)
==603427==    by 0x4023670: transform_stat_info.part.0 (list.c:150)
==603427==    by 0x403343D: update_archive (update.c:134)
==603427==    by 0x400CC4C: main (tar.c:2810)
==603427== 
==603427== LEAK SUMMARY:
==603427==    definitely lost: 351 bytes in 7 blocks
==603427==    indirectly lost: 138 bytes in 9 blocks
==603427==      possibly lost: 0 bytes in 0 blocks
==603427==    still reachable: 4,262 bytes in 4 blocks
==603427==         suppressed: 0 bytes in 0 blocks
==603427== 
==603427== For lists of detected and suppressed errors, rerun with: -s
==603427== ERROR SUMMARY: 5 errors from 5 contexts (suppressed: 0 from 0)
