==669224== Memcheck, a memory error detector
==669224== Copyright (C) 2002-2024, and GNU GPL'd, by Julian Seward et al.
==669224== Using Valgrind-3.26.0 and LibVEX; rerun with -h for copyright info
==669224== Command: tar cf archive --anchored --exclude-from=exclfile testdir
==669224== Parent PID: 669124
==669224== 
==669224== 
==669224== FILE DESCRIPTORS: 1 open (1 inherited) at exit.
==669224== 
==669224== HEAP SUMMARY:
==669224==     in use at exit: 55,912,761 bytes in 1,486,421 blocks
==669224==   total heap usage: 1,486,647 allocs, 226 frees, 154,613,216 bytes allocated
==669224== 
==669224== 5 bytes in 1 blocks are still reachable in loss record 1 of 19
==669224==    at 0x48BD858: malloc (vg_replace_malloc.c:447)
==669224==    by 0x405185D: xmalloc (xmalloc.c:45)
==669224==    by 0x405185D: xmemdup (xmalloc.c:314)
==669224==    by 0x405185D: xstrdup (xmalloc.c:339)
==669224==    by 0x402644F: assign_string (misc.c:58)
==669224==    by 0x4029612: uid_to_uname (names.c:490)
==669224==    by 0x40155F3: start_header (create.c:931)
==669224==    by 0x40167F9: dump_dir0 (create.c:1123)
==669224==    by 0x40167F9: dump_dir (create.c:1320)
==669224==    by 0x40167F9: dump_file0 (create.c:1757)
==669224==    by 0x4017589: dump_file (create.c:1968)
==669224==    by 0x4017589: create_archive (create.c:1412)
==669224==    by 0x400CD90: main (tar.c:2818)
==669224== 
==669224== 5 bytes in 1 blocks are still reachable in loss record 2 of 19
==669224==    at 0x48BD858: malloc (vg_replace_malloc.c:447)
==669224==    by 0x405185D: xmalloc (xmalloc.c:45)
==669224==    by 0x405185D: xmemdup (xmalloc.c:314)
==669224==    by 0x405185D: xstrdup (xmalloc.c:339)
==669224==    by 0x402644F: assign_string (misc.c:58)
==669224==    by 0x40296A2: gid_to_gname (names.c:520)
==669224==    by 0x40155DB: start_header (create.c:936)
==669224==    by 0x40167F9: dump_dir0 (create.c:1123)
==669224==    by 0x40167F9: dump_dir (create.c:1320)
==669224==    by 0x40167F9: dump_file0 (create.c:1757)
==669224==    by 0x4017589: dump_file (create.c:1968)
==669224==    by 0x4017589: create_archive (create.c:1412)
==669224==    by 0x400CD90: main (tar.c:2818)
==669224== 
==669224== 6 bytes in 2 blocks are indirectly lost in loss record 3 of 19
==669224==    at 0x48BD858: malloc (vg_replace_malloc.c:447)
==669224==    by 0x405185D: xmalloc (xmalloc.c:45)
==669224==    by 0x405185D: xmemdup (xmalloc.c:314)
==669224==    by 0x405185D: xstrdup (xmalloc.c:339)
==669224==    by 0x400C4F1: decode_options (tar.c:2353)
==669224==    by 0x400C4F1: main (tar.c:2792)
==669224== 
==669224== 9 bytes in 2 blocks are indirectly lost in loss record 4 of 19
==669224==    at 0x48BD858: malloc (vg_replace_malloc.c:447)
==669224==    by 0x40387DD: wsnode_quoteremoval (wordsplit.c:651)
==669224==    by 0x4039CFD: wordsplit_process_list (wordsplit.c:2390)
==669224==    by 0x403A562: wordsplit_run.constprop.0 (wordsplit.c:2434)
==669224==    by 0x400BFFA: parse_default_options (tar.c:2256)
==669224==    by 0x400BFFA: decode_options (tar.c:2378)
==669224==    by 0x400BFFA: main (tar.c:2792)
==669224== 
==669224== 9 bytes in 2 blocks are definitely lost in loss record 5 of 19
==669224==    at 0x48BD858: malloc (vg_replace_malloc.c:447)
==669224==    by 0x403A1FB: wordsplit_finish (wordsplit.c:836)
==669224==    by 0x400BFFA: parse_default_options (tar.c:2256)
==669224==    by 0x400BFFA: decode_options (tar.c:2378)
==669224==    by 0x400BFFA: main (tar.c:2792)
==669224== 
==669224== 16 bytes in 1 blocks are still reachable in loss record 6 of 19
==669224==    at 0x48C4E43: calloc (vg_replace_malloc.c:1678)
==669224==    by 0x40516F1: xcalloc (xmalloc.c:298)
==669224==    by 0x40516F1: xzalloc (xmalloc.c:283)
==669224==    by 0x400BEF9: decode_options (tar.c:2297)
==669224==    by 0x400BEF9: main (tar.c:2792)
==669224== 
==669224== 16 bytes in 1 blocks are still reachable in loss record 7 of 19
==669224==    at 0x48BD858: malloc (vg_replace_malloc.c:447)
==669224==    by 0x40512CC: xmalloc (xmalloc.c:45)
==669224==    by 0x4044395: exclude_add_pattern_buffer (exclude.c:131)
==669224==    by 0x4044395: add_exclude_fp (exclude.c:633)
==669224==    by 0x40444EC: add_exclude_file (exclude.c:680)
==669224==    by 0x4029256: handle_file_selection_option (names.c:385)
==669224==    by 0x4029256: name_next_elt (names.c:1138)
==669224==    by 0x40298EC: name_next (names.c:1152)
==669224==    by 0x401750F: create_archive (create.c:1410)
==669224==    by 0x400CD90: main (tar.c:2818)
==669224== 
==669224== 40 bytes in 1 blocks are still reachable in loss record 8 of 19
==669224==    at 0x48C4E43: calloc (vg_replace_malloc.c:1678)
==669224==    by 0x40516F1: xcalloc (xmalloc.c:298)
==669224==    by 0x40516F1: xzalloc (xmalloc.c:283)
==669224==    by 0x4044031: new_exclude_segment (exclude.c:254)
==669224==    by 0x4044031: add_exclude (exclude.c:587)
==669224==    by 0x404442C: add_exclude_fp (exclude.c:652)
==669224==    by 0x40444EC: add_exclude_file (exclude.c:680)
==669224==    by 0x4029256: handle_file_selection_option (names.c:385)
==669224==    by 0x4029256: name_next_elt (names.c:1138)
==669224==    by 0x40298EC: name_next (names.c:1152)
==669224==    by 0x401750F: create_archive (create.c:1410)
==669224==    by 0x400CD90: main (tar.c:2818)
==669224== 
==669224== 70 (64 direct, 6 indirect) bytes in 1 blocks are definitely lost in loss record 9 of 19
==669224==    at 0x48BD858: malloc (vg_replace_malloc.c:447)
==669224==    by 0x40512CC: xmalloc (xmalloc.c:45)
==669224==    by 0x400C46E: decode_options (tar.c:2340)
==669224==    by 0x400C46E: main (tar.c:2792)
==669224== 
==669224== 80 bytes in 1 blocks are still reachable in loss record 10 of 19
==669224==    at 0x48BD858: malloc (vg_replace_malloc.c:447)
==669224==    by 0x40512CC: xmalloc (xmalloc.c:45)
==669224==    by 0x400BE43: main (tar.c:2781)
==669224== 
==669224== 80 bytes in 1 blocks are still reachable in loss record 11 of 19
==669224==    at 0x48BD858: malloc (vg_replace_malloc.c:447)
==669224==    by 0x4047846: hash_initialize (hash.c:523)
==669224==    by 0x4044066: new_exclude_segment (exclude.c:263)
==669224==    by 0x4044066: add_exclude (exclude.c:587)
==669224==    by 0x404442C: add_exclude_fp (exclude.c:652)
==669224==    by 0x40444EC: add_exclude_file (exclude.c:680)
==669224==    by 0x4029256: handle_file_selection_option (names.c:385)
==669224==    by 0x4029256: name_next_elt (names.c:1138)
==669224==    by 0x40298EC: name_next (names.c:1152)
==669224==    by 0x401750F: create_archive (create.c:1410)
==669224==    by 0x400CD90: main (tar.c:2818)
==669224== 
==669224== 89 (80 direct, 9 indirect) bytes in 2 blocks are definitely lost in loss record 12 of 19
==669224==    at 0x48C4E43: calloc (vg_replace_malloc.c:1678)
==669224==    by 0x403959D: wsnode_new (wordsplit.c:422)
==669224==    by 0x403959D: wordsplit_add_segm (wordsplit.c:523)
==669224==    by 0x4039854: scan_word (wordsplit.c:2062)
==669224==    by 0x4039C7C: wordsplit_process_list (wordsplit.c:2358)
==669224==    by 0x403A562: wordsplit_run.constprop.0 (wordsplit.c:2434)
==669224==    by 0x400BFFA: parse_default_options (tar.c:2256)
==669224==    by 0x400BFFA: decode_options (tar.c:2378)
==669224==    by 0x400BFFA: main (tar.c:2792)
==669224== 
==669224== 102 bytes in 1 blocks are still reachable in loss record 13 of 19
==669224==    at 0x48BD858: malloc (vg_replace_malloc.c:447)
==669224==    by 0x40512CC: xmalloc (xmalloc.c:45)
==669224==    by 0x4029881: name_init (names.c:869)
==669224==    by 0x400C94C: main (tar.c:2794)
==669224== 
==669224== 2,800 bytes in 175 blocks are still reachable in loss record 14 of 19
==669224==    at 0x48BD858: malloc (vg_replace_malloc.c:447)
==669224==    by 0x4047293: allocate_entry (hash.c:674)
==669224==    by 0x4047293: allocate_entry (hash.c:660)
==669224==    by 0x4047293: transfer_entries (hash.c:822)
==669224==    by 0x4047B64: hash_rehash (hash.c:887)
==669224==    by 0x4047DD5: hash_insert_if_absent (hash.c:968)
==669224==    by 0x4047E61: hash_insert (hash.c:1008)
==669224==    by 0x404409E: add_exclude (exclude.c:593)
==669224==    by 0x404442C: add_exclude_fp (exclude.c:652)
==669224==    by 0x40444EC: add_exclude_file (exclude.c:680)
==669224==    by 0x4029256: handle_file_selection_option (names.c:385)
==669224==    by 0x4029256: name_next_elt (names.c:1138)
==669224==    by 0x40298EC: name_next (names.c:1152)
==669224==    by 0x401750F: create_archive (create.c:1410)
==669224==    by 0x400CD90: main (tar.c:2818)
==669224== 
==669224== 4,064 bytes in 1 blocks are still reachable in loss record 15 of 19
==669224==    at 0x48BD858: malloc (vg_replace_malloc.c:447)
==669224==    by 0x40512CC: xmalloc (xmalloc.c:45)
==669224==    by 0x404A07D: call_chunkfun (obstack.c:88)
==669224==    by 0x404A07D: _obstack_begin_worker.isra.0 (obstack.c:135)
==669224==    by 0x404A0A8: _obstack_begin (obstack.c:157)
==669224==    by 0x4032C57: _transform_name_to_obstack (transform.c:592)
==669224==    by 0x4032C57: transform_name_fp (transform.c:614)
==669224==    by 0x4016444: dump_file0 (create.c:1657)
==669224==    by 0x4017589: dump_file (create.c:1968)
==669224==    by 0x4017589: create_archive (create.c:1412)
==669224==    by 0x400CD90: main (tar.c:2818)
==669224== 
==669224== 7,779,792 bytes in 486,237 blocks are still reachable in loss record 16 of 19
==669224==    at 0x48BD858: malloc (vg_replace_malloc.c:447)
==669224==    by 0x4047E09: allocate_entry (hash.c:674)
==669224==    by 0x4047E09: allocate_entry (hash.c:660)
==669224==    by 0x4047E09: hash_insert_if_absent (hash.c:981)
==669224==    by 0x4047E61: hash_insert (hash.c:1008)
==669224==    by 0x404409E: add_exclude (exclude.c:593)
==669224==    by 0x404442C: add_exclude_fp (exclude.c:652)
==669224==    by 0x40444EC: add_exclude_file (exclude.c:680)
==669224==    by 0x4029256: handle_file_selection_option (names.c:385)
==669224==    by 0x4029256: name_next_elt (names.c:1138)
==669224==    by 0x40298EC: name_next (names.c:1152)
==669224==    by 0x401750F: create_archive (create.c:1410)
==669224==    by 0x400CD90: main (tar.c:2818)
==669224== 
==669224== 10,348,112 bytes in 1 blocks are still reachable in loss record 17 of 19
==669224==    at 0x48C4E43: calloc (vg_replace_malloc.c:1678)
==669224==    by 0x4047AF9: hash_rehash (hash.c:855)
==669224==    by 0x4047DD5: hash_insert_if_absent (hash.c:968)
==669224==    by 0x4047E61: hash_insert (hash.c:1008)
==669224==    by 0x404409E: add_exclude (exclude.c:593)
==669224==    by 0x404442C: add_exclude_fp (exclude.c:652)
==669224==    by 0x40444EC: add_exclude_file (exclude.c:680)
==669224==    by 0x4029256: handle_file_selection_option (names.c:385)
==669224==    by 0x4029256: name_next_elt (names.c:1138)
==669224==    by 0x40298EC: name_next (names.c:1152)
==669224==    by 0x401750F: create_archive (create.c:1410)
==669224==    by 0x400CD90: main (tar.c:2818)
==669224== 
==669224== 18,888,740 bytes in 999,989 blocks are still reachable in loss record 18 of 19
==669224==    at 0x48BD858: malloc (vg_replace_malloc.c:447)
==669224==    by 0x405185D: xmalloc (xmalloc.c:45)
==669224==    by 0x405185D: xmemdup (xmalloc.c:314)
==669224==    by 0x405185D: xstrdup (xmalloc.c:339)
==669224==    by 0x4044083: add_exclude (exclude.c:590)
==669224==    by 0x404442C: add_exclude_fp (exclude.c:652)
==669224==    by 0x40444EC: add_exclude_file (exclude.c:680)
==669224==    by 0x4029256: handle_file_selection_option (names.c:385)
==669224==    by 0x4029256: name_next_elt (names.c:1138)
==669224==    by 0x40298EC: name_next (names.c:1152)
==669224==    by 0x401750F: create_archive (create.c:1410)
==669224==    by 0x400CD90: main (tar.c:2818)
==669224== 
==669224== 18,888,741 bytes in 1 blocks are still reachable in loss record 19 of 19
==669224==    at 0x48C507F: realloc (vg_replace_malloc.c:1804)
==669224==    by 0x405136D: irealloc (ialloc.h:70)
==669224==    by 0x405136D: xirealloc (xmalloc.c:75)
==669224==    by 0x4044310: add_exclude_fp (exclude.c:629)
==669224==    by 0x40444EC: add_exclude_file (exclude.c:680)
==669224==    by 0x4029256: handle_file_selection_option (names.c:385)
==669224==    by 0x4029256: name_next_elt (names.c:1138)
==669224==    by 0x40298EC: name_next (names.c:1152)
==669224==    by 0x401750F: create_archive (create.c:1410)
==669224==    by 0x400CD90: main (tar.c:2818)
==669224== 
==669224== LEAK SUMMARY:
==669224==    definitely lost: 153 bytes in 5 blocks
==669224==    indirectly lost: 15 bytes in 4 blocks
==669224==      possibly lost: 0 bytes in 0 blocks
==669224==    still reachable: 55,912,593 bytes in 1,486,412 blocks
==669224==         suppressed: 0 bytes in 0 blocks
==669224== 
==669224== For lists of detected and suppressed errors, rerun with: -s
==669224== ERROR SUMMARY: 3 errors from 3 contexts (suppressed: 0 from 0)
