==685213== Memcheck, a memory error detector
==685213== Copyright (C) 2002-2024, and GNU GPL'd, by Julian Seward et al.
==685213== Using Valgrind-3.26.0 and LibVEX; rerun with -h for copyright info
==685213== Command: /tmp/rboxc-tar-behavior-0tv634_d/exec/tar
==685213== Parent PID: 683658
==685213== 
==685213== 
==685213== FILE DESCRIPTORS: 1 open (1 inherited) at exit.
==685213== 
==685213== HEAP SUMMARY:
==685213==     in use at exit: 198 bytes in 3 blocks
==685213==   total heap usage: 15 allocs, 12 frees, 8,278 bytes allocated
==685213== 
==685213== 16 bytes in 1 blocks are still reachable in loss record 1 of 3
==685213==    at 0x48C4E43: calloc (vg_replace_malloc.c:1678)
==685213==    by 0x40516F1: xcalloc (xmalloc.c:298)
==685213==    by 0x40516F1: xzalloc (xmalloc.c:283)
==685213==    by 0x400BEF9: decode_options (tar.c:2297)
==685213==    by 0x400BEF9: main (tar.c:2792)
==685213== 
==685213== 80 bytes in 1 blocks are still reachable in loss record 2 of 3
==685213==    at 0x48BD858: malloc (vg_replace_malloc.c:447)
==685213==    by 0x40512CC: xmalloc (xmalloc.c:45)
==685213==    by 0x400BE43: main (tar.c:2781)
==685213== 
==685213== 102 bytes in 1 blocks are still reachable in loss record 3 of 3
==685213==    at 0x48BD858: malloc (vg_replace_malloc.c:447)
==685213==    by 0x40512CC: xmalloc (xmalloc.c:45)
==685213==    by 0x4029881: name_init (names.c:869)
==685213==    by 0x400C94C: main (tar.c:2794)
==685213== 
==685213== LEAK SUMMARY:
==685213==    definitely lost: 0 bytes in 0 blocks
==685213==    indirectly lost: 0 bytes in 0 blocks
==685213==      possibly lost: 0 bytes in 0 blocks
==685213==    still reachable: 198 bytes in 3 blocks
==685213==         suppressed: 0 bytes in 0 blocks
==685213== 
==685213== For lists of detected and suppressed errors, rerun with: -s
==685213== ERROR SUMMARY: 0 errors from 0 contexts (suppressed: 0 from 0)
