==599485== Memcheck, a memory error detector
==599485== Copyright (C) 2002-2024, and GNU GPL'd, by Julian Seward et al.
==599485== Using Valgrind-3.26.0 and LibVEX; rerun with -h for copyright info
==599485== Command: tar -rvf foo.tar --remove-files foo
==599485== Parent PID: 599383
==599485== 
==599485== 
==599485== FILE DESCRIPTORS: 1 open (1 inherited) at exit.
==599485== 
==599485== HEAP SUMMARY:
==599485==     in use at exit: 4,762 bytes in 17 blocks
==599485==   total heap usage: 91 allocs, 74 frees, 94,008 bytes allocated
==599485== 
==599485== 4 bytes in 1 blocks are indirectly lost in loss record 1 of 14
==599485==    at 0x48BD858: malloc (vg_replace_malloc.c:447)
==599485==    by 0x405185D: xmalloc (xmalloc.c:45)
==599485==    by 0x405185D: xmemdup (xmalloc.c:314)
==599485==    by 0x405185D: xstrdup (xmalloc.c:339)
==599485==    by 0x402994B: make_name (names.c:599)
==599485==    by 0x402994B: addname (names.c:1233)
==599485==    by 0x4029AB7: name_gather (names.c:1218)
==599485==    by 0x403322C: update_archive (update.c:111)
==599485==    by 0x400CC4C: main (tar.c:2810)
==599485== 
==599485== 5 bytes in 1 blocks are still reachable in loss record 2 of 14
==599485==    at 0x48BD858: malloc (vg_replace_malloc.c:447)
==599485==    by 0x405185D: xmalloc (xmalloc.c:45)
==599485==    by 0x405185D: xmemdup (xmalloc.c:314)
==599485==    by 0x405185D: xstrdup (xmalloc.c:339)
==599485==    by 0x402644F: assign_string (misc.c:58)
==599485==    by 0x4029612: uid_to_uname (names.c:490)
==599485==    by 0x40155F3: start_header (create.c:931)
==599485==    by 0x40167F9: dump_dir0 (create.c:1123)
==599485==    by 0x40167F9: dump_dir (create.c:1320)
==599485==    by 0x40167F9: dump_file0 (create.c:1757)
==599485==    by 0x4015F1E: dump_file (create.c:1968)
==599485==    by 0x4033312: update_archive (update.c:229)
==599485==    by 0x400CC4C: main (tar.c:2810)
==599485== 
==599485== 5 bytes in 1 blocks are still reachable in loss record 3 of 14
==599485==    at 0x48BD858: malloc (vg_replace_malloc.c:447)
==599485==    by 0x405185D: xmalloc (xmalloc.c:45)
==599485==    by 0x405185D: xmemdup (xmalloc.c:314)
==599485==    by 0x405185D: xstrdup (xmalloc.c:339)
==599485==    by 0x402644F: assign_string (misc.c:58)
==599485==    by 0x40296A2: gid_to_gname (names.c:520)
==599485==    by 0x40155DB: start_header (create.c:936)
==599485==    by 0x40167F9: dump_dir0 (create.c:1123)
==599485==    by 0x40167F9: dump_dir (create.c:1320)
==599485==    by 0x40167F9: dump_file0 (create.c:1757)
==599485==    by 0x4015F1E: dump_file (create.c:1968)
==599485==    by 0x4033312: update_archive (update.c:229)
==599485==    by 0x400CC4C: main (tar.c:2810)
==599485== 
==599485== 7 bytes in 2 blocks are indirectly lost in loss record 4 of 14
==599485==    at 0x48BD858: malloc (vg_replace_malloc.c:447)
==599485==    by 0x40387DD: wsnode_quoteremoval (wordsplit.c:651)
==599485==    by 0x4039CFD: wordsplit_process_list (wordsplit.c:2390)
==599485==    by 0x403A562: wordsplit_run.constprop.0 (wordsplit.c:2434)
==599485==    by 0x400BFFA: parse_default_options (tar.c:2256)
==599485==    by 0x400BFFA: decode_options (tar.c:2378)
==599485==    by 0x400BFFA: main (tar.c:2792)
==599485== 
==599485== 7 bytes in 2 blocks are definitely lost in loss record 5 of 14
==599485==    at 0x48BD858: malloc (vg_replace_malloc.c:447)
==599485==    by 0x403A1FB: wordsplit_finish (wordsplit.c:836)
==599485==    by 0x400BFFA: parse_default_options (tar.c:2256)
==599485==    by 0x400BFFA: decode_options (tar.c:2378)
==599485==    by 0x400BFFA: main (tar.c:2792)
==599485== 
==599485== 16 bytes in 1 blocks are still reachable in loss record 6 of 14
==599485==    at 0x48C4E43: calloc (vg_replace_malloc.c:1678)
==599485==    by 0x40516F1: xcalloc (xmalloc.c:298)
==599485==    by 0x40516F1: xzalloc (xmalloc.c:283)
==599485==    by 0x400BEF9: decode_options (tar.c:2297)
==599485==    by 0x400BEF9: main (tar.c:2792)
==599485== 
==599485== 40 bytes in 1 blocks are still reachable in loss record 7 of 14
==599485==    at 0x48BD858: malloc (vg_replace_malloc.c:447)
==599485==    by 0x40512CC: xmalloc (xmalloc.c:45)
==599485==    by 0x401407E: file_count_links (create.c:1522)
==599485==    by 0x401407E: file_count_links (create.c:1508)
==599485==    by 0x4016A58: dump_file0 (create.c:1779)
==599485==    by 0x4015F1E: dump_file (create.c:1968)
==599485==    by 0x4017167: dump_dir0 (create.c:1227)
==599485==    by 0x4017167: dump_dir (create.c:1320)
==599485==    by 0x4017167: dump_file0 (create.c:1757)
==599485==    by 0x4015F1E: dump_file (create.c:1968)
==599485==    by 0x4033312: update_archive (update.c:229)
==599485==    by 0x400CC4C: main (tar.c:2810)
==599485== 
==599485== 80 bytes in 1 blocks are still reachable in loss record 8 of 14
==599485==    at 0x48BD858: malloc (vg_replace_malloc.c:447)
==599485==    by 0x40512CC: xmalloc (xmalloc.c:45)
==599485==    by 0x400BE43: main (tar.c:2781)
==599485== 
==599485== 80 bytes in 1 blocks are still reachable in loss record 9 of 14
==599485==    at 0x48BD858: malloc (vg_replace_malloc.c:447)
==599485==    by 0x4047846: hash_initialize (hash.c:523)
==599485==    by 0x401411B: file_count_links (create.c:1530)
==599485==    by 0x401411B: file_count_links (create.c:1508)
==599485==    by 0x4016A58: dump_file0 (create.c:1779)
==599485==    by 0x4015F1E: dump_file (create.c:1968)
==599485==    by 0x4017167: dump_dir0 (create.c:1227)
==599485==    by 0x4017167: dump_dir (create.c:1320)
==599485==    by 0x4017167: dump_file0 (create.c:1757)
==599485==    by 0x4015F1E: dump_file (create.c:1968)
==599485==    by 0x4033312: update_archive (update.c:229)
==599485==    by 0x400CC4C: main (tar.c:2810)
==599485== 
==599485== 87 (80 direct, 7 indirect) bytes in 2 blocks are definitely lost in loss record 10 of 14
==599485==    at 0x48C4E43: calloc (vg_replace_malloc.c:1678)
==599485==    by 0x403959D: wsnode_new (wordsplit.c:422)
==599485==    by 0x403959D: wordsplit_add_segm (wordsplit.c:523)
==599485==    by 0x4039854: scan_word (wordsplit.c:2062)
==599485==    by 0x4039C7C: wordsplit_process_list (wordsplit.c:2358)
==599485==    by 0x403A562: wordsplit_run.constprop.0 (wordsplit.c:2434)
==599485==    by 0x400BFFA: parse_default_options (tar.c:2256)
==599485==    by 0x400BFFA: decode_options (tar.c:2378)
==599485==    by 0x400BFFA: main (tar.c:2792)
==599485== 
==599485== 100 (96 direct, 4 indirect) bytes in 1 blocks are definitely lost in loss record 11 of 14
==599485==    at 0x48C4E43: calloc (vg_replace_malloc.c:1678)
==599485==    by 0x40516F1: xcalloc (xmalloc.c:298)
==599485==    by 0x40516F1: xzalloc (xmalloc.c:283)
==599485==    by 0x4029932: make_name (names.c:596)
==599485==    by 0x4029932: addname (names.c:1233)
==599485==    by 0x4029AB7: name_gather (names.c:1218)
==599485==    by 0x403322C: update_archive (update.c:111)
==599485==    by 0x400CC4C: main (tar.c:2810)
==599485== 
==599485== 102 bytes in 1 blocks are still reachable in loss record 12 of 14
==599485==    at 0x48BD858: malloc (vg_replace_malloc.c:447)
==599485==    by 0x40512CC: xmalloc (xmalloc.c:45)
==599485==    by 0x4029881: name_init (names.c:869)
==599485==    by 0x400C94C: main (tar.c:2794)
==599485== 
==599485== 176 bytes in 1 blocks are still reachable in loss record 13 of 14
==599485==    at 0x48C4E43: calloc (vg_replace_malloc.c:1678)
==599485==    by 0x404789C: hash_initialize (hash.c:544)
==599485==    by 0x401411B: file_count_links (create.c:1530)
==599485==    by 0x401411B: file_count_links (create.c:1508)
==599485==    by 0x4016A58: dump_file0 (create.c:1779)
==599485==    by 0x4015F1E: dump_file (create.c:1968)
==599485==    by 0x4017167: dump_dir0 (create.c:1227)
==599485==    by 0x4017167: dump_dir (create.c:1320)
==599485==    by 0x4017167: dump_file0 (create.c:1757)
==599485==    by 0x4015F1E: dump_file (create.c:1968)
==599485==    by 0x4033312: update_archive (update.c:229)
==599485==    by 0x400CC4C: main (tar.c:2810)
==599485== 
==599485== 4,064 bytes in 1 blocks are still reachable in loss record 14 of 14
==599485==    at 0x48BD858: malloc (vg_replace_malloc.c:447)
==599485==    by 0x40512CC: xmalloc (xmalloc.c:45)
==599485==    by 0x404A07D: call_chunkfun (obstack.c:88)
==599485==    by 0x404A07D: _obstack_begin_worker.isra.0 (obstack.c:135)
==599485==    by 0x404A0A8: _obstack_begin (obstack.c:157)
==599485==    by 0x4032C57: _transform_name_to_obstack (transform.c:592)
==599485==    by 0x4032C57: transform_name_fp (transform.c:614)
==599485==    by 0x4023670: transform_member_name (list.c:114)
==599485==    by 0x4023670: transform_stat_info.part.0 (list.c:150)
==599485==    by 0x403343D: update_archive (update.c:134)
==599485==    by 0x400CC4C: main (tar.c:2810)
==599485== 
==599485== LEAK SUMMARY:
==599485==    definitely lost: 183 bytes in 5 blocks
==599485==    indirectly lost: 11 bytes in 3 blocks
==599485==      possibly lost: 0 bytes in 0 blocks
==599485==    still reachable: 4,568 bytes in 9 blocks
==599485==         suppressed: 0 bytes in 0 blocks
==599485== 
==599485== For lists of detected and suppressed errors, rerun with: -s
==599485== ERROR SUMMARY: 3 errors from 3 contexts (suppressed: 0 from 0)
