==649566== Memcheck, a memory error detector
==649566== Copyright (C) 2002-2024, and GNU GPL'd, by Julian Seward et al.
==649566== Using Valgrind-3.26.0 and LibVEX; rerun with -h for copyright info
==649566== Command: /tmp/rboxc-tar-behavior-cueuzbar/exec/tar --index-file=index.txt -tvf archive.tar absent
==649566== Parent PID: 635373
==649566== 
==649566== 
==649566== FILE DESCRIPTORS: 2 open (2 inherited) at exit.
==649566== 
==649566== HEAP SUMMARY:
==649566==     in use at exit: 208 bytes in 5 blocks
==649566==   total heap usage: 83 allocs, 78 frees, 44,300 bytes allocated
==649566== 
==649566== 5 bytes in 1 blocks are still reachable in loss record 1 of 5
==649566==    at 0x586E858: malloc (vg_replace_malloc.c:447)
==649566==    by 0x469E66D: rboxc_tar_xstrdup (in /root/rboxc/target/tar-map-probe-candidate/release/rboxc)
==649566==    by 0x466FF4F: rboxc_tar_assign_string (in /root/rboxc/target/tar-map-probe-candidate/release/rboxc)
==649566==    by 0x467335C: rboxc_tar_uname_to_uid (in /root/rboxc/target/tar-map-probe-candidate/release/rboxc)
==649566==    by 0x466DFBF: rboxc_tar_decode_header (in /root/rboxc/target/tar-map-probe-candidate/release/rboxc)
==649566==    by 0x466F056: rboxc_tar_read_and (in /root/rboxc/target/tar-map-probe-candidate/release/rboxc)
==649566==    by 0x4478B39: single_binary_main_tar (in /root/rboxc/target/tar-map-probe-candidate/release/rboxc)
==649566==    by 0x5A18600: (below main) (libc_start_call_main.h:59)
==649566== 
==649566== 5 bytes in 1 blocks are still reachable in loss record 2 of 5
==649566==    at 0x586E858: malloc (vg_replace_malloc.c:447)
==649566==    by 0x469E66D: rboxc_tar_xstrdup (in /root/rboxc/target/tar-map-probe-candidate/release/rboxc)
==649566==    by 0x466FF4F: rboxc_tar_assign_string (in /root/rboxc/target/tar-map-probe-candidate/release/rboxc)
==649566==    by 0x46733FC: rboxc_tar_gname_to_gid (in /root/rboxc/target/tar-map-probe-candidate/release/rboxc)
==649566==    by 0x466DF9F: rboxc_tar_decode_header (in /root/rboxc/target/tar-map-probe-candidate/release/rboxc)
==649566==    by 0x466F056: rboxc_tar_read_and (in /root/rboxc/target/tar-map-probe-candidate/release/rboxc)
==649566==    by 0x4478B39: single_binary_main_tar (in /root/rboxc/target/tar-map-probe-candidate/release/rboxc)
==649566==    by 0x5A18600: (below main) (libc_start_call_main.h:59)
==649566== 
==649566== 16 bytes in 1 blocks are still reachable in loss record 3 of 5
==649566==    at 0x5875E43: calloc (vg_replace_malloc.c:1678)
==649566==    by 0x469E501: rboxc_tar_xzalloc (in /root/rboxc/target/tar-map-probe-candidate/release/rboxc)
==649566==    by 0x4477AF5: single_binary_main_tar (in /root/rboxc/target/tar-map-probe-candidate/release/rboxc)
==649566==    by 0x5A18600: (below main) (libc_start_call_main.h:59)
==649566== 
==649566== 80 bytes in 1 blocks are still reachable in loss record 4 of 5
==649566==    at 0x586E858: malloc (vg_replace_malloc.c:447)
==649566==    by 0x469E0DC: rboxc_tar_xmalloc (in /root/rboxc/target/tar-map-probe-candidate/release/rboxc)
==649566==    by 0x4477A00: single_binary_main_tar (in /root/rboxc/target/tar-map-probe-candidate/release/rboxc)
==649566==    by 0x5A18600: (below main) (libc_start_call_main.h:59)
==649566== 
==649566== 102 bytes in 1 blocks are still reachable in loss record 5 of 5
==649566==    at 0x586E858: malloc (vg_replace_malloc.c:447)
==649566==    by 0x469E0DC: rboxc_tar_xmalloc (in /root/rboxc/target/tar-map-probe-candidate/release/rboxc)
==649566==    by 0x46734A1: rboxc_tar_name_init (in /root/rboxc/target/tar-map-probe-candidate/release/rboxc)
==649566==    by 0x4478A7A: single_binary_main_tar (in /root/rboxc/target/tar-map-probe-candidate/release/rboxc)
==649566==    by 0x5A18600: (below main) (libc_start_call_main.h:59)
==649566== 
==649566== LEAK SUMMARY:
==649566==    definitely lost: 0 bytes in 0 blocks
==649566==    indirectly lost: 0 bytes in 0 blocks
==649566==      possibly lost: 0 bytes in 0 blocks
==649566==    still reachable: 208 bytes in 5 blocks
==649566==         suppressed: 0 bytes in 0 blocks
==649566== 
==649566== For lists of detected and suppressed errors, rerun with: -s
==649566== ERROR SUMMARY: 0 errors from 0 contexts (suppressed: 0 from 0)
