==620120== Memcheck, a memory error detector
==620120== Copyright (C) 2002-2024, and GNU GPL'd, by Julian Seward et al.
==620120== Using Valgrind-3.26.0 and LibVEX; rerun with -h for copyright info
==620120== Command: tar --version
==620120== Parent PID: 620034
==620120== 
==620120== 
==620120== FILE DESCRIPTORS: 4 open (4 inherited) at exit.
==620120== 
==620120== HEAP SUMMARY:
==620120==     in use at exit: 7,767 bytes in 3 blocks
==620120==   total heap usage: 15 allocs, 12 frees, 12,021 bytes allocated
==620120== 
==620120== 16 bytes in 1 blocks are still reachable in loss record 1 of 3
==620120==    at 0x48C4E43: calloc (vg_replace_malloc.c:1678)
==620120==    by 0x40516F1: xcalloc (xmalloc.c:298)
==620120==    by 0x40516F1: xzalloc (xmalloc.c:283)
==620120==    by 0x400BEF9: decode_options (tar.c:2297)
==620120==    by 0x400BEF9: main (tar.c:2792)
==620120== 
==620120== 80 bytes in 1 blocks are still reachable in loss record 2 of 3
==620120==    at 0x48BD858: malloc (vg_replace_malloc.c:447)
==620120==    by 0x40512CC: xmalloc (xmalloc.c:45)
==620120==    by 0x400BE43: main (tar.c:2781)
==620120== 
==620120== 7,671 bytes in 1 blocks are still reachable in loss record 3 of 3
==620120==    at 0x48BD858: malloc (vg_replace_malloc.c:447)
==620120==    by 0x4041854: parser_init (argp-parse.c:495)
==620120==    by 0x4041854: argp_parse (argp-parse.c:921)
==620120==    by 0x400C045: decode_options (tar.c:2380)
==620120==    by 0x400C045: main (tar.c:2792)
==620120== 
==620120== LEAK SUMMARY:
==620120==    definitely lost: 0 bytes in 0 blocks
==620120==    indirectly lost: 0 bytes in 0 blocks
==620120==      possibly lost: 0 bytes in 0 blocks
==620120==    still reachable: 7,767 bytes in 3 blocks
==620120==         suppressed: 0 bytes in 0 blocks
==620120== 
==620120== For lists of detected and suppressed errors, rerun with: -s
==620120== ERROR SUMMARY: 0 errors from 0 contexts (suppressed: 0 from 0)
