==621080== Memcheck, a memory error detector
==621080== Copyright (C) 2002-2024, and GNU GPL'd, by Julian Seward et al.
==621080== Using Valgrind-3.26.0 and LibVEX; rerun with -h for copyright info
==621080== Command: tar --record-size=512 -t -M -f arc.1 -f arc.2
==621080== Parent PID: 620764
==621080== 
==621080== 
==621080== FILE DESCRIPTORS: 1 open (0 inherited) at exit.
==621080== Open file descriptor 0: /dev/full
==621080==    at 0x4A1A9E6: open (open64.c:41)
==621080==    by 0x4050574: open (fcntl2.h:55)
==621080==    by 0x4050574: stdopen (stdopen.c:51)
==621080==    by 0x400BE26: main (tar.c:2773)
==621080== 
==621080== 
==621080== HEAP SUMMARY:
==621080==     in use at exit: 4,465 bytes in 16 blocks
==621080==   total heap usage: 65 allocs, 49 frees, 50,903 bytes allocated
==621080== 
==621080== 5 bytes in 1 blocks are still reachable in loss record 1 of 10
==621080==    at 0x48BD858: malloc (vg_replace_malloc.c:447)
==621080==    by 0x405185D: xmalloc (xmalloc.c:45)
==621080==    by 0x405185D: xmemdup (xmalloc.c:314)
==621080==    by 0x405185D: xstrdup (xmalloc.c:339)
==621080==    by 0x402644F: assign_string (misc.c:58)
==621080==    by 0x402973C: uname_to_uid (names.c:550)
==621080==    by 0x402457F: decode_header (list.c:694)
==621080==    by 0x4025616: read_and (list.c:194)
==621080==    by 0x400CD4B: main (tar.c:2832)
==621080== 
==621080== 5 bytes in 1 blocks are still reachable in loss record 2 of 10
==621080==    at 0x48BD858: malloc (vg_replace_malloc.c:447)
==621080==    by 0x405185D: xmalloc (xmalloc.c:45)
==621080==    by 0x405185D: xmemdup (xmalloc.c:314)
==621080==    by 0x405185D: xstrdup (xmalloc.c:339)
==621080==    by 0x402644F: assign_string (misc.c:58)
==621080==    by 0x40297DC: gname_to_gid (names.c:580)
==621080==    by 0x402455F: decode_header (list.c:699)
==621080==    by 0x4025616: read_and (list.c:194)
==621080==    by 0x400CD4B: main (tar.c:2832)
==621080== 
==621080== 11 bytes in 1 blocks are still reachable in loss record 3 of 10
==621080==    at 0x48BD858: malloc (vg_replace_malloc.c:447)
==621080==    by 0x40512CC: xmalloc (xmalloc.c:45)
==621080==    by 0x40264C0: assign_string_n (misc.c:76)
==621080==    by 0x4010243: try_new_volume (buffer.c:1494)
==621080==    by 0x4010243: _gnu_flush_read (buffer.c:1888)
==621080==    by 0x4010243: gnu_flush_read (buffer.c:1909)
==621080==    by 0x400E689: find_next_block (buffer.c:609)
==621080==    by 0x4025264: skim_file (list.c:1425)
==621080==    by 0x402CF0D: sparse_skim_file (sparse.c:613)
==621080==    by 0x4025356: skim_member.part.0 (list.c:1456)
==621080==    by 0x4025852: read_and (list.c:229)
==621080==    by 0x400CD4B: main (tar.c:2832)
==621080== 
==621080== 16 bytes in 1 blocks are still reachable in loss record 4 of 10
==621080==    at 0x48C4E43: calloc (vg_replace_malloc.c:1678)
==621080==    by 0x40516F1: xcalloc (xmalloc.c:298)
==621080==    by 0x40516F1: xzalloc (xmalloc.c:283)
==621080==    by 0x400BEF9: decode_options (tar.c:2297)
==621080==    by 0x400BEF9: main (tar.c:2792)
==621080== 
==621080== 31 bytes in 3 blocks are indirectly lost in loss record 5 of 10
==621080==    at 0x48BD858: malloc (vg_replace_malloc.c:447)
==621080==    by 0x40387DD: wsnode_quoteremoval (wordsplit.c:651)
==621080==    by 0x4039CFD: wordsplit_process_list (wordsplit.c:2390)
==621080==    by 0x403A562: wordsplit_run.constprop.0 (wordsplit.c:2434)
==621080==    by 0x400BFFA: parse_default_options (tar.c:2256)
==621080==    by 0x400BFFA: decode_options (tar.c:2378)
==621080==    by 0x400BFFA: main (tar.c:2792)
==621080== 
==621080== 31 bytes in 3 blocks are definitely lost in loss record 6 of 10
==621080==    at 0x48BD858: malloc (vg_replace_malloc.c:447)
==621080==    by 0x403A1FB: wordsplit_finish (wordsplit.c:836)
==621080==    by 0x400BFFA: parse_default_options (tar.c:2256)
==621080==    by 0x400BFFA: decode_options (tar.c:2378)
==621080==    by 0x400BFFA: main (tar.c:2792)
==621080== 
==621080== 80 bytes in 1 blocks are still reachable in loss record 7 of 10
==621080==    at 0x48BD858: malloc (vg_replace_malloc.c:447)
==621080==    by 0x40512CC: xmalloc (xmalloc.c:45)
==621080==    by 0x400BE43: main (tar.c:2781)
==621080== 
==621080== 102 bytes in 1 blocks are still reachable in loss record 8 of 10
==621080==    at 0x48BD858: malloc (vg_replace_malloc.c:447)
==621080==    by 0x40512CC: xmalloc (xmalloc.c:45)
==621080==    by 0x4029881: name_init (names.c:869)
==621080==    by 0x400C94C: main (tar.c:2794)
==621080== 
==621080== 151 (120 direct, 31 indirect) bytes in 3 blocks are definitely lost in loss record 9 of 10
==621080==    at 0x48C4E43: calloc (vg_replace_malloc.c:1678)
==621080==    by 0x403959D: wsnode_new (wordsplit.c:422)
==621080==    by 0x403959D: wordsplit_add_segm (wordsplit.c:523)
==621080==    by 0x4039854: scan_word (wordsplit.c:2062)
==621080==    by 0x4039C7C: wordsplit_process_list (wordsplit.c:2358)
==621080==    by 0x403A562: wordsplit_run.constprop.0 (wordsplit.c:2434)
==621080==    by 0x400BFFA: parse_default_options (tar.c:2256)
==621080==    by 0x400BFFA: decode_options (tar.c:2378)
==621080==    by 0x400BFFA: main (tar.c:2792)
==621080== 
==621080== 4,064 bytes in 1 blocks are still reachable in loss record 10 of 10
==621080==    at 0x48BD858: malloc (vg_replace_malloc.c:447)
==621080==    by 0x40512CC: xmalloc (xmalloc.c:45)
==621080==    by 0x404A07D: call_chunkfun (obstack.c:88)
==621080==    by 0x404A07D: _obstack_begin_worker.isra.0 (obstack.c:135)
==621080==    by 0x404A0A8: _obstack_begin (obstack.c:157)
==621080==    by 0x4032C57: _transform_name_to_obstack (transform.c:592)
==621080==    by 0x4032C57: transform_name_fp (transform.c:614)
==621080==    by 0x4023670: transform_member_name (list.c:114)
==621080==    by 0x4023670: transform_stat_info.part.0 (list.c:150)
==621080==    by 0x4025850: transform_stat_info (list.c:227)
==621080==    by 0x4025850: read_and (list.c:227)
==621080==    by 0x400CD4B: main (tar.c:2832)
==621080== 
==621080== LEAK SUMMARY:
==621080==    definitely lost: 151 bytes in 6 blocks
==621080==    indirectly lost: 31 bytes in 3 blocks
==621080==      possibly lost: 0 bytes in 0 blocks
==621080==    still reachable: 4,283 bytes in 7 blocks
==621080==         suppressed: 0 bytes in 0 blocks
==621080== 
==621080== For lists of detected and suppressed errors, rerun with: -s
==621080== ERROR SUMMARY: 3 errors from 3 contexts (suppressed: 0 from 0)
