==704176== Memcheck, a memory error detector
==704176== Copyright (C) 2002-2024, and GNU GPL'd, by Julian Seward et al.
==704176== Using Valgrind-3.26.0 and LibVEX; rerun with -h for copyright info
==704176== Command: tar --lzip -cf k.tar.lz empty
==704176== Parent PID: 704169
==704176== 
==704176== 
==704176== FILE DESCRIPTORS: 1 open (1 inherited) at exit.
==704176== 
==704176== HEAP SUMMARY:
==704176==     in use at exit: 4,304 bytes in 7 blocks
==704176==   total heap usage: 47 allocs, 40 frees, 47,559 bytes allocated
==704176== 
==704176== 5 bytes in 1 blocks are still reachable in loss record 1 of 7
==704176==    at 0x586E858: malloc (vg_replace_malloc.c:447)
==704176==    by 0x469E7ED: rboxc_tar_xstrdup (in /root/rboxc/target/tar-child-input-candidate/release/rboxc)
==704176==    by 0x467004F: rboxc_tar_assign_string (in /root/rboxc/target/tar-child-input-candidate/release/rboxc)
==704176==    by 0x4673332: rboxc_tar_uid_to_uname (in /root/rboxc/target/tar-child-input-candidate/release/rboxc)
==704176==    by 0x4662553: rboxc_tar_start_header (in /root/rboxc/target/tar-child-input-candidate/release/rboxc)
==704176==    by 0x46626F8: dump_regular_file (in /root/rboxc/target/tar-child-input-candidate/release/rboxc)
==704176==    by 0x4663542: dump_file0 (in /root/rboxc/target/tar-child-input-candidate/release/rboxc)
==704176==    by 0x46644E9: rboxc_tar_create_archive (in /root/rboxc/target/tar-child-input-candidate/release/rboxc)
==704176==    by 0x440EEF8: single_binary_main_tar (in /root/rboxc/target/tar-child-input-candidate/release/rboxc)
==704176==    by 0x5A18600: (below main) (libc_start_call_main.h:59)
==704176== 
==704176== 5 bytes in 1 blocks are still reachable in loss record 2 of 7
==704176==    at 0x586E858: malloc (vg_replace_malloc.c:447)
==704176==    by 0x469E7ED: rboxc_tar_xstrdup (in /root/rboxc/target/tar-child-input-candidate/release/rboxc)
==704176==    by 0x467004F: rboxc_tar_assign_string (in /root/rboxc/target/tar-child-input-candidate/release/rboxc)
==704176==    by 0x46733C2: rboxc_tar_gid_to_gname (in /root/rboxc/target/tar-child-input-candidate/release/rboxc)
==704176==    by 0x466253B: rboxc_tar_start_header (in /root/rboxc/target/tar-child-input-candidate/release/rboxc)
==704176==    by 0x46626F8: dump_regular_file (in /root/rboxc/target/tar-child-input-candidate/release/rboxc)
==704176==    by 0x4663542: dump_file0 (in /root/rboxc/target/tar-child-input-candidate/release/rboxc)
==704176==    by 0x46644E9: rboxc_tar_create_archive (in /root/rboxc/target/tar-child-input-candidate/release/rboxc)
==704176==    by 0x440EEF8: single_binary_main_tar (in /root/rboxc/target/tar-child-input-candidate/release/rboxc)
==704176==    by 0x5A18600: (below main) (libc_start_call_main.h:59)
==704176== 
==704176== 16 bytes in 1 blocks are still reachable in loss record 3 of 7
==704176==    at 0x5875E43: calloc (vg_replace_malloc.c:1678)
==704176==    by 0x469E681: rboxc_tar_xzalloc (in /root/rboxc/target/tar-child-input-candidate/release/rboxc)
==704176==    by 0x440DEF5: single_binary_main_tar (in /root/rboxc/target/tar-child-input-candidate/release/rboxc)
==704176==    by 0x5A18600: (below main) (libc_start_call_main.h:59)
==704176== 
==704176== 32 bytes in 1 blocks are still reachable in loss record 4 of 7
==704176==    at 0x586E858: malloc (vg_replace_malloc.c:447)
==704176==    by 0x469E25C: rboxc_tar_xmalloc (in /root/rboxc/target/tar-child-input-candidate/release/rboxc)
==704176==    by 0x4404C80: rboxc::applet_tar::set_use_compress_program_option (in /root/rboxc/target/tar-child-input-candidate/release/rboxc)
==704176==    by 0x440511D: rboxc::applet_tar::parse_opt (in /root/rboxc/target/tar-child-input-candidate/release/rboxc)
==704176==    by 0x468D243: rboxc_tar_argp_parse (in /root/rboxc/target/tar-child-input-candidate/release/rboxc)
==704176==    by 0x440E425: single_binary_main_tar (in /root/rboxc/target/tar-child-input-candidate/release/rboxc)
==704176==    by 0x5A18600: (below main) (libc_start_call_main.h:59)
==704176== 
==704176== 80 bytes in 1 blocks are still reachable in loss record 5 of 7
==704176==    at 0x586E858: malloc (vg_replace_malloc.c:447)
==704176==    by 0x469E25C: rboxc_tar_xmalloc (in /root/rboxc/target/tar-child-input-candidate/release/rboxc)
==704176==    by 0x440DE00: single_binary_main_tar (in /root/rboxc/target/tar-child-input-candidate/release/rboxc)
==704176==    by 0x5A18600: (below main) (libc_start_call_main.h:59)
==704176== 
==704176== 102 bytes in 1 blocks are still reachable in loss record 6 of 7
==704176==    at 0x586E858: malloc (vg_replace_malloc.c:447)
==704176==    by 0x469E25C: rboxc_tar_xmalloc (in /root/rboxc/target/tar-child-input-candidate/release/rboxc)
==704176==    by 0x46735A1: rboxc_tar_name_init (in /root/rboxc/target/tar-child-input-candidate/release/rboxc)
==704176==    by 0x440EE7A: single_binary_main_tar (in /root/rboxc/target/tar-child-input-candidate/release/rboxc)
==704176==    by 0x5A18600: (below main) (libc_start_call_main.h:59)
==704176== 
==704176== 4,064 bytes in 1 blocks are still reachable in loss record 7 of 7
==704176==    at 0x586E858: malloc (vg_replace_malloc.c:447)
==704176==    by 0x469E25C: rboxc_tar_xmalloc (in /root/rboxc/target/tar-child-input-candidate/release/rboxc)
==704176==    by 0x469617D: _obstack_begin_worker.isra.0 (in /root/rboxc/target/tar-child-input-candidate/release/rboxc)
==704176==    by 0x46961A8: rboxc_tar__obstack_begin (in /root/rboxc/target/tar-child-input-candidate/release/rboxc)
==704176==    by 0x4679E77: rboxc_tar_transform_name_fp (in /root/rboxc/target/tar-child-input-candidate/release/rboxc)
==704176==    by 0x46633A4: dump_file0 (in /root/rboxc/target/tar-child-input-candidate/release/rboxc)
==704176==    by 0x46644E9: rboxc_tar_create_archive (in /root/rboxc/target/tar-child-input-candidate/release/rboxc)
==704176==    by 0x440EEF8: single_binary_main_tar (in /root/rboxc/target/tar-child-input-candidate/release/rboxc)
==704176==    by 0x5A18600: (below main) (libc_start_call_main.h:59)
==704176== 
==704176== LEAK SUMMARY:
==704176==    definitely lost: 0 bytes in 0 blocks
==704176==    indirectly lost: 0 bytes in 0 blocks
==704176==      possibly lost: 0 bytes in 0 blocks
==704176==    still reachable: 4,304 bytes in 7 blocks
==704176==         suppressed: 0 bytes in 0 blocks
==704176== 
==704176== For lists of detected and suppressed errors, rerun with: -s
==704176== ERROR SUMMARY: 0 errors from 0 contexts (suppressed: 0 from 0)
