==622591== Memcheck, a memory error detector
==622591== Copyright (C) 2002-2024, and GNU GPL'd, by Julian Seward et al.
==622591== Using Valgrind-3.26.0 and LibVEX; rerun with -h for copyright info
==622591== Command: tar --sparse --sparse-version=1.0 -c --record-size=512 -M -L6 -f arc.1 -f arc.2 -f arc.3 sparsefile
==622591== Parent PID: 622572
==622591== 
==622591== 
==622591== FILE DESCRIPTORS: 1 open (0 inherited) at exit.
==622591== Open file descriptor 0: /dev/full
==622591==    at 0x4A1A9E6: open (open64.c:41)
==622591==    by 0x4050574: open (fcntl2.h:55)
==622591==    by 0x4050574: stdopen (stdopen.c:51)
==622591==    by 0x400BE26: main (tar.c:2773)
==622591== 
==622591== 
==622591== HEAP SUMMARY:
==622591==     in use at exit: 37,748 bytes in 25 blocks
==622591==   total heap usage: 106 allocs, 81 frees, 106,477 bytes allocated
==622591== 
==622591== 5 bytes in 1 blocks are still reachable in loss record 1 of 19
==622591==    at 0x48BD858: malloc (vg_replace_malloc.c:447)
==622591==    by 0x405185D: xmalloc (xmalloc.c:45)
==622591==    by 0x405185D: xmemdup (xmalloc.c:314)
==622591==    by 0x405185D: xstrdup (xmalloc.c:339)
==622591==    by 0x402644F: assign_string (misc.c:58)
==622591==    by 0x4029612: uid_to_uname (names.c:490)
==622591==    by 0x40155F3: start_header (create.c:931)
==622591==    by 0x402BD32: pax_start_header (sparse.c:1095)
==622591==    by 0x402BD32: pax_dump_header_1 (sparse.c:1214)
==622591==    by 0x402BD32: pax_dump_header (sparse.c:1245)
==622591==    by 0x402CA6F: tar_sparse_dump_header (sparse.c:153)
==622591==    by 0x402CA6F: sparse_dump_file (sparse.c:535)
==622591==    by 0x4016E23: dump_file0 (create.c:1768)
==622591==    by 0x4017589: dump_file (create.c:1968)
==622591==    by 0x4017589: create_archive (create.c:1412)
==622591==    by 0x400CD90: main (tar.c:2818)
==622591== 
==622591== 5 bytes in 1 blocks are still reachable in loss record 2 of 19
==622591==    at 0x48BD858: malloc (vg_replace_malloc.c:447)
==622591==    by 0x405185D: xmalloc (xmalloc.c:45)
==622591==    by 0x405185D: xmemdup (xmalloc.c:314)
==622591==    by 0x405185D: xstrdup (xmalloc.c:339)
==622591==    by 0x402644F: assign_string (misc.c:58)
==622591==    by 0x40296A2: gid_to_gname (names.c:520)
==622591==    by 0x40155DB: start_header (create.c:936)
==622591==    by 0x402BD32: pax_start_header (sparse.c:1095)
==622591==    by 0x402BD32: pax_dump_header_1 (sparse.c:1214)
==622591==    by 0x402BD32: pax_dump_header (sparse.c:1245)
==622591==    by 0x402CA6F: tar_sparse_dump_header (sparse.c:153)
==622591==    by 0x402CA6F: sparse_dump_file (sparse.c:535)
==622591==    by 0x4016E23: dump_file0 (create.c:1768)
==622591==    by 0x4017589: dump_file (create.c:1968)
==622591==    by 0x4017589: create_archive (create.c:1412)
==622591==    by 0x400CD90: main (tar.c:2818)
==622591== 
==622591== 5 bytes in 1 blocks are definitely lost in loss record 3 of 19
==622591==    at 0x48BD858: malloc (vg_replace_malloc.c:447)
==622591==    by 0x405185D: xmalloc (xmalloc.c:45)
==622591==    by 0x405185D: xmemdup (xmalloc.c:314)
==622591==    by 0x405185D: xstrdup (xmalloc.c:339)
==622591==    by 0x4029621: uid_to_uname (names.c:499)
==622591==    by 0x40155F3: start_header (create.c:931)
==622591==    by 0x400D8BB: add_chunk_header (buffer.c:1719)
==622591==    by 0x400FC27: _gnu_flush_write (buffer.c:1979)
==622591==    by 0x400FC27: gnu_flush_write (buffer.c:2003)
==622591==    by 0x400E689: find_next_block (buffer.c:609)
==622591==    by 0x402B568: sparse_dump_region (sparse.c:417)
==622591==    by 0x402CAD1: tar_sparse_dump_region (sparse.c:137)
==622591==    by 0x402CAD1: sparse_dump_file (sparse.c:545)
==622591==    by 0x4016E23: dump_file0 (create.c:1768)
==622591==    by 0x4017589: dump_file (create.c:1968)
==622591==    by 0x4017589: create_archive (create.c:1412)
==622591==    by 0x400CD90: main (tar.c:2818)
==622591== 
==622591== 5 bytes in 1 blocks are definitely lost in loss record 4 of 19
==622591==    at 0x48BD858: malloc (vg_replace_malloc.c:447)
==622591==    by 0x405185D: xmalloc (xmalloc.c:45)
==622591==    by 0x405185D: xmemdup (xmalloc.c:314)
==622591==    by 0x405185D: xstrdup (xmalloc.c:339)
==622591==    by 0x40296B1: gid_to_gname (names.c:529)
==622591==    by 0x40155DB: start_header (create.c:936)
==622591==    by 0x400D8BB: add_chunk_header (buffer.c:1719)
==622591==    by 0x400FC27: _gnu_flush_write (buffer.c:1979)
==622591==    by 0x400FC27: gnu_flush_write (buffer.c:2003)
==622591==    by 0x400E689: find_next_block (buffer.c:609)
==622591==    by 0x402B568: sparse_dump_region (sparse.c:417)
==622591==    by 0x402CAD1: tar_sparse_dump_region (sparse.c:137)
==622591==    by 0x402CAD1: sparse_dump_file (sparse.c:545)
==622591==    by 0x4016E23: dump_file0 (create.c:1768)
==622591==    by 0x4017589: dump_file (create.c:1968)
==622591==    by 0x4017589: create_archive (create.c:1412)
==622591==    by 0x400CD90: main (tar.c:2818)
==622591== 
==622591== 5 bytes in 1 blocks are definitely lost in loss record 5 of 19
==622591==    at 0x48BD858: malloc (vg_replace_malloc.c:447)
==622591==    by 0x405185D: xmalloc (xmalloc.c:45)
==622591==    by 0x405185D: xmemdup (xmalloc.c:314)
==622591==    by 0x405185D: xstrdup (xmalloc.c:339)
==622591==    by 0x4029621: uid_to_uname (names.c:499)
==622591==    by 0x40155F3: start_header (create.c:931)
==622591==    by 0x400D8BB: add_chunk_header (buffer.c:1719)
==622591==    by 0x400FC27: _gnu_flush_write (buffer.c:1979)
==622591==    by 0x400FC27: gnu_flush_write (buffer.c:2003)
==622591==    by 0x400E689: find_next_block (buffer.c:609)
==622591==    by 0x40144F9: write_eot (create.c:497)
==622591==    by 0x401751C: create_archive (create.c:1415)
==622591==    by 0x400CD90: main (tar.c:2818)
==622591== 
==622591== 5 bytes in 1 blocks are definitely lost in loss record 6 of 19
==622591==    at 0x48BD858: malloc (vg_replace_malloc.c:447)
==622591==    by 0x405185D: xmalloc (xmalloc.c:45)
==622591==    by 0x405185D: xmemdup (xmalloc.c:314)
==622591==    by 0x405185D: xstrdup (xmalloc.c:339)
==622591==    by 0x40296B1: gid_to_gname (names.c:529)
==622591==    by 0x40155DB: start_header (create.c:936)
==622591==    by 0x400D8BB: add_chunk_header (buffer.c:1719)
==622591==    by 0x400FC27: _gnu_flush_write (buffer.c:1979)
==622591==    by 0x400FC27: gnu_flush_write (buffer.c:2003)
==622591==    by 0x400E689: find_next_block (buffer.c:609)
==622591==    by 0x40144F9: write_eot (create.c:497)
==622591==    by 0x401751C: create_archive (create.c:1415)
==622591==    by 0x400CD90: main (tar.c:2818)
==622591== 
==622591== 16 bytes in 1 blocks are still reachable in loss record 7 of 19
==622591==    at 0x48C4E43: calloc (vg_replace_malloc.c:1678)
==622591==    by 0x40516F1: xcalloc (xmalloc.c:298)
==622591==    by 0x40516F1: xzalloc (xmalloc.c:283)
==622591==    by 0x400BEF9: decode_options (tar.c:2297)
==622591==    by 0x400BEF9: main (tar.c:2792)
==622591== 
==622591== 17 bytes in 1 blocks are still reachable in loss record 8 of 19
==622591==    at 0x48BD858: malloc (vg_replace_malloc.c:447)
==622591==    by 0x405185D: xmalloc (xmalloc.c:45)
==622591==    by 0x405185D: xmemdup (xmalloc.c:314)
==622591==    by 0x405185D: xstrdup (xmalloc.c:339)
==622591==    by 0x402644F: assign_string (misc.c:58)
==622591==    by 0x401E7A6: xheader_xhdr_name (xheader.c:393)
==622591==    by 0x4014297: write_extended.part.0 (create.c:713)
==622591==    by 0x4014896: write_extended (create.c:699)
==622591==    by 0x4014896: finish_header (create.c:1024)
==622591==    by 0x402BD4A: pax_dump_header_1 (sparse.c:1215)
==622591==    by 0x402BD4A: pax_dump_header (sparse.c:1245)
==622591==    by 0x402CA6F: tar_sparse_dump_header (sparse.c:153)
==622591==    by 0x402CA6F: sparse_dump_file (sparse.c:535)
==622591==    by 0x4016E23: dump_file0 (create.c:1768)
==622591==    by 0x4017589: dump_file (create.c:1968)
==622591==    by 0x4017589: create_archive (create.c:1412)
==622591==    by 0x400CD90: main (tar.c:2818)
==622591== 
==622591== 28 bytes in 3 blocks are indirectly lost in loss record 9 of 19
==622591==    at 0x48BD858: malloc (vg_replace_malloc.c:447)
==622591==    by 0x40387DD: wsnode_quoteremoval (wordsplit.c:651)
==622591==    by 0x4039CFD: wordsplit_process_list (wordsplit.c:2390)
==622591==    by 0x403A562: wordsplit_run.constprop.0 (wordsplit.c:2434)
==622591==    by 0x400BFFA: parse_default_options (tar.c:2256)
==622591==    by 0x400BFFA: decode_options (tar.c:2378)
==622591==    by 0x400BFFA: main (tar.c:2792)
==622591== 
==622591== 28 bytes in 3 blocks are definitely lost in loss record 10 of 19
==622591==    at 0x48BD858: malloc (vg_replace_malloc.c:447)
==622591==    by 0x403A1FB: wordsplit_finish (wordsplit.c:836)
==622591==    by 0x400BFFA: parse_default_options (tar.c:2256)
==622591==    by 0x400BFFA: decode_options (tar.c:2378)
==622591==    by 0x400BFFA: main (tar.c:2792)
==622591== 
==622591== 47 bytes in 1 blocks are still reachable in loss record 11 of 19
==622591==    at 0x48BD858: malloc (vg_replace_malloc.c:447)
==622591==    by 0x40512CC: xmalloc (xmalloc.c:45)
==622591==    by 0x401E864: xheader_ghdr_name (xheader.c:408)
==622591==    by 0x4014203: write_extended.part.0 (create.c:707)
==622591==    by 0x400FC0E: _gnu_flush_write (buffer.c:1975)
==622591==    by 0x400FC0E: gnu_flush_write (buffer.c:2003)
==622591==    by 0x400E689: find_next_block (buffer.c:609)
==622591==    by 0x402B568: sparse_dump_region (sparse.c:417)
==622591==    by 0x402CAD1: tar_sparse_dump_region (sparse.c:137)
==622591==    by 0x402CAD1: sparse_dump_file (sparse.c:545)
==622591==    by 0x4016E23: dump_file0 (create.c:1768)
==622591==    by 0x4017589: dump_file (create.c:1968)
==622591==    by 0x4017589: create_archive (create.c:1412)
==622591==    by 0x400CD90: main (tar.c:2818)
==622591== 
==622591== 80 bytes in 1 blocks are still reachable in loss record 12 of 19
==622591==    at 0x48BD858: malloc (vg_replace_malloc.c:447)
==622591==    by 0x40512CC: xmalloc (xmalloc.c:45)
==622591==    by 0x400BE43: main (tar.c:2781)
==622591== 
==622591== 102 bytes in 1 blocks are still reachable in loss record 13 of 19
==622591==    at 0x48BD858: malloc (vg_replace_malloc.c:447)
==622591==    by 0x40512CC: xmalloc (xmalloc.c:45)
==622591==    by 0x4029881: name_init (names.c:869)
==622591==    by 0x400C94C: main (tar.c:2794)
==622591== 
==622591== 112 bytes in 1 blocks are still reachable in loss record 14 of 19
==622591==    at 0x48BD858: malloc (vg_replace_malloc.c:447)
==622591==    by 0x491DE43: __gconv_open (gconv_open.c:77)
==622591==    by 0x491D9E0: iconv_open (iconv_open.c:39)
==622591==    by 0x403387B: utf8_init (utf8.c:59)
==622591==    by 0x403387B: utf8_convert (utf8.c:73)
==622591==    by 0x401D32E: code_string (xheader.c:1015)
==622591==    by 0x402BCCB: pax_dump_header_1 (sparse.c:1205)
==622591==    by 0x402BCCB: pax_dump_header (sparse.c:1245)
==622591==    by 0x402CA6F: tar_sparse_dump_header (sparse.c:153)
==622591==    by 0x402CA6F: sparse_dump_file (sparse.c:535)
==622591==    by 0x4016E23: dump_file0 (create.c:1768)
==622591==    by 0x4017589: dump_file (create.c:1968)
==622591==    by 0x4017589: create_archive (create.c:1412)
==622591==    by 0x400CD90: main (tar.c:2818)
==622591== 
==622591== 148 (120 direct, 28 indirect) bytes in 3 blocks are definitely lost in loss record 15 of 19
==622591==    at 0x48C4E43: calloc (vg_replace_malloc.c:1678)
==622591==    by 0x403959D: wsnode_new (wordsplit.c:422)
==622591==    by 0x403959D: wordsplit_add_segm (wordsplit.c:523)
==622591==    by 0x4039854: scan_word (wordsplit.c:2062)
==622591==    by 0x4039C7C: wordsplit_process_list (wordsplit.c:2358)
==622591==    by 0x403A562: wordsplit_run.constprop.0 (wordsplit.c:2434)
==622591==    by 0x400BFFA: parse_default_options (tar.c:2256)
==622591==    by 0x400BFFA: decode_options (tar.c:2378)
==622591==    by 0x400BFFA: main (tar.c:2792)
==622591== 
==622591== 208 bytes in 1 blocks are still reachable in loss record 16 of 19
==622591==    at 0x48BD858: malloc (vg_replace_malloc.c:447)
==622591==    by 0x4929C6F: __gconv_lookup_cache (gconv_cache.c:361)
==622591==    by 0x491F8EE: __gconv_find_transform (gconv_db.c:717)
==622591==    by 0x491DDE5: __gconv_open (gconv_open.c:73)
==622591==    by 0x491D9E0: iconv_open (iconv_open.c:39)
==622591==    by 0x403387B: utf8_init (utf8.c:59)
==622591==    by 0x403387B: utf8_convert (utf8.c:73)
==622591==    by 0x401D32E: code_string (xheader.c:1015)
==622591==    by 0x402BCCB: pax_dump_header_1 (sparse.c:1205)
==622591==    by 0x402BCCB: pax_dump_header (sparse.c:1245)
==622591==    by 0x402CA6F: tar_sparse_dump_header (sparse.c:153)
==622591==    by 0x402CA6F: sparse_dump_file (sparse.c:535)
==622591==    by 0x4016E23: dump_file0 (create.c:1768)
==622591==    by 0x4017589: dump_file (create.c:1968)
==622591==    by 0x4017589: create_archive (create.c:1412)
==622591==    by 0x400CD90: main (tar.c:2818)
==622591== 
==622591== 256 bytes in 1 blocks are still reachable in loss record 17 of 19
==622591==    at 0x48BD858: malloc (vg_replace_malloc.c:447)
==622591==    by 0x40512CC: xmalloc (xmalloc.c:45)
==622591==    by 0x401D274: xattr_encode_keyword (xheader.c:833)
==622591==    by 0x401D274: xheader_print_n (xheader.c:876)
==622591==    by 0x401D882: xheader_print (xheader.c:899)
==622591==    by 0x401D882: code_signed_num (xheader.c:1078)
==622591==    by 0x401D882: code_num (xheader.c:1084)
==622591==    by 0x401D882: sparse_major_coder (xheader.c:1669)
==622591==    by 0x402BCA7: pax_dump_header_1 (sparse.c:1203)
==622591==    by 0x402BCA7: pax_dump_header (sparse.c:1245)
==622591==    by 0x402CA6F: tar_sparse_dump_header (sparse.c:153)
==622591==    by 0x402CA6F: sparse_dump_file (sparse.c:535)
==622591==    by 0x4016E23: dump_file0 (create.c:1768)
==622591==    by 0x4017589: dump_file (create.c:1968)
==622591==    by 0x4017589: create_archive (create.c:1412)
==622591==    by 0x400CD90: main (tar.c:2818)
==622591== 
==622591== 4,064 bytes in 1 blocks are still reachable in loss record 18 of 19
==622591==    at 0x48BD858: malloc (vg_replace_malloc.c:447)
==622591==    by 0x40512CC: xmalloc (xmalloc.c:45)
==622591==    by 0x404A07D: call_chunkfun (obstack.c:88)
==622591==    by 0x404A07D: _obstack_begin_worker.isra.0 (obstack.c:135)
==622591==    by 0x404A0A8: _obstack_begin (obstack.c:157)
==622591==    by 0x4032C57: _transform_name_to_obstack (transform.c:592)
==622591==    by 0x4032C57: transform_name_fp (transform.c:614)
==622591==    by 0x4016444: dump_file0 (create.c:1657)
==622591==    by 0x4017589: dump_file (create.c:1968)
==622591==    by 0x4017589: create_archive (create.c:1412)
==622591==    by 0x400CD90: main (tar.c:2818)
==622591== 
==622591== 32,640 bytes in 1 blocks are still reachable in loss record 19 of 19
==622591==    at 0x48BD858: malloc (vg_replace_malloc.c:447)
==622591==    by 0x491DECE: __gconv_open (gconv_open.c:127)
==622591==    by 0x491D9E0: iconv_open (iconv_open.c:39)
==622591==    by 0x403387B: utf8_init (utf8.c:59)
==622591==    by 0x403387B: utf8_convert (utf8.c:73)
==622591==    by 0x401D32E: code_string (xheader.c:1015)
==622591==    by 0x402BCCB: pax_dump_header_1 (sparse.c:1205)
==622591==    by 0x402BCCB: pax_dump_header (sparse.c:1245)
==622591==    by 0x402CA6F: tar_sparse_dump_header (sparse.c:153)
==622591==    by 0x402CA6F: sparse_dump_file (sparse.c:535)
==622591==    by 0x4016E23: dump_file0 (create.c:1768)
==622591==    by 0x4017589: dump_file (create.c:1968)
==622591==    by 0x4017589: create_archive (create.c:1412)
==622591==    by 0x400CD90: main (tar.c:2818)
==622591== 
==622591== LEAK SUMMARY:
==622591==    definitely lost: 168 bytes in 10 blocks
==622591==    indirectly lost: 28 bytes in 3 blocks
==622591==      possibly lost: 0 bytes in 0 blocks
==622591==    still reachable: 37,552 bytes in 12 blocks
==622591==         suppressed: 0 bytes in 0 blocks
==622591== 
==622591== For lists of detected and suppressed errors, rerun with: -s
==622591== ERROR SUMMARY: 7 errors from 7 contexts (suppressed: 0 from 0)
