==743784== Memcheck, a memory error detector
==743784== Copyright (C) 2002-2024, and GNU GPL'd, by Julian Seward et al.
==743784== Using Valgrind-3.26.0 and LibVEX; rerun with -h for copyright info
==743784== Command: /tmp/rboxc-gawk-original-ldg_ah7w/deps/sed s/[0-9]/./g
==743784== Parent PID: 743766
==743784== 
==743784== 
==743784== FILE DESCRIPTORS: 2 open (2 inherited) at exit.
==743784== 
==743784== HEAP SUMMARY:
==743784==     in use at exit: 17,707 bytes in 49 blocks
==743784==   total heap usage: 95 allocs, 46 frees, 30,879 bytes allocated
==743784== 
==743784== 1 bytes in 1 blocks are still reachable in loss record 1 of 47
==743784==    at 0x487D858: malloc (vg_replace_malloc.c:447)
==743784==    by 0x4026E67: xmalloc (xmalloc.c:49)
==743784==    by 0x4026E67: xmemdup (xmalloc.c:312)
==743784==    by 0x400609E: setup_replacement (compile.c:675)
==743784==    by 0x400609E: compile_program (compile.c:1169)
==743784==    by 0x4006C3C: compile_string (compile.c:1448)
==743784==    by 0x40042FC: main (sed.c:360)
==743784== 
==743784== 1 bytes in 1 blocks are still reachable in loss record 2 of 47
==743784==    at 0x487D858: malloc (vg_replace_malloc.c:447)
==743784==    by 0x4026A9C: xmalloc (xmalloc.c:49)
==743784==    by 0x400AD58: line_init (execute.c:281)
==743784==    by 0x400AD58: process_files (execute.c:1666)
==743784==    by 0x4004279: main (sed.c:380)
==743784== 
==743784== 1 bytes in 1 blocks are still reachable in loss record 3 of 47
==743784==    at 0x487D858: malloc (vg_replace_malloc.c:447)
==743784==    by 0x4026A9C: xmalloc (xmalloc.c:49)
==743784==    by 0x400AD8F: line_init (execute.c:281)
==743784==    by 0x400AD8F: process_files (execute.c:1667)
==743784==    by 0x4004279: main (sed.c:380)
==743784== 
==743784== 8 bytes in 1 blocks are still reachable in loss record 4 of 47
==743784==    at 0x487D858: malloc (vg_replace_malloc.c:447)
==743784==    by 0x401810D: re_node_set_init_copy (regex_internal.c:999)
==743784==    by 0x401B702: create_cd_newstate (regex_internal.c:1651)
==743784==    by 0x401B702: re_acquire_state_context (regex_internal.c:1525)
==743784==    by 0x4025630: create_initial_state (regcomp.c:1016)
==743784==    by 0x4025630: re_compile_internal (regcomp.c:778)
==743784==    by 0x402598B: rpl_re_compile_pattern (regcomp.c:217)
==743784==    by 0x400B0D2: compile_regex_1 (regexp.c:90)
==743784==    by 0x400B352: compile_regex (regexp.c:157)
==743784==    by 0x40064DF: compile_program (compile.c:1175)
==743784==    by 0x4006C3C: compile_string (compile.c:1448)
==743784==    by 0x40042FC: main (sed.c:360)
==743784== 
==743784== 8 bytes in 1 blocks are still reachable in loss record 5 of 47
==743784==    at 0x487D858: malloc (vg_replace_malloc.c:447)
==743784==    by 0x401AD46: re_node_set_alloc (regex_internal.c:939)
==743784==    by 0x401AD46: register_state (regex_internal.c:1546)
==743784==    by 0x401B85C: create_cd_newstate (regex_internal.c:1705)
==743784==    by 0x401B85C: re_acquire_state_context (regex_internal.c:1525)
==743784==    by 0x4025630: create_initial_state (regcomp.c:1016)
==743784==    by 0x4025630: re_compile_internal (regcomp.c:778)
==743784==    by 0x402598B: rpl_re_compile_pattern (regcomp.c:217)
==743784==    by 0x400B0D2: compile_regex_1 (regexp.c:90)
==743784==    by 0x400B352: compile_regex (regexp.c:157)
==743784==    by 0x40064DF: compile_program (compile.c:1175)
==743784==    by 0x4006C3C: compile_string (compile.c:1448)
==743784==    by 0x40042FC: main (sed.c:360)
==743784== 
==743784== 8 bytes in 1 blocks are still reachable in loss record 6 of 47
==743784==    at 0x487D858: malloc (vg_replace_malloc.c:447)
==743784==    by 0x401810D: re_node_set_init_copy (regex_internal.c:999)
==743784==    by 0x401B702: create_cd_newstate (regex_internal.c:1651)
==743784==    by 0x401B702: re_acquire_state_context (regex_internal.c:1525)
==743784==    by 0x401F242: build_trtable (regexec.c:3390)
==743784==    by 0x4020FB2: transit_state (regexec.c:2321)
==743784==    by 0x4020FB2: check_matching (regexec.c:1192)
==743784==    by 0x4020FB2: re_search_internal (regexec.c:786)
==743784==    by 0x4025BA1: re_search_stub (regexec.c:420)
==743784==    by 0x4026283: rpl_re_search (regexec.c:284)
==743784==    by 0x400B840: match_regex (regexp.c:343)
==743784==    by 0x4009A8D: do_subst (execute.c:1025)
==743784==    by 0x4009A8D: execute_program (execute.c:1555)
==743784==    by 0x400AE12: process_files (execute.c:1691)
==743784==    by 0x4004279: main (sed.c:380)
==743784== 
==743784== 8 bytes in 1 blocks are still reachable in loss record 7 of 47
==743784==    at 0x487D858: malloc (vg_replace_malloc.c:447)
==743784==    by 0x401AD46: re_node_set_alloc (regex_internal.c:939)
==743784==    by 0x401AD46: register_state (regex_internal.c:1546)
==743784==    by 0x401B85C: create_cd_newstate (regex_internal.c:1705)
==743784==    by 0x401B85C: re_acquire_state_context (regex_internal.c:1525)
==743784==    by 0x401F242: build_trtable (regexec.c:3390)
==743784==    by 0x4020FB2: transit_state (regexec.c:2321)
==743784==    by 0x4020FB2: check_matching (regexec.c:1192)
==743784==    by 0x4020FB2: re_search_internal (regexec.c:786)
==743784==    by 0x4025BA1: re_search_stub (regexec.c:420)
==743784==    by 0x4026283: rpl_re_search (regexec.c:284)
==743784==    by 0x400B840: match_regex (regexp.c:343)
==743784==    by 0x4009A8D: do_subst (execute.c:1025)
==743784==    by 0x4009A8D: execute_program (execute.c:1555)
==743784==    by 0x400AE12: process_files (execute.c:1691)
==743784==    by 0x4004279: main (sed.c:380)
==743784== 
==743784== 14 bytes in 1 blocks are still reachable in loss record 8 of 47
==743784==    at 0x488507F: realloc (vg_replace_malloc.c:1804)
==743784==    by 0x4026B5C: xreallocarray (xmalloc.c:85)
==743784==    by 0x400CEB2: realloc_trans_if_necessary (dfa.c:2950)
==743784==    by 0x400FDED: dfaexec_main (dfa.c:3478)
==743784==    by 0x400B9D5: match_regex (regexp.c:277)
==743784==    by 0x4009A8D: do_subst (execute.c:1025)
==743784==    by 0x4009A8D: execute_program (execute.c:1555)
==743784==    by 0x400AE12: process_files (execute.c:1691)
==743784==    by 0x4004279: main (sed.c:380)
==743784== 
==743784== 16 bytes in 1 blocks are still reachable in loss record 9 of 47
==743784==    at 0x488507F: realloc (vg_replace_malloc.c:1804)
==743784==    by 0x401AE1E: rpl_realloc (stdlib.h:2059)
==743784==    by 0x401AE1E: register_state (regex_internal.c:1561)
==743784==    by 0x401B85C: create_cd_newstate (regex_internal.c:1705)
==743784==    by 0x401B85C: re_acquire_state_context (regex_internal.c:1525)
==743784==    by 0x4025630: create_initial_state (regcomp.c:1016)
==743784==    by 0x4025630: re_compile_internal (regcomp.c:778)
==743784==    by 0x402598B: rpl_re_compile_pattern (regcomp.c:217)
==743784==    by 0x400B0D2: compile_regex_1 (regexp.c:90)
==743784==    by 0x400B352: compile_regex (regexp.c:157)
==743784==    by 0x40064DF: compile_program (compile.c:1175)
==743784==    by 0x4006C3C: compile_string (compile.c:1448)
==743784==    by 0x40042FC: main (sed.c:360)
==743784== 
==743784== 16 bytes in 1 blocks are still reachable in loss record 10 of 47
==743784==    at 0x488507F: realloc (vg_replace_malloc.c:1804)
==743784==    by 0x4026BA4: xreallocarray (xmalloc.c:85)
==743784==    by 0x4026BA4: xnmalloc (xmalloc.c:100)
==743784==    by 0x400D5D0: alloc_position_set (dfa.c:2104)
==743784==    by 0x400D5D0: state_index (dfa.c:2322)
==743784==    by 0x40109BC: dfaanalyze (dfa.c:2923)
==743784==    by 0x4012DBC: dfacomp (dfa.c:3846)
==743784==    by 0x400B15D: compile_regex_1 (regexp.c:120)
==743784==    by 0x400B352: compile_regex (regexp.c:157)
==743784==    by 0x40064DF: compile_program (compile.c:1175)
==743784==    by 0x4006C3C: compile_string (compile.c:1448)
==743784==    by 0x40042FC: main (sed.c:360)
==743784== 
==743784== 16 bytes in 1 blocks are still reachable in loss record 11 of 47
==743784==    at 0x488507F: realloc (vg_replace_malloc.c:1804)
==743784==    by 0x401AE1E: rpl_realloc (stdlib.h:2059)
==743784==    by 0x401AE1E: register_state (regex_internal.c:1561)
==743784==    by 0x401B85C: create_cd_newstate (regex_internal.c:1705)
==743784==    by 0x401B85C: re_acquire_state_context (regex_internal.c:1525)
==743784==    by 0x401F242: build_trtable (regexec.c:3390)
==743784==    by 0x4020FB2: transit_state (regexec.c:2321)
==743784==    by 0x4020FB2: check_matching (regexec.c:1192)
==743784==    by 0x4020FB2: re_search_internal (regexec.c:786)
==743784==    by 0x4025BA1: re_search_stub (regexec.c:420)
==743784==    by 0x4026283: rpl_re_search (regexec.c:284)
==743784==    by 0x400B840: match_regex (regexp.c:343)
==743784==    by 0x4009A8D: do_subst (execute.c:1025)
==743784==    by 0x4009A8D: execute_program (execute.c:1555)
==743784==    by 0x400AE12: process_files (execute.c:1691)
==743784==    by 0x4004279: main (sed.c:380)
==743784== 
==743784== 16 bytes in 1 blocks are still reachable in loss record 12 of 47
==743784==    at 0x488507F: realloc (vg_replace_malloc.c:1804)
==743784==    by 0x4025E07: rpl_realloc (stdlib.h:2059)
==743784==    by 0x4025E07: re_copy_regs (regexec.c:483)
==743784==    by 0x4025E07: re_search_stub (regexec.c:431)
==743784==    by 0x4026283: rpl_re_search (regexec.c:284)
==743784==    by 0x400B840: match_regex (regexp.c:343)
==743784==    by 0x4009A8D: do_subst (execute.c:1025)
==743784==    by 0x4009A8D: execute_program (execute.c:1555)
==743784==    by 0x400AE12: process_files (execute.c:1691)
==743784==    by 0x4004279: main (sed.c:380)
==743784== 
==743784== 16 bytes in 1 blocks are still reachable in loss record 13 of 47
==743784==    at 0x488507F: realloc (vg_replace_malloc.c:1804)
==743784==    by 0x4025E1F: rpl_realloc (stdlib.h:2059)
==743784==    by 0x4025E1F: re_copy_regs (regexec.c:487)
==743784==    by 0x4025E1F: re_search_stub (regexec.c:431)
==743784==    by 0x4026283: rpl_re_search (regexec.c:284)
==743784==    by 0x400B840: match_regex (regexp.c:343)
==743784==    by 0x4009A8D: do_subst (execute.c:1025)
==743784==    by 0x4009A8D: execute_program (execute.c:1555)
==743784==    by 0x400AE12: process_files (execute.c:1691)
==743784==    by 0x4004279: main (sed.c:380)
==743784== 
==743784== 16 bytes in 2 blocks are still reachable in loss record 14 of 47
==743784==    at 0x487D858: malloc (vg_replace_malloc.c:447)
==743784==    by 0x402428E: re_node_set_alloc (regex_internal.c:939)
==743784==    by 0x402428E: calc_eclosure_iter (regcomp.c:1661)
==743784==    by 0x4024F6B: calc_eclosure (regcomp.c:1639)
==743784==    by 0x4024F6B: analyze (regcomp.c:1166)
==743784==    by 0x4024F6B: re_compile_internal (regcomp.c:769)
==743784==    by 0x402598B: rpl_re_compile_pattern (regcomp.c:217)
==743784==    by 0x400B0D2: compile_regex_1 (regexp.c:90)
==743784==    by 0x400B352: compile_regex (regexp.c:157)
==743784==    by 0x40064DF: compile_program (compile.c:1175)
==743784==    by 0x4006C3C: compile_string (compile.c:1448)
==743784==    by 0x40042FC: main (sed.c:360)
==743784== 
==743784== 20 bytes in 1 blocks are still reachable in loss record 15 of 47
==743784==    at 0x4884E43: calloc (vg_replace_malloc.c:1678)
==743784==    by 0x4026E3C: icalloc (ialloc.h:91)
==743784==    by 0x4026E3C: xicalloc (xmalloc.c:302)
==743784==    by 0x40104AF: dfaoptimize (dfa.c:2609)
==743784==    by 0x40104AF: dfaanalyze (dfa.c:2871)
==743784==    by 0x4012DBC: dfacomp (dfa.c:3846)
==743784==    by 0x400B15D: compile_regex_1 (regexp.c:120)
==743784==    by 0x400B352: compile_regex (regexp.c:157)
==743784==    by 0x40064DF: compile_program (compile.c:1175)
==743784==    by 0x4006C3C: compile_string (compile.c:1448)
==743784==    by 0x40042FC: main (sed.c:360)
==743784== 
==743784== 20 bytes in 1 blocks are still reachable in loss record 16 of 47
==743784==    at 0x4884E43: calloc (vg_replace_malloc.c:1678)
==743784==    by 0x4026E3C: icalloc (ialloc.h:91)
==743784==    by 0x4026E3C: xicalloc (xmalloc.c:302)
==743784==    by 0x40108F0: dfaanalyze (dfa.c:2898)
==743784==    by 0x4012DBC: dfacomp (dfa.c:3846)
==743784==    by 0x400B15D: compile_regex_1 (regexp.c:120)
==743784==    by 0x400B352: compile_regex (regexp.c:157)
==743784==    by 0x40064DF: compile_program (compile.c:1175)
==743784==    by 0x4006C3C: compile_string (compile.c:1448)
==743784==    by 0x40042FC: main (sed.c:360)
==743784== 
==743784== 24 bytes in 1 blocks are still reachable in loss record 17 of 47
==743784==    at 0x488507F: realloc (vg_replace_malloc.c:1804)
==743784==    by 0x4026BA4: xreallocarray (xmalloc.c:85)
==743784==    by 0x4026BA4: xnmalloc (xmalloc.c:100)
==743784==    by 0x4006A36: compile_program (compile.c:915)
==743784==    by 0x4006C3C: compile_string (compile.c:1448)
==743784==    by 0x40042FC: main (sed.c:360)
==743784== 
==743784== 32 bytes in 1 blocks are still reachable in loss record 18 of 47
==743784==    at 0x4884E43: calloc (vg_replace_malloc.c:1678)
==743784==    by 0x402285F: parse_bracket_exp (regcomp.c:3063)
==743784==    by 0x402285F: parse_expression (regcomp.c:2253)
==743784==    by 0x4023B2C: parse_branch (regcomp.c:2174)
==743784==    by 0x4023DA7: parse_reg_exp (regcomp.c:2126)
==743784==    by 0x4024A23: parse (regcomp.c:2094)
==743784==    by 0x4024A23: re_compile_internal (regcomp.c:764)
==743784==    by 0x402598B: rpl_re_compile_pattern (regcomp.c:217)
==743784==    by 0x400B0D2: compile_regex_1 (regexp.c:90)
==743784==    by 0x400B352: compile_regex (regexp.c:157)
==743784==    by 0x40064DF: compile_program (compile.c:1175)
==743784==    by 0x4006C3C: compile_string (compile.c:1448)
==743784==    by 0x40042FC: main (sed.c:360)
==743784== 
==743784== 32 bytes in 1 blocks are still reachable in loss record 19 of 47
==743784==    at 0x488507F: realloc (vg_replace_malloc.c:1804)
==743784==    by 0x4026BA4: xreallocarray (xmalloc.c:85)
==743784==    by 0x4026BA4: xnmalloc (xmalloc.c:100)
==743784==    by 0x400D5D0: alloc_position_set (dfa.c:2104)
==743784==    by 0x400D5D0: state_index (dfa.c:2322)
==743784==    by 0x400E8F4: build_state (dfa.c:3210)
==743784==    by 0x400FC2B: dfaexec_main (dfa.c:3559)
==743784==    by 0x400B9D5: match_regex (regexp.c:277)
==743784==    by 0x4009A8D: do_subst (execute.c:1025)
==743784==    by 0x4009A8D: execute_program (execute.c:1555)
==743784==    by 0x400AE12: process_files (execute.c:1691)
==743784==    by 0x4004279: main (sed.c:380)
==743784== 
==743784== 48 bytes in 1 blocks are still reachable in loss record 20 of 47
==743784==    at 0x487D858: malloc (vg_replace_malloc.c:447)
==743784==    by 0x4024ABF: analyze (regcomp.c:1131)
==743784==    by 0x4024ABF: re_compile_internal (regcomp.c:769)
==743784==    by 0x402598B: rpl_re_compile_pattern (regcomp.c:217)
==743784==    by 0x400B0D2: compile_regex_1 (regexp.c:90)
==743784==    by 0x400B352: compile_regex (regexp.c:157)
==743784==    by 0x40064DF: compile_program (compile.c:1175)
==743784==    by 0x4006C3C: compile_string (compile.c:1448)
==743784==    by 0x40042FC: main (sed.c:360)
==743784== 
==743784== 51 bytes in 1 blocks are still reachable in loss record 21 of 47
==743784==    at 0x487D858: malloc (vg_replace_malloc.c:447)
==743784==    by 0x4026A9C: xmalloc (xmalloc.c:49)
==743784==    by 0x400AD1D: line_init (execute.c:281)
==743784==    by 0x400AD1D: process_files (execute.c:1665)
==743784==    by 0x4004279: main (sed.c:380)
==743784== 
==743784== 51 bytes in 1 blocks are still reachable in loss record 22 of 47
==743784==    at 0x487D858: malloc (vg_replace_malloc.c:447)
==743784==    by 0x4026A9C: xmalloc (xmalloc.c:49)
==743784==    by 0x4008CAE: line_init (execute.c:281)
==743784==    by 0x4008CAE: line_reset.constprop.0 (execute.c:301)
==743784==    by 0x4009A60: do_subst (execute.c:1021)
==743784==    by 0x4009A60: execute_program (execute.c:1555)
==743784==    by 0x400AE12: process_files (execute.c:1691)
==743784==    by 0x4004279: main (sed.c:380)
==743784== 
==743784== 96 bytes in 1 blocks are still reachable in loss record 23 of 47
==743784==    at 0x487D858: malloc (vg_replace_malloc.c:447)
==743784==    by 0x40245F6: init_dfa (regcomp.c:827)
==743784==    by 0x40245F6: re_compile_internal (regcomp.c:732)
==743784==    by 0x402598B: rpl_re_compile_pattern (regcomp.c:217)
==743784==    by 0x400B0D2: compile_regex_1 (regexp.c:90)
==743784==    by 0x400B352: compile_regex (regexp.c:157)
==743784==    by 0x40064DF: compile_program (compile.c:1175)
==743784==    by 0x4006C3C: compile_string (compile.c:1448)
==743784==    by 0x40042FC: main (sed.c:360)
==743784== 
==743784== 100 bytes in 1 blocks are still reachable in loss record 24 of 47
==743784==    at 0x4884E43: calloc (vg_replace_malloc.c:1678)
==743784==    by 0x4026DC1: xcalloc (xmalloc.c:296)
==743784==    by 0x4026DC1: xzalloc (xmalloc.c:281)
==743784==    by 0x400B303: compile_regex (regexp.c:150)
==743784==    by 0x40064DF: compile_program (compile.c:1175)
==743784==    by 0x4006C3C: compile_string (compile.c:1448)
==743784==    by 0x40042FC: main (sed.c:360)
==743784== 
==743784== 112 bytes in 1 blocks are still reachable in loss record 25 of 47
==743784==    at 0x4884E43: calloc (vg_replace_malloc.c:1678)
==743784==    by 0x401B6E2: create_cd_newstate (regex_internal.c:1648)
==743784==    by 0x401B6E2: re_acquire_state_context (regex_internal.c:1525)
==743784==    by 0x4025630: create_initial_state (regcomp.c:1016)
==743784==    by 0x4025630: re_compile_internal (regcomp.c:778)
==743784==    by 0x402598B: rpl_re_compile_pattern (regcomp.c:217)
==743784==    by 0x400B0D2: compile_regex_1 (regexp.c:90)
==743784==    by 0x400B352: compile_regex (regexp.c:157)
==743784==    by 0x40064DF: compile_program (compile.c:1175)
==743784==    by 0x4006C3C: compile_string (compile.c:1448)
==743784==    by 0x40042FC: main (sed.c:360)
==743784== 
==743784== 112 bytes in 1 blocks are still reachable in loss record 26 of 47
==743784==    at 0x488507F: realloc (vg_replace_malloc.c:1804)
==743784==    by 0x4026B5C: xreallocarray (xmalloc.c:85)
==743784==    by 0x400CE97: realloc_trans_if_necessary (dfa.c:2949)
==743784==    by 0x400FDED: dfaexec_main (dfa.c:3478)
==743784==    by 0x400B9D5: match_regex (regexp.c:277)
==743784==    by 0x4009A8D: do_subst (execute.c:1025)
==743784==    by 0x4009A8D: execute_program (execute.c:1555)
==743784==    by 0x400AE12: process_files (execute.c:1691)
==743784==    by 0x4004279: main (sed.c:380)
==743784== 
==743784== 112 bytes in 1 blocks are still reachable in loss record 27 of 47
==743784==    at 0x488507F: realloc (vg_replace_malloc.c:1804)
==743784==    by 0x4026B5C: xreallocarray (xmalloc.c:85)
==743784==    by 0x400CECD: realloc_trans_if_necessary (dfa.c:2951)
==743784==    by 0x400FDED: dfaexec_main (dfa.c:3478)
==743784==    by 0x400B9D5: match_regex (regexp.c:277)
==743784==    by 0x4009A8D: do_subst (execute.c:1025)
==743784==    by 0x4009A8D: execute_program (execute.c:1555)
==743784==    by 0x400AE12: process_files (execute.c:1691)
==743784==    by 0x4004279: main (sed.c:380)
==743784== 
==743784== 112 bytes in 1 blocks are still reachable in loss record 28 of 47
==743784==    at 0x4884E43: calloc (vg_replace_malloc.c:1678)
==743784==    by 0x401B6E2: create_cd_newstate (regex_internal.c:1648)
==743784==    by 0x401B6E2: re_acquire_state_context (regex_internal.c:1525)
==743784==    by 0x401F242: build_trtable (regexec.c:3390)
==743784==    by 0x4020FB2: transit_state (regexec.c:2321)
==743784==    by 0x4020FB2: check_matching (regexec.c:1192)
==743784==    by 0x4020FB2: re_search_internal (regexec.c:786)
==743784==    by 0x4025BA1: re_search_stub (regexec.c:420)
==743784==    by 0x4026283: rpl_re_search (regexec.c:284)
==743784==    by 0x400B840: match_regex (regexp.c:343)
==743784==    by 0x4009A8D: do_subst (execute.c:1025)
==743784==    by 0x4009A8D: execute_program (execute.c:1555)
==743784==    by 0x400AE12: process_files (execute.c:1691)
==743784==    by 0x4004279: main (sed.c:380)
==743784== 
==743784== 120 bytes in 1 blocks are still reachable in loss record 29 of 47
==743784==    at 0x488507F: realloc (vg_replace_malloc.c:1804)
==743784==    by 0x4026D46: rpl_realloc (stdlib.h:2059)
==743784==    by 0x4026D46: xrealloc (xmalloc.c:70)
==743784==    by 0x4026D46: xpalloc (xmalloc.c:269)
==743784==    by 0x400630D: next_cmd_entry (compile.c:362)
==743784==    by 0x400630D: compile_program (compile.c:934)
==743784==    by 0x4006C3C: compile_string (compile.c:1448)
==743784==    by 0x40042FC: main (sed.c:360)
==743784== 
==743784== 120 bytes in 1 blocks are still reachable in loss record 30 of 47
==743784==    at 0x4884E43: calloc (vg_replace_malloc.c:1678)
==743784==    by 0x4026E3C: icalloc (ialloc.h:91)
==743784==    by 0x4026E3C: xicalloc (xmalloc.c:302)
==743784==    by 0x400FF71: dfaanalyze (dfa.c:2713)
==743784==    by 0x4012DBC: dfacomp (dfa.c:3846)
==743784==    by 0x400B15D: compile_regex_1 (regexp.c:120)
==743784==    by 0x400B352: compile_regex (regexp.c:157)
==743784==    by 0x40064DF: compile_program (compile.c:1175)
==743784==    by 0x4006C3C: compile_string (compile.c:1448)
==743784==    by 0x40042FC: main (sed.c:360)
==743784== 
==743784== 120 bytes in 1 blocks are still reachable in loss record 31 of 47
==743784==    at 0x487D858: malloc (vg_replace_malloc.c:447)
==743784==    by 0x49487DC: getdelim (iogetdelim.c:65)
==743784==    by 0x400C2DA: ck_getdelim (utils.c:256)
==743784==    by 0x4008268: read_file_line (execute.c:388)
==743784==    by 0x4009264: read_pattern_space (execute.c:721)
==743784==    by 0x400AE24: process_files (execute.c:1683)
==743784==    by 0x4004279: main (sed.c:380)
==743784== 
==743784== 128 bytes in 1 blocks are still reachable in loss record 32 of 47
==743784==    at 0x488507F: realloc (vg_replace_malloc.c:1804)
==743784==    by 0x4026D46: rpl_realloc (stdlib.h:2059)
==743784==    by 0x4026D46: xrealloc (xmalloc.c:70)
==743784==    by 0x4026D46: xpalloc (xmalloc.c:269)
==743784==    by 0x400CD63: addtok_mb (dfa.c:1623)
==743784==    by 0x401279C: dfaparse (dfa.c:2065)
==743784==    by 0x4012A62: dfacomp (dfa.c:3839)
==743784==    by 0x400B15D: compile_regex_1 (regexp.c:120)
==743784==    by 0x400B352: compile_regex (regexp.c:157)
==743784==    by 0x40064DF: compile_program (compile.c:1175)
==743784==    by 0x4006C3C: compile_string (compile.c:1448)
==743784==    by 0x40042FC: main (sed.c:360)
==743784== 
==743784== 128 bytes in 1 blocks are still reachable in loss record 33 of 47
==743784==    at 0x488507F: realloc (vg_replace_malloc.c:1804)
==743784==    by 0x4026D46: rpl_realloc (stdlib.h:2059)
==743784==    by 0x4026D46: xrealloc (xmalloc.c:70)
==743784==    by 0x4026D46: xpalloc (xmalloc.c:269)
==743784==    by 0x400D8F9: maybe_realloc (dfa.c:820)
==743784==    by 0x400D8F9: maybe_realloc (dfa.c:815)
==743784==    by 0x400D8F9: charclass_index (dfa.c:832)
==743784==    by 0x400EAED: parse_bracket_exp (dfa.c:1178)
==743784==    by 0x4011A05: lex (dfa.c:1563)
==743784==    by 0x401272E: dfaparse (dfa.c:2067)
==743784==    by 0x4012A62: dfacomp (dfa.c:3839)
==743784==    by 0x400B15D: compile_regex_1 (regexp.c:120)
==743784==    by 0x400B352: compile_regex (regexp.c:157)
==743784==    by 0x40064DF: compile_program (compile.c:1175)
==743784==    by 0x4006C3C: compile_string (compile.c:1448)
==743784==    by 0x40042FC: main (sed.c:360)
==743784== 
==743784== 128 bytes in 1 blocks are possibly lost in loss record 34 of 47
==743784==    at 0x488507F: realloc (vg_replace_malloc.c:1804)
==743784==    by 0x4026D46: rpl_realloc (stdlib.h:2059)
==743784==    by 0x4026D46: xrealloc (xmalloc.c:70)
==743784==    by 0x4026D46: xpalloc (xmalloc.c:269)
==743784==    by 0x400CE62: realloc_trans_if_necessary (dfa.c:2944)
==743784==    by 0x400FDED: dfaexec_main (dfa.c:3478)
==743784==    by 0x400B9D5: match_regex (regexp.c:277)
==743784==    by 0x4009A8D: do_subst (execute.c:1025)
==743784==    by 0x4009A8D: execute_program (execute.c:1555)
==743784==    by 0x400AE12: process_files (execute.c:1691)
==743784==    by 0x4004279: main (sed.c:380)
==743784== 
==743784== 144 bytes in 1 blocks are still reachable in loss record 35 of 47
==743784==    at 0x487D858: malloc (vg_replace_malloc.c:447)
==743784==    by 0x4024AE2: analyze (regcomp.c:1133)
==743784==    by 0x4024AE2: re_compile_internal (regcomp.c:769)
==743784==    by 0x402598B: rpl_re_compile_pattern (regcomp.c:217)
==743784==    by 0x400B0D2: compile_regex_1 (regexp.c:90)
==743784==    by 0x400B352: compile_regex (regexp.c:157)
==743784==    by 0x40064DF: compile_program (compile.c:1175)
==743784==    by 0x4006C3C: compile_string (compile.c:1448)
==743784==    by 0x40042FC: main (sed.c:360)
==743784== 
==743784== 144 bytes in 1 blocks are still reachable in loss record 36 of 47
==743784==    at 0x487D858: malloc (vg_replace_malloc.c:447)
==743784==    by 0x4024AF3: analyze (regcomp.c:1134)
==743784==    by 0x4024AF3: re_compile_internal (regcomp.c:769)
==743784==    by 0x402598B: rpl_re_compile_pattern (regcomp.c:217)
==743784==    by 0x400B0D2: compile_regex_1 (regexp.c:90)
==743784==    by 0x400B352: compile_regex (regexp.c:157)
==743784==    by 0x40064DF: compile_program (compile.c:1175)
==743784==    by 0x4006C3C: compile_string (compile.c:1448)
==743784==    by 0x40042FC: main (sed.c:360)
==743784== 
==743784== 144 bytes in 1 blocks are still reachable in loss record 37 of 47
==743784==    at 0x488507F: realloc (vg_replace_malloc.c:1804)
==743784==    by 0x4026D46: rpl_realloc (stdlib.h:2059)
==743784==    by 0x4026D46: xrealloc (xmalloc.c:70)
==743784==    by 0x4026D46: xpalloc (xmalloc.c:269)
==743784==    by 0x400D665: maybe_realloc (dfa.c:820)
==743784==    by 0x400D665: maybe_realloc (dfa.c:815)
==743784==    by 0x400D665: state_index (dfa.c:2319)
==743784==    by 0x400E8F4: build_state (dfa.c:3210)
==743784==    by 0x400FC2B: dfaexec_main (dfa.c:3559)
==743784==    by 0x400B9D5: match_regex (regexp.c:277)
==743784==    by 0x4009A8D: do_subst (execute.c:1025)
==743784==    by 0x4009A8D: execute_program (execute.c:1555)
==743784==    by 0x400AE12: process_files (execute.c:1691)
==743784==    by 0x4004279: main (sed.c:380)
==743784== 
==743784== 192 bytes in 1 blocks are still reachable in loss record 38 of 47
==743784==    at 0x4884E43: calloc (vg_replace_malloc.c:1678)
==743784==    by 0x4024626: init_dfa (regcomp.c:834)
==743784==    by 0x4024626: re_compile_internal (regcomp.c:732)
==743784==    by 0x402598B: rpl_re_compile_pattern (regcomp.c:217)
==743784==    by 0x400B0D2: compile_regex_1 (regexp.c:90)
==743784==    by 0x400B352: compile_regex (regexp.c:157)
==743784==    by 0x40064DF: compile_program (compile.c:1175)
==743784==    by 0x4006C3C: compile_string (compile.c:1448)
==743784==    by 0x40042FC: main (sed.c:360)
==743784== 
==743784== 232 bytes in 1 blocks are still reachable in loss record 39 of 47
==743784==    at 0x488507F: realloc (vg_replace_malloc.c:1804)
==743784==    by 0x4025752: rpl_realloc (stdlib.h:2059)
==743784==    by 0x4025752: re_compile_internal (regcomp.c:724)
==743784==    by 0x402598B: rpl_re_compile_pattern (regcomp.c:217)
==743784==    by 0x400B0D2: compile_regex_1 (regexp.c:90)
==743784==    by 0x400B352: compile_regex (regexp.c:157)
==743784==    by 0x40064DF: compile_program (compile.c:1175)
==743784==    by 0x4006C3C: compile_string (compile.c:1448)
==743784==    by 0x40042FC: main (sed.c:360)
==743784== 
==743784== 256 bytes in 1 blocks are still reachable in loss record 40 of 47
==743784==    at 0x487D858: malloc (vg_replace_malloc.c:447)
==743784==    by 0x400B1AD: compile_regex_1 (regexp.c:78)
==743784==    by 0x400B352: compile_regex (regexp.c:157)
==743784==    by 0x40064DF: compile_program (compile.c:1175)
==743784==    by 0x4006C3C: compile_string (compile.c:1448)
==743784==    by 0x40042FC: main (sed.c:360)
==743784== 
==743784== 256 bytes in 2 blocks are still reachable in loss record 41 of 47
==743784==    at 0x488507F: realloc (vg_replace_malloc.c:1804)
==743784==    by 0x4026D46: rpl_realloc (stdlib.h:2059)
==743784==    by 0x4026D46: xrealloc (xmalloc.c:70)
==743784==    by 0x4026D46: xpalloc (xmalloc.c:269)
==743784==    by 0x400DA54: maybe_realloc (dfa.c:820)
==743784==    by 0x400DA54: maybe_realloc (dfa.c:815)
==743784==    by 0x400DA54: insert (dfa.c:2132)
==743784==    by 0x4010323: merge2 (dfa.c:2201)
==743784==    by 0x4010323: dfaanalyze (dfa.c:2779)
==743784==    by 0x4012DBC: dfacomp (dfa.c:3846)
==743784==    by 0x400B15D: compile_regex_1 (regexp.c:120)
==743784==    by 0x400B352: compile_regex (regexp.c:157)
==743784==    by 0x40064DF: compile_program (compile.c:1175)
==743784==    by 0x4006C3C: compile_string (compile.c:1448)
==743784==    by 0x40042FC: main (sed.c:360)
==743784== 
==743784== 2,048 bytes in 1 blocks are still reachable in loss record 42 of 47
==743784==    at 0x487D858: malloc (vg_replace_malloc.c:447)
==743784==    by 0x4026A9C: xmalloc (xmalloc.c:49)
==743784==    by 0x400E819: build_state (dfa.c:3040)
==743784==    by 0x400FBEF: dfaexec_main (dfa.c:3608)
==743784==    by 0x400B9D5: match_regex (regexp.c:277)
==743784==    by 0x4009A8D: do_subst (execute.c:1025)
==743784==    by 0x4009A8D: execute_program (execute.c:1555)
==743784==    by 0x400AE12: process_files (execute.c:1691)
==743784==    by 0x4004279: main (sed.c:380)
==743784== 
==743784== 2,048 bytes in 1 blocks are still reachable in loss record 43 of 47
==743784==    at 0x4884E43: calloc (vg_replace_malloc.c:1678)
==743784==    by 0x401F306: build_trtable (regexec.c:3426)
==743784==    by 0x4020FB2: transit_state (regexec.c:2321)
==743784==    by 0x4020FB2: check_matching (regexec.c:1192)
==743784==    by 0x4020FB2: re_search_internal (regexec.c:786)
==743784==    by 0x4025BA1: re_search_stub (regexec.c:420)
==743784==    by 0x4026283: rpl_re_search (regexec.c:284)
==743784==    by 0x400B840: match_regex (regexp.c:343)
==743784==    by 0x4009A8D: do_subst (execute.c:1025)
==743784==    by 0x4009A8D: execute_program (execute.c:1555)
==743784==    by 0x400AE12: process_files (execute.c:1691)
==743784==    by 0x4004279: main (sed.c:380)
==743784== 
==743784== 2,048 bytes in 1 blocks are still reachable in loss record 44 of 47
==743784==    at 0x4884E43: calloc (vg_replace_malloc.c:1678)
==743784==    by 0x401FC00: build_trtable (regexec.c:3354)
==743784==    by 0x4020FB2: transit_state (regexec.c:2321)
==743784==    by 0x4020FB2: check_matching (regexec.c:1192)
==743784==    by 0x4020FB2: re_search_internal (regexec.c:786)
==743784==    by 0x4025BA1: re_search_stub (regexec.c:420)
==743784==    by 0x4026283: rpl_re_search (regexec.c:284)
==743784==    by 0x400B840: match_regex (regexp.c:343)
==743784==    by 0x4009A8D: do_subst (execute.c:1025)
==743784==    by 0x4009A8D: execute_program (execute.c:1555)
==743784==    by 0x400AE12: process_files (execute.c:1691)
==743784==    by 0x4004279: main (sed.c:380)
==743784== 
==743784== 2,048 bytes in 1 blocks are possibly lost in loss record 45 of 47
==743784==    at 0x487D858: malloc (vg_replace_malloc.c:447)
==743784==    by 0x4026A9C: xmalloc (xmalloc.c:49)
==743784==    by 0x400E819: build_state (dfa.c:3040)
==743784==    by 0x400FBEF: dfaexec_main (dfa.c:3608)
==743784==    by 0x400B9D5: match_regex (regexp.c:277)
==743784==    by 0x4009A8D: do_subst (execute.c:1025)
==743784==    by 0x4009A8D: execute_program (execute.c:1555)
==743784==    by 0x400AE12: process_files (execute.c:1691)
==743784==    by 0x4004279: main (sed.c:380)
==743784== 
==743784== 2,336 bytes in 1 blocks are still reachable in loss record 46 of 47
==743784==    at 0x487D858: malloc (vg_replace_malloc.c:447)
==743784==    by 0x4026A9C: xmalloc (xmalloc.c:49)
==743784==    by 0x400B12E: compile_regex_1 (regexp.c:118)
==743784==    by 0x400B352: compile_regex (regexp.c:157)
==743784==    by 0x40064DF: compile_program (compile.c:1175)
==743784==    by 0x4006C3C: compile_string (compile.c:1448)
==743784==    by 0x40042FC: main (sed.c:360)
==743784== 
==743784== 4,000 bytes in 1 blocks are still reachable in loss record 47 of 47
==743784==    at 0x4884E43: calloc (vg_replace_malloc.c:1678)
==743784==    by 0x4026DC1: xcalloc (xmalloc.c:296)
==743784==    by 0x4026DC1: xzalloc (xmalloc.c:281)
==743784==    by 0x4013FED: call_chunkfun (obstack.c:94)
==743784==    by 0x4013FED: _obstack_begin_worker.isra.0 (obstack.c:145)
==743784==    by 0x40140D8: rpl_obstack_begin (obstack.c:169)
==743784==    by 0x4006A68: compile_program (compile.c:920)
==743784==    by 0x4006C3C: compile_string (compile.c:1448)
==743784==    by 0x40042FC: main (sed.c:360)
==743784== 
==743784== LEAK SUMMARY:
==743784==    definitely lost: 0 bytes in 0 blocks
==743784==    indirectly lost: 0 bytes in 0 blocks
==743784==      possibly lost: 2,176 bytes in 2 blocks
==743784==    still reachable: 15,531 bytes in 47 blocks
==743784==         suppressed: 0 bytes in 0 blocks
==743784== 
==743784== For lists of detected and suppressed errors, rerun with: -s
==743784== ERROR SUMMARY: 2 errors from 2 contexts (suppressed: 0 from 0)
