==743967== Memcheck, a memory error detector
==743967== Copyright (C) 2002-2024, and GNU GPL'd, by Julian Seward et al.
==743967== Using Valgrind-3.26.0 and LibVEX; rerun with -h for copyright info
==743967== Command: /bin/sh -c echo\ \ 5\ \ 6\ \ 7\ \ 8\ \ 9\ 10\ 11\ |\ sed\ "s/[0-9]/./g"
==743967== Parent PID: 743942
==743967== 
==743967== 
==743967== FILE DESCRIPTORS: 3 open (2 inherited) at exit.
==743967== Open file descriptor 1:
==743967==    at 0x49BCE8B: dup2 (dup2.c:29)
==743967==    by 0x401313D: ??? (in /usr/bin/dash)
==743967==    by 0x400BCE7: ??? (in /usr/bin/dash)
==743967==    by 0x40120F8: ??? (in /usr/bin/dash)
==743967==    by 0x4004DA0: ??? (in /usr/bin/dash)
==743967==    by 0x48C4600: (below main) (libc_start_call_main.h:59)
==743967== 
==743967== 
==743967== HEAP SUMMARY:
==743967==     in use at exit: 9,732 bytes in 30 blocks
==743967==   total heap usage: 33 allocs, 3 frees, 9,916 bytes allocated
==743967== 
==743967== 28 bytes in 1 blocks are still reachable in loss record 1 of 8
==743967==    at 0x486E858: malloc (vg_replace_malloc.c:447)
==743967==    by 0x40083FA: ??? (in /usr/bin/dash)
==743967==    by 0x4012D83: ??? (in /usr/bin/dash)
==743967==    by 0x40130E0: ??? (in /usr/bin/dash)
==743967==    by 0x400BCE7: ??? (in /usr/bin/dash)
==743967==    by 0x40120F8: ??? (in /usr/bin/dash)
==743967==    by 0x4004DA0: ??? (in /usr/bin/dash)
==743967==    by 0x48C4600: (below main) (libc_start_call_main.h:59)
==743967== 
==743967== 32 bytes in 1 blocks are still reachable in loss record 2 of 8
==743967==    at 0x486E858: malloc (vg_replace_malloc.c:447)
==743967==    by 0x4017AB2: ??? (in /usr/bin/dash)
==743967==    by 0x40186D4: ??? (in /usr/bin/dash)
==743967==    by 0x4004BC6: ??? (in /usr/bin/dash)
==743967==    by 0x48C4600: (below main) (libc_start_call_main.h:59)
==743967== 
==743967== 34 bytes in 1 blocks are still reachable in loss record 3 of 8
==743967==    at 0x486E858: malloc (vg_replace_malloc.c:447)
==743967==    by 0x495596E: strdup (strdup.c:42)
==743967==    by 0x40081DF: ??? (in /usr/bin/dash)
==743967==    by 0x40186F9: ??? (in /usr/bin/dash)
==743967==    by 0x4004BC6: ??? (in /usr/bin/dash)
==743967==    by 0x48C4600: (below main) (libc_start_call_main.h:59)
==743967== 
==743967== 38 bytes in 1 blocks are still reachable in loss record 4 of 8
==743967==    at 0x486E858: malloc (vg_replace_malloc.c:447)
==743967==    by 0x4017C53: ??? (in /usr/bin/dash)
==743967==    by 0x40186F9: ??? (in /usr/bin/dash)
==743967==    by 0x4004BC6: ??? (in /usr/bin/dash)
==743967==    by 0x48C4600: (below main) (libc_start_call_main.h:59)
==743967== 
==743967== 160 bytes in 1 blocks are still reachable in loss record 5 of 8
==743967==    at 0x487607F: realloc (vg_replace_malloc.c:1804)
==743967==    by 0x40074DC: ??? (in /usr/bin/dash)
==743967==    by 0x4012F76: ??? (in /usr/bin/dash)
==743967==    by 0x400BCE7: ??? (in /usr/bin/dash)
==743967==    by 0x40120F8: ??? (in /usr/bin/dash)
==743967==    by 0x4004DA0: ??? (in /usr/bin/dash)
==743967==    by 0x48C4600: (below main) (libc_start_call_main.h:59)
==743967== 
==743967== 512 bytes in 1 blocks are still reachable in loss record 6 of 8
==743967==    at 0x486E858: malloc (vg_replace_malloc.c:447)
==743967==    by 0x4008AD4: ??? (in /usr/bin/dash)
==743967==    by 0x4009688: ??? (in /usr/bin/dash)
==743967==    by 0x400FC23: ??? (in /usr/bin/dash)
==743967==    by 0x40112D2: ??? (in /usr/bin/dash)
==743967==    by 0x4011630: ??? (in /usr/bin/dash)
==743967==    by 0x4011DEE: ??? (in /usr/bin/dash)
==743967==    by 0x4011E85: ??? (in /usr/bin/dash)
==743967==    by 0x401214D: ??? (in /usr/bin/dash)
==743967==    by 0x4004DA0: ??? (in /usr/bin/dash)
==743967==    by 0x48C4600: (below main) (libc_start_call_main.h:59)
==743967== 
==743967== 736 bytes in 23 blocks are still reachable in loss record 7 of 8
==743967==    at 0x486E858: malloc (vg_replace_malloc.c:447)
==743967==    by 0x4017AB2: ??? (in /usr/bin/dash)
==743967==    by 0x4018670: ??? (in /usr/bin/dash)
==743967==    by 0x4004BC6: ??? (in /usr/bin/dash)
==743967==    by 0x48C4600: (below main) (libc_start_call_main.h:59)
==743967== 
==743967== 8,192 bytes in 1 blocks are still reachable in loss record 8 of 8
==743967==    at 0x487607F: realloc (vg_replace_malloc.c:1804)
==743967==    by 0x40168C6: ??? (in /usr/bin/dash)
==743967==    by 0x4016B3F: ??? (in /usr/bin/dash)
==743967==    by 0x4016C8C: ??? (in /usr/bin/dash)
==743967==    by 0x4012281: ??? (in /usr/bin/dash)
==743967==    by 0x40141BA: ??? (in /usr/bin/dash)
==743967==    by 0x400BCE7: ??? (in /usr/bin/dash)
==743967==    by 0x401304C: ??? (in /usr/bin/dash)
==743967==    by 0x400BCE7: ??? (in /usr/bin/dash)
==743967==    by 0x40120F8: ??? (in /usr/bin/dash)
==743967==    by 0x4004DA0: ??? (in /usr/bin/dash)
==743967==    by 0x48C4600: (below main) (libc_start_call_main.h:59)
==743967== 
==743967== LEAK SUMMARY:
==743967==    definitely lost: 0 bytes in 0 blocks
==743967==    indirectly lost: 0 bytes in 0 blocks
==743967==      possibly lost: 0 bytes in 0 blocks
==743967==    still reachable: 9,732 bytes in 30 blocks
==743967==         suppressed: 0 bytes in 0 blocks
==743967== 
==743967== For lists of detected and suppressed errors, rerun with: -s
==743967== ERROR SUMMARY: 1 errors from 1 contexts (suppressed: 0 from 0)
