==744111== Memcheck, a memory error detector
==744111== Copyright (C) 2002-2024, and GNU GPL'd, by Julian Seward et al.
==744111== Using Valgrind-3.26.0 and LibVEX; rerun with -h for copyright info
==744111== Command: /bin/sh -c echo\ 26\ 27\ 28\ 29\ 30\ 31\ |\ sed\ "s/[0-9]/./g"
==744111== Parent PID: 743683
==744111== 
==744111== File descriptor -1 Invalid file descriptor
==744111==    at 0x49BCD61: close (close.c:27)
==744111==    by 0x4013080: ??? (in /usr/bin/dash)
==744111==    by 0x400BCE7: ??? (in /usr/bin/dash)
==744111==    by 0x40120F8: ??? (in /usr/bin/dash)
==744111==    by 0x4004DA0: ??? (in /usr/bin/dash)
==744111==    by 0x48C4600: (below main) (libc_start_call_main.h:59)
==744111== 
==744111== FILE DESCRIPTORS: 3 open (3 inherited) at exit.
==744111== 
==744111== HEAP SUMMARY:
==744111==     in use at exit: 1,055 bytes in 29 blocks
==744111==   total heap usage: 32 allocs, 3 frees, 1,735 bytes allocated
==744111== 
==744111== 27 bytes in 1 blocks are still reachable in loss record 1 of 7
==744111==    at 0x486E858: malloc (vg_replace_malloc.c:447)
==744111==    by 0x40083FA: ??? (in /usr/bin/dash)
==744111==    by 0x4012E0A: ??? (in /usr/bin/dash)
==744111==    by 0x40130E0: ??? (in /usr/bin/dash)
==744111==    by 0x400BCE7: ??? (in /usr/bin/dash)
==744111==    by 0x40120F8: ??? (in /usr/bin/dash)
==744111==    by 0x4004DA0: ??? (in /usr/bin/dash)
==744111==    by 0x48C4600: (below main) (libc_start_call_main.h:59)
==744111== 
==744111== 28 bytes in 1 blocks are still reachable in loss record 2 of 7
==744111==    at 0x486E858: malloc (vg_replace_malloc.c:447)
==744111==    by 0x40083FA: ??? (in /usr/bin/dash)
==744111==    by 0x4012D83: ??? (in /usr/bin/dash)
==744111==    by 0x40130E0: ??? (in /usr/bin/dash)
==744111==    by 0x400BCE7: ??? (in /usr/bin/dash)
==744111==    by 0x40120F8: ??? (in /usr/bin/dash)
==744111==    by 0x4004DA0: ??? (in /usr/bin/dash)
==744111==    by 0x48C4600: (below main) (libc_start_call_main.h:59)
==744111== 
==744111== 32 bytes in 1 blocks are still reachable in loss record 3 of 7
==744111==    at 0x486E858: malloc (vg_replace_malloc.c:447)
==744111==    by 0x4017AB2: ??? (in /usr/bin/dash)
==744111==    by 0x40186D4: ??? (in /usr/bin/dash)
==744111==    by 0x4004BC6: ??? (in /usr/bin/dash)
==744111==    by 0x48C4600: (below main) (libc_start_call_main.h:59)
==744111== 
==744111== 34 bytes in 1 blocks are still reachable in loss record 4 of 7
==744111==    at 0x486E858: malloc (vg_replace_malloc.c:447)
==744111==    by 0x495596E: strdup (strdup.c:42)
==744111==    by 0x40081DF: ??? (in /usr/bin/dash)
==744111==    by 0x40186F9: ??? (in /usr/bin/dash)
==744111==    by 0x4004BC6: ??? (in /usr/bin/dash)
==744111==    by 0x48C4600: (below main) (libc_start_call_main.h:59)
==744111== 
==744111== 38 bytes in 1 blocks are still reachable in loss record 5 of 7
==744111==    at 0x486E858: malloc (vg_replace_malloc.c:447)
==744111==    by 0x4017C53: ??? (in /usr/bin/dash)
==744111==    by 0x40186F9: ??? (in /usr/bin/dash)
==744111==    by 0x4004BC6: ??? (in /usr/bin/dash)
==744111==    by 0x48C4600: (below main) (libc_start_call_main.h:59)
==744111== 
==744111== 160 bytes in 1 blocks are still reachable in loss record 6 of 7
==744111==    at 0x487607F: realloc (vg_replace_malloc.c:1804)
==744111==    by 0x40074DC: ??? (in /usr/bin/dash)
==744111==    by 0x4012F76: ??? (in /usr/bin/dash)
==744111==    by 0x400BCE7: ??? (in /usr/bin/dash)
==744111==    by 0x40120F8: ??? (in /usr/bin/dash)
==744111==    by 0x4004DA0: ??? (in /usr/bin/dash)
==744111==    by 0x48C4600: (below main) (libc_start_call_main.h:59)
==744111== 
==744111== 736 bytes in 23 blocks are still reachable in loss record 7 of 7
==744111==    at 0x486E858: malloc (vg_replace_malloc.c:447)
==744111==    by 0x4017AB2: ??? (in /usr/bin/dash)
==744111==    by 0x4018670: ??? (in /usr/bin/dash)
==744111==    by 0x4004BC6: ??? (in /usr/bin/dash)
==744111==    by 0x48C4600: (below main) (libc_start_call_main.h:59)
==744111== 
==744111== LEAK SUMMARY:
==744111==    definitely lost: 0 bytes in 0 blocks
==744111==    indirectly lost: 0 bytes in 0 blocks
==744111==      possibly lost: 0 bytes in 0 blocks
==744111==    still reachable: 1,055 bytes in 29 blocks
==744111==         suppressed: 0 bytes in 0 blocks
==744111== 
==744111== For lists of detected and suppressed errors, rerun with: -s
==744111== ERROR SUMMARY: 1 errors from 1 contexts (suppressed: 0 from 0)
