==743370== Memcheck, a memory error detector
==743370== Copyright (C) 2002-2024, and GNU GPL'd, by Julian Seward et al.
==743370== Using Valgrind-3.26.0 and LibVEX; rerun with -h for copyright info
==743370== Command: /bin/sh -c echo\ \ \ \ \ \ \ \ \ \ \ 1\ \ 2\ \ 3\ \ 4\ |\ sed\ "s/[0-9]/./g"
==743370== Parent PID: 743147
==743370== 
==743370== File descriptor -1 Invalid file descriptor
==743370==    at 0x49BCD61: close (close.c:27)
==743370==    by 0x4013080: ??? (in /usr/bin/dash)
==743370==    by 0x400BCE7: ??? (in /usr/bin/dash)
==743370==    by 0x40120F8: ??? (in /usr/bin/dash)
==743370==    by 0x4004DA0: ??? (in /usr/bin/dash)
==743370==    by 0x48C4600: (below main) (libc_start_call_main.h:59)
==743370== 
==743370== FILE DESCRIPTORS: 3 open (3 inherited) at exit.
==743370== 
==743370== HEAP SUMMARY:
==743370==     in use at exit: 1,055 bytes in 29 blocks
==743370==   total heap usage: 31 allocs, 2 frees, 1,223 bytes allocated
==743370== 
==743370== 27 bytes in 1 blocks are still reachable in loss record 1 of 7
==743370==    at 0x486E858: malloc (vg_replace_malloc.c:447)
==743370==    by 0x40083FA: ??? (in /usr/bin/dash)
==743370==    by 0x4012E0A: ??? (in /usr/bin/dash)
==743370==    by 0x40130E0: ??? (in /usr/bin/dash)
==743370==    by 0x400BCE7: ??? (in /usr/bin/dash)
==743370==    by 0x40120F8: ??? (in /usr/bin/dash)
==743370==    by 0x4004DA0: ??? (in /usr/bin/dash)
==743370==    by 0x48C4600: (below main) (libc_start_call_main.h:59)
==743370== 
==743370== 28 bytes in 1 blocks are still reachable in loss record 2 of 7
==743370==    at 0x486E858: malloc (vg_replace_malloc.c:447)
==743370==    by 0x40083FA: ??? (in /usr/bin/dash)
==743370==    by 0x4012D83: ??? (in /usr/bin/dash)
==743370==    by 0x40130E0: ??? (in /usr/bin/dash)
==743370==    by 0x400BCE7: ??? (in /usr/bin/dash)
==743370==    by 0x40120F8: ??? (in /usr/bin/dash)
==743370==    by 0x4004DA0: ??? (in /usr/bin/dash)
==743370==    by 0x48C4600: (below main) (libc_start_call_main.h:59)
==743370== 
==743370== 32 bytes in 1 blocks are still reachable in loss record 3 of 7
==743370==    at 0x486E858: malloc (vg_replace_malloc.c:447)
==743370==    by 0x4017AB2: ??? (in /usr/bin/dash)
==743370==    by 0x40186D4: ??? (in /usr/bin/dash)
==743370==    by 0x4004BC6: ??? (in /usr/bin/dash)
==743370==    by 0x48C4600: (below main) (libc_start_call_main.h:59)
==743370== 
==743370== 34 bytes in 1 blocks are still reachable in loss record 4 of 7
==743370==    at 0x486E858: malloc (vg_replace_malloc.c:447)
==743370==    by 0x495596E: strdup (strdup.c:42)
==743370==    by 0x40081DF: ??? (in /usr/bin/dash)
==743370==    by 0x40186F9: ??? (in /usr/bin/dash)
==743370==    by 0x4004BC6: ??? (in /usr/bin/dash)
==743370==    by 0x48C4600: (below main) (libc_start_call_main.h:59)
==743370== 
==743370== 38 bytes in 1 blocks are still reachable in loss record 5 of 7
==743370==    at 0x486E858: malloc (vg_replace_malloc.c:447)
==743370==    by 0x4017C53: ??? (in /usr/bin/dash)
==743370==    by 0x40186F9: ??? (in /usr/bin/dash)
==743370==    by 0x4004BC6: ??? (in /usr/bin/dash)
==743370==    by 0x48C4600: (below main) (libc_start_call_main.h:59)
==743370== 
==743370== 160 bytes in 1 blocks are still reachable in loss record 6 of 7
==743370==    at 0x487607F: realloc (vg_replace_malloc.c:1804)
==743370==    by 0x40074DC: ??? (in /usr/bin/dash)
==743370==    by 0x4012F76: ??? (in /usr/bin/dash)
==743370==    by 0x400BCE7: ??? (in /usr/bin/dash)
==743370==    by 0x40120F8: ??? (in /usr/bin/dash)
==743370==    by 0x4004DA0: ??? (in /usr/bin/dash)
==743370==    by 0x48C4600: (below main) (libc_start_call_main.h:59)
==743370== 
==743370== 736 bytes in 23 blocks are still reachable in loss record 7 of 7
==743370==    at 0x486E858: malloc (vg_replace_malloc.c:447)
==743370==    by 0x4017AB2: ??? (in /usr/bin/dash)
==743370==    by 0x4018670: ??? (in /usr/bin/dash)
==743370==    by 0x4004BC6: ??? (in /usr/bin/dash)
==743370==    by 0x48C4600: (below main) (libc_start_call_main.h:59)
==743370== 
==743370== LEAK SUMMARY:
==743370==    definitely lost: 0 bytes in 0 blocks
==743370==    indirectly lost: 0 bytes in 0 blocks
==743370==      possibly lost: 0 bytes in 0 blocks
==743370==    still reachable: 1,055 bytes in 29 blocks
==743370==         suppressed: 0 bytes in 0 blocks
==743370== 
==743370== For lists of detected and suppressed errors, rerun with: -s
==743370== ERROR SUMMARY: 1 errors from 1 contexts (suppressed: 0 from 0)
