==706607== Memcheck, a memory error detector
==706607== Copyright (C) 2002-2024, and GNU GPL'd, by Julian Seward et al.
==706607== Using Valgrind-3.26.0 and LibVEX; rerun with -h for copyright info
==706607== Command: /tmp/rboxc-tar-behavior-b819jnw3/exec/tar --format=ustar -cf result.tar -C ./tree -C ./ .
==706607== Parent PID: 705177
==706607== 
==706607== 
==706607== FILE DESCRIPTORS: 2 open (1 inherited) at exit.
==706607== Open file descriptor 4: tree
==706607==    at 0x4A1AADA: openat (openat64.c:39)
==706607==    by 0x4027817: openat (fcntl2.h:175)
==706607==    by 0x4027817: chdir_do (misc.c:988)
==706607==    by 0x4028D52: name_next_elt (names.c:1123)
==706607==    by 0x40298EC: name_next (names.c:1152)
==706607==    by 0x401750F: create_archive (create.c:1410)
==706607==    by 0x400CD90: main (tar.c:2818)
==706607== 
==706607== 
==706607== HEAP SUMMARY:
==706607==     in use at exit: 4,674 bytes in 12 blocks
==706607==   total heap usage: 99 allocs, 87 frees, 114,302 bytes allocated
==706607== 
==706607== 3 bytes in 1 blocks are definitely lost in loss record 1 of 12
==706607==    at 0x48BD858: malloc (vg_replace_malloc.c:447)
==706607==    by 0x405185D: xmalloc (xmalloc.c:45)
==706607==    by 0x405185D: xmemdup (xmalloc.c:314)
==706607==    by 0x405185D: xstrdup (xmalloc.c:339)
==706607==    by 0x4028D43: name_next_elt (names.c:1123)
==706607==    by 0x40298EC: name_next (names.c:1152)
==706607==    by 0x401750F: create_archive (create.c:1410)
==706607==    by 0x400CD90: main (tar.c:2818)
==706607== 
==706607== 5 bytes in 1 blocks are still reachable in loss record 2 of 12
==706607==    at 0x48BD858: malloc (vg_replace_malloc.c:447)
==706607==    by 0x405185D: xmalloc (xmalloc.c:45)
==706607==    by 0x405185D: xmemdup (xmalloc.c:314)
==706607==    by 0x405185D: xstrdup (xmalloc.c:339)
==706607==    by 0x402644F: assign_string (misc.c:58)
==706607==    by 0x4029612: uid_to_uname (names.c:490)
==706607==    by 0x40155F3: start_header (create.c:931)
==706607==    by 0x40167F9: dump_dir0 (create.c:1123)
==706607==    by 0x40167F9: dump_dir (create.c:1320)
==706607==    by 0x40167F9: dump_file0 (create.c:1757)
==706607==    by 0x4017589: dump_file (create.c:1968)
==706607==    by 0x4017589: create_archive (create.c:1412)
==706607==    by 0x400CD90: main (tar.c:2818)
==706607== 
==706607== 5 bytes in 1 blocks are still reachable in loss record 3 of 12
==706607==    at 0x48BD858: malloc (vg_replace_malloc.c:447)
==706607==    by 0x405185D: xmalloc (xmalloc.c:45)
==706607==    by 0x405185D: xmemdup (xmalloc.c:314)
==706607==    by 0x405185D: xstrdup (xmalloc.c:339)
==706607==    by 0x402644F: assign_string (misc.c:58)
==706607==    by 0x40296A2: gid_to_gname (names.c:520)
==706607==    by 0x40155DB: start_header (create.c:936)
==706607==    by 0x40167F9: dump_dir0 (create.c:1123)
==706607==    by 0x40167F9: dump_dir (create.c:1320)
==706607==    by 0x40167F9: dump_file0 (create.c:1757)
==706607==    by 0x4017589: dump_file (create.c:1968)
==706607==    by 0x4017589: create_archive (create.c:1412)
==706607==    by 0x400CD90: main (tar.c:2818)
==706607== 
==706607== 7 bytes in 1 blocks are possibly lost in loss record 4 of 12
==706607==    at 0x48BD858: malloc (vg_replace_malloc.c:447)
==706607==    by 0x405185D: xmalloc (xmalloc.c:45)
==706607==    by 0x405185D: xmemdup (xmalloc.c:314)
==706607==    by 0x405185D: xstrdup (xmalloc.c:339)
==706607==    by 0x4028D43: name_next_elt (names.c:1123)
==706607==    by 0x40298EC: name_next (names.c:1152)
==706607==    by 0x401750F: create_archive (create.c:1410)
==706607==    by 0x400CD90: main (tar.c:2818)
==706607== 
==706607== 16 bytes in 1 blocks are still reachable in loss record 5 of 12
==706607==    at 0x48C4E43: calloc (vg_replace_malloc.c:1678)
==706607==    by 0x40516F1: xcalloc (xmalloc.c:298)
==706607==    by 0x40516F1: xzalloc (xmalloc.c:283)
==706607==    by 0x400BEF9: decode_options (tar.c:2297)
==706607==    by 0x400BEF9: main (tar.c:2792)
==706607== 
==706607== 40 bytes in 1 blocks are still reachable in loss record 6 of 12
==706607==    at 0x48BD858: malloc (vg_replace_malloc.c:447)
==706607==    by 0x40512CC: xmalloc (xmalloc.c:45)
==706607==    by 0x401407E: file_count_links (create.c:1522)
==706607==    by 0x401407E: file_count_links (create.c:1508)
==706607==    by 0x4016A58: dump_file0 (create.c:1779)
==706607==    by 0x4015F1E: dump_file (create.c:1968)
==706607==    by 0x4017167: dump_dir0 (create.c:1227)
==706607==    by 0x4017167: dump_dir (create.c:1320)
==706607==    by 0x4017167: dump_file0 (create.c:1757)
==706607==    by 0x4017589: dump_file (create.c:1968)
==706607==    by 0x4017589: create_archive (create.c:1412)
==706607==    by 0x400CD90: main (tar.c:2818)
==706607== 
==706607== 80 bytes in 1 blocks are still reachable in loss record 7 of 12
==706607==    at 0x48BD858: malloc (vg_replace_malloc.c:447)
==706607==    by 0x40512CC: xmalloc (xmalloc.c:45)
==706607==    by 0x400BE43: main (tar.c:2781)
==706607== 
==706607== 80 bytes in 1 blocks are still reachable in loss record 8 of 12
==706607==    at 0x48BD858: malloc (vg_replace_malloc.c:447)
==706607==    by 0x4047846: hash_initialize (hash.c:523)
==706607==    by 0x401411B: file_count_links (create.c:1530)
==706607==    by 0x401411B: file_count_links (create.c:1508)
==706607==    by 0x4016A58: dump_file0 (create.c:1779)
==706607==    by 0x4015F1E: dump_file (create.c:1968)
==706607==    by 0x4017167: dump_dir0 (create.c:1227)
==706607==    by 0x4017167: dump_dir (create.c:1320)
==706607==    by 0x4017167: dump_file0 (create.c:1757)
==706607==    by 0x4017589: dump_file (create.c:1968)
==706607==    by 0x4017589: create_archive (create.c:1412)
==706607==    by 0x400CD90: main (tar.c:2818)
==706607== 
==706607== 96 bytes in 1 blocks are still reachable in loss record 9 of 12
==706607==    at 0x48C53C0: reallocarray (vg_replace_malloc.c:1806)
==706607==    by 0x405155C: xreallocarray (xmalloc.c:84)
==706607==    by 0x405155C: x2nrealloc (xmalloc.c:203)
==706607==    by 0x4027754: chdir_arg (misc.c:934)
==706607==    by 0x4028D4B: name_next_elt (names.c:1123)
==706607==    by 0x40298EC: name_next (names.c:1152)
==706607==    by 0x401750F: create_archive (create.c:1410)
==706607==    by 0x400CD90: main (tar.c:2818)
==706607== 
==706607== 102 bytes in 1 blocks are still reachable in loss record 10 of 12
==706607==    at 0x48BD858: malloc (vg_replace_malloc.c:447)
==706607==    by 0x40512CC: xmalloc (xmalloc.c:45)
==706607==    by 0x4029881: name_init (names.c:869)
==706607==    by 0x400C94C: main (tar.c:2794)
==706607== 
==706607== 176 bytes in 1 blocks are still reachable in loss record 11 of 12
==706607==    at 0x48C4E43: calloc (vg_replace_malloc.c:1678)
==706607==    by 0x404789C: hash_initialize (hash.c:544)
==706607==    by 0x401411B: file_count_links (create.c:1530)
==706607==    by 0x401411B: file_count_links (create.c:1508)
==706607==    by 0x4016A58: dump_file0 (create.c:1779)
==706607==    by 0x4015F1E: dump_file (create.c:1968)
==706607==    by 0x4017167: dump_dir0 (create.c:1227)
==706607==    by 0x4017167: dump_dir (create.c:1320)
==706607==    by 0x4017167: dump_file0 (create.c:1757)
==706607==    by 0x4017589: dump_file (create.c:1968)
==706607==    by 0x4017589: create_archive (create.c:1412)
==706607==    by 0x400CD90: main (tar.c:2818)
==706607== 
==706607== 4,064 bytes in 1 blocks are still reachable in loss record 12 of 12
==706607==    at 0x48BD858: malloc (vg_replace_malloc.c:447)
==706607==    by 0x40512CC: xmalloc (xmalloc.c:45)
==706607==    by 0x404A07D: call_chunkfun (obstack.c:88)
==706607==    by 0x404A07D: _obstack_begin_worker.isra.0 (obstack.c:135)
==706607==    by 0x404A0A8: _obstack_begin (obstack.c:157)
==706607==    by 0x4032C57: _transform_name_to_obstack (transform.c:592)
==706607==    by 0x4032C57: transform_name_fp (transform.c:614)
==706607==    by 0x4016444: dump_file0 (create.c:1657)
==706607==    by 0x4017589: dump_file (create.c:1968)
==706607==    by 0x4017589: create_archive (create.c:1412)
==706607==    by 0x400CD90: main (tar.c:2818)
==706607== 
==706607== LEAK SUMMARY:
==706607==    definitely lost: 3 bytes in 1 blocks
==706607==    indirectly lost: 0 bytes in 0 blocks
==706607==      possibly lost: 7 bytes in 1 blocks
==706607==    still reachable: 4,664 bytes in 10 blocks
==706607==         suppressed: 0 bytes in 0 blocks
==706607== 
==706607== For lists of detected and suppressed errors, rerun with: -s
==706607== ERROR SUMMARY: 3 errors from 3 contexts (suppressed: 0 from 0)
