==694291== Memcheck, a memory error detector
==694291== Copyright (C) 2002-2024, and GNU GPL'd, by Julian Seward et al.
==694291== Using Valgrind-3.26.0 and LibVEX; rerun with -h for copyright info
==694291== Command: /tmp/rboxc-tar-behavior-o95ejrrq/exec/tar -tf archive.tar
==694291== Parent PID: 683658
==694291== 
==694291== 
==694291== FILE DESCRIPTORS: 1 open (0 inherited) at exit.
==694291== Open file descriptor 0: /dev/full
==694291==    at 0x4A1A9E6: open (open64.c:41)
==694291==    by 0x4050574: open (fcntl2.h:55)
==694291==    by 0x4050574: stdopen (stdopen.c:51)
==694291==    by 0x400BE26: main (tar.c:2773)
==694291== 
==694291== 
==694291== HEAP SUMMARY:
==694291==     in use at exit: 4,272 bytes in 6 blocks
==694291==   total heap usage: 85 allocs, 79 frees, 51,799 bytes allocated
==694291== 
==694291== 5 bytes in 1 blocks are still reachable in loss record 1 of 6
==694291==    at 0x48BD858: malloc (vg_replace_malloc.c:447)
==694291==    by 0x405185D: xmalloc (xmalloc.c:45)
==694291==    by 0x405185D: xmemdup (xmalloc.c:314)
==694291==    by 0x405185D: xstrdup (xmalloc.c:339)
==694291==    by 0x402644F: assign_string (misc.c:58)
==694291==    by 0x402973C: uname_to_uid (names.c:550)
==694291==    by 0x402457F: decode_header (list.c:694)
==694291==    by 0x4025616: read_and (list.c:194)
==694291==    by 0x400CD4B: main (tar.c:2832)
==694291== 
==694291== 5 bytes in 1 blocks are still reachable in loss record 2 of 6
==694291==    at 0x48BD858: malloc (vg_replace_malloc.c:447)
==694291==    by 0x405185D: xmalloc (xmalloc.c:45)
==694291==    by 0x405185D: xmemdup (xmalloc.c:314)
==694291==    by 0x405185D: xstrdup (xmalloc.c:339)
==694291==    by 0x402644F: assign_string (misc.c:58)
==694291==    by 0x40297DC: gname_to_gid (names.c:580)
==694291==    by 0x402455F: decode_header (list.c:699)
==694291==    by 0x4025616: read_and (list.c:194)
==694291==    by 0x400CD4B: main (tar.c:2832)
==694291== 
==694291== 16 bytes in 1 blocks are still reachable in loss record 3 of 6
==694291==    at 0x48C4E43: calloc (vg_replace_malloc.c:1678)
==694291==    by 0x40516F1: xcalloc (xmalloc.c:298)
==694291==    by 0x40516F1: xzalloc (xmalloc.c:283)
==694291==    by 0x400BEF9: decode_options (tar.c:2297)
==694291==    by 0x400BEF9: main (tar.c:2792)
==694291== 
==694291== 80 bytes in 1 blocks are still reachable in loss record 4 of 6
==694291==    at 0x48BD858: malloc (vg_replace_malloc.c:447)
==694291==    by 0x40512CC: xmalloc (xmalloc.c:45)
==694291==    by 0x400BE43: main (tar.c:2781)
==694291== 
==694291== 102 bytes in 1 blocks are still reachable in loss record 5 of 6
==694291==    at 0x48BD858: malloc (vg_replace_malloc.c:447)
==694291==    by 0x40512CC: xmalloc (xmalloc.c:45)
==694291==    by 0x4029881: name_init (names.c:869)
==694291==    by 0x400C94C: main (tar.c:2794)
==694291== 
==694291== 4,064 bytes in 1 blocks are still reachable in loss record 6 of 6
==694291==    at 0x48BD858: malloc (vg_replace_malloc.c:447)
==694291==    by 0x40512CC: xmalloc (xmalloc.c:45)
==694291==    by 0x404A07D: call_chunkfun (obstack.c:88)
==694291==    by 0x404A07D: _obstack_begin_worker.isra.0 (obstack.c:135)
==694291==    by 0x404A0A8: _obstack_begin (obstack.c:157)
==694291==    by 0x4032C57: _transform_name_to_obstack (transform.c:592)
==694291==    by 0x4032C57: transform_name_fp (transform.c:614)
==694291==    by 0x4023670: transform_member_name (list.c:114)
==694291==    by 0x4023670: transform_stat_info.part.0 (list.c:150)
==694291==    by 0x4025850: transform_stat_info (list.c:227)
==694291==    by 0x4025850: read_and (list.c:227)
==694291==    by 0x400CD4B: main (tar.c:2832)
==694291== 
==694291== LEAK SUMMARY:
==694291==    definitely lost: 0 bytes in 0 blocks
==694291==    indirectly lost: 0 bytes in 0 blocks
==694291==      possibly lost: 0 bytes in 0 blocks
==694291==    still reachable: 4,272 bytes in 6 blocks
==694291==         suppressed: 0 bytes in 0 blocks
==694291== 
==694291== For lists of detected and suppressed errors, rerun with: -s
==694291== ERROR SUMMARY: 1 errors from 1 contexts (suppressed: 0 from 0)
