==636083== Memcheck, a memory error detector
==636083== Copyright (C) 2002-2024, and GNU GPL'd, by Julian Seward et al.
==636083== Using Valgrind-3.26.0 and LibVEX; rerun with -h for copyright info
==636083== Command: tar cf archive.tar one/two/three/four/five/six/seven/eight/nine/ten/eleven/twelve/thirteen/fourteen/fifteen/sixteen/seventeen
==636083== Parent PID: 636071
==636083== 
==636083== 
==636083== FILE DESCRIPTORS: 1 open (1 inherited) at exit.
==636083== 
==636083== HEAP SUMMARY:
==636083==     in use at exit: 37,554 bytes in 11 blocks
==636083==   total heap usage: 102 allocs, 91 frees, 142,484 bytes allocated
==636083== 
==636083== 5 bytes in 1 blocks are still reachable in loss record 1 of 11
==636083==    at 0x586E858: malloc (vg_replace_malloc.c:447)
==636083==    by 0x469E66D: rboxc_tar_xstrdup (in /root/rboxc/target/tar-map-probe-candidate/release/rboxc)
==636083==    by 0x466FF4F: rboxc_tar_assign_string (in /root/rboxc/target/tar-map-probe-candidate/release/rboxc)
==636083==    by 0x4673232: rboxc_tar_uid_to_uname (in /root/rboxc/target/tar-map-probe-candidate/release/rboxc)
==636083==    by 0x4662453: rboxc_tar_start_header (in /root/rboxc/target/tar-map-probe-candidate/release/rboxc)
==636083==    by 0x4663659: dump_file0 (in /root/rboxc/target/tar-map-probe-candidate/release/rboxc)
==636083==    by 0x46643E9: rboxc_tar_create_archive (in /root/rboxc/target/tar-map-probe-candidate/release/rboxc)
==636083==    by 0x4478AF8: single_binary_main_tar (in /root/rboxc/target/tar-map-probe-candidate/release/rboxc)
==636083==    by 0x5A18600: (below main) (libc_start_call_main.h:59)
==636083== 
==636083== 5 bytes in 1 blocks are still reachable in loss record 2 of 11
==636083==    at 0x586E858: malloc (vg_replace_malloc.c:447)
==636083==    by 0x469E66D: rboxc_tar_xstrdup (in /root/rboxc/target/tar-map-probe-candidate/release/rboxc)
==636083==    by 0x466FF4F: rboxc_tar_assign_string (in /root/rboxc/target/tar-map-probe-candidate/release/rboxc)
==636083==    by 0x46732C2: rboxc_tar_gid_to_gname (in /root/rboxc/target/tar-map-probe-candidate/release/rboxc)
==636083==    by 0x466243B: rboxc_tar_start_header (in /root/rboxc/target/tar-map-probe-candidate/release/rboxc)
==636083==    by 0x4663659: dump_file0 (in /root/rboxc/target/tar-map-probe-candidate/release/rboxc)
==636083==    by 0x46643E9: rboxc_tar_create_archive (in /root/rboxc/target/tar-map-probe-candidate/release/rboxc)
==636083==    by 0x4478AF8: single_binary_main_tar (in /root/rboxc/target/tar-map-probe-candidate/release/rboxc)
==636083==    by 0x5A18600: (below main) (libc_start_call_main.h:59)
==636083== 
==636083== 16 bytes in 1 blocks are still reachable in loss record 3 of 11
==636083==    at 0x5875E43: calloc (vg_replace_malloc.c:1678)
==636083==    by 0x469E501: rboxc_tar_xzalloc (in /root/rboxc/target/tar-map-probe-candidate/release/rboxc)
==636083==    by 0x4477AF5: single_binary_main_tar (in /root/rboxc/target/tar-map-probe-candidate/release/rboxc)
==636083==    by 0x5A18600: (below main) (libc_start_call_main.h:59)
==636083== 
==636083== 17 bytes in 1 blocks are still reachable in loss record 4 of 11
==636083==    at 0x586E858: malloc (vg_replace_malloc.c:447)
==636083==    by 0x469E66D: rboxc_tar_xstrdup (in /root/rboxc/target/tar-map-probe-candidate/release/rboxc)
==636083==    by 0x466FF4F: rboxc_tar_assign_string (in /root/rboxc/target/tar-map-probe-candidate/release/rboxc)
==636083==    by 0x467EFE6: rboxc_tar_xheader_xhdr_name (in /root/rboxc/target/tar-map-probe-candidate/release/rboxc)
==636083==    by 0x46610F7: write_extended.part.0 (in /root/rboxc/target/tar-map-probe-candidate/release/rboxc)
==636083==    by 0x46616F6: rboxc_tar_finish_header (in /root/rboxc/target/tar-map-probe-candidate/release/rboxc)
==636083==    by 0x4663ABE: dump_file0 (in /root/rboxc/target/tar-map-probe-candidate/release/rboxc)
==636083==    by 0x46643E9: rboxc_tar_create_archive (in /root/rboxc/target/tar-map-probe-candidate/release/rboxc)
==636083==    by 0x4478AF8: single_binary_main_tar (in /root/rboxc/target/tar-map-probe-candidate/release/rboxc)
==636083==    by 0x5A18600: (below main) (libc_start_call_main.h:59)
==636083== 
==636083== 80 bytes in 1 blocks are still reachable in loss record 5 of 11
==636083==    at 0x586E858: malloc (vg_replace_malloc.c:447)
==636083==    by 0x469E0DC: rboxc_tar_xmalloc (in /root/rboxc/target/tar-map-probe-candidate/release/rboxc)
==636083==    by 0x4477A00: single_binary_main_tar (in /root/rboxc/target/tar-map-probe-candidate/release/rboxc)
==636083==    by 0x5A18600: (below main) (libc_start_call_main.h:59)
==636083== 
==636083== 112 bytes in 1 blocks are still reachable in loss record 6 of 11
==636083==    at 0x586E858: malloc (vg_replace_malloc.c:447)
==636083==    by 0x5A18E43: __gconv_open (gconv_open.c:77)
==636083==    by 0x5A189E0: iconv_open (iconv_open.c:39)
==636083==    by 0x467A90B: rboxc_tar_utf8_convert (in /root/rboxc/target/tar-map-probe-candidate/release/rboxc)
==636083==    by 0x467DB6E: code_string (in /root/rboxc/target/tar-map-probe-candidate/release/rboxc)
==636083==    by 0x4662098: rboxc_tar_start_header (in /root/rboxc/target/tar-map-probe-candidate/release/rboxc)
==636083==    by 0x4663659: dump_file0 (in /root/rboxc/target/tar-map-probe-candidate/release/rboxc)
==636083==    by 0x46643E9: rboxc_tar_create_archive (in /root/rboxc/target/tar-map-probe-candidate/release/rboxc)
==636083==    by 0x4478AF8: single_binary_main_tar (in /root/rboxc/target/tar-map-probe-candidate/release/rboxc)
==636083==    by 0x5A18600: (below main) (libc_start_call_main.h:59)
==636083== 
==636083== 151 bytes in 1 blocks are still reachable in loss record 7 of 11
==636083==    at 0x58763C0: reallocarray (vg_replace_malloc.c:1806)
==636083==    by 0x469E2C0: rboxc_tar_x2realloc (in /root/rboxc/target/tar-map-probe-candidate/release/rboxc)
==636083==    by 0x4672637: name_next_elt (in /root/rboxc/target/tar-map-probe-candidate/release/rboxc)
==636083==    by 0x467350C: rboxc_tar_name_next (in /root/rboxc/target/tar-map-probe-candidate/release/rboxc)
==636083==    by 0x466436F: rboxc_tar_create_archive (in /root/rboxc/target/tar-map-probe-candidate/release/rboxc)
==636083==    by 0x4478AF8: single_binary_main_tar (in /root/rboxc/target/tar-map-probe-candidate/release/rboxc)
==636083==    by 0x5A18600: (below main) (libc_start_call_main.h:59)
==636083== 
==636083== 208 bytes in 1 blocks are still reachable in loss record 8 of 11
==636083==    at 0x586E858: malloc (vg_replace_malloc.c:447)
==636083==    by 0x5A24C6F: __gconv_lookup_cache (gconv_cache.c:361)
==636083==    by 0x5A1A8EE: __gconv_find_transform (gconv_db.c:717)
==636083==    by 0x5A18DE5: __gconv_open (gconv_open.c:73)
==636083==    by 0x5A189E0: iconv_open (iconv_open.c:39)
==636083==    by 0x467A90B: rboxc_tar_utf8_convert (in /root/rboxc/target/tar-map-probe-candidate/release/rboxc)
==636083==    by 0x467DB6E: code_string (in /root/rboxc/target/tar-map-probe-candidate/release/rboxc)
==636083==    by 0x4662098: rboxc_tar_start_header (in /root/rboxc/target/tar-map-probe-candidate/release/rboxc)
==636083==    by 0x4663659: dump_file0 (in /root/rboxc/target/tar-map-probe-candidate/release/rboxc)
==636083==    by 0x46643E9: rboxc_tar_create_archive (in /root/rboxc/target/tar-map-probe-candidate/release/rboxc)
==636083==    by 0x4478AF8: single_binary_main_tar (in /root/rboxc/target/tar-map-probe-candidate/release/rboxc)
==636083==    by 0x5A18600: (below main) (libc_start_call_main.h:59)
==636083== 
==636083== 256 bytes in 1 blocks are still reachable in loss record 9 of 11
==636083==    at 0x586E858: malloc (vg_replace_malloc.c:447)
==636083==    by 0x469E0DC: rboxc_tar_xmalloc (in /root/rboxc/target/tar-map-probe-candidate/release/rboxc)
==636083==    by 0x467DAB4: xheader_print_n (in /root/rboxc/target/tar-map-probe-candidate/release/rboxc)
==636083==    by 0x467DB8F: code_string (in /root/rboxc/target/tar-map-probe-candidate/release/rboxc)
==636083==    by 0x4662098: rboxc_tar_start_header (in /root/rboxc/target/tar-map-probe-candidate/release/rboxc)
==636083==    by 0x4663659: dump_file0 (in /root/rboxc/target/tar-map-probe-candidate/release/rboxc)
==636083==    by 0x46643E9: rboxc_tar_create_archive (in /root/rboxc/target/tar-map-probe-candidate/release/rboxc)
==636083==    by 0x4478AF8: single_binary_main_tar (in /root/rboxc/target/tar-map-probe-candidate/release/rboxc)
==636083==    by 0x5A18600: (below main) (libc_start_call_main.h:59)
==636083== 
==636083== 4,064 bytes in 1 blocks are still reachable in loss record 10 of 11
==636083==    at 0x586E858: malloc (vg_replace_malloc.c:447)
==636083==    by 0x469E0DC: rboxc_tar_xmalloc (in /root/rboxc/target/tar-map-probe-candidate/release/rboxc)
==636083==    by 0x4695FFD: _obstack_begin_worker.isra.0 (in /root/rboxc/target/tar-map-probe-candidate/release/rboxc)
==636083==    by 0x4696028: rboxc_tar__obstack_begin (in /root/rboxc/target/tar-map-probe-candidate/release/rboxc)
==636083==    by 0x4679CD7: rboxc_tar_transform_name_fp (in /root/rboxc/target/tar-map-probe-candidate/release/rboxc)
==636083==    by 0x46632A4: dump_file0 (in /root/rboxc/target/tar-map-probe-candidate/release/rboxc)
==636083==    by 0x46643E9: rboxc_tar_create_archive (in /root/rboxc/target/tar-map-probe-candidate/release/rboxc)
==636083==    by 0x4478AF8: single_binary_main_tar (in /root/rboxc/target/tar-map-probe-candidate/release/rboxc)
==636083==    by 0x5A18600: (below main) (libc_start_call_main.h:59)
==636083== 
==636083== 32,640 bytes in 1 blocks are still reachable in loss record 11 of 11
==636083==    at 0x586E858: malloc (vg_replace_malloc.c:447)
==636083==    by 0x5A18ECE: __gconv_open (gconv_open.c:127)
==636083==    by 0x5A189E0: iconv_open (iconv_open.c:39)
==636083==    by 0x467A90B: rboxc_tar_utf8_convert (in /root/rboxc/target/tar-map-probe-candidate/release/rboxc)
==636083==    by 0x467DB6E: code_string (in /root/rboxc/target/tar-map-probe-candidate/release/rboxc)
==636083==    by 0x4662098: rboxc_tar_start_header (in /root/rboxc/target/tar-map-probe-candidate/release/rboxc)
==636083==    by 0x4663659: dump_file0 (in /root/rboxc/target/tar-map-probe-candidate/release/rboxc)
==636083==    by 0x46643E9: rboxc_tar_create_archive (in /root/rboxc/target/tar-map-probe-candidate/release/rboxc)
==636083==    by 0x4478AF8: single_binary_main_tar (in /root/rboxc/target/tar-map-probe-candidate/release/rboxc)
==636083==    by 0x5A18600: (below main) (libc_start_call_main.h:59)
==636083== 
==636083== LEAK SUMMARY:
==636083==    definitely lost: 0 bytes in 0 blocks
==636083==    indirectly lost: 0 bytes in 0 blocks
==636083==      possibly lost: 0 bytes in 0 blocks
==636083==    still reachable: 37,554 bytes in 11 blocks
==636083==         suppressed: 0 bytes in 0 blocks
==636083== 
==636083== For lists of detected and suppressed errors, rerun with: -s
==636083== ERROR SUMMARY: 0 errors from 0 contexts (suppressed: 0 from 0)
