==689922== Memcheck, a memory error detector
==689922== Copyright (C) 2002-2024, and GNU GPL'd, by Julian Seward et al.
==689922== Using Valgrind-3.26.0 and LibVEX; rerun with -h for copyright info
==689922== Command: tar -acf k2.tar.bz2 empty
==689922== Parent PID: 689410
==689922== 
==689922== 
==689922== FILE DESCRIPTORS: 1 open (1 inherited) at exit.
==689922== 
==689922== HEAP SUMMARY:
==689922==     in use at exit: 4,272 bytes in 6 blocks
==689922==   total heap usage: 46 allocs, 40 frees, 47,527 bytes allocated
==689922== 
==689922== 5 bytes in 1 blocks are still reachable in loss record 1 of 6
==689922==    at 0x48BD858: malloc (vg_replace_malloc.c:447)
==689922==    by 0x405185D: xmalloc (xmalloc.c:45)
==689922==    by 0x405185D: xmemdup (xmalloc.c:314)
==689922==    by 0x405185D: xstrdup (xmalloc.c:339)
==689922==    by 0x402644F: assign_string (misc.c:58)
==689922==    by 0x4029612: uid_to_uname (names.c:490)
==689922==    by 0x40155F3: start_header (create.c:931)
==689922==    by 0x4015798: dump_regular_file (create.c:1050)
==689922==    by 0x40165E2: dump_file0 (create.c:1773)
==689922==    by 0x4017589: dump_file (create.c:1968)
==689922==    by 0x4017589: create_archive (create.c:1412)
==689922==    by 0x400CD90: main (tar.c:2818)
==689922== 
==689922== 5 bytes in 1 blocks are still reachable in loss record 2 of 6
==689922==    at 0x48BD858: malloc (vg_replace_malloc.c:447)
==689922==    by 0x405185D: xmalloc (xmalloc.c:45)
==689922==    by 0x405185D: xmemdup (xmalloc.c:314)
==689922==    by 0x405185D: xstrdup (xmalloc.c:339)
==689922==    by 0x402644F: assign_string (misc.c:58)
==689922==    by 0x40296A2: gid_to_gname (names.c:520)
==689922==    by 0x40155DB: start_header (create.c:936)
==689922==    by 0x4015798: dump_regular_file (create.c:1050)
==689922==    by 0x40165E2: dump_file0 (create.c:1773)
==689922==    by 0x4017589: dump_file (create.c:1968)
==689922==    by 0x4017589: create_archive (create.c:1412)
==689922==    by 0x400CD90: main (tar.c:2818)
==689922== 
==689922== 16 bytes in 1 blocks are still reachable in loss record 3 of 6
==689922==    at 0x48C4E43: calloc (vg_replace_malloc.c:1678)
==689922==    by 0x40516F1: xcalloc (xmalloc.c:298)
==689922==    by 0x40516F1: xzalloc (xmalloc.c:283)
==689922==    by 0x400BEF9: decode_options (tar.c:2297)
==689922==    by 0x400BEF9: main (tar.c:2792)
==689922== 
==689922== 80 bytes in 1 blocks are still reachable in loss record 4 of 6
==689922==    at 0x48BD858: malloc (vg_replace_malloc.c:447)
==689922==    by 0x40512CC: xmalloc (xmalloc.c:45)
==689922==    by 0x400BE43: main (tar.c:2781)
==689922== 
==689922== 102 bytes in 1 blocks are still reachable in loss record 5 of 6
==689922==    at 0x48BD858: malloc (vg_replace_malloc.c:447)
==689922==    by 0x40512CC: xmalloc (xmalloc.c:45)
==689922==    by 0x4029881: name_init (names.c:869)
==689922==    by 0x400C94C: main (tar.c:2794)
==689922== 
==689922== 4,064 bytes in 1 blocks are still reachable in loss record 6 of 6
==689922==    at 0x48BD858: malloc (vg_replace_malloc.c:447)
==689922==    by 0x40512CC: xmalloc (xmalloc.c:45)
==689922==    by 0x404A07D: call_chunkfun (obstack.c:88)
==689922==    by 0x404A07D: _obstack_begin_worker.isra.0 (obstack.c:135)
==689922==    by 0x404A0A8: _obstack_begin (obstack.c:157)
==689922==    by 0x4032C57: _transform_name_to_obstack (transform.c:592)
==689922==    by 0x4032C57: transform_name_fp (transform.c:614)
==689922==    by 0x4016444: dump_file0 (create.c:1657)
==689922==    by 0x4017589: dump_file (create.c:1968)
==689922==    by 0x4017589: create_archive (create.c:1412)
==689922==    by 0x400CD90: main (tar.c:2818)
==689922== 
==689922== LEAK SUMMARY:
==689922==    definitely lost: 0 bytes in 0 blocks
==689922==    indirectly lost: 0 bytes in 0 blocks
==689922==      possibly lost: 0 bytes in 0 blocks
==689922==    still reachable: 4,272 bytes in 6 blocks
==689922==         suppressed: 0 bytes in 0 blocks
==689922== 
==689922== For lists of detected and suppressed errors, rerun with: -s
==689922== ERROR SUMMARY: 0 errors from 0 contexts (suppressed: 0 from 0)
