==694334== Memcheck, a memory error detector
==694334== Copyright (C) 2002-2024, and GNU GPL'd, by Julian Seward et al.
==694334== Using Valgrind-3.26.0 and LibVEX; rerun with -h for copyright info
==694334== Command: /tmp/rboxc-tar-behavior-drua1r9z/exec/tar --version
==694334== Parent PID: 683658
==694334== 
==694334== 
==694334== FILE DESCRIPTORS: 3 open (2 inherited) at exit.
==694334== Open file descriptor 1: /dev/null
==694334==    at 0x4A1A9E6: open (open64.c:41)
==694334==    by 0x4050546: open (fcntl2.h:59)
==694334==    by 0x4050546: stdopen (stdopen.c:52)
==694334==    by 0x400BE26: main (tar.c:2773)
==694334== 
==694334== 
==694334== HEAP SUMMARY:
==694334==     in use at exit: 7,767 bytes in 3 blocks
==694334==   total heap usage: 15 allocs, 12 frees, 12,021 bytes allocated
==694334== 
==694334== 16 bytes in 1 blocks are still reachable in loss record 1 of 3
==694334==    at 0x48C4E43: calloc (vg_replace_malloc.c:1678)
==694334==    by 0x40516F1: xcalloc (xmalloc.c:298)
==694334==    by 0x40516F1: xzalloc (xmalloc.c:283)
==694334==    by 0x400BEF9: decode_options (tar.c:2297)
==694334==    by 0x400BEF9: main (tar.c:2792)
==694334== 
==694334== 80 bytes in 1 blocks are still reachable in loss record 2 of 3
==694334==    at 0x48BD858: malloc (vg_replace_malloc.c:447)
==694334==    by 0x40512CC: xmalloc (xmalloc.c:45)
==694334==    by 0x400BE43: main (tar.c:2781)
==694334== 
==694334== 7,671 bytes in 1 blocks are still reachable in loss record 3 of 3
==694334==    at 0x48BD858: malloc (vg_replace_malloc.c:447)
==694334==    by 0x4041854: parser_init (argp-parse.c:495)
==694334==    by 0x4041854: argp_parse (argp-parse.c:921)
==694334==    by 0x400C045: decode_options (tar.c:2380)
==694334==    by 0x400C045: main (tar.c:2792)
==694334== 
==694334== LEAK SUMMARY:
==694334==    definitely lost: 0 bytes in 0 blocks
==694334==    indirectly lost: 0 bytes in 0 blocks
==694334==      possibly lost: 0 bytes in 0 blocks
==694334==    still reachable: 7,767 bytes in 3 blocks
==694334==         suppressed: 0 bytes in 0 blocks
==694334== 
==694334== For lists of detected and suppressed errors, rerun with: -s
==694334== ERROR SUMMARY: 1 errors from 1 contexts (suppressed: 0 from 0)
