==686418== Memcheck, a memory error detector
==686418== Copyright (C) 2002-2024, and GNU GPL'd, by Julian Seward et al.
==686418== Using Valgrind-3.26.0 and LibVEX; rerun with -h for copyright info
==686418== Command: /tmp/rboxc-tar-behavior-y2ytj674/exec/tar -tf archive.tar
==686418== Parent PID: 683658
==686418== 
==686418== 
==686418== FILE DESCRIPTORS: 1 open (1 inherited) at exit.
==686418== 
==686418== HEAP SUMMARY:
==686418==     in use at exit: 4,272 bytes in 6 blocks
==686418==   total heap usage: 85 allocs, 79 frees, 51,799 bytes allocated
==686418== 
==686418== 5 bytes in 1 blocks are still reachable in loss record 1 of 6
==686418==    at 0x48BD858: malloc (vg_replace_malloc.c:447)
==686418==    by 0x405185D: xmalloc (xmalloc.c:45)
==686418==    by 0x405185D: xmemdup (xmalloc.c:314)
==686418==    by 0x405185D: xstrdup (xmalloc.c:339)
==686418==    by 0x402644F: assign_string (misc.c:58)
==686418==    by 0x402973C: uname_to_uid (names.c:550)
==686418==    by 0x402457F: decode_header (list.c:694)
==686418==    by 0x4025616: read_and (list.c:194)
==686418==    by 0x400CD4B: main (tar.c:2832)
==686418== 
==686418== 5 bytes in 1 blocks are still reachable in loss record 2 of 6
==686418==    at 0x48BD858: malloc (vg_replace_malloc.c:447)
==686418==    by 0x405185D: xmalloc (xmalloc.c:45)
==686418==    by 0x405185D: xmemdup (xmalloc.c:314)
==686418==    by 0x405185D: xstrdup (xmalloc.c:339)
==686418==    by 0x402644F: assign_string (misc.c:58)
==686418==    by 0x40297DC: gname_to_gid (names.c:580)
==686418==    by 0x402455F: decode_header (list.c:699)
==686418==    by 0x4025616: read_and (list.c:194)
==686418==    by 0x400CD4B: main (tar.c:2832)
==686418== 
==686418== 16 bytes in 1 blocks are still reachable in loss record 3 of 6
==686418==    at 0x48C4E43: calloc (vg_replace_malloc.c:1678)
==686418==    by 0x40516F1: xcalloc (xmalloc.c:298)
==686418==    by 0x40516F1: xzalloc (xmalloc.c:283)
==686418==    by 0x400BEF9: decode_options (tar.c:2297)
==686418==    by 0x400BEF9: main (tar.c:2792)
==686418== 
==686418== 80 bytes in 1 blocks are still reachable in loss record 4 of 6
==686418==    at 0x48BD858: malloc (vg_replace_malloc.c:447)
==686418==    by 0x40512CC: xmalloc (xmalloc.c:45)
==686418==    by 0x400BE43: main (tar.c:2781)
==686418== 
==686418== 102 bytes in 1 blocks are still reachable in loss record 5 of 6
==686418==    at 0x48BD858: malloc (vg_replace_malloc.c:447)
==686418==    by 0x40512CC: xmalloc (xmalloc.c:45)
==686418==    by 0x4029881: name_init (names.c:869)
==686418==    by 0x400C94C: main (tar.c:2794)
==686418== 
==686418== 4,064 bytes in 1 blocks are still reachable in loss record 6 of 6
==686418==    at 0x48BD858: malloc (vg_replace_malloc.c:447)
==686418==    by 0x40512CC: xmalloc (xmalloc.c:45)
==686418==    by 0x404A07D: call_chunkfun (obstack.c:88)
==686418==    by 0x404A07D: _obstack_begin_worker.isra.0 (obstack.c:135)
==686418==    by 0x404A0A8: _obstack_begin (obstack.c:157)
==686418==    by 0x4032C57: _transform_name_to_obstack (transform.c:592)
==686418==    by 0x4032C57: transform_name_fp (transform.c:614)
==686418==    by 0x4023670: transform_member_name (list.c:114)
==686418==    by 0x4023670: transform_stat_info.part.0 (list.c:150)
==686418==    by 0x4025850: transform_stat_info (list.c:227)
==686418==    by 0x4025850: read_and (list.c:227)
==686418==    by 0x400CD4B: main (tar.c:2832)
==686418== 
==686418== LEAK SUMMARY:
==686418==    definitely lost: 0 bytes in 0 blocks
==686418==    indirectly lost: 0 bytes in 0 blocks
==686418==      possibly lost: 0 bytes in 0 blocks
==686418==    still reachable: 4,272 bytes in 6 blocks
==686418==         suppressed: 0 bytes in 0 blocks
==686418== 
==686418== For lists of detected and suppressed errors, rerun with: -s
==686418== ERROR SUMMARY: 0 errors from 0 contexts (suppressed: 0 from 0)
