==724209== Memcheck, a memory error detector
==724209== Copyright (C) 2002-2024, and GNU GPL'd, by Julian Seward et al.
==724209== Using Valgrind-3.26.0 and LibVEX; rerun with -h for copyright info
==724209== Command: /tmp/rboxc-gawk-original-i1m702kw/deps/cat
==724209== Parent PID: 724204
==724209== 
==724209== 
==724209== FILE DESCRIPTORS: 0 open (0 inherited) at exit.
==724209== 
==724209== HEAP SUMMARY:
==724209==     in use at exit: 262,144 bytes in 1 blocks
==724209==   total heap usage: 4 allocs, 3 frees, 262,226 bytes allocated
==724209== 
==724209== 262,144 bytes in 1 blocks are definitely lost in loss record 1 of 1
==724209==    at 0x4BF90AC: aligned_alloc (vg_replace_malloc.c:2404)
==724209==    by 0x411BCBC: alignalloc (alignalloc.h:98)
==724209==    by 0x411BCBC: xalignalloc (xalignalloc.c:29)
==724209==    by 0x4037A5E: ensure_buf_size (cat.c:674)
==724209==    by 0x4037A5E: single_binary_main_cat (cat.c:905)
==724209==    by 0x401A532: launch_program (coreutils.c:126)
==724209==    by 0x4018E7A: main (coreutils.c:143)
==724209== 
==724209== LEAK SUMMARY:
==724209==    definitely lost: 262,144 bytes in 1 blocks
==724209==    indirectly lost: 0 bytes in 0 blocks
==724209==      possibly lost: 0 bytes in 0 blocks
==724209==    still reachable: 0 bytes in 0 blocks
==724209==         suppressed: 0 bytes in 0 blocks
==724209== 
==724209== For lists of detected and suppressed errors, rerun with: -s
==724209== ERROR SUMMARY: 1 errors from 1 contexts (suppressed: 0 from 0)
