==599962== Memcheck, a memory error detector
==599962== Copyright (C) 2002-2024, and GNU GPL'd, by Julian Seward et al.
==599962== Using Valgrind-3.26.0 and LibVEX; rerun with -h for copyright info
==599962== Command: tar --version
==599962== Parent PID: 599739
==599962== 
==599962== 
==599962== FILE DESCRIPTORS: 4 open (4 inherited) at exit.
==599962== 
==599962== HEAP SUMMARY:
==599962==     in use at exit: 7,767 bytes in 3 blocks
==599962==   total heap usage: 15 allocs, 12 frees, 12,021 bytes allocated
==599962== 
==599962== 16 bytes in 1 blocks are still reachable in loss record 1 of 3
==599962==    at 0x48C4E43: calloc (vg_replace_malloc.c:1678)
==599962==    by 0x40516F1: xcalloc (xmalloc.c:298)
==599962==    by 0x40516F1: xzalloc (xmalloc.c:283)
==599962==    by 0x400BEF9: decode_options (tar.c:2297)
==599962==    by 0x400BEF9: main (tar.c:2792)
==599962== 
==599962== 80 bytes in 1 blocks are still reachable in loss record 2 of 3
==599962==    at 0x48BD858: malloc (vg_replace_malloc.c:447)
==599962==    by 0x40512CC: xmalloc (xmalloc.c:45)
==599962==    by 0x400BE43: main (tar.c:2781)
==599962== 
==599962== 7,671 bytes in 1 blocks are still reachable in loss record 3 of 3
==599962==    at 0x48BD858: malloc (vg_replace_malloc.c:447)
==599962==    by 0x4041854: parser_init (argp-parse.c:495)
==599962==    by 0x4041854: argp_parse (argp-parse.c:921)
==599962==    by 0x400C045: decode_options (tar.c:2380)
==599962==    by 0x400C045: main (tar.c:2792)
==599962== 
==599962== LEAK SUMMARY:
==599962==    definitely lost: 0 bytes in 0 blocks
==599962==    indirectly lost: 0 bytes in 0 blocks
==599962==      possibly lost: 0 bytes in 0 blocks
==599962==    still reachable: 7,767 bytes in 3 blocks
==599962==         suppressed: 0 bytes in 0 blocks
==599962== 
==599962== For lists of detected and suppressed errors, rerun with: -s
==599962== ERROR SUMMARY: 0 errors from 0 contexts (suppressed: 0 from 0)
