==706205== Memcheck, a memory error detector
==706205== Copyright (C) 2002-2024, and GNU GPL'd, by Julian Seward et al.
==706205== Using Valgrind-3.26.0 and LibVEX; rerun with -h for copyright info
==706205== Command: /tmp/rboxc-tar-behavior-ogq7cdvj/exec/tar -tf archive.tar ./nested/beta
==706205== Parent PID: 705177
==706205== 
==706205== 
==706205== FILE DESCRIPTORS: 1 open (1 inherited) at exit.
==706205== 
==706205== HEAP SUMMARY:
==706205==     in use at exit: 4,382 bytes in 8 blocks
==706205==   total heap usage: 81 allocs, 73 frees, 51,951 bytes allocated
==706205== 
==706205== 5 bytes in 1 blocks are still reachable in loss record 1 of 8
==706205==    at 0x48BD858: malloc (vg_replace_malloc.c:447)
==706205==    by 0x405185D: xmalloc (xmalloc.c:45)
==706205==    by 0x405185D: xmemdup (xmalloc.c:314)
==706205==    by 0x405185D: xstrdup (xmalloc.c:339)
==706205==    by 0x402644F: assign_string (misc.c:58)
==706205==    by 0x402973C: uname_to_uid (names.c:550)
==706205==    by 0x402457F: decode_header (list.c:694)
==706205==    by 0x4025616: read_and (list.c:194)
==706205==    by 0x400CD4B: main (tar.c:2832)
==706205== 
==706205== 5 bytes in 1 blocks are still reachable in loss record 2 of 8
==706205==    at 0x48BD858: malloc (vg_replace_malloc.c:447)
==706205==    by 0x405185D: xmalloc (xmalloc.c:45)
==706205==    by 0x405185D: xmemdup (xmalloc.c:314)
==706205==    by 0x405185D: xstrdup (xmalloc.c:339)
==706205==    by 0x402644F: assign_string (misc.c:58)
==706205==    by 0x40297DC: gname_to_gid (names.c:580)
==706205==    by 0x402455F: decode_header (list.c:699)
==706205==    by 0x4025616: read_and (list.c:194)
==706205==    by 0x400CD4B: main (tar.c:2832)
==706205== 
==706205== 14 bytes in 1 blocks are indirectly lost in loss record 3 of 8
==706205==    at 0x48BD858: malloc (vg_replace_malloc.c:447)
==706205==    by 0x405185D: xmalloc (xmalloc.c:45)
==706205==    by 0x405185D: xmemdup (xmalloc.c:314)
==706205==    by 0x405185D: xstrdup (xmalloc.c:339)
==706205==    by 0x402994B: make_name (names.c:599)
==706205==    by 0x402994B: addname (names.c:1233)
==706205==    by 0x4029AB7: name_gather (names.c:1218)
==706205==    by 0x4025436: read_and (list.c:174)
==706205==    by 0x400CD4B: main (tar.c:2832)
==706205== 
==706205== 16 bytes in 1 blocks are still reachable in loss record 4 of 8
==706205==    at 0x48C4E43: calloc (vg_replace_malloc.c:1678)
==706205==    by 0x40516F1: xcalloc (xmalloc.c:298)
==706205==    by 0x40516F1: xzalloc (xmalloc.c:283)
==706205==    by 0x400BEF9: decode_options (tar.c:2297)
==706205==    by 0x400BEF9: main (tar.c:2792)
==706205== 
==706205== 80 bytes in 1 blocks are still reachable in loss record 5 of 8
==706205==    at 0x48BD858: malloc (vg_replace_malloc.c:447)
==706205==    by 0x40512CC: xmalloc (xmalloc.c:45)
==706205==    by 0x400BE43: main (tar.c:2781)
==706205== 
==706205== 102 bytes in 1 blocks are still reachable in loss record 6 of 8
==706205==    at 0x48BD858: malloc (vg_replace_malloc.c:447)
==706205==    by 0x40512CC: xmalloc (xmalloc.c:45)
==706205==    by 0x4029881: name_init (names.c:869)
==706205==    by 0x400C94C: main (tar.c:2794)
==706205== 
==706205== 110 (96 direct, 14 indirect) bytes in 1 blocks are definitely lost in loss record 7 of 8
==706205==    at 0x48C4E43: calloc (vg_replace_malloc.c:1678)
==706205==    by 0x40516F1: xcalloc (xmalloc.c:298)
==706205==    by 0x40516F1: xzalloc (xmalloc.c:283)
==706205==    by 0x4029932: make_name (names.c:596)
==706205==    by 0x4029932: addname (names.c:1233)
==706205==    by 0x4029AB7: name_gather (names.c:1218)
==706205==    by 0x4025436: read_and (list.c:174)
==706205==    by 0x400CD4B: main (tar.c:2832)
==706205== 
==706205== 4,064 bytes in 1 blocks are still reachable in loss record 8 of 8
==706205==    at 0x48BD858: malloc (vg_replace_malloc.c:447)
==706205==    by 0x40512CC: xmalloc (xmalloc.c:45)
==706205==    by 0x404A07D: call_chunkfun (obstack.c:88)
==706205==    by 0x404A07D: _obstack_begin_worker.isra.0 (obstack.c:135)
==706205==    by 0x404A0A8: _obstack_begin (obstack.c:157)
==706205==    by 0x4032C57: _transform_name_to_obstack (transform.c:592)
==706205==    by 0x4032C57: transform_name_fp (transform.c:614)
==706205==    by 0x4023670: transform_member_name (list.c:114)
==706205==    by 0x4023670: transform_stat_info.part.0 (list.c:150)
==706205==    by 0x4025850: transform_stat_info (list.c:227)
==706205==    by 0x4025850: read_and (list.c:227)
==706205==    by 0x400CD4B: main (tar.c:2832)
==706205== 
==706205== LEAK SUMMARY:
==706205==    definitely lost: 96 bytes in 1 blocks
==706205==    indirectly lost: 14 bytes in 1 blocks
==706205==      possibly lost: 0 bytes in 0 blocks
==706205==    still reachable: 4,272 bytes in 6 blocks
==706205==         suppressed: 0 bytes in 0 blocks
==706205== 
==706205== For lists of detected and suppressed errors, rerun with: -s
==706205== ERROR SUMMARY: 1 errors from 1 contexts (suppressed: 0 from 0)
