==641327== Memcheck, a memory error detector
==641327== Copyright (C) 2002-2024, and GNU GPL'd, by Julian Seward et al.
==641327== Using Valgrind-3.26.0 and LibVEX; rerun with -h for copyright info
==641327== Command: /tmp/rboxc-tar-behavior-q0qg2hf6/exec/tar -Af archive.tar second.tar
==641327== Parent PID: 635373
==641327== 
==641327== 
==641327== FILE DESCRIPTORS: 1 open (1 inherited) at exit.
==641327== 
==641327== HEAP SUMMARY:
==641327==     in use at exit: 4,262 bytes in 4 blocks
==641327==   total heap usage: 59 allocs, 55 frees, 26,909 bytes allocated
==641327== 
==641327== 16 bytes in 1 blocks are still reachable in loss record 1 of 4
==641327==    at 0x5875E43: calloc (vg_replace_malloc.c:1678)
==641327==    by 0x469E501: rboxc_tar_xzalloc (in /root/rboxc/target/tar-map-probe-candidate/release/rboxc)
==641327==    by 0x4477AF5: single_binary_main_tar (in /root/rboxc/target/tar-map-probe-candidate/release/rboxc)
==641327==    by 0x5A18600: (below main) (libc_start_call_main.h:59)
==641327== 
==641327== 80 bytes in 1 blocks are still reachable in loss record 2 of 4
==641327==    at 0x586E858: malloc (vg_replace_malloc.c:447)
==641327==    by 0x469E0DC: rboxc_tar_xmalloc (in /root/rboxc/target/tar-map-probe-candidate/release/rboxc)
==641327==    by 0x4477A00: single_binary_main_tar (in /root/rboxc/target/tar-map-probe-candidate/release/rboxc)
==641327==    by 0x5A18600: (below main) (libc_start_call_main.h:59)
==641327== 
==641327== 102 bytes in 1 blocks are still reachable in loss record 3 of 4
==641327==    at 0x586E858: malloc (vg_replace_malloc.c:447)
==641327==    by 0x469E0DC: rboxc_tar_xmalloc (in /root/rboxc/target/tar-map-probe-candidate/release/rboxc)
==641327==    by 0x46734A1: rboxc_tar_name_init (in /root/rboxc/target/tar-map-probe-candidate/release/rboxc)
==641327==    by 0x4478A7A: single_binary_main_tar (in /root/rboxc/target/tar-map-probe-candidate/release/rboxc)
==641327==    by 0x5A18600: (below main) (libc_start_call_main.h:59)
==641327== 
==641327== 4,064 bytes in 1 blocks are still reachable in loss record 4 of 4
==641327==    at 0x586E858: malloc (vg_replace_malloc.c:447)
==641327==    by 0x469E0DC: rboxc_tar_xmalloc (in /root/rboxc/target/tar-map-probe-candidate/release/rboxc)
==641327==    by 0x4695FFD: _obstack_begin_worker.isra.0 (in /root/rboxc/target/tar-map-probe-candidate/release/rboxc)
==641327==    by 0x4696028: rboxc_tar__obstack_begin (in /root/rboxc/target/tar-map-probe-candidate/release/rboxc)
==641327==    by 0x4679CD7: rboxc_tar_transform_name_fp (in /root/rboxc/target/tar-map-probe-candidate/release/rboxc)
==641327==    by 0x466D0B0: transform_stat_info.part.0 (in /root/rboxc/target/tar-map-probe-candidate/release/rboxc)
==641327==    by 0x467A4BD: rboxc_tar_update_archive (in /root/rboxc/target/tar-map-probe-candidate/release/rboxc)
==641327==    by 0x4478AB6: single_binary_main_tar (in /root/rboxc/target/tar-map-probe-candidate/release/rboxc)
==641327==    by 0x5A18600: (below main) (libc_start_call_main.h:59)
==641327== 
==641327== LEAK SUMMARY:
==641327==    definitely lost: 0 bytes in 0 blocks
==641327==    indirectly lost: 0 bytes in 0 blocks
==641327==      possibly lost: 0 bytes in 0 blocks
==641327==    still reachable: 4,262 bytes in 4 blocks
==641327==         suppressed: 0 bytes in 0 blocks
==641327== 
==641327== For lists of detected and suppressed errors, rerun with: -s
==641327== ERROR SUMMARY: 0 errors from 0 contexts (suppressed: 0 from 0)
