==638641== Memcheck, a memory error detector
==638641== Copyright (C) 2002-2024, and GNU GPL'd, by Julian Seward et al.
==638641== Using Valgrind-3.26.0 and LibVEX; rerun with -h for copyright info
==638641== Command: /tmp/rboxc-tar-behavior-oz292dmf/exec/tar -xf archive.tar -C out --strip-components=2 ./nested/beta
==638641== Parent PID: 635373
==638641== 
==638641== 
==638641== FILE DESCRIPTORS: 2 open (1 inherited) at exit.
==638641== Open file descriptor 4: out
==638641==    at 0x4A1AADA: openat (openat64.c:39)
==638641==    by 0x4027817: openat (fcntl2.h:175)
==638641==    by 0x4027817: chdir_do (misc.c:988)
==638641==    by 0x402A07E: name_match (names.c:1352)
==638641==    by 0x4025622: read_and (list.c:196)
==638641==    by 0x400CD61: main (tar.c:2823)
==638641== 
==638641== 
==638641== HEAP SUMMARY:
==638641==     in use at exit: 4,490 bytes in 11 blocks
==638641==   total heap usage: 83 allocs, 72 frees, 47,954 bytes allocated
==638641== 
==638641== 4 bytes in 1 blocks are still reachable in loss record 1 of 11
==638641==    at 0x48BD858: malloc (vg_replace_malloc.c:447)
==638641==    by 0x405185D: xmalloc (xmalloc.c:45)
==638641==    by 0x405185D: xmemdup (xmalloc.c:314)
==638641==    by 0x405185D: xstrdup (xmalloc.c:339)
==638641==    by 0x4029A2E: name_gather (names.c:1215)
==638641==    by 0x4025436: read_and (list.c:174)
==638641==    by 0x400CD61: main (tar.c:2823)
==638641== 
==638641== 5 bytes in 1 blocks are still reachable in loss record 2 of 11
==638641==    at 0x48BD858: malloc (vg_replace_malloc.c:447)
==638641==    by 0x405185D: xmalloc (xmalloc.c:45)
==638641==    by 0x405185D: xmemdup (xmalloc.c:314)
==638641==    by 0x405185D: xstrdup (xmalloc.c:339)
==638641==    by 0x402644F: assign_string (misc.c:58)
==638641==    by 0x402973C: uname_to_uid (names.c:550)
==638641==    by 0x402457F: decode_header (list.c:694)
==638641==    by 0x4025616: read_and (list.c:194)
==638641==    by 0x400CD61: main (tar.c:2823)
==638641== 
==638641== 5 bytes in 1 blocks are still reachable in loss record 3 of 11
==638641==    at 0x48BD858: malloc (vg_replace_malloc.c:447)
==638641==    by 0x405185D: xmalloc (xmalloc.c:45)
==638641==    by 0x405185D: xmemdup (xmalloc.c:314)
==638641==    by 0x405185D: xstrdup (xmalloc.c:339)
==638641==    by 0x402644F: assign_string (misc.c:58)
==638641==    by 0x40297DC: gname_to_gid (names.c:580)
==638641==    by 0x402455F: decode_header (list.c:699)
==638641==    by 0x4025616: read_and (list.c:194)
==638641==    by 0x400CD61: main (tar.c:2823)
==638641== 
==638641== 14 bytes in 1 blocks are indirectly lost in loss record 4 of 11
==638641==    at 0x48BD858: malloc (vg_replace_malloc.c:447)
==638641==    by 0x405185D: xmalloc (xmalloc.c:45)
==638641==    by 0x405185D: xmemdup (xmalloc.c:314)
==638641==    by 0x405185D: xstrdup (xmalloc.c:339)
==638641==    by 0x402994B: make_name (names.c:599)
==638641==    by 0x402994B: addname (names.c:1233)
==638641==    by 0x4029AB7: name_gather (names.c:1218)
==638641==    by 0x4025436: read_and (list.c:174)
==638641==    by 0x400CD61: main (tar.c:2823)
==638641== 
==638641== 16 bytes in 1 blocks are still reachable in loss record 5 of 11
==638641==    at 0x48C4E43: calloc (vg_replace_malloc.c:1678)
==638641==    by 0x40516F1: xcalloc (xmalloc.c:298)
==638641==    by 0x40516F1: xzalloc (xmalloc.c:283)
==638641==    by 0x400BEF9: decode_options (tar.c:2297)
==638641==    by 0x400BEF9: main (tar.c:2792)
==638641== 
==638641== 48 bytes in 1 blocks are still reachable in loss record 6 of 11
==638641==    at 0x48C53C0: reallocarray (vg_replace_malloc.c:1806)
==638641==    by 0x40515C9: xreallocarray (xmalloc.c:84)
==638641==    by 0x40515C9: x2nrealloc (xmalloc.c:203)
==638641==    by 0x4027754: chdir_arg (misc.c:934)
==638641==    by 0x4029A36: name_gather (names.c:1215)
==638641==    by 0x4025436: read_and (list.c:174)
==638641==    by 0x400CD61: main (tar.c:2823)
==638641== 
==638641== 56 bytes in 1 blocks are definitely lost in loss record 7 of 11
==638641==    at 0x48BD858: malloc (vg_replace_malloc.c:447)
==638641==    by 0x40512CC: xmalloc (xmalloc.c:45)
==638641==    by 0x40283CE: name_elt_alloc (names.c:683)
==638641==    by 0x40289D8: name_add_dir (names.c:839)
==638641==    by 0x40289D8: names_parse_opt (names.c:192)
==638641==    by 0x404233D: group_parse (argp-parse.c:233)
==638641==    by 0x404233D: parser_parse_opt (argp-parse.c:736)
==638641==    by 0x404233D: parser_parse_next (argp-parse.c:859)
==638641==    by 0x404233D: argp_parse (argp-parse.c:927)
==638641==    by 0x400C045: decode_options (tar.c:2380)
==638641==    by 0x400C045: main (tar.c:2792)
==638641== 
==638641== 80 bytes in 1 blocks are still reachable in loss record 8 of 11
==638641==    at 0x48BD858: malloc (vg_replace_malloc.c:447)
==638641==    by 0x40512CC: xmalloc (xmalloc.c:45)
==638641==    by 0x400BE43: main (tar.c:2781)
==638641== 
==638641== 102 bytes in 1 blocks are still reachable in loss record 9 of 11
==638641==    at 0x48BD858: malloc (vg_replace_malloc.c:447)
==638641==    by 0x40512CC: xmalloc (xmalloc.c:45)
==638641==    by 0x4029881: name_init (names.c:869)
==638641==    by 0x400C94C: main (tar.c:2794)
==638641== 
==638641== 110 (96 direct, 14 indirect) bytes in 1 blocks are definitely lost in loss record 10 of 11
==638641==    at 0x48C4E43: calloc (vg_replace_malloc.c:1678)
==638641==    by 0x40516F1: xcalloc (xmalloc.c:298)
==638641==    by 0x40516F1: xzalloc (xmalloc.c:283)
==638641==    by 0x4029932: make_name (names.c:596)
==638641==    by 0x4029932: addname (names.c:1233)
==638641==    by 0x4029AB7: name_gather (names.c:1218)
==638641==    by 0x4025436: read_and (list.c:174)
==638641==    by 0x400CD61: main (tar.c:2823)
==638641== 
==638641== 4,064 bytes in 1 blocks are still reachable in loss record 11 of 11
==638641==    at 0x48BD858: malloc (vg_replace_malloc.c:447)
==638641==    by 0x40512CC: xmalloc (xmalloc.c:45)
==638641==    by 0x404A07D: call_chunkfun (obstack.c:88)
==638641==    by 0x404A07D: _obstack_begin_worker.isra.0 (obstack.c:135)
==638641==    by 0x404A0A8: _obstack_begin (obstack.c:157)
==638641==    by 0x4032C57: _transform_name_to_obstack (transform.c:592)
==638641==    by 0x4032C57: transform_name_fp (transform.c:614)
==638641==    by 0x4023670: transform_member_name (list.c:114)
==638641==    by 0x4023670: transform_stat_info.part.0 (list.c:150)
==638641==    by 0x4025850: transform_stat_info (list.c:227)
==638641==    by 0x4025850: read_and (list.c:227)
==638641==    by 0x400CD61: main (tar.c:2823)
==638641== 
==638641== LEAK SUMMARY:
==638641==    definitely lost: 152 bytes in 2 blocks
==638641==    indirectly lost: 14 bytes in 1 blocks
==638641==      possibly lost: 0 bytes in 0 blocks
==638641==    still reachable: 4,324 bytes in 8 blocks
==638641==         suppressed: 0 bytes in 0 blocks
==638641== 
==638641== For lists of detected and suppressed errors, rerun with: -s
==638641== ERROR SUMMARY: 3 errors from 3 contexts (suppressed: 0 from 0)
