==706599== Memcheck, a memory error detector
==706599== Copyright (C) 2002-2024, and GNU GPL'd, by Julian Seward et al.
==706599== Using Valgrind-3.26.0 and LibVEX; rerun with -h for copyright info
==706599== Command: /tmp/rboxc-tar-behavior-8eihuozr/exec/tar --starting-file=./empty --starting-file=./alpha.txt -tf archive.tar
==706599== Parent PID: 705177
==706599== 
==706599== 
==706599== FILE DESCRIPTORS: 1 open (1 inherited) at exit.
==706599== 
==706599== HEAP SUMMARY:
==706599==     in use at exit: 4,444 bytes in 10 blocks
==706599==   total heap usage: 84 allocs, 74 frees, 52,014 bytes allocated
==706599== 
==706599== 5 bytes in 1 blocks are still reachable in loss record 1 of 9
==706599==    at 0x48BD858: malloc (vg_replace_malloc.c:447)
==706599==    by 0x405185D: xmalloc (xmalloc.c:45)
==706599==    by 0x405185D: xmemdup (xmalloc.c:314)
==706599==    by 0x405185D: xstrdup (xmalloc.c:339)
==706599==    by 0x402644F: assign_string (misc.c:58)
==706599==    by 0x402973C: uname_to_uid (names.c:550)
==706599==    by 0x402457F: decode_header (list.c:694)
==706599==    by 0x4025616: read_and (list.c:194)
==706599==    by 0x400CD4B: main (tar.c:2832)
==706599== 
==706599== 5 bytes in 1 blocks are still reachable in loss record 2 of 9
==706599==    at 0x48BD858: malloc (vg_replace_malloc.c:447)
==706599==    by 0x405185D: xmalloc (xmalloc.c:45)
==706599==    by 0x405185D: xmemdup (xmalloc.c:314)
==706599==    by 0x405185D: xstrdup (xmalloc.c:339)
==706599==    by 0x402644F: assign_string (misc.c:58)
==706599==    by 0x40297DC: gname_to_gid (names.c:580)
==706599==    by 0x402455F: decode_header (list.c:699)
==706599==    by 0x4025616: read_and (list.c:194)
==706599==    by 0x400CD4B: main (tar.c:2832)
==706599== 
==706599== 12 bytes in 1 blocks are indirectly lost in loss record 3 of 9
==706599==    at 0x48BD858: malloc (vg_replace_malloc.c:447)
==706599==    by 0x405185D: xmalloc (xmalloc.c:45)
==706599==    by 0x405185D: xmemdup (xmalloc.c:314)
==706599==    by 0x405185D: xstrdup (xmalloc.c:339)
==706599==    by 0x4029E3F: make_name (names.c:599)
==706599==    by 0x4029E3F: add_starting_file (names.c:1256)
==706599==    by 0x403104C: parse_opt (tar.c:1564)
==706599==    by 0x40421C3: group_parse (argp-parse.c:233)
==706599==    by 0x40421C3: parser_parse_opt (argp-parse.c:748)
==706599==    by 0x40421C3: parser_parse_next (argp-parse.c:859)
==706599==    by 0x40421C3: argp_parse (argp-parse.c:927)
==706599==    by 0x400C045: decode_options (tar.c:2380)
==706599==    by 0x400C045: main (tar.c:2792)
==706599== 
==706599== 16 bytes in 1 blocks are still reachable in loss record 4 of 9
==706599==    at 0x48C4E43: calloc (vg_replace_malloc.c:1678)
==706599==    by 0x40516F1: xcalloc (xmalloc.c:298)
==706599==    by 0x40516F1: xzalloc (xmalloc.c:283)
==706599==    by 0x400BEF9: decode_options (tar.c:2297)
==706599==    by 0x400BEF9: main (tar.c:2792)
==706599== 
==706599== 64 bytes in 2 blocks are still reachable in loss record 5 of 9
==706599==    at 0x48BD858: malloc (vg_replace_malloc.c:447)
==706599==    by 0x40512CC: xmalloc (xmalloc.c:45)
==706599==    by 0x402F07B: optloc_save (tar.c:926)
==706599==    by 0x4031044: parse_opt (tar.c:1563)
==706599==    by 0x40421C3: group_parse (argp-parse.c:233)
==706599==    by 0x40421C3: parser_parse_opt (argp-parse.c:748)
==706599==    by 0x40421C3: parser_parse_next (argp-parse.c:859)
==706599==    by 0x40421C3: argp_parse (argp-parse.c:927)
==706599==    by 0x400C045: decode_options (tar.c:2380)
==706599==    by 0x400C045: main (tar.c:2792)
==706599== 
==706599== 80 bytes in 1 blocks are still reachable in loss record 6 of 9
==706599==    at 0x48BD858: malloc (vg_replace_malloc.c:447)
==706599==    by 0x40512CC: xmalloc (xmalloc.c:45)
==706599==    by 0x400BE43: main (tar.c:2781)
==706599== 
==706599== 102 bytes in 1 blocks are still reachable in loss record 7 of 9
==706599==    at 0x48BD858: malloc (vg_replace_malloc.c:447)
==706599==    by 0x40512CC: xmalloc (xmalloc.c:45)
==706599==    by 0x4029881: name_init (names.c:869)
==706599==    by 0x400C94C: main (tar.c:2794)
==706599== 
==706599== 108 (96 direct, 12 indirect) bytes in 1 blocks are definitely lost in loss record 8 of 9
==706599==    at 0x48C4E43: calloc (vg_replace_malloc.c:1678)
==706599==    by 0x40516F1: xcalloc (xmalloc.c:298)
==706599==    by 0x40516F1: xzalloc (xmalloc.c:283)
==706599==    by 0x4029E26: make_name (names.c:596)
==706599==    by 0x4029E26: add_starting_file (names.c:1256)
==706599==    by 0x403104C: parse_opt (tar.c:1564)
==706599==    by 0x40421C3: group_parse (argp-parse.c:233)
==706599==    by 0x40421C3: parser_parse_opt (argp-parse.c:748)
==706599==    by 0x40421C3: parser_parse_next (argp-parse.c:859)
==706599==    by 0x40421C3: argp_parse (argp-parse.c:927)
==706599==    by 0x400C045: decode_options (tar.c:2380)
==706599==    by 0x400C045: main (tar.c:2792)
==706599== 
==706599== 4,064 bytes in 1 blocks are still reachable in loss record 9 of 9
==706599==    at 0x48BD858: malloc (vg_replace_malloc.c:447)
==706599==    by 0x40512CC: xmalloc (xmalloc.c:45)
==706599==    by 0x404A07D: call_chunkfun (obstack.c:88)
==706599==    by 0x404A07D: _obstack_begin_worker.isra.0 (obstack.c:135)
==706599==    by 0x404A0A8: _obstack_begin (obstack.c:157)
==706599==    by 0x4032C57: _transform_name_to_obstack (transform.c:592)
==706599==    by 0x4032C57: transform_name_fp (transform.c:614)
==706599==    by 0x4023670: transform_member_name (list.c:114)
==706599==    by 0x4023670: transform_stat_info.part.0 (list.c:150)
==706599==    by 0x4025850: transform_stat_info (list.c:227)
==706599==    by 0x4025850: read_and (list.c:227)
==706599==    by 0x400CD4B: main (tar.c:2832)
==706599== 
==706599== LEAK SUMMARY:
==706599==    definitely lost: 96 bytes in 1 blocks
==706599==    indirectly lost: 12 bytes in 1 blocks
==706599==      possibly lost: 0 bytes in 0 blocks
==706599==    still reachable: 4,336 bytes in 8 blocks
==706599==         suppressed: 0 bytes in 0 blocks
==706599== 
==706599== For lists of detected and suppressed errors, rerun with: -s
==706599== ERROR SUMMARY: 1 errors from 1 contexts (suppressed: 0 from 0)
