==640946== Memcheck, a memory error detector
==640946== Copyright (C) 2002-2024, and GNU GPL'd, by Julian Seward et al.
==640946== Using Valgrind-3.26.0 and LibVEX; rerun with -h for copyright info
==640946== Command: tar chf archive dir
==640946== Parent PID: 640871
==640946== 
==640946== 
==640946== FILE DESCRIPTORS: 1 open (1 inherited) at exit.
==640946== 
==640946== HEAP SUMMARY:
==640946==     in use at exit: 4,727 bytes in 19 blocks
==640946==   total heap usage: 81 allocs, 62 frees, 89,773 bytes allocated
==640946== 
==640946== 5 bytes in 1 blocks are still reachable in loss record 1 of 14
==640946==    at 0x48BD858: malloc (vg_replace_malloc.c:447)
==640946==    by 0x405185D: xmalloc (xmalloc.c:45)
==640946==    by 0x405185D: xmemdup (xmalloc.c:314)
==640946==    by 0x405185D: xstrdup (xmalloc.c:339)
==640946==    by 0x402644F: assign_string (misc.c:58)
==640946==    by 0x4029612: uid_to_uname (names.c:490)
==640946==    by 0x40155F3: start_header (create.c:931)
==640946==    by 0x40167F9: dump_dir0 (create.c:1123)
==640946==    by 0x40167F9: dump_dir (create.c:1320)
==640946==    by 0x40167F9: dump_file0 (create.c:1757)
==640946==    by 0x4017589: dump_file (create.c:1968)
==640946==    by 0x4017589: create_archive (create.c:1412)
==640946==    by 0x400CD90: main (tar.c:2818)
==640946== 
==640946== 5 bytes in 1 blocks are still reachable in loss record 2 of 14
==640946==    at 0x48BD858: malloc (vg_replace_malloc.c:447)
==640946==    by 0x405185D: xmalloc (xmalloc.c:45)
==640946==    by 0x405185D: xmemdup (xmalloc.c:314)
==640946==    by 0x405185D: xstrdup (xmalloc.c:339)
==640946==    by 0x402644F: assign_string (misc.c:58)
==640946==    by 0x40296A2: gid_to_gname (names.c:520)
==640946==    by 0x40155DB: start_header (create.c:936)
==640946==    by 0x40167F9: dump_dir0 (create.c:1123)
==640946==    by 0x40167F9: dump_dir (create.c:1320)
==640946==    by 0x40167F9: dump_file0 (create.c:1757)
==640946==    by 0x4017589: dump_file (create.c:1968)
==640946==    by 0x4017589: create_archive (create.c:1412)
==640946==    by 0x400CD90: main (tar.c:2818)
==640946== 
==640946== 7 bytes in 2 blocks are indirectly lost in loss record 3 of 14
==640946==    at 0x48BD858: malloc (vg_replace_malloc.c:447)
==640946==    by 0x40387DD: wsnode_quoteremoval (wordsplit.c:651)
==640946==    by 0x4039CFD: wordsplit_process_list (wordsplit.c:2390)
==640946==    by 0x403A562: wordsplit_run.constprop.0 (wordsplit.c:2434)
==640946==    by 0x400BFFA: parse_default_options (tar.c:2256)
==640946==    by 0x400BFFA: decode_options (tar.c:2378)
==640946==    by 0x400BFFA: main (tar.c:2792)
==640946== 
==640946== 7 bytes in 2 blocks are definitely lost in loss record 4 of 14
==640946==    at 0x48BD858: malloc (vg_replace_malloc.c:447)
==640946==    by 0x403A1FB: wordsplit_finish (wordsplit.c:836)
==640946==    by 0x400BFFA: parse_default_options (tar.c:2256)
==640946==    by 0x400BFFA: decode_options (tar.c:2378)
==640946==    by 0x400BFFA: main (tar.c:2792)
==640946== 
==640946== 9 bytes in 3 blocks are indirectly lost in loss record 5 of 14
==640946==    at 0x48BD858: malloc (vg_replace_malloc.c:447)
==640946==    by 0x405185D: xmalloc (xmalloc.c:45)
==640946==    by 0x405185D: xmemdup (xmalloc.c:314)
==640946==    by 0x405185D: xstrdup (xmalloc.c:339)
==640946==    by 0x400C4F1: decode_options (tar.c:2353)
==640946==    by 0x400C4F1: main (tar.c:2792)
==640946== 
==640946== 16 bytes in 1 blocks are still reachable in loss record 6 of 14
==640946==    at 0x48C4E43: calloc (vg_replace_malloc.c:1678)
==640946==    by 0x40516F1: xcalloc (xmalloc.c:298)
==640946==    by 0x40516F1: xzalloc (xmalloc.c:283)
==640946==    by 0x400BEF9: decode_options (tar.c:2297)
==640946==    by 0x400BEF9: main (tar.c:2792)
==640946== 
==640946== 40 bytes in 1 blocks are still reachable in loss record 7 of 14
==640946==    at 0x48BD858: malloc (vg_replace_malloc.c:447)
==640946==    by 0x40512CC: xmalloc (xmalloc.c:45)
==640946==    by 0x401407E: file_count_links (create.c:1522)
==640946==    by 0x401407E: file_count_links (create.c:1508)
==640946==    by 0x4016A58: dump_file0 (create.c:1779)
==640946==    by 0x4015F1E: dump_file (create.c:1968)
==640946==    by 0x4017167: dump_dir0 (create.c:1227)
==640946==    by 0x4017167: dump_dir (create.c:1320)
==640946==    by 0x4017167: dump_file0 (create.c:1757)
==640946==    by 0x4017589: dump_file (create.c:1968)
==640946==    by 0x4017589: create_archive (create.c:1412)
==640946==    by 0x400CD90: main (tar.c:2818)
==640946== 
==640946== 65 (56 direct, 9 indirect) bytes in 1 blocks are definitely lost in loss record 8 of 14
==640946==    at 0x48BD858: malloc (vg_replace_malloc.c:447)
==640946==    by 0x40512CC: xmalloc (xmalloc.c:45)
==640946==    by 0x400C46E: decode_options (tar.c:2340)
==640946==    by 0x400C46E: main (tar.c:2792)
==640946== 
==640946== 80 bytes in 1 blocks are still reachable in loss record 9 of 14
==640946==    at 0x48BD858: malloc (vg_replace_malloc.c:447)
==640946==    by 0x40512CC: xmalloc (xmalloc.c:45)
==640946==    by 0x400BE43: main (tar.c:2781)
==640946== 
==640946== 80 bytes in 1 blocks are still reachable in loss record 10 of 14
==640946==    at 0x48BD858: malloc (vg_replace_malloc.c:447)
==640946==    by 0x4047846: hash_initialize (hash.c:523)
==640946==    by 0x401411B: file_count_links (create.c:1530)
==640946==    by 0x401411B: file_count_links (create.c:1508)
==640946==    by 0x4016A58: dump_file0 (create.c:1779)
==640946==    by 0x4015F1E: dump_file (create.c:1968)
==640946==    by 0x4017167: dump_dir0 (create.c:1227)
==640946==    by 0x4017167: dump_dir (create.c:1320)
==640946==    by 0x4017167: dump_file0 (create.c:1757)
==640946==    by 0x4017589: dump_file (create.c:1968)
==640946==    by 0x4017589: create_archive (create.c:1412)
==640946==    by 0x400CD90: main (tar.c:2818)
==640946== 
==640946== 87 (80 direct, 7 indirect) bytes in 2 blocks are definitely lost in loss record 11 of 14
==640946==    at 0x48C4E43: calloc (vg_replace_malloc.c:1678)
==640946==    by 0x403959D: wsnode_new (wordsplit.c:422)
==640946==    by 0x403959D: wordsplit_add_segm (wordsplit.c:523)
==640946==    by 0x4039854: scan_word (wordsplit.c:2062)
==640946==    by 0x4039C7C: wordsplit_process_list (wordsplit.c:2358)
==640946==    by 0x403A562: wordsplit_run.constprop.0 (wordsplit.c:2434)
==640946==    by 0x400BFFA: parse_default_options (tar.c:2256)
==640946==    by 0x400BFFA: decode_options (tar.c:2378)
==640946==    by 0x400BFFA: main (tar.c:2792)
==640946== 
==640946== 102 bytes in 1 blocks are still reachable in loss record 12 of 14
==640946==    at 0x48BD858: malloc (vg_replace_malloc.c:447)
==640946==    by 0x40512CC: xmalloc (xmalloc.c:45)
==640946==    by 0x4029881: name_init (names.c:869)
==640946==    by 0x400C94C: main (tar.c:2794)
==640946== 
==640946== 176 bytes in 1 blocks are still reachable in loss record 13 of 14
==640946==    at 0x48C4E43: calloc (vg_replace_malloc.c:1678)
==640946==    by 0x404789C: hash_initialize (hash.c:544)
==640946==    by 0x401411B: file_count_links (create.c:1530)
==640946==    by 0x401411B: file_count_links (create.c:1508)
==640946==    by 0x4016A58: dump_file0 (create.c:1779)
==640946==    by 0x4015F1E: dump_file (create.c:1968)
==640946==    by 0x4017167: dump_dir0 (create.c:1227)
==640946==    by 0x4017167: dump_dir (create.c:1320)
==640946==    by 0x4017167: dump_file0 (create.c:1757)
==640946==    by 0x4017589: dump_file (create.c:1968)
==640946==    by 0x4017589: create_archive (create.c:1412)
==640946==    by 0x400CD90: main (tar.c:2818)
==640946== 
==640946== 4,064 bytes in 1 blocks are still reachable in loss record 14 of 14
==640946==    at 0x48BD858: malloc (vg_replace_malloc.c:447)
==640946==    by 0x40512CC: xmalloc (xmalloc.c:45)
==640946==    by 0x404A07D: call_chunkfun (obstack.c:88)
==640946==    by 0x404A07D: _obstack_begin_worker.isra.0 (obstack.c:135)
==640946==    by 0x404A0A8: _obstack_begin (obstack.c:157)
==640946==    by 0x4032C57: _transform_name_to_obstack (transform.c:592)
==640946==    by 0x4032C57: transform_name_fp (transform.c:614)
==640946==    by 0x4016444: dump_file0 (create.c:1657)
==640946==    by 0x4017589: dump_file (create.c:1968)
==640946==    by 0x4017589: create_archive (create.c:1412)
==640946==    by 0x400CD90: main (tar.c:2818)
==640946== 
==640946== LEAK SUMMARY:
==640946==    definitely lost: 143 bytes in 5 blocks
==640946==    indirectly lost: 16 bytes in 5 blocks
==640946==      possibly lost: 0 bytes in 0 blocks
==640946==    still reachable: 4,568 bytes in 9 blocks
==640946==         suppressed: 0 bytes in 0 blocks
==640946== 
==640946== For lists of detected and suppressed errors, rerun with: -s
==640946== ERROR SUMMARY: 3 errors from 3 contexts (suppressed: 0 from 0)
