==640978== Memcheck, a memory error detector
==640978== Copyright (C) 2002-2024, and GNU GPL'd, by Julian Seward et al.
==640978== Using Valgrind-3.26.0 and LibVEX; rerun with -h for copyright info
==640978== Command: tar --create --file=archive.1 --listed-incremental=db.1 directory
==640978== Parent PID: 640963
==640978== 
==640978== 
==640978== FILE DESCRIPTORS: 1 open (1 inherited) at exit.
==640978== 
==640978== HEAP SUMMARY:
==640978==     in use at exit: 6,089 bytes in 35 blocks
==640978==   total heap usage: 248 allocs, 213 frees, 363,900 bytes allocated
==640978== 
==640978== 5 bytes in 1 blocks are still reachable in loss record 1 of 30
==640978==    at 0x586E858: malloc (vg_replace_malloc.c:447)
==640978==    by 0x469E66D: rboxc_tar_xstrdup (in /root/rboxc/target/tar-map-probe-candidate/release/rboxc)
==640978==    by 0x466FF4F: rboxc_tar_assign_string (in /root/rboxc/target/tar-map-probe-candidate/release/rboxc)
==640978==    by 0x4673232: rboxc_tar_uid_to_uname (in /root/rboxc/target/tar-map-probe-candidate/release/rboxc)
==640978==    by 0x4662453: rboxc_tar_start_header (in /root/rboxc/target/tar-map-probe-candidate/release/rboxc)
==640978==    by 0x4663659: dump_file0 (in /root/rboxc/target/tar-map-probe-candidate/release/rboxc)
==640978==    by 0x466468F: rboxc_tar_create_archive (in /root/rboxc/target/tar-map-probe-candidate/release/rboxc)
==640978==    by 0x4478AF8: single_binary_main_tar (in /root/rboxc/target/tar-map-probe-candidate/release/rboxc)
==640978==    by 0x5A18600: (below main) (libc_start_call_main.h:59)
==640978== 
==640978== 5 bytes in 1 blocks are still reachable in loss record 2 of 30
==640978==    at 0x586E858: malloc (vg_replace_malloc.c:447)
==640978==    by 0x469E66D: rboxc_tar_xstrdup (in /root/rboxc/target/tar-map-probe-candidate/release/rboxc)
==640978==    by 0x466FF4F: rboxc_tar_assign_string (in /root/rboxc/target/tar-map-probe-candidate/release/rboxc)
==640978==    by 0x46732C2: rboxc_tar_gid_to_gname (in /root/rboxc/target/tar-map-probe-candidate/release/rboxc)
==640978==    by 0x466243B: rboxc_tar_start_header (in /root/rboxc/target/tar-map-probe-candidate/release/rboxc)
==640978==    by 0x4663659: dump_file0 (in /root/rboxc/target/tar-map-probe-candidate/release/rboxc)
==640978==    by 0x466468F: rboxc_tar_create_archive (in /root/rboxc/target/tar-map-probe-candidate/release/rboxc)
==640978==    by 0x4478AF8: single_binary_main_tar (in /root/rboxc/target/tar-map-probe-candidate/release/rboxc)
==640978==    by 0x5A18600: (below main) (libc_start_call_main.h:59)
==640978== 
==640978== 10 bytes in 1 blocks are still reachable in loss record 3 of 30
==640978==    at 0x586E858: malloc (vg_replace_malloc.c:447)
==640978==    by 0x469E0DC: rboxc_tar_xmalloc (in /root/rboxc/target/tar-map-probe-candidate/release/rboxc)
==640978==    by 0x4668DE1: make_directory (in /root/rboxc/target/tar-map-probe-candidate/release/rboxc)
==640978==    by 0x4669095: note_directory (in /root/rboxc/target/tar-map-probe-candidate/release/rboxc)
==640978==    by 0x4669D08: procdir (in /root/rboxc/target/tar-map-probe-candidate/release/rboxc)
==640978==    by 0x466A5D4: rboxc_tar_scan_directory (in /root/rboxc/target/tar-map-probe-candidate/release/rboxc)
==640978==    by 0x46737AE: add_hierarchy_to_namelist (in /root/rboxc/target/tar-map-probe-candidate/release/rboxc)
==640978==    by 0x4674520: rboxc_tar_collect_and_sort_names (in /root/rboxc/target/tar-map-probe-candidate/release/rboxc)
==640978==    by 0x466443D: rboxc_tar_create_archive (in /root/rboxc/target/tar-map-probe-candidate/release/rboxc)
==640978==    by 0x4478AF8: single_binary_main_tar (in /root/rboxc/target/tar-map-probe-candidate/release/rboxc)
==640978==    by 0x5A18600: (below main) (libc_start_call_main.h:59)
==640978== 
==640978== 14 bytes in 1 blocks are still reachable in loss record 4 of 30
==640978==    at 0x586E858: malloc (vg_replace_malloc.c:447)
==640978==    by 0x469E0DC: rboxc_tar_xmalloc (in /root/rboxc/target/tar-map-probe-candidate/release/rboxc)
==640978==    by 0x4668DE1: make_directory (in /root/rboxc/target/tar-map-probe-candidate/release/rboxc)
==640978==    by 0x4669095: note_directory (in /root/rboxc/target/tar-map-probe-candidate/release/rboxc)
==640978==    by 0x4669D08: procdir (in /root/rboxc/target/tar-map-probe-candidate/release/rboxc)
==640978==    by 0x466AAC0: rboxc_tar_scan_directory (in /root/rboxc/target/tar-map-probe-candidate/release/rboxc)
==640978==    by 0x46737AE: add_hierarchy_to_namelist (in /root/rboxc/target/tar-map-probe-candidate/release/rboxc)
==640978==    by 0x46739C7: add_hierarchy_to_namelist (in /root/rboxc/target/tar-map-probe-candidate/release/rboxc)
==640978==    by 0x4674520: rboxc_tar_collect_and_sort_names (in /root/rboxc/target/tar-map-probe-candidate/release/rboxc)
==640978==    by 0x466443D: rboxc_tar_create_archive (in /root/rboxc/target/tar-map-probe-candidate/release/rboxc)
==640978==    by 0x4478AF8: single_binary_main_tar (in /root/rboxc/target/tar-map-probe-candidate/release/rboxc)
==640978==    by 0x5A18600: (below main) (libc_start_call_main.h:59)
==640978== 
==640978== 16 bytes in 1 blocks are still reachable in loss record 5 of 30
==640978==    at 0x5875E43: calloc (vg_replace_malloc.c:1678)
==640978==    by 0x469E501: rboxc_tar_xzalloc (in /root/rboxc/target/tar-map-probe-candidate/release/rboxc)
==640978==    by 0x4477AF5: single_binary_main_tar (in /root/rboxc/target/tar-map-probe-candidate/release/rboxc)
==640978==    by 0x5A18600: (below main) (libc_start_call_main.h:59)
==640978== 
==640978== 16 bytes in 1 blocks are still reachable in loss record 6 of 30
==640978==    at 0x586E858: malloc (vg_replace_malloc.c:447)
==640978==    by 0x4693D49: rboxc_tar_hash_insert_if_absent (in /root/rboxc/target/tar-map-probe-candidate/release/rboxc)
==640978==    by 0x4693DA1: rboxc_tar_hash_insert (in /root/rboxc/target/tar-map-probe-candidate/release/rboxc)
==640978==    by 0x466910B: note_directory (in /root/rboxc/target/tar-map-probe-candidate/release/rboxc)
==640978==    by 0x4669D08: procdir (in /root/rboxc/target/tar-map-probe-candidate/release/rboxc)
==640978==    by 0x466AAC0: rboxc_tar_scan_directory (in /root/rboxc/target/tar-map-probe-candidate/release/rboxc)
==640978==    by 0x46737AE: add_hierarchy_to_namelist (in /root/rboxc/target/tar-map-probe-candidate/release/rboxc)
==640978==    by 0x4674520: rboxc_tar_collect_and_sort_names (in /root/rboxc/target/tar-map-probe-candidate/release/rboxc)
==640978==    by 0x466443D: rboxc_tar_create_archive (in /root/rboxc/target/tar-map-probe-candidate/release/rboxc)
==640978==    by 0x4478AF8: single_binary_main_tar (in /root/rboxc/target/tar-map-probe-candidate/release/rboxc)
==640978==    by 0x5A18600: (below main) (libc_start_call_main.h:59)
==640978== 
==640978== 16 bytes in 1 blocks are still reachable in loss record 7 of 30
==640978==    at 0x5875E43: calloc (vg_replace_malloc.c:1678)
==640978==    by 0x469E55C: rboxc_tar_xcalloc (in /root/rboxc/target/tar-map-probe-candidate/release/rboxc)
==640978==    by 0x4668FB2: dumpdir_create0 (in /root/rboxc/target/tar-map-probe-candidate/release/rboxc)
==640978==    by 0x466A7F8: rboxc_tar_scan_directory (in /root/rboxc/target/tar-map-probe-candidate/release/rboxc)
==640978==    by 0x46737AE: add_hierarchy_to_namelist (in /root/rboxc/target/tar-map-probe-candidate/release/rboxc)
==640978==    by 0x46739C7: add_hierarchy_to_namelist (in /root/rboxc/target/tar-map-probe-candidate/release/rboxc)
==640978==    by 0x46739C7: add_hierarchy_to_namelist (in /root/rboxc/target/tar-map-probe-candidate/release/rboxc)
==640978==    by 0x4674520: rboxc_tar_collect_and_sort_names (in /root/rboxc/target/tar-map-probe-candidate/release/rboxc)
==640978==    by 0x466443D: rboxc_tar_create_archive (in /root/rboxc/target/tar-map-probe-candidate/release/rboxc)
==640978==    by 0x4478AF8: single_binary_main_tar (in /root/rboxc/target/tar-map-probe-candidate/release/rboxc)
==640978==    by 0x5A18600: (below main) (libc_start_call_main.h:59)
==640978== 
==640978== 17 bytes in 1 blocks are still reachable in loss record 8 of 30
==640978==    at 0x586E858: malloc (vg_replace_malloc.c:447)
==640978==    by 0x469E66D: rboxc_tar_xstrdup (in /root/rboxc/target/tar-map-probe-candidate/release/rboxc)
==640978==    by 0x466FF4F: rboxc_tar_assign_string (in /root/rboxc/target/tar-map-probe-candidate/release/rboxc)
==640978==    by 0x467EFE6: rboxc_tar_xheader_xhdr_name (in /root/rboxc/target/tar-map-probe-candidate/release/rboxc)
==640978==    by 0x46610F7: write_extended.part.0 (in /root/rboxc/target/tar-map-probe-candidate/release/rboxc)
==640978==    by 0x46616F6: rboxc_tar_finish_header (in /root/rboxc/target/tar-map-probe-candidate/release/rboxc)
==640978==    by 0x466402F: dump_file0 (in /root/rboxc/target/tar-map-probe-candidate/release/rboxc)
==640978==    by 0x466468F: rboxc_tar_create_archive (in /root/rboxc/target/tar-map-probe-candidate/release/rboxc)
==640978==    by 0x4478AF8: single_binary_main_tar (in /root/rboxc/target/tar-map-probe-candidate/release/rboxc)
==640978==    by 0x5A18600: (below main) (libc_start_call_main.h:59)
==640978== 
==640978== 24 bytes in 1 blocks are still reachable in loss record 9 of 30
==640978==    at 0x5875E43: calloc (vg_replace_malloc.c:1678)
==640978==    by 0x469E55C: rboxc_tar_xcalloc (in /root/rboxc/target/tar-map-probe-candidate/release/rboxc)
==640978==    by 0x4668FB2: dumpdir_create0 (in /root/rboxc/target/tar-map-probe-candidate/release/rboxc)
==640978==    by 0x466A7F8: rboxc_tar_scan_directory (in /root/rboxc/target/tar-map-probe-candidate/release/rboxc)
==640978==    by 0x46737AE: add_hierarchy_to_namelist (in /root/rboxc/target/tar-map-probe-candidate/release/rboxc)
==640978==    by 0x4674520: rboxc_tar_collect_and_sort_names (in /root/rboxc/target/tar-map-probe-candidate/release/rboxc)
==640978==    by 0x466443D: rboxc_tar_create_archive (in /root/rboxc/target/tar-map-probe-candidate/release/rboxc)
==640978==    by 0x4478AF8: single_binary_main_tar (in /root/rboxc/target/tar-map-probe-candidate/release/rboxc)
==640978==    by 0x5A18600: (below main) (libc_start_call_main.h:59)
==640978== 
==640978== 24 bytes in 2 blocks are still reachable in loss record 10 of 30
==640978==    at 0x586E858: malloc (vg_replace_malloc.c:447)
==640978==    by 0x469E0DC: rboxc_tar_xmalloc (in /root/rboxc/target/tar-map-probe-candidate/release/rboxc)
==640978==    by 0x4668DE1: make_directory (in /root/rboxc/target/tar-map-probe-candidate/release/rboxc)
==640978==    by 0x4669095: note_directory (in /root/rboxc/target/tar-map-probe-candidate/release/rboxc)
==640978==    by 0x4669D08: procdir (in /root/rboxc/target/tar-map-probe-candidate/release/rboxc)
==640978==    by 0x466AAC0: rboxc_tar_scan_directory (in /root/rboxc/target/tar-map-probe-candidate/release/rboxc)
==640978==    by 0x46737AE: add_hierarchy_to_namelist (in /root/rboxc/target/tar-map-probe-candidate/release/rboxc)
==640978==    by 0x4674520: rboxc_tar_collect_and_sort_names (in /root/rboxc/target/tar-map-probe-candidate/release/rboxc)
==640978==    by 0x466443D: rboxc_tar_create_archive (in /root/rboxc/target/tar-map-probe-candidate/release/rboxc)
==640978==    by 0x4478AF8: single_binary_main_tar (in /root/rboxc/target/tar-map-probe-candidate/release/rboxc)
==640978==    by 0x5A18600: (below main) (libc_start_call_main.h:59)
==640978== 
==640978== 32 bytes in 1 blocks are still reachable in loss record 11 of 30
==640978==    at 0x586E858: malloc (vg_replace_malloc.c:447)
==640978==    by 0x469E0DC: rboxc_tar_xmalloc (in /root/rboxc/target/tar-map-probe-candidate/release/rboxc)
==640978==    by 0x446DA2F: rboxc::applet_tar::optloc_save (in /root/rboxc/target/tar-map-probe-candidate/release/rboxc)
==640978==    by 0x446F7A4: rboxc::applet_tar::parse_opt (in /root/rboxc/target/tar-map-probe-candidate/release/rboxc)
==640978==    by 0x468D0C3: rboxc_tar_argp_parse (in /root/rboxc/target/tar-map-probe-candidate/release/rboxc)
==640978==    by 0x4478025: single_binary_main_tar (in /root/rboxc/target/tar-map-probe-candidate/release/rboxc)
==640978==    by 0x5A18600: (below main) (libc_start_call_main.h:59)
==640978== 
==640978== 32 bytes in 2 blocks are still reachable in loss record 12 of 30
==640978==    at 0x5875E43: calloc (vg_replace_malloc.c:1678)
==640978==    by 0x469E55C: rboxc_tar_xcalloc (in /root/rboxc/target/tar-map-probe-candidate/release/rboxc)
==640978==    by 0x4668FB2: dumpdir_create0 (in /root/rboxc/target/tar-map-probe-candidate/release/rboxc)
==640978==    by 0x466A7F8: rboxc_tar_scan_directory (in /root/rboxc/target/tar-map-probe-candidate/release/rboxc)
==640978==    by 0x46737AE: add_hierarchy_to_namelist (in /root/rboxc/target/tar-map-probe-candidate/release/rboxc)
==640978==    by 0x46739C7: add_hierarchy_to_namelist (in /root/rboxc/target/tar-map-probe-candidate/release/rboxc)
==640978==    by 0x4674520: rboxc_tar_collect_and_sort_names (in /root/rboxc/target/tar-map-probe-candidate/release/rboxc)
==640978==    by 0x466443D: rboxc_tar_create_archive (in /root/rboxc/target/tar-map-probe-candidate/release/rboxc)
==640978==    by 0x4478AF8: single_binary_main_tar (in /root/rboxc/target/tar-map-probe-candidate/release/rboxc)
==640978==    by 0x5A18600: (below main) (libc_start_call_main.h:59)
==640978== 
==640978== 36 bytes in 1 blocks are still reachable in loss record 13 of 30
==640978==    at 0x586E858: malloc (vg_replace_malloc.c:447)
==640978==    by 0x469E0DC: rboxc_tar_xmalloc (in /root/rboxc/target/tar-map-probe-candidate/release/rboxc)
==640978==    by 0x4668F7C: dumpdir_create0 (in /root/rboxc/target/tar-map-probe-candidate/release/rboxc)
==640978==    by 0x466A7F8: rboxc_tar_scan_directory (in /root/rboxc/target/tar-map-probe-candidate/release/rboxc)
==640978==    by 0x46737AE: add_hierarchy_to_namelist (in /root/rboxc/target/tar-map-probe-candidate/release/rboxc)
==640978==    by 0x46739C7: add_hierarchy_to_namelist (in /root/rboxc/target/tar-map-probe-candidate/release/rboxc)
==640978==    by 0x46739C7: add_hierarchy_to_namelist (in /root/rboxc/target/tar-map-probe-candidate/release/rboxc)
==640978==    by 0x4674520: rboxc_tar_collect_and_sort_names (in /root/rboxc/target/tar-map-probe-candidate/release/rboxc)
==640978==    by 0x466443D: rboxc_tar_create_archive (in /root/rboxc/target/tar-map-probe-candidate/release/rboxc)
==640978==    by 0x4478AF8: single_binary_main_tar (in /root/rboxc/target/tar-map-probe-candidate/release/rboxc)
==640978==    by 0x5A18600: (below main) (libc_start_call_main.h:59)
==640978== 
==640978== 39 bytes in 1 blocks are still reachable in loss record 14 of 30
==640978==    at 0x586E858: malloc (vg_replace_malloc.c:447)
==640978==    by 0x469E0DC: rboxc_tar_xmalloc (in /root/rboxc/target/tar-map-probe-candidate/release/rboxc)
==640978==    by 0x4668F7C: dumpdir_create0 (in /root/rboxc/target/tar-map-probe-candidate/release/rboxc)
==640978==    by 0x466A7F8: rboxc_tar_scan_directory (in /root/rboxc/target/tar-map-probe-candidate/release/rboxc)
==640978==    by 0x46737AE: add_hierarchy_to_namelist (in /root/rboxc/target/tar-map-probe-candidate/release/rboxc)
==640978==    by 0x4674520: rboxc_tar_collect_and_sort_names (in /root/rboxc/target/tar-map-probe-candidate/release/rboxc)
==640978==    by 0x466443D: rboxc_tar_create_archive (in /root/rboxc/target/tar-map-probe-candidate/release/rboxc)
==640978==    by 0x4478AF8: single_binary_main_tar (in /root/rboxc/target/tar-map-probe-candidate/release/rboxc)
==640978==    by 0x5A18600: (below main) (libc_start_call_main.h:59)
==640978== 
==640978== 57 bytes in 1 blocks are still reachable in loss record 15 of 30
==640978==    at 0x587607F: realloc (vg_replace_malloc.c:1804)
==640978==    by 0x5B15327: getcwd (getcwd.c:86)
==640978==    by 0x469C323: rboxc_tar_rpl_getcwd (in /root/rboxc/target/tar-map-probe-candidate/release/rboxc)
==640978==    by 0x469E6A0: rboxc_tar_xgetcwd (in /root/rboxc/target/tar-map-probe-candidate/release/rboxc)
==640978==    by 0x4671974: rboxc_tar_normalize_filename (in /root/rboxc/target/tar-map-probe-candidate/release/rboxc)
==640978==    by 0x466908A: note_directory (in /root/rboxc/target/tar-map-probe-candidate/release/rboxc)
==640978==    by 0x4669D08: procdir (in /root/rboxc/target/tar-map-probe-candidate/release/rboxc)
==640978==    by 0x466A5D4: rboxc_tar_scan_directory (in /root/rboxc/target/tar-map-probe-candidate/release/rboxc)
==640978==    by 0x46737AE: add_hierarchy_to_namelist (in /root/rboxc/target/tar-map-probe-candidate/release/rboxc)
==640978==    by 0x4674520: rboxc_tar_collect_and_sort_names (in /root/rboxc/target/tar-map-probe-candidate/release/rboxc)
==640978==    by 0x466443D: rboxc_tar_create_archive (in /root/rboxc/target/tar-map-probe-candidate/release/rboxc)
==640978==    by 0x4478AF8: single_binary_main_tar (in /root/rboxc/target/tar-map-probe-candidate/release/rboxc)
==640978== 
==640978== 67 bytes in 1 blocks are still reachable in loss record 16 of 30
==640978==    at 0x586E858: malloc (vg_replace_malloc.c:447)
==640978==    by 0x469E0DC: rboxc_tar_xmalloc (in /root/rboxc/target/tar-map-probe-candidate/release/rboxc)
==640978==    by 0x467190A: rboxc_tar_normalize_filename (in /root/rboxc/target/tar-map-probe-candidate/release/rboxc)
==640978==    by 0x466908A: note_directory (in /root/rboxc/target/tar-map-probe-candidate/release/rboxc)
==640978==    by 0x4669D08: procdir (in /root/rboxc/target/tar-map-probe-candidate/release/rboxc)
==640978==    by 0x466A5D4: rboxc_tar_scan_directory (in /root/rboxc/target/tar-map-probe-candidate/release/rboxc)
==640978==    by 0x46737AE: add_hierarchy_to_namelist (in /root/rboxc/target/tar-map-probe-candidate/release/rboxc)
==640978==    by 0x4674520: rboxc_tar_collect_and_sort_names (in /root/rboxc/target/tar-map-probe-candidate/release/rboxc)
==640978==    by 0x466443D: rboxc_tar_create_archive (in /root/rboxc/target/tar-map-probe-candidate/release/rboxc)
==640978==    by 0x4478AF8: single_binary_main_tar (in /root/rboxc/target/tar-map-probe-candidate/release/rboxc)
==640978==    by 0x5A18600: (below main) (libc_start_call_main.h:59)
==640978== 
==640978== 71 bytes in 1 blocks are still reachable in loss record 17 of 30
==640978==    at 0x586E858: malloc (vg_replace_malloc.c:447)
==640978==    by 0x469E0DC: rboxc_tar_xmalloc (in /root/rboxc/target/tar-map-probe-candidate/release/rboxc)
==640978==    by 0x467190A: rboxc_tar_normalize_filename (in /root/rboxc/target/tar-map-probe-candidate/release/rboxc)
==640978==    by 0x466908A: note_directory (in /root/rboxc/target/tar-map-probe-candidate/release/rboxc)
==640978==    by 0x4669D08: procdir (in /root/rboxc/target/tar-map-probe-candidate/release/rboxc)
==640978==    by 0x466AAC0: rboxc_tar_scan_directory (in /root/rboxc/target/tar-map-probe-candidate/release/rboxc)
==640978==    by 0x46737AE: add_hierarchy_to_namelist (in /root/rboxc/target/tar-map-probe-candidate/release/rboxc)
==640978==    by 0x46739C7: add_hierarchy_to_namelist (in /root/rboxc/target/tar-map-probe-candidate/release/rboxc)
==640978==    by 0x4674520: rboxc_tar_collect_and_sort_names (in /root/rboxc/target/tar-map-probe-candidate/release/rboxc)
==640978==    by 0x466443D: rboxc_tar_create_archive (in /root/rboxc/target/tar-map-probe-candidate/release/rboxc)
==640978==    by 0x4478AF8: single_binary_main_tar (in /root/rboxc/target/tar-map-probe-candidate/release/rboxc)
==640978==    by 0x5A18600: (below main) (libc_start_call_main.h:59)
==640978== 
==640978== 72 bytes in 2 blocks are still reachable in loss record 18 of 30
==640978==    at 0x586E858: malloc (vg_replace_malloc.c:447)
==640978==    by 0x469E0DC: rboxc_tar_xmalloc (in /root/rboxc/target/tar-map-probe-candidate/release/rboxc)
==640978==    by 0x4668F7C: dumpdir_create0 (in /root/rboxc/target/tar-map-probe-candidate/release/rboxc)
==640978==    by 0x466A7F8: rboxc_tar_scan_directory (in /root/rboxc/target/tar-map-probe-candidate/release/rboxc)
==640978==    by 0x46737AE: add_hierarchy_to_namelist (in /root/rboxc/target/tar-map-probe-candidate/release/rboxc)
==640978==    by 0x46739C7: add_hierarchy_to_namelist (in /root/rboxc/target/tar-map-probe-candidate/release/rboxc)
==640978==    by 0x4674520: rboxc_tar_collect_and_sort_names (in /root/rboxc/target/tar-map-probe-candidate/release/rboxc)
==640978==    by 0x466443D: rboxc_tar_create_archive (in /root/rboxc/target/tar-map-probe-candidate/release/rboxc)
==640978==    by 0x4478AF8: single_binary_main_tar (in /root/rboxc/target/tar-map-probe-candidate/release/rboxc)
==640978==    by 0x5A18600: (below main) (libc_start_call_main.h:59)
==640978== 
==640978== 80 bytes in 1 blocks are still reachable in loss record 19 of 30
==640978==    at 0x586E858: malloc (vg_replace_malloc.c:447)
==640978==    by 0x469E0DC: rboxc_tar_xmalloc (in /root/rboxc/target/tar-map-probe-candidate/release/rboxc)
==640978==    by 0x4477A00: single_binary_main_tar (in /root/rboxc/target/tar-map-probe-candidate/release/rboxc)
==640978==    by 0x5A18600: (below main) (libc_start_call_main.h:59)
==640978== 
==640978== 80 bytes in 1 blocks are still reachable in loss record 20 of 30
==640978==    at 0x586E858: malloc (vg_replace_malloc.c:447)
==640978==    by 0x4693786: rboxc_tar_hash_initialize (in /root/rboxc/target/tar-map-probe-candidate/release/rboxc)
==640978==    by 0x4669167: note_directory (in /root/rboxc/target/tar-map-probe-candidate/release/rboxc)
==640978==    by 0x4669D08: procdir (in /root/rboxc/target/tar-map-probe-candidate/release/rboxc)
==640978==    by 0x466A5D4: rboxc_tar_scan_directory (in /root/rboxc/target/tar-map-probe-candidate/release/rboxc)
==640978==    by 0x46737AE: add_hierarchy_to_namelist (in /root/rboxc/target/tar-map-probe-candidate/release/rboxc)
==640978==    by 0x4674520: rboxc_tar_collect_and_sort_names (in /root/rboxc/target/tar-map-probe-candidate/release/rboxc)
==640978==    by 0x466443D: rboxc_tar_create_archive (in /root/rboxc/target/tar-map-probe-candidate/release/rboxc)
==640978==    by 0x4478AF8: single_binary_main_tar (in /root/rboxc/target/tar-map-probe-candidate/release/rboxc)
==640978==    by 0x5A18600: (below main) (libc_start_call_main.h:59)
==640978== 
==640978== 80 bytes in 1 blocks are still reachable in loss record 21 of 30
==640978==    at 0x586E858: malloc (vg_replace_malloc.c:447)
==640978==    by 0x4693786: rboxc_tar_hash_initialize (in /root/rboxc/target/tar-map-probe-candidate/release/rboxc)
==640978==    by 0x4669197: note_directory (in /root/rboxc/target/tar-map-probe-candidate/release/rboxc)
==640978==    by 0x4669D08: procdir (in /root/rboxc/target/tar-map-probe-candidate/release/rboxc)
==640978==    by 0x466A5D4: rboxc_tar_scan_directory (in /root/rboxc/target/tar-map-probe-candidate/release/rboxc)
==640978==    by 0x46737AE: add_hierarchy_to_namelist (in /root/rboxc/target/tar-map-probe-candidate/release/rboxc)
==640978==    by 0x4674520: rboxc_tar_collect_and_sort_names (in /root/rboxc/target/tar-map-probe-candidate/release/rboxc)
==640978==    by 0x466443D: rboxc_tar_create_archive (in /root/rboxc/target/tar-map-probe-candidate/release/rboxc)
==640978==    by 0x4478AF8: single_binary_main_tar (in /root/rboxc/target/tar-map-probe-candidate/release/rboxc)
==640978==    by 0x5A18600: (below main) (libc_start_call_main.h:59)
==640978== 
==640978== 96 bytes in 1 blocks are still reachable in loss record 22 of 30
==640978==    at 0x586E858: malloc (vg_replace_malloc.c:447)
==640978==    by 0x469E0DC: rboxc_tar_xmalloc (in /root/rboxc/target/tar-map-probe-candidate/release/rboxc)
==640978==    by 0x4668DA6: make_directory (in /root/rboxc/target/tar-map-probe-candidate/release/rboxc)
==640978==    by 0x4669095: note_directory (in /root/rboxc/target/tar-map-probe-candidate/release/rboxc)
==640978==    by 0x4669D08: procdir (in /root/rboxc/target/tar-map-probe-candidate/release/rboxc)
==640978==    by 0x466A5D4: rboxc_tar_scan_directory (in /root/rboxc/target/tar-map-probe-candidate/release/rboxc)
==640978==    by 0x46737AE: add_hierarchy_to_namelist (in /root/rboxc/target/tar-map-probe-candidate/release/rboxc)
==640978==    by 0x4674520: rboxc_tar_collect_and_sort_names (in /root/rboxc/target/tar-map-probe-candidate/release/rboxc)
==640978==    by 0x466443D: rboxc_tar_create_archive (in /root/rboxc/target/tar-map-probe-candidate/release/rboxc)
==640978==    by 0x4478AF8: single_binary_main_tar (in /root/rboxc/target/tar-map-probe-candidate/release/rboxc)
==640978==    by 0x5A18600: (below main) (libc_start_call_main.h:59)
==640978== 
==640978== 96 bytes in 1 blocks are still reachable in loss record 23 of 30
==640978==    at 0x586E858: malloc (vg_replace_malloc.c:447)
==640978==    by 0x469E0DC: rboxc_tar_xmalloc (in /root/rboxc/target/tar-map-probe-candidate/release/rboxc)
==640978==    by 0x4668DA6: make_directory (in /root/rboxc/target/tar-map-probe-candidate/release/rboxc)
==640978==    by 0x4669095: note_directory (in /root/rboxc/target/tar-map-probe-candidate/release/rboxc)
==640978==    by 0x4669D08: procdir (in /root/rboxc/target/tar-map-probe-candidate/release/rboxc)
==640978==    by 0x466AAC0: rboxc_tar_scan_directory (in /root/rboxc/target/tar-map-probe-candidate/release/rboxc)
==640978==    by 0x46737AE: add_hierarchy_to_namelist (in /root/rboxc/target/tar-map-probe-candidate/release/rboxc)
==640978==    by 0x46739C7: add_hierarchy_to_namelist (in /root/rboxc/target/tar-map-probe-candidate/release/rboxc)
==640978==    by 0x4674520: rboxc_tar_collect_and_sort_names (in /root/rboxc/target/tar-map-probe-candidate/release/rboxc)
==640978==    by 0x466443D: rboxc_tar_create_archive (in /root/rboxc/target/tar-map-probe-candidate/release/rboxc)
==640978==    by 0x4478AF8: single_binary_main_tar (in /root/rboxc/target/tar-map-probe-candidate/release/rboxc)
==640978==    by 0x5A18600: (below main) (libc_start_call_main.h:59)
==640978== 
==640978== 102 bytes in 1 blocks are still reachable in loss record 24 of 30
==640978==    at 0x586E858: malloc (vg_replace_malloc.c:447)
==640978==    by 0x469E0DC: rboxc_tar_xmalloc (in /root/rboxc/target/tar-map-probe-candidate/release/rboxc)
==640978==    by 0x46734A1: rboxc_tar_name_init (in /root/rboxc/target/tar-map-probe-candidate/release/rboxc)
==640978==    by 0x4478A7A: single_binary_main_tar (in /root/rboxc/target/tar-map-probe-candidate/release/rboxc)
==640978==    by 0x5A18600: (below main) (libc_start_call_main.h:59)
==640978== 
==640978== 138 bytes in 2 blocks are still reachable in loss record 25 of 30
==640978==    at 0x586E858: malloc (vg_replace_malloc.c:447)
==640978==    by 0x469E0DC: rboxc_tar_xmalloc (in /root/rboxc/target/tar-map-probe-candidate/release/rboxc)
==640978==    by 0x467190A: rboxc_tar_normalize_filename (in /root/rboxc/target/tar-map-probe-candidate/release/rboxc)
==640978==    by 0x466908A: note_directory (in /root/rboxc/target/tar-map-probe-candidate/release/rboxc)
==640978==    by 0x4669D08: procdir (in /root/rboxc/target/tar-map-probe-candidate/release/rboxc)
==640978==    by 0x466AAC0: rboxc_tar_scan_directory (in /root/rboxc/target/tar-map-probe-candidate/release/rboxc)
==640978==    by 0x46737AE: add_hierarchy_to_namelist (in /root/rboxc/target/tar-map-probe-candidate/release/rboxc)
==640978==    by 0x4674520: rboxc_tar_collect_and_sort_names (in /root/rboxc/target/tar-map-probe-candidate/release/rboxc)
==640978==    by 0x466443D: rboxc_tar_create_archive (in /root/rboxc/target/tar-map-probe-candidate/release/rboxc)
==640978==    by 0x4478AF8: single_binary_main_tar (in /root/rboxc/target/tar-map-probe-candidate/release/rboxc)
==640978==    by 0x5A18600: (below main) (libc_start_call_main.h:59)
==640978== 
==640978== 176 bytes in 1 blocks are still reachable in loss record 26 of 30
==640978==    at 0x5875E43: calloc (vg_replace_malloc.c:1678)
==640978==    by 0x46937DC: rboxc_tar_hash_initialize (in /root/rboxc/target/tar-map-probe-candidate/release/rboxc)
==640978==    by 0x4669167: note_directory (in /root/rboxc/target/tar-map-probe-candidate/release/rboxc)
==640978==    by 0x4669D08: procdir (in /root/rboxc/target/tar-map-probe-candidate/release/rboxc)
==640978==    by 0x466A5D4: rboxc_tar_scan_directory (in /root/rboxc/target/tar-map-probe-candidate/release/rboxc)
==640978==    by 0x46737AE: add_hierarchy_to_namelist (in /root/rboxc/target/tar-map-probe-candidate/release/rboxc)
==640978==    by 0x4674520: rboxc_tar_collect_and_sort_names (in /root/rboxc/target/tar-map-probe-candidate/release/rboxc)
==640978==    by 0x466443D: rboxc_tar_create_archive (in /root/rboxc/target/tar-map-probe-candidate/release/rboxc)
==640978==    by 0x4478AF8: single_binary_main_tar (in /root/rboxc/target/tar-map-probe-candidate/release/rboxc)
==640978==    by 0x5A18600: (below main) (libc_start_call_main.h:59)
==640978== 
==640978== 176 bytes in 1 blocks are still reachable in loss record 27 of 30
==640978==    at 0x5875E43: calloc (vg_replace_malloc.c:1678)
==640978==    by 0x46937DC: rboxc_tar_hash_initialize (in /root/rboxc/target/tar-map-probe-candidate/release/rboxc)
==640978==    by 0x4669197: note_directory (in /root/rboxc/target/tar-map-probe-candidate/release/rboxc)
==640978==    by 0x4669D08: procdir (in /root/rboxc/target/tar-map-probe-candidate/release/rboxc)
==640978==    by 0x466A5D4: rboxc_tar_scan_directory (in /root/rboxc/target/tar-map-probe-candidate/release/rboxc)
==640978==    by 0x46737AE: add_hierarchy_to_namelist (in /root/rboxc/target/tar-map-probe-candidate/release/rboxc)
==640978==    by 0x4674520: rboxc_tar_collect_and_sort_names (in /root/rboxc/target/tar-map-probe-candidate/release/rboxc)
==640978==    by 0x466443D: rboxc_tar_create_archive (in /root/rboxc/target/tar-map-probe-candidate/release/rboxc)
==640978==    by 0x4478AF8: single_binary_main_tar (in /root/rboxc/target/tar-map-probe-candidate/release/rboxc)
==640978==    by 0x5A18600: (below main) (libc_start_call_main.h:59)
==640978== 
==640978== 192 bytes in 2 blocks are still reachable in loss record 28 of 30
==640978==    at 0x586E858: malloc (vg_replace_malloc.c:447)
==640978==    by 0x469E0DC: rboxc_tar_xmalloc (in /root/rboxc/target/tar-map-probe-candidate/release/rboxc)
==640978==    by 0x4668DA6: make_directory (in /root/rboxc/target/tar-map-probe-candidate/release/rboxc)
==640978==    by 0x4669095: note_directory (in /root/rboxc/target/tar-map-probe-candidate/release/rboxc)
==640978==    by 0x4669D08: procdir (in /root/rboxc/target/tar-map-probe-candidate/release/rboxc)
==640978==    by 0x466AAC0: rboxc_tar_scan_directory (in /root/rboxc/target/tar-map-probe-candidate/release/rboxc)
==640978==    by 0x46737AE: add_hierarchy_to_namelist (in /root/rboxc/target/tar-map-probe-candidate/release/rboxc)
==640978==    by 0x4674520: rboxc_tar_collect_and_sort_names (in /root/rboxc/target/tar-map-probe-candidate/release/rboxc)
==640978==    by 0x466443D: rboxc_tar_create_archive (in /root/rboxc/target/tar-map-probe-candidate/release/rboxc)
==640978==    by 0x4478AF8: single_binary_main_tar (in /root/rboxc/target/tar-map-probe-candidate/release/rboxc)
==640978==    by 0x5A18600: (below main) (libc_start_call_main.h:59)
==640978== 
==640978== 256 bytes in 1 blocks are still reachable in loss record 29 of 30
==640978==    at 0x586E858: malloc (vg_replace_malloc.c:447)
==640978==    by 0x469E0DC: rboxc_tar_xmalloc (in /root/rboxc/target/tar-map-probe-candidate/release/rboxc)
==640978==    by 0x467DAB4: xheader_print_n (in /root/rboxc/target/tar-map-probe-candidate/release/rboxc)
==640978==    by 0x467DD3B: mtime_coder (in /root/rboxc/target/tar-map-probe-candidate/release/rboxc)
==640978==    by 0x46620DF: rboxc_tar_start_header (in /root/rboxc/target/tar-map-probe-candidate/release/rboxc)
==640978==    by 0x4663659: dump_file0 (in /root/rboxc/target/tar-map-probe-candidate/release/rboxc)
==640978==    by 0x466468F: rboxc_tar_create_archive (in /root/rboxc/target/tar-map-probe-candidate/release/rboxc)
==640978==    by 0x4478AF8: single_binary_main_tar (in /root/rboxc/target/tar-map-probe-candidate/release/rboxc)
==640978==    by 0x5A18600: (below main) (libc_start_call_main.h:59)
==640978== 
==640978== 4,064 bytes in 1 blocks are still reachable in loss record 30 of 30
==640978==    at 0x586E858: malloc (vg_replace_malloc.c:447)
==640978==    by 0x469E0DC: rboxc_tar_xmalloc (in /root/rboxc/target/tar-map-probe-candidate/release/rboxc)
==640978==    by 0x4695FFD: _obstack_begin_worker.isra.0 (in /root/rboxc/target/tar-map-probe-candidate/release/rboxc)
==640978==    by 0x4696028: rboxc_tar__obstack_begin (in /root/rboxc/target/tar-map-probe-candidate/release/rboxc)
==640978==    by 0x4679CD7: rboxc_tar_transform_name_fp (in /root/rboxc/target/tar-map-probe-candidate/release/rboxc)
==640978==    by 0x46632A4: dump_file0 (in /root/rboxc/target/tar-map-probe-candidate/release/rboxc)
==640978==    by 0x466468F: rboxc_tar_create_archive (in /root/rboxc/target/tar-map-probe-candidate/release/rboxc)
==640978==    by 0x4478AF8: single_binary_main_tar (in /root/rboxc/target/tar-map-probe-candidate/release/rboxc)
==640978==    by 0x5A18600: (below main) (libc_start_call_main.h:59)
==640978== 
==640978== LEAK SUMMARY:
==640978==    definitely lost: 0 bytes in 0 blocks
==640978==    indirectly lost: 0 bytes in 0 blocks
==640978==      possibly lost: 0 bytes in 0 blocks
==640978==    still reachable: 6,089 bytes in 35 blocks
==640978==         suppressed: 0 bytes in 0 blocks
==640978== 
==640978== For lists of detected and suppressed errors, rerun with: -s
==640978== ERROR SUMMARY: 0 errors from 0 contexts (suppressed: 0 from 0)
