==686354== Memcheck, a memory error detector
==686354== Copyright (C) 2002-2024, and GNU GPL'd, by Julian Seward et al.
==686354== Using Valgrind-3.26.0 and LibVEX; rerun with -h for copyright info
==686354== Command: tar --version
==686354== Parent PID: 686179
==686354== 
==686354== 
==686354== FILE DESCRIPTORS: 4 open (4 inherited) at exit.
==686354== 
==686354== HEAP SUMMARY:
==686354==     in use at exit: 7,767 bytes in 3 blocks
==686354==   total heap usage: 15 allocs, 12 frees, 12,021 bytes allocated
==686354== 
==686354== 16 bytes in 1 blocks are still reachable in loss record 1 of 3
==686354==    at 0x48C4E43: calloc (vg_replace_malloc.c:1678)
==686354==    by 0x40516F1: xcalloc (xmalloc.c:298)
==686354==    by 0x40516F1: xzalloc (xmalloc.c:283)
==686354==    by 0x400BEF9: decode_options (tar.c:2297)
==686354==    by 0x400BEF9: main (tar.c:2792)
==686354== 
==686354== 80 bytes in 1 blocks are still reachable in loss record 2 of 3
==686354==    at 0x48BD858: malloc (vg_replace_malloc.c:447)
==686354==    by 0x40512CC: xmalloc (xmalloc.c:45)
==686354==    by 0x400BE43: main (tar.c:2781)
==686354== 
==686354== 7,671 bytes in 1 blocks are still reachable in loss record 3 of 3
==686354==    at 0x48BD858: malloc (vg_replace_malloc.c:447)
==686354==    by 0x4041854: parser_init (argp-parse.c:495)
==686354==    by 0x4041854: argp_parse (argp-parse.c:921)
==686354==    by 0x400C045: decode_options (tar.c:2380)
==686354==    by 0x400C045: main (tar.c:2792)
==686354== 
==686354== LEAK SUMMARY:
==686354==    definitely lost: 0 bytes in 0 blocks
==686354==    indirectly lost: 0 bytes in 0 blocks
==686354==      possibly lost: 0 bytes in 0 blocks
==686354==    still reachable: 7,767 bytes in 3 blocks
==686354==         suppressed: 0 bytes in 0 blocks
==686354== 
==686354== For lists of detected and suppressed errors, rerun with: -s
==686354== ERROR SUMMARY: 0 errors from 0 contexts (suppressed: 0 from 0)
