==686447== Memcheck, a memory error detector
==686447== Copyright (C) 2002-2024, and GNU GPL'd, by Julian Seward et al.
==686447== Using Valgrind-3.26.0 and LibVEX; rerun with -h for copyright info
==686447== Command: tar cfz archive file1
==686447== Parent PID: 686442
==686447== 
==686447== 
==686447== FILE DESCRIPTORS: 1 open (1 inherited) at exit.
==686447== 
==686447== HEAP SUMMARY:
==686447==     in use at exit: 4,451 bytes in 15 blocks
==686447==   total heap usage: 32 allocs, 17 frees, 35,415 bytes allocated
==686447== 
==686447== 6 bytes in 2 blocks are indirectly lost in loss record 1 of 10
==686447==    at 0x48BD858: malloc (vg_replace_malloc.c:447)
==686447==    by 0x40387DD: wsnode_quoteremoval (wordsplit.c:651)
==686447==    by 0x4039CFD: wordsplit_process_list (wordsplit.c:2390)
==686447==    by 0x403A562: wordsplit_run.constprop.0 (wordsplit.c:2434)
==686447==    by 0x400BFFA: parse_default_options (tar.c:2256)
==686447==    by 0x400BFFA: decode_options (tar.c:2378)
==686447==    by 0x400BFFA: main (tar.c:2792)
==686447== 
==686447== 6 bytes in 2 blocks are definitely lost in loss record 2 of 10
==686447==    at 0x48BD858: malloc (vg_replace_malloc.c:447)
==686447==    by 0x403A1FB: wordsplit_finish (wordsplit.c:836)
==686447==    by 0x400BFFA: parse_default_options (tar.c:2256)
==686447==    by 0x400BFFA: decode_options (tar.c:2378)
==686447==    by 0x400BFFA: main (tar.c:2792)
==686447== 
==686447== 9 bytes in 3 blocks are indirectly lost in loss record 3 of 10
==686447==    at 0x48BD858: malloc (vg_replace_malloc.c:447)
==686447==    by 0x405185D: xmalloc (xmalloc.c:45)
==686447==    by 0x405185D: xmemdup (xmalloc.c:314)
==686447==    by 0x405185D: xstrdup (xmalloc.c:339)
==686447==    by 0x400C4F1: decode_options (tar.c:2353)
==686447==    by 0x400C4F1: main (tar.c:2792)
==686447== 
==686447== 16 bytes in 1 blocks are still reachable in loss record 4 of 10
==686447==    at 0x48C4E43: calloc (vg_replace_malloc.c:1678)
==686447==    by 0x40516F1: xcalloc (xmalloc.c:298)
==686447==    by 0x40516F1: xzalloc (xmalloc.c:283)
==686447==    by 0x400BEF9: decode_options (tar.c:2297)
==686447==    by 0x400BEF9: main (tar.c:2792)
==686447== 
==686447== 32 bytes in 1 blocks are still reachable in loss record 5 of 10
==686447==    at 0x48BD858: malloc (vg_replace_malloc.c:447)
==686447==    by 0x40512CC: xmalloc (xmalloc.c:45)
==686447==    by 0x402F07B: optloc_save (tar.c:926)
==686447==    by 0x402FFB0: set_use_compress_program_option (tar.c:985)
==686447==    by 0x4030B0E: parse_opt (tar.c:1777)
==686447==    by 0x404233D: group_parse (argp-parse.c:233)
==686447==    by 0x404233D: parser_parse_opt (argp-parse.c:736)
==686447==    by 0x404233D: parser_parse_next (argp-parse.c:859)
==686447==    by 0x404233D: argp_parse (argp-parse.c:927)
==686447==    by 0x400C045: decode_options (tar.c:2380)
==686447==    by 0x400C045: main (tar.c:2792)
==686447== 
==686447== 65 (56 direct, 9 indirect) bytes in 1 blocks are definitely lost in loss record 6 of 10
==686447==    at 0x48BD858: malloc (vg_replace_malloc.c:447)
==686447==    by 0x40512CC: xmalloc (xmalloc.c:45)
==686447==    by 0x400C46E: decode_options (tar.c:2340)
==686447==    by 0x400C46E: main (tar.c:2792)
==686447== 
==686447== 80 bytes in 1 blocks are still reachable in loss record 7 of 10
==686447==    at 0x48BD858: malloc (vg_replace_malloc.c:447)
==686447==    by 0x40512CC: xmalloc (xmalloc.c:45)
==686447==    by 0x400BE43: main (tar.c:2781)
==686447== 
==686447== 86 (80 direct, 6 indirect) bytes in 2 blocks are definitely lost in loss record 8 of 10
==686447==    at 0x48C4E43: calloc (vg_replace_malloc.c:1678)
==686447==    by 0x403959D: wsnode_new (wordsplit.c:422)
==686447==    by 0x403959D: wordsplit_add_segm (wordsplit.c:523)
==686447==    by 0x4039854: scan_word (wordsplit.c:2062)
==686447==    by 0x4039C7C: wordsplit_process_list (wordsplit.c:2358)
==686447==    by 0x403A562: wordsplit_run.constprop.0 (wordsplit.c:2434)
==686447==    by 0x400BFFA: parse_default_options (tar.c:2256)
==686447==    by 0x400BFFA: decode_options (tar.c:2378)
==686447==    by 0x400BFFA: main (tar.c:2792)
==686447== 
==686447== 102 bytes in 1 blocks are still reachable in loss record 9 of 10
==686447==    at 0x48BD858: malloc (vg_replace_malloc.c:447)
==686447==    by 0x40512CC: xmalloc (xmalloc.c:45)
==686447==    by 0x4029881: name_init (names.c:869)
==686447==    by 0x400C94C: main (tar.c:2794)
==686447== 
==686447== 4,064 bytes in 1 blocks are still reachable in loss record 10 of 10
==686447==    at 0x48BD858: malloc (vg_replace_malloc.c:447)
==686447==    by 0x40512CC: xmalloc (xmalloc.c:45)
==686447==    by 0x404A07D: call_chunkfun (obstack.c:88)
==686447==    by 0x404A07D: _obstack_begin_worker.isra.0 (obstack.c:135)
==686447==    by 0x404A0A8: _obstack_begin (obstack.c:157)
==686447==    by 0x4032C57: _transform_name_to_obstack (transform.c:592)
==686447==    by 0x4032C57: transform_name_fp (transform.c:614)
==686447==    by 0x4016444: dump_file0 (create.c:1657)
==686447==    by 0x4017589: dump_file (create.c:1968)
==686447==    by 0x4017589: create_archive (create.c:1412)
==686447==    by 0x400CD90: main (tar.c:2818)
==686447== 
==686447== LEAK SUMMARY:
==686447==    definitely lost: 142 bytes in 5 blocks
==686447==    indirectly lost: 15 bytes in 5 blocks
==686447==      possibly lost: 0 bytes in 0 blocks
==686447==    still reachable: 4,294 bytes in 5 blocks
==686447==         suppressed: 0 bytes in 0 blocks
==686447== 
==686447== For lists of detected and suppressed errors, rerun with: -s
==686447== ERROR SUMMARY: 3 errors from 3 contexts (suppressed: 0 from 0)
