==688469== Memcheck, a memory error detector
==688469== Copyright (C) 2002-2024, and GNU GPL'd, by Julian Seward et al.
==688469== Using Valgrind-3.26.0 and LibVEX; rerun with -h for copyright info
==688469== Command: /bin/sh -c gzip
==688469== Parent PID: 688391
==688469== 
==688469== 
==688469== FILE DESCRIPTORS: 3 open (3 inherited) at exit.
==688469== 
==688469== HEAP SUMMARY:
==688469==     in use at exit: 1,010 bytes in 26 blocks
==688469==   total heap usage: 28 allocs, 2 frees, 1,162 bytes allocated
==688469== 
==688469== 28 bytes in 1 blocks are still reachable in loss record 1 of 6
==688469==    at 0x486E858: malloc (vg_replace_malloc.c:447)
==688469==    by 0x40083FA: ??? (in /usr/bin/dash)
==688469==    by 0x4012E0A: ??? (in /usr/bin/dash)
==688469==    by 0x4013FFF: ??? (in /usr/bin/dash)
==688469==    by 0x400BCE7: ??? (in /usr/bin/dash)
==688469==    by 0x40120F8: ??? (in /usr/bin/dash)
==688469==    by 0x4004DA0: ??? (in /usr/bin/dash)
==688469==    by 0x48C4600: (below main) (libc_start_call_main.h:59)
==688469== 
==688469== 32 bytes in 1 blocks are still reachable in loss record 2 of 6
==688469==    at 0x486E858: malloc (vg_replace_malloc.c:447)
==688469==    by 0x4017AB2: ??? (in /usr/bin/dash)
==688469==    by 0x40186D4: ??? (in /usr/bin/dash)
==688469==    by 0x4004BC6: ??? (in /usr/bin/dash)
==688469==    by 0x48C4600: (below main) (libc_start_call_main.h:59)
==688469== 
==688469== 57 bytes in 1 blocks are still reachable in loss record 3 of 6
==688469==    at 0x486E858: malloc (vg_replace_malloc.c:447)
==688469==    by 0x495596E: strdup (strdup.c:42)
==688469==    by 0x40081DF: ??? (in /usr/bin/dash)
==688469==    by 0x40186F9: ??? (in /usr/bin/dash)
==688469==    by 0x4004BC6: ??? (in /usr/bin/dash)
==688469==    by 0x48C4600: (below main) (libc_start_call_main.h:59)
==688469== 
==688469== 61 bytes in 1 blocks are still reachable in loss record 4 of 6
==688469==    at 0x486E858: malloc (vg_replace_malloc.c:447)
==688469==    by 0x4017C53: ??? (in /usr/bin/dash)
==688469==    by 0x40186F9: ??? (in /usr/bin/dash)
==688469==    by 0x4004BC6: ??? (in /usr/bin/dash)
==688469==    by 0x48C4600: (below main) (libc_start_call_main.h:59)
==688469== 
==688469== 160 bytes in 1 blocks are still reachable in loss record 5 of 6
==688469==    at 0x487607F: realloc (vg_replace_malloc.c:1804)
==688469==    by 0x40074DC: ??? (in /usr/bin/dash)
==688469==    by 0x400A64D: ??? (in /usr/bin/dash)
==688469==    by 0x4014058: ??? (in /usr/bin/dash)
==688469==    by 0x400BCE7: ??? (in /usr/bin/dash)
==688469==    by 0x40120F8: ??? (in /usr/bin/dash)
==688469==    by 0x4004DA0: ??? (in /usr/bin/dash)
==688469==    by 0x48C4600: (below main) (libc_start_call_main.h:59)
==688469== 
==688469== 672 bytes in 21 blocks are still reachable in loss record 6 of 6
==688469==    at 0x486E858: malloc (vg_replace_malloc.c:447)
==688469==    by 0x4017AB2: ??? (in /usr/bin/dash)
==688469==    by 0x4018670: ??? (in /usr/bin/dash)
==688469==    by 0x4004BC6: ??? (in /usr/bin/dash)
==688469==    by 0x48C4600: (below main) (libc_start_call_main.h:59)
==688469== 
==688469== LEAK SUMMARY:
==688469==    definitely lost: 0 bytes in 0 blocks
==688469==    indirectly lost: 0 bytes in 0 blocks
==688469==      possibly lost: 0 bytes in 0 blocks
==688469==    still reachable: 1,010 bytes in 26 blocks
==688469==         suppressed: 0 bytes in 0 blocks
==688469== 
==688469== For lists of detected and suppressed errors, rerun with: -s
==688469== ERROR SUMMARY: 0 errors from 0 contexts (suppressed: 0 from 0)
