PASS aadelete1
PASS aadelete2
PASS aarray1
PASS aasort
PASS aasorti
PASS addcomma
PASS anchgsub
PASS anchor
PASS apiterm
PASS ar2fn_elnew_sc
PASS ar2fn_elnew_sc2
PASS ar2fn_fmod
PASS ar2fn_unxptyp_aref
PASS ar2fn_unxptyp_val
PASS argarray
PASS argcasfile
PASS argtest
PASS arrayind1
PASS arrayind2
PASS arrayind3
PASS arrayparm
PASS arrayprm2
PASS arrayprm3
PASS arrayref
PASS arraysort
PASS arraytype
PASS arryref2
PASS arryref3
PASS arryref4
PASS arryref5
PASS arynasty
PASS aryprm1
PASS aryprm2
PASS aryprm3
PASS aryprm4
PASS aryprm5
PASS aryprm6
PASS aryprm7
PASS aryprm8
PASS aryprm9
PASS arysubnm
PASS aryunasgn
PASS asgext
PASS asort
PASS asortbool
PASS asorti
PASS asortsymtab
PASS assignnumfield
PASS assignnumfield2
PASS assignnumfield3
PASS back89
PASS backbigs1
PASS backgsub
PASS backsmalls1
PASS backsmalls2
PASS backw
PASS badassign1
PASS badbuild
PASS beginfile1
PASS callparam
PASS case-check
PASS charasbytes
PASS childin
PASS clos1way
OPEN clos1way2
OPEN clos1way3
OPEN clos1way4
PASS clos1way5
OPEN clos1way6
PASS close_status
PASS closebad
PASS clsflnam
PASS colonwarn
PASS commas
PASS compare
PASS compare2
PASS concat1
PASS concat2
PASS concat3
PASS concat4
PASS concat5
PASS convfmt
PASS crlf
PASS csv1
PASS csv2
PASS csv3
PASS csvodd
PASS datanonl
PASS dbugarray1
PASS dbugarray2
PASS dbugarray3
PASS dbugarray4
PASS dbugeval2
PASS dbugeval3
PASS dbugeval4
PASS dbugtypedre1
PASS dbugtypedre2
PASS defref
PASS delargv
BASELINE-FAILURE-MATCH delarpm2
PASS delfunc
PASS delmessy
PASS delsub
PASS devfd1
PASS dfacheck1
PASS dfacheck2
PASS dfastress
PASS divzero
PASS divzero2
PASS double1
PASS double2
PASS dynlj
PASS elemnew1
BASELINE-FAILURE-MATCH elemnew2
PASS elemnew3
BASELINE-FAILURE-MATCH elemnew4
PASS elemnew5
PASS elemnew6
PASS eofsrc1
PASS equiv
PASS errno
PASS escapebrace
PASS exit2
PASS exitval1
PASS exitval2
PASS exitval3
PASS fcall_exit
PASS fcall_exit2
PASS fieldassign
PASS fieldindex
PASS fieldwdth
PASS filefuncs
PASS fldchg
PASS fldchgnf
PASS fldterm
PASS fmtmix
BASELINE-FAILURE-MATCH fmtspcl
PASS fmttest
PASS fnamedat
PASS fnarray
PASS fnarray2
PASS fnarydel
PASS fnaryscl
PASS fnmatch
PASS fnmisc
PASS fnparydl
PASS forcenum
PASS forref
PASS forsimp
PASS fpat1
PASS fpat2
PASS fpat3
PASS fpat4
PASS fpat5
PASS fpat6
PASS fpat7
PASS fpat8
PASS fpat9
PASS fpatnull
PASS fsbs
PASS fscaret
PASS fsfwfs
PASS fsnul1
PASS fsrs
PASS fsspcoln
PASS fstabplus
PASS functab1
PASS functab2
PASS functab3
PASS functab4
PASS functab5
PASS functab6
PASS funlen
PASS funsemnl
PASS funsmnam
PASS funstack
PASS fwtest
PASS fwtest2
PASS fwtest3
PASS fwtest4
PASS fwtest5
PASS fwtest6
PASS fwtest7
PASS fwtest8
PASS genpot
PASS gensub
PASS gensub2
PASS gensub3
PASS gensub4
PASS gensub5
PASS getfile
PASS getline
PASS getline2
PASS getline3
PASS getline4
OPEN getline5
PASS getlnbuf
PASS getlndir
PASS getlnfa
PASS gnuops2
PASS gnuops3
PASS gnureops
PASS greek-equiv
PASS greek-utf
PASS gsubasgn
PASS gsubind
PASS gsubnulli18n
PASS gsubtest
PASS gsubtst2
PASS gsubtst3
PASS gsubtst4
PASS gsubtst5
PASS gsubtst6
PASS gsubtst7
PASS gsubtst8
PASS hex
PASS hex2
PASS hex3
PASS hexfloat
PASS hsprint
PASS icasefs
PASS icasers
PASS id
PASS igncdym
PASS igncfs
PASS ignrcas4
PASS ignrcase
PASS include
PASS indirectbuiltin
PASS indirectbuiltin2
PASS indirectbuiltin3
PASS indirectbuiltin4
PASS indirectbuiltin6
PASS indirectcall
PASS indirectcall2
PASS indirectcall3
PASS inftest
PASS inpref
PASS inputred
PASS intarray
PASS intest
PASS intprec
PASS isarrayunset
PASS lc_num1
PASS leaddig
PASS leadnl
PASS lint
PASS lintexp
PASS lintindex
PASS lintint
PASS lintlength
PASS lintold
PASS lintplus
PASS lintplus2
PASS lintplus3
PASS lintset
PASS lintsubarray
PASS linttypeof
PASS lintwarn
PASS litoct
PASS longsub
PASS longwrds
PASS match1
PASS match2
PASS match3
PASS match4
PASS match5
PASS matchbadarg1
PASS matchbadarg2
BASELINE-FAILURE-MATCH matchuninitialized
PASS math
PASS mbfw1
PASS mbprintf1
PASS mbprintf2
PASS mbprintf3
PASS mbprintf4
PASS mbprintf5
PASS mbstr1
PASS mbstr2
PASS mdim1
PASS mdim2
PASS mdim3
PASS mdim4
PASS mdim5
PASS mdim6
PASS mdim7
PASS mdim8
PASS mdim9
PASS memleak
PASS memleak2
PASS memleak3
PASS messages
PASS minusstr
PASS mktime
PASS mmap8k
PASS mtchi18n
PASS mtchi18n2
PASS muldimposix
PASS nastyparm
PASS negexp
PASS negrange
PASS negtime
PASS nested
PASS nfldstr
PASS nfloop
PASS nfneg
PASS nfset
PASS nlfldsep
PASS nlinstr
PASS nlstrina
PASS noeffect
PASS nofmtch
PASS nondec
PASS nonfatal2
PASS nonl
PASS noparms
PASS nsbad
PASS nsbad2
PASS nsbad3
PASS nsforloop
PASS nsfuncrecurse
PASS nsidentifier
PASS nsindirect1
PASS nsindirect2
PASS nsprof1
PASS nsprof2
PASS nsprof3
PASS numindex
PASS numrange
PASS numstr1
PASS numsubstr
PASS octdec
PASS octsub
PASS ofmts
PASS ofmtstrnum
PASS ofs1
PASS onlynl
PASS opasnidx
PASS opasnslf
PASS ordchr
PASS paramasfunc1
PASS paramasfunc2
PASS paramdup
PASS paramres
PASS paramuninitglobal
PASS parse1
PASS parsefld
PASS parseme
PASS patsplit
PASS pcntplus
PASS pid
OPEN pipeio2
PASS posix-inf
PASS posix
PASS posix2008sub
PASS posix_compare
PASS poundbang
PASS prdupval
PASS prec
PASS printf-corners
PASS printf0
PASS printf1
PASS printfbad2
PASS printfbad3
PASS printfbad4
PASS printfchar
PASS printhuge
PASS prmarscl
PASS prmreuse
PASS procinfs
PASS profile0
PASS profile10
PASS profile11
PASS profile12
PASS profile13
PASS profile14
PASS profile15
PASS profile16
PASS profile17
PASS profile3
PASS profile4
PASS profile6
PASS profile7
PASS profile8
PASS profile9
PASS prt1eval
PASS prtoeval
PASS rand
PASS range1
PASS range2
PASS re_test
PASS readall
PASS readbuf
PASS readdir
PASS readdir_retest
PASS readfile2
PASS rebrackloc
PASS rebt8b1
PASS rebt8b2
PASS rebuf
PASS rebuild
PASS redfilnm
PASS regeq
PASS regex3minus
PASS regexpbad
PASS regexpbrack
PASS regexpbrack2
PASS regexpbrack3
PASS regexprange
PASS regexpuparrow
PASS regexsub
PASS reginttrad
PASS regnul1
PASS regnul2
PASS regrange
PASS regx8bit
PASS reindops
PASS reint
PASS reint2
PASS reparse
PASS resplit
PASS revout
OPEN revtwoway
PASS rri1
PASS rs
PASS rscompat
PASS rsgetline
PASS rsnul1nl
PASS rsnullre
PASS rsnulw
PASS rsstart1
PASS rsstart2
PASS rstest1
PASS rstest2
PASS rstest6
PASS rswhite
PASS rwarray
PASS sandbox1
PASS scalar
PASS sclforin
PASS sclifin
PASS setrec0
PASS setrec1
PASS shadow
PASS shadowbuiltin
PASS shortest-match
PASS sort1
PASS sortempty
PASS sortfor
PASS sortfor2
PASS sortglos
PASS sortu
PASS spacere
PASS split_after_fpat
PASS splitany
PASS splitarg4
PASS splitargv
PASS splitarr
PASS splitdef
PASS splitvar
PASS splitwht
PASS splitwht2
PASS sprintfc
OPEN status-close
PASS strcat1
PASS strfieldnum
PASS strftfld
PASS strftlng
PASS strnum1
PASS strnum2
PASS strsubscript
PASS strtod
PASS strtonum
PASS strtonum1
PASS stupid1
PASS stupid2
PASS stupid3
PASS stupid4
PASS stupid5
PASS subamp
PASS subback
PASS subi18n
PASS subsepnm
PASS subslash
PASS substr
PASS swaplns
PASS symtab1
PASS symtab10
PASS symtab12
PASS symtab2
PASS symtab3
PASS symtab4
PASS symtab5
PASS symtab6
PASS symtab7
PASS symtab8
PASS symtab9
PASS synerr1
PASS synerr3
PASS tailrecurse
PASS time
PASS tradanch
PASS trailbs
PASS typedregex1
PASS typedregex2
PASS typedregex3
PASS typedregex4
PASS typedregex5
PASS typedregex6
PASS typeof1
PASS typeof2
PASS typeof3
PASS typeof4
PASS typeof5
PASS typeof6
BASELINE-FAILURE-MATCH typeof7
PASS typeof8
PASS typeof9
PASS unicode1
PASS uninit2
PASS uninit3
PASS uninit4
PASS uninit5
PASS uninitialized
PASS unterm
PASS uparrfs
PASS uplus
PASS uplus2
PASS watchpoint1
PASS wideidx
PASS wideidx2
PASS widesub
PASS widesub2
PASS widesub3
PASS widesub4
PASS wjposer1
PASS zero2
PASS zeroe0
PASS zeroflag
