PASS dbugarray1
PASS dbugarray2
PASS dbugarray3
Traceback (most recent call last):
  File "/root/rboxc/tests/gawk-original.py", line 184, in <module>
    for result in pool.map(run_selection,selected):
                  ~~~~~~~~^^^^^^^^^^^^^^^^^^^^^^^^
  File "/usr/lib/python3.14/concurrent/futures/_base.py", line 639, in result_iterator
    yield _result_or_cancel(fs.pop())
          ~~~~~~~~~~~~~~~~~^^^^^^^^^^
  File "/usr/lib/python3.14/concurrent/futures/_base.py", line 311, in _result_or_cancel
    return fut.result(timeout)
           ~~~~~~~~~~^^^^^^^^^
  File "/usr/lib/python3.14/concurrent/futures/_base.py", line 443, in result
    return self.__get_result()
           ~~~~~~~~~~~~~~~~~^^
  File "/usr/lib/python3.14/concurrent/futures/_base.py", line 395, in __get_result
    raise self._exception
  File "/usr/lib/python3.14/concurrent/futures/thread.py", line 86, in run
    result = ctx.run(self.task)
  File "/usr/lib/python3.14/concurrent/futures/thread.py", line 73, in run
    return fn(*args, **kwargs)
  File "/root/rboxc/tests/gawk-original.py", line 163, in run_selection
    canonical = command if role=='gawk' else canonical_child(command, row.get('child_commands',{}), str(work), row.get('child_dependencies'))
                                             ~~~~~~~~~~~~~~~^^^^^^^^^^^^^^^^^^^^^^^^^^^^^^^^^^^^^^^^^^^^^^^^^^^^^^^^^^^^^^^^^^^^^^^^^^^^^^^^^
  File "/root/rboxc/tests/gawk_child_profile.py", line 19, in canonical_child
    assert command in expected, 'unclassified child process: ' + command
           ^^^^^^^^^^^^^^^^^^^
AssertionError: unclassified child process: /tmp/rboxc-gawk-original-1f7912hi/exec/gawk -f dbugarray4.awk --debug
