==688941== Memcheck, a memory error detector
==688941== Copyright (C) 2002-2024, and GNU GPL'd, by Julian Seward et al.
==688941== Using Valgrind-3.26.0 and LibVEX; rerun with -h for copyright info
==688941== Command: /tmp/rboxc-tar-behavior-wb7scinl/exec/tar -xf archive.tar -C out --transform=s/alpha/renamed/
==688941== Parent PID: 683658
==688941== 
==688941== 
==688941== FILE DESCRIPTORS: 2 open (1 inherited) at exit.
==688941== Open file descriptor 4: out
==688941==    at 0x4A1AADA: openat (openat64.c:39)
==688941==    by 0x4027817: openat (fcntl2.h:175)
==688941==    by 0x4027817: chdir_do (misc.c:988)
==688941==    by 0x402A0C7: name_match (names.c:1330)
==688941==    by 0x4025622: read_and (list.c:196)
==688941==    by 0x400CD61: main (tar.c:2823)
==688941== 
==688941== 
==688941== HEAP SUMMARY:
==688941==     in use at exit: 18,533 bytes in 57 blocks
==688941==   total heap usage: 165 allocs, 108 frees, 63,545 bytes allocated
==688941== 
==688941== 1 bytes in 1 blocks are indirectly lost in loss record 1 of 37
==688941==    at 0x48BD858: malloc (vg_replace_malloc.c:447)
==688941==    by 0x405185D: xmalloc (xmalloc.c:45)
==688941==    by 0x405185D: xmemdup (xmalloc.c:314)
==688941==    by 0x405185D: xstrdup (xmalloc.c:339)
==688941==    by 0x402994B: make_name (names.c:599)
==688941==    by 0x402994B: addname (names.c:1233)
==688941==    by 0x4025436: read_and (list.c:174)
==688941==    by 0x400CD61: main (tar.c:2823)
==688941== 
==688941== 4 bytes in 1 blocks are still reachable in loss record 2 of 37
==688941==    at 0x48BD858: malloc (vg_replace_malloc.c:447)
==688941==    by 0x49FEBBB: re_node_set_init_copy (regex_internal.c:1034)
==688941==    by 0x49FEBBB: create_cd_newstate (regex_internal.c:1690)
==688941==    by 0x49FEBBB: re_acquire_state_context (regex_internal.c:1562)
==688941==    by 0x4A0AFD1: create_initial_state (regcomp.c:1051)
==688941==    by 0x4A0AFD1: re_compile_internal (regcomp.c:807)
==688941==    by 0x4A0BEA8: regcomp (regcomp.c:491)
==688941==    by 0x4032036: parse_transform_expr (transform.c:268)
==688941==    by 0x4032624: set_transform_expr (transform.c:416)
==688941==    by 0x40304FC: parse_opt (tar.c:1735)
==688941==    by 0x40421C3: group_parse (argp-parse.c:233)
==688941==    by 0x40421C3: parser_parse_opt (argp-parse.c:748)
==688941==    by 0x40421C3: parser_parse_next (argp-parse.c:859)
==688941==    by 0x40421C3: argp_parse (argp-parse.c:927)
==688941==    by 0x400C045: decode_options (tar.c:2380)
==688941==    by 0x400C045: main (tar.c:2792)
==688941== 
==688941== 4 bytes in 1 blocks are still reachable in loss record 3 of 37
==688941==    at 0x48BD858: malloc (vg_replace_malloc.c:447)
==688941==    by 0x49F75D5: re_node_set_alloc (regex_internal.c:973)
==688941==    by 0x49F75D5: register_state (regex_internal.c:1583)
==688941==    by 0x49FED8E: create_cd_newstate (regex_internal.c:1746)
==688941==    by 0x49FED8E: re_acquire_state_context (regex_internal.c:1562)
==688941==    by 0x4A0AFD1: create_initial_state (regcomp.c:1051)
==688941==    by 0x4A0AFD1: re_compile_internal (regcomp.c:807)
==688941==    by 0x4A0BEA8: regcomp (regcomp.c:491)
==688941==    by 0x4032036: parse_transform_expr (transform.c:268)
==688941==    by 0x4032624: set_transform_expr (transform.c:416)
==688941==    by 0x40304FC: parse_opt (tar.c:1735)
==688941==    by 0x40421C3: group_parse (argp-parse.c:233)
==688941==    by 0x40421C3: parser_parse_opt (argp-parse.c:748)
==688941==    by 0x40421C3: parser_parse_next (argp-parse.c:859)
==688941==    by 0x40421C3: argp_parse (argp-parse.c:927)
==688941==    by 0x400C045: decode_options (tar.c:2380)
==688941==    by 0x400C045: main (tar.c:2792)
==688941== 
==688941== 4 bytes in 1 blocks are still reachable in loss record 4 of 37
==688941==    at 0x48BD858: malloc (vg_replace_malloc.c:447)
==688941==    by 0x405185D: xmalloc (xmalloc.c:45)
==688941==    by 0x405185D: xmemdup (xmalloc.c:314)
==688941==    by 0x405185D: xstrdup (xmalloc.c:339)
==688941==    by 0x4029A2E: name_gather (names.c:1215)
==688941==    by 0x4025436: read_and (list.c:174)
==688941==    by 0x400CD61: main (tar.c:2823)
==688941== 
==688941== 5 bytes in 1 blocks are still reachable in loss record 5 of 37
==688941==    at 0x48BD858: malloc (vg_replace_malloc.c:447)
==688941==    by 0x405185D: xmalloc (xmalloc.c:45)
==688941==    by 0x405185D: xmemdup (xmalloc.c:314)
==688941==    by 0x405185D: xstrdup (xmalloc.c:339)
==688941==    by 0x402644F: assign_string (misc.c:58)
==688941==    by 0x402973C: uname_to_uid (names.c:550)
==688941==    by 0x402457F: decode_header (list.c:694)
==688941==    by 0x4025616: read_and (list.c:194)
==688941==    by 0x400CD61: main (tar.c:2823)
==688941== 
==688941== 5 bytes in 1 blocks are still reachable in loss record 6 of 37
==688941==    at 0x48BD858: malloc (vg_replace_malloc.c:447)
==688941==    by 0x405185D: xmalloc (xmalloc.c:45)
==688941==    by 0x405185D: xmemdup (xmalloc.c:314)
==688941==    by 0x405185D: xstrdup (xmalloc.c:339)
==688941==    by 0x402644F: assign_string (misc.c:58)
==688941==    by 0x40297DC: gname_to_gid (names.c:580)
==688941==    by 0x402455F: decode_header (list.c:699)
==688941==    by 0x4025616: read_and (list.c:194)
==688941==    by 0x400CD61: main (tar.c:2823)
==688941== 
==688941== 8 bytes in 1 blocks are still reachable in loss record 7 of 37
==688941==    at 0x48BD858: malloc (vg_replace_malloc.c:447)
==688941==    by 0x40512CC: xmalloc (xmalloc.c:45)
==688941==    by 0x4031D2D: add_literal_segment (transform.c:110)
==688941==    by 0x40321D7: parse_transform_expr (transform.c:406)
==688941==    by 0x4032624: set_transform_expr (transform.c:416)
==688941==    by 0x40304FC: parse_opt (tar.c:1735)
==688941==    by 0x40421C3: group_parse (argp-parse.c:233)
==688941==    by 0x40421C3: parser_parse_opt (argp-parse.c:748)
==688941==    by 0x40421C3: parser_parse_next (argp-parse.c:859)
==688941==    by 0x40421C3: argp_parse (argp-parse.c:927)
==688941==    by 0x400C045: decode_options (tar.c:2380)
==688941==    by 0x400C045: main (tar.c:2792)
==688941== 
==688941== 8 bytes in 2 blocks are still reachable in loss record 8 of 37
==688941==    at 0x48BD858: malloc (vg_replace_malloc.c:447)
==688941==    by 0x4A000BD: re_node_set_init_copy (regex_internal.c:1034)
==688941==    by 0x4A000BD: create_cd_newstate (regex_internal.c:1690)
==688941==    by 0x4A000BD: re_acquire_state_context (regex_internal.c:1562)
==688941==    by 0x4A000BD: build_trtable (regexec.c:3331)
==688941==    by 0x4A04847: transit_state (regexec.c:2257)
==688941==    by 0x4A04847: check_matching (regexec.c:1120)
==688941==    by 0x4A04847: re_search_internal (regexec.c:792)
==688941==    by 0x4A0C259: regexec@@GLIBC_2.3.4 (regexec.c:219)
==688941==    by 0x403277A: _single_transform_name_to_obstack (transform.c:488)
==688941==    by 0x403277A: _transform_name_to_obstack (transform.c:600)
==688941==    by 0x403277A: transform_name_fp (transform.c:614)
==688941==    by 0x4023670: transform_member_name (list.c:114)
==688941==    by 0x4023670: transform_stat_info.part.0 (list.c:150)
==688941==    by 0x4025850: transform_stat_info (list.c:227)
==688941==    by 0x4025850: read_and (list.c:227)
==688941==    by 0x400CD61: main (tar.c:2823)
==688941== 
==688941== 8 bytes in 2 blocks are still reachable in loss record 9 of 37
==688941==    at 0x48BD858: malloc (vg_replace_malloc.c:447)
==688941==    by 0x49F75D5: re_node_set_alloc (regex_internal.c:973)
==688941==    by 0x49F75D5: register_state (regex_internal.c:1583)
==688941==    by 0x4A00393: create_cd_newstate (regex_internal.c:1746)
==688941==    by 0x4A00393: re_acquire_state_context (regex_internal.c:1562)
==688941==    by 0x4A00393: build_trtable (regexec.c:3331)
==688941==    by 0x4A04847: transit_state (regexec.c:2257)
==688941==    by 0x4A04847: check_matching (regexec.c:1120)
==688941==    by 0x4A04847: re_search_internal (regexec.c:792)
==688941==    by 0x4A0C259: regexec@@GLIBC_2.3.4 (regexec.c:219)
==688941==    by 0x403277A: _single_transform_name_to_obstack (transform.c:488)
==688941==    by 0x403277A: _transform_name_to_obstack (transform.c:600)
==688941==    by 0x403277A: transform_name_fp (transform.c:614)
==688941==    by 0x4023670: transform_member_name (list.c:114)
==688941==    by 0x4023670: transform_stat_info.part.0 (list.c:150)
==688941==    by 0x4025850: transform_stat_info (list.c:227)
==688941==    by 0x4025850: read_and (list.c:227)
==688941==    by 0x400CD61: main (tar.c:2823)
==688941== 
==688941== 12 bytes in 3 blocks are still reachable in loss record 10 of 37
==688941==    at 0x48BD858: malloc (vg_replace_malloc.c:447)
==688941==    by 0x4A000BD: re_node_set_init_copy (regex_internal.c:1034)
==688941==    by 0x4A000BD: create_cd_newstate (regex_internal.c:1690)
==688941==    by 0x4A000BD: re_acquire_state_context (regex_internal.c:1562)
==688941==    by 0x4A000BD: build_trtable (regexec.c:3331)
==688941==    by 0x4A04847: transit_state (regexec.c:2257)
==688941==    by 0x4A04847: check_matching (regexec.c:1120)
==688941==    by 0x4A04847: re_search_internal (regexec.c:792)
==688941==    by 0x4A0C259: regexec@@GLIBC_2.3.4 (regexec.c:219)
==688941==    by 0x403277A: _single_transform_name_to_obstack (transform.c:488)
==688941==    by 0x403277A: _transform_name_to_obstack (transform.c:600)
==688941==    by 0x403277A: transform_name_fp (transform.c:614)
==688941==    by 0x40236CF: transform_member_name (list.c:114)
==688941==    by 0x40236CF: transform_stat_info.part.0 (list.c:154)
==688941==    by 0x4025850: transform_stat_info (list.c:227)
==688941==    by 0x4025850: read_and (list.c:227)
==688941==    by 0x400CD61: main (tar.c:2823)
==688941== 
==688941== 12 bytes in 3 blocks are still reachable in loss record 11 of 37
==688941==    at 0x48BD858: malloc (vg_replace_malloc.c:447)
==688941==    by 0x49F75D5: re_node_set_alloc (regex_internal.c:973)
==688941==    by 0x49F75D5: register_state (regex_internal.c:1583)
==688941==    by 0x4A00393: create_cd_newstate (regex_internal.c:1746)
==688941==    by 0x4A00393: re_acquire_state_context (regex_internal.c:1562)
==688941==    by 0x4A00393: build_trtable (regexec.c:3331)
==688941==    by 0x4A04847: transit_state (regexec.c:2257)
==688941==    by 0x4A04847: check_matching (regexec.c:1120)
==688941==    by 0x4A04847: re_search_internal (regexec.c:792)
==688941==    by 0x4A0C259: regexec@@GLIBC_2.3.4 (regexec.c:219)
==688941==    by 0x403277A: _single_transform_name_to_obstack (transform.c:488)
==688941==    by 0x403277A: _transform_name_to_obstack (transform.c:600)
==688941==    by 0x403277A: transform_name_fp (transform.c:614)
==688941==    by 0x40236CF: transform_member_name (list.c:114)
==688941==    by 0x40236CF: transform_stat_info.part.0 (list.c:154)
==688941==    by 0x4025850: transform_stat_info (list.c:227)
==688941==    by 0x4025850: read_and (list.c:227)
==688941==    by 0x400CD61: main (tar.c:2823)
==688941== 
==688941== 16 bytes in 1 blocks are still reachable in loss record 12 of 37
==688941==    at 0x48C4E43: calloc (vg_replace_malloc.c:1678)
==688941==    by 0x40516F1: xcalloc (xmalloc.c:298)
==688941==    by 0x40516F1: xzalloc (xmalloc.c:283)
==688941==    by 0x400BEF9: decode_options (tar.c:2297)
==688941==    by 0x400BEF9: main (tar.c:2792)
==688941== 
==688941== 16 bytes in 1 blocks are still reachable in loss record 13 of 37
==688941==    at 0x48C507F: realloc (vg_replace_malloc.c:1804)
==688941==    by 0x49F76D3: register_state (regex_internal.c:1598)
==688941==    by 0x49FED8E: create_cd_newstate (regex_internal.c:1746)
==688941==    by 0x49FED8E: re_acquire_state_context (regex_internal.c:1562)
==688941==    by 0x4A0AFD1: create_initial_state (regcomp.c:1051)
==688941==    by 0x4A0AFD1: re_compile_internal (regcomp.c:807)
==688941==    by 0x4A0BEA8: regcomp (regcomp.c:491)
==688941==    by 0x4032036: parse_transform_expr (transform.c:268)
==688941==    by 0x4032624: set_transform_expr (transform.c:416)
==688941==    by 0x40304FC: parse_opt (tar.c:1735)
==688941==    by 0x40421C3: group_parse (argp-parse.c:233)
==688941==    by 0x40421C3: parser_parse_opt (argp-parse.c:748)
==688941==    by 0x40421C3: parser_parse_next (argp-parse.c:859)
==688941==    by 0x40421C3: argp_parse (argp-parse.c:927)
==688941==    by 0x400C045: decode_options (tar.c:2380)
==688941==    by 0x400C045: main (tar.c:2792)
==688941== 
==688941== 24 bytes in 1 blocks are still reachable in loss record 14 of 37
==688941==    at 0x48BD858: malloc (vg_replace_malloc.c:447)
==688941==    by 0x4A0A369: analyze (regcomp.c:1170)
==688941==    by 0x4A0A369: re_compile_internal (regcomp.c:796)
==688941==    by 0x4A0BEA8: regcomp (regcomp.c:491)
==688941==    by 0x4032036: parse_transform_expr (transform.c:268)
==688941==    by 0x4032624: set_transform_expr (transform.c:416)
==688941==    by 0x40304FC: parse_opt (tar.c:1735)
==688941==    by 0x40421C3: group_parse (argp-parse.c:233)
==688941==    by 0x40421C3: parser_parse_opt (argp-parse.c:748)
==688941==    by 0x40421C3: parser_parse_next (argp-parse.c:859)
==688941==    by 0x40421C3: argp_parse (argp-parse.c:927)
==688941==    by 0x400C045: decode_options (tar.c:2380)
==688941==    by 0x400C045: main (tar.c:2792)
==688941== 
==688941== 24 bytes in 6 blocks are still reachable in loss record 15 of 37
==688941==    at 0x48BD858: malloc (vg_replace_malloc.c:447)
==688941==    by 0x4A065C5: re_node_set_alloc (regex_internal.c:973)
==688941==    by 0x4A065C5: calc_eclosure_iter (regcomp.c:1700)
==688941==    by 0x4A0A9B5: calc_eclosure (regcomp.c:1678)
==688941==    by 0x4A0A9B5: analyze (regcomp.c:1205)
==688941==    by 0x4A0A9B5: re_compile_internal (regcomp.c:796)
==688941==    by 0x4A0BEA8: regcomp (regcomp.c:491)
==688941==    by 0x4032036: parse_transform_expr (transform.c:268)
==688941==    by 0x4032624: set_transform_expr (transform.c:416)
==688941==    by 0x40304FC: parse_opt (tar.c:1735)
==688941==    by 0x40421C3: group_parse (argp-parse.c:233)
==688941==    by 0x40421C3: parser_parse_opt (argp-parse.c:748)
==688941==    by 0x40421C3: parser_parse_next (argp-parse.c:859)
==688941==    by 0x40421C3: argp_parse (argp-parse.c:927)
==688941==    by 0x400C045: decode_options (tar.c:2380)
==688941==    by 0x400C045: main (tar.c:2792)
==688941== 
==688941== 32 bytes in 1 blocks are still reachable in loss record 16 of 37
==688941==    at 0x48BD858: malloc (vg_replace_malloc.c:447)
==688941==    by 0x40512CC: xmalloc (xmalloc.c:45)
==688941==    by 0x4031CF1: add_segment (transform.c:91)
==688941==    by 0x4031CF1: add_literal_segment (transform.c:108)
==688941==    by 0x40321D7: parse_transform_expr (transform.c:406)
==688941==    by 0x4032624: set_transform_expr (transform.c:416)
==688941==    by 0x40304FC: parse_opt (tar.c:1735)
==688941==    by 0x40421C3: group_parse (argp-parse.c:233)
==688941==    by 0x40421C3: parser_parse_opt (argp-parse.c:748)
==688941==    by 0x40421C3: parser_parse_next (argp-parse.c:859)
==688941==    by 0x40421C3: argp_parse (argp-parse.c:927)
==688941==    by 0x400C045: decode_options (tar.c:2380)
==688941==    by 0x400C045: main (tar.c:2792)
==688941== 
==688941== 32 bytes in 2 blocks are still reachable in loss record 17 of 37
==688941==    at 0x48C507F: realloc (vg_replace_malloc.c:1804)
==688941==    by 0x49F76D3: register_state (regex_internal.c:1598)
==688941==    by 0x4A00393: create_cd_newstate (regex_internal.c:1746)
==688941==    by 0x4A00393: re_acquire_state_context (regex_internal.c:1562)
==688941==    by 0x4A00393: build_trtable (regexec.c:3331)
==688941==    by 0x4A04847: transit_state (regexec.c:2257)
==688941==    by 0x4A04847: check_matching (regexec.c:1120)
==688941==    by 0x4A04847: re_search_internal (regexec.c:792)
==688941==    by 0x4A0C259: regexec@@GLIBC_2.3.4 (regexec.c:219)
==688941==    by 0x403277A: _single_transform_name_to_obstack (transform.c:488)
==688941==    by 0x403277A: _transform_name_to_obstack (transform.c:600)
==688941==    by 0x403277A: transform_name_fp (transform.c:614)
==688941==    by 0x4023670: transform_member_name (list.c:114)
==688941==    by 0x4023670: transform_stat_info.part.0 (list.c:150)
==688941==    by 0x4025850: transform_stat_info (list.c:227)
==688941==    by 0x4025850: read_and (list.c:227)
==688941==    by 0x400CD61: main (tar.c:2823)
==688941== 
==688941== 48 bytes in 1 blocks are still reachable in loss record 18 of 37
==688941==    at 0x48C53C0: reallocarray (vg_replace_malloc.c:1806)
==688941==    by 0x40515C9: xreallocarray (xmalloc.c:84)
==688941==    by 0x40515C9: x2nrealloc (xmalloc.c:203)
==688941==    by 0x4027754: chdir_arg (misc.c:934)
==688941==    by 0x4029A36: name_gather (names.c:1215)
==688941==    by 0x4025436: read_and (list.c:174)
==688941==    by 0x400CD61: main (tar.c:2823)
==688941== 
==688941== 48 bytes in 3 blocks are still reachable in loss record 19 of 37
==688941==    at 0x48C507F: realloc (vg_replace_malloc.c:1804)
==688941==    by 0x49F76D3: register_state (regex_internal.c:1598)
==688941==    by 0x4A00393: create_cd_newstate (regex_internal.c:1746)
==688941==    by 0x4A00393: re_acquire_state_context (regex_internal.c:1562)
==688941==    by 0x4A00393: build_trtable (regexec.c:3331)
==688941==    by 0x4A04847: transit_state (regexec.c:2257)
==688941==    by 0x4A04847: check_matching (regexec.c:1120)
==688941==    by 0x4A04847: re_search_internal (regexec.c:792)
==688941==    by 0x4A0C259: regexec@@GLIBC_2.3.4 (regexec.c:219)
==688941==    by 0x403277A: _single_transform_name_to_obstack (transform.c:488)
==688941==    by 0x403277A: _transform_name_to_obstack (transform.c:600)
==688941==    by 0x403277A: transform_name_fp (transform.c:614)
==688941==    by 0x40236CF: transform_member_name (list.c:114)
==688941==    by 0x40236CF: transform_stat_info.part.0 (list.c:154)
==688941==    by 0x4025850: transform_stat_info (list.c:227)
==688941==    by 0x4025850: read_and (list.c:227)
==688941==    by 0x400CD61: main (tar.c:2823)
==688941== 
==688941== 56 bytes in 1 blocks are definitely lost in loss record 20 of 37
==688941==    at 0x48BD858: malloc (vg_replace_malloc.c:447)
==688941==    by 0x40512CC: xmalloc (xmalloc.c:45)
==688941==    by 0x40283CE: name_elt_alloc (names.c:683)
==688941==    by 0x40289D8: name_add_dir (names.c:839)
==688941==    by 0x40289D8: names_parse_opt (names.c:192)
==688941==    by 0x404233D: group_parse (argp-parse.c:233)
==688941==    by 0x404233D: parser_parse_opt (argp-parse.c:736)
==688941==    by 0x404233D: parser_parse_next (argp-parse.c:859)
==688941==    by 0x404233D: argp_parse (argp-parse.c:927)
==688941==    by 0x400C045: decode_options (tar.c:2380)
==688941==    by 0x400C045: main (tar.c:2792)
==688941== 
==688941== 80 bytes in 1 blocks are still reachable in loss record 21 of 37
==688941==    at 0x48BD858: malloc (vg_replace_malloc.c:447)
==688941==    by 0x40512CC: xmalloc (xmalloc.c:45)
==688941==    by 0x400BE43: main (tar.c:2781)
==688941== 
==688941== 88 bytes in 1 blocks are still reachable in loss record 22 of 37
==688941==    at 0x48C4E43: calloc (vg_replace_malloc.c:1678)
==688941==    by 0x49FEB7E: create_cd_newstate (regex_internal.c:1687)
==688941==    by 0x49FEB7E: re_acquire_state_context (regex_internal.c:1562)
==688941==    by 0x4A0AFD1: create_initial_state (regcomp.c:1051)
==688941==    by 0x4A0AFD1: re_compile_internal (regcomp.c:807)
==688941==    by 0x4A0BEA8: regcomp (regcomp.c:491)
==688941==    by 0x4032036: parse_transform_expr (transform.c:268)
==688941==    by 0x4032624: set_transform_expr (transform.c:416)
==688941==    by 0x40304FC: parse_opt (tar.c:1735)
==688941==    by 0x40421C3: group_parse (argp-parse.c:233)
==688941==    by 0x40421C3: parser_parse_opt (argp-parse.c:748)
==688941==    by 0x40421C3: parser_parse_next (argp-parse.c:859)
==688941==    by 0x40421C3: argp_parse (argp-parse.c:927)
==688941==    by 0x400C045: decode_options (tar.c:2380)
==688941==    by 0x400C045: main (tar.c:2792)
==688941== 
==688941== 96 bytes in 1 blocks are still reachable in loss record 23 of 37
==688941==    at 0x48BD858: malloc (vg_replace_malloc.c:447)
==688941==    by 0x4A09D66: init_dfa (regcomp.c:860)
==688941==    by 0x4A09D66: re_compile_internal (regcomp.c:759)
==688941==    by 0x4A0BEA8: regcomp (regcomp.c:491)
==688941==    by 0x4032036: parse_transform_expr (transform.c:268)
==688941==    by 0x4032624: set_transform_expr (transform.c:416)
==688941==    by 0x40304FC: parse_opt (tar.c:1735)
==688941==    by 0x40421C3: group_parse (argp-parse.c:233)
==688941==    by 0x40421C3: parser_parse_opt (argp-parse.c:748)
==688941==    by 0x40421C3: parser_parse_next (argp-parse.c:859)
==688941==    by 0x40421C3: argp_parse (argp-parse.c:927)
==688941==    by 0x400C045: decode_options (tar.c:2380)
==688941==    by 0x400C045: main (tar.c:2792)
==688941== 
==688941== 96 bytes in 1 blocks are still reachable in loss record 24 of 37
==688941==    at 0x48BD858: malloc (vg_replace_malloc.c:447)
==688941==    by 0x4A0A390: analyze (regcomp.c:1172)
==688941==    by 0x4A0A390: re_compile_internal (regcomp.c:796)
==688941==    by 0x4A0BEA8: regcomp (regcomp.c:491)
==688941==    by 0x4032036: parse_transform_expr (transform.c:268)
==688941==    by 0x4032624: set_transform_expr (transform.c:416)
==688941==    by 0x40304FC: parse_opt (tar.c:1735)
==688941==    by 0x40421C3: group_parse (argp-parse.c:233)
==688941==    by 0x40421C3: parser_parse_opt (argp-parse.c:748)
==688941==    by 0x40421C3: parser_parse_next (argp-parse.c:859)
==688941==    by 0x40421C3: argp_parse (argp-parse.c:927)
==688941==    by 0x400C045: decode_options (tar.c:2380)
==688941==    by 0x400C045: main (tar.c:2792)
==688941== 
==688941== 96 bytes in 1 blocks are still reachable in loss record 25 of 37
==688941==    at 0x48BD858: malloc (vg_replace_malloc.c:447)
==688941==    by 0x4A0A3A3: analyze (regcomp.c:1173)
==688941==    by 0x4A0A3A3: re_compile_internal (regcomp.c:796)
==688941==    by 0x4A0BEA8: regcomp (regcomp.c:491)
==688941==    by 0x4032036: parse_transform_expr (transform.c:268)
==688941==    by 0x4032624: set_transform_expr (transform.c:416)
==688941==    by 0x40304FC: parse_opt (tar.c:1735)
==688941==    by 0x40421C3: group_parse (argp-parse.c:233)
==688941==    by 0x40421C3: parser_parse_opt (argp-parse.c:748)
==688941==    by 0x40421C3: parser_parse_next (argp-parse.c:859)
==688941==    by 0x40421C3: argp_parse (argp-parse.c:927)
==688941==    by 0x400C045: decode_options (tar.c:2380)
==688941==    by 0x400C045: main (tar.c:2792)
==688941== 
==688941== 97 (96 direct, 1 indirect) bytes in 1 blocks are definitely lost in loss record 26 of 37
==688941==    at 0x48C4E43: calloc (vg_replace_malloc.c:1678)
==688941==    by 0x40516F1: xcalloc (xmalloc.c:298)
==688941==    by 0x40516F1: xzalloc (xmalloc.c:283)
==688941==    by 0x4029932: make_name (names.c:596)
==688941==    by 0x4029932: addname (names.c:1233)
==688941==    by 0x4025436: read_and (list.c:174)
==688941==    by 0x400CD61: main (tar.c:2823)
==688941== 
==688941== 102 bytes in 1 blocks are still reachable in loss record 27 of 37
==688941==    at 0x48BD858: malloc (vg_replace_malloc.c:447)
==688941==    by 0x40512CC: xmalloc (xmalloc.c:45)
==688941==    by 0x4029881: name_init (names.c:869)
==688941==    by 0x400C94C: main (tar.c:2794)
==688941== 
==688941== 112 bytes in 1 blocks are still reachable in loss record 28 of 37
==688941==    at 0x48C4E43: calloc (vg_replace_malloc.c:1678)
==688941==    by 0x40516F1: xcalloc (xmalloc.c:298)
==688941==    by 0x40516F1: xzalloc (xmalloc.c:283)
==688941==    by 0x4031D9E: new_transform (transform.c:79)
==688941==    by 0x4031D9E: parse_transform_expr (transform.c:187)
==688941==    by 0x4032624: set_transform_expr (transform.c:416)
==688941==    by 0x40304FC: parse_opt (tar.c:1735)
==688941==    by 0x40421C3: group_parse (argp-parse.c:233)
==688941==    by 0x40421C3: parser_parse_opt (argp-parse.c:748)
==688941==    by 0x40421C3: parser_parse_next (argp-parse.c:859)
==688941==    by 0x40421C3: argp_parse (argp-parse.c:927)
==688941==    by 0x400C045: decode_options (tar.c:2380)
==688941==    by 0x400C045: main (tar.c:2792)
==688941== 
==688941== 128 bytes in 1 blocks are still reachable in loss record 29 of 37
==688941==    at 0x48C4E43: calloc (vg_replace_malloc.c:1678)
==688941==    by 0x4A09DAE: init_dfa (regcomp.c:867)
==688941==    by 0x4A09DAE: re_compile_internal (regcomp.c:759)
==688941==    by 0x4A0BEA8: regcomp (regcomp.c:491)
==688941==    by 0x4032036: parse_transform_expr (transform.c:268)
==688941==    by 0x4032624: set_transform_expr (transform.c:416)
==688941==    by 0x40304FC: parse_opt (tar.c:1735)
==688941==    by 0x40421C3: group_parse (argp-parse.c:233)
==688941==    by 0x40421C3: parser_parse_opt (argp-parse.c:748)
==688941==    by 0x40421C3: parser_parse_next (argp-parse.c:859)
==688941==    by 0x40421C3: argp_parse (argp-parse.c:927)
==688941==    by 0x400C045: decode_options (tar.c:2380)
==688941==    by 0x400C045: main (tar.c:2792)
==688941== 
==688941== 176 bytes in 2 blocks are still reachable in loss record 30 of 37
==688941==    at 0x48C4E43: calloc (vg_replace_malloc.c:1678)
==688941==    by 0x4A0005C: create_cd_newstate (regex_internal.c:1687)
==688941==    by 0x4A0005C: re_acquire_state_context (regex_internal.c:1562)
==688941==    by 0x4A0005C: build_trtable (regexec.c:3331)
==688941==    by 0x4A04847: transit_state (regexec.c:2257)
==688941==    by 0x4A04847: check_matching (regexec.c:1120)
==688941==    by 0x4A04847: re_search_internal (regexec.c:792)
==688941==    by 0x4A0C259: regexec@@GLIBC_2.3.4 (regexec.c:219)
==688941==    by 0x403277A: _single_transform_name_to_obstack (transform.c:488)
==688941==    by 0x403277A: _transform_name_to_obstack (transform.c:600)
==688941==    by 0x403277A: transform_name_fp (transform.c:614)
==688941==    by 0x4023670: transform_member_name (list.c:114)
==688941==    by 0x4023670: transform_stat_info.part.0 (list.c:150)
==688941==    by 0x4025850: transform_stat_info (list.c:227)
==688941==    by 0x4025850: read_and (list.c:227)
==688941==    by 0x400CD61: main (tar.c:2823)
==688941== 
==688941== 224 bytes in 1 blocks are still reachable in loss record 31 of 37
==688941==    at 0x48C507F: realloc (vg_replace_malloc.c:1804)
==688941==    by 0x4A0B38F: re_compile_internal (regcomp.c:751)
==688941==    by 0x4A0BEA8: regcomp (regcomp.c:491)
==688941==    by 0x4032036: parse_transform_expr (transform.c:268)
==688941==    by 0x4032624: set_transform_expr (transform.c:416)
==688941==    by 0x40304FC: parse_opt (tar.c:1735)
==688941==    by 0x40421C3: group_parse (argp-parse.c:233)
==688941==    by 0x40421C3: parser_parse_opt (argp-parse.c:748)
==688941==    by 0x40421C3: parser_parse_next (argp-parse.c:859)
==688941==    by 0x40421C3: argp_parse (argp-parse.c:927)
==688941==    by 0x400C045: decode_options (tar.c:2380)
==688941==    by 0x400C045: main (tar.c:2792)
==688941== 
==688941== 256 bytes in 1 blocks are still reachable in loss record 32 of 37
==688941==    at 0x48BD858: malloc (vg_replace_malloc.c:447)
==688941==    by 0x4A0BE48: regcomp (regcomp.c:472)
==688941==    by 0x4032036: parse_transform_expr (transform.c:268)
==688941==    by 0x4032624: set_transform_expr (transform.c:416)
==688941==    by 0x40304FC: parse_opt (tar.c:1735)
==688941==    by 0x40421C3: group_parse (argp-parse.c:233)
==688941==    by 0x40421C3: parser_parse_opt (argp-parse.c:748)
==688941==    by 0x40421C3: parser_parse_next (argp-parse.c:859)
==688941==    by 0x40421C3: argp_parse (argp-parse.c:927)
==688941==    by 0x400C045: decode_options (tar.c:2380)
==688941==    by 0x400C045: main (tar.c:2792)
==688941== 
==688941== 264 bytes in 3 blocks are still reachable in loss record 33 of 37
==688941==    at 0x48C4E43: calloc (vg_replace_malloc.c:1678)
==688941==    by 0x4A0005C: create_cd_newstate (regex_internal.c:1687)
==688941==    by 0x4A0005C: re_acquire_state_context (regex_internal.c:1562)
==688941==    by 0x4A0005C: build_trtable (regexec.c:3331)
==688941==    by 0x4A04847: transit_state (regexec.c:2257)
==688941==    by 0x4A04847: check_matching (regexec.c:1120)
==688941==    by 0x4A04847: re_search_internal (regexec.c:792)
==688941==    by 0x4A0C259: regexec@@GLIBC_2.3.4 (regexec.c:219)
==688941==    by 0x403277A: _single_transform_name_to_obstack (transform.c:488)
==688941==    by 0x403277A: _transform_name_to_obstack (transform.c:600)
==688941==    by 0x403277A: transform_name_fp (transform.c:614)
==688941==    by 0x40236CF: transform_member_name (list.c:114)
==688941==    by 0x40236CF: transform_stat_info.part.0 (list.c:154)
==688941==    by 0x4025850: transform_stat_info (list.c:227)
==688941==    by 0x4025850: read_and (list.c:227)
==688941==    by 0x400CD61: main (tar.c:2823)
==688941== 
==688941== 2,048 bytes in 1 blocks are still reachable in loss record 34 of 37
==688941==    at 0x48C4E43: calloc (vg_replace_malloc.c:1678)
==688941==    by 0x4A00527: build_trtable (regexec.c:3295)
==688941==    by 0x4A04847: transit_state (regexec.c:2257)
==688941==    by 0x4A04847: check_matching (regexec.c:1120)
==688941==    by 0x4A04847: re_search_internal (regexec.c:792)
==688941==    by 0x4A0C259: regexec@@GLIBC_2.3.4 (regexec.c:219)
==688941==    by 0x403277A: _single_transform_name_to_obstack (transform.c:488)
==688941==    by 0x403277A: _transform_name_to_obstack (transform.c:600)
==688941==    by 0x403277A: transform_name_fp (transform.c:614)
==688941==    by 0x40236CF: transform_member_name (list.c:114)
==688941==    by 0x40236CF: transform_stat_info.part.0 (list.c:154)
==688941==    by 0x4025850: transform_stat_info (list.c:227)
==688941==    by 0x4025850: read_and (list.c:227)
==688941==    by 0x400CD61: main (tar.c:2823)
==688941== 
==688941== 4,064 bytes in 1 blocks are still reachable in loss record 35 of 37
==688941==    at 0x48BD858: malloc (vg_replace_malloc.c:447)
==688941==    by 0x40512CC: xmalloc (xmalloc.c:45)
==688941==    by 0x404A07D: call_chunkfun (obstack.c:88)
==688941==    by 0x404A07D: _obstack_begin_worker.isra.0 (obstack.c:135)
==688941==    by 0x404A0A8: _obstack_begin (obstack.c:157)
==688941==    by 0x4032C57: _transform_name_to_obstack (transform.c:592)
==688941==    by 0x4032C57: transform_name_fp (transform.c:614)
==688941==    by 0x4023670: transform_member_name (list.c:114)
==688941==    by 0x4023670: transform_stat_info.part.0 (list.c:150)
==688941==    by 0x4025850: transform_stat_info (list.c:227)
==688941==    by 0x4025850: read_and (list.c:227)
==688941==    by 0x400CD61: main (tar.c:2823)
==688941== 
==688941== 4,096 bytes in 2 blocks are still reachable in loss record 36 of 37
==688941==    at 0x48C4E43: calloc (vg_replace_malloc.c:1678)
==688941==    by 0x49FF3BE: build_trtable (regexec.c:3367)
==688941==    by 0x4A04847: transit_state (regexec.c:2257)
==688941==    by 0x4A04847: check_matching (regexec.c:1120)
==688941==    by 0x4A04847: re_search_internal (regexec.c:792)
==688941==    by 0x4A0C259: regexec@@GLIBC_2.3.4 (regexec.c:219)
==688941==    by 0x403277A: _single_transform_name_to_obstack (transform.c:488)
==688941==    by 0x403277A: _transform_name_to_obstack (transform.c:600)
==688941==    by 0x403277A: transform_name_fp (transform.c:614)
==688941==    by 0x4023670: transform_member_name (list.c:114)
==688941==    by 0x4023670: transform_stat_info.part.0 (list.c:150)
==688941==    by 0x4025850: transform_stat_info (list.c:227)
==688941==    by 0x4025850: read_and (list.c:227)
==688941==    by 0x400CD61: main (tar.c:2823)
==688941== 
==688941== 6,144 bytes in 3 blocks are still reachable in loss record 37 of 37
==688941==    at 0x48C4E43: calloc (vg_replace_malloc.c:1678)
==688941==    by 0x49FF3BE: build_trtable (regexec.c:3367)
==688941==    by 0x4A04847: transit_state (regexec.c:2257)
==688941==    by 0x4A04847: check_matching (regexec.c:1120)
==688941==    by 0x4A04847: re_search_internal (regexec.c:792)
==688941==    by 0x4A0C259: regexec@@GLIBC_2.3.4 (regexec.c:219)
==688941==    by 0x403277A: _single_transform_name_to_obstack (transform.c:488)
==688941==    by 0x403277A: _transform_name_to_obstack (transform.c:600)
==688941==    by 0x403277A: transform_name_fp (transform.c:614)
==688941==    by 0x40236CF: transform_member_name (list.c:114)
==688941==    by 0x40236CF: transform_stat_info.part.0 (list.c:154)
==688941==    by 0x4025850: transform_stat_info (list.c:227)
==688941==    by 0x4025850: read_and (list.c:227)
==688941==    by 0x400CD61: main (tar.c:2823)
==688941== 
==688941== LEAK SUMMARY:
==688941==    definitely lost: 152 bytes in 2 blocks
==688941==    indirectly lost: 1 bytes in 1 blocks
==688941==      possibly lost: 0 bytes in 0 blocks
==688941==    still reachable: 18,380 bytes in 54 blocks
==688941==         suppressed: 0 bytes in 0 blocks
==688941== 
==688941== For lists of detected and suppressed errors, rerun with: -s
==688941== ERROR SUMMARY: 3 errors from 3 contexts (suppressed: 0 from 0)
