==719880== Memcheck, a memory error detector
==719880== Copyright (C) 2002-2024, and GNU GPL'd, by Julian Seward et al.
==719880== Using Valgrind-3.26.0 and LibVEX; rerun with -h for copyright info
==719880== Command: tar -cf archive1.tar a
==719880== Parent PID: 719879
==719880== 
==719880== 
==719880== FILE DESCRIPTORS: 1 open (1 inherited) at exit.
==719880== 
==719880== HEAP SUMMARY:
==719880==     in use at exit: 4,366 bytes in 12 blocks
==719880==   total heap usage: 296 allocs, 284 frees, 420,932 bytes allocated
==719880== 
==719880== 5 bytes in 1 blocks are still reachable in loss record 1 of 9
==719880==    at 0x48BD858: malloc (vg_replace_malloc.c:447)
==719880==    by 0x405185D: xmalloc (xmalloc.c:45)
==719880==    by 0x405185D: xmemdup (xmalloc.c:314)
==719880==    by 0x405185D: xstrdup (xmalloc.c:339)
==719880==    by 0x402644F: assign_string (misc.c:58)
==719880==    by 0x4029612: uid_to_uname (names.c:490)
==719880==    by 0x40155F3: start_header (create.c:931)
==719880==    by 0x40167F9: dump_dir0 (create.c:1123)
==719880==    by 0x40167F9: dump_dir (create.c:1320)
==719880==    by 0x40167F9: dump_file0 (create.c:1757)
==719880==    by 0x4017589: dump_file (create.c:1968)
==719880==    by 0x4017589: create_archive (create.c:1412)
==719880==    by 0x400CD90: main (tar.c:2818)
==719880== 
==719880== 5 bytes in 1 blocks are still reachable in loss record 2 of 9
==719880==    at 0x48BD858: malloc (vg_replace_malloc.c:447)
==719880==    by 0x405185D: xmalloc (xmalloc.c:45)
==719880==    by 0x405185D: xmemdup (xmalloc.c:314)
==719880==    by 0x405185D: xstrdup (xmalloc.c:339)
==719880==    by 0x402644F: assign_string (misc.c:58)
==719880==    by 0x40296A2: gid_to_gname (names.c:520)
==719880==    by 0x40155DB: start_header (create.c:936)
==719880==    by 0x40167F9: dump_dir0 (create.c:1123)
==719880==    by 0x40167F9: dump_dir (create.c:1320)
==719880==    by 0x40167F9: dump_file0 (create.c:1757)
==719880==    by 0x4017589: dump_file (create.c:1968)
==719880==    by 0x4017589: create_archive (create.c:1412)
==719880==    by 0x400CD90: main (tar.c:2818)
==719880== 
==719880== 7 bytes in 2 blocks are indirectly lost in loss record 3 of 9
==719880==    at 0x48BD858: malloc (vg_replace_malloc.c:447)
==719880==    by 0x40387DD: wsnode_quoteremoval (wordsplit.c:651)
==719880==    by 0x4039CFD: wordsplit_process_list (wordsplit.c:2390)
==719880==    by 0x403A562: wordsplit_run.constprop.0 (wordsplit.c:2434)
==719880==    by 0x400BFFA: parse_default_options (tar.c:2256)
==719880==    by 0x400BFFA: decode_options (tar.c:2378)
==719880==    by 0x400BFFA: main (tar.c:2792)
==719880== 
==719880== 7 bytes in 2 blocks are definitely lost in loss record 4 of 9
==719880==    at 0x48BD858: malloc (vg_replace_malloc.c:447)
==719880==    by 0x403A1FB: wordsplit_finish (wordsplit.c:836)
==719880==    by 0x400BFFA: parse_default_options (tar.c:2256)
==719880==    by 0x400BFFA: decode_options (tar.c:2378)
==719880==    by 0x400BFFA: main (tar.c:2792)
==719880== 
==719880== 16 bytes in 1 blocks are still reachable in loss record 5 of 9
==719880==    at 0x48C4E43: calloc (vg_replace_malloc.c:1678)
==719880==    by 0x40516F1: xcalloc (xmalloc.c:298)
==719880==    by 0x40516F1: xzalloc (xmalloc.c:283)
==719880==    by 0x400BEF9: decode_options (tar.c:2297)
==719880==    by 0x400BEF9: main (tar.c:2792)
==719880== 
==719880== 80 bytes in 1 blocks are still reachable in loss record 6 of 9
==719880==    at 0x48BD858: malloc (vg_replace_malloc.c:447)
==719880==    by 0x40512CC: xmalloc (xmalloc.c:45)
==719880==    by 0x400BE43: main (tar.c:2781)
==719880== 
==719880== 87 (80 direct, 7 indirect) bytes in 2 blocks are definitely lost in loss record 7 of 9
==719880==    at 0x48C4E43: calloc (vg_replace_malloc.c:1678)
==719880==    by 0x403959D: wsnode_new (wordsplit.c:422)
==719880==    by 0x403959D: wordsplit_add_segm (wordsplit.c:523)
==719880==    by 0x4039854: scan_word (wordsplit.c:2062)
==719880==    by 0x4039C7C: wordsplit_process_list (wordsplit.c:2358)
==719880==    by 0x403A562: wordsplit_run.constprop.0 (wordsplit.c:2434)
==719880==    by 0x400BFFA: parse_default_options (tar.c:2256)
==719880==    by 0x400BFFA: decode_options (tar.c:2378)
==719880==    by 0x400BFFA: main (tar.c:2792)
==719880== 
==719880== 102 bytes in 1 blocks are still reachable in loss record 8 of 9
==719880==    at 0x48BD858: malloc (vg_replace_malloc.c:447)
==719880==    by 0x40512CC: xmalloc (xmalloc.c:45)
==719880==    by 0x4029881: name_init (names.c:869)
==719880==    by 0x400C94C: main (tar.c:2794)
==719880== 
==719880== 4,064 bytes in 1 blocks are still reachable in loss record 9 of 9
==719880==    at 0x48BD858: malloc (vg_replace_malloc.c:447)
==719880==    by 0x40512CC: xmalloc (xmalloc.c:45)
==719880==    by 0x404A07D: call_chunkfun (obstack.c:88)
==719880==    by 0x404A07D: _obstack_begin_worker.isra.0 (obstack.c:135)
==719880==    by 0x404A0A8: _obstack_begin (obstack.c:157)
==719880==    by 0x4032C57: _transform_name_to_obstack (transform.c:592)
==719880==    by 0x4032C57: transform_name_fp (transform.c:614)
==719880==    by 0x4016444: dump_file0 (create.c:1657)
==719880==    by 0x4017589: dump_file (create.c:1968)
==719880==    by 0x4017589: create_archive (create.c:1412)
==719880==    by 0x400CD90: main (tar.c:2818)
==719880== 
==719880== LEAK SUMMARY:
==719880==    definitely lost: 87 bytes in 4 blocks
==719880==    indirectly lost: 7 bytes in 2 blocks
==719880==      possibly lost: 0 bytes in 0 blocks
==719880==    still reachable: 4,272 bytes in 6 blocks
==719880==         suppressed: 0 bytes in 0 blocks
==719880== 
==719880== For lists of detected and suppressed errors, rerun with: -s
==719880== ERROR SUMMARY: 2 errors from 2 contexts (suppressed: 0 from 0)
