==719879== Memcheck, a memory error detector
==719879== Copyright (C) 2002-2024, and GNU GPL'd, by Julian Seward et al.
==719879== Using Valgrind-3.26.0 and LibVEX; rerun with -h for copyright info
==719879== Command: tar -xf archive1.tar -C dest1 a
==719879== Parent PID: 719878
==719879== 
==719879== 
==719879== FILE DESCRIPTORS: 2 open (1 inherited) at exit.
==719879== Open file descriptor 4: dest1
==719879==    at 0x4A1AADA: openat (openat64.c:39)
==719879==    by 0x4027817: openat (fcntl2.h:175)
==719879==    by 0x4027817: chdir_do (misc.c:988)
==719879==    by 0x402A07E: name_match (names.c:1352)
==719879==    by 0x4025622: read_and (list.c:196)
==719879==    by 0x400CD61: main (tar.c:2823)
==719879== 
==719879== 
==719879== HEAP SUMMARY:
==719879==     in use at exit: 4,574 bytes in 17 blocks
==719879==   total heap usage: 341 allocs, 324 frees, 60,946 bytes allocated
==719879== 
==719879== 2 bytes in 1 blocks are indirectly lost in loss record 1 of 14
==719879==    at 0x48BD858: malloc (vg_replace_malloc.c:447)
==719879==    by 0x405185D: xmalloc (xmalloc.c:45)
==719879==    by 0x405185D: xmemdup (xmalloc.c:314)
==719879==    by 0x405185D: xstrdup (xmalloc.c:339)
==719879==    by 0x402994B: make_name (names.c:599)
==719879==    by 0x402994B: addname (names.c:1233)
==719879==    by 0x4029AB7: name_gather (names.c:1218)
==719879==    by 0x4025436: read_and (list.c:174)
==719879==    by 0x400CD61: main (tar.c:2823)
==719879== 
==719879== 5 bytes in 1 blocks are still reachable in loss record 2 of 14
==719879==    at 0x48BD858: malloc (vg_replace_malloc.c:447)
==719879==    by 0x405185D: xmalloc (xmalloc.c:45)
==719879==    by 0x405185D: xmemdup (xmalloc.c:314)
==719879==    by 0x405185D: xstrdup (xmalloc.c:339)
==719879==    by 0x402644F: assign_string (misc.c:58)
==719879==    by 0x402973C: uname_to_uid (names.c:550)
==719879==    by 0x402457F: decode_header (list.c:694)
==719879==    by 0x4025616: read_and (list.c:194)
==719879==    by 0x400CD61: main (tar.c:2823)
==719879== 
==719879== 5 bytes in 1 blocks are still reachable in loss record 3 of 14
==719879==    at 0x48BD858: malloc (vg_replace_malloc.c:447)
==719879==    by 0x405185D: xmalloc (xmalloc.c:45)
==719879==    by 0x405185D: xmemdup (xmalloc.c:314)
==719879==    by 0x405185D: xstrdup (xmalloc.c:339)
==719879==    by 0x402644F: assign_string (misc.c:58)
==719879==    by 0x40297DC: gname_to_gid (names.c:580)
==719879==    by 0x402455F: decode_header (list.c:699)
==719879==    by 0x4025616: read_and (list.c:194)
==719879==    by 0x400CD61: main (tar.c:2823)
==719879== 
==719879== 6 bytes in 1 blocks are still reachable in loss record 4 of 14
==719879==    at 0x48BD858: malloc (vg_replace_malloc.c:447)
==719879==    by 0x405185D: xmalloc (xmalloc.c:45)
==719879==    by 0x405185D: xmemdup (xmalloc.c:314)
==719879==    by 0x405185D: xstrdup (xmalloc.c:339)
==719879==    by 0x4029A2E: name_gather (names.c:1215)
==719879==    by 0x4025436: read_and (list.c:174)
==719879==    by 0x400CD61: main (tar.c:2823)
==719879== 
==719879== 7 bytes in 2 blocks are indirectly lost in loss record 5 of 14
==719879==    at 0x48BD858: malloc (vg_replace_malloc.c:447)
==719879==    by 0x40387DD: wsnode_quoteremoval (wordsplit.c:651)
==719879==    by 0x4039CFD: wordsplit_process_list (wordsplit.c:2390)
==719879==    by 0x403A562: wordsplit_run.constprop.0 (wordsplit.c:2434)
==719879==    by 0x400BFFA: parse_default_options (tar.c:2256)
==719879==    by 0x400BFFA: decode_options (tar.c:2378)
==719879==    by 0x400BFFA: main (tar.c:2792)
==719879== 
==719879== 7 bytes in 2 blocks are definitely lost in loss record 6 of 14
==719879==    at 0x48BD858: malloc (vg_replace_malloc.c:447)
==719879==    by 0x403A1FB: wordsplit_finish (wordsplit.c:836)
==719879==    by 0x400BFFA: parse_default_options (tar.c:2256)
==719879==    by 0x400BFFA: decode_options (tar.c:2378)
==719879==    by 0x400BFFA: main (tar.c:2792)
==719879== 
==719879== 16 bytes in 1 blocks are still reachable in loss record 7 of 14
==719879==    at 0x48C4E43: calloc (vg_replace_malloc.c:1678)
==719879==    by 0x40516F1: xcalloc (xmalloc.c:298)
==719879==    by 0x40516F1: xzalloc (xmalloc.c:283)
==719879==    by 0x400BEF9: decode_options (tar.c:2297)
==719879==    by 0x400BEF9: main (tar.c:2792)
==719879== 
==719879== 48 bytes in 1 blocks are still reachable in loss record 8 of 14
==719879==    at 0x48C53C0: reallocarray (vg_replace_malloc.c:1806)
==719879==    by 0x40515C9: xreallocarray (xmalloc.c:84)
==719879==    by 0x40515C9: x2nrealloc (xmalloc.c:203)
==719879==    by 0x4027754: chdir_arg (misc.c:934)
==719879==    by 0x4029A36: name_gather (names.c:1215)
==719879==    by 0x4025436: read_and (list.c:174)
==719879==    by 0x400CD61: main (tar.c:2823)
==719879== 
==719879== 56 bytes in 1 blocks are definitely lost in loss record 9 of 14
==719879==    at 0x48BD858: malloc (vg_replace_malloc.c:447)
==719879==    by 0x40512CC: xmalloc (xmalloc.c:45)
==719879==    by 0x40283CE: name_elt_alloc (names.c:683)
==719879==    by 0x40289D8: name_add_dir (names.c:839)
==719879==    by 0x40289D8: names_parse_opt (names.c:192)
==719879==    by 0x404233D: group_parse (argp-parse.c:233)
==719879==    by 0x404233D: parser_parse_opt (argp-parse.c:736)
==719879==    by 0x404233D: parser_parse_next (argp-parse.c:859)
==719879==    by 0x404233D: argp_parse (argp-parse.c:927)
==719879==    by 0x400C045: decode_options (tar.c:2380)
==719879==    by 0x400C045: main (tar.c:2792)
==719879== 
==719879== 80 bytes in 1 blocks are still reachable in loss record 10 of 14
==719879==    at 0x48BD858: malloc (vg_replace_malloc.c:447)
==719879==    by 0x40512CC: xmalloc (xmalloc.c:45)
==719879==    by 0x400BE43: main (tar.c:2781)
==719879== 
==719879== 87 (80 direct, 7 indirect) bytes in 2 blocks are definitely lost in loss record 11 of 14
==719879==    at 0x48C4E43: calloc (vg_replace_malloc.c:1678)
==719879==    by 0x403959D: wsnode_new (wordsplit.c:422)
==719879==    by 0x403959D: wordsplit_add_segm (wordsplit.c:523)
==719879==    by 0x4039854: scan_word (wordsplit.c:2062)
==719879==    by 0x4039C7C: wordsplit_process_list (wordsplit.c:2358)
==719879==    by 0x403A562: wordsplit_run.constprop.0 (wordsplit.c:2434)
==719879==    by 0x400BFFA: parse_default_options (tar.c:2256)
==719879==    by 0x400BFFA: decode_options (tar.c:2378)
==719879==    by 0x400BFFA: main (tar.c:2792)
==719879== 
==719879== 98 (96 direct, 2 indirect) bytes in 1 blocks are definitely lost in loss record 12 of 14
==719879==    at 0x48C4E43: calloc (vg_replace_malloc.c:1678)
==719879==    by 0x40516F1: xcalloc (xmalloc.c:298)
==719879==    by 0x40516F1: xzalloc (xmalloc.c:283)
==719879==    by 0x4029932: make_name (names.c:596)
==719879==    by 0x4029932: addname (names.c:1233)
==719879==    by 0x4029AB7: name_gather (names.c:1218)
==719879==    by 0x4025436: read_and (list.c:174)
==719879==    by 0x400CD61: main (tar.c:2823)
==719879== 
==719879== 102 bytes in 1 blocks are still reachable in loss record 13 of 14
==719879==    at 0x48BD858: malloc (vg_replace_malloc.c:447)
==719879==    by 0x40512CC: xmalloc (xmalloc.c:45)
==719879==    by 0x4029881: name_init (names.c:869)
==719879==    by 0x400C94C: main (tar.c:2794)
==719879== 
==719879== 4,064 bytes in 1 blocks are still reachable in loss record 14 of 14
==719879==    at 0x48BD858: malloc (vg_replace_malloc.c:447)
==719879==    by 0x40512CC: xmalloc (xmalloc.c:45)
==719879==    by 0x404A07D: call_chunkfun (obstack.c:88)
==719879==    by 0x404A07D: _obstack_begin_worker.isra.0 (obstack.c:135)
==719879==    by 0x404A0A8: _obstack_begin (obstack.c:157)
==719879==    by 0x4032C57: _transform_name_to_obstack (transform.c:592)
==719879==    by 0x4032C57: transform_name_fp (transform.c:614)
==719879==    by 0x4023670: transform_member_name (list.c:114)
==719879==    by 0x4023670: transform_stat_info.part.0 (list.c:150)
==719879==    by 0x4025850: transform_stat_info (list.c:227)
==719879==    by 0x4025850: read_and (list.c:227)
==719879==    by 0x400CD61: main (tar.c:2823)
==719879== 
==719879== LEAK SUMMARY:
==719879==    definitely lost: 239 bytes in 6 blocks
==719879==    indirectly lost: 9 bytes in 3 blocks
==719879==      possibly lost: 0 bytes in 0 blocks
==719879==    still reachable: 4,326 bytes in 8 blocks
==719879==         suppressed: 0 bytes in 0 blocks
==719879== 
==719879== For lists of detected and suppressed errors, rerun with: -s
==719879== ERROR SUMMARY: 5 errors from 5 contexts (suppressed: 0 from 0)
