==625734== Memcheck, a memory error detector
==625734== Copyright (C) 2002-2024, and GNU GPL'd, by Julian Seward et al.
==625734== Using Valgrind-3.26.0 and LibVEX; rerun with -h for copyright info
==625734== Command: tar cf archive directory/test1/test.txt directory/test1/test.txt
==625734== Parent PID: 625728
==625734== 
==625734== 
==625734== FILE DESCRIPTORS: 1 open (1 inherited) at exit.
==625734== 
==625734== HEAP SUMMARY:
==625734==     in use at exit: 4,744 bytes in 18 blocks
==625734==   total heap usage: 71 allocs, 53 frees, 56,941 bytes allocated
==625734== 
==625734== 5 bytes in 1 blocks are still reachable in loss record 1 of 14
==625734==    at 0x48BD858: malloc (vg_replace_malloc.c:447)
==625734==    by 0x405185D: xmalloc (xmalloc.c:45)
==625734==    by 0x405185D: xmemdup (xmalloc.c:314)
==625734==    by 0x405185D: xstrdup (xmalloc.c:339)
==625734==    by 0x402644F: assign_string (misc.c:58)
==625734==    by 0x4029612: uid_to_uname (names.c:490)
==625734==    by 0x40155F3: start_header (create.c:931)
==625734==    by 0x4015798: dump_regular_file (create.c:1050)
==625734==    by 0x40165E2: dump_file0 (create.c:1773)
==625734==    by 0x4017589: dump_file (create.c:1968)
==625734==    by 0x4017589: create_archive (create.c:1412)
==625734==    by 0x400CD90: main (tar.c:2818)
==625734== 
==625734== 5 bytes in 1 blocks are still reachable in loss record 2 of 14
==625734==    at 0x48BD858: malloc (vg_replace_malloc.c:447)
==625734==    by 0x405185D: xmalloc (xmalloc.c:45)
==625734==    by 0x405185D: xmemdup (xmalloc.c:314)
==625734==    by 0x405185D: xstrdup (xmalloc.c:339)
==625734==    by 0x402644F: assign_string (misc.c:58)
==625734==    by 0x40296A2: gid_to_gname (names.c:520)
==625734==    by 0x40155DB: start_header (create.c:936)
==625734==    by 0x4015798: dump_regular_file (create.c:1050)
==625734==    by 0x40165E2: dump_file0 (create.c:1773)
==625734==    by 0x4017589: dump_file (create.c:1968)
==625734==    by 0x4017589: create_archive (create.c:1412)
==625734==    by 0x400CD90: main (tar.c:2818)
==625734== 
==625734== 6 bytes in 2 blocks are indirectly lost in loss record 3 of 14
==625734==    at 0x48BD858: malloc (vg_replace_malloc.c:447)
==625734==    by 0x405185D: xmalloc (xmalloc.c:45)
==625734==    by 0x405185D: xmemdup (xmalloc.c:314)
==625734==    by 0x405185D: xstrdup (xmalloc.c:339)
==625734==    by 0x400C4F1: decode_options (tar.c:2353)
==625734==    by 0x400C4F1: main (tar.c:2792)
==625734== 
==625734== 9 bytes in 2 blocks are indirectly lost in loss record 4 of 14
==625734==    at 0x48BD858: malloc (vg_replace_malloc.c:447)
==625734==    by 0x40387DD: wsnode_quoteremoval (wordsplit.c:651)
==625734==    by 0x4039CFD: wordsplit_process_list (wordsplit.c:2390)
==625734==    by 0x403A562: wordsplit_run.constprop.0 (wordsplit.c:2434)
==625734==    by 0x400BFFA: parse_default_options (tar.c:2256)
==625734==    by 0x400BFFA: decode_options (tar.c:2378)
==625734==    by 0x400BFFA: main (tar.c:2792)
==625734== 
==625734== 9 bytes in 2 blocks are definitely lost in loss record 5 of 14
==625734==    at 0x48BD858: malloc (vg_replace_malloc.c:447)
==625734==    by 0x403A1FB: wordsplit_finish (wordsplit.c:836)
==625734==    by 0x400BFFA: parse_default_options (tar.c:2256)
==625734==    by 0x400BFFA: decode_options (tar.c:2378)
==625734==    by 0x400BFFA: main (tar.c:2792)
==625734== 
==625734== 16 bytes in 1 blocks are still reachable in loss record 6 of 14
==625734==    at 0x48C4E43: calloc (vg_replace_malloc.c:1678)
==625734==    by 0x40516F1: xcalloc (xmalloc.c:298)
==625734==    by 0x40516F1: xzalloc (xmalloc.c:283)
==625734==    by 0x400BEF9: decode_options (tar.c:2297)
==625734==    by 0x400BEF9: main (tar.c:2792)
==625734== 
==625734== 56 bytes in 1 blocks are still reachable in loss record 7 of 14
==625734==    at 0x48BD858: malloc (vg_replace_malloc.c:447)
==625734==    by 0x40512CC: xmalloc (xmalloc.c:45)
==625734==    by 0x401407E: file_count_links (create.c:1522)
==625734==    by 0x401407E: file_count_links (create.c:1508)
==625734==    by 0x4016A58: dump_file0 (create.c:1779)
==625734==    by 0x4017589: dump_file (create.c:1968)
==625734==    by 0x4017589: create_archive (create.c:1412)
==625734==    by 0x400CD90: main (tar.c:2818)
==625734== 
==625734== 62 (56 direct, 6 indirect) bytes in 1 blocks are definitely lost in loss record 8 of 14
==625734==    at 0x48BD858: malloc (vg_replace_malloc.c:447)
==625734==    by 0x40512CC: xmalloc (xmalloc.c:45)
==625734==    by 0x400C46E: decode_options (tar.c:2340)
==625734==    by 0x400C46E: main (tar.c:2792)
==625734== 
==625734== 80 bytes in 1 blocks are still reachable in loss record 9 of 14
==625734==    at 0x48BD858: malloc (vg_replace_malloc.c:447)
==625734==    by 0x40512CC: xmalloc (xmalloc.c:45)
==625734==    by 0x400BE43: main (tar.c:2781)
==625734== 
==625734== 80 bytes in 1 blocks are still reachable in loss record 10 of 14
==625734==    at 0x48BD858: malloc (vg_replace_malloc.c:447)
==625734==    by 0x4047846: hash_initialize (hash.c:523)
==625734==    by 0x401411B: file_count_links (create.c:1530)
==625734==    by 0x401411B: file_count_links (create.c:1508)
==625734==    by 0x4016A58: dump_file0 (create.c:1779)
==625734==    by 0x4017589: dump_file (create.c:1968)
==625734==    by 0x4017589: create_archive (create.c:1412)
==625734==    by 0x400CD90: main (tar.c:2818)
==625734== 
==625734== 89 (80 direct, 9 indirect) bytes in 2 blocks are definitely lost in loss record 11 of 14
==625734==    at 0x48C4E43: calloc (vg_replace_malloc.c:1678)
==625734==    by 0x403959D: wsnode_new (wordsplit.c:422)
==625734==    by 0x403959D: wordsplit_add_segm (wordsplit.c:523)
==625734==    by 0x4039854: scan_word (wordsplit.c:2062)
==625734==    by 0x4039C7C: wordsplit_process_list (wordsplit.c:2358)
==625734==    by 0x403A562: wordsplit_run.constprop.0 (wordsplit.c:2434)
==625734==    by 0x400BFFA: parse_default_options (tar.c:2256)
==625734==    by 0x400BFFA: decode_options (tar.c:2378)
==625734==    by 0x400BFFA: main (tar.c:2792)
==625734== 
==625734== 102 bytes in 1 blocks are still reachable in loss record 12 of 14
==625734==    at 0x48BD858: malloc (vg_replace_malloc.c:447)
==625734==    by 0x40512CC: xmalloc (xmalloc.c:45)
==625734==    by 0x4029881: name_init (names.c:869)
==625734==    by 0x400C94C: main (tar.c:2794)
==625734== 
==625734== 176 bytes in 1 blocks are still reachable in loss record 13 of 14
==625734==    at 0x48C4E43: calloc (vg_replace_malloc.c:1678)
==625734==    by 0x404789C: hash_initialize (hash.c:544)
==625734==    by 0x401411B: file_count_links (create.c:1530)
==625734==    by 0x401411B: file_count_links (create.c:1508)
==625734==    by 0x4016A58: dump_file0 (create.c:1779)
==625734==    by 0x4017589: dump_file (create.c:1968)
==625734==    by 0x4017589: create_archive (create.c:1412)
==625734==    by 0x400CD90: main (tar.c:2818)
==625734== 
==625734== 4,064 bytes in 1 blocks are still reachable in loss record 14 of 14
==625734==    at 0x48BD858: malloc (vg_replace_malloc.c:447)
==625734==    by 0x40512CC: xmalloc (xmalloc.c:45)
==625734==    by 0x404A07D: call_chunkfun (obstack.c:88)
==625734==    by 0x404A07D: _obstack_begin_worker.isra.0 (obstack.c:135)
==625734==    by 0x404A0A8: _obstack_begin (obstack.c:157)
==625734==    by 0x4032C57: _transform_name_to_obstack (transform.c:592)
==625734==    by 0x4032C57: transform_name_fp (transform.c:614)
==625734==    by 0x4016444: dump_file0 (create.c:1657)
==625734==    by 0x4017589: dump_file (create.c:1968)
==625734==    by 0x4017589: create_archive (create.c:1412)
==625734==    by 0x400CD90: main (tar.c:2818)
==625734== 
==625734== LEAK SUMMARY:
==625734==    definitely lost: 145 bytes in 5 blocks
==625734==    indirectly lost: 15 bytes in 4 blocks
==625734==      possibly lost: 0 bytes in 0 blocks
==625734==    still reachable: 4,584 bytes in 9 blocks
==625734==         suppressed: 0 bytes in 0 blocks
==625734== 
==625734== For lists of detected and suppressed errors, rerun with: -s
==625734== ERROR SUMMARY: 3 errors from 3 contexts (suppressed: 0 from 0)
