==740949== Memcheck, a memory error detector
==740949== Copyright (C) 2002-2024, and GNU GPL'd, by Julian Seward et al.
==740949== Using Valgrind-3.26.0 and LibVEX; rerun with -h for copyright info
==740949== Command: /tmp/rboxc-gawk-original-smiq7hvc/deps/sort
==740949== Parent PID: 740927
==740949== 
==740949== 
==740949== FILE DESCRIPTORS: 0 open (0 inherited) at exit.
==740949== 
==740949== HEAP SUMMARY:
==740949==     in use at exit: 128 bytes in 1 blocks
==740949==   total heap usage: 25 allocs, 24 frees, 16,935,129 bytes allocated
==740949== 
==740949== 128 bytes in 1 blocks are still reachable in loss record 1 of 1
==740949==    at 0x4BF907F: realloc (vg_replace_malloc.c:1804)
==740949==    by 0x411C0A6: rpl_realloc (stdlib.h:2059)
==740949==    by 0x411C0A6: xrealloc (xmalloc.c:70)
==740949==    by 0x411C0A6: xpalloc (xmalloc.c:269)
==740949==    by 0x40A7BB6: add_temp_dir (sort.c:1347)
==740949==    by 0x40AE3A4: single_binary_main_sort (sort.c:4921)
==740949==    by 0x401A532: launch_program (coreutils.c:126)
==740949==    by 0x4018E7A: main (coreutils.c:143)
==740949== 
==740949== LEAK SUMMARY:
==740949==    definitely lost: 0 bytes in 0 blocks
==740949==    indirectly lost: 0 bytes in 0 blocks
==740949==      possibly lost: 0 bytes in 0 blocks
==740949==    still reachable: 128 bytes in 1 blocks
==740949==         suppressed: 0 bytes in 0 blocks
==740949== 
==740949== For lists of detected and suppressed errors, rerun with: -s
==740949== ERROR SUMMARY: 0 errors from 0 contexts (suppressed: 0 from 0)
