==718119== Memcheck, a memory error detector
==718119== Copyright (C) 2002-2024, and GNU GPL'd, by Julian Seward et al.
==718119== Using Valgrind-3.26.0 and LibVEX; rerun with -h for copyright info
==718119== Command: /bin/sh -c rm\ x1.out
==718119== Parent PID: 718093
==718119== 
==718119== 
==718119== FILE DESCRIPTORS: 3 open (3 inherited) at exit.
==718119== 
==718119== HEAP SUMMARY:
==718119==     in use at exit: 1,058 bytes in 29 blocks
==718119==   total heap usage: 31 allocs, 2 frees, 1,210 bytes allocated
==718119== 
==718119== 26 bytes in 1 blocks are still reachable in loss record 1 of 6
==718119==    at 0x486E858: malloc (vg_replace_malloc.c:447)
==718119==    by 0x40083FA: ??? (in /usr/bin/dash)
==718119==    by 0x4012E0A: ??? (in /usr/bin/dash)
==718119==    by 0x4013FFF: ??? (in /usr/bin/dash)
==718119==    by 0x400BCE7: ??? (in /usr/bin/dash)
==718119==    by 0x40120F8: ??? (in /usr/bin/dash)
==718119==    by 0x4004DA0: ??? (in /usr/bin/dash)
==718119==    by 0x48C4600: (below main) (libc_start_call_main.h:59)
==718119== 
==718119== 32 bytes in 1 blocks are still reachable in loss record 2 of 6
==718119==    at 0x486E858: malloc (vg_replace_malloc.c:447)
==718119==    by 0x4017AB2: ??? (in /usr/bin/dash)
==718119==    by 0x40186D4: ??? (in /usr/bin/dash)
==718119==    by 0x4004BC6: ??? (in /usr/bin/dash)
==718119==    by 0x48C4600: (below main) (libc_start_call_main.h:59)
==718119== 
==718119== 34 bytes in 1 blocks are still reachable in loss record 3 of 6
==718119==    at 0x486E858: malloc (vg_replace_malloc.c:447)
==718119==    by 0x495596E: strdup (strdup.c:42)
==718119==    by 0x40081DF: ??? (in /usr/bin/dash)
==718119==    by 0x40186F9: ??? (in /usr/bin/dash)
==718119==    by 0x4004BC6: ??? (in /usr/bin/dash)
==718119==    by 0x48C4600: (below main) (libc_start_call_main.h:59)
==718119== 
==718119== 38 bytes in 1 blocks are still reachable in loss record 4 of 6
==718119==    at 0x486E858: malloc (vg_replace_malloc.c:447)
==718119==    by 0x4017C53: ??? (in /usr/bin/dash)
==718119==    by 0x40186F9: ??? (in /usr/bin/dash)
==718119==    by 0x4004BC6: ??? (in /usr/bin/dash)
==718119==    by 0x48C4600: (below main) (libc_start_call_main.h:59)
==718119== 
==718119== 160 bytes in 1 blocks are still reachable in loss record 5 of 6
==718119==    at 0x487607F: realloc (vg_replace_malloc.c:1804)
==718119==    by 0x40074DC: ??? (in /usr/bin/dash)
==718119==    by 0x400A64D: ??? (in /usr/bin/dash)
==718119==    by 0x4014058: ??? (in /usr/bin/dash)
==718119==    by 0x400BCE7: ??? (in /usr/bin/dash)
==718119==    by 0x40120F8: ??? (in /usr/bin/dash)
==718119==    by 0x4004DA0: ??? (in /usr/bin/dash)
==718119==    by 0x48C4600: (below main) (libc_start_call_main.h:59)
==718119== 
==718119== 768 bytes in 24 blocks are still reachable in loss record 6 of 6
==718119==    at 0x486E858: malloc (vg_replace_malloc.c:447)
==718119==    by 0x4017AB2: ??? (in /usr/bin/dash)
==718119==    by 0x4018670: ??? (in /usr/bin/dash)
==718119==    by 0x4004BC6: ??? (in /usr/bin/dash)
==718119==    by 0x48C4600: (below main) (libc_start_call_main.h:59)
==718119== 
==718119== LEAK SUMMARY:
==718119==    definitely lost: 0 bytes in 0 blocks
==718119==    indirectly lost: 0 bytes in 0 blocks
==718119==      possibly lost: 0 bytes in 0 blocks
==718119==    still reachable: 1,058 bytes in 29 blocks
==718119==         suppressed: 0 bytes in 0 blocks
==718119== 
==718119== For lists of detected and suppressed errors, rerun with: -s
==718119== ERROR SUMMARY: 0 errors from 0 contexts (suppressed: 0 from 0)
