==701585== Memcheck, a memory error detector
==701585== Copyright (C) 2002-2024, and GNU GPL'd, by Julian Seward et al.
==701585== Using Valgrind-3.26.0 and LibVEX; rerun with -h for copyright info
==701585== Command: tar --version
==701585== Parent PID: 701476
==701585== 
==701585== 
==701585== FILE DESCRIPTORS: 4 open (4 inherited) at exit.
==701585== 
==701585== HEAP SUMMARY:
==701585==     in use at exit: 7,767 bytes in 3 blocks
==701585==   total heap usage: 15 allocs, 12 frees, 12,021 bytes allocated
==701585== 
==701585== 16 bytes in 1 blocks are still reachable in loss record 1 of 3
==701585==    at 0x5875E43: calloc (vg_replace_malloc.c:1678)
==701585==    by 0x469E681: rboxc_tar_xzalloc (in /root/rboxc/target/tar-child-input-candidate/release/rboxc)
==701585==    by 0x440DEF5: single_binary_main_tar (in /root/rboxc/target/tar-child-input-candidate/release/rboxc)
==701585==    by 0x5A18600: (below main) (libc_start_call_main.h:59)
==701585== 
==701585== 80 bytes in 1 blocks are still reachable in loss record 2 of 3
==701585==    at 0x586E858: malloc (vg_replace_malloc.c:447)
==701585==    by 0x469E25C: rboxc_tar_xmalloc (in /root/rboxc/target/tar-child-input-candidate/release/rboxc)
==701585==    by 0x440DE00: single_binary_main_tar (in /root/rboxc/target/tar-child-input-candidate/release/rboxc)
==701585==    by 0x5A18600: (below main) (libc_start_call_main.h:59)
==701585== 
==701585== 7,671 bytes in 1 blocks are still reachable in loss record 3 of 3
==701585==    at 0x586E858: malloc (vg_replace_malloc.c:447)
==701585==    by 0x468C8D4: rboxc_tar_argp_parse (in /root/rboxc/target/tar-child-input-candidate/release/rboxc)
==701585==    by 0x440E425: single_binary_main_tar (in /root/rboxc/target/tar-child-input-candidate/release/rboxc)
==701585==    by 0x5A18600: (below main) (libc_start_call_main.h:59)
==701585== 
==701585== LEAK SUMMARY:
==701585==    definitely lost: 0 bytes in 0 blocks
==701585==    indirectly lost: 0 bytes in 0 blocks
==701585==      possibly lost: 0 bytes in 0 blocks
==701585==    still reachable: 7,767 bytes in 3 blocks
==701585==         suppressed: 0 bytes in 0 blocks
==701585== 
==701585== For lists of detected and suppressed errors, rerun with: -s
==701585== ERROR SUMMARY: 0 errors from 0 contexts (suppressed: 0 from 0)
