==702246== Memcheck, a memory error detector
==702246== Copyright (C) 2002-2024, and GNU GPL'd, by Julian Seward et al.
==702246== Using Valgrind-3.26.0 and LibVEX; rerun with -h for copyright info
==702246== Command: tar xfv archive --warning=no-timestamp
==702246== Parent PID: 702224
==702246== 
==702246== 
==702246== FILE DESCRIPTORS: 1 open (1 inherited) at exit.
==702246== 
==702246== HEAP SUMMARY:
==702246==     in use at exit: 4,272 bytes in 6 blocks
==702246==   total heap usage: 60 allocs, 54 frees, 60,410 bytes allocated
==702246== 
==702246== 5 bytes in 1 blocks are still reachable in loss record 1 of 6
==702246==    at 0x586E858: malloc (vg_replace_malloc.c:447)
==702246==    by 0x469E7ED: rboxc_tar_xstrdup (in /root/rboxc/target/tar-child-input-candidate/release/rboxc)
==702246==    by 0x467004F: rboxc_tar_assign_string (in /root/rboxc/target/tar-child-input-candidate/release/rboxc)
==702246==    by 0x467345C: rboxc_tar_uname_to_uid (in /root/rboxc/target/tar-child-input-candidate/release/rboxc)
==702246==    by 0x466E0BF: rboxc_tar_decode_header (in /root/rboxc/target/tar-child-input-candidate/release/rboxc)
==702246==    by 0x466F156: rboxc_tar_read_and (in /root/rboxc/target/tar-child-input-candidate/release/rboxc)
==702246==    by 0x440F040: single_binary_main_tar (in /root/rboxc/target/tar-child-input-candidate/release/rboxc)
==702246==    by 0x5A18600: (below main) (libc_start_call_main.h:59)
==702246== 
==702246== 5 bytes in 1 blocks are still reachable in loss record 2 of 6
==702246==    at 0x586E858: malloc (vg_replace_malloc.c:447)
==702246==    by 0x469E7ED: rboxc_tar_xstrdup (in /root/rboxc/target/tar-child-input-candidate/release/rboxc)
==702246==    by 0x467004F: rboxc_tar_assign_string (in /root/rboxc/target/tar-child-input-candidate/release/rboxc)
==702246==    by 0x46734FC: rboxc_tar_gname_to_gid (in /root/rboxc/target/tar-child-input-candidate/release/rboxc)
==702246==    by 0x466E09F: rboxc_tar_decode_header (in /root/rboxc/target/tar-child-input-candidate/release/rboxc)
==702246==    by 0x466F156: rboxc_tar_read_and (in /root/rboxc/target/tar-child-input-candidate/release/rboxc)
==702246==    by 0x440F040: single_binary_main_tar (in /root/rboxc/target/tar-child-input-candidate/release/rboxc)
==702246==    by 0x5A18600: (below main) (libc_start_call_main.h:59)
==702246== 
==702246== 16 bytes in 1 blocks are still reachable in loss record 3 of 6
==702246==    at 0x5875E43: calloc (vg_replace_malloc.c:1678)
==702246==    by 0x469E681: rboxc_tar_xzalloc (in /root/rboxc/target/tar-child-input-candidate/release/rboxc)
==702246==    by 0x440DEF5: single_binary_main_tar (in /root/rboxc/target/tar-child-input-candidate/release/rboxc)
==702246==    by 0x5A18600: (below main) (libc_start_call_main.h:59)
==702246== 
==702246== 80 bytes in 1 blocks are still reachable in loss record 4 of 6
==702246==    at 0x586E858: malloc (vg_replace_malloc.c:447)
==702246==    by 0x469E25C: rboxc_tar_xmalloc (in /root/rboxc/target/tar-child-input-candidate/release/rboxc)
==702246==    by 0x440DE00: single_binary_main_tar (in /root/rboxc/target/tar-child-input-candidate/release/rboxc)
==702246==    by 0x5A18600: (below main) (libc_start_call_main.h:59)
==702246== 
==702246== 102 bytes in 1 blocks are still reachable in loss record 5 of 6
==702246==    at 0x586E858: malloc (vg_replace_malloc.c:447)
==702246==    by 0x469E25C: rboxc_tar_xmalloc (in /root/rboxc/target/tar-child-input-candidate/release/rboxc)
==702246==    by 0x46735A1: rboxc_tar_name_init (in /root/rboxc/target/tar-child-input-candidate/release/rboxc)
==702246==    by 0x440EE7A: single_binary_main_tar (in /root/rboxc/target/tar-child-input-candidate/release/rboxc)
==702246==    by 0x5A18600: (below main) (libc_start_call_main.h:59)
==702246== 
==702246== 4,064 bytes in 1 blocks are still reachable in loss record 6 of 6
==702246==    at 0x586E858: malloc (vg_replace_malloc.c:447)
==702246==    by 0x469E25C: rboxc_tar_xmalloc (in /root/rboxc/target/tar-child-input-candidate/release/rboxc)
==702246==    by 0x469617D: _obstack_begin_worker.isra.0 (in /root/rboxc/target/tar-child-input-candidate/release/rboxc)
==702246==    by 0x46961A8: rboxc_tar__obstack_begin (in /root/rboxc/target/tar-child-input-candidate/release/rboxc)
==702246==    by 0x4679E77: rboxc_tar_transform_name_fp (in /root/rboxc/target/tar-child-input-candidate/release/rboxc)
==702246==    by 0x466D1B0: transform_stat_info.part.0 (in /root/rboxc/target/tar-child-input-candidate/release/rboxc)
==702246==    by 0x466F390: rboxc_tar_read_and (in /root/rboxc/target/tar-child-input-candidate/release/rboxc)
==702246==    by 0x440F040: single_binary_main_tar (in /root/rboxc/target/tar-child-input-candidate/release/rboxc)
==702246==    by 0x5A18600: (below main) (libc_start_call_main.h:59)
==702246== 
==702246== LEAK SUMMARY:
==702246==    definitely lost: 0 bytes in 0 blocks
==702246==    indirectly lost: 0 bytes in 0 blocks
==702246==      possibly lost: 0 bytes in 0 blocks
==702246==    still reachable: 4,272 bytes in 6 blocks
==702246==         suppressed: 0 bytes in 0 blocks
==702246== 
==702246== For lists of detected and suppressed errors, rerun with: -s
==702246== ERROR SUMMARY: 0 errors from 0 contexts (suppressed: 0 from 0)
