==702705== Memcheck, a memory error detector
==702705== Copyright (C) 2002-2024, and GNU GPL'd, by Julian Seward et al.
==702705== Using Valgrind-3.26.0 and LibVEX; rerun with -h for copyright info
==702705== Command: /bin/sh -c gzip
==702705== Parent PID: 702591
==702705== 
==702705== 
==702705== FILE DESCRIPTORS: 3 open (3 inherited) at exit.
==702705== 
==702705== HEAP SUMMARY:
==702705==     in use at exit: 1,010 bytes in 26 blocks
==702705==   total heap usage: 28 allocs, 2 frees, 1,162 bytes allocated
==702705== 
==702705== 28 bytes in 1 blocks are still reachable in loss record 1 of 6
==702705==    at 0x486E858: malloc (vg_replace_malloc.c:447)
==702705==    by 0x40083FA: ??? (in /usr/bin/dash)
==702705==    by 0x4012E0A: ??? (in /usr/bin/dash)
==702705==    by 0x4013FFF: ??? (in /usr/bin/dash)
==702705==    by 0x400BCE7: ??? (in /usr/bin/dash)
==702705==    by 0x40120F8: ??? (in /usr/bin/dash)
==702705==    by 0x4004DA0: ??? (in /usr/bin/dash)
==702705==    by 0x48C4600: (below main) (libc_start_call_main.h:59)
==702705== 
==702705== 32 bytes in 1 blocks are still reachable in loss record 2 of 6
==702705==    at 0x486E858: malloc (vg_replace_malloc.c:447)
==702705==    by 0x4017AB2: ??? (in /usr/bin/dash)
==702705==    by 0x40186D4: ??? (in /usr/bin/dash)
==702705==    by 0x4004BC6: ??? (in /usr/bin/dash)
==702705==    by 0x48C4600: (below main) (libc_start_call_main.h:59)
==702705== 
==702705== 57 bytes in 1 blocks are still reachable in loss record 3 of 6
==702705==    at 0x486E858: malloc (vg_replace_malloc.c:447)
==702705==    by 0x495596E: strdup (strdup.c:42)
==702705==    by 0x40081DF: ??? (in /usr/bin/dash)
==702705==    by 0x40186F9: ??? (in /usr/bin/dash)
==702705==    by 0x4004BC6: ??? (in /usr/bin/dash)
==702705==    by 0x48C4600: (below main) (libc_start_call_main.h:59)
==702705== 
==702705== 61 bytes in 1 blocks are still reachable in loss record 4 of 6
==702705==    at 0x486E858: malloc (vg_replace_malloc.c:447)
==702705==    by 0x4017C53: ??? (in /usr/bin/dash)
==702705==    by 0x40186F9: ??? (in /usr/bin/dash)
==702705==    by 0x4004BC6: ??? (in /usr/bin/dash)
==702705==    by 0x48C4600: (below main) (libc_start_call_main.h:59)
==702705== 
==702705== 160 bytes in 1 blocks are still reachable in loss record 5 of 6
==702705==    at 0x487607F: realloc (vg_replace_malloc.c:1804)
==702705==    by 0x40074DC: ??? (in /usr/bin/dash)
==702705==    by 0x400A64D: ??? (in /usr/bin/dash)
==702705==    by 0x4014058: ??? (in /usr/bin/dash)
==702705==    by 0x400BCE7: ??? (in /usr/bin/dash)
==702705==    by 0x40120F8: ??? (in /usr/bin/dash)
==702705==    by 0x4004DA0: ??? (in /usr/bin/dash)
==702705==    by 0x48C4600: (below main) (libc_start_call_main.h:59)
==702705== 
==702705== 672 bytes in 21 blocks are still reachable in loss record 6 of 6
==702705==    at 0x486E858: malloc (vg_replace_malloc.c:447)
==702705==    by 0x4017AB2: ??? (in /usr/bin/dash)
==702705==    by 0x4018670: ??? (in /usr/bin/dash)
==702705==    by 0x4004BC6: ??? (in /usr/bin/dash)
==702705==    by 0x48C4600: (below main) (libc_start_call_main.h:59)
==702705== 
==702705== LEAK SUMMARY:
==702705==    definitely lost: 0 bytes in 0 blocks
==702705==    indirectly lost: 0 bytes in 0 blocks
==702705==      possibly lost: 0 bytes in 0 blocks
==702705==    still reachable: 1,010 bytes in 26 blocks
==702705==         suppressed: 0 bytes in 0 blocks
==702705== 
==702705== For lists of detected and suppressed errors, rerun with: -s
==702705== ERROR SUMMARY: 0 errors from 0 contexts (suppressed: 0 from 0)
