==619631== Memcheck, a memory error detector
==619631== Copyright (C) 2002-2024, and GNU GPL'd, by Julian Seward et al.
==619631== Using Valgrind-3.26.0 and LibVEX; rerun with -h for copyright info
==619631== Command: tar -cSf archive.tar smallsparse
==619631== Parent PID: 619371
==619631== 
==619631== 
==619631== FILE DESCRIPTORS: 1 open (1 inherited) at exit.
==619631== 
==619631== HEAP SUMMARY:
==619631==     in use at exit: 4,727 bytes in 17 blocks
==619631==   total heap usage: 67 allocs, 50 frees, 60,911 bytes allocated
==619631== 
==619631== 5 bytes in 1 blocks are still reachable in loss record 1 of 11
==619631==    at 0x48BD858: malloc (vg_replace_malloc.c:447)
==619631==    by 0x405185D: xmalloc (xmalloc.c:45)
==619631==    by 0x405185D: xmemdup (xmalloc.c:314)
==619631==    by 0x405185D: xstrdup (xmalloc.c:339)
==619631==    by 0x402644F: assign_string (misc.c:58)
==619631==    by 0x4029612: uid_to_uname (names.c:490)
==619631==    by 0x40155F3: start_header (create.c:931)
==619631==    by 0x4015798: dump_regular_file (create.c:1050)
==619631==    by 0x40165E2: dump_file0 (create.c:1773)
==619631==    by 0x4017589: dump_file (create.c:1968)
==619631==    by 0x4017589: create_archive (create.c:1412)
==619631==    by 0x400CD90: main (tar.c:2818)
==619631== 
==619631== 5 bytes in 1 blocks are still reachable in loss record 2 of 11
==619631==    at 0x48BD858: malloc (vg_replace_malloc.c:447)
==619631==    by 0x405185D: xmalloc (xmalloc.c:45)
==619631==    by 0x405185D: xmemdup (xmalloc.c:314)
==619631==    by 0x405185D: xstrdup (xmalloc.c:339)
==619631==    by 0x402644F: assign_string (misc.c:58)
==619631==    by 0x40296A2: gid_to_gname (names.c:520)
==619631==    by 0x40155DB: start_header (create.c:936)
==619631==    by 0x4015798: dump_regular_file (create.c:1050)
==619631==    by 0x40165E2: dump_file0 (create.c:1773)
==619631==    by 0x4017589: dump_file (create.c:1968)
==619631==    by 0x4017589: create_archive (create.c:1412)
==619631==    by 0x400CD90: main (tar.c:2818)
==619631== 
==619631== 16 bytes in 1 blocks are still reachable in loss record 3 of 11
==619631==    at 0x48C4E43: calloc (vg_replace_malloc.c:1678)
==619631==    by 0x40516F1: xcalloc (xmalloc.c:298)
==619631==    by 0x40516F1: xzalloc (xmalloc.c:283)
==619631==    by 0x400BEF9: decode_options (tar.c:2297)
==619631==    by 0x400BEF9: main (tar.c:2792)
==619631== 
==619631== 17 bytes in 1 blocks are still reachable in loss record 4 of 11
==619631==    at 0x48BD858: malloc (vg_replace_malloc.c:447)
==619631==    by 0x405185D: xmalloc (xmalloc.c:45)
==619631==    by 0x405185D: xmemdup (xmalloc.c:314)
==619631==    by 0x405185D: xstrdup (xmalloc.c:339)
==619631==    by 0x402644F: assign_string (misc.c:58)
==619631==    by 0x401E7A6: xheader_xhdr_name (xheader.c:393)
==619631==    by 0x4014297: write_extended.part.0 (create.c:713)
==619631==    by 0x4014896: write_extended (create.c:699)
==619631==    by 0x4014896: finish_header (create.c:1024)
==619631==    by 0x40157AF: dump_regular_file (create.c:1058)
==619631==    by 0x40165E2: dump_file0 (create.c:1773)
==619631==    by 0x4017589: dump_file (create.c:1968)
==619631==    by 0x4017589: create_archive (create.c:1412)
==619631==    by 0x400CD90: main (tar.c:2818)
==619631== 
==619631== 31 bytes in 3 blocks are indirectly lost in loss record 5 of 11
==619631==    at 0x48BD858: malloc (vg_replace_malloc.c:447)
==619631==    by 0x40387DD: wsnode_quoteremoval (wordsplit.c:651)
==619631==    by 0x4039CFD: wordsplit_process_list (wordsplit.c:2390)
==619631==    by 0x403A562: wordsplit_run.constprop.0 (wordsplit.c:2434)
==619631==    by 0x400BFFA: parse_default_options (tar.c:2256)
==619631==    by 0x400BFFA: decode_options (tar.c:2378)
==619631==    by 0x400BFFA: main (tar.c:2792)
==619631== 
==619631== 31 bytes in 3 blocks are definitely lost in loss record 6 of 11
==619631==    at 0x48BD858: malloc (vg_replace_malloc.c:447)
==619631==    by 0x403A1FB: wordsplit_finish (wordsplit.c:836)
==619631==    by 0x400BFFA: parse_default_options (tar.c:2256)
==619631==    by 0x400BFFA: decode_options (tar.c:2378)
==619631==    by 0x400BFFA: main (tar.c:2792)
==619631== 
==619631== 80 bytes in 1 blocks are still reachable in loss record 7 of 11
==619631==    at 0x48BD858: malloc (vg_replace_malloc.c:447)
==619631==    by 0x40512CC: xmalloc (xmalloc.c:45)
==619631==    by 0x400BE43: main (tar.c:2781)
==619631== 
==619631== 102 bytes in 1 blocks are still reachable in loss record 8 of 11
==619631==    at 0x48BD858: malloc (vg_replace_malloc.c:447)
==619631==    by 0x40512CC: xmalloc (xmalloc.c:45)
==619631==    by 0x4029881: name_init (names.c:869)
==619631==    by 0x400C94C: main (tar.c:2794)
==619631== 
==619631== 151 (120 direct, 31 indirect) bytes in 3 blocks are definitely lost in loss record 9 of 11
==619631==    at 0x48C4E43: calloc (vg_replace_malloc.c:1678)
==619631==    by 0x403959D: wsnode_new (wordsplit.c:422)
==619631==    by 0x403959D: wordsplit_add_segm (wordsplit.c:523)
==619631==    by 0x4039854: scan_word (wordsplit.c:2062)
==619631==    by 0x4039C7C: wordsplit_process_list (wordsplit.c:2358)
==619631==    by 0x403A562: wordsplit_run.constprop.0 (wordsplit.c:2434)
==619631==    by 0x400BFFA: parse_default_options (tar.c:2256)
==619631==    by 0x400BFFA: decode_options (tar.c:2378)
==619631==    by 0x400BFFA: main (tar.c:2792)
==619631== 
==619631== 256 bytes in 1 blocks are still reachable in loss record 10 of 11
==619631==    at 0x48BD858: malloc (vg_replace_malloc.c:447)
==619631==    by 0x40512CC: xmalloc (xmalloc.c:45)
==619631==    by 0x401D274: xattr_encode_keyword (xheader.c:833)
==619631==    by 0x401D274: xheader_print_n (xheader.c:876)
==619631==    by 0x401D4FB: xheader_print (xheader.c:899)
==619631==    by 0x401D4FB: code_time (xheader.c:1043)
==619631==    by 0x401D4FB: mtime_coder (xheader.c:1232)
==619631==    by 0x401527F: start_header (create.c:852)
==619631==    by 0x4015798: dump_regular_file (create.c:1050)
==619631==    by 0x40165E2: dump_file0 (create.c:1773)
==619631==    by 0x4017589: dump_file (create.c:1968)
==619631==    by 0x4017589: create_archive (create.c:1412)
==619631==    by 0x400CD90: main (tar.c:2818)
==619631== 
==619631== 4,064 bytes in 1 blocks are still reachable in loss record 11 of 11
==619631==    at 0x48BD858: malloc (vg_replace_malloc.c:447)
==619631==    by 0x40512CC: xmalloc (xmalloc.c:45)
==619631==    by 0x404A07D: call_chunkfun (obstack.c:88)
==619631==    by 0x404A07D: _obstack_begin_worker.isra.0 (obstack.c:135)
==619631==    by 0x404A0A8: _obstack_begin (obstack.c:157)
==619631==    by 0x4032C57: _transform_name_to_obstack (transform.c:592)
==619631==    by 0x4032C57: transform_name_fp (transform.c:614)
==619631==    by 0x4016444: dump_file0 (create.c:1657)
==619631==    by 0x4017589: dump_file (create.c:1968)
==619631==    by 0x4017589: create_archive (create.c:1412)
==619631==    by 0x400CD90: main (tar.c:2818)
==619631== 
==619631== LEAK SUMMARY:
==619631==    definitely lost: 151 bytes in 6 blocks
==619631==    indirectly lost: 31 bytes in 3 blocks
==619631==      possibly lost: 0 bytes in 0 blocks
==619631==    still reachable: 4,545 bytes in 8 blocks
==619631==         suppressed: 0 bytes in 0 blocks
==619631== 
==619631== For lists of detected and suppressed errors, rerun with: -s
==619631== ERROR SUMMARY: 2 errors from 2 contexts (suppressed: 0 from 0)
