==619658== Memcheck, a memory error detector
==619658== Copyright (C) 2002-2024, and GNU GPL'd, by Julian Seward et al.
==619658== Using Valgrind-3.26.0 and LibVEX; rerun with -h for copyright info
==619658== Command: tar -xf archive.tar -C out
==619658== Parent PID: 619371
==619658== 
==619658== 
==619658== FILE DESCRIPTORS: 2 open (1 inherited) at exit.
==619658== Open file descriptor 4: out
==619658==    at 0x4A1AADA: openat (openat64.c:39)
==619658==    by 0x4027817: openat (fcntl2.h:175)
==619658==    by 0x4027817: chdir_do (misc.c:988)
==619658==    by 0x402A0C7: name_match (names.c:1330)
==619658==    by 0x4025622: read_and (list.c:196)
==619658==    by 0x400CD61: main (tar.c:2823)
==619658== 
==619658== 
==619658== HEAP SUMMARY:
==619658==     in use at exit: 4,659 bytes in 20 blocks
==619658==   total heap usage: 64 allocs, 44 frees, 57,181 bytes allocated
==619658== 
==619658== 1 bytes in 1 blocks are indirectly lost in loss record 1 of 14
==619658==    at 0x48BD858: malloc (vg_replace_malloc.c:447)
==619658==    by 0x405185D: xmalloc (xmalloc.c:45)
==619658==    by 0x405185D: xmemdup (xmalloc.c:314)
==619658==    by 0x405185D: xstrdup (xmalloc.c:339)
==619658==    by 0x402994B: make_name (names.c:599)
==619658==    by 0x402994B: addname (names.c:1233)
==619658==    by 0x4025436: read_and (list.c:174)
==619658==    by 0x400CD61: main (tar.c:2823)
==619658== 
==619658== 4 bytes in 1 blocks are still reachable in loss record 2 of 14
==619658==    at 0x48BD858: malloc (vg_replace_malloc.c:447)
==619658==    by 0x405185D: xmalloc (xmalloc.c:45)
==619658==    by 0x405185D: xmemdup (xmalloc.c:314)
==619658==    by 0x405185D: xstrdup (xmalloc.c:339)
==619658==    by 0x4029A2E: name_gather (names.c:1215)
==619658==    by 0x4025436: read_and (list.c:174)
==619658==    by 0x400CD61: main (tar.c:2823)
==619658== 
==619658== 5 bytes in 1 blocks are still reachable in loss record 3 of 14
==619658==    at 0x48BD858: malloc (vg_replace_malloc.c:447)
==619658==    by 0x405185D: xmalloc (xmalloc.c:45)
==619658==    by 0x405185D: xmemdup (xmalloc.c:314)
==619658==    by 0x405185D: xstrdup (xmalloc.c:339)
==619658==    by 0x402644F: assign_string (misc.c:58)
==619658==    by 0x402973C: uname_to_uid (names.c:550)
==619658==    by 0x402457F: decode_header (list.c:694)
==619658==    by 0x4025616: read_and (list.c:194)
==619658==    by 0x400CD61: main (tar.c:2823)
==619658== 
==619658== 5 bytes in 1 blocks are still reachable in loss record 4 of 14
==619658==    at 0x48BD858: malloc (vg_replace_malloc.c:447)
==619658==    by 0x405185D: xmalloc (xmalloc.c:45)
==619658==    by 0x405185D: xmemdup (xmalloc.c:314)
==619658==    by 0x405185D: xstrdup (xmalloc.c:339)
==619658==    by 0x402644F: assign_string (misc.c:58)
==619658==    by 0x40297DC: gname_to_gid (names.c:580)
==619658==    by 0x402455F: decode_header (list.c:699)
==619658==    by 0x4025616: read_and (list.c:194)
==619658==    by 0x400CD61: main (tar.c:2823)
==619658== 
==619658== 16 bytes in 1 blocks are still reachable in loss record 5 of 14
==619658==    at 0x48C4E43: calloc (vg_replace_malloc.c:1678)
==619658==    by 0x40516F1: xcalloc (xmalloc.c:298)
==619658==    by 0x40516F1: xzalloc (xmalloc.c:283)
==619658==    by 0x400BEF9: decode_options (tar.c:2297)
==619658==    by 0x400BEF9: main (tar.c:2792)
==619658== 
==619658== 31 bytes in 3 blocks are indirectly lost in loss record 6 of 14
==619658==    at 0x48BD858: malloc (vg_replace_malloc.c:447)
==619658==    by 0x40387DD: wsnode_quoteremoval (wordsplit.c:651)
==619658==    by 0x4039CFD: wordsplit_process_list (wordsplit.c:2390)
==619658==    by 0x403A562: wordsplit_run.constprop.0 (wordsplit.c:2434)
==619658==    by 0x400BFFA: parse_default_options (tar.c:2256)
==619658==    by 0x400BFFA: decode_options (tar.c:2378)
==619658==    by 0x400BFFA: main (tar.c:2792)
==619658== 
==619658== 31 bytes in 3 blocks are definitely lost in loss record 7 of 14
==619658==    at 0x48BD858: malloc (vg_replace_malloc.c:447)
==619658==    by 0x403A1FB: wordsplit_finish (wordsplit.c:836)
==619658==    by 0x400BFFA: parse_default_options (tar.c:2256)
==619658==    by 0x400BFFA: decode_options (tar.c:2378)
==619658==    by 0x400BFFA: main (tar.c:2792)
==619658== 
==619658== 48 bytes in 1 blocks are still reachable in loss record 8 of 14
==619658==    at 0x48C53C0: reallocarray (vg_replace_malloc.c:1806)
==619658==    by 0x40515C9: xreallocarray (xmalloc.c:84)
==619658==    by 0x40515C9: x2nrealloc (xmalloc.c:203)
==619658==    by 0x4027754: chdir_arg (misc.c:934)
==619658==    by 0x4029A36: name_gather (names.c:1215)
==619658==    by 0x4025436: read_and (list.c:174)
==619658==    by 0x400CD61: main (tar.c:2823)
==619658== 
==619658== 56 bytes in 1 blocks are definitely lost in loss record 9 of 14
==619658==    at 0x48BD858: malloc (vg_replace_malloc.c:447)
==619658==    by 0x40512CC: xmalloc (xmalloc.c:45)
==619658==    by 0x40283CE: name_elt_alloc (names.c:683)
==619658==    by 0x40289D8: name_add_dir (names.c:839)
==619658==    by 0x40289D8: names_parse_opt (names.c:192)
==619658==    by 0x404233D: group_parse (argp-parse.c:233)
==619658==    by 0x404233D: parser_parse_opt (argp-parse.c:736)
==619658==    by 0x404233D: parser_parse_next (argp-parse.c:859)
==619658==    by 0x404233D: argp_parse (argp-parse.c:927)
==619658==    by 0x400C045: decode_options (tar.c:2380)
==619658==    by 0x400C045: main (tar.c:2792)
==619658== 
==619658== 80 bytes in 1 blocks are still reachable in loss record 10 of 14
==619658==    at 0x48BD858: malloc (vg_replace_malloc.c:447)
==619658==    by 0x40512CC: xmalloc (xmalloc.c:45)
==619658==    by 0x400BE43: main (tar.c:2781)
==619658== 
==619658== 97 (96 direct, 1 indirect) bytes in 1 blocks are definitely lost in loss record 11 of 14
==619658==    at 0x48C4E43: calloc (vg_replace_malloc.c:1678)
==619658==    by 0x40516F1: xcalloc (xmalloc.c:298)
==619658==    by 0x40516F1: xzalloc (xmalloc.c:283)
==619658==    by 0x4029932: make_name (names.c:596)
==619658==    by 0x4029932: addname (names.c:1233)
==619658==    by 0x4025436: read_and (list.c:174)
==619658==    by 0x400CD61: main (tar.c:2823)
==619658== 
==619658== 102 bytes in 1 blocks are still reachable in loss record 12 of 14
==619658==    at 0x48BD858: malloc (vg_replace_malloc.c:447)
==619658==    by 0x40512CC: xmalloc (xmalloc.c:45)
==619658==    by 0x4029881: name_init (names.c:869)
==619658==    by 0x400C94C: main (tar.c:2794)
==619658== 
==619658== 151 (120 direct, 31 indirect) bytes in 3 blocks are definitely lost in loss record 13 of 14
==619658==    at 0x48C4E43: calloc (vg_replace_malloc.c:1678)
==619658==    by 0x403959D: wsnode_new (wordsplit.c:422)
==619658==    by 0x403959D: wordsplit_add_segm (wordsplit.c:523)
==619658==    by 0x4039854: scan_word (wordsplit.c:2062)
==619658==    by 0x4039C7C: wordsplit_process_list (wordsplit.c:2358)
==619658==    by 0x403A562: wordsplit_run.constprop.0 (wordsplit.c:2434)
==619658==    by 0x400BFFA: parse_default_options (tar.c:2256)
==619658==    by 0x400BFFA: decode_options (tar.c:2378)
==619658==    by 0x400BFFA: main (tar.c:2792)
==619658== 
==619658== 4,064 bytes in 1 blocks are still reachable in loss record 14 of 14
==619658==    at 0x48BD858: malloc (vg_replace_malloc.c:447)
==619658==    by 0x40512CC: xmalloc (xmalloc.c:45)
==619658==    by 0x404A07D: call_chunkfun (obstack.c:88)
==619658==    by 0x404A07D: _obstack_begin_worker.isra.0 (obstack.c:135)
==619658==    by 0x404A0A8: _obstack_begin (obstack.c:157)
==619658==    by 0x4032C57: _transform_name_to_obstack (transform.c:592)
==619658==    by 0x4032C57: transform_name_fp (transform.c:614)
==619658==    by 0x4023670: transform_member_name (list.c:114)
==619658==    by 0x4023670: transform_stat_info.part.0 (list.c:150)
==619658==    by 0x4025850: transform_stat_info (list.c:227)
==619658==    by 0x4025850: read_and (list.c:227)
==619658==    by 0x400CD61: main (tar.c:2823)
==619658== 
==619658== LEAK SUMMARY:
==619658==    definitely lost: 303 bytes in 8 blocks
==619658==    indirectly lost: 32 bytes in 4 blocks
==619658==      possibly lost: 0 bytes in 0 blocks
==619658==    still reachable: 4,324 bytes in 8 blocks
==619658==         suppressed: 0 bytes in 0 blocks
==619658== 
==619658== For lists of detected and suppressed errors, rerun with: -s
==619658== ERROR SUMMARY: 5 errors from 5 contexts (suppressed: 0 from 0)
