==718169== Memcheck, a memory error detector
==718169== Copyright (C) 2002-2024, and GNU GPL'd, by Julian Seward et al.
==718169== Using Valgrind-3.26.0 and LibVEX; rerun with -h for copyright info
==718169== Command: /tmp/rboxc-gawk-original-_8nteyde/deps/sort
==718169== Parent PID: 718166
==718169== 
==718169== 
==718169== FILE DESCRIPTORS: 0 open (0 inherited) at exit.
==718169== 
==718169== HEAP SUMMARY:
==718169==     in use at exit: 136 bytes in 2 blocks
==718169==   total heap usage: 25 allocs, 23 frees, 16,935,129 bytes allocated
==718169== 
==718169== 8 bytes in 1 blocks are definitely lost in loss record 1 of 2
==718169==    at 0x4BF0858: malloc (vg_replace_malloc.c:447)
==718169==    by 0x411BCFC: xmalloc (xmalloc.c:49)
==718169==    by 0x40AE346: single_binary_main_sort (sort.c:4928)
==718169==    by 0x401A532: launch_program (coreutils.c:126)
==718169==    by 0x4018E7A: main (coreutils.c:143)
==718169== 
==718169== 128 bytes in 1 blocks are still reachable in loss record 2 of 2
==718169==    at 0x4BF807F: realloc (vg_replace_malloc.c:1804)
==718169==    by 0x411BFA6: rpl_realloc (stdlib.h:2059)
==718169==    by 0x411BFA6: xrealloc (xmalloc.c:70)
==718169==    by 0x411BFA6: xpalloc (xmalloc.c:269)
==718169==    by 0x40A7BB6: add_temp_dir (sort.c:1347)
==718169==    by 0x40AE3AD: single_binary_main_sort (sort.c:4921)
==718169==    by 0x401A532: launch_program (coreutils.c:126)
==718169==    by 0x4018E7A: main (coreutils.c:143)
==718169== 
==718169== LEAK SUMMARY:
==718169==    definitely lost: 8 bytes in 1 blocks
==718169==    indirectly lost: 0 bytes in 0 blocks
==718169==      possibly lost: 0 bytes in 0 blocks
==718169==    still reachable: 128 bytes in 1 blocks
==718169==         suppressed: 0 bytes in 0 blocks
==718169== 
==718169== For lists of detected and suppressed errors, rerun with: -s
==718169== ERROR SUMMARY: 1 errors from 1 contexts (suppressed: 0 from 0)
