==618574== Memcheck, a memory error detector
==618574== Copyright (C) 2002-2024, and GNU GPL'd, by Julian Seward et al.
==618574== Using Valgrind-3.26.0 and LibVEX; rerun with -h for copyright info
==618574== Command: tar --version
==618574== Parent PID: 618489
==618574== 
==618574== 
==618574== FILE DESCRIPTORS: 4 open (4 inherited) at exit.
==618574== 
==618574== HEAP SUMMARY:
==618574==     in use at exit: 7,767 bytes in 3 blocks
==618574==   total heap usage: 15 allocs, 12 frees, 12,021 bytes allocated
==618574== 
==618574== 16 bytes in 1 blocks are still reachable in loss record 1 of 3
==618574==    at 0x48C4E43: calloc (vg_replace_malloc.c:1678)
==618574==    by 0x40516F1: xcalloc (xmalloc.c:298)
==618574==    by 0x40516F1: xzalloc (xmalloc.c:283)
==618574==    by 0x400BEF9: decode_options (tar.c:2297)
==618574==    by 0x400BEF9: main (tar.c:2792)
==618574== 
==618574== 80 bytes in 1 blocks are still reachable in loss record 2 of 3
==618574==    at 0x48BD858: malloc (vg_replace_malloc.c:447)
==618574==    by 0x40512CC: xmalloc (xmalloc.c:45)
==618574==    by 0x400BE43: main (tar.c:2781)
==618574== 
==618574== 7,671 bytes in 1 blocks are still reachable in loss record 3 of 3
==618574==    at 0x48BD858: malloc (vg_replace_malloc.c:447)
==618574==    by 0x4041854: parser_init (argp-parse.c:495)
==618574==    by 0x4041854: argp_parse (argp-parse.c:921)
==618574==    by 0x400C045: decode_options (tar.c:2380)
==618574==    by 0x400C045: main (tar.c:2792)
==618574== 
==618574== LEAK SUMMARY:
==618574==    definitely lost: 0 bytes in 0 blocks
==618574==    indirectly lost: 0 bytes in 0 blocks
==618574==      possibly lost: 0 bytes in 0 blocks
==618574==    still reachable: 7,767 bytes in 3 blocks
==618574==         suppressed: 0 bytes in 0 blocks
==618574== 
==618574== For lists of detected and suppressed errors, rerun with: -s
==618574== ERROR SUMMARY: 0 errors from 0 contexts (suppressed: 0 from 0)
