==706671== Memcheck, a memory error detector
==706671== Copyright (C) 2002-2024, and GNU GPL'd, by Julian Seward et al.
==706671== Using Valgrind-3.26.0 and LibVEX; rerun with -h for copyright info
==706671== Command: /tmp/rboxc-tar-behavior-lmqziih3/exec/tar --version
==706671== Parent PID: 705177
==706671== 
==706671== 
==706671== FILE DESCRIPTORS: 3 open (2 inherited) at exit.
==706671== Open file descriptor 2: /dev/null
==706671==    at 0x4A1A9E6: open (open64.c:41)
==706671==    by 0x4050546: open (fcntl2.h:59)
==706671==    by 0x4050546: stdopen (stdopen.c:52)
==706671==    by 0x400BE26: main (tar.c:2773)
==706671== 
==706671== 
==706671== HEAP SUMMARY:
==706671==     in use at exit: 7,767 bytes in 3 blocks
==706671==   total heap usage: 15 allocs, 12 frees, 12,021 bytes allocated
==706671== 
==706671== 16 bytes in 1 blocks are still reachable in loss record 1 of 3
==706671==    at 0x48C4E43: calloc (vg_replace_malloc.c:1678)
==706671==    by 0x40516F1: xcalloc (xmalloc.c:298)
==706671==    by 0x40516F1: xzalloc (xmalloc.c:283)
==706671==    by 0x400BEF9: decode_options (tar.c:2297)
==706671==    by 0x400BEF9: main (tar.c:2792)
==706671== 
==706671== 80 bytes in 1 blocks are still reachable in loss record 2 of 3
==706671==    at 0x48BD858: malloc (vg_replace_malloc.c:447)
==706671==    by 0x40512CC: xmalloc (xmalloc.c:45)
==706671==    by 0x400BE43: main (tar.c:2781)
==706671== 
==706671== 7,671 bytes in 1 blocks are still reachable in loss record 3 of 3
==706671==    at 0x48BD858: malloc (vg_replace_malloc.c:447)
==706671==    by 0x4041854: parser_init (argp-parse.c:495)
==706671==    by 0x4041854: argp_parse (argp-parse.c:921)
==706671==    by 0x400C045: decode_options (tar.c:2380)
==706671==    by 0x400C045: main (tar.c:2792)
==706671== 
==706671== LEAK SUMMARY:
==706671==    definitely lost: 0 bytes in 0 blocks
==706671==    indirectly lost: 0 bytes in 0 blocks
==706671==      possibly lost: 0 bytes in 0 blocks
==706671==    still reachable: 7,767 bytes in 3 blocks
==706671==         suppressed: 0 bytes in 0 blocks
==706671== 
==706671== For lists of detected and suppressed errors, rerun with: -s
==706671== ERROR SUMMARY: 1 errors from 1 contexts (suppressed: 0 from 0)
