==700958== Memcheck, a memory error detector
==700958== Copyright (C) 2002-2024, and GNU GPL'd, by Julian Seward et al.
==700958== Using Valgrind-3.26.0 and LibVEX; rerun with -h for copyright info
==700958== Command: tar --use-compress-program false -cf a.tar .
==700958== Parent PID: 700956
==700958== 
==700958== 
==700958== FILE DESCRIPTORS: 3 open (3 inherited) at exit.
==700958== 
==700958== HEAP SUMMARY:
==700958==     in use at exit: 18,913 bytes in 10 blocks
==700958==   total heap usage: 93 allocs, 83 frees, 102,246 bytes allocated
==700958== 
==700958== 5 bytes in 1 blocks are still reachable in loss record 1 of 10
==700958==    at 0x586E858: malloc (vg_replace_malloc.c:447)
==700958==    by 0x469E7ED: rboxc_tar_xstrdup (in /root/rboxc/target/tar-child-input-candidate/release/rboxc)
==700958==    by 0x467004F: rboxc_tar_assign_string (in /root/rboxc/target/tar-child-input-candidate/release/rboxc)
==700958==    by 0x4673332: rboxc_tar_uid_to_uname (in /root/rboxc/target/tar-child-input-candidate/release/rboxc)
==700958==    by 0x4662553: rboxc_tar_start_header (in /root/rboxc/target/tar-child-input-candidate/release/rboxc)
==700958==    by 0x4663759: dump_file0 (in /root/rboxc/target/tar-child-input-candidate/release/rboxc)
==700958==    by 0x46644E9: rboxc_tar_create_archive (in /root/rboxc/target/tar-child-input-candidate/release/rboxc)
==700958==    by 0x440EEF8: single_binary_main_tar (in /root/rboxc/target/tar-child-input-candidate/release/rboxc)
==700958==    by 0x5A18600: (below main) (libc_start_call_main.h:59)
==700958== 
==700958== 5 bytes in 1 blocks are still reachable in loss record 2 of 10
==700958==    at 0x586E858: malloc (vg_replace_malloc.c:447)
==700958==    by 0x469E7ED: rboxc_tar_xstrdup (in /root/rboxc/target/tar-child-input-candidate/release/rboxc)
==700958==    by 0x467004F: rboxc_tar_assign_string (in /root/rboxc/target/tar-child-input-candidate/release/rboxc)
==700958==    by 0x46733C2: rboxc_tar_gid_to_gname (in /root/rboxc/target/tar-child-input-candidate/release/rboxc)
==700958==    by 0x466253B: rboxc_tar_start_header (in /root/rboxc/target/tar-child-input-candidate/release/rboxc)
==700958==    by 0x4663759: dump_file0 (in /root/rboxc/target/tar-child-input-candidate/release/rboxc)
==700958==    by 0x46644E9: rboxc_tar_create_archive (in /root/rboxc/target/tar-child-input-candidate/release/rboxc)
==700958==    by 0x440EEF8: single_binary_main_tar (in /root/rboxc/target/tar-child-input-candidate/release/rboxc)
==700958==    by 0x5A18600: (below main) (libc_start_call_main.h:59)
==700958== 
==700958== 16 bytes in 1 blocks are still reachable in loss record 3 of 10
==700958==    at 0x5875E43: calloc (vg_replace_malloc.c:1678)
==700958==    by 0x469E681: rboxc_tar_xzalloc (in /root/rboxc/target/tar-child-input-candidate/release/rboxc)
==700958==    by 0x440DEF5: single_binary_main_tar (in /root/rboxc/target/tar-child-input-candidate/release/rboxc)
==700958==    by 0x5A18600: (below main) (libc_start_call_main.h:59)
==700958== 
==700958== 17 bytes in 1 blocks are still reachable in loss record 4 of 10
==700958==    at 0x586E858: malloc (vg_replace_malloc.c:447)
==700958==    by 0x469E7ED: rboxc_tar_xstrdup (in /root/rboxc/target/tar-child-input-candidate/release/rboxc)
==700958==    by 0x467004F: rboxc_tar_assign_string (in /root/rboxc/target/tar-child-input-candidate/release/rboxc)
==700958==    by 0x467F186: rboxc_tar_xheader_xhdr_name (in /root/rboxc/target/tar-child-input-candidate/release/rboxc)
==700958==    by 0x46611F7: write_extended.part.0 (in /root/rboxc/target/tar-child-input-candidate/release/rboxc)
==700958==    by 0x46617F6: rboxc_tar_finish_header (in /root/rboxc/target/tar-child-input-candidate/release/rboxc)
==700958==    by 0x4663BBE: dump_file0 (in /root/rboxc/target/tar-child-input-candidate/release/rboxc)
==700958==    by 0x46644E9: rboxc_tar_create_archive (in /root/rboxc/target/tar-child-input-candidate/release/rboxc)
==700958==    by 0x440EEF8: single_binary_main_tar (in /root/rboxc/target/tar-child-input-candidate/release/rboxc)
==700958==    by 0x5A18600: (below main) (libc_start_call_main.h:59)
==700958== 
==700958== 32 bytes in 1 blocks are still reachable in loss record 5 of 10
==700958==    at 0x586E858: malloc (vg_replace_malloc.c:447)
==700958==    by 0x469E25C: rboxc_tar_xmalloc (in /root/rboxc/target/tar-child-input-candidate/release/rboxc)
==700958==    by 0x4404C80: rboxc::applet_tar::set_use_compress_program_option (in /root/rboxc/target/tar-child-input-candidate/release/rboxc)
==700958==    by 0x44057EF: rboxc::applet_tar::parse_opt (in /root/rboxc/target/tar-child-input-candidate/release/rboxc)
==700958==    by 0x468D243: rboxc_tar_argp_parse (in /root/rboxc/target/tar-child-input-candidate/release/rboxc)
==700958==    by 0x440E425: single_binary_main_tar (in /root/rboxc/target/tar-child-input-candidate/release/rboxc)
==700958==    by 0x5A18600: (below main) (libc_start_call_main.h:59)
==700958== 
==700958== 80 bytes in 1 blocks are still reachable in loss record 6 of 10
==700958==    at 0x586E858: malloc (vg_replace_malloc.c:447)
==700958==    by 0x469E25C: rboxc_tar_xmalloc (in /root/rboxc/target/tar-child-input-candidate/release/rboxc)
==700958==    by 0x440DE00: single_binary_main_tar (in /root/rboxc/target/tar-child-input-candidate/release/rboxc)
==700958==    by 0x5A18600: (below main) (libc_start_call_main.h:59)
==700958== 
==700958== 102 bytes in 1 blocks are still reachable in loss record 7 of 10
==700958==    at 0x586E858: malloc (vg_replace_malloc.c:447)
==700958==    by 0x469E25C: rboxc_tar_xmalloc (in /root/rboxc/target/tar-child-input-candidate/release/rboxc)
==700958==    by 0x46735A1: rboxc_tar_name_init (in /root/rboxc/target/tar-child-input-candidate/release/rboxc)
==700958==    by 0x440EE7A: single_binary_main_tar (in /root/rboxc/target/tar-child-input-candidate/release/rboxc)
==700958==    by 0x5A18600: (below main) (libc_start_call_main.h:59)
==700958== 
==700958== 256 bytes in 1 blocks are still reachable in loss record 8 of 10
==700958==    at 0x586E858: malloc (vg_replace_malloc.c:447)
==700958==    by 0x469E25C: rboxc_tar_xmalloc (in /root/rboxc/target/tar-child-input-candidate/release/rboxc)
==700958==    by 0x467DC54: xheader_print_n (in /root/rboxc/target/tar-child-input-candidate/release/rboxc)
==700958==    by 0x467DEDB: mtime_coder (in /root/rboxc/target/tar-child-input-candidate/release/rboxc)
==700958==    by 0x46621DF: rboxc_tar_start_header (in /root/rboxc/target/tar-child-input-candidate/release/rboxc)
==700958==    by 0x4663759: dump_file0 (in /root/rboxc/target/tar-child-input-candidate/release/rboxc)
==700958==    by 0x46644E9: rboxc_tar_create_archive (in /root/rboxc/target/tar-child-input-candidate/release/rboxc)
==700958==    by 0x440EEF8: single_binary_main_tar (in /root/rboxc/target/tar-child-input-candidate/release/rboxc)
==700958==    by 0x5A18600: (below main) (libc_start_call_main.h:59)
==700958== 
==700958== 4,064 bytes in 1 blocks are still reachable in loss record 9 of 10
==700958==    at 0x586E858: malloc (vg_replace_malloc.c:447)
==700958==    by 0x469E25C: rboxc_tar_xmalloc (in /root/rboxc/target/tar-child-input-candidate/release/rboxc)
==700958==    by 0x469617D: _obstack_begin_worker.isra.0 (in /root/rboxc/target/tar-child-input-candidate/release/rboxc)
==700958==    by 0x46961A8: rboxc_tar__obstack_begin (in /root/rboxc/target/tar-child-input-candidate/release/rboxc)
==700958==    by 0x4679E77: rboxc_tar_transform_name_fp (in /root/rboxc/target/tar-child-input-candidate/release/rboxc)
==700958==    by 0x46633A4: dump_file0 (in /root/rboxc/target/tar-child-input-candidate/release/rboxc)
==700958==    by 0x46644E9: rboxc_tar_create_archive (in /root/rboxc/target/tar-child-input-candidate/release/rboxc)
==700958==    by 0x440EEF8: single_binary_main_tar (in /root/rboxc/target/tar-child-input-candidate/release/rboxc)
==700958==    by 0x5A18600: (below main) (libc_start_call_main.h:59)
==700958== 
==700958== 14,336 bytes in 1 blocks are still reachable in loss record 10 of 10
==700958==    at 0x586E858: malloc (vg_replace_malloc.c:447)
==700958==    by 0x469E25C: rboxc_tar_xmalloc (in /root/rboxc/target/tar-child-input-candidate/release/rboxc)
==700958==    by 0x4671852: rboxc_tar_page_aligned_alloc (in /root/rboxc/target/tar-child-input-candidate/release/rboxc)
==700958==    by 0x465A303: init_buffer (in /root/rboxc/target/tar-child-input-candidate/release/rboxc)
==700958==    by 0x465D9FF: rboxc_tar_open_archive (in /root/rboxc/target/tar-child-input-candidate/release/rboxc)
==700958==    by 0x466443E: rboxc_tar_create_archive (in /root/rboxc/target/tar-child-input-candidate/release/rboxc)
==700958==    by 0x440EEF8: single_binary_main_tar (in /root/rboxc/target/tar-child-input-candidate/release/rboxc)
==700958==    by 0x5A18600: (below main) (libc_start_call_main.h:59)
==700958== 
==700958== LEAK SUMMARY:
==700958==    definitely lost: 0 bytes in 0 blocks
==700958==    indirectly lost: 0 bytes in 0 blocks
==700958==      possibly lost: 0 bytes in 0 blocks
==700958==    still reachable: 18,913 bytes in 10 blocks
==700958==         suppressed: 0 bytes in 0 blocks
==700958== 
==700958== For lists of detected and suppressed errors, rerun with: -s
==700958== ERROR SUMMARY: 0 errors from 0 contexts (suppressed: 0 from 0)
