==706659== Memcheck, a memory error detector
==706659== Copyright (C) 2002-2024, and GNU GPL'd, by Julian Seward et al.
==706659== Using Valgrind-3.26.0 and LibVEX; rerun with -h for copyright info
==706659== Command: /tmp/rboxc-tar-behavior-zaj40yry/exec/tar -tf -
==706659== Parent PID: 705177
==706659== 
==706659== 
==706659== FILE DESCRIPTORS: 2 open (2 inherited) at exit.
==706659== 
==706659== HEAP SUMMARY:
==706659==     in use at exit: 14,534 bytes in 4 blocks
==706659==   total heap usage: 18 allocs, 14 frees, 22,385 bytes allocated
==706659== 
==706659== 16 bytes in 1 blocks are still reachable in loss record 1 of 4
==706659==    at 0x5875E43: calloc (vg_replace_malloc.c:1678)
==706659==    by 0x469E681: rboxc_tar_xzalloc (in /root/rboxc/target/tar-child-input-candidate/release/rboxc)
==706659==    by 0x440DEF5: single_binary_main_tar (in /root/rboxc/target/tar-child-input-candidate/release/rboxc)
==706659==    by 0x5A18600: (below main) (libc_start_call_main.h:59)
==706659== 
==706659== 80 bytes in 1 blocks are still reachable in loss record 2 of 4
==706659==    at 0x586E858: malloc (vg_replace_malloc.c:447)
==706659==    by 0x469E25C: rboxc_tar_xmalloc (in /root/rboxc/target/tar-child-input-candidate/release/rboxc)
==706659==    by 0x440DE00: single_binary_main_tar (in /root/rboxc/target/tar-child-input-candidate/release/rboxc)
==706659==    by 0x5A18600: (below main) (libc_start_call_main.h:59)
==706659== 
==706659== 102 bytes in 1 blocks are still reachable in loss record 3 of 4
==706659==    at 0x586E858: malloc (vg_replace_malloc.c:447)
==706659==    by 0x469E25C: rboxc_tar_xmalloc (in /root/rboxc/target/tar-child-input-candidate/release/rboxc)
==706659==    by 0x46735A1: rboxc_tar_name_init (in /root/rboxc/target/tar-child-input-candidate/release/rboxc)
==706659==    by 0x440EE7A: single_binary_main_tar (in /root/rboxc/target/tar-child-input-candidate/release/rboxc)
==706659==    by 0x5A18600: (below main) (libc_start_call_main.h:59)
==706659== 
==706659== 14,336 bytes in 1 blocks are still reachable in loss record 4 of 4
==706659==    at 0x586E858: malloc (vg_replace_malloc.c:447)
==706659==    by 0x469E25C: rboxc_tar_xmalloc (in /root/rboxc/target/tar-child-input-candidate/release/rboxc)
==706659==    by 0x4671852: rboxc_tar_page_aligned_alloc (in /root/rboxc/target/tar-child-input-candidate/release/rboxc)
==706659==    by 0x465A303: init_buffer (in /root/rboxc/target/tar-child-input-candidate/release/rboxc)
==706659==    by 0x465D9FF: rboxc_tar_open_archive (in /root/rboxc/target/tar-child-input-candidate/release/rboxc)
==706659==    by 0x466EF7F: rboxc_tar_read_and (in /root/rboxc/target/tar-child-input-candidate/release/rboxc)
==706659==    by 0x440EF39: single_binary_main_tar (in /root/rboxc/target/tar-child-input-candidate/release/rboxc)
==706659==    by 0x5A18600: (below main) (libc_start_call_main.h:59)
==706659== 
==706659== LEAK SUMMARY:
==706659==    definitely lost: 0 bytes in 0 blocks
==706659==    indirectly lost: 0 bytes in 0 blocks
==706659==      possibly lost: 0 bytes in 0 blocks
==706659==    still reachable: 14,534 bytes in 4 blocks
==706659==         suppressed: 0 bytes in 0 blocks
==706659== 
==706659== For lists of detected and suppressed errors, rerun with: -s
==706659== ERROR SUMMARY: 0 errors from 0 contexts (suppressed: 0 from 0)
