==676178== Memcheck, a memory error detector
==676178== Copyright (C) 2002-2024, and GNU GPL'd, by Julian Seward et al.
==676178== Using Valgrind-3.26.0 and LibVEX; rerun with -h for copyright info
==676178== Command: tar cfz archive file1
==676178== Parent PID: 676163
==676178== 
==676178== 
==676178== FILE DESCRIPTORS: 1 open (1 inherited) at exit.
==676178== 
==676178== HEAP SUMMARY:
==676178==     in use at exit: 4,467 bytes in 17 blocks
==676178==   total heap usage: 63 allocs, 46 frees, 56,460 bytes allocated
==676178== 
==676178== 5 bytes in 1 blocks are still reachable in loss record 1 of 12
==676178==    at 0x48BD858: malloc (vg_replace_malloc.c:447)
==676178==    by 0x405185D: xmalloc (xmalloc.c:45)
==676178==    by 0x405185D: xmemdup (xmalloc.c:314)
==676178==    by 0x405185D: xstrdup (xmalloc.c:339)
==676178==    by 0x402644F: assign_string (misc.c:58)
==676178==    by 0x4029612: uid_to_uname (names.c:490)
==676178==    by 0x40155F3: start_header (create.c:931)
==676178==    by 0x4015798: dump_regular_file (create.c:1050)
==676178==    by 0x40165E2: dump_file0 (create.c:1773)
==676178==    by 0x4017589: dump_file (create.c:1968)
==676178==    by 0x4017589: create_archive (create.c:1412)
==676178==    by 0x400CD90: main (tar.c:2818)
==676178== 
==676178== 5 bytes in 1 blocks are still reachable in loss record 2 of 12
==676178==    at 0x48BD858: malloc (vg_replace_malloc.c:447)
==676178==    by 0x405185D: xmalloc (xmalloc.c:45)
==676178==    by 0x405185D: xmemdup (xmalloc.c:314)
==676178==    by 0x405185D: xstrdup (xmalloc.c:339)
==676178==    by 0x402644F: assign_string (misc.c:58)
==676178==    by 0x40296A2: gid_to_gname (names.c:520)
==676178==    by 0x40155DB: start_header (create.c:936)
==676178==    by 0x4015798: dump_regular_file (create.c:1050)
==676178==    by 0x40165E2: dump_file0 (create.c:1773)
==676178==    by 0x4017589: dump_file (create.c:1968)
==676178==    by 0x4017589: create_archive (create.c:1412)
==676178==    by 0x400CD90: main (tar.c:2818)
==676178== 
==676178== 9 bytes in 2 blocks are indirectly lost in loss record 3 of 12
==676178==    at 0x48BD858: malloc (vg_replace_malloc.c:447)
==676178==    by 0x40387DD: wsnode_quoteremoval (wordsplit.c:651)
==676178==    by 0x4039CFD: wordsplit_process_list (wordsplit.c:2390)
==676178==    by 0x403A562: wordsplit_run.constprop.0 (wordsplit.c:2434)
==676178==    by 0x400BFFA: parse_default_options (tar.c:2256)
==676178==    by 0x400BFFA: decode_options (tar.c:2378)
==676178==    by 0x400BFFA: main (tar.c:2792)
==676178== 
==676178== 9 bytes in 3 blocks are indirectly lost in loss record 4 of 12
==676178==    at 0x48BD858: malloc (vg_replace_malloc.c:447)
==676178==    by 0x405185D: xmalloc (xmalloc.c:45)
==676178==    by 0x405185D: xmemdup (xmalloc.c:314)
==676178==    by 0x405185D: xstrdup (xmalloc.c:339)
==676178==    by 0x400C4F1: decode_options (tar.c:2353)
==676178==    by 0x400C4F1: main (tar.c:2792)
==676178== 
==676178== 9 bytes in 2 blocks are definitely lost in loss record 5 of 12
==676178==    at 0x48BD858: malloc (vg_replace_malloc.c:447)
==676178==    by 0x403A1FB: wordsplit_finish (wordsplit.c:836)
==676178==    by 0x400BFFA: parse_default_options (tar.c:2256)
==676178==    by 0x400BFFA: decode_options (tar.c:2378)
==676178==    by 0x400BFFA: main (tar.c:2792)
==676178== 
==676178== 16 bytes in 1 blocks are still reachable in loss record 6 of 12
==676178==    at 0x48C4E43: calloc (vg_replace_malloc.c:1678)
==676178==    by 0x40516F1: xcalloc (xmalloc.c:298)
==676178==    by 0x40516F1: xzalloc (xmalloc.c:283)
==676178==    by 0x400BEF9: decode_options (tar.c:2297)
==676178==    by 0x400BEF9: main (tar.c:2792)
==676178== 
==676178== 32 bytes in 1 blocks are still reachable in loss record 7 of 12
==676178==    at 0x48BD858: malloc (vg_replace_malloc.c:447)
==676178==    by 0x40512CC: xmalloc (xmalloc.c:45)
==676178==    by 0x402F07B: optloc_save (tar.c:926)
==676178==    by 0x402FFB0: set_use_compress_program_option (tar.c:985)
==676178==    by 0x4030B0E: parse_opt (tar.c:1777)
==676178==    by 0x404233D: group_parse (argp-parse.c:233)
==676178==    by 0x404233D: parser_parse_opt (argp-parse.c:736)
==676178==    by 0x404233D: parser_parse_next (argp-parse.c:859)
==676178==    by 0x404233D: argp_parse (argp-parse.c:927)
==676178==    by 0x400C045: decode_options (tar.c:2380)
==676178==    by 0x400C045: main (tar.c:2792)
==676178== 
==676178== 65 (56 direct, 9 indirect) bytes in 1 blocks are definitely lost in loss record 8 of 12
==676178==    at 0x48BD858: malloc (vg_replace_malloc.c:447)
==676178==    by 0x40512CC: xmalloc (xmalloc.c:45)
==676178==    by 0x400C46E: decode_options (tar.c:2340)
==676178==    by 0x400C46E: main (tar.c:2792)
==676178== 
==676178== 80 bytes in 1 blocks are still reachable in loss record 9 of 12
==676178==    at 0x48BD858: malloc (vg_replace_malloc.c:447)
==676178==    by 0x40512CC: xmalloc (xmalloc.c:45)
==676178==    by 0x400BE43: main (tar.c:2781)
==676178== 
==676178== 89 (80 direct, 9 indirect) bytes in 2 blocks are definitely lost in loss record 10 of 12
==676178==    at 0x48C4E43: calloc (vg_replace_malloc.c:1678)
==676178==    by 0x403959D: wsnode_new (wordsplit.c:422)
==676178==    by 0x403959D: wordsplit_add_segm (wordsplit.c:523)
==676178==    by 0x4039854: scan_word (wordsplit.c:2062)
==676178==    by 0x4039C7C: wordsplit_process_list (wordsplit.c:2358)
==676178==    by 0x403A562: wordsplit_run.constprop.0 (wordsplit.c:2434)
==676178==    by 0x400BFFA: parse_default_options (tar.c:2256)
==676178==    by 0x400BFFA: decode_options (tar.c:2378)
==676178==    by 0x400BFFA: main (tar.c:2792)
==676178== 
==676178== 102 bytes in 1 blocks are still reachable in loss record 11 of 12
==676178==    at 0x48BD858: malloc (vg_replace_malloc.c:447)
==676178==    by 0x40512CC: xmalloc (xmalloc.c:45)
==676178==    by 0x4029881: name_init (names.c:869)
==676178==    by 0x400C94C: main (tar.c:2794)
==676178== 
==676178== 4,064 bytes in 1 blocks are still reachable in loss record 12 of 12
==676178==    at 0x48BD858: malloc (vg_replace_malloc.c:447)
==676178==    by 0x40512CC: xmalloc (xmalloc.c:45)
==676178==    by 0x404A07D: call_chunkfun (obstack.c:88)
==676178==    by 0x404A07D: _obstack_begin_worker.isra.0 (obstack.c:135)
==676178==    by 0x404A0A8: _obstack_begin (obstack.c:157)
==676178==    by 0x4032C57: _transform_name_to_obstack (transform.c:592)
==676178==    by 0x4032C57: transform_name_fp (transform.c:614)
==676178==    by 0x4016444: dump_file0 (create.c:1657)
==676178==    by 0x4017589: dump_file (create.c:1968)
==676178==    by 0x4017589: create_archive (create.c:1412)
==676178==    by 0x400CD90: main (tar.c:2818)
==676178== 
==676178== LEAK SUMMARY:
==676178==    definitely lost: 145 bytes in 5 blocks
==676178==    indirectly lost: 18 bytes in 5 blocks
==676178==      possibly lost: 0 bytes in 0 blocks
==676178==    still reachable: 4,304 bytes in 7 blocks
==676178==         suppressed: 0 bytes in 0 blocks
==676178== 
==676178== For lists of detected and suppressed errors, rerun with: -s
==676178== ERROR SUMMARY: 3 errors from 3 contexts (suppressed: 0 from 0)
