==677071== Memcheck, a memory error detector
==677071== Copyright (C) 2002-2024, and GNU GPL'd, by Julian Seward et al.
==677071== Using Valgrind-3.26.0 and LibVEX; rerun with -h for copyright info
==677071== Command: tar cfz archive file1
==677071== Parent PID: 677058
==677071== 
==677071== 
==677071== FILE DESCRIPTORS: 1 open (1 inherited) at exit.
==677071== 
==677071== HEAP SUMMARY:
==677071==     in use at exit: 4,740 bytes in 19 blocks
==677071==   total heap usage: 69 allocs, 50 frees, 60,906 bytes allocated
==677071== 
==677071== 5 bytes in 1 blocks are still reachable in loss record 1 of 14
==677071==    at 0x48BD858: malloc (vg_replace_malloc.c:447)
==677071==    by 0x405185D: xmalloc (xmalloc.c:45)
==677071==    by 0x405185D: xmemdup (xmalloc.c:314)
==677071==    by 0x405185D: xstrdup (xmalloc.c:339)
==677071==    by 0x402644F: assign_string (misc.c:58)
==677071==    by 0x4029612: uid_to_uname (names.c:490)
==677071==    by 0x40155F3: start_header (create.c:931)
==677071==    by 0x4015798: dump_regular_file (create.c:1050)
==677071==    by 0x40165E2: dump_file0 (create.c:1773)
==677071==    by 0x4017589: dump_file (create.c:1968)
==677071==    by 0x4017589: create_archive (create.c:1412)
==677071==    by 0x400CD90: main (tar.c:2818)
==677071== 
==677071== 5 bytes in 1 blocks are still reachable in loss record 2 of 14
==677071==    at 0x48BD858: malloc (vg_replace_malloc.c:447)
==677071==    by 0x405185D: xmalloc (xmalloc.c:45)
==677071==    by 0x405185D: xmemdup (xmalloc.c:314)
==677071==    by 0x405185D: xstrdup (xmalloc.c:339)
==677071==    by 0x402644F: assign_string (misc.c:58)
==677071==    by 0x40296A2: gid_to_gname (names.c:520)
==677071==    by 0x40155DB: start_header (create.c:936)
==677071==    by 0x4015798: dump_regular_file (create.c:1050)
==677071==    by 0x40165E2: dump_file0 (create.c:1773)
==677071==    by 0x4017589: dump_file (create.c:1968)
==677071==    by 0x4017589: create_archive (create.c:1412)
==677071==    by 0x400CD90: main (tar.c:2818)
==677071== 
==677071== 9 bytes in 2 blocks are indirectly lost in loss record 3 of 14
==677071==    at 0x48BD858: malloc (vg_replace_malloc.c:447)
==677071==    by 0x40387DD: wsnode_quoteremoval (wordsplit.c:651)
==677071==    by 0x4039CFD: wordsplit_process_list (wordsplit.c:2390)
==677071==    by 0x403A562: wordsplit_run.constprop.0 (wordsplit.c:2434)
==677071==    by 0x400BFFA: parse_default_options (tar.c:2256)
==677071==    by 0x400BFFA: decode_options (tar.c:2378)
==677071==    by 0x400BFFA: main (tar.c:2792)
==677071== 
==677071== 9 bytes in 3 blocks are indirectly lost in loss record 4 of 14
==677071==    at 0x48BD858: malloc (vg_replace_malloc.c:447)
==677071==    by 0x405185D: xmalloc (xmalloc.c:45)
==677071==    by 0x405185D: xmemdup (xmalloc.c:314)
==677071==    by 0x405185D: xstrdup (xmalloc.c:339)
==677071==    by 0x400C4F1: decode_options (tar.c:2353)
==677071==    by 0x400C4F1: main (tar.c:2792)
==677071== 
==677071== 9 bytes in 2 blocks are definitely lost in loss record 5 of 14
==677071==    at 0x48BD858: malloc (vg_replace_malloc.c:447)
==677071==    by 0x403A1FB: wordsplit_finish (wordsplit.c:836)
==677071==    by 0x400BFFA: parse_default_options (tar.c:2256)
==677071==    by 0x400BFFA: decode_options (tar.c:2378)
==677071==    by 0x400BFFA: main (tar.c:2792)
==677071== 
==677071== 16 bytes in 1 blocks are still reachable in loss record 6 of 14
==677071==    at 0x48C4E43: calloc (vg_replace_malloc.c:1678)
==677071==    by 0x40516F1: xcalloc (xmalloc.c:298)
==677071==    by 0x40516F1: xzalloc (xmalloc.c:283)
==677071==    by 0x400BEF9: decode_options (tar.c:2297)
==677071==    by 0x400BEF9: main (tar.c:2792)
==677071== 
==677071== 17 bytes in 1 blocks are still reachable in loss record 7 of 14
==677071==    at 0x48BD858: malloc (vg_replace_malloc.c:447)
==677071==    by 0x405185D: xmalloc (xmalloc.c:45)
==677071==    by 0x405185D: xmemdup (xmalloc.c:314)
==677071==    by 0x405185D: xstrdup (xmalloc.c:339)
==677071==    by 0x402644F: assign_string (misc.c:58)
==677071==    by 0x401E7A6: xheader_xhdr_name (xheader.c:393)
==677071==    by 0x4014297: write_extended.part.0 (create.c:713)
==677071==    by 0x4014896: write_extended (create.c:699)
==677071==    by 0x4014896: finish_header (create.c:1024)
==677071==    by 0x40157AF: dump_regular_file (create.c:1058)
==677071==    by 0x40165E2: dump_file0 (create.c:1773)
==677071==    by 0x4017589: dump_file (create.c:1968)
==677071==    by 0x4017589: create_archive (create.c:1412)
==677071==    by 0x400CD90: main (tar.c:2818)
==677071== 
==677071== 32 bytes in 1 blocks are still reachable in loss record 8 of 14
==677071==    at 0x48BD858: malloc (vg_replace_malloc.c:447)
==677071==    by 0x40512CC: xmalloc (xmalloc.c:45)
==677071==    by 0x402F07B: optloc_save (tar.c:926)
==677071==    by 0x402FFB0: set_use_compress_program_option (tar.c:985)
==677071==    by 0x4030B0E: parse_opt (tar.c:1777)
==677071==    by 0x404233D: group_parse (argp-parse.c:233)
==677071==    by 0x404233D: parser_parse_opt (argp-parse.c:736)
==677071==    by 0x404233D: parser_parse_next (argp-parse.c:859)
==677071==    by 0x404233D: argp_parse (argp-parse.c:927)
==677071==    by 0x400C045: decode_options (tar.c:2380)
==677071==    by 0x400C045: main (tar.c:2792)
==677071== 
==677071== 65 (56 direct, 9 indirect) bytes in 1 blocks are definitely lost in loss record 9 of 14
==677071==    at 0x48BD858: malloc (vg_replace_malloc.c:447)
==677071==    by 0x40512CC: xmalloc (xmalloc.c:45)
==677071==    by 0x400C46E: decode_options (tar.c:2340)
==677071==    by 0x400C46E: main (tar.c:2792)
==677071== 
==677071== 80 bytes in 1 blocks are still reachable in loss record 10 of 14
==677071==    at 0x48BD858: malloc (vg_replace_malloc.c:447)
==677071==    by 0x40512CC: xmalloc (xmalloc.c:45)
==677071==    by 0x400BE43: main (tar.c:2781)
==677071== 
==677071== 89 (80 direct, 9 indirect) bytes in 2 blocks are definitely lost in loss record 11 of 14
==677071==    at 0x48C4E43: calloc (vg_replace_malloc.c:1678)
==677071==    by 0x403959D: wsnode_new (wordsplit.c:422)
==677071==    by 0x403959D: wordsplit_add_segm (wordsplit.c:523)
==677071==    by 0x4039854: scan_word (wordsplit.c:2062)
==677071==    by 0x4039C7C: wordsplit_process_list (wordsplit.c:2358)
==677071==    by 0x403A562: wordsplit_run.constprop.0 (wordsplit.c:2434)
==677071==    by 0x400BFFA: parse_default_options (tar.c:2256)
==677071==    by 0x400BFFA: decode_options (tar.c:2378)
==677071==    by 0x400BFFA: main (tar.c:2792)
==677071== 
==677071== 102 bytes in 1 blocks are still reachable in loss record 12 of 14
==677071==    at 0x48BD858: malloc (vg_replace_malloc.c:447)
==677071==    by 0x40512CC: xmalloc (xmalloc.c:45)
==677071==    by 0x4029881: name_init (names.c:869)
==677071==    by 0x400C94C: main (tar.c:2794)
==677071== 
==677071== 256 bytes in 1 blocks are still reachable in loss record 13 of 14
==677071==    at 0x48BD858: malloc (vg_replace_malloc.c:447)
==677071==    by 0x40512CC: xmalloc (xmalloc.c:45)
==677071==    by 0x401D274: xattr_encode_keyword (xheader.c:833)
==677071==    by 0x401D274: xheader_print_n (xheader.c:876)
==677071==    by 0x401D4FB: xheader_print (xheader.c:899)
==677071==    by 0x401D4FB: code_time (xheader.c:1043)
==677071==    by 0x401D4FB: mtime_coder (xheader.c:1232)
==677071==    by 0x401527F: start_header (create.c:852)
==677071==    by 0x4015798: dump_regular_file (create.c:1050)
==677071==    by 0x40165E2: dump_file0 (create.c:1773)
==677071==    by 0x4017589: dump_file (create.c:1968)
==677071==    by 0x4017589: create_archive (create.c:1412)
==677071==    by 0x400CD90: main (tar.c:2818)
==677071== 
==677071== 4,064 bytes in 1 blocks are still reachable in loss record 14 of 14
==677071==    at 0x48BD858: malloc (vg_replace_malloc.c:447)
==677071==    by 0x40512CC: xmalloc (xmalloc.c:45)
==677071==    by 0x404A07D: call_chunkfun (obstack.c:88)
==677071==    by 0x404A07D: _obstack_begin_worker.isra.0 (obstack.c:135)
==677071==    by 0x404A0A8: _obstack_begin (obstack.c:157)
==677071==    by 0x4032C57: _transform_name_to_obstack (transform.c:592)
==677071==    by 0x4032C57: transform_name_fp (transform.c:614)
==677071==    by 0x4016444: dump_file0 (create.c:1657)
==677071==    by 0x4017589: dump_file (create.c:1968)
==677071==    by 0x4017589: create_archive (create.c:1412)
==677071==    by 0x400CD90: main (tar.c:2818)
==677071== 
==677071== LEAK SUMMARY:
==677071==    definitely lost: 145 bytes in 5 blocks
==677071==    indirectly lost: 18 bytes in 5 blocks
==677071==      possibly lost: 0 bytes in 0 blocks
==677071==    still reachable: 4,577 bytes in 9 blocks
==677071==         suppressed: 0 bytes in 0 blocks
==677071== 
==677071== For lists of detected and suppressed errors, rerun with: -s
==677071== ERROR SUMMARY: 3 errors from 3 contexts (suppressed: 0 from 0)
