==612735== Memcheck, a memory error detector
==612735== Copyright (C) 2002-2024, and GNU GPL'd, by Julian Seward et al.
==612735== Using Valgrind-3.26.0 and LibVEX; rerun with -h for copyright info
==612735== Command: tar --version
==612735== Parent PID: 612594
==612735== 
==612735== 
==612735== FILE DESCRIPTORS: 4 open (4 inherited) at exit.
==612735== 
==612735== HEAP SUMMARY:
==612735==     in use at exit: 7,767 bytes in 3 blocks
==612735==   total heap usage: 15 allocs, 12 frees, 12,021 bytes allocated
==612735== 
==612735== 16 bytes in 1 blocks are still reachable in loss record 1 of 3
==612735==    at 0x5875E43: calloc (vg_replace_malloc.c:1678)
==612735==    by 0x469E501: rboxc_tar_xzalloc (in /root/rboxc/target/screen-owned-candidate/release/rboxc)
==612735==    by 0x4477AF5: single_binary_main_tar (in /root/rboxc/target/screen-owned-candidate/release/rboxc)
==612735==    by 0x5A18600: (below main) (libc_start_call_main.h:59)
==612735== 
==612735== 80 bytes in 1 blocks are still reachable in loss record 2 of 3
==612735==    at 0x586E858: malloc (vg_replace_malloc.c:447)
==612735==    by 0x469E0DC: rboxc_tar_xmalloc (in /root/rboxc/target/screen-owned-candidate/release/rboxc)
==612735==    by 0x4477A00: single_binary_main_tar (in /root/rboxc/target/screen-owned-candidate/release/rboxc)
==612735==    by 0x5A18600: (below main) (libc_start_call_main.h:59)
==612735== 
==612735== 7,671 bytes in 1 blocks are still reachable in loss record 3 of 3
==612735==    at 0x586E858: malloc (vg_replace_malloc.c:447)
==612735==    by 0x468C754: rboxc_tar_argp_parse (in /root/rboxc/target/screen-owned-candidate/release/rboxc)
==612735==    by 0x4478025: single_binary_main_tar (in /root/rboxc/target/screen-owned-candidate/release/rboxc)
==612735==    by 0x5A18600: (below main) (libc_start_call_main.h:59)
==612735== 
==612735== LEAK SUMMARY:
==612735==    definitely lost: 0 bytes in 0 blocks
==612735==    indirectly lost: 0 bytes in 0 blocks
==612735==      possibly lost: 0 bytes in 0 blocks
==612735==    still reachable: 7,767 bytes in 3 blocks
==612735==         suppressed: 0 bytes in 0 blocks
==612735== 
==612735== For lists of detected and suppressed errors, rerun with: -s
==612735== ERROR SUMMARY: 0 errors from 0 contexts (suppressed: 0 from 0)
