==646227== Memcheck, a memory error detector
==646227== Copyright (C) 2002-2024, and GNU GPL'd, by Julian Seward et al.
==646227== Using Valgrind-3.26.0 and LibVEX; rerun with -h for copyright info
==646227== Command: tar --xattrs -cf archive.tar dir
==646227== Parent PID: 646195
==646227== 
==646227== 
==646227== FILE DESCRIPTORS: 1 open (1 inherited) at exit.
==646227== 
==646227== HEAP SUMMARY:
==646227==     in use at exit: 6,691 bytes in 16 blocks
==646227==   total heap usage: 88 allocs, 72 frees, 100,381 bytes allocated
==646227== 
==646227== 5 bytes in 1 blocks are still reachable in loss record 1 of 13
==646227==    at 0x48BD858: malloc (vg_replace_malloc.c:447)
==646227==    by 0x405185D: xmalloc (xmalloc.c:45)
==646227==    by 0x405185D: xmemdup (xmalloc.c:314)
==646227==    by 0x405185D: xstrdup (xmalloc.c:339)
==646227==    by 0x402644F: assign_string (misc.c:58)
==646227==    by 0x4029612: uid_to_uname (names.c:490)
==646227==    by 0x40155F3: start_header (create.c:931)
==646227==    by 0x40167F9: dump_dir0 (create.c:1123)
==646227==    by 0x40167F9: dump_dir (create.c:1320)
==646227==    by 0x40167F9: dump_file0 (create.c:1757)
==646227==    by 0x4017589: dump_file (create.c:1968)
==646227==    by 0x4017589: create_archive (create.c:1412)
==646227==    by 0x400CD90: main (tar.c:2818)
==646227== 
==646227== 5 bytes in 1 blocks are still reachable in loss record 2 of 13
==646227==    at 0x48BD858: malloc (vg_replace_malloc.c:447)
==646227==    by 0x405185D: xmalloc (xmalloc.c:45)
==646227==    by 0x405185D: xmemdup (xmalloc.c:314)
==646227==    by 0x405185D: xstrdup (xmalloc.c:339)
==646227==    by 0x402644F: assign_string (misc.c:58)
==646227==    by 0x40296A2: gid_to_gname (names.c:520)
==646227==    by 0x40155DB: start_header (create.c:936)
==646227==    by 0x40167F9: dump_dir0 (create.c:1123)
==646227==    by 0x40167F9: dump_dir (create.c:1320)
==646227==    by 0x40167F9: dump_file0 (create.c:1757)
==646227==    by 0x4017589: dump_file (create.c:1968)
==646227==    by 0x4017589: create_archive (create.c:1412)
==646227==    by 0x400CD90: main (tar.c:2818)
==646227== 
==646227== 9 bytes in 2 blocks are indirectly lost in loss record 3 of 13
==646227==    at 0x48BD858: malloc (vg_replace_malloc.c:447)
==646227==    by 0x40387DD: wsnode_quoteremoval (wordsplit.c:651)
==646227==    by 0x4039CFD: wordsplit_process_list (wordsplit.c:2390)
==646227==    by 0x403A562: wordsplit_run.constprop.0 (wordsplit.c:2434)
==646227==    by 0x400BFFA: parse_default_options (tar.c:2256)
==646227==    by 0x400BFFA: decode_options (tar.c:2378)
==646227==    by 0x400BFFA: main (tar.c:2792)
==646227== 
==646227== 9 bytes in 2 blocks are definitely lost in loss record 4 of 13
==646227==    at 0x48BD858: malloc (vg_replace_malloc.c:447)
==646227==    by 0x403A1FB: wordsplit_finish (wordsplit.c:836)
==646227==    by 0x400BFFA: parse_default_options (tar.c:2256)
==646227==    by 0x400BFFA: decode_options (tar.c:2378)
==646227==    by 0x400BFFA: main (tar.c:2792)
==646227== 
==646227== 16 bytes in 1 blocks are still reachable in loss record 5 of 13
==646227==    at 0x48C4E43: calloc (vg_replace_malloc.c:1678)
==646227==    by 0x40516F1: xcalloc (xmalloc.c:298)
==646227==    by 0x40516F1: xzalloc (xmalloc.c:283)
==646227==    by 0x400BEF9: decode_options (tar.c:2297)
==646227==    by 0x400BEF9: main (tar.c:2792)
==646227== 
==646227== 17 bytes in 1 blocks are still reachable in loss record 6 of 13
==646227==    at 0x48BD858: malloc (vg_replace_malloc.c:447)
==646227==    by 0x405185D: xmalloc (xmalloc.c:45)
==646227==    by 0x405185D: xmemdup (xmalloc.c:314)
==646227==    by 0x405185D: xstrdup (xmalloc.c:339)
==646227==    by 0x402644F: assign_string (misc.c:58)
==646227==    by 0x401E7A6: xheader_xhdr_name (xheader.c:393)
==646227==    by 0x4014297: write_extended.part.0 (create.c:713)
==646227==    by 0x4014896: write_extended (create.c:699)
==646227==    by 0x4014896: finish_header (create.c:1024)
==646227==    by 0x4016C5E: dump_dir0 (create.c:1137)
==646227==    by 0x4016C5E: dump_dir (create.c:1320)
==646227==    by 0x4016C5E: dump_file0 (create.c:1757)
==646227==    by 0x4017589: dump_file (create.c:1968)
==646227==    by 0x4017589: create_archive (create.c:1412)
==646227==    by 0x400CD90: main (tar.c:2818)
==646227== 
==646227== 80 bytes in 1 blocks are still reachable in loss record 7 of 13
==646227==    at 0x48BD858: malloc (vg_replace_malloc.c:447)
==646227==    by 0x40512CC: xmalloc (xmalloc.c:45)
==646227==    by 0x400BE43: main (tar.c:2781)
==646227== 
==646227== 89 (80 direct, 9 indirect) bytes in 2 blocks are definitely lost in loss record 8 of 13
==646227==    at 0x48C4E43: calloc (vg_replace_malloc.c:1678)
==646227==    by 0x403959D: wsnode_new (wordsplit.c:422)
==646227==    by 0x403959D: wordsplit_add_segm (wordsplit.c:523)
==646227==    by 0x4039854: scan_word (wordsplit.c:2062)
==646227==    by 0x4039C7C: wordsplit_process_list (wordsplit.c:2358)
==646227==    by 0x403A562: wordsplit_run.constprop.0 (wordsplit.c:2434)
==646227==    by 0x400BFFA: parse_default_options (tar.c:2256)
==646227==    by 0x400BFFA: decode_options (tar.c:2378)
==646227==    by 0x400BFFA: main (tar.c:2792)
==646227== 
==646227== 102 bytes in 1 blocks are still reachable in loss record 9 of 13
==646227==    at 0x48BD858: malloc (vg_replace_malloc.c:447)
==646227==    by 0x40512CC: xmalloc (xmalloc.c:45)
==646227==    by 0x4029881: name_init (names.c:869)
==646227==    by 0x400C94C: main (tar.c:2794)
==646227== 
==646227== 256 bytes in 1 blocks are still reachable in loss record 10 of 13
==646227==    at 0x48BD858: malloc (vg_replace_malloc.c:447)
==646227==    by 0x40512CC: xmalloc (xmalloc.c:45)
==646227==    by 0x401D274: xattr_encode_keyword (xheader.c:833)
==646227==    by 0x401D274: xheader_print_n (xheader.c:876)
==646227==    by 0x401D4FB: xheader_print (xheader.c:899)
==646227==    by 0x401D4FB: code_time (xheader.c:1043)
==646227==    by 0x401D4FB: mtime_coder (xheader.c:1232)
==646227==    by 0x401527F: start_header (create.c:852)
==646227==    by 0x40167F9: dump_dir0 (create.c:1123)
==646227==    by 0x40167F9: dump_dir (create.c:1320)
==646227==    by 0x40167F9: dump_file0 (create.c:1757)
==646227==    by 0x4017589: dump_file (create.c:1968)
==646227==    by 0x4017589: create_archive (create.c:1412)
==646227==    by 0x400CD90: main (tar.c:2818)
==646227== 
==646227== 1,024 bytes in 1 blocks are still reachable in loss record 11 of 13
==646227==    at 0x48C53C0: reallocarray (vg_replace_malloc.c:1806)
==646227==    by 0x40515C9: xreallocarray (xmalloc.c:84)
==646227==    by 0x40515C9: x2nrealloc (xmalloc.c:203)
==646227==    by 0x4034EBB: xattrs_xattrs_get (xattrs.c:560)
==646227==    by 0x401676D: dump_file0 (create.c:1742)
==646227==    by 0x4017589: dump_file (create.c:1968)
==646227==    by 0x4017589: create_archive (create.c:1412)
==646227==    by 0x400CD90: main (tar.c:2818)
==646227== 
==646227== 1,024 bytes in 1 blocks are still reachable in loss record 12 of 13
==646227==    at 0x48C53C0: reallocarray (vg_replace_malloc.c:1806)
==646227==    by 0x40515C9: xreallocarray (xmalloc.c:84)
==646227==    by 0x40515C9: x2nrealloc (xmalloc.c:203)
==646227==    by 0x40350AB: xattrs_xattrs_get (xattrs.c:580)
==646227==    by 0x401676D: dump_file0 (create.c:1742)
==646227==    by 0x4017589: dump_file (create.c:1968)
==646227==    by 0x4017589: create_archive (create.c:1412)
==646227==    by 0x400CD90: main (tar.c:2818)
==646227== 
==646227== 4,064 bytes in 1 blocks are still reachable in loss record 13 of 13
==646227==    at 0x48BD858: malloc (vg_replace_malloc.c:447)
==646227==    by 0x40512CC: xmalloc (xmalloc.c:45)
==646227==    by 0x404A07D: call_chunkfun (obstack.c:88)
==646227==    by 0x404A07D: _obstack_begin_worker.isra.0 (obstack.c:135)
==646227==    by 0x404A0A8: _obstack_begin (obstack.c:157)
==646227==    by 0x4032C57: _transform_name_to_obstack (transform.c:592)
==646227==    by 0x4032C57: transform_name_fp (transform.c:614)
==646227==    by 0x4016444: dump_file0 (create.c:1657)
==646227==    by 0x4017589: dump_file (create.c:1968)
==646227==    by 0x4017589: create_archive (create.c:1412)
==646227==    by 0x400CD90: main (tar.c:2818)
==646227== 
==646227== LEAK SUMMARY:
==646227==    definitely lost: 89 bytes in 4 blocks
==646227==    indirectly lost: 9 bytes in 2 blocks
==646227==      possibly lost: 0 bytes in 0 blocks
==646227==    still reachable: 6,593 bytes in 10 blocks
==646227==         suppressed: 0 bytes in 0 blocks
==646227== 
==646227== For lists of detected and suppressed errors, rerun with: -s
==646227== ERROR SUMMARY: 2 errors from 2 contexts (suppressed: 0 from 0)
