==724725== Memcheck, a memory error detector
==724725== Copyright (C) 2002-2024, and GNU GPL'd, by Julian Seward et al.
==724725== Using Valgrind-3.26.0 and LibVEX; rerun with -h for copyright info
==724725== Command: /tmp/rboxc-gawk-original-zs167155/deps/cat -
==724725== Parent PID: 724719
==724725== 
==724725== 
==724725== FILE DESCRIPTORS: 2 open (0 inherited) at exit.
==724725== Open file descriptor 4:
==724725==    at 0x537EB8D: pipe (pipe.c:29)
==724725==    by 0x411A6E1: pipe_safer (pipe-safer.c:33)
==724725==    by 0x403683B: splice_cat (cat.c:578)
==724725==    by 0x4037923: single_binary_main_cat (cat.c:899)
==724725==    by 0x401A532: launch_program (coreutils.c:126)
==724725==    by 0x4018E7A: main (coreutils.c:143)
==724725== 
==724725== Open file descriptor 3:
==724725==    at 0x537EB8D: pipe (pipe.c:29)
==724725==    by 0x411A6E1: pipe_safer (pipe-safer.c:33)
==724725==    by 0x403683B: splice_cat (cat.c:578)
==724725==    by 0x4037923: single_binary_main_cat (cat.c:899)
==724725==    by 0x401A532: launch_program (coreutils.c:126)
==724725==    by 0x4018E7A: main (coreutils.c:143)
==724725== 
==724725== 
==724725== HEAP SUMMARY:
==724725==     in use at exit: 0 bytes in 0 blocks
==724725==   total heap usage: 3 allocs, 3 frees, 82 bytes allocated
==724725== 
==724725== All heap blocks were freed -- no leaks are possible
==724725== 
==724725== For lists of detected and suppressed errors, rerun with: -s
==724725== ERROR SUMMARY: 2 errors from 2 contexts (suppressed: 0 from 0)
