==663996== Memcheck, a memory error detector
==663996== Copyright (C) 2002-2024, and GNU GPL'd, by Julian Seward et al.
==663996== Using Valgrind-3.26.0 and LibVEX; rerun with -h for copyright info
==663996== Command: tar -C tartest --create --one-file-system --verbose --file archive-0.tar --listed-incremental=archive-0.snar .
==663996== Parent PID: 663970
==663996== 
==663996== 
==663996== FILE DESCRIPTORS: 2 open (1 inherited) at exit.
==663996== Open file descriptor 5: tartest
==663996==    at 0x4A1AADA: openat (openat64.c:39)
==663996==    by 0x4027817: openat (fcntl2.h:175)
==663996==    by 0x4027817: chdir_do (misc.c:988)
==663996==    by 0x402AA73: name_from_list (names.c:1931)
==663996==    by 0x4021770: read_directory_file (incremen.c:1362)
==663996==    by 0x402A501: collect_and_sort_names (names.c:1772)
==663996==    by 0x40175DD: create_archive (create.c:1352)
==663996==    by 0x400CD90: main (tar.c:2818)
==663996== 
==663996== 
==663996== HEAP SUMMARY:
==663996==     in use at exit: 5,929 bytes in 37 blocks
==663996==   total heap usage: 163 allocs, 126 frees, 208,681 bytes allocated
==663996== 
==663996== 2 bytes in 1 blocks are still reachable in loss record 1 of 33
==663996==    at 0x48BD858: malloc (vg_replace_malloc.c:447)
==663996==    by 0x405185D: xmalloc (xmalloc.c:45)
==663996==    by 0x405185D: xmemdup (xmalloc.c:314)
==663996==    by 0x405185D: xstrdup (xmalloc.c:339)
==663996==    by 0x402994B: make_name (names.c:599)
==663996==    by 0x402994B: addname (names.c:1233)
==663996==    by 0x4029AB7: name_gather (names.c:1218)
==663996==    by 0x402A4BC: collect_and_sort_names (names.c:1747)
==663996==    by 0x40175DD: create_archive (create.c:1352)
==663996==    by 0x400CD90: main (tar.c:2818)
==663996== 
==663996== 2 bytes in 1 blocks are still reachable in loss record 2 of 33
==663996==    at 0x48BD858: malloc (vg_replace_malloc.c:447)
==663996==    by 0x40512CC: xmalloc (xmalloc.c:45)
==663996==    by 0x401F481: make_directory (incremen.c:271)
==663996==    by 0x401F735: attach_directory (incremen.c:291)
==663996==    by 0x401F735: note_directory (incremen.c:338)
==663996==    by 0x4020348: procdir (incremen.c:531)
==663996==    by 0x4020C14: scan_directory (incremen.c:751)
==663996==    by 0x4029BDE: add_hierarchy_to_namelist (names.c:1610)
==663996==    by 0x402A940: collect_and_sort_names (names.c:1813)
==663996==    by 0x40175DD: create_archive (create.c:1352)
==663996==    by 0x400CD90: main (tar.c:2818)
==663996== 
==663996== 5 bytes in 1 blocks are still reachable in loss record 3 of 33
==663996==    at 0x48BD858: malloc (vg_replace_malloc.c:447)
==663996==    by 0x405185D: xmalloc (xmalloc.c:45)
==663996==    by 0x405185D: xmemdup (xmalloc.c:314)
==663996==    by 0x405185D: xstrdup (xmalloc.c:339)
==663996==    by 0x402644F: assign_string (misc.c:58)
==663996==    by 0x4029612: uid_to_uname (names.c:490)
==663996==    by 0x40155F3: start_header (create.c:931)
==663996==    by 0x40167F9: dump_dir0 (create.c:1123)
==663996==    by 0x40167F9: dump_dir (create.c:1320)
==663996==    by 0x40167F9: dump_file0 (create.c:1757)
==663996==    by 0x401782F: dump_file (create.c:1968)
==663996==    by 0x401782F: create_archive (create.c:1356)
==663996==    by 0x400CD90: main (tar.c:2818)
==663996== 
==663996== 5 bytes in 1 blocks are still reachable in loss record 4 of 33
==663996==    at 0x48BD858: malloc (vg_replace_malloc.c:447)
==663996==    by 0x405185D: xmalloc (xmalloc.c:45)
==663996==    by 0x405185D: xmemdup (xmalloc.c:314)
==663996==    by 0x405185D: xstrdup (xmalloc.c:339)
==663996==    by 0x402644F: assign_string (misc.c:58)
==663996==    by 0x40296A2: gid_to_gname (names.c:520)
==663996==    by 0x40155DB: start_header (create.c:936)
==663996==    by 0x40167F9: dump_dir0 (create.c:1123)
==663996==    by 0x40167F9: dump_dir (create.c:1320)
==663996==    by 0x40167F9: dump_file0 (create.c:1757)
==663996==    by 0x401782F: dump_file (create.c:1968)
==663996==    by 0x401782F: create_archive (create.c:1356)
==663996==    by 0x400CD90: main (tar.c:2818)
==663996== 
==663996== 7 bytes in 2 blocks are indirectly lost in loss record 5 of 33
==663996==    at 0x48BD858: malloc (vg_replace_malloc.c:447)
==663996==    by 0x40387DD: wsnode_quoteremoval (wordsplit.c:651)
==663996==    by 0x4039CFD: wordsplit_process_list (wordsplit.c:2390)
==663996==    by 0x403A562: wordsplit_run.constprop.0 (wordsplit.c:2434)
==663996==    by 0x400BFFA: parse_default_options (tar.c:2256)
==663996==    by 0x400BFFA: decode_options (tar.c:2378)
==663996==    by 0x400BFFA: main (tar.c:2792)
==663996== 
==663996== 7 bytes in 2 blocks are definitely lost in loss record 6 of 33
==663996==    at 0x48BD858: malloc (vg_replace_malloc.c:447)
==663996==    by 0x403A1FB: wordsplit_finish (wordsplit.c:836)
==663996==    by 0x400BFFA: parse_default_options (tar.c:2256)
==663996==    by 0x400BFFA: decode_options (tar.c:2378)
==663996==    by 0x400BFFA: main (tar.c:2792)
==663996== 
==663996== 8 bytes in 1 blocks are still reachable in loss record 7 of 33
==663996==    at 0x48BD858: malloc (vg_replace_malloc.c:447)
==663996==    by 0x405185D: xmalloc (xmalloc.c:45)
==663996==    by 0x405185D: xmemdup (xmalloc.c:314)
==663996==    by 0x405185D: xstrdup (xmalloc.c:339)
==663996==    by 0x4029A2E: name_gather (names.c:1215)
==663996==    by 0x402A4BC: collect_and_sort_names (names.c:1747)
==663996==    by 0x40175DD: create_archive (create.c:1352)
==663996==    by 0x400CD90: main (tar.c:2818)
==663996== 
==663996== 9 bytes in 1 blocks are still reachable in loss record 8 of 33
==663996==    at 0x48BD858: malloc (vg_replace_malloc.c:447)
==663996==    by 0x40512CC: xmalloc (xmalloc.c:45)
==663996==    by 0x401F481: make_directory (incremen.c:271)
==663996==    by 0x401F735: attach_directory (incremen.c:291)
==663996==    by 0x401F735: note_directory (incremen.c:338)
==663996==    by 0x4020348: procdir (incremen.c:531)
==663996==    by 0x4021100: scan_directory (incremen.c:822)
==663996==    by 0x4029BDE: add_hierarchy_to_namelist (names.c:1610)
==663996==    by 0x402A940: collect_and_sort_names (names.c:1813)
==663996==    by 0x40175DD: create_archive (create.c:1352)
==663996==    by 0x400CD90: main (tar.c:2818)
==663996== 
==663996== 9 bytes in 1 blocks are still reachable in loss record 9 of 33
==663996==    at 0x48BD858: malloc (vg_replace_malloc.c:447)
==663996==    by 0x405185D: xmalloc (xmalloc.c:45)
==663996==    by 0x405185D: xmemdup (xmalloc.c:314)
==663996==    by 0x405185D: xstrdup (xmalloc.c:339)
==663996==    by 0x402994B: make_name (names.c:599)
==663996==    by 0x402994B: addname (names.c:1233)
==663996==    by 0x4029D1B: add_hierarchy_to_namelist (names.c:1645)
==663996==    by 0x402A940: collect_and_sort_names (names.c:1813)
==663996==    by 0x40175DD: create_archive (create.c:1352)
==663996==    by 0x400CD90: main (tar.c:2818)
==663996== 
==663996== 16 bytes in 1 blocks are still reachable in loss record 10 of 33
==663996==    at 0x48C4E43: calloc (vg_replace_malloc.c:1678)
==663996==    by 0x40516F1: xcalloc (xmalloc.c:298)
==663996==    by 0x40516F1: xzalloc (xmalloc.c:283)
==663996==    by 0x400BEF9: decode_options (tar.c:2297)
==663996==    by 0x400BEF9: main (tar.c:2792)
==663996== 
==663996== 16 bytes in 1 blocks are still reachable in loss record 11 of 33
==663996==    at 0x48C4E43: calloc (vg_replace_malloc.c:1678)
==663996==    by 0x405174C: xcalloc (xmalloc.c:298)
==663996==    by 0x401F652: dumpdir_create0 (incremen.c:108)
==663996==    by 0x4020E38: makedumpdir (incremen.c:709)
==663996==    by 0x4020E38: scan_directory (incremen.c:766)
==663996==    by 0x4029BDE: add_hierarchy_to_namelist (names.c:1610)
==663996==    by 0x4029DF7: add_hierarchy_to_namelist (names.c:1677)
==663996==    by 0x402A940: collect_and_sort_names (names.c:1813)
==663996==    by 0x40175DD: create_archive (create.c:1352)
==663996==    by 0x400CD90: main (tar.c:2818)
==663996== 
==663996== 24 bytes in 1 blocks are still reachable in loss record 12 of 33
==663996==    at 0x48C4E43: calloc (vg_replace_malloc.c:1678)
==663996==    by 0x405174C: xcalloc (xmalloc.c:298)
==663996==    by 0x401F652: dumpdir_create0 (incremen.c:108)
==663996==    by 0x4020E38: makedumpdir (incremen.c:709)
==663996==    by 0x4020E38: scan_directory (incremen.c:766)
==663996==    by 0x4029BDE: add_hierarchy_to_namelist (names.c:1610)
==663996==    by 0x402A940: collect_and_sort_names (names.c:1813)
==663996==    by 0x40175DD: create_archive (create.c:1352)
==663996==    by 0x400CD90: main (tar.c:2818)
==663996== 
==663996== 32 bytes in 1 blocks are still reachable in loss record 13 of 33
==663996==    at 0x48BD858: malloc (vg_replace_malloc.c:447)
==663996==    by 0x40512CC: xmalloc (xmalloc.c:45)
==663996==    by 0x402F07B: optloc_save (tar.c:926)
==663996==    by 0x403020B: parse_opt (tar.c:1520)
==663996==    by 0x40421C3: group_parse (argp-parse.c:233)
==663996==    by 0x40421C3: parser_parse_opt (argp-parse.c:748)
==663996==    by 0x40421C3: parser_parse_next (argp-parse.c:859)
==663996==    by 0x40421C3: argp_parse (argp-parse.c:927)
==663996==    by 0x400C045: decode_options (tar.c:2380)
==663996==    by 0x400C045: main (tar.c:2792)
==663996== 
==663996== 46 bytes in 1 blocks are still reachable in loss record 14 of 33
==663996==    at 0x48BD858: malloc (vg_replace_malloc.c:447)
==663996==    by 0x40512CC: xmalloc (xmalloc.c:45)
==663996==    by 0x401F61C: dumpdir_create0 (incremen.c:103)
==663996==    by 0x4020E38: makedumpdir (incremen.c:709)
==663996==    by 0x4020E38: scan_directory (incremen.c:766)
==663996==    by 0x4029BDE: add_hierarchy_to_namelist (names.c:1610)
==663996==    by 0x4029DF7: add_hierarchy_to_namelist (names.c:1677)
==663996==    by 0x402A940: collect_and_sort_names (names.c:1813)
==663996==    by 0x40175DD: create_archive (create.c:1352)
==663996==    by 0x400CD90: main (tar.c:2818)
==663996== 
==663996== 48 bytes in 1 blocks are still reachable in loss record 15 of 33
==663996==    at 0x48C53C0: reallocarray (vg_replace_malloc.c:1806)
==663996==    by 0x40515C9: xreallocarray (xmalloc.c:84)
==663996==    by 0x40515C9: x2nrealloc (xmalloc.c:203)
==663996==    by 0x4027754: chdir_arg (misc.c:934)
==663996==    by 0x4029A36: name_gather (names.c:1215)
==663996==    by 0x402A4BC: collect_and_sort_names (names.c:1747)
==663996==    by 0x40175DD: create_archive (create.c:1352)
==663996==    by 0x400CD90: main (tar.c:2818)
==663996== 
==663996== 55 bytes in 1 blocks are still reachable in loss record 16 of 33
==663996==    at 0x48C507F: realloc (vg_replace_malloc.c:1804)
==663996==    by 0x4A1A327: getcwd (getcwd.c:86)
==663996==    by 0x4052EB3: getcwd (unistd.h:116)
==663996==    by 0x4052EB3: rpl_getcwd (getcwd.c:218)
==663996==    by 0x4051890: xgetcwd (xgetcwd.c:37)
==663996==    by 0x4027EDF: tar_getcdpath (misc.c:1073)
==663996==    by 0x4027EDF: normalize_filename (misc.c:332)
==663996==    by 0x401F72A: attach_directory (incremen.c:290)
==663996==    by 0x401F72A: note_directory (incremen.c:338)
==663996==    by 0x4020348: procdir (incremen.c:531)
==663996==    by 0x4020C14: scan_directory (incremen.c:751)
==663996==    by 0x4029BDE: add_hierarchy_to_namelist (names.c:1610)
==663996==    by 0x402A940: collect_and_sort_names (names.c:1813)
==663996==    by 0x40175DD: create_archive (create.c:1352)
==663996==    by 0x400CD90: main (tar.c:2818)
==663996== 
==663996== 57 bytes in 1 blocks are still reachable in loss record 17 of 33
==663996==    at 0x48BD858: malloc (vg_replace_malloc.c:447)
==663996==    by 0x40512CC: xmalloc (xmalloc.c:45)
==663996==    by 0x401F61C: dumpdir_create0 (incremen.c:103)
==663996==    by 0x4020E38: makedumpdir (incremen.c:709)
==663996==    by 0x4020E38: scan_directory (incremen.c:766)
==663996==    by 0x4029BDE: add_hierarchy_to_namelist (names.c:1610)
==663996==    by 0x402A940: collect_and_sort_names (names.c:1813)
==663996==    by 0x40175DD: create_archive (create.c:1352)
==663996==    by 0x400CD90: main (tar.c:2818)
==663996== 
==663996== 65 bytes in 1 blocks are still reachable in loss record 18 of 33
==663996==    at 0x48BD858: malloc (vg_replace_malloc.c:447)
==663996==    by 0x40512CC: xmalloc (xmalloc.c:45)
==663996==    by 0x4027DDB: normalize_filename (misc.c:339)
==663996==    by 0x401F72A: attach_directory (incremen.c:290)
==663996==    by 0x401F72A: note_directory (incremen.c:338)
==663996==    by 0x4020348: procdir (incremen.c:531)
==663996==    by 0x4020C14: scan_directory (incremen.c:751)
==663996==    by 0x4029BDE: add_hierarchy_to_namelist (names.c:1610)
==663996==    by 0x402A940: collect_and_sort_names (names.c:1813)
==663996==    by 0x40175DD: create_archive (create.c:1352)
==663996==    by 0x400CD90: main (tar.c:2818)
==663996== 
==663996== 72 bytes in 1 blocks are still reachable in loss record 19 of 33
==663996==    at 0x48BD858: malloc (vg_replace_malloc.c:447)
==663996==    by 0x40512CC: xmalloc (xmalloc.c:45)
==663996==    by 0x4027DDB: normalize_filename (misc.c:339)
==663996==    by 0x401F72A: attach_directory (incremen.c:290)
==663996==    by 0x401F72A: note_directory (incremen.c:338)
==663996==    by 0x4020348: procdir (incremen.c:531)
==663996==    by 0x4021100: scan_directory (incremen.c:822)
==663996==    by 0x4029BDE: add_hierarchy_to_namelist (names.c:1610)
==663996==    by 0x402A940: collect_and_sort_names (names.c:1813)
==663996==    by 0x40175DD: create_archive (create.c:1352)
==663996==    by 0x400CD90: main (tar.c:2818)
==663996== 
==663996== 80 bytes in 1 blocks are still reachable in loss record 20 of 33
==663996==    at 0x48BD858: malloc (vg_replace_malloc.c:447)
==663996==    by 0x40512CC: xmalloc (xmalloc.c:45)
==663996==    by 0x400BE43: main (tar.c:2781)
==663996== 
==663996== 80 bytes in 1 blocks are still reachable in loss record 21 of 33
==663996==    at 0x48BD858: malloc (vg_replace_malloc.c:447)
==663996==    by 0x4047846: hash_initialize (hash.c:523)
==663996==    by 0x401F807: note_directory (incremen.c:354)
==663996==    by 0x4020348: procdir (incremen.c:531)
==663996==    by 0x4020C14: scan_directory (incremen.c:751)
==663996==    by 0x4029BDE: add_hierarchy_to_namelist (names.c:1610)
==663996==    by 0x402A940: collect_and_sort_names (names.c:1813)
==663996==    by 0x40175DD: create_archive (create.c:1352)
==663996==    by 0x400CD90: main (tar.c:2818)
==663996== 
==663996== 80 bytes in 1 blocks are still reachable in loss record 22 of 33
==663996==    at 0x48BD858: malloc (vg_replace_malloc.c:447)
==663996==    by 0x4047846: hash_initialize (hash.c:523)
==663996==    by 0x401F837: note_directory (incremen.c:362)
==663996==    by 0x4020348: procdir (incremen.c:531)
==663996==    by 0x4020C14: scan_directory (incremen.c:751)
==663996==    by 0x4029BDE: add_hierarchy_to_namelist (names.c:1610)
==663996==    by 0x402A940: collect_and_sort_names (names.c:1813)
==663996==    by 0x40175DD: create_archive (create.c:1352)
==663996==    by 0x400CD90: main (tar.c:2818)
==663996== 
==663996== 85 bytes in 1 blocks are still reachable in loss record 23 of 33
==663996==    at 0x48C53C0: reallocarray (vg_replace_malloc.c:1806)
==663996==    by 0x40514B0: xreallocarray (xmalloc.c:84)
==663996==    by 0x40514B0: x2nrealloc (xmalloc.c:203)
==663996==    by 0x40514B0: x2realloc (xmalloc.c:120)
==663996==    by 0x4027D38: namebuf_name (misc.c:1273)
==663996==    by 0x4027F7E: namebuf_add_dir (misc.c:1287)
==663996==    by 0x4027F7E: tar_getcdpath (misc.c:1084)
==663996==    by 0x4027F7E: normalize_filename (misc.c:332)
==663996==    by 0x401F72A: attach_directory (incremen.c:290)
==663996==    by 0x401F72A: note_directory (incremen.c:338)
==663996==    by 0x4020348: procdir (incremen.c:531)
==663996==    by 0x4020C14: scan_directory (incremen.c:751)
==663996==    by 0x4029BDE: add_hierarchy_to_namelist (names.c:1610)
==663996==    by 0x402A940: collect_and_sort_names (names.c:1813)
==663996==    by 0x40175DD: create_archive (create.c:1352)
==663996==    by 0x400CD90: main (tar.c:2818)
==663996== 
==663996== 87 (80 direct, 7 indirect) bytes in 2 blocks are definitely lost in loss record 24 of 33
==663996==    at 0x48C4E43: calloc (vg_replace_malloc.c:1678)
==663996==    by 0x403959D: wsnode_new (wordsplit.c:422)
==663996==    by 0x403959D: wordsplit_add_segm (wordsplit.c:523)
==663996==    by 0x4039854: scan_word (wordsplit.c:2062)
==663996==    by 0x4039C7C: wordsplit_process_list (wordsplit.c:2358)
==663996==    by 0x403A562: wordsplit_run.constprop.0 (wordsplit.c:2434)
==663996==    by 0x400BFFA: parse_default_options (tar.c:2256)
==663996==    by 0x400BFFA: decode_options (tar.c:2378)
==663996==    by 0x400BFFA: main (tar.c:2792)
==663996== 
==663996== 96 bytes in 1 blocks are still reachable in loss record 25 of 33
==663996==    at 0x48C4E43: calloc (vg_replace_malloc.c:1678)
==663996==    by 0x40516F1: xcalloc (xmalloc.c:298)
==663996==    by 0x40516F1: xzalloc (xmalloc.c:283)
==663996==    by 0x4029932: make_name (names.c:596)
==663996==    by 0x4029932: addname (names.c:1233)
==663996==    by 0x4029AB7: name_gather (names.c:1218)
==663996==    by 0x402A4BC: collect_and_sort_names (names.c:1747)
==663996==    by 0x40175DD: create_archive (create.c:1352)
==663996==    by 0x400CD90: main (tar.c:2818)
==663996== 
==663996== 96 bytes in 1 blocks are still reachable in loss record 26 of 33
==663996==    at 0x48BD858: malloc (vg_replace_malloc.c:447)
==663996==    by 0x40512CC: xmalloc (xmalloc.c:45)
==663996==    by 0x401F446: make_directory (incremen.c:264)
==663996==    by 0x401F735: attach_directory (incremen.c:291)
==663996==    by 0x401F735: note_directory (incremen.c:338)
==663996==    by 0x4020348: procdir (incremen.c:531)
==663996==    by 0x4020C14: scan_directory (incremen.c:751)
==663996==    by 0x4029BDE: add_hierarchy_to_namelist (names.c:1610)
==663996==    by 0x402A940: collect_and_sort_names (names.c:1813)
==663996==    by 0x40175DD: create_archive (create.c:1352)
==663996==    by 0x400CD90: main (tar.c:2818)
==663996== 
==663996== 96 bytes in 1 blocks are still reachable in loss record 27 of 33
==663996==    at 0x48BD858: malloc (vg_replace_malloc.c:447)
==663996==    by 0x40512CC: xmalloc (xmalloc.c:45)
==663996==    by 0x401F446: make_directory (incremen.c:264)
==663996==    by 0x401F735: attach_directory (incremen.c:291)
==663996==    by 0x401F735: note_directory (incremen.c:338)
==663996==    by 0x4020348: procdir (incremen.c:531)
==663996==    by 0x4021100: scan_directory (incremen.c:822)
==663996==    by 0x4029BDE: add_hierarchy_to_namelist (names.c:1610)
==663996==    by 0x402A940: collect_and_sort_names (names.c:1813)
==663996==    by 0x40175DD: create_archive (create.c:1352)
==663996==    by 0x400CD90: main (tar.c:2818)
==663996== 
==663996== 96 bytes in 1 blocks are still reachable in loss record 28 of 33
==663996==    at 0x48C4E43: calloc (vg_replace_malloc.c:1678)
==663996==    by 0x40516F1: xcalloc (xmalloc.c:298)
==663996==    by 0x40516F1: xzalloc (xmalloc.c:283)
==663996==    by 0x4029932: make_name (names.c:596)
==663996==    by 0x4029932: addname (names.c:1233)
==663996==    by 0x4029D1B: add_hierarchy_to_namelist (names.c:1645)
==663996==    by 0x402A940: collect_and_sort_names (names.c:1813)
==663996==    by 0x40175DD: create_archive (create.c:1352)
==663996==    by 0x400CD90: main (tar.c:2818)
==663996== 
==663996== 102 bytes in 1 blocks are still reachable in loss record 29 of 33
==663996==    at 0x48BD858: malloc (vg_replace_malloc.c:447)
==663996==    by 0x40512CC: xmalloc (xmalloc.c:45)
==663996==    by 0x4029881: name_init (names.c:869)
==663996==    by 0x400C94C: main (tar.c:2794)
==663996== 
==663996== 137 bytes in 2 blocks are still reachable in loss record 30 of 33
==663996==    at 0x48BD858: malloc (vg_replace_malloc.c:447)
==663996==    by 0x40512CC: xmalloc (xmalloc.c:45)
==663996==    by 0x4027DDB: normalize_filename (misc.c:339)
==663996==    by 0x402A6B2: collect_and_sort_names (names.c:1833)
==663996==    by 0x40175DD: create_archive (create.c:1352)
==663996==    by 0x400CD90: main (tar.c:2818)
==663996== 
==663996== 176 bytes in 1 blocks are still reachable in loss record 31 of 33
==663996==    at 0x48C4E43: calloc (vg_replace_malloc.c:1678)
==663996==    by 0x404789C: hash_initialize (hash.c:544)
==663996==    by 0x401F807: note_directory (incremen.c:354)
==663996==    by 0x4020348: procdir (incremen.c:531)
==663996==    by 0x4020C14: scan_directory (incremen.c:751)
==663996==    by 0x4029BDE: add_hierarchy_to_namelist (names.c:1610)
==663996==    by 0x402A940: collect_and_sort_names (names.c:1813)
==663996==    by 0x40175DD: create_archive (create.c:1352)
==663996==    by 0x400CD90: main (tar.c:2818)
==663996== 
==663996== 176 bytes in 1 blocks are still reachable in loss record 32 of 33
==663996==    at 0x48C4E43: calloc (vg_replace_malloc.c:1678)
==663996==    by 0x404789C: hash_initialize (hash.c:544)
==663996==    by 0x401F837: note_directory (incremen.c:362)
==663996==    by 0x4020348: procdir (incremen.c:531)
==663996==    by 0x4020C14: scan_directory (incremen.c:751)
==663996==    by 0x4029BDE: add_hierarchy_to_namelist (names.c:1610)
==663996==    by 0x402A940: collect_and_sort_names (names.c:1813)
==663996==    by 0x40175DD: create_archive (create.c:1352)
==663996==    by 0x400CD90: main (tar.c:2818)
==663996== 
==663996== 4,064 bytes in 1 blocks are still reachable in loss record 33 of 33
==663996==    at 0x48BD858: malloc (vg_replace_malloc.c:447)
==663996==    by 0x40512CC: xmalloc (xmalloc.c:45)
==663996==    by 0x404A07D: call_chunkfun (obstack.c:88)
==663996==    by 0x404A07D: _obstack_begin_worker.isra.0 (obstack.c:135)
==663996==    by 0x404A0A8: _obstack_begin (obstack.c:157)
==663996==    by 0x4032C57: _transform_name_to_obstack (transform.c:592)
==663996==    by 0x4032C57: transform_name_fp (transform.c:614)
==663996==    by 0x4016444: dump_file0 (create.c:1657)
==663996==    by 0x401782F: dump_file (create.c:1968)
==663996==    by 0x401782F: create_archive (create.c:1356)
==663996==    by 0x400CD90: main (tar.c:2818)
==663996== 
==663996== LEAK SUMMARY:
==663996==    definitely lost: 87 bytes in 4 blocks
==663996==    indirectly lost: 7 bytes in 2 blocks
==663996==      possibly lost: 0 bytes in 0 blocks
==663996==    still reachable: 5,835 bytes in 31 blocks
==663996==         suppressed: 0 bytes in 0 blocks
==663996== 
==663996== For lists of detected and suppressed errors, rerun with: -s
==663996== ERROR SUMMARY: 3 errors from 3 contexts (suppressed: 0 from 0)
