==664065== Memcheck, a memory error detector
==664065== Copyright (C) 2002-2024, and GNU GPL'd, by Julian Seward et al.
==664065== Using Valgrind-3.26.0 and LibVEX; rerun with -h for copyright info
==664065== Command: tar -C tartest --create --one-file-system --verbose --file archive-1.tar --listed-incremental=archive-1.snar .
==664065== Parent PID: 663970
==664065== 
==664065== 
==664065== FILE DESCRIPTORS: 2 open (1 inherited) at exit.
==664065== Open file descriptor 5: tartest
==664065==    at 0x4A1AADA: openat (openat64.c:39)
==664065==    by 0x4027817: openat (fcntl2.h:175)
==664065==    by 0x4027817: chdir_do (misc.c:988)
==664065==    by 0x402AA73: name_from_list (names.c:1931)
==664065==    by 0x4021770: read_directory_file (incremen.c:1362)
==664065==    by 0x402A501: collect_and_sort_names (names.c:1772)
==664065==    by 0x40175DD: create_archive (create.c:1352)
==664065==    by 0x400CD90: main (tar.c:2818)
==664065== 
==664065== 
==664065== HEAP SUMMARY:
==664065==     in use at exit: 10,012 bytes in 38 blocks
==664065==   total heap usage: 144 allocs, 106 frees, 212,308 bytes allocated
==664065== 
==664065== 2 bytes in 1 blocks are still reachable in loss record 1 of 31
==664065==    at 0x48BD858: malloc (vg_replace_malloc.c:447)
==664065==    by 0x405185D: xmalloc (xmalloc.c:45)
==664065==    by 0x405185D: xmemdup (xmalloc.c:314)
==664065==    by 0x405185D: xstrdup (xmalloc.c:339)
==664065==    by 0x402994B: make_name (names.c:599)
==664065==    by 0x402994B: addname (names.c:1233)
==664065==    by 0x4029AB7: name_gather (names.c:1218)
==664065==    by 0x402A4BC: collect_and_sort_names (names.c:1747)
==664065==    by 0x40175DD: create_archive (create.c:1352)
==664065==    by 0x400CD90: main (tar.c:2818)
==664065== 
==664065== 5 bytes in 1 blocks are still reachable in loss record 2 of 31
==664065==    at 0x48BD858: malloc (vg_replace_malloc.c:447)
==664065==    by 0x405185D: xmalloc (xmalloc.c:45)
==664065==    by 0x405185D: xmemdup (xmalloc.c:314)
==664065==    by 0x405185D: xstrdup (xmalloc.c:339)
==664065==    by 0x402644F: assign_string (misc.c:58)
==664065==    by 0x4029612: uid_to_uname (names.c:490)
==664065==    by 0x40155F3: start_header (create.c:931)
==664065==    by 0x40167F9: dump_dir0 (create.c:1123)
==664065==    by 0x40167F9: dump_dir (create.c:1320)
==664065==    by 0x40167F9: dump_file0 (create.c:1757)
==664065==    by 0x401782F: dump_file (create.c:1968)
==664065==    by 0x401782F: create_archive (create.c:1356)
==664065==    by 0x400CD90: main (tar.c:2818)
==664065== 
==664065== 5 bytes in 1 blocks are still reachable in loss record 3 of 31
==664065==    at 0x48BD858: malloc (vg_replace_malloc.c:447)
==664065==    by 0x405185D: xmalloc (xmalloc.c:45)
==664065==    by 0x405185D: xmemdup (xmalloc.c:314)
==664065==    by 0x405185D: xstrdup (xmalloc.c:339)
==664065==    by 0x402644F: assign_string (misc.c:58)
==664065==    by 0x40296A2: gid_to_gname (names.c:520)
==664065==    by 0x40155DB: start_header (create.c:936)
==664065==    by 0x40167F9: dump_dir0 (create.c:1123)
==664065==    by 0x40167F9: dump_dir (create.c:1320)
==664065==    by 0x40167F9: dump_file0 (create.c:1757)
==664065==    by 0x401782F: dump_file (create.c:1968)
==664065==    by 0x401782F: create_archive (create.c:1356)
==664065==    by 0x400CD90: main (tar.c:2818)
==664065== 
==664065== 7 bytes in 2 blocks are indirectly lost in loss record 4 of 31
==664065==    at 0x48BD858: malloc (vg_replace_malloc.c:447)
==664065==    by 0x40387DD: wsnode_quoteremoval (wordsplit.c:651)
==664065==    by 0x4039CFD: wordsplit_process_list (wordsplit.c:2390)
==664065==    by 0x403A562: wordsplit_run.constprop.0 (wordsplit.c:2434)
==664065==    by 0x400BFFA: parse_default_options (tar.c:2256)
==664065==    by 0x400BFFA: decode_options (tar.c:2378)
==664065==    by 0x400BFFA: main (tar.c:2792)
==664065== 
==664065== 7 bytes in 2 blocks are definitely lost in loss record 5 of 31
==664065==    at 0x48BD858: malloc (vg_replace_malloc.c:447)
==664065==    by 0x403A1FB: wordsplit_finish (wordsplit.c:836)
==664065==    by 0x400BFFA: parse_default_options (tar.c:2256)
==664065==    by 0x400BFFA: decode_options (tar.c:2378)
==664065==    by 0x400BFFA: main (tar.c:2792)
==664065== 
==664065== 8 bytes in 1 blocks are still reachable in loss record 6 of 31
==664065==    at 0x48BD858: malloc (vg_replace_malloc.c:447)
==664065==    by 0x405185D: xmalloc (xmalloc.c:45)
==664065==    by 0x405185D: xmemdup (xmalloc.c:314)
==664065==    by 0x405185D: xstrdup (xmalloc.c:339)
==664065==    by 0x4029A2E: name_gather (names.c:1215)
==664065==    by 0x402A4BC: collect_and_sort_names (names.c:1747)
==664065==    by 0x40175DD: create_archive (create.c:1352)
==664065==    by 0x400CD90: main (tar.c:2818)
==664065== 
==664065== 9 bytes in 1 blocks are still reachable in loss record 7 of 31
==664065==    at 0x48BD858: malloc (vg_replace_malloc.c:447)
==664065==    by 0x405185D: xmalloc (xmalloc.c:45)
==664065==    by 0x405185D: xmemdup (xmalloc.c:314)
==664065==    by 0x405185D: xstrdup (xmalloc.c:339)
==664065==    by 0x402994B: make_name (names.c:599)
==664065==    by 0x402994B: addname (names.c:1233)
==664065==    by 0x4029D1B: add_hierarchy_to_namelist (names.c:1645)
==664065==    by 0x402A940: collect_and_sort_names (names.c:1813)
==664065==    by 0x40175DD: create_archive (create.c:1352)
==664065==    by 0x400CD90: main (tar.c:2818)
==664065== 
==664065== 11 bytes in 2 blocks are still reachable in loss record 8 of 31
==664065==    at 0x48BD858: malloc (vg_replace_malloc.c:447)
==664065==    by 0x40512CC: xmalloc (xmalloc.c:45)
==664065==    by 0x401F481: make_directory (incremen.c:271)
==664065==    by 0x401F735: attach_directory (incremen.c:291)
==664065==    by 0x401F735: note_directory (incremen.c:338)
==664065==    by 0x4021CBA: read_incr_db_2 (incremen.c:1271)
==664065==    by 0x4021CBA: read_directory_file (incremen.c:1392)
==664065==    by 0x402A501: collect_and_sort_names (names.c:1772)
==664065==    by 0x40175DD: create_archive (create.c:1352)
==664065==    by 0x400CD90: main (tar.c:2818)
==664065== 
==664065== 16 bytes in 1 blocks are still reachable in loss record 9 of 31
==664065==    at 0x48C4E43: calloc (vg_replace_malloc.c:1678)
==664065==    by 0x40516F1: xcalloc (xmalloc.c:298)
==664065==    by 0x40516F1: xzalloc (xmalloc.c:283)
==664065==    by 0x400BEF9: decode_options (tar.c:2297)
==664065==    by 0x400BEF9: main (tar.c:2792)
==664065== 
==664065== 24 bytes in 1 blocks are still reachable in loss record 10 of 31
==664065==    at 0x48C4E43: calloc (vg_replace_malloc.c:1678)
==664065==    by 0x405174C: xcalloc (xmalloc.c:298)
==664065==    by 0x401F652: dumpdir_create0 (incremen.c:108)
==664065==    by 0x401F790: dumpdir_create (incremen.c:122)
==664065==    by 0x401F790: note_directory (incremen.c:349)
==664065==    by 0x4021CBA: read_incr_db_2 (incremen.c:1271)
==664065==    by 0x4021CBA: read_directory_file (incremen.c:1392)
==664065==    by 0x402A501: collect_and_sort_names (names.c:1772)
==664065==    by 0x40175DD: create_archive (create.c:1352)
==664065==    by 0x400CD90: main (tar.c:2818)
==664065== 
==664065== 24 bytes in 1 blocks are still reachable in loss record 11 of 31
==664065==    at 0x48C4E43: calloc (vg_replace_malloc.c:1678)
==664065==    by 0x405174C: xcalloc (xmalloc.c:298)
==664065==    by 0x401F652: dumpdir_create0 (incremen.c:108)
==664065==    by 0x4020E38: makedumpdir (incremen.c:709)
==664065==    by 0x4020E38: scan_directory (incremen.c:766)
==664065==    by 0x4029BDE: add_hierarchy_to_namelist (names.c:1610)
==664065==    by 0x402A940: collect_and_sort_names (names.c:1813)
==664065==    by 0x40175DD: create_archive (create.c:1352)
==664065==    by 0x400CD90: main (tar.c:2818)
==664065== 
==664065== 32 bytes in 1 blocks are still reachable in loss record 12 of 31
==664065==    at 0x48BD858: malloc (vg_replace_malloc.c:447)
==664065==    by 0x40512CC: xmalloc (xmalloc.c:45)
==664065==    by 0x402F07B: optloc_save (tar.c:926)
==664065==    by 0x403020B: parse_opt (tar.c:1520)
==664065==    by 0x40421C3: group_parse (argp-parse.c:233)
==664065==    by 0x40421C3: parser_parse_opt (argp-parse.c:748)
==664065==    by 0x40421C3: parser_parse_next (argp-parse.c:859)
==664065==    by 0x40421C3: argp_parse (argp-parse.c:927)
==664065==    by 0x400C045: decode_options (tar.c:2380)
==664065==    by 0x400C045: main (tar.c:2792)
==664065== 
==664065== 48 bytes in 1 blocks are still reachable in loss record 13 of 31
==664065==    at 0x48C53C0: reallocarray (vg_replace_malloc.c:1806)
==664065==    by 0x40515C9: xreallocarray (xmalloc.c:84)
==664065==    by 0x40515C9: x2nrealloc (xmalloc.c:203)
==664065==    by 0x4027754: chdir_arg (misc.c:934)
==664065==    by 0x4029A36: name_gather (names.c:1215)
==664065==    by 0x402A4BC: collect_and_sort_names (names.c:1747)
==664065==    by 0x40175DD: create_archive (create.c:1352)
==664065==    by 0x400CD90: main (tar.c:2818)
==664065== 
==664065== 55 bytes in 1 blocks are still reachable in loss record 14 of 31
==664065==    at 0x48C507F: realloc (vg_replace_malloc.c:1804)
==664065==    by 0x4A1A327: getcwd (getcwd.c:86)
==664065==    by 0x4052EB3: getcwd (unistd.h:116)
==664065==    by 0x4052EB3: rpl_getcwd (getcwd.c:218)
==664065==    by 0x4051890: xgetcwd (xgetcwd.c:37)
==664065==    by 0x4027EDF: tar_getcdpath (misc.c:1073)
==664065==    by 0x4027EDF: normalize_filename (misc.c:332)
==664065==    by 0x401F72A: attach_directory (incremen.c:290)
==664065==    by 0x401F72A: note_directory (incremen.c:338)
==664065==    by 0x4021CBA: read_incr_db_2 (incremen.c:1271)
==664065==    by 0x4021CBA: read_directory_file (incremen.c:1392)
==664065==    by 0x402A501: collect_and_sort_names (names.c:1772)
==664065==    by 0x40175DD: create_archive (create.c:1352)
==664065==    by 0x400CD90: main (tar.c:2818)
==664065== 
==664065== 57 bytes in 1 blocks are still reachable in loss record 15 of 31
==664065==    at 0x48BD858: malloc (vg_replace_malloc.c:447)
==664065==    by 0x40512CC: xmalloc (xmalloc.c:45)
==664065==    by 0x401F61C: dumpdir_create0 (incremen.c:103)
==664065==    by 0x401F790: dumpdir_create (incremen.c:122)
==664065==    by 0x401F790: note_directory (incremen.c:349)
==664065==    by 0x4021CBA: read_incr_db_2 (incremen.c:1271)
==664065==    by 0x4021CBA: read_directory_file (incremen.c:1392)
==664065==    by 0x402A501: collect_and_sort_names (names.c:1772)
==664065==    by 0x40175DD: create_archive (create.c:1352)
==664065==    by 0x400CD90: main (tar.c:2818)
==664065== 
==664065== 57 bytes in 1 blocks are still reachable in loss record 16 of 31
==664065==    at 0x48BD858: malloc (vg_replace_malloc.c:447)
==664065==    by 0x40512CC: xmalloc (xmalloc.c:45)
==664065==    by 0x401F61C: dumpdir_create0 (incremen.c:103)
==664065==    by 0x4020E38: makedumpdir (incremen.c:709)
==664065==    by 0x4020E38: scan_directory (incremen.c:766)
==664065==    by 0x4029BDE: add_hierarchy_to_namelist (names.c:1610)
==664065==    by 0x402A940: collect_and_sort_names (names.c:1813)
==664065==    by 0x40175DD: create_archive (create.c:1352)
==664065==    by 0x400CD90: main (tar.c:2818)
==664065== 
==664065== 80 bytes in 1 blocks are still reachable in loss record 17 of 31
==664065==    at 0x48BD858: malloc (vg_replace_malloc.c:447)
==664065==    by 0x40512CC: xmalloc (xmalloc.c:45)
==664065==    by 0x400BE43: main (tar.c:2781)
==664065== 
==664065== 80 bytes in 1 blocks are still reachable in loss record 18 of 31
==664065==    at 0x48BD858: malloc (vg_replace_malloc.c:447)
==664065==    by 0x4047846: hash_initialize (hash.c:523)
==664065==    by 0x401F807: note_directory (incremen.c:354)
==664065==    by 0x4021CBA: read_incr_db_2 (incremen.c:1271)
==664065==    by 0x4021CBA: read_directory_file (incremen.c:1392)
==664065==    by 0x402A501: collect_and_sort_names (names.c:1772)
==664065==    by 0x40175DD: create_archive (create.c:1352)
==664065==    by 0x400CD90: main (tar.c:2818)
==664065== 
==664065== 80 bytes in 1 blocks are still reachable in loss record 19 of 31
==664065==    at 0x48BD858: malloc (vg_replace_malloc.c:447)
==664065==    by 0x4047846: hash_initialize (hash.c:523)
==664065==    by 0x401F837: note_directory (incremen.c:362)
==664065==    by 0x4021CBA: read_incr_db_2 (incremen.c:1271)
==664065==    by 0x4021CBA: read_directory_file (incremen.c:1392)
==664065==    by 0x402A501: collect_and_sort_names (names.c:1772)
==664065==    by 0x40175DD: create_archive (create.c:1352)
==664065==    by 0x400CD90: main (tar.c:2818)
==664065== 
==664065== 85 bytes in 1 blocks are still reachable in loss record 20 of 31
==664065==    at 0x48C53C0: reallocarray (vg_replace_malloc.c:1806)
==664065==    by 0x40514B0: xreallocarray (xmalloc.c:84)
==664065==    by 0x40514B0: x2nrealloc (xmalloc.c:203)
==664065==    by 0x40514B0: x2realloc (xmalloc.c:120)
==664065==    by 0x4027D38: namebuf_name (misc.c:1273)
==664065==    by 0x4027F7E: namebuf_add_dir (misc.c:1287)
==664065==    by 0x4027F7E: tar_getcdpath (misc.c:1084)
==664065==    by 0x4027F7E: normalize_filename (misc.c:332)
==664065==    by 0x401F72A: attach_directory (incremen.c:290)
==664065==    by 0x401F72A: note_directory (incremen.c:338)
==664065==    by 0x4021CBA: read_incr_db_2 (incremen.c:1271)
==664065==    by 0x4021CBA: read_directory_file (incremen.c:1392)
==664065==    by 0x402A501: collect_and_sort_names (names.c:1772)
==664065==    by 0x40175DD: create_archive (create.c:1352)
==664065==    by 0x400CD90: main (tar.c:2818)
==664065== 
==664065== 87 (80 direct, 7 indirect) bytes in 2 blocks are definitely lost in loss record 21 of 31
==664065==    at 0x48C4E43: calloc (vg_replace_malloc.c:1678)
==664065==    by 0x403959D: wsnode_new (wordsplit.c:422)
==664065==    by 0x403959D: wordsplit_add_segm (wordsplit.c:523)
==664065==    by 0x4039854: scan_word (wordsplit.c:2062)
==664065==    by 0x4039C7C: wordsplit_process_list (wordsplit.c:2358)
==664065==    by 0x403A562: wordsplit_run.constprop.0 (wordsplit.c:2434)
==664065==    by 0x400BFFA: parse_default_options (tar.c:2256)
==664065==    by 0x400BFFA: decode_options (tar.c:2378)
==664065==    by 0x400BFFA: main (tar.c:2792)
==664065== 
==664065== 96 bytes in 1 blocks are still reachable in loss record 22 of 31
==664065==    at 0x48C4E43: calloc (vg_replace_malloc.c:1678)
==664065==    by 0x40516F1: xcalloc (xmalloc.c:298)
==664065==    by 0x40516F1: xzalloc (xmalloc.c:283)
==664065==    by 0x4029932: make_name (names.c:596)
==664065==    by 0x4029932: addname (names.c:1233)
==664065==    by 0x4029AB7: name_gather (names.c:1218)
==664065==    by 0x402A4BC: collect_and_sort_names (names.c:1747)
==664065==    by 0x40175DD: create_archive (create.c:1352)
==664065==    by 0x400CD90: main (tar.c:2818)
==664065== 
==664065== 96 bytes in 1 blocks are still reachable in loss record 23 of 31
==664065==    at 0x48C4E43: calloc (vg_replace_malloc.c:1678)
==664065==    by 0x40516F1: xcalloc (xmalloc.c:298)
==664065==    by 0x40516F1: xzalloc (xmalloc.c:283)
==664065==    by 0x4029932: make_name (names.c:596)
==664065==    by 0x4029932: addname (names.c:1233)
==664065==    by 0x4029D1B: add_hierarchy_to_namelist (names.c:1645)
==664065==    by 0x402A940: collect_and_sort_names (names.c:1813)
==664065==    by 0x40175DD: create_archive (create.c:1352)
==664065==    by 0x400CD90: main (tar.c:2818)
==664065== 
==664065== 102 bytes in 1 blocks are still reachable in loss record 24 of 31
==664065==    at 0x48BD858: malloc (vg_replace_malloc.c:447)
==664065==    by 0x40512CC: xmalloc (xmalloc.c:45)
==664065==    by 0x4029881: name_init (names.c:869)
==664065==    by 0x400C94C: main (tar.c:2794)
==664065== 
==664065== 137 bytes in 2 blocks are still reachable in loss record 25 of 31
==664065==    at 0x48BD858: malloc (vg_replace_malloc.c:447)
==664065==    by 0x40512CC: xmalloc (xmalloc.c:45)
==664065==    by 0x4027DDB: normalize_filename (misc.c:339)
==664065==    by 0x401F72A: attach_directory (incremen.c:290)
==664065==    by 0x401F72A: note_directory (incremen.c:338)
==664065==    by 0x4021CBA: read_incr_db_2 (incremen.c:1271)
==664065==    by 0x4021CBA: read_directory_file (incremen.c:1392)
==664065==    by 0x402A501: collect_and_sort_names (names.c:1772)
==664065==    by 0x40175DD: create_archive (create.c:1352)
==664065==    by 0x400CD90: main (tar.c:2818)
==664065== 
==664065== 137 bytes in 2 blocks are still reachable in loss record 26 of 31
==664065==    at 0x48BD858: malloc (vg_replace_malloc.c:447)
==664065==    by 0x40512CC: xmalloc (xmalloc.c:45)
==664065==    by 0x4027DDB: normalize_filename (misc.c:339)
==664065==    by 0x402A6B2: collect_and_sort_names (names.c:1833)
==664065==    by 0x40175DD: create_archive (create.c:1352)
==664065==    by 0x400CD90: main (tar.c:2818)
==664065== 
==664065== 176 bytes in 1 blocks are still reachable in loss record 27 of 31
==664065==    at 0x48C4E43: calloc (vg_replace_malloc.c:1678)
==664065==    by 0x404789C: hash_initialize (hash.c:544)
==664065==    by 0x401F807: note_directory (incremen.c:354)
==664065==    by 0x4021CBA: read_incr_db_2 (incremen.c:1271)
==664065==    by 0x4021CBA: read_directory_file (incremen.c:1392)
==664065==    by 0x402A501: collect_and_sort_names (names.c:1772)
==664065==    by 0x40175DD: create_archive (create.c:1352)
==664065==    by 0x400CD90: main (tar.c:2818)
==664065== 
==664065== 176 bytes in 1 blocks are still reachable in loss record 28 of 31
==664065==    at 0x48C4E43: calloc (vg_replace_malloc.c:1678)
==664065==    by 0x404789C: hash_initialize (hash.c:544)
==664065==    by 0x401F837: note_directory (incremen.c:362)
==664065==    by 0x4021CBA: read_incr_db_2 (incremen.c:1271)
==664065==    by 0x4021CBA: read_directory_file (incremen.c:1392)
==664065==    by 0x402A501: collect_and_sort_names (names.c:1772)
==664065==    by 0x40175DD: create_archive (create.c:1352)
==664065==    by 0x400CD90: main (tar.c:2818)
==664065== 
==664065== 192 bytes in 2 blocks are still reachable in loss record 29 of 31
==664065==    at 0x48BD858: malloc (vg_replace_malloc.c:447)
==664065==    by 0x40512CC: xmalloc (xmalloc.c:45)
==664065==    by 0x401F446: make_directory (incremen.c:264)
==664065==    by 0x401F735: attach_directory (incremen.c:291)
==664065==    by 0x401F735: note_directory (incremen.c:338)
==664065==    by 0x4021CBA: read_incr_db_2 (incremen.c:1271)
==664065==    by 0x4021CBA: read_directory_file (incremen.c:1392)
==664065==    by 0x402A501: collect_and_sort_names (names.c:1772)
==664065==    by 0x40175DD: create_archive (create.c:1352)
==664065==    by 0x400CD90: main (tar.c:2818)
==664065== 
==664065== 4,064 bytes in 1 blocks are still reachable in loss record 30 of 31
==664065==    at 0x48BD858: malloc (vg_replace_malloc.c:447)
==664065==    by 0x40512CC: xmalloc (xmalloc.c:45)
==664065==    by 0x404A07D: call_chunkfun (obstack.c:88)
==664065==    by 0x404A07D: _obstack_begin_worker.isra.0 (obstack.c:135)
==664065==    by 0x404A0A8: _obstack_begin (obstack.c:157)
==664065==    by 0x4032C57: _transform_name_to_obstack (transform.c:592)
==664065==    by 0x4032C57: transform_name_fp (transform.c:614)
==664065==    by 0x4016444: dump_file0 (create.c:1657)
==664065==    by 0x401782F: dump_file (create.c:1968)
==664065==    by 0x401782F: create_archive (create.c:1356)
==664065==    by 0x400CD90: main (tar.c:2818)
==664065== 
==664065== 4,064 bytes in 1 blocks are definitely lost in loss record 31 of 31
==664065==    at 0x48BD858: malloc (vg_replace_malloc.c:447)
==664065==    by 0x40512CC: xmalloc (xmalloc.c:45)
==664065==    by 0x404A07D: call_chunkfun (obstack.c:88)
==664065==    by 0x404A07D: _obstack_begin_worker.isra.0 (obstack.c:135)
==664065==    by 0x404A0A8: _obstack_begin (obstack.c:157)
==664065==    by 0x4021AC1: read_incr_db_2 (incremen.c:1225)
==664065==    by 0x4021AC1: read_directory_file (incremen.c:1392)
==664065==    by 0x402A501: collect_and_sort_names (names.c:1772)
==664065==    by 0x40175DD: create_archive (create.c:1352)
==664065==    by 0x400CD90: main (tar.c:2818)
==664065== 
==664065== LEAK SUMMARY:
==664065==    definitely lost: 4,151 bytes in 5 blocks
==664065==    indirectly lost: 7 bytes in 2 blocks
==664065==      possibly lost: 0 bytes in 0 blocks
==664065==    still reachable: 5,854 bytes in 31 blocks
==664065==         suppressed: 0 bytes in 0 blocks
==664065== 
==664065== For lists of detected and suppressed errors, rerun with: -s
==664065== ERROR SUMMARY: 4 errors from 4 contexts (suppressed: 0 from 0)
