==706209== Memcheck, a memory error detector
==706209== Copyright (C) 2002-2024, and GNU GPL'd, by Julian Seward et al.
==706209== Using Valgrind-3.26.0 and LibVEX; rerun with -h for copyright info
==706209== Command: /tmp/rboxc-tar-behavior-2zt0mo0e/exec/tar -tf archive.tar ./nested/beta
==706209== Parent PID: 705177
==706209== 
==706209== 
==706209== FILE DESCRIPTORS: 1 open (1 inherited) at exit.
==706209== 
==706209== HEAP SUMMARY:
==706209==     in use at exit: 4,272 bytes in 6 blocks
==706209==   total heap usage: 81 allocs, 75 frees, 51,967 bytes allocated
==706209== 
==706209== 5 bytes in 1 blocks are still reachable in loss record 1 of 6
==706209==    at 0x586E858: malloc (vg_replace_malloc.c:447)
==706209==    by 0x469E7ED: rboxc_tar_xstrdup (in /root/rboxc/target/tar-child-input-candidate/release/rboxc)
==706209==    by 0x467004F: rboxc_tar_assign_string (in /root/rboxc/target/tar-child-input-candidate/release/rboxc)
==706209==    by 0x467345C: rboxc_tar_uname_to_uid (in /root/rboxc/target/tar-child-input-candidate/release/rboxc)
==706209==    by 0x466E0BF: rboxc_tar_decode_header (in /root/rboxc/target/tar-child-input-candidate/release/rboxc)
==706209==    by 0x466F156: rboxc_tar_read_and (in /root/rboxc/target/tar-child-input-candidate/release/rboxc)
==706209==    by 0x440EF39: single_binary_main_tar (in /root/rboxc/target/tar-child-input-candidate/release/rboxc)
==706209==    by 0x5A18600: (below main) (libc_start_call_main.h:59)
==706209== 
==706209== 5 bytes in 1 blocks are still reachable in loss record 2 of 6
==706209==    at 0x586E858: malloc (vg_replace_malloc.c:447)
==706209==    by 0x469E7ED: rboxc_tar_xstrdup (in /root/rboxc/target/tar-child-input-candidate/release/rboxc)
==706209==    by 0x467004F: rboxc_tar_assign_string (in /root/rboxc/target/tar-child-input-candidate/release/rboxc)
==706209==    by 0x46734FC: rboxc_tar_gname_to_gid (in /root/rboxc/target/tar-child-input-candidate/release/rboxc)
==706209==    by 0x466E09F: rboxc_tar_decode_header (in /root/rboxc/target/tar-child-input-candidate/release/rboxc)
==706209==    by 0x466F156: rboxc_tar_read_and (in /root/rboxc/target/tar-child-input-candidate/release/rboxc)
==706209==    by 0x440EF39: single_binary_main_tar (in /root/rboxc/target/tar-child-input-candidate/release/rboxc)
==706209==    by 0x5A18600: (below main) (libc_start_call_main.h:59)
==706209== 
==706209== 16 bytes in 1 blocks are still reachable in loss record 3 of 6
==706209==    at 0x5875E43: calloc (vg_replace_malloc.c:1678)
==706209==    by 0x469E681: rboxc_tar_xzalloc (in /root/rboxc/target/tar-child-input-candidate/release/rboxc)
==706209==    by 0x440DEF5: single_binary_main_tar (in /root/rboxc/target/tar-child-input-candidate/release/rboxc)
==706209==    by 0x5A18600: (below main) (libc_start_call_main.h:59)
==706209== 
==706209== 80 bytes in 1 blocks are still reachable in loss record 4 of 6
==706209==    at 0x586E858: malloc (vg_replace_malloc.c:447)
==706209==    by 0x469E25C: rboxc_tar_xmalloc (in /root/rboxc/target/tar-child-input-candidate/release/rboxc)
==706209==    by 0x440DE00: single_binary_main_tar (in /root/rboxc/target/tar-child-input-candidate/release/rboxc)
==706209==    by 0x5A18600: (below main) (libc_start_call_main.h:59)
==706209== 
==706209== 102 bytes in 1 blocks are still reachable in loss record 5 of 6
==706209==    at 0x586E858: malloc (vg_replace_malloc.c:447)
==706209==    by 0x469E25C: rboxc_tar_xmalloc (in /root/rboxc/target/tar-child-input-candidate/release/rboxc)
==706209==    by 0x46735A1: rboxc_tar_name_init (in /root/rboxc/target/tar-child-input-candidate/release/rboxc)
==706209==    by 0x440EE7A: single_binary_main_tar (in /root/rboxc/target/tar-child-input-candidate/release/rboxc)
==706209==    by 0x5A18600: (below main) (libc_start_call_main.h:59)
==706209== 
==706209== 4,064 bytes in 1 blocks are still reachable in loss record 6 of 6
==706209==    at 0x586E858: malloc (vg_replace_malloc.c:447)
==706209==    by 0x469E25C: rboxc_tar_xmalloc (in /root/rboxc/target/tar-child-input-candidate/release/rboxc)
==706209==    by 0x469617D: _obstack_begin_worker.isra.0 (in /root/rboxc/target/tar-child-input-candidate/release/rboxc)
==706209==    by 0x46961A8: rboxc_tar__obstack_begin (in /root/rboxc/target/tar-child-input-candidate/release/rboxc)
==706209==    by 0x4679E77: rboxc_tar_transform_name_fp (in /root/rboxc/target/tar-child-input-candidate/release/rboxc)
==706209==    by 0x466D1B0: transform_stat_info.part.0 (in /root/rboxc/target/tar-child-input-candidate/release/rboxc)
==706209==    by 0x466F390: rboxc_tar_read_and (in /root/rboxc/target/tar-child-input-candidate/release/rboxc)
==706209==    by 0x440EF39: single_binary_main_tar (in /root/rboxc/target/tar-child-input-candidate/release/rboxc)
==706209==    by 0x5A18600: (below main) (libc_start_call_main.h:59)
==706209== 
==706209== LEAK SUMMARY:
==706209==    definitely lost: 0 bytes in 0 blocks
==706209==    indirectly lost: 0 bytes in 0 blocks
==706209==      possibly lost: 0 bytes in 0 blocks
==706209==    still reachable: 4,272 bytes in 6 blocks
==706209==         suppressed: 0 bytes in 0 blocks
==706209== 
==706209== For lists of detected and suppressed errors, rerun with: -s
==706209== ERROR SUMMARY: 0 errors from 0 contexts (suppressed: 0 from 0)
