==631423== Memcheck, a memory error detector
==631423== Copyright (C) 2002-2024, and GNU GPL'd, by Julian Seward et al.
==631423== Using Valgrind-3.26.0 and LibVEX; rerun with -h for copyright info
==631423== Command: tar --version
==631423== Parent PID: 631338
==631423== 
==631423== 
==631423== FILE DESCRIPTORS: 4 open (4 inherited) at exit.
==631423== 
==631423== HEAP SUMMARY:
==631423==     in use at exit: 7,767 bytes in 3 blocks
==631423==   total heap usage: 15 allocs, 12 frees, 12,021 bytes allocated
==631423== 
==631423== 16 bytes in 1 blocks are still reachable in loss record 1 of 3
==631423==    at 0x48C4E43: calloc (vg_replace_malloc.c:1678)
==631423==    by 0x40516F1: xcalloc (xmalloc.c:298)
==631423==    by 0x40516F1: xzalloc (xmalloc.c:283)
==631423==    by 0x400BEF9: decode_options (tar.c:2297)
==631423==    by 0x400BEF9: main (tar.c:2792)
==631423== 
==631423== 80 bytes in 1 blocks are still reachable in loss record 2 of 3
==631423==    at 0x48BD858: malloc (vg_replace_malloc.c:447)
==631423==    by 0x40512CC: xmalloc (xmalloc.c:45)
==631423==    by 0x400BE43: main (tar.c:2781)
==631423== 
==631423== 7,671 bytes in 1 blocks are still reachable in loss record 3 of 3
==631423==    at 0x48BD858: malloc (vg_replace_malloc.c:447)
==631423==    by 0x4041854: parser_init (argp-parse.c:495)
==631423==    by 0x4041854: argp_parse (argp-parse.c:921)
==631423==    by 0x400C045: decode_options (tar.c:2380)
==631423==    by 0x400C045: main (tar.c:2792)
==631423== 
==631423== LEAK SUMMARY:
==631423==    definitely lost: 0 bytes in 0 blocks
==631423==    indirectly lost: 0 bytes in 0 blocks
==631423==      possibly lost: 0 bytes in 0 blocks
==631423==    still reachable: 7,767 bytes in 3 blocks
==631423==         suppressed: 0 bytes in 0 blocks
==631423== 
==631423== For lists of detected and suppressed errors, rerun with: -s
==631423== ERROR SUMMARY: 0 errors from 0 contexts (suppressed: 0 from 0)
