==595438== Memcheck, a memory error detector
==595438== Copyright (C) 2002-2024, and GNU GPL'd, by Julian Seward et al.
==595438== Using Valgrind-3.26.0 and LibVEX; rerun with -h for copyright info
==595438== Command: tar -cvf foo.tar --remove-files -C /tmp/rboxc-tar-original-t80wqqcr/testsuite.dir/210/gnu/foo file -C ../bar file
==595438== Parent PID: 595418
==595438== 
==595438== 
==595438== FILE DESCRIPTORS: 3 open (1 inherited) at exit.
==595438== Open file descriptor 5: ../bar
==595438==    at 0x4A1AADA: openat (openat64.c:39)
==595438==    by 0x4027817: openat (fcntl2.h:175)
==595438==    by 0x4027817: chdir_do (misc.c:988)
==595438==    by 0x4028D52: name_next_elt (names.c:1123)
==595438==    by 0x40298EC: name_next (names.c:1152)
==595438==    by 0x401750F: create_archive (create.c:1410)
==595438==    by 0x400CD90: main (tar.c:2818)
==595438== 
==595438== Open file descriptor 4: /tmp/rboxc-tar-original-t80wqqcr/testsuite.dir/210/gnu/foo
==595438==    at 0x4A1AADA: openat (openat64.c:39)
==595438==    by 0x4027817: openat (fcntl2.h:175)
==595438==    by 0x4027817: chdir_do (misc.c:988)
==595438==    by 0x4028D52: name_next_elt (names.c:1123)
==595438==    by 0x40298EC: name_next (names.c:1152)
==595438==    by 0x401750F: create_archive (create.c:1410)
==595438==    by 0x400CD90: main (tar.c:2818)
==595438== 
==595438== 
==595438== HEAP SUMMARY:
==595438==     in use at exit: 4,848 bytes in 19 blocks
==595438==   total heap usage: 80 allocs, 61 frees, 61,271 bytes allocated
==595438== 
==595438== 5 bytes in 1 blocks are still reachable in loss record 1 of 14
==595438==    at 0x48BD858: malloc (vg_replace_malloc.c:447)
==595438==    by 0x405185D: xmalloc (xmalloc.c:45)
==595438==    by 0x405185D: xmemdup (xmalloc.c:314)
==595438==    by 0x405185D: xstrdup (xmalloc.c:339)
==595438==    by 0x402644F: assign_string (misc.c:58)
==595438==    by 0x4029612: uid_to_uname (names.c:490)
==595438==    by 0x40155F3: start_header (create.c:931)
==595438==    by 0x4015798: dump_regular_file (create.c:1050)
==595438==    by 0x40165E2: dump_file0 (create.c:1773)
==595438==    by 0x4017589: dump_file (create.c:1968)
==595438==    by 0x4017589: create_archive (create.c:1412)
==595438==    by 0x400CD90: main (tar.c:2818)
==595438== 
==595438== 5 bytes in 1 blocks are still reachable in loss record 2 of 14
==595438==    at 0x48BD858: malloc (vg_replace_malloc.c:447)
==595438==    by 0x405185D: xmalloc (xmalloc.c:45)
==595438==    by 0x405185D: xmemdup (xmalloc.c:314)
==595438==    by 0x405185D: xstrdup (xmalloc.c:339)
==595438==    by 0x402644F: assign_string (misc.c:58)
==595438==    by 0x40296A2: gid_to_gname (names.c:520)
==595438==    by 0x40155DB: start_header (create.c:936)
==595438==    by 0x4015798: dump_regular_file (create.c:1050)
==595438==    by 0x40165E2: dump_file0 (create.c:1773)
==595438==    by 0x4017589: dump_file (create.c:1968)
==595438==    by 0x4017589: create_archive (create.c:1412)
==595438==    by 0x400CD90: main (tar.c:2818)
==595438== 
==595438== 7 bytes in 2 blocks are indirectly lost in loss record 3 of 14
==595438==    at 0x48BD858: malloc (vg_replace_malloc.c:447)
==595438==    by 0x40387DD: wsnode_quoteremoval (wordsplit.c:651)
==595438==    by 0x4039CFD: wordsplit_process_list (wordsplit.c:2390)
==595438==    by 0x403A562: wordsplit_run.constprop.0 (wordsplit.c:2434)
==595438==    by 0x400BFFA: parse_default_options (tar.c:2256)
==595438==    by 0x400BFFA: decode_options (tar.c:2378)
==595438==    by 0x400BFFA: main (tar.c:2792)
==595438== 
==595438== 7 bytes in 2 blocks are definitely lost in loss record 4 of 14
==595438==    at 0x48BD858: malloc (vg_replace_malloc.c:447)
==595438==    by 0x403A1FB: wordsplit_finish (wordsplit.c:836)
==595438==    by 0x400BFFA: parse_default_options (tar.c:2256)
==595438==    by 0x400BFFA: decode_options (tar.c:2378)
==595438==    by 0x400BFFA: main (tar.c:2792)
==595438== 
==595438== 16 bytes in 1 blocks are still reachable in loss record 5 of 14
==595438==    at 0x48C4E43: calloc (vg_replace_malloc.c:1678)
==595438==    by 0x40516F1: xcalloc (xmalloc.c:298)
==595438==    by 0x40516F1: xzalloc (xmalloc.c:283)
==595438==    by 0x400BEF9: decode_options (tar.c:2297)
==595438==    by 0x400BEF9: main (tar.c:2792)
==595438== 
==595438== 64 bytes in 2 blocks are still reachable in loss record 6 of 14
==595438==    at 0x48BD858: malloc (vg_replace_malloc.c:447)
==595438==    by 0x40512CC: xmalloc (xmalloc.c:45)
==595438==    by 0x401407E: file_count_links (create.c:1522)
==595438==    by 0x401407E: file_count_links (create.c:1508)
==595438==    by 0x4016A58: dump_file0 (create.c:1779)
==595438==    by 0x4017589: dump_file (create.c:1968)
==595438==    by 0x4017589: create_archive (create.c:1412)
==595438==    by 0x400CD90: main (tar.c:2818)
==595438== 
==595438== 66 bytes in 2 blocks are still reachable in loss record 7 of 14
==595438==    at 0x48BD858: malloc (vg_replace_malloc.c:447)
==595438==    by 0x405185D: xmalloc (xmalloc.c:45)
==595438==    by 0x405185D: xmemdup (xmalloc.c:314)
==595438==    by 0x405185D: xstrdup (xmalloc.c:339)
==595438==    by 0x4028D43: name_next_elt (names.c:1123)
==595438==    by 0x40298EC: name_next (names.c:1152)
==595438==    by 0x401750F: create_archive (create.c:1410)
==595438==    by 0x400CD90: main (tar.c:2818)
==595438== 
==595438== 80 bytes in 1 blocks are still reachable in loss record 8 of 14
==595438==    at 0x48BD858: malloc (vg_replace_malloc.c:447)
==595438==    by 0x40512CC: xmalloc (xmalloc.c:45)
==595438==    by 0x400BE43: main (tar.c:2781)
==595438== 
==595438== 80 bytes in 1 blocks are still reachable in loss record 9 of 14
==595438==    at 0x48BD858: malloc (vg_replace_malloc.c:447)
==595438==    by 0x4047846: hash_initialize (hash.c:523)
==595438==    by 0x401411B: file_count_links (create.c:1530)
==595438==    by 0x401411B: file_count_links (create.c:1508)
==595438==    by 0x4016A58: dump_file0 (create.c:1779)
==595438==    by 0x4017589: dump_file (create.c:1968)
==595438==    by 0x4017589: create_archive (create.c:1412)
==595438==    by 0x400CD90: main (tar.c:2818)
==595438== 
==595438== 87 (80 direct, 7 indirect) bytes in 2 blocks are definitely lost in loss record 10 of 14
==595438==    at 0x48C4E43: calloc (vg_replace_malloc.c:1678)
==595438==    by 0x403959D: wsnode_new (wordsplit.c:422)
==595438==    by 0x403959D: wordsplit_add_segm (wordsplit.c:523)
==595438==    by 0x4039854: scan_word (wordsplit.c:2062)
==595438==    by 0x4039C7C: wordsplit_process_list (wordsplit.c:2358)
==595438==    by 0x403A562: wordsplit_run.constprop.0 (wordsplit.c:2434)
==595438==    by 0x400BFFA: parse_default_options (tar.c:2256)
==595438==    by 0x400BFFA: decode_options (tar.c:2378)
==595438==    by 0x400BFFA: main (tar.c:2792)
==595438== 
==595438== 96 bytes in 1 blocks are still reachable in loss record 11 of 14
==595438==    at 0x48C53C0: reallocarray (vg_replace_malloc.c:1806)
==595438==    by 0x405155C: xreallocarray (xmalloc.c:84)
==595438==    by 0x405155C: x2nrealloc (xmalloc.c:203)
==595438==    by 0x4027754: chdir_arg (misc.c:934)
==595438==    by 0x4028D4B: name_next_elt (names.c:1123)
==595438==    by 0x40298EC: name_next (names.c:1152)
==595438==    by 0x401750F: create_archive (create.c:1410)
==595438==    by 0x400CD90: main (tar.c:2818)
==595438== 
==595438== 102 bytes in 1 blocks are still reachable in loss record 12 of 14
==595438==    at 0x48BD858: malloc (vg_replace_malloc.c:447)
==595438==    by 0x40512CC: xmalloc (xmalloc.c:45)
==595438==    by 0x4029881: name_init (names.c:869)
==595438==    by 0x400C94C: main (tar.c:2794)
==595438== 
==595438== 176 bytes in 1 blocks are still reachable in loss record 13 of 14
==595438==    at 0x48C4E43: calloc (vg_replace_malloc.c:1678)
==595438==    by 0x404789C: hash_initialize (hash.c:544)
==595438==    by 0x401411B: file_count_links (create.c:1530)
==595438==    by 0x401411B: file_count_links (create.c:1508)
==595438==    by 0x4016A58: dump_file0 (create.c:1779)
==595438==    by 0x4017589: dump_file (create.c:1968)
==595438==    by 0x4017589: create_archive (create.c:1412)
==595438==    by 0x400CD90: main (tar.c:2818)
==595438== 
==595438== 4,064 bytes in 1 blocks are still reachable in loss record 14 of 14
==595438==    at 0x48BD858: malloc (vg_replace_malloc.c:447)
==595438==    by 0x40512CC: xmalloc (xmalloc.c:45)
==595438==    by 0x404A07D: call_chunkfun (obstack.c:88)
==595438==    by 0x404A07D: _obstack_begin_worker.isra.0 (obstack.c:135)
==595438==    by 0x404A0A8: _obstack_begin (obstack.c:157)
==595438==    by 0x4032C57: _transform_name_to_obstack (transform.c:592)
==595438==    by 0x4032C57: transform_name_fp (transform.c:614)
==595438==    by 0x4016444: dump_file0 (create.c:1657)
==595438==    by 0x4017589: dump_file (create.c:1968)
==595438==    by 0x4017589: create_archive (create.c:1412)
==595438==    by 0x400CD90: main (tar.c:2818)
==595438== 
==595438== LEAK SUMMARY:
==595438==    definitely lost: 87 bytes in 4 blocks
==595438==    indirectly lost: 7 bytes in 2 blocks
==595438==      possibly lost: 0 bytes in 0 blocks
==595438==    still reachable: 4,754 bytes in 13 blocks
==595438==         suppressed: 0 bytes in 0 blocks
==595438== 
==595438== For lists of detected and suppressed errors, rerun with: -s
==595438== ERROR SUMMARY: 4 errors from 4 contexts (suppressed: 0 from 0)
