==613921== Memcheck, a memory error detector
==613921== Copyright (C) 2002-2024, and GNU GPL'd, by Julian Seward et al.
==613921== Using Valgrind-3.26.0 and LibVEX; rerun with -h for copyright info
==613921== Command: tar --version
==613921== Parent PID: 613836
==613921== 
==613921== 
==613921== FILE DESCRIPTORS: 4 open (4 inherited) at exit.
==613921== 
==613921== HEAP SUMMARY:
==613921==     in use at exit: 7,767 bytes in 3 blocks
==613921==   total heap usage: 15 allocs, 12 frees, 12,021 bytes allocated
==613921== 
==613921== 16 bytes in 1 blocks are still reachable in loss record 1 of 3
==613921==    at 0x48C4E43: calloc (vg_replace_malloc.c:1678)
==613921==    by 0x40516F1: xcalloc (xmalloc.c:298)
==613921==    by 0x40516F1: xzalloc (xmalloc.c:283)
==613921==    by 0x400BEF9: decode_options (tar.c:2297)
==613921==    by 0x400BEF9: main (tar.c:2792)
==613921== 
==613921== 80 bytes in 1 blocks are still reachable in loss record 2 of 3
==613921==    at 0x48BD858: malloc (vg_replace_malloc.c:447)
==613921==    by 0x40512CC: xmalloc (xmalloc.c:45)
==613921==    by 0x400BE43: main (tar.c:2781)
==613921== 
==613921== 7,671 bytes in 1 blocks are still reachable in loss record 3 of 3
==613921==    at 0x48BD858: malloc (vg_replace_malloc.c:447)
==613921==    by 0x4041854: parser_init (argp-parse.c:495)
==613921==    by 0x4041854: argp_parse (argp-parse.c:921)
==613921==    by 0x400C045: decode_options (tar.c:2380)
==613921==    by 0x400C045: main (tar.c:2792)
==613921== 
==613921== LEAK SUMMARY:
==613921==    definitely lost: 0 bytes in 0 blocks
==613921==    indirectly lost: 0 bytes in 0 blocks
==613921==      possibly lost: 0 bytes in 0 blocks
==613921==    still reachable: 7,767 bytes in 3 blocks
==613921==         suppressed: 0 bytes in 0 blocks
==613921== 
==613921== For lists of detected and suppressed errors, rerun with: -s
==613921== ERROR SUMMARY: 0 errors from 0 contexts (suppressed: 0 from 0)
