==647935== Memcheck, a memory error detector
==647935== Copyright (C) 2002-2024, and GNU GPL'd, by Julian Seward et al.
==647935== Using Valgrind-3.26.0 and LibVEX; rerun with -h for copyright info
==647935== Command: /tmp/rboxc-tar-behavior-0763mcuy/exec/tar -tf absent.tar
==647935== Parent PID: 635373
==647935== 
==647935== 
==647935== FILE DESCRIPTORS: 2 open (2 inherited) at exit.
==647935== 
==647935== HEAP SUMMARY:
==647935==     in use at exit: 14,534 bytes in 4 blocks
==647935==   total heap usage: 16 allocs, 12 frees, 22,364 bytes allocated
==647935== 
==647935== 16 bytes in 1 blocks are still reachable in loss record 1 of 4
==647935==    at 0x5875E43: calloc (vg_replace_malloc.c:1678)
==647935==    by 0x469E501: rboxc_tar_xzalloc (in /root/rboxc/target/tar-map-probe-candidate/release/rboxc)
==647935==    by 0x4477AF5: single_binary_main_tar (in /root/rboxc/target/tar-map-probe-candidate/release/rboxc)
==647935==    by 0x5A18600: (below main) (libc_start_call_main.h:59)
==647935== 
==647935== 80 bytes in 1 blocks are still reachable in loss record 2 of 4
==647935==    at 0x586E858: malloc (vg_replace_malloc.c:447)
==647935==    by 0x469E0DC: rboxc_tar_xmalloc (in /root/rboxc/target/tar-map-probe-candidate/release/rboxc)
==647935==    by 0x4477A00: single_binary_main_tar (in /root/rboxc/target/tar-map-probe-candidate/release/rboxc)
==647935==    by 0x5A18600: (below main) (libc_start_call_main.h:59)
==647935== 
==647935== 102 bytes in 1 blocks are still reachable in loss record 3 of 4
==647935==    at 0x586E858: malloc (vg_replace_malloc.c:447)
==647935==    by 0x469E0DC: rboxc_tar_xmalloc (in /root/rboxc/target/tar-map-probe-candidate/release/rboxc)
==647935==    by 0x46734A1: rboxc_tar_name_init (in /root/rboxc/target/tar-map-probe-candidate/release/rboxc)
==647935==    by 0x4478A7A: single_binary_main_tar (in /root/rboxc/target/tar-map-probe-candidate/release/rboxc)
==647935==    by 0x5A18600: (below main) (libc_start_call_main.h:59)
==647935== 
==647935== 14,336 bytes in 1 blocks are still reachable in loss record 4 of 4
==647935==    at 0x586E858: malloc (vg_replace_malloc.c:447)
==647935==    by 0x469E0DC: rboxc_tar_xmalloc (in /root/rboxc/target/tar-map-probe-candidate/release/rboxc)
==647935==    by 0x4671752: rboxc_tar_page_aligned_alloc (in /root/rboxc/target/tar-map-probe-candidate/release/rboxc)
==647935==    by 0x465A203: init_buffer (in /root/rboxc/target/tar-map-probe-candidate/release/rboxc)
==647935==    by 0x465D8FF: rboxc_tar_open_archive (in /root/rboxc/target/tar-map-probe-candidate/release/rboxc)
==647935==    by 0x466EE7F: rboxc_tar_read_and (in /root/rboxc/target/tar-map-probe-candidate/release/rboxc)
==647935==    by 0x4478B39: single_binary_main_tar (in /root/rboxc/target/tar-map-probe-candidate/release/rboxc)
==647935==    by 0x5A18600: (below main) (libc_start_call_main.h:59)
==647935== 
==647935== LEAK SUMMARY:
==647935==    definitely lost: 0 bytes in 0 blocks
==647935==    indirectly lost: 0 bytes in 0 blocks
==647935==      possibly lost: 0 bytes in 0 blocks
==647935==    still reachable: 14,534 bytes in 4 blocks
==647935==         suppressed: 0 bytes in 0 blocks
==647935== 
==647935== For lists of detected and suppressed errors, rerun with: -s
==647935== ERROR SUMMARY: 0 errors from 0 contexts (suppressed: 0 from 0)
