==683729== Memcheck, a memory error detector
==683729== Copyright (C) 2002-2024, and GNU GPL'd, by Julian Seward et al.
==683729== Using Valgrind-3.26.0 and LibVEX; rerun with -h for copyright info
==683729== Command: /tmp/rboxc-tar-behavior-dyurkfw4/exec/tar --help
==683729== Parent PID: 683658
==683729== 
==683729== 
==683729== FILE DESCRIPTORS: 3 open (3 inherited) at exit.
==683729== 
==683729== HEAP SUMMARY:
==683729==     in use at exit: 7,867 bytes in 4 blocks
==683729==   total heap usage: 549 allocs, 545 frees, 69,623 bytes allocated
==683729== 
==683729== 16 bytes in 1 blocks are still reachable in loss record 1 of 4
==683729==    at 0x48C4E43: calloc (vg_replace_malloc.c:1678)
==683729==    by 0x40516F1: xcalloc (xmalloc.c:298)
==683729==    by 0x40516F1: xzalloc (xmalloc.c:283)
==683729==    by 0x400BEF9: decode_options (tar.c:2297)
==683729==    by 0x400BEF9: main (tar.c:2792)
==683729== 
==683729== 80 bytes in 1 blocks are still reachable in loss record 2 of 4
==683729==    at 0x48BD858: malloc (vg_replace_malloc.c:447)
==683729==    by 0x40512CC: xmalloc (xmalloc.c:45)
==683729==    by 0x400BE43: main (tar.c:2781)
==683729== 
==683729== 100 bytes in 1 blocks are definitely lost in loss record 3 of 4
==683729==    at 0x48BD858: malloc (vg_replace_malloc.c:447)
==683729==    by 0x4989B8E: __vasprintf_internal (vasprintf.c:116)
==683729==    by 0x405204E: vasprintf (stdio2.h:275)
==683729==    by 0x405204E: xvasprintf (xvasprintf.c:102)
==683729==    by 0x402EFEF: easprintf (tar.c:855)
==683729==    by 0x402F69E: format_default_settings (tar.c:867)
==683729==    by 0x402F69E: tar_help_filter (tar.c:1192)
==683729==    by 0x403EFDB: argp_doc (argp-help.c:1646)
==683729==    by 0x403F086: argp_doc (argp-help.c:1663)
==683729==    by 0x403FF2B: _help (argp-help.c:1793)
==683729==    by 0x4040E05: argp_state_help (argp-help.c:1855)
==683729==    by 0x4040E05: argp_state_help (argp-help.c:1848)
==683729==    by 0x40410EA: argp_default_parser (argp-parse.c:95)
==683729==    by 0x40421C3: group_parse (argp-parse.c:233)
==683729==    by 0x40421C3: parser_parse_opt (argp-parse.c:748)
==683729==    by 0x40421C3: parser_parse_next (argp-parse.c:859)
==683729==    by 0x40421C3: argp_parse (argp-parse.c:927)
==683729==    by 0x400C045: decode_options (tar.c:2380)
==683729==    by 0x400C045: main (tar.c:2792)
==683729== 
==683729== 7,671 bytes in 1 blocks are still reachable in loss record 4 of 4
==683729==    at 0x48BD858: malloc (vg_replace_malloc.c:447)
==683729==    by 0x4041854: parser_init (argp-parse.c:495)
==683729==    by 0x4041854: argp_parse (argp-parse.c:921)
==683729==    by 0x400C045: decode_options (tar.c:2380)
==683729==    by 0x400C045: main (tar.c:2792)
==683729== 
==683729== LEAK SUMMARY:
==683729==    definitely lost: 100 bytes in 1 blocks
==683729==    indirectly lost: 0 bytes in 0 blocks
==683729==      possibly lost: 0 bytes in 0 blocks
==683729==    still reachable: 7,767 bytes in 3 blocks
==683729==         suppressed: 0 bytes in 0 blocks
==683729== 
==683729== For lists of detected and suppressed errors, rerun with: -s
==683729== ERROR SUMMARY: 1 errors from 1 contexts (suppressed: 0 from 0)
