==706551== Memcheck, a memory error detector
==706551== Copyright (C) 2002-2024, and GNU GPL'd, by Julian Seward et al.
==706551== Using Valgrind-3.26.0 and LibVEX; rerun with -h for copyright info
==706551== Command: /tmp/rboxc-tar-behavior-dkdogrme/exec/tar -tf archive.tar
==706551== Parent PID: 705177
==706551== 
==706551== 
==706551== FILE DESCRIPTORS: 3 open (3 inherited) at exit.
==706551== 
==706551== HEAP SUMMARY:
==706551==     in use at exit: 136 bytes in 3 blocks
==706551==   total heap usage: 12 allocs, 9 frees, 273 bytes allocated
==706551== 
==706551== 16 bytes in 1 blocks are still reachable in loss record 1 of 3
==706551==    at 0x48C4E43: calloc (vg_replace_malloc.c:1678)
==706551==    by 0x40516F1: xcalloc (xmalloc.c:298)
==706551==    by 0x40516F1: xzalloc (xmalloc.c:283)
==706551==    by 0x400BEF9: decode_options (tar.c:2297)
==706551==    by 0x400BEF9: main (tar.c:2792)
==706551== 
==706551== 40 bytes in 1 blocks are still reachable in loss record 2 of 3
==706551==    at 0x48C4E43: calloc (vg_replace_malloc.c:1678)
==706551==    by 0x403959D: wsnode_new (wordsplit.c:422)
==706551==    by 0x403959D: wordsplit_add_segm (wordsplit.c:523)
==706551==    by 0x40398D2: scan_word (wordsplit.c:2025)
==706551==    by 0x4039C7C: wordsplit_process_list (wordsplit.c:2358)
==706551==    by 0x403A562: wordsplit_run.constprop.0 (wordsplit.c:2434)
==706551==    by 0x400BFFA: parse_default_options (tar.c:2256)
==706551==    by 0x400BFFA: decode_options (tar.c:2378)
==706551==    by 0x400BFFA: main (tar.c:2792)
==706551== 
==706551== 80 bytes in 1 blocks are still reachable in loss record 3 of 3
==706551==    at 0x48BD858: malloc (vg_replace_malloc.c:447)
==706551==    by 0x40512CC: xmalloc (xmalloc.c:45)
==706551==    by 0x400BE43: main (tar.c:2781)
==706551== 
==706551== LEAK SUMMARY:
==706551==    definitely lost: 0 bytes in 0 blocks
==706551==    indirectly lost: 0 bytes in 0 blocks
==706551==      possibly lost: 0 bytes in 0 blocks
==706551==    still reachable: 136 bytes in 3 blocks
==706551==         suppressed: 0 bytes in 0 blocks
==706551== 
==706551== For lists of detected and suppressed errors, rerun with: -s
==706551== ERROR SUMMARY: 0 errors from 0 contexts (suppressed: 0 from 0)
