==691811== Memcheck, a memory error detector
==691811== Copyright (C) 2002-2024, and GNU GPL'd, by Julian Seward et al.
==691811== Using Valgrind-3.26.0 and LibVEX; rerun with -h for copyright info
==691811== Command: tar --version
==691811== Parent PID: 691725
==691811== 
==691811== 
==691811== FILE DESCRIPTORS: 4 open (4 inherited) at exit.
==691811== 
==691811== HEAP SUMMARY:
==691811==     in use at exit: 7,767 bytes in 3 blocks
==691811==   total heap usage: 15 allocs, 12 frees, 12,021 bytes allocated
==691811== 
==691811== 16 bytes in 1 blocks are still reachable in loss record 1 of 3
==691811==    at 0x48C4E43: calloc (vg_replace_malloc.c:1678)
==691811==    by 0x40516F1: xcalloc (xmalloc.c:298)
==691811==    by 0x40516F1: xzalloc (xmalloc.c:283)
==691811==    by 0x400BEF9: decode_options (tar.c:2297)
==691811==    by 0x400BEF9: main (tar.c:2792)
==691811== 
==691811== 80 bytes in 1 blocks are still reachable in loss record 2 of 3
==691811==    at 0x48BD858: malloc (vg_replace_malloc.c:447)
==691811==    by 0x40512CC: xmalloc (xmalloc.c:45)
==691811==    by 0x400BE43: main (tar.c:2781)
==691811== 
==691811== 7,671 bytes in 1 blocks are still reachable in loss record 3 of 3
==691811==    at 0x48BD858: malloc (vg_replace_malloc.c:447)
==691811==    by 0x4041854: parser_init (argp-parse.c:495)
==691811==    by 0x4041854: argp_parse (argp-parse.c:921)
==691811==    by 0x400C045: decode_options (tar.c:2380)
==691811==    by 0x400C045: main (tar.c:2792)
==691811== 
==691811== LEAK SUMMARY:
==691811==    definitely lost: 0 bytes in 0 blocks
==691811==    indirectly lost: 0 bytes in 0 blocks
==691811==      possibly lost: 0 bytes in 0 blocks
==691811==    still reachable: 7,767 bytes in 3 blocks
==691811==         suppressed: 0 bytes in 0 blocks
==691811== 
==691811== For lists of detected and suppressed errors, rerun with: -s
==691811== ERROR SUMMARY: 0 errors from 0 contexts (suppressed: 0 from 0)
