==603415== Memcheck, a memory error detector
==603415== Copyright (C) 2002-2024, and GNU GPL'd, by Julian Seward et al.
==603415== Using Valgrind-3.26.0 and LibVEX; rerun with -h for copyright info
==603415== Command: tar tf archive
==603415== Parent PID: 603412
==603415== 
==603415== 
==603415== FILE DESCRIPTORS: 1 open (1 inherited) at exit.
==603415== 
==603415== HEAP SUMMARY:
==603415==     in use at exit: 4,784 bytes in 7 blocks
==603415==   total heap usage: 67 allocs, 60 frees, 63,475 bytes allocated
==603415== 
==603415== 5 bytes in 1 blocks are still reachable in loss record 1 of 7
==603415==    at 0x586E858: malloc (vg_replace_malloc.c:447)
==603415==    by 0x469E66D: rboxc_tar_xstrdup (in /root/rboxc/target/screen-owned-candidate/release/rboxc)
==603415==    by 0x466FF4F: rboxc_tar_assign_string (in /root/rboxc/target/screen-owned-candidate/release/rboxc)
==603415==    by 0x467335C: rboxc_tar_uname_to_uid (in /root/rboxc/target/screen-owned-candidate/release/rboxc)
==603415==    by 0x466DFBF: rboxc_tar_decode_header (in /root/rboxc/target/screen-owned-candidate/release/rboxc)
==603415==    by 0x466F056: rboxc_tar_read_and (in /root/rboxc/target/screen-owned-candidate/release/rboxc)
==603415==    by 0x4478B39: single_binary_main_tar (in /root/rboxc/target/screen-owned-candidate/release/rboxc)
==603415==    by 0x5A18600: (below main) (libc_start_call_main.h:59)
==603415== 
==603415== 5 bytes in 1 blocks are still reachable in loss record 2 of 7
==603415==    at 0x586E858: malloc (vg_replace_malloc.c:447)
==603415==    by 0x469E66D: rboxc_tar_xstrdup (in /root/rboxc/target/screen-owned-candidate/release/rboxc)
==603415==    by 0x466FF4F: rboxc_tar_assign_string (in /root/rboxc/target/screen-owned-candidate/release/rboxc)
==603415==    by 0x46733FC: rboxc_tar_gname_to_gid (in /root/rboxc/target/screen-owned-candidate/release/rboxc)
==603415==    by 0x466DF9F: rboxc_tar_decode_header (in /root/rboxc/target/screen-owned-candidate/release/rboxc)
==603415==    by 0x466F056: rboxc_tar_read_and (in /root/rboxc/target/screen-owned-candidate/release/rboxc)
==603415==    by 0x4478B39: single_binary_main_tar (in /root/rboxc/target/screen-owned-candidate/release/rboxc)
==603415==    by 0x5A18600: (below main) (libc_start_call_main.h:59)
==603415== 
==603415== 16 bytes in 1 blocks are still reachable in loss record 3 of 7
==603415==    at 0x5875E43: calloc (vg_replace_malloc.c:1678)
==603415==    by 0x469E501: rboxc_tar_xzalloc (in /root/rboxc/target/screen-owned-candidate/release/rboxc)
==603415==    by 0x4477AF5: single_binary_main_tar (in /root/rboxc/target/screen-owned-candidate/release/rboxc)
==603415==    by 0x5A18600: (below main) (libc_start_call_main.h:59)
==603415== 
==603415== 80 bytes in 1 blocks are still reachable in loss record 4 of 7
==603415==    at 0x586E858: malloc (vg_replace_malloc.c:447)
==603415==    by 0x469E0DC: rboxc_tar_xmalloc (in /root/rboxc/target/screen-owned-candidate/release/rboxc)
==603415==    by 0x4477A00: single_binary_main_tar (in /root/rboxc/target/screen-owned-candidate/release/rboxc)
==603415==    by 0x5A18600: (below main) (libc_start_call_main.h:59)
==603415== 
==603415== 102 bytes in 1 blocks are still reachable in loss record 5 of 7
==603415==    at 0x586E858: malloc (vg_replace_malloc.c:447)
==603415==    by 0x469E0DC: rboxc_tar_xmalloc (in /root/rboxc/target/screen-owned-candidate/release/rboxc)
==603415==    by 0x46734A1: rboxc_tar_name_init (in /root/rboxc/target/screen-owned-candidate/release/rboxc)
==603415==    by 0x4478A7A: single_binary_main_tar (in /root/rboxc/target/screen-owned-candidate/release/rboxc)
==603415==    by 0x5A18600: (below main) (libc_start_call_main.h:59)
==603415== 
==603415== 512 bytes in 1 blocks are still reachable in loss record 6 of 7
==603415==    at 0x586E858: malloc (vg_replace_malloc.c:447)
==603415==    by 0x469E11C: rboxc_tar_xcharalloc (in /root/rboxc/target/screen-owned-candidate/release/rboxc)
==603415==    by 0x469B1B8: quotearg_n_options (in /root/rboxc/target/screen-owned-candidate/release/rboxc)
==603415==    by 0x466E6BE: simple_print_header (in /root/rboxc/target/screen-owned-candidate/release/rboxc)
==603415==    by 0x466F396: rboxc_tar_list_archive (in /root/rboxc/target/screen-owned-candidate/release/rboxc)
==603415==    by 0x466F292: rboxc_tar_read_and (in /root/rboxc/target/screen-owned-candidate/release/rboxc)
==603415==    by 0x4478B39: single_binary_main_tar (in /root/rboxc/target/screen-owned-candidate/release/rboxc)
==603415==    by 0x5A18600: (below main) (libc_start_call_main.h:59)
==603415== 
==603415== 4,064 bytes in 1 blocks are still reachable in loss record 7 of 7
==603415==    at 0x586E858: malloc (vg_replace_malloc.c:447)
==603415==    by 0x469E0DC: rboxc_tar_xmalloc (in /root/rboxc/target/screen-owned-candidate/release/rboxc)
==603415==    by 0x4695FFD: _obstack_begin_worker.isra.0 (in /root/rboxc/target/screen-owned-candidate/release/rboxc)
==603415==    by 0x4696028: rboxc_tar__obstack_begin (in /root/rboxc/target/screen-owned-candidate/release/rboxc)
==603415==    by 0x4679CD7: rboxc_tar_transform_name_fp (in /root/rboxc/target/screen-owned-candidate/release/rboxc)
==603415==    by 0x466D0B0: transform_stat_info.part.0 (in /root/rboxc/target/screen-owned-candidate/release/rboxc)
==603415==    by 0x466F290: rboxc_tar_read_and (in /root/rboxc/target/screen-owned-candidate/release/rboxc)
==603415==    by 0x4478B39: single_binary_main_tar (in /root/rboxc/target/screen-owned-candidate/release/rboxc)
==603415==    by 0x5A18600: (below main) (libc_start_call_main.h:59)
==603415== 
==603415== LEAK SUMMARY:
==603415==    definitely lost: 0 bytes in 0 blocks
==603415==    indirectly lost: 0 bytes in 0 blocks
==603415==      possibly lost: 0 bytes in 0 blocks
==603415==    still reachable: 4,784 bytes in 7 blocks
==603415==         suppressed: 0 bytes in 0 blocks
==603415== 
==603415== For lists of detected and suppressed errors, rerun with: -s
==603415== ERROR SUMMARY: 0 errors from 0 contexts (suppressed: 0 from 0)
