==603587== Memcheck, a memory error detector
==603587== Copyright (C) 2002-2024, and GNU GPL'd, by Julian Seward et al.
==603587== Using Valgrind-3.26.0 and LibVEX; rerun with -h for copyright info
==603587== Command: tar cf archive 0123456789abcde/0123456789abcde/0123456789abcde/0123456789abcde/0123456789abcde/0123456789abcde/0123456789abcde/0123456789abcde/0123456789abcde/0123456789abcde/0123456789abcde/0123456789abcde/0123456789abcde/0123456789abcde/0123456789abcde/0123456789abcde/0123456789abcde/0123456789abcde/0123456789abcde/0123456789abcde/0123456789abcde/0123456789abcde/0123456789abcde/0123456789abcde/0123456789abcde/0123456789abcde/0123456789abcde/0123456789abcde/0123456789abcde/0123456789abcde/0123456789abcde/0123456789abcde endfile
==603587== Parent PID: 603576
==603587== 
==603587== 
==603587== FILE DESCRIPTORS: 1 open (1 inherited) at exit.
==603587== 
==603587== HEAP SUMMARY:
==603587==     in use at exit: 5,516 bytes in 12 blocks
==603587==   total heap usage: 79 allocs, 67 frees, 60,138 bytes allocated
==603587== 
==603587== 5 bytes in 1 blocks are still reachable in loss record 1 of 11
==603587==    at 0x586E858: malloc (vg_replace_malloc.c:447)
==603587==    by 0x469E66D: rboxc_tar_xstrdup (in /root/rboxc/target/screen-owned-candidate/release/rboxc)
==603587==    by 0x466FF4F: rboxc_tar_assign_string (in /root/rboxc/target/screen-owned-candidate/release/rboxc)
==603587==    by 0x4673232: rboxc_tar_uid_to_uname (in /root/rboxc/target/screen-owned-candidate/release/rboxc)
==603587==    by 0x46618E2: write_gnu_long_link (in /root/rboxc/target/screen-owned-candidate/release/rboxc)
==603587==    by 0x4661EA9: rboxc_tar_start_header (in /root/rboxc/target/screen-owned-candidate/release/rboxc)
==603587==    by 0x46625F8: dump_regular_file (in /root/rboxc/target/screen-owned-candidate/release/rboxc)
==603587==    by 0x4663442: dump_file0 (in /root/rboxc/target/screen-owned-candidate/release/rboxc)
==603587==    by 0x46643E9: rboxc_tar_create_archive (in /root/rboxc/target/screen-owned-candidate/release/rboxc)
==603587==    by 0x4478AF8: single_binary_main_tar (in /root/rboxc/target/screen-owned-candidate/release/rboxc)
==603587==    by 0x5A18600: (below main) (libc_start_call_main.h:59)
==603587== 
==603587== 5 bytes in 1 blocks are still reachable in loss record 2 of 11
==603587==    at 0x586E858: malloc (vg_replace_malloc.c:447)
==603587==    by 0x469E66D: rboxc_tar_xstrdup (in /root/rboxc/target/screen-owned-candidate/release/rboxc)
==603587==    by 0x4673241: rboxc_tar_uid_to_uname (in /root/rboxc/target/screen-owned-candidate/release/rboxc)
==603587==    by 0x46618E2: write_gnu_long_link (in /root/rboxc/target/screen-owned-candidate/release/rboxc)
==603587==    by 0x4661EA9: rboxc_tar_start_header (in /root/rboxc/target/screen-owned-candidate/release/rboxc)
==603587==    by 0x46625F8: dump_regular_file (in /root/rboxc/target/screen-owned-candidate/release/rboxc)
==603587==    by 0x4663442: dump_file0 (in /root/rboxc/target/screen-owned-candidate/release/rboxc)
==603587==    by 0x46643E9: rboxc_tar_create_archive (in /root/rboxc/target/screen-owned-candidate/release/rboxc)
==603587==    by 0x4478AF8: single_binary_main_tar (in /root/rboxc/target/screen-owned-candidate/release/rboxc)
==603587==    by 0x5A18600: (below main) (libc_start_call_main.h:59)
==603587== 
==603587== 5 bytes in 1 blocks are still reachable in loss record 3 of 11
==603587==    at 0x586E858: malloc (vg_replace_malloc.c:447)
==603587==    by 0x469E66D: rboxc_tar_xstrdup (in /root/rboxc/target/screen-owned-candidate/release/rboxc)
==603587==    by 0x466FF4F: rboxc_tar_assign_string (in /root/rboxc/target/screen-owned-candidate/release/rboxc)
==603587==    by 0x46732C2: rboxc_tar_gid_to_gname (in /root/rboxc/target/screen-owned-candidate/release/rboxc)
==603587==    by 0x46618F0: write_gnu_long_link (in /root/rboxc/target/screen-owned-candidate/release/rboxc)
==603587==    by 0x4661EA9: rboxc_tar_start_header (in /root/rboxc/target/screen-owned-candidate/release/rboxc)
==603587==    by 0x46625F8: dump_regular_file (in /root/rboxc/target/screen-owned-candidate/release/rboxc)
==603587==    by 0x4663442: dump_file0 (in /root/rboxc/target/screen-owned-candidate/release/rboxc)
==603587==    by 0x46643E9: rboxc_tar_create_archive (in /root/rboxc/target/screen-owned-candidate/release/rboxc)
==603587==    by 0x4478AF8: single_binary_main_tar (in /root/rboxc/target/screen-owned-candidate/release/rboxc)
==603587==    by 0x5A18600: (below main) (libc_start_call_main.h:59)
==603587== 
==603587== 5 bytes in 1 blocks are still reachable in loss record 4 of 11
==603587==    at 0x586E858: malloc (vg_replace_malloc.c:447)
==603587==    by 0x469E66D: rboxc_tar_xstrdup (in /root/rboxc/target/screen-owned-candidate/release/rboxc)
==603587==    by 0x46732D1: rboxc_tar_gid_to_gname (in /root/rboxc/target/screen-owned-candidate/release/rboxc)
==603587==    by 0x46618F0: write_gnu_long_link (in /root/rboxc/target/screen-owned-candidate/release/rboxc)
==603587==    by 0x4661EA9: rboxc_tar_start_header (in /root/rboxc/target/screen-owned-candidate/release/rboxc)
==603587==    by 0x46625F8: dump_regular_file (in /root/rboxc/target/screen-owned-candidate/release/rboxc)
==603587==    by 0x4663442: dump_file0 (in /root/rboxc/target/screen-owned-candidate/release/rboxc)
==603587==    by 0x46643E9: rboxc_tar_create_archive (in /root/rboxc/target/screen-owned-candidate/release/rboxc)
==603587==    by 0x4478AF8: single_binary_main_tar (in /root/rboxc/target/screen-owned-candidate/release/rboxc)
==603587==    by 0x5A18600: (below main) (libc_start_call_main.h:59)
==603587== 
==603587== 16 bytes in 1 blocks are still reachable in loss record 5 of 11
==603587==    at 0x5875E43: calloc (vg_replace_malloc.c:1678)
==603587==    by 0x469E501: rboxc_tar_xzalloc (in /root/rboxc/target/screen-owned-candidate/release/rboxc)
==603587==    by 0x4477AF5: single_binary_main_tar (in /root/rboxc/target/screen-owned-candidate/release/rboxc)
==603587==    by 0x5A18600: (below main) (libc_start_call_main.h:59)
==603587== 
==603587== 80 bytes in 1 blocks are still reachable in loss record 6 of 11
==603587==    at 0x586E858: malloc (vg_replace_malloc.c:447)
==603587==    by 0x469E0DC: rboxc_tar_xmalloc (in /root/rboxc/target/screen-owned-candidate/release/rboxc)
==603587==    by 0x4477A00: single_binary_main_tar (in /root/rboxc/target/screen-owned-candidate/release/rboxc)
==603587==    by 0x5A18600: (below main) (libc_start_call_main.h:59)
==603587== 
==603587== 80 bytes in 1 blocks are still reachable in loss record 7 of 11
==603587==    at 0x586E858: malloc (vg_replace_malloc.c:447)
==603587==    by 0x4693786: rboxc_tar_hash_initialize (in /root/rboxc/target/screen-owned-candidate/release/rboxc)
==603587==    by 0x4660F7B: file_count_links (in /root/rboxc/target/screen-owned-candidate/release/rboxc)
==603587==    by 0x46638B8: dump_file0 (in /root/rboxc/target/screen-owned-candidate/release/rboxc)
==603587==    by 0x46643E9: rboxc_tar_create_archive (in /root/rboxc/target/screen-owned-candidate/release/rboxc)
==603587==    by 0x4478AF8: single_binary_main_tar (in /root/rboxc/target/screen-owned-candidate/release/rboxc)
==603587==    by 0x5A18600: (below main) (libc_start_call_main.h:59)
==603587== 
==603587== 176 bytes in 1 blocks are still reachable in loss record 8 of 11
==603587==    at 0x5875E43: calloc (vg_replace_malloc.c:1678)
==603587==    by 0x46937DC: rboxc_tar_hash_initialize (in /root/rboxc/target/screen-owned-candidate/release/rboxc)
==603587==    by 0x4660F7B: file_count_links (in /root/rboxc/target/screen-owned-candidate/release/rboxc)
==603587==    by 0x46638B8: dump_file0 (in /root/rboxc/target/screen-owned-candidate/release/rboxc)
==603587==    by 0x46643E9: rboxc_tar_create_archive (in /root/rboxc/target/screen-owned-candidate/release/rboxc)
==603587==    by 0x4478AF8: single_binary_main_tar (in /root/rboxc/target/screen-owned-candidate/release/rboxc)
==603587==    by 0x5A18600: (below main) (libc_start_call_main.h:59)
==603587== 
==603587== 512 bytes in 1 blocks are still reachable in loss record 9 of 11
==603587==    at 0x58763C0: reallocarray (vg_replace_malloc.c:1806)
==603587==    by 0x469E2C0: rboxc_tar_x2realloc (in /root/rboxc/target/screen-owned-candidate/release/rboxc)
==603587==    by 0x4672637: name_next_elt (in /root/rboxc/target/screen-owned-candidate/release/rboxc)
==603587==    by 0x467350C: rboxc_tar_name_next (in /root/rboxc/target/screen-owned-candidate/release/rboxc)
==603587==    by 0x466436F: rboxc_tar_create_archive (in /root/rboxc/target/screen-owned-candidate/release/rboxc)
==603587==    by 0x4478AF8: single_binary_main_tar (in /root/rboxc/target/screen-owned-candidate/release/rboxc)
==603587==    by 0x5A18600: (below main) (libc_start_call_main.h:59)
==603587== 
==603587== 568 bytes in 2 blocks are still reachable in loss record 10 of 11
==603587==    at 0x586E858: malloc (vg_replace_malloc.c:447)
==603587==    by 0x469E0DC: rboxc_tar_xmalloc (in /root/rboxc/target/screen-owned-candidate/release/rboxc)
==603587==    by 0x4660EDE: file_count_links (in /root/rboxc/target/screen-owned-candidate/release/rboxc)
==603587==    by 0x46638B8: dump_file0 (in /root/rboxc/target/screen-owned-candidate/release/rboxc)
==603587==    by 0x46643E9: rboxc_tar_create_archive (in /root/rboxc/target/screen-owned-candidate/release/rboxc)
==603587==    by 0x4478AF8: single_binary_main_tar (in /root/rboxc/target/screen-owned-candidate/release/rboxc)
==603587==    by 0x5A18600: (below main) (libc_start_call_main.h:59)
==603587== 
==603587== 4,064 bytes in 1 blocks are still reachable in loss record 11 of 11
==603587==    at 0x586E858: malloc (vg_replace_malloc.c:447)
==603587==    by 0x469E0DC: rboxc_tar_xmalloc (in /root/rboxc/target/screen-owned-candidate/release/rboxc)
==603587==    by 0x4695FFD: _obstack_begin_worker.isra.0 (in /root/rboxc/target/screen-owned-candidate/release/rboxc)
==603587==    by 0x4696028: rboxc_tar__obstack_begin (in /root/rboxc/target/screen-owned-candidate/release/rboxc)
==603587==    by 0x4679CD7: rboxc_tar_transform_name_fp (in /root/rboxc/target/screen-owned-candidate/release/rboxc)
==603587==    by 0x46632A4: dump_file0 (in /root/rboxc/target/screen-owned-candidate/release/rboxc)
==603587==    by 0x46643E9: rboxc_tar_create_archive (in /root/rboxc/target/screen-owned-candidate/release/rboxc)
==603587==    by 0x4478AF8: single_binary_main_tar (in /root/rboxc/target/screen-owned-candidate/release/rboxc)
==603587==    by 0x5A18600: (below main) (libc_start_call_main.h:59)
==603587== 
==603587== LEAK SUMMARY:
==603587==    definitely lost: 0 bytes in 0 blocks
==603587==    indirectly lost: 0 bytes in 0 blocks
==603587==      possibly lost: 0 bytes in 0 blocks
==603587==    still reachable: 5,516 bytes in 12 blocks
==603587==         suppressed: 0 bytes in 0 blocks
==603587== 
==603587== For lists of detected and suppressed errors, rerun with: -s
==603587== ERROR SUMMARY: 0 errors from 0 contexts (suppressed: 0 from 0)
