==703480== Memcheck, a memory error detector
==703480== Copyright (C) 2002-2024, and GNU GPL'd, by Julian Seward et al.
==703480== Using Valgrind-3.26.0 and LibVEX; rerun with -h for copyright info
==703480== Command: tar --version
==703480== Parent PID: 703394
==703480== 
==703480== 
==703480== FILE DESCRIPTORS: 4 open (4 inherited) at exit.
==703480== 
==703480== HEAP SUMMARY:
==703480==     in use at exit: 7,767 bytes in 3 blocks
==703480==   total heap usage: 15 allocs, 12 frees, 12,021 bytes allocated
==703480== 
==703480== 16 bytes in 1 blocks are still reachable in loss record 1 of 3
==703480==    at 0x48C4E43: calloc (vg_replace_malloc.c:1678)
==703480==    by 0x40516F1: xcalloc (xmalloc.c:298)
==703480==    by 0x40516F1: xzalloc (xmalloc.c:283)
==703480==    by 0x400BEF9: decode_options (tar.c:2297)
==703480==    by 0x400BEF9: main (tar.c:2792)
==703480== 
==703480== 80 bytes in 1 blocks are still reachable in loss record 2 of 3
==703480==    at 0x48BD858: malloc (vg_replace_malloc.c:447)
==703480==    by 0x40512CC: xmalloc (xmalloc.c:45)
==703480==    by 0x400BE43: main (tar.c:2781)
==703480== 
==703480== 7,671 bytes in 1 blocks are still reachable in loss record 3 of 3
==703480==    at 0x48BD858: malloc (vg_replace_malloc.c:447)
==703480==    by 0x4041854: parser_init (argp-parse.c:495)
==703480==    by 0x4041854: argp_parse (argp-parse.c:921)
==703480==    by 0x400C045: decode_options (tar.c:2380)
==703480==    by 0x400C045: main (tar.c:2792)
==703480== 
==703480== LEAK SUMMARY:
==703480==    definitely lost: 0 bytes in 0 blocks
==703480==    indirectly lost: 0 bytes in 0 blocks
==703480==      possibly lost: 0 bytes in 0 blocks
==703480==    still reachable: 7,767 bytes in 3 blocks
==703480==         suppressed: 0 bytes in 0 blocks
==703480== 
==703480== For lists of detected and suppressed errors, rerun with: -s
==703480== ERROR SUMMARY: 0 errors from 0 contexts (suppressed: 0 from 0)
