==703514== Memcheck, a memory error detector
==703514== Copyright (C) 2002-2024, and GNU GPL'd, by Julian Seward et al.
==703514== Using Valgrind-3.26.0 and LibVEX; rerun with -h for copyright info
==703514== Command: tar -acf k2.tar.txz empty
==703514== Parent PID: 702890
==703514== 
==703514== 
==703514== FILE DESCRIPTORS: 1 open (1 inherited) at exit.
==703514== 
==703514== HEAP SUMMARY:
==703514==     in use at exit: 4,272 bytes in 6 blocks
==703514==   total heap usage: 46 allocs, 40 frees, 47,527 bytes allocated
==703514== 
==703514== 5 bytes in 1 blocks are still reachable in loss record 1 of 6
==703514==    at 0x586E858: malloc (vg_replace_malloc.c:447)
==703514==    by 0x469E7ED: rboxc_tar_xstrdup (in /root/rboxc/target/tar-child-input-candidate/release/rboxc)
==703514==    by 0x467004F: rboxc_tar_assign_string (in /root/rboxc/target/tar-child-input-candidate/release/rboxc)
==703514==    by 0x4673332: rboxc_tar_uid_to_uname (in /root/rboxc/target/tar-child-input-candidate/release/rboxc)
==703514==    by 0x4662553: rboxc_tar_start_header (in /root/rboxc/target/tar-child-input-candidate/release/rboxc)
==703514==    by 0x46626F8: dump_regular_file (in /root/rboxc/target/tar-child-input-candidate/release/rboxc)
==703514==    by 0x4663542: dump_file0 (in /root/rboxc/target/tar-child-input-candidate/release/rboxc)
==703514==    by 0x46644E9: rboxc_tar_create_archive (in /root/rboxc/target/tar-child-input-candidate/release/rboxc)
==703514==    by 0x440EEF8: single_binary_main_tar (in /root/rboxc/target/tar-child-input-candidate/release/rboxc)
==703514==    by 0x5A18600: (below main) (libc_start_call_main.h:59)
==703514== 
==703514== 5 bytes in 1 blocks are still reachable in loss record 2 of 6
==703514==    at 0x586E858: malloc (vg_replace_malloc.c:447)
==703514==    by 0x469E7ED: rboxc_tar_xstrdup (in /root/rboxc/target/tar-child-input-candidate/release/rboxc)
==703514==    by 0x467004F: rboxc_tar_assign_string (in /root/rboxc/target/tar-child-input-candidate/release/rboxc)
==703514==    by 0x46733C2: rboxc_tar_gid_to_gname (in /root/rboxc/target/tar-child-input-candidate/release/rboxc)
==703514==    by 0x466253B: rboxc_tar_start_header (in /root/rboxc/target/tar-child-input-candidate/release/rboxc)
==703514==    by 0x46626F8: dump_regular_file (in /root/rboxc/target/tar-child-input-candidate/release/rboxc)
==703514==    by 0x4663542: dump_file0 (in /root/rboxc/target/tar-child-input-candidate/release/rboxc)
==703514==    by 0x46644E9: rboxc_tar_create_archive (in /root/rboxc/target/tar-child-input-candidate/release/rboxc)
==703514==    by 0x440EEF8: single_binary_main_tar (in /root/rboxc/target/tar-child-input-candidate/release/rboxc)
==703514==    by 0x5A18600: (below main) (libc_start_call_main.h:59)
==703514== 
==703514== 16 bytes in 1 blocks are still reachable in loss record 3 of 6
==703514==    at 0x5875E43: calloc (vg_replace_malloc.c:1678)
==703514==    by 0x469E681: rboxc_tar_xzalloc (in /root/rboxc/target/tar-child-input-candidate/release/rboxc)
==703514==    by 0x440DEF5: single_binary_main_tar (in /root/rboxc/target/tar-child-input-candidate/release/rboxc)
==703514==    by 0x5A18600: (below main) (libc_start_call_main.h:59)
==703514== 
==703514== 80 bytes in 1 blocks are still reachable in loss record 4 of 6
==703514==    at 0x586E858: malloc (vg_replace_malloc.c:447)
==703514==    by 0x469E25C: rboxc_tar_xmalloc (in /root/rboxc/target/tar-child-input-candidate/release/rboxc)
==703514==    by 0x440DE00: single_binary_main_tar (in /root/rboxc/target/tar-child-input-candidate/release/rboxc)
==703514==    by 0x5A18600: (below main) (libc_start_call_main.h:59)
==703514== 
==703514== 102 bytes in 1 blocks are still reachable in loss record 5 of 6
==703514==    at 0x586E858: malloc (vg_replace_malloc.c:447)
==703514==    by 0x469E25C: rboxc_tar_xmalloc (in /root/rboxc/target/tar-child-input-candidate/release/rboxc)
==703514==    by 0x46735A1: rboxc_tar_name_init (in /root/rboxc/target/tar-child-input-candidate/release/rboxc)
==703514==    by 0x440EE7A: single_binary_main_tar (in /root/rboxc/target/tar-child-input-candidate/release/rboxc)
==703514==    by 0x5A18600: (below main) (libc_start_call_main.h:59)
==703514== 
==703514== 4,064 bytes in 1 blocks are still reachable in loss record 6 of 6
==703514==    at 0x586E858: malloc (vg_replace_malloc.c:447)
==703514==    by 0x469E25C: rboxc_tar_xmalloc (in /root/rboxc/target/tar-child-input-candidate/release/rboxc)
==703514==    by 0x469617D: _obstack_begin_worker.isra.0 (in /root/rboxc/target/tar-child-input-candidate/release/rboxc)
==703514==    by 0x46961A8: rboxc_tar__obstack_begin (in /root/rboxc/target/tar-child-input-candidate/release/rboxc)
==703514==    by 0x4679E77: rboxc_tar_transform_name_fp (in /root/rboxc/target/tar-child-input-candidate/release/rboxc)
==703514==    by 0x46633A4: dump_file0 (in /root/rboxc/target/tar-child-input-candidate/release/rboxc)
==703514==    by 0x46644E9: rboxc_tar_create_archive (in /root/rboxc/target/tar-child-input-candidate/release/rboxc)
==703514==    by 0x440EEF8: single_binary_main_tar (in /root/rboxc/target/tar-child-input-candidate/release/rboxc)
==703514==    by 0x5A18600: (below main) (libc_start_call_main.h:59)
==703514== 
==703514== LEAK SUMMARY:
==703514==    definitely lost: 0 bytes in 0 blocks
==703514==    indirectly lost: 0 bytes in 0 blocks
==703514==      possibly lost: 0 bytes in 0 blocks
==703514==    still reachable: 4,272 bytes in 6 blocks
==703514==         suppressed: 0 bytes in 0 blocks
==703514== 
==703514== For lists of detected and suppressed errors, rerun with: -s
==703514== ERROR SUMMARY: 0 errors from 0 contexts (suppressed: 0 from 0)
