==677273== Memcheck, a memory error detector
==677273== Copyright (C) 2002-2024, and GNU GPL'd, by Julian Seward et al.
==677273== Using Valgrind-3.26.0 and LibVEX; rerun with -h for copyright info
==677273== Command: tar --use-compress-program false -cf a.tar .
==677273== Parent PID: 677271
==677273== 
==677273== 
==677273== FILE DESCRIPTORS: 3 open (3 inherited) at exit.
==677273== 
==677273== HEAP SUMMARY:
==677273==     in use at exit: 18,630 bytes in 6 blocks
==677273==   total heap usage: 44 allocs, 38 frees, 68,394 bytes allocated
==677273== 
==677273== 16 bytes in 1 blocks are still reachable in loss record 1 of 6
==677273==    at 0x5875E43: calloc (vg_replace_malloc.c:1678)
==677273==    by 0x469E501: rboxc_tar_xzalloc (in /root/rboxc/target/tar-map-probe-candidate/release/rboxc)
==677273==    by 0x4477AF5: single_binary_main_tar (in /root/rboxc/target/tar-map-probe-candidate/release/rboxc)
==677273==    by 0x5A18600: (below main) (libc_start_call_main.h:59)
==677273== 
==677273== 32 bytes in 1 blocks are still reachable in loss record 2 of 6
==677273==    at 0x586E858: malloc (vg_replace_malloc.c:447)
==677273==    by 0x469E0DC: rboxc_tar_xmalloc (in /root/rboxc/target/tar-map-probe-candidate/release/rboxc)
==677273==    by 0x446ED30: rboxc::applet_tar::set_use_compress_program_option (in /root/rboxc/target/tar-map-probe-candidate/release/rboxc)
==677273==    by 0x446F89F: rboxc::applet_tar::parse_opt (in /root/rboxc/target/tar-map-probe-candidate/release/rboxc)
==677273==    by 0x468D0C3: rboxc_tar_argp_parse (in /root/rboxc/target/tar-map-probe-candidate/release/rboxc)
==677273==    by 0x4478025: single_binary_main_tar (in /root/rboxc/target/tar-map-probe-candidate/release/rboxc)
==677273==    by 0x5A18600: (below main) (libc_start_call_main.h:59)
==677273== 
==677273== 80 bytes in 1 blocks are still reachable in loss record 3 of 6
==677273==    at 0x586E858: malloc (vg_replace_malloc.c:447)
==677273==    by 0x469E0DC: rboxc_tar_xmalloc (in /root/rboxc/target/tar-map-probe-candidate/release/rboxc)
==677273==    by 0x4477A00: single_binary_main_tar (in /root/rboxc/target/tar-map-probe-candidate/release/rboxc)
==677273==    by 0x5A18600: (below main) (libc_start_call_main.h:59)
==677273== 
==677273== 102 bytes in 1 blocks are still reachable in loss record 4 of 6
==677273==    at 0x586E858: malloc (vg_replace_malloc.c:447)
==677273==    by 0x469E0DC: rboxc_tar_xmalloc (in /root/rboxc/target/tar-map-probe-candidate/release/rboxc)
==677273==    by 0x46734A1: rboxc_tar_name_init (in /root/rboxc/target/tar-map-probe-candidate/release/rboxc)
==677273==    by 0x4478A7A: single_binary_main_tar (in /root/rboxc/target/tar-map-probe-candidate/release/rboxc)
==677273==    by 0x5A18600: (below main) (libc_start_call_main.h:59)
==677273== 
==677273== 4,064 bytes in 1 blocks are still reachable in loss record 5 of 6
==677273==    at 0x586E858: malloc (vg_replace_malloc.c:447)
==677273==    by 0x469E0DC: rboxc_tar_xmalloc (in /root/rboxc/target/tar-map-probe-candidate/release/rboxc)
==677273==    by 0x4695FFD: _obstack_begin_worker.isra.0 (in /root/rboxc/target/tar-map-probe-candidate/release/rboxc)
==677273==    by 0x4696028: rboxc_tar__obstack_begin (in /root/rboxc/target/tar-map-probe-candidate/release/rboxc)
==677273==    by 0x4679CD7: rboxc_tar_transform_name_fp (in /root/rboxc/target/tar-map-probe-candidate/release/rboxc)
==677273==    by 0x46632A4: dump_file0 (in /root/rboxc/target/tar-map-probe-candidate/release/rboxc)
==677273==    by 0x46643E9: rboxc_tar_create_archive (in /root/rboxc/target/tar-map-probe-candidate/release/rboxc)
==677273==    by 0x4478AF8: single_binary_main_tar (in /root/rboxc/target/tar-map-probe-candidate/release/rboxc)
==677273==    by 0x5A18600: (below main) (libc_start_call_main.h:59)
==677273== 
==677273== 14,336 bytes in 1 blocks are still reachable in loss record 6 of 6
==677273==    at 0x586E858: malloc (vg_replace_malloc.c:447)
==677273==    by 0x469E0DC: rboxc_tar_xmalloc (in /root/rboxc/target/tar-map-probe-candidate/release/rboxc)
==677273==    by 0x4671752: rboxc_tar_page_aligned_alloc (in /root/rboxc/target/tar-map-probe-candidate/release/rboxc)
==677273==    by 0x465A203: init_buffer (in /root/rboxc/target/tar-map-probe-candidate/release/rboxc)
==677273==    by 0x465D8FF: rboxc_tar_open_archive (in /root/rboxc/target/tar-map-probe-candidate/release/rboxc)
==677273==    by 0x466433E: rboxc_tar_create_archive (in /root/rboxc/target/tar-map-probe-candidate/release/rboxc)
==677273==    by 0x4478AF8: single_binary_main_tar (in /root/rboxc/target/tar-map-probe-candidate/release/rboxc)
==677273==    by 0x5A18600: (below main) (libc_start_call_main.h:59)
==677273== 
==677273== LEAK SUMMARY:
==677273==    definitely lost: 0 bytes in 0 blocks
==677273==    indirectly lost: 0 bytes in 0 blocks
==677273==      possibly lost: 0 bytes in 0 blocks
==677273==    still reachable: 18,630 bytes in 6 blocks
==677273==         suppressed: 0 bytes in 0 blocks
==677273== 
==677273== For lists of detected and suppressed errors, rerun with: -s
==677273== ERROR SUMMARY: 0 errors from 0 contexts (suppressed: 0 from 0)
