==691134== Memcheck, a memory error detector
==691134== Copyright (C) 2002-2024, and GNU GPL'd, by Julian Seward et al.
==691134== Using Valgrind-3.26.0 and LibVEX; rerun with -h for copyright info
==691134== Command: tar --version
==691134== Parent PID: 691048
==691134== 
==691134== 
==691134== FILE DESCRIPTORS: 4 open (4 inherited) at exit.
==691134== 
==691134== HEAP SUMMARY:
==691134==     in use at exit: 7,767 bytes in 3 blocks
==691134==   total heap usage: 15 allocs, 12 frees, 12,021 bytes allocated
==691134== 
==691134== 16 bytes in 1 blocks are still reachable in loss record 1 of 3
==691134==    at 0x48C4E43: calloc (vg_replace_malloc.c:1678)
==691134==    by 0x40516F1: xcalloc (xmalloc.c:298)
==691134==    by 0x40516F1: xzalloc (xmalloc.c:283)
==691134==    by 0x400BEF9: decode_options (tar.c:2297)
==691134==    by 0x400BEF9: main (tar.c:2792)
==691134== 
==691134== 80 bytes in 1 blocks are still reachable in loss record 2 of 3
==691134==    at 0x48BD858: malloc (vg_replace_malloc.c:447)
==691134==    by 0x40512CC: xmalloc (xmalloc.c:45)
==691134==    by 0x400BE43: main (tar.c:2781)
==691134== 
==691134== 7,671 bytes in 1 blocks are still reachable in loss record 3 of 3
==691134==    at 0x48BD858: malloc (vg_replace_malloc.c:447)
==691134==    by 0x4041854: parser_init (argp-parse.c:495)
==691134==    by 0x4041854: argp_parse (argp-parse.c:921)
==691134==    by 0x400C045: decode_options (tar.c:2380)
==691134==    by 0x400C045: main (tar.c:2792)
==691134== 
==691134== LEAK SUMMARY:
==691134==    definitely lost: 0 bytes in 0 blocks
==691134==    indirectly lost: 0 bytes in 0 blocks
==691134==      possibly lost: 0 bytes in 0 blocks
==691134==    still reachable: 7,767 bytes in 3 blocks
==691134==         suppressed: 0 bytes in 0 blocks
==691134== 
==691134== For lists of detected and suppressed errors, rerun with: -s
==691134== ERROR SUMMARY: 0 errors from 0 contexts (suppressed: 0 from 0)
