==691493== Memcheck, a memory error detector
==691493== Copyright (C) 2002-2024, and GNU GPL'd, by Julian Seward et al.
==691493== Using Valgrind-3.26.0 and LibVEX; rerun with -h for copyright info
==691493== Command: tar -acf k2.tar.lz empty
==691493== Parent PID: 691164
==691493== 
==691493== 
==691493== FILE DESCRIPTORS: 1 open (1 inherited) at exit.
==691493== 
==691493== HEAP SUMMARY:
==691493==     in use at exit: 4,272 bytes in 6 blocks
==691493==   total heap usage: 46 allocs, 40 frees, 47,527 bytes allocated
==691493== 
==691493== 5 bytes in 1 blocks are still reachable in loss record 1 of 6
==691493==    at 0x48BD858: malloc (vg_replace_malloc.c:447)
==691493==    by 0x405185D: xmalloc (xmalloc.c:45)
==691493==    by 0x405185D: xmemdup (xmalloc.c:314)
==691493==    by 0x405185D: xstrdup (xmalloc.c:339)
==691493==    by 0x402644F: assign_string (misc.c:58)
==691493==    by 0x4029612: uid_to_uname (names.c:490)
==691493==    by 0x40155F3: start_header (create.c:931)
==691493==    by 0x4015798: dump_regular_file (create.c:1050)
==691493==    by 0x40165E2: dump_file0 (create.c:1773)
==691493==    by 0x4017589: dump_file (create.c:1968)
==691493==    by 0x4017589: create_archive (create.c:1412)
==691493==    by 0x400CD90: main (tar.c:2818)
==691493== 
==691493== 5 bytes in 1 blocks are still reachable in loss record 2 of 6
==691493==    at 0x48BD858: malloc (vg_replace_malloc.c:447)
==691493==    by 0x405185D: xmalloc (xmalloc.c:45)
==691493==    by 0x405185D: xmemdup (xmalloc.c:314)
==691493==    by 0x405185D: xstrdup (xmalloc.c:339)
==691493==    by 0x402644F: assign_string (misc.c:58)
==691493==    by 0x40296A2: gid_to_gname (names.c:520)
==691493==    by 0x40155DB: start_header (create.c:936)
==691493==    by 0x4015798: dump_regular_file (create.c:1050)
==691493==    by 0x40165E2: dump_file0 (create.c:1773)
==691493==    by 0x4017589: dump_file (create.c:1968)
==691493==    by 0x4017589: create_archive (create.c:1412)
==691493==    by 0x400CD90: main (tar.c:2818)
==691493== 
==691493== 16 bytes in 1 blocks are still reachable in loss record 3 of 6
==691493==    at 0x48C4E43: calloc (vg_replace_malloc.c:1678)
==691493==    by 0x40516F1: xcalloc (xmalloc.c:298)
==691493==    by 0x40516F1: xzalloc (xmalloc.c:283)
==691493==    by 0x400BEF9: decode_options (tar.c:2297)
==691493==    by 0x400BEF9: main (tar.c:2792)
==691493== 
==691493== 80 bytes in 1 blocks are still reachable in loss record 4 of 6
==691493==    at 0x48BD858: malloc (vg_replace_malloc.c:447)
==691493==    by 0x40512CC: xmalloc (xmalloc.c:45)
==691493==    by 0x400BE43: main (tar.c:2781)
==691493== 
==691493== 102 bytes in 1 blocks are still reachable in loss record 5 of 6
==691493==    at 0x48BD858: malloc (vg_replace_malloc.c:447)
==691493==    by 0x40512CC: xmalloc (xmalloc.c:45)
==691493==    by 0x4029881: name_init (names.c:869)
==691493==    by 0x400C94C: main (tar.c:2794)
==691493== 
==691493== 4,064 bytes in 1 blocks are still reachable in loss record 6 of 6
==691493==    at 0x48BD858: malloc (vg_replace_malloc.c:447)
==691493==    by 0x40512CC: xmalloc (xmalloc.c:45)
==691493==    by 0x404A07D: call_chunkfun (obstack.c:88)
==691493==    by 0x404A07D: _obstack_begin_worker.isra.0 (obstack.c:135)
==691493==    by 0x404A0A8: _obstack_begin (obstack.c:157)
==691493==    by 0x4032C57: _transform_name_to_obstack (transform.c:592)
==691493==    by 0x4032C57: transform_name_fp (transform.c:614)
==691493==    by 0x4016444: dump_file0 (create.c:1657)
==691493==    by 0x4017589: dump_file (create.c:1968)
==691493==    by 0x4017589: create_archive (create.c:1412)
==691493==    by 0x400CD90: main (tar.c:2818)
==691493== 
==691493== LEAK SUMMARY:
==691493==    definitely lost: 0 bytes in 0 blocks
==691493==    indirectly lost: 0 bytes in 0 blocks
==691493==      possibly lost: 0 bytes in 0 blocks
==691493==    still reachable: 4,272 bytes in 6 blocks
==691493==         suppressed: 0 bytes in 0 blocks
==691493== 
==691493== For lists of detected and suppressed errors, rerun with: -s
==691493== ERROR SUMMARY: 0 errors from 0 contexts (suppressed: 0 from 0)
