==613981== Memcheck, a memory error detector
==613981== Copyright (C) 2002-2024, and GNU GPL'd, by Julian Seward et al.
==613981== Using Valgrind-3.26.0 and LibVEX; rerun with -h for copyright info
==613981== Command: tar -vxM -f a.tar -f c.tar -f b.tar -f c.tar
==613981== Parent PID: 613943
==613981== 
==613981== 
==613981== FILE DESCRIPTORS: 1 open (0 inherited) at exit.
==613981== Open file descriptor 0: /dev/full
==613981==    at 0x4A1A9E6: open (open64.c:41)
==613981==    by 0x4050574: open (fcntl2.h:55)
==613981==    by 0x4050574: stdopen (stdopen.c:51)
==613981==    by 0x400BE26: main (tar.c:2773)
==613981== 
==613981== 
==613981== HEAP SUMMARY:
==613981==     in use at exit: 4,371 bytes in 13 blocks
==613981==   total heap usage: 115 allocs, 102 frees, 60,875 bytes allocated
==613981== 
==613981== 5 bytes in 1 blocks are still reachable in loss record 1 of 10
==613981==    at 0x48BD858: malloc (vg_replace_malloc.c:447)
==613981==    by 0x405185D: xmalloc (xmalloc.c:45)
==613981==    by 0x405185D: xmemdup (xmalloc.c:314)
==613981==    by 0x405185D: xstrdup (xmalloc.c:339)
==613981==    by 0x402644F: assign_string (misc.c:58)
==613981==    by 0x402973C: uname_to_uid (names.c:550)
==613981==    by 0x402457F: decode_header (list.c:694)
==613981==    by 0x4025616: read_and (list.c:194)
==613981==    by 0x400CD61: main (tar.c:2823)
==613981== 
==613981== 5 bytes in 1 blocks are still reachable in loss record 2 of 10
==613981==    at 0x48BD858: malloc (vg_replace_malloc.c:447)
==613981==    by 0x405185D: xmalloc (xmalloc.c:45)
==613981==    by 0x405185D: xmemdup (xmalloc.c:314)
==613981==    by 0x405185D: xstrdup (xmalloc.c:339)
==613981==    by 0x402644F: assign_string (misc.c:58)
==613981==    by 0x40297DC: gname_to_gid (names.c:580)
==613981==    by 0x402455F: decode_header (list.c:699)
==613981==    by 0x4025616: read_and (list.c:194)
==613981==    by 0x400CD61: main (tar.c:2823)
==613981== 
==613981== 5 bytes in 1 blocks are still reachable in loss record 3 of 10
==613981==    at 0x48BD858: malloc (vg_replace_malloc.c:447)
==613981==    by 0x40512CC: xmalloc (xmalloc.c:45)
==613981==    by 0x40264C0: assign_string_n (misc.c:76)
==613981==    by 0x4010243: try_new_volume (buffer.c:1494)
==613981==    by 0x4010243: _gnu_flush_read (buffer.c:1888)
==613981==    by 0x4010243: gnu_flush_read (buffer.c:1909)
==613981==    by 0x400E689: find_next_block (buffer.c:609)
==613981==    by 0x401A2E1: extract_file (extract.c:1313)
==613981==    by 0x401B89C: extract_archive (extract.c:1849)
==613981==    by 0x4025852: read_and (list.c:229)
==613981==    by 0x400CD61: main (tar.c:2823)
==613981== 
==613981== 7 bytes in 2 blocks are indirectly lost in loss record 4 of 10
==613981==    at 0x48BD858: malloc (vg_replace_malloc.c:447)
==613981==    by 0x40387DD: wsnode_quoteremoval (wordsplit.c:651)
==613981==    by 0x4039CFD: wordsplit_process_list (wordsplit.c:2390)
==613981==    by 0x403A562: wordsplit_run.constprop.0 (wordsplit.c:2434)
==613981==    by 0x400BFFA: parse_default_options (tar.c:2256)
==613981==    by 0x400BFFA: decode_options (tar.c:2378)
==613981==    by 0x400BFFA: main (tar.c:2792)
==613981== 
==613981== 7 bytes in 2 blocks are definitely lost in loss record 5 of 10
==613981==    at 0x48BD858: malloc (vg_replace_malloc.c:447)
==613981==    by 0x403A1FB: wordsplit_finish (wordsplit.c:836)
==613981==    by 0x400BFFA: parse_default_options (tar.c:2256)
==613981==    by 0x400BFFA: decode_options (tar.c:2378)
==613981==    by 0x400BFFA: main (tar.c:2792)
==613981== 
==613981== 16 bytes in 1 blocks are still reachable in loss record 6 of 10
==613981==    at 0x48C4E43: calloc (vg_replace_malloc.c:1678)
==613981==    by 0x40516F1: xcalloc (xmalloc.c:298)
==613981==    by 0x40516F1: xzalloc (xmalloc.c:283)
==613981==    by 0x400BEF9: decode_options (tar.c:2297)
==613981==    by 0x400BEF9: main (tar.c:2792)
==613981== 
==613981== 80 bytes in 1 blocks are still reachable in loss record 7 of 10
==613981==    at 0x48BD858: malloc (vg_replace_malloc.c:447)
==613981==    by 0x40512CC: xmalloc (xmalloc.c:45)
==613981==    by 0x400BE43: main (tar.c:2781)
==613981== 
==613981== 87 (80 direct, 7 indirect) bytes in 2 blocks are definitely lost in loss record 8 of 10
==613981==    at 0x48C4E43: calloc (vg_replace_malloc.c:1678)
==613981==    by 0x403959D: wsnode_new (wordsplit.c:422)
==613981==    by 0x403959D: wordsplit_add_segm (wordsplit.c:523)
==613981==    by 0x4039854: scan_word (wordsplit.c:2062)
==613981==    by 0x4039C7C: wordsplit_process_list (wordsplit.c:2358)
==613981==    by 0x403A562: wordsplit_run.constprop.0 (wordsplit.c:2434)
==613981==    by 0x400BFFA: parse_default_options (tar.c:2256)
==613981==    by 0x400BFFA: decode_options (tar.c:2378)
==613981==    by 0x400BFFA: main (tar.c:2792)
==613981== 
==613981== 102 bytes in 1 blocks are still reachable in loss record 9 of 10
==613981==    at 0x48BD858: malloc (vg_replace_malloc.c:447)
==613981==    by 0x40512CC: xmalloc (xmalloc.c:45)
==613981==    by 0x4029881: name_init (names.c:869)
==613981==    by 0x400C94C: main (tar.c:2794)
==613981== 
==613981== 4,064 bytes in 1 blocks are still reachable in loss record 10 of 10
==613981==    at 0x48BD858: malloc (vg_replace_malloc.c:447)
==613981==    by 0x40512CC: xmalloc (xmalloc.c:45)
==613981==    by 0x404A07D: call_chunkfun (obstack.c:88)
==613981==    by 0x404A07D: _obstack_begin_worker.isra.0 (obstack.c:135)
==613981==    by 0x404A0A8: _obstack_begin (obstack.c:157)
==613981==    by 0x4032C57: _transform_name_to_obstack (transform.c:592)
==613981==    by 0x4032C57: transform_name_fp (transform.c:614)
==613981==    by 0x4023670: transform_member_name (list.c:114)
==613981==    by 0x4023670: transform_stat_info.part.0 (list.c:150)
==613981==    by 0x4025850: transform_stat_info (list.c:227)
==613981==    by 0x4025850: read_and (list.c:227)
==613981==    by 0x400CD61: main (tar.c:2823)
==613981== 
==613981== LEAK SUMMARY:
==613981==    definitely lost: 87 bytes in 4 blocks
==613981==    indirectly lost: 7 bytes in 2 blocks
==613981==      possibly lost: 0 bytes in 0 blocks
==613981==    still reachable: 4,277 bytes in 7 blocks
==613981==         suppressed: 0 bytes in 0 blocks
==613981== 
==613981== For lists of detected and suppressed errors, rerun with: -s
==613981== ERROR SUMMARY: 3 errors from 3 contexts (suppressed: 0 from 0)
