==746380== Memcheck, a memory error detector
==746380== Copyright (C) 2002-2024, and GNU GPL'd, by Julian Seward et al.
==746380== Using Valgrind-3.26.0 and LibVEX; rerun with -h for copyright info
==746380== Command: /bin/sh -c echo\ xxx\ |\ (cat\ ;\ exit\ 4)
==746380== Parent PID: 746343
==746380== 
==746380== File descriptor -1 Invalid file descriptor
==746380==    at 0x49BCD61: close (close.c:27)
==746380==    by 0x4013080: ??? (in /usr/bin/dash)
==746380==    by 0x400BCE7: ??? (in /usr/bin/dash)
==746380==    by 0x40120F8: ??? (in /usr/bin/dash)
==746380==    by 0x4004DA0: ??? (in /usr/bin/dash)
==746380==    by 0x48C4600: (below main) (libc_start_call_main.h:59)
==746380== 
==746380== FILE DESCRIPTORS: 3 open (3 inherited) at exit.
==746380== 
==746380== HEAP SUMMARY:
==746380==     in use at exit: 1,060 bytes in 29 blocks
==746380==   total heap usage: 31 allocs, 2 frees, 1,228 bytes allocated
==746380== 
==746380== 28 bytes in 1 blocks are still reachable in loss record 1 of 6
==746380==    at 0x486E858: malloc (vg_replace_malloc.c:447)
==746380==    by 0x40083FA: ??? (in /usr/bin/dash)
==746380==    by 0x4012D83: ??? (in /usr/bin/dash)
==746380==    by 0x40130E0: ??? (in /usr/bin/dash)
==746380==    by 0x400BCE7: ??? (in /usr/bin/dash)
==746380==    by 0x40120F8: ??? (in /usr/bin/dash)
==746380==    by 0x4004DA0: ??? (in /usr/bin/dash)
==746380==    by 0x48C4600: (below main) (libc_start_call_main.h:59)
==746380== 
==746380== 32 bytes in 1 blocks are still reachable in loss record 2 of 6
==746380==    at 0x486E858: malloc (vg_replace_malloc.c:447)
==746380==    by 0x4017AB2: ??? (in /usr/bin/dash)
==746380==    by 0x40186D4: ??? (in /usr/bin/dash)
==746380==    by 0x4004BC6: ??? (in /usr/bin/dash)
==746380==    by 0x48C4600: (below main) (libc_start_call_main.h:59)
==746380== 
==746380== 34 bytes in 1 blocks are still reachable in loss record 3 of 6
==746380==    at 0x486E858: malloc (vg_replace_malloc.c:447)
==746380==    by 0x495596E: strdup (strdup.c:42)
==746380==    by 0x40081DF: ??? (in /usr/bin/dash)
==746380==    by 0x40186F9: ??? (in /usr/bin/dash)
==746380==    by 0x4004BC6: ??? (in /usr/bin/dash)
==746380==    by 0x48C4600: (below main) (libc_start_call_main.h:59)
==746380== 
==746380== 38 bytes in 1 blocks are still reachable in loss record 4 of 6
==746380==    at 0x486E858: malloc (vg_replace_malloc.c:447)
==746380==    by 0x4017C53: ??? (in /usr/bin/dash)
==746380==    by 0x40186F9: ??? (in /usr/bin/dash)
==746380==    by 0x4004BC6: ??? (in /usr/bin/dash)
==746380==    by 0x48C4600: (below main) (libc_start_call_main.h:59)
==746380== 
==746380== 160 bytes in 1 blocks are still reachable in loss record 5 of 6
==746380==    at 0x487607F: realloc (vg_replace_malloc.c:1804)
==746380==    by 0x40074DC: ??? (in /usr/bin/dash)
==746380==    by 0x4012F76: ??? (in /usr/bin/dash)
==746380==    by 0x400BCE7: ??? (in /usr/bin/dash)
==746380==    by 0x40120F8: ??? (in /usr/bin/dash)
==746380==    by 0x4004DA0: ??? (in /usr/bin/dash)
==746380==    by 0x48C4600: (below main) (libc_start_call_main.h:59)
==746380== 
==746380== 768 bytes in 24 blocks are still reachable in loss record 6 of 6
==746380==    at 0x486E858: malloc (vg_replace_malloc.c:447)
==746380==    by 0x4017AB2: ??? (in /usr/bin/dash)
==746380==    by 0x4018670: ??? (in /usr/bin/dash)
==746380==    by 0x4004BC6: ??? (in /usr/bin/dash)
==746380==    by 0x48C4600: (below main) (libc_start_call_main.h:59)
==746380== 
==746380== LEAK SUMMARY:
==746380==    definitely lost: 0 bytes in 0 blocks
==746380==    indirectly lost: 0 bytes in 0 blocks
==746380==      possibly lost: 0 bytes in 0 blocks
==746380==    still reachable: 1,060 bytes in 29 blocks
==746380==         suppressed: 0 bytes in 0 blocks
==746380== 
==746380== For lists of detected and suppressed errors, rerun with: -s
==746380== ERROR SUMMARY: 1 errors from 1 contexts (suppressed: 0 from 0)
