==746457== Memcheck, a memory error detector
==746457== Copyright (C) 2002-2024, and GNU GPL'd, by Julian Seward et al.
==746457== Using Valgrind-3.26.0 and LibVEX; rerun with -h for copyright info
==746457== Command: /tmp/rboxc-gawk-original-a2kny2t8/deps/cat
==746457== Parent PID: 746442
==746457== 
==746457== 
==746457== FILE DESCRIPTORS: 2 open (0 inherited) at exit.
==746457== Open file descriptor 4:
==746457==    at 0x537FB8D: pipe (pipe.c:29)
==746457==    by 0x411A7E1: pipe_safer (pipe-safer.c:33)
==746457==    by 0x403683B: splice_cat (cat.c:578)
==746457==    by 0x4037923: single_binary_main_cat (cat.c:899)
==746457==    by 0x401A532: launch_program (coreutils.c:126)
==746457==    by 0x4018E7A: main (coreutils.c:143)
==746457== 
==746457== Open file descriptor 3:
==746457==    at 0x537FB8D: pipe (pipe.c:29)
==746457==    by 0x411A7E1: pipe_safer (pipe-safer.c:33)
==746457==    by 0x403683B: splice_cat (cat.c:578)
==746457==    by 0x4037923: single_binary_main_cat (cat.c:899)
==746457==    by 0x401A532: launch_program (coreutils.c:126)
==746457==    by 0x4018E7A: main (coreutils.c:143)
==746457== 
==746457== 
==746457== HEAP SUMMARY:
==746457==     in use at exit: 0 bytes in 0 blocks
==746457==   total heap usage: 3 allocs, 3 frees, 82 bytes allocated
==746457== 
==746457== All heap blocks were freed -- no leaks are possible
==746457== 
==746457== For lists of detected and suppressed errors, rerun with: -s
==746457== ERROR SUMMARY: 2 errors from 2 contexts (suppressed: 0 from 0)
