==746417== Memcheck, a memory error detector
==746417== Copyright (C) 2002-2024, and GNU GPL'd, by Julian Seward et al.
==746417== Using Valgrind-3.26.0 and LibVEX; rerun with -h for copyright info
==746417== Command: /bin/sh -c echo\ xxx\ |\ (cat\ ;\ exit\ 4)
==746417== Parent PID: 746380
==746417== 
==746417== 
==746417== FILE DESCRIPTORS: 3 open (2 inherited) at exit.
==746417== Open file descriptor 1:
==746417==    at 0x49BCE8B: dup2 (dup2.c:29)
==746417==    by 0x401313D: ??? (in /usr/bin/dash)
==746417==    by 0x400BCE7: ??? (in /usr/bin/dash)
==746417==    by 0x40120F8: ??? (in /usr/bin/dash)
==746417==    by 0x4004DA0: ??? (in /usr/bin/dash)
==746417==    by 0x48C4600: (below main) (libc_start_call_main.h:59)
==746417== 
==746417== 
==746417== HEAP SUMMARY:
==746417==     in use at exit: 9,252 bytes in 30 blocks
==746417==   total heap usage: 34 allocs, 4 frees, 9,948 bytes allocated
==746417== 
==746417== 28 bytes in 1 blocks are still reachable in loss record 1 of 7
==746417==    at 0x486E858: malloc (vg_replace_malloc.c:447)
==746417==    by 0x40083FA: ??? (in /usr/bin/dash)
==746417==    by 0x4012D83: ??? (in /usr/bin/dash)
==746417==    by 0x40130E0: ??? (in /usr/bin/dash)
==746417==    by 0x400BCE7: ??? (in /usr/bin/dash)
==746417==    by 0x40120F8: ??? (in /usr/bin/dash)
==746417==    by 0x4004DA0: ??? (in /usr/bin/dash)
==746417==    by 0x48C4600: (below main) (libc_start_call_main.h:59)
==746417== 
==746417== 32 bytes in 1 blocks are still reachable in loss record 2 of 7
==746417==    at 0x486E858: malloc (vg_replace_malloc.c:447)
==746417==    by 0x4017AB2: ??? (in /usr/bin/dash)
==746417==    by 0x40186D4: ??? (in /usr/bin/dash)
==746417==    by 0x4004BC6: ??? (in /usr/bin/dash)
==746417==    by 0x48C4600: (below main) (libc_start_call_main.h:59)
==746417== 
==746417== 34 bytes in 1 blocks are still reachable in loss record 3 of 7
==746417==    at 0x486E858: malloc (vg_replace_malloc.c:447)
==746417==    by 0x495596E: strdup (strdup.c:42)
==746417==    by 0x40081DF: ??? (in /usr/bin/dash)
==746417==    by 0x40186F9: ??? (in /usr/bin/dash)
==746417==    by 0x4004BC6: ??? (in /usr/bin/dash)
==746417==    by 0x48C4600: (below main) (libc_start_call_main.h:59)
==746417== 
==746417== 38 bytes in 1 blocks are still reachable in loss record 4 of 7
==746417==    at 0x486E858: malloc (vg_replace_malloc.c:447)
==746417==    by 0x4017C53: ??? (in /usr/bin/dash)
==746417==    by 0x40186F9: ??? (in /usr/bin/dash)
==746417==    by 0x4004BC6: ??? (in /usr/bin/dash)
==746417==    by 0x48C4600: (below main) (libc_start_call_main.h:59)
==746417== 
==746417== 160 bytes in 1 blocks are still reachable in loss record 5 of 7
==746417==    at 0x487607F: realloc (vg_replace_malloc.c:1804)
==746417==    by 0x40074DC: ??? (in /usr/bin/dash)
==746417==    by 0x4012F76: ??? (in /usr/bin/dash)
==746417==    by 0x400BCE7: ??? (in /usr/bin/dash)
==746417==    by 0x40120F8: ??? (in /usr/bin/dash)
==746417==    by 0x4004DA0: ??? (in /usr/bin/dash)
==746417==    by 0x48C4600: (below main) (libc_start_call_main.h:59)
==746417== 
==746417== 768 bytes in 24 blocks are still reachable in loss record 6 of 7
==746417==    at 0x486E858: malloc (vg_replace_malloc.c:447)
==746417==    by 0x4017AB2: ??? (in /usr/bin/dash)
==746417==    by 0x4018670: ??? (in /usr/bin/dash)
==746417==    by 0x4004BC6: ??? (in /usr/bin/dash)
==746417==    by 0x48C4600: (below main) (libc_start_call_main.h:59)
==746417== 
==746417== 8,192 bytes in 1 blocks are still reachable in loss record 7 of 7
==746417==    at 0x487607F: realloc (vg_replace_malloc.c:1804)
==746417==    by 0x40168C6: ??? (in /usr/bin/dash)
==746417==    by 0x4016B3F: ??? (in /usr/bin/dash)
==746417==    by 0x4016CB6: ??? (in /usr/bin/dash)
==746417==    by 0x4012281: ??? (in /usr/bin/dash)
==746417==    by 0x40141BA: ??? (in /usr/bin/dash)
==746417==    by 0x400BCE7: ??? (in /usr/bin/dash)
==746417==    by 0x401304C: ??? (in /usr/bin/dash)
==746417==    by 0x400BCE7: ??? (in /usr/bin/dash)
==746417==    by 0x40120F8: ??? (in /usr/bin/dash)
==746417==    by 0x4004DA0: ??? (in /usr/bin/dash)
==746417==    by 0x48C4600: (below main) (libc_start_call_main.h:59)
==746417== 
==746417== LEAK SUMMARY:
==746417==    definitely lost: 0 bytes in 0 blocks
==746417==    indirectly lost: 0 bytes in 0 blocks
==746417==      possibly lost: 0 bytes in 0 blocks
==746417==    still reachable: 9,252 bytes in 30 blocks
==746417==         suppressed: 0 bytes in 0 blocks
==746417== 
==746417== For lists of detected and suppressed errors, rerun with: -s
==746417== ERROR SUMMARY: 1 errors from 1 contexts (suppressed: 0 from 0)
