==643124== Memcheck, a memory error detector
==643124== Copyright (C) 2002-2024, and GNU GPL'd, by Julian Seward et al.
==643124== Using Valgrind-3.26.0 and LibVEX; rerun with -h for copyright info
==643124== Command: /tmp/rboxc-tar-behavior-hshq6y4i/exec/tar f
==643124== Parent PID: 635373
==643124== 
==643124== 
==643124== FILE DESCRIPTORS: 1 open (1 inherited) at exit.
==643124== 
==643124== HEAP SUMMARY:
==643124==     in use at exit: 96 bytes in 2 blocks
==643124==   total heap usage: 16 allocs, 14 frees, 564 bytes allocated
==643124== 
==643124== 16 bytes in 1 blocks are still reachable in loss record 1 of 2
==643124==    at 0x5875E43: calloc (vg_replace_malloc.c:1678)
==643124==    by 0x469E501: rboxc_tar_xzalloc (in /root/rboxc/target/tar-map-probe-candidate/release/rboxc)
==643124==    by 0x4477AF5: single_binary_main_tar (in /root/rboxc/target/tar-map-probe-candidate/release/rboxc)
==643124==    by 0x5A18600: (below main) (libc_start_call_main.h:59)
==643124== 
==643124== 80 bytes in 1 blocks are still reachable in loss record 2 of 2
==643124==    at 0x586E858: malloc (vg_replace_malloc.c:447)
==643124==    by 0x469E0DC: rboxc_tar_xmalloc (in /root/rboxc/target/tar-map-probe-candidate/release/rboxc)
==643124==    by 0x4477A00: single_binary_main_tar (in /root/rboxc/target/tar-map-probe-candidate/release/rboxc)
==643124==    by 0x5A18600: (below main) (libc_start_call_main.h:59)
==643124== 
==643124== LEAK SUMMARY:
==643124==    definitely lost: 0 bytes in 0 blocks
==643124==    indirectly lost: 0 bytes in 0 blocks
==643124==      possibly lost: 0 bytes in 0 blocks
==643124==    still reachable: 96 bytes in 2 blocks
==643124==         suppressed: 0 bytes in 0 blocks
==643124== 
==643124== For lists of detected and suppressed errors, rerun with: -s
==643124== ERROR SUMMARY: 0 errors from 0 contexts (suppressed: 0 from 0)
