==658017== Memcheck, a memory error detector
==658017== Copyright (C) 2002-2024, and GNU GPL'd, by Julian Seward et al.
==658017== Using Valgrind-3.26.0 and LibVEX; rerun with -h for copyright info
==658017== Command: tar --acls -cf /dev/null fiBAdMwI
==658017== Parent PID: 658016
==658017== 
==658017== 
==658017== FILE DESCRIPTORS: 1 open (1 inherited) at exit.
==658017== 
==658017== HEAP SUMMARY:
==658017==     in use at exit: 4,545 bytes in 8 blocks
==658017==   total heap usage: 63 allocs, 55 frees, 65,206 bytes allocated
==658017== 
==658017== 5 bytes in 1 blocks are still reachable in loss record 1 of 8
==658017==    at 0x586E858: malloc (vg_replace_malloc.c:447)
==658017==    by 0x469E66D: rboxc_tar_xstrdup (in /root/rboxc/target/tar-map-probe-candidate/release/rboxc)
==658017==    by 0x466FF4F: rboxc_tar_assign_string (in /root/rboxc/target/tar-map-probe-candidate/release/rboxc)
==658017==    by 0x4673232: rboxc_tar_uid_to_uname (in /root/rboxc/target/tar-map-probe-candidate/release/rboxc)
==658017==    by 0x4662453: rboxc_tar_start_header (in /root/rboxc/target/tar-map-probe-candidate/release/rboxc)
==658017==    by 0x46625F8: dump_regular_file (in /root/rboxc/target/tar-map-probe-candidate/release/rboxc)
==658017==    by 0x4663442: dump_file0 (in /root/rboxc/target/tar-map-probe-candidate/release/rboxc)
==658017==    by 0x46643E9: rboxc_tar_create_archive (in /root/rboxc/target/tar-map-probe-candidate/release/rboxc)
==658017==    by 0x4478AF8: single_binary_main_tar (in /root/rboxc/target/tar-map-probe-candidate/release/rboxc)
==658017==    by 0x5A18600: (below main) (libc_start_call_main.h:59)
==658017== 
==658017== 5 bytes in 1 blocks are still reachable in loss record 2 of 8
==658017==    at 0x586E858: malloc (vg_replace_malloc.c:447)
==658017==    by 0x469E66D: rboxc_tar_xstrdup (in /root/rboxc/target/tar-map-probe-candidate/release/rboxc)
==658017==    by 0x466FF4F: rboxc_tar_assign_string (in /root/rboxc/target/tar-map-probe-candidate/release/rboxc)
==658017==    by 0x46732C2: rboxc_tar_gid_to_gname (in /root/rboxc/target/tar-map-probe-candidate/release/rboxc)
==658017==    by 0x466243B: rboxc_tar_start_header (in /root/rboxc/target/tar-map-probe-candidate/release/rboxc)
==658017==    by 0x46625F8: dump_regular_file (in /root/rboxc/target/tar-map-probe-candidate/release/rboxc)
==658017==    by 0x4663442: dump_file0 (in /root/rboxc/target/tar-map-probe-candidate/release/rboxc)
==658017==    by 0x46643E9: rboxc_tar_create_archive (in /root/rboxc/target/tar-map-probe-candidate/release/rboxc)
==658017==    by 0x4478AF8: single_binary_main_tar (in /root/rboxc/target/tar-map-probe-candidate/release/rboxc)
==658017==    by 0x5A18600: (below main) (libc_start_call_main.h:59)
==658017== 
==658017== 16 bytes in 1 blocks are still reachable in loss record 3 of 8
==658017==    at 0x5875E43: calloc (vg_replace_malloc.c:1678)
==658017==    by 0x469E501: rboxc_tar_xzalloc (in /root/rboxc/target/tar-map-probe-candidate/release/rboxc)
==658017==    by 0x4477AF5: single_binary_main_tar (in /root/rboxc/target/tar-map-probe-candidate/release/rboxc)
==658017==    by 0x5A18600: (below main) (libc_start_call_main.h:59)
==658017== 
==658017== 17 bytes in 1 blocks are still reachable in loss record 4 of 8
==658017==    at 0x586E858: malloc (vg_replace_malloc.c:447)
==658017==    by 0x469E66D: rboxc_tar_xstrdup (in /root/rboxc/target/tar-map-probe-candidate/release/rboxc)
==658017==    by 0x466FF4F: rboxc_tar_assign_string (in /root/rboxc/target/tar-map-probe-candidate/release/rboxc)
==658017==    by 0x467EFE6: rboxc_tar_xheader_xhdr_name (in /root/rboxc/target/tar-map-probe-candidate/release/rboxc)
==658017==    by 0x46610F7: write_extended.part.0 (in /root/rboxc/target/tar-map-probe-candidate/release/rboxc)
==658017==    by 0x46616F6: rboxc_tar_finish_header (in /root/rboxc/target/tar-map-probe-candidate/release/rboxc)
==658017==    by 0x466260F: dump_regular_file (in /root/rboxc/target/tar-map-probe-candidate/release/rboxc)
==658017==    by 0x4663442: dump_file0 (in /root/rboxc/target/tar-map-probe-candidate/release/rboxc)
==658017==    by 0x46643E9: rboxc_tar_create_archive (in /root/rboxc/target/tar-map-probe-candidate/release/rboxc)
==658017==    by 0x4478AF8: single_binary_main_tar (in /root/rboxc/target/tar-map-probe-candidate/release/rboxc)
==658017==    by 0x5A18600: (below main) (libc_start_call_main.h:59)
==658017== 
==658017== 80 bytes in 1 blocks are still reachable in loss record 5 of 8
==658017==    at 0x586E858: malloc (vg_replace_malloc.c:447)
==658017==    by 0x469E0DC: rboxc_tar_xmalloc (in /root/rboxc/target/tar-map-probe-candidate/release/rboxc)
==658017==    by 0x4477A00: single_binary_main_tar (in /root/rboxc/target/tar-map-probe-candidate/release/rboxc)
==658017==    by 0x5A18600: (below main) (libc_start_call_main.h:59)
==658017== 
==658017== 102 bytes in 1 blocks are still reachable in loss record 6 of 8
==658017==    at 0x586E858: malloc (vg_replace_malloc.c:447)
==658017==    by 0x469E0DC: rboxc_tar_xmalloc (in /root/rboxc/target/tar-map-probe-candidate/release/rboxc)
==658017==    by 0x46734A1: rboxc_tar_name_init (in /root/rboxc/target/tar-map-probe-candidate/release/rboxc)
==658017==    by 0x4478A7A: single_binary_main_tar (in /root/rboxc/target/tar-map-probe-candidate/release/rboxc)
==658017==    by 0x5A18600: (below main) (libc_start_call_main.h:59)
==658017== 
==658017== 256 bytes in 1 blocks are still reachable in loss record 7 of 8
==658017==    at 0x586E858: malloc (vg_replace_malloc.c:447)
==658017==    by 0x469E0DC: rboxc_tar_xmalloc (in /root/rboxc/target/tar-map-probe-candidate/release/rboxc)
==658017==    by 0x467DAB4: xheader_print_n (in /root/rboxc/target/tar-map-probe-candidate/release/rboxc)
==658017==    by 0x467DD3B: mtime_coder (in /root/rboxc/target/tar-map-probe-candidate/release/rboxc)
==658017==    by 0x46620DF: rboxc_tar_start_header (in /root/rboxc/target/tar-map-probe-candidate/release/rboxc)
==658017==    by 0x46625F8: dump_regular_file (in /root/rboxc/target/tar-map-probe-candidate/release/rboxc)
==658017==    by 0x4663442: dump_file0 (in /root/rboxc/target/tar-map-probe-candidate/release/rboxc)
==658017==    by 0x46643E9: rboxc_tar_create_archive (in /root/rboxc/target/tar-map-probe-candidate/release/rboxc)
==658017==    by 0x4478AF8: single_binary_main_tar (in /root/rboxc/target/tar-map-probe-candidate/release/rboxc)
==658017==    by 0x5A18600: (below main) (libc_start_call_main.h:59)
==658017== 
==658017== 4,064 bytes in 1 blocks are still reachable in loss record 8 of 8
==658017==    at 0x586E858: malloc (vg_replace_malloc.c:447)
==658017==    by 0x469E0DC: rboxc_tar_xmalloc (in /root/rboxc/target/tar-map-probe-candidate/release/rboxc)
==658017==    by 0x4695FFD: _obstack_begin_worker.isra.0 (in /root/rboxc/target/tar-map-probe-candidate/release/rboxc)
==658017==    by 0x4696028: rboxc_tar__obstack_begin (in /root/rboxc/target/tar-map-probe-candidate/release/rboxc)
==658017==    by 0x4679CD7: rboxc_tar_transform_name_fp (in /root/rboxc/target/tar-map-probe-candidate/release/rboxc)
==658017==    by 0x46632A4: dump_file0 (in /root/rboxc/target/tar-map-probe-candidate/release/rboxc)
==658017==    by 0x46643E9: rboxc_tar_create_archive (in /root/rboxc/target/tar-map-probe-candidate/release/rboxc)
==658017==    by 0x4478AF8: single_binary_main_tar (in /root/rboxc/target/tar-map-probe-candidate/release/rboxc)
==658017==    by 0x5A18600: (below main) (libc_start_call_main.h:59)
==658017== 
==658017== LEAK SUMMARY:
==658017==    definitely lost: 0 bytes in 0 blocks
==658017==    indirectly lost: 0 bytes in 0 blocks
==658017==      possibly lost: 0 bytes in 0 blocks
==658017==    still reachable: 4,545 bytes in 8 blocks
==658017==         suppressed: 0 bytes in 0 blocks
==658017== 
==658017== For lists of detected and suppressed errors, rerun with: -s
==658017== ERROR SUMMARY: 0 errors from 0 contexts (suppressed: 0 from 0)
