==699946== Memcheck, a memory error detector
==699946== Copyright (C) 2002-2024, and GNU GPL'd, by Julian Seward et al.
==699946== Using Valgrind-3.26.0 and LibVEX; rerun with -h for copyright info
==699946== Command: tar -c -f a -z --remove-files b c
==699946== Parent PID: 699708
==699946== 
==699946== 
==699946== FILE DESCRIPTORS: 2 open (2 inherited) at exit.
==699946== 
==699946== HEAP SUMMARY:
==699946==     in use at exit: 14,734 bytes in 8 blocks
==699946==   total heap usage: 22 allocs, 14 frees, 22,585 bytes allocated
==699946== 
==699946== 16 bytes in 1 blocks are still reachable in loss record 1 of 7
==699946==    at 0x5875E43: calloc (vg_replace_malloc.c:1678)
==699946==    by 0x469E681: rboxc_tar_xzalloc (in /tmp/rboxc-tar-original-9guz3p0f/copies/24)
==699946==    by 0x440DEF5: single_binary_main_tar (in /tmp/rboxc-tar-original-9guz3p0f/copies/24)
==699946==    by 0x5A18600: (below main) (libc_start_call_main.h:59)
==699946== 
==699946== 32 bytes in 1 blocks are still reachable in loss record 2 of 7
==699946==    at 0x586E858: malloc (vg_replace_malloc.c:447)
==699946==    by 0x469E25C: rboxc_tar_xmalloc (in /tmp/rboxc-tar-original-9guz3p0f/copies/24)
==699946==    by 0x4404C80: rboxc::applet_tar::set_use_compress_program_option (in /tmp/rboxc-tar-original-9guz3p0f/copies/24)
==699946==    by 0x44059E2: rboxc::applet_tar::parse_opt (in /tmp/rboxc-tar-original-9guz3p0f/copies/24)
==699946==    by 0x468D3BD: rboxc_tar_argp_parse (in /tmp/rboxc-tar-original-9guz3p0f/copies/24)
==699946==    by 0x440E425: single_binary_main_tar (in /tmp/rboxc-tar-original-9guz3p0f/copies/24)
==699946==    by 0x5A18600: (below main) (libc_start_call_main.h:59)
==699946== 
==699946== 56 bytes in 1 blocks are still reachable in loss record 3 of 7
==699946==    at 0x586E858: malloc (vg_replace_malloc.c:447)
==699946==    by 0x469E25C: rboxc_tar_xmalloc (in /tmp/rboxc-tar-original-9guz3p0f/copies/24)
==699946==    by 0x4671FEE: name_elt_alloc (in /tmp/rboxc-tar-original-9guz3p0f/copies/24)
==699946==    by 0x467354C: rboxc_tar_name_add_name (in /tmp/rboxc-tar-original-9guz3p0f/copies/24)
==699946==    by 0x44057DF: rboxc::applet_tar::parse_opt (in /tmp/rboxc-tar-original-9guz3p0f/copies/24)
==699946==    by 0x468CCC3: rboxc_tar_argp_parse (in /tmp/rboxc-tar-original-9guz3p0f/copies/24)
==699946==    by 0x440E425: single_binary_main_tar (in /tmp/rboxc-tar-original-9guz3p0f/copies/24)
==699946==    by 0x5A18600: (below main) (libc_start_call_main.h:59)
==699946== 
==699946== 80 bytes in 1 blocks are still reachable in loss record 4 of 7
==699946==    at 0x586E858: malloc (vg_replace_malloc.c:447)
==699946==    by 0x469E25C: rboxc_tar_xmalloc (in /tmp/rboxc-tar-original-9guz3p0f/copies/24)
==699946==    by 0x440DE00: single_binary_main_tar (in /tmp/rboxc-tar-original-9guz3p0f/copies/24)
==699946==    by 0x5A18600: (below main) (libc_start_call_main.h:59)
==699946== 
==699946== 102 bytes in 1 blocks are still reachable in loss record 5 of 7
==699946==    at 0x586E858: malloc (vg_replace_malloc.c:447)
==699946==    by 0x469E25C: rboxc_tar_xmalloc (in /tmp/rboxc-tar-original-9guz3p0f/copies/24)
==699946==    by 0x46735A1: rboxc_tar_name_init (in /tmp/rboxc-tar-original-9guz3p0f/copies/24)
==699946==    by 0x440EE7A: single_binary_main_tar (in /tmp/rboxc-tar-original-9guz3p0f/copies/24)
==699946==    by 0x5A18600: (below main) (libc_start_call_main.h:59)
==699946== 
==699946== 112 bytes in 2 blocks are still reachable in loss record 6 of 7
==699946==    at 0x586E858: malloc (vg_replace_malloc.c:447)
==699946==    by 0x469E25C: rboxc_tar_xmalloc (in /tmp/rboxc-tar-original-9guz3p0f/copies/24)
==699946==    by 0x4671F9D: name_elt_alloc (in /tmp/rboxc-tar-original-9guz3p0f/copies/24)
==699946==    by 0x467354C: rboxc_tar_name_add_name (in /tmp/rboxc-tar-original-9guz3p0f/copies/24)
==699946==    by 0x44057DF: rboxc::applet_tar::parse_opt (in /tmp/rboxc-tar-original-9guz3p0f/copies/24)
==699946==    by 0x468CCC3: rboxc_tar_argp_parse (in /tmp/rboxc-tar-original-9guz3p0f/copies/24)
==699946==    by 0x440E425: single_binary_main_tar (in /tmp/rboxc-tar-original-9guz3p0f/copies/24)
==699946==    by 0x5A18600: (below main) (libc_start_call_main.h:59)
==699946== 
==699946== 14,336 bytes in 1 blocks are still reachable in loss record 7 of 7
==699946==    at 0x586E858: malloc (vg_replace_malloc.c:447)
==699946==    by 0x469E25C: rboxc_tar_xmalloc (in /tmp/rboxc-tar-original-9guz3p0f/copies/24)
==699946==    by 0x4671852: rboxc_tar_page_aligned_alloc (in /tmp/rboxc-tar-original-9guz3p0f/copies/24)
==699946==    by 0x465A303: init_buffer (in /tmp/rboxc-tar-original-9guz3p0f/copies/24)
==699946==    by 0x465D9FF: rboxc_tar_open_archive (in /tmp/rboxc-tar-original-9guz3p0f/copies/24)
==699946==    by 0x466443E: rboxc_tar_create_archive (in /tmp/rboxc-tar-original-9guz3p0f/copies/24)
==699946==    by 0x440EEF8: single_binary_main_tar (in /tmp/rboxc-tar-original-9guz3p0f/copies/24)
==699946==    by 0x5A18600: (below main) (libc_start_call_main.h:59)
==699946== 
==699946== LEAK SUMMARY:
==699946==    definitely lost: 0 bytes in 0 blocks
==699946==    indirectly lost: 0 bytes in 0 blocks
==699946==      possibly lost: 0 bytes in 0 blocks
==699946==    still reachable: 14,734 bytes in 8 blocks
==699946==         suppressed: 0 bytes in 0 blocks
==699946== 
==699946== For lists of detected and suppressed errors, rerun with: -s
==699946== ERROR SUMMARY: 0 errors from 0 contexts (suppressed: 0 from 0)
