==739881== Memcheck, a memory error detector
==739881== Copyright (C) 2002-2024, and GNU GPL'd, by Julian Seward et al.
==739881== Using Valgrind-3.26.0 and LibVEX; rerun with -h for copyright info
==739881== Command: /tmp/rboxc-gawk-original-mnmbmiy_/deps/sort
==739881== Parent PID: 739859
==739881== 
==739881== 
==739881== FILE DESCRIPTORS: 0 open (0 inherited) at exit.
==739881== 
==739881== HEAP SUMMARY:
==739881==     in use at exit: 128 bytes in 1 blocks
==739881==   total heap usage: 25 allocs, 24 frees, 16,935,129 bytes allocated
==739881== 
==739881== 128 bytes in 1 blocks are still reachable in loss record 1 of 1
==739881==    at 0x4BF907F: realloc (vg_replace_malloc.c:1804)
==739881==    by 0x411C0A6: rpl_realloc (stdlib.h:2059)
==739881==    by 0x411C0A6: xrealloc (xmalloc.c:70)
==739881==    by 0x411C0A6: xpalloc (xmalloc.c:269)
==739881==    by 0x40A7BB6: add_temp_dir (sort.c:1347)
==739881==    by 0x40AE3A4: single_binary_main_sort (sort.c:4921)
==739881==    by 0x401A532: launch_program (coreutils.c:126)
==739881==    by 0x4018E7A: main (coreutils.c:143)
==739881== 
==739881== LEAK SUMMARY:
==739881==    definitely lost: 0 bytes in 0 blocks
==739881==    indirectly lost: 0 bytes in 0 blocks
==739881==      possibly lost: 0 bytes in 0 blocks
==739881==    still reachable: 128 bytes in 1 blocks
==739881==         suppressed: 0 bytes in 0 blocks
==739881== 
==739881== For lists of detected and suppressed errors, rerun with: -s
==739881== ERROR SUMMARY: 0 errors from 0 contexts (suppressed: 0 from 0)
