==688381== Memcheck, a memory error detector
==688381== Copyright (C) 2002-2024, and GNU GPL'd, by Julian Seward et al.
==688381== Using Valgrind-3.26.0 and LibVEX; rerun with -h for copyright info
==688381== Command: tar --version
==688381== Parent PID: 688226
==688381== 
==688381== 
==688381== FILE DESCRIPTORS: 4 open (4 inherited) at exit.
==688381== 
==688381== HEAP SUMMARY:
==688381==     in use at exit: 7,767 bytes in 3 blocks
==688381==   total heap usage: 15 allocs, 12 frees, 12,021 bytes allocated
==688381== 
==688381== 16 bytes in 1 blocks are still reachable in loss record 1 of 3
==688381==    at 0x48C4E43: calloc (vg_replace_malloc.c:1678)
==688381==    by 0x40516F1: xcalloc (xmalloc.c:298)
==688381==    by 0x40516F1: xzalloc (xmalloc.c:283)
==688381==    by 0x400BEF9: decode_options (tar.c:2297)
==688381==    by 0x400BEF9: main (tar.c:2792)
==688381== 
==688381== 80 bytes in 1 blocks are still reachable in loss record 2 of 3
==688381==    at 0x48BD858: malloc (vg_replace_malloc.c:447)
==688381==    by 0x40512CC: xmalloc (xmalloc.c:45)
==688381==    by 0x400BE43: main (tar.c:2781)
==688381== 
==688381== 7,671 bytes in 1 blocks are still reachable in loss record 3 of 3
==688381==    at 0x48BD858: malloc (vg_replace_malloc.c:447)
==688381==    by 0x4041854: parser_init (argp-parse.c:495)
==688381==    by 0x4041854: argp_parse (argp-parse.c:921)
==688381==    by 0x400C045: decode_options (tar.c:2380)
==688381==    by 0x400C045: main (tar.c:2792)
==688381== 
==688381== LEAK SUMMARY:
==688381==    definitely lost: 0 bytes in 0 blocks
==688381==    indirectly lost: 0 bytes in 0 blocks
==688381==      possibly lost: 0 bytes in 0 blocks
==688381==    still reachable: 7,767 bytes in 3 blocks
==688381==         suppressed: 0 bytes in 0 blocks
==688381== 
==688381== For lists of detected and suppressed errors, rerun with: -s
==688381== ERROR SUMMARY: 0 errors from 0 contexts (suppressed: 0 from 0)
