==656320== Memcheck, a memory error detector
==656320== Copyright (C) 2002-2024, and GNU GPL'd, by Julian Seward et al.
==656320== Using Valgrind-3.26.0 and LibVEX; rerun with -h for copyright info
==656320== Command: tar --acls -xf archive.tar -C dir
==656320== Parent PID: 656199
==656320== 
==656320== 
==656320== FILE DESCRIPTORS: 2 open (1 inherited) at exit.
==656320== Open file descriptor 4: dir
==656320==    at 0x4A1AADA: openat (openat64.c:39)
==656320==    by 0x4027817: openat (fcntl2.h:175)
==656320==    by 0x4027817: chdir_do (misc.c:988)
==656320==    by 0x402A0C7: name_match (names.c:1330)
==656320==    by 0x4025622: read_and (list.c:196)
==656320==    by 0x400CD61: main (tar.c:2823)
==656320== 
==656320== 
==656320== HEAP SUMMARY:
==656320==     in use at exit: 4,577 bytes in 17 blocks
==656320==   total heap usage: 96 allocs, 79 frees, 69,764 bytes allocated
==656320== 
==656320== 1 bytes in 1 blocks are indirectly lost in loss record 1 of 14
==656320==    at 0x48BD858: malloc (vg_replace_malloc.c:447)
==656320==    by 0x405185D: xmalloc (xmalloc.c:45)
==656320==    by 0x405185D: xmemdup (xmalloc.c:314)
==656320==    by 0x405185D: xstrdup (xmalloc.c:339)
==656320==    by 0x402994B: make_name (names.c:599)
==656320==    by 0x402994B: addname (names.c:1233)
==656320==    by 0x4025436: read_and (list.c:174)
==656320==    by 0x400CD61: main (tar.c:2823)
==656320== 
==656320== 4 bytes in 1 blocks are still reachable in loss record 2 of 14
==656320==    at 0x48BD858: malloc (vg_replace_malloc.c:447)
==656320==    by 0x405185D: xmalloc (xmalloc.c:45)
==656320==    by 0x405185D: xmemdup (xmalloc.c:314)
==656320==    by 0x405185D: xstrdup (xmalloc.c:339)
==656320==    by 0x4029A2E: name_gather (names.c:1215)
==656320==    by 0x4025436: read_and (list.c:174)
==656320==    by 0x400CD61: main (tar.c:2823)
==656320== 
==656320== 5 bytes in 1 blocks are still reachable in loss record 3 of 14
==656320==    at 0x48BD858: malloc (vg_replace_malloc.c:447)
==656320==    by 0x405185D: xmalloc (xmalloc.c:45)
==656320==    by 0x405185D: xmemdup (xmalloc.c:314)
==656320==    by 0x405185D: xstrdup (xmalloc.c:339)
==656320==    by 0x402644F: assign_string (misc.c:58)
==656320==    by 0x402973C: uname_to_uid (names.c:550)
==656320==    by 0x402457F: decode_header (list.c:694)
==656320==    by 0x4025616: read_and (list.c:194)
==656320==    by 0x400CD61: main (tar.c:2823)
==656320== 
==656320== 5 bytes in 1 blocks are still reachable in loss record 4 of 14
==656320==    at 0x48BD858: malloc (vg_replace_malloc.c:447)
==656320==    by 0x405185D: xmalloc (xmalloc.c:45)
==656320==    by 0x405185D: xmemdup (xmalloc.c:314)
==656320==    by 0x405185D: xstrdup (xmalloc.c:339)
==656320==    by 0x402644F: assign_string (misc.c:58)
==656320==    by 0x40297DC: gname_to_gid (names.c:580)
==656320==    by 0x402455F: decode_header (list.c:699)
==656320==    by 0x4025616: read_and (list.c:194)
==656320==    by 0x400CD61: main (tar.c:2823)
==656320== 
==656320== 10 bytes in 2 blocks are indirectly lost in loss record 5 of 14
==656320==    at 0x48BD858: malloc (vg_replace_malloc.c:447)
==656320==    by 0x40387DD: wsnode_quoteremoval (wordsplit.c:651)
==656320==    by 0x4039CFD: wordsplit_process_list (wordsplit.c:2390)
==656320==    by 0x403A562: wordsplit_run.constprop.0 (wordsplit.c:2434)
==656320==    by 0x400BFFA: parse_default_options (tar.c:2256)
==656320==    by 0x400BFFA: decode_options (tar.c:2378)
==656320==    by 0x400BFFA: main (tar.c:2792)
==656320== 
==656320== 10 bytes in 2 blocks are definitely lost in loss record 6 of 14
==656320==    at 0x48BD858: malloc (vg_replace_malloc.c:447)
==656320==    by 0x403A1FB: wordsplit_finish (wordsplit.c:836)
==656320==    by 0x400BFFA: parse_default_options (tar.c:2256)
==656320==    by 0x400BFFA: decode_options (tar.c:2378)
==656320==    by 0x400BFFA: main (tar.c:2792)
==656320== 
==656320== 16 bytes in 1 blocks are still reachable in loss record 7 of 14
==656320==    at 0x48C4E43: calloc (vg_replace_malloc.c:1678)
==656320==    by 0x40516F1: xcalloc (xmalloc.c:298)
==656320==    by 0x40516F1: xzalloc (xmalloc.c:283)
==656320==    by 0x400BEF9: decode_options (tar.c:2297)
==656320==    by 0x400BEF9: main (tar.c:2792)
==656320== 
==656320== 48 bytes in 1 blocks are still reachable in loss record 8 of 14
==656320==    at 0x48C53C0: reallocarray (vg_replace_malloc.c:1806)
==656320==    by 0x40515C9: xreallocarray (xmalloc.c:84)
==656320==    by 0x40515C9: x2nrealloc (xmalloc.c:203)
==656320==    by 0x4027754: chdir_arg (misc.c:934)
==656320==    by 0x4029A36: name_gather (names.c:1215)
==656320==    by 0x4025436: read_and (list.c:174)
==656320==    by 0x400CD61: main (tar.c:2823)
==656320== 
==656320== 56 bytes in 1 blocks are definitely lost in loss record 9 of 14
==656320==    at 0x48BD858: malloc (vg_replace_malloc.c:447)
==656320==    by 0x40512CC: xmalloc (xmalloc.c:45)
==656320==    by 0x40283CE: name_elt_alloc (names.c:683)
==656320==    by 0x40289D8: name_add_dir (names.c:839)
==656320==    by 0x40289D8: names_parse_opt (names.c:192)
==656320==    by 0x404233D: group_parse (argp-parse.c:233)
==656320==    by 0x404233D: parser_parse_opt (argp-parse.c:736)
==656320==    by 0x404233D: parser_parse_next (argp-parse.c:859)
==656320==    by 0x404233D: argp_parse (argp-parse.c:927)
==656320==    by 0x400C045: decode_options (tar.c:2380)
==656320==    by 0x400C045: main (tar.c:2792)
==656320== 
==656320== 80 bytes in 1 blocks are still reachable in loss record 10 of 14
==656320==    at 0x48BD858: malloc (vg_replace_malloc.c:447)
==656320==    by 0x40512CC: xmalloc (xmalloc.c:45)
==656320==    by 0x400BE43: main (tar.c:2781)
==656320== 
==656320== 90 (80 direct, 10 indirect) bytes in 2 blocks are definitely lost in loss record 11 of 14
==656320==    at 0x48C4E43: calloc (vg_replace_malloc.c:1678)
==656320==    by 0x403959D: wsnode_new (wordsplit.c:422)
==656320==    by 0x403959D: wordsplit_add_segm (wordsplit.c:523)
==656320==    by 0x4039854: scan_word (wordsplit.c:2062)
==656320==    by 0x4039C7C: wordsplit_process_list (wordsplit.c:2358)
==656320==    by 0x403A562: wordsplit_run.constprop.0 (wordsplit.c:2434)
==656320==    by 0x400BFFA: parse_default_options (tar.c:2256)
==656320==    by 0x400BFFA: decode_options (tar.c:2378)
==656320==    by 0x400BFFA: main (tar.c:2792)
==656320== 
==656320== 97 (96 direct, 1 indirect) bytes in 1 blocks are definitely lost in loss record 12 of 14
==656320==    at 0x48C4E43: calloc (vg_replace_malloc.c:1678)
==656320==    by 0x40516F1: xcalloc (xmalloc.c:298)
==656320==    by 0x40516F1: xzalloc (xmalloc.c:283)
==656320==    by 0x4029932: make_name (names.c:596)
==656320==    by 0x4029932: addname (names.c:1233)
==656320==    by 0x4025436: read_and (list.c:174)
==656320==    by 0x400CD61: main (tar.c:2823)
==656320== 
==656320== 102 bytes in 1 blocks are still reachable in loss record 13 of 14
==656320==    at 0x48BD858: malloc (vg_replace_malloc.c:447)
==656320==    by 0x40512CC: xmalloc (xmalloc.c:45)
==656320==    by 0x4029881: name_init (names.c:869)
==656320==    by 0x400C94C: main (tar.c:2794)
==656320== 
==656320== 4,064 bytes in 1 blocks are still reachable in loss record 14 of 14
==656320==    at 0x48BD858: malloc (vg_replace_malloc.c:447)
==656320==    by 0x40512CC: xmalloc (xmalloc.c:45)
==656320==    by 0x404A07D: call_chunkfun (obstack.c:88)
==656320==    by 0x404A07D: _obstack_begin_worker.isra.0 (obstack.c:135)
==656320==    by 0x404A0A8: _obstack_begin (obstack.c:157)
==656320==    by 0x4032C57: _transform_name_to_obstack (transform.c:592)
==656320==    by 0x4032C57: transform_name_fp (transform.c:614)
==656320==    by 0x4023670: transform_member_name (list.c:114)
==656320==    by 0x4023670: transform_stat_info.part.0 (list.c:150)
==656320==    by 0x4025850: transform_stat_info (list.c:227)
==656320==    by 0x4025850: read_and (list.c:227)
==656320==    by 0x400CD61: main (tar.c:2823)
==656320== 
==656320== LEAK SUMMARY:
==656320==    definitely lost: 242 bytes in 6 blocks
==656320==    indirectly lost: 11 bytes in 3 blocks
==656320==      possibly lost: 0 bytes in 0 blocks
==656320==    still reachable: 4,324 bytes in 8 blocks
==656320==         suppressed: 0 bytes in 0 blocks
==656320== 
==656320== For lists of detected and suppressed errors, rerun with: -s
==656320== ERROR SUMMARY: 5 errors from 5 contexts (suppressed: 0 from 0)
