==656361== Memcheck, a memory error detector
==656361== Copyright (C) 2002-2024, and GNU GPL'd, by Julian Seward et al.
==656361== Using Valgrind-3.26.0 and LibVEX; rerun with -h for copyright info
==656361== Command: tar --acls -cf archive.tar -C dir subdir
==656361== Parent PID: 656333
==656361== 
==656361== 
==656361== FILE DESCRIPTORS: 2 open (1 inherited) at exit.
==656361== Open file descriptor 4: dir
==656361==    at 0x4A1AADA: openat (openat64.c:39)
==656361==    by 0x4027817: openat (fcntl2.h:175)
==656361==    by 0x4027817: chdir_do (misc.c:988)
==656361==    by 0x4028D52: name_next_elt (names.c:1123)
==656361==    by 0x40298EC: name_next (names.c:1152)
==656361==    by 0x401750F: create_archive (create.c:1410)
==656361==    by 0x400CD90: main (tar.c:2818)
==656361== 
==656361== 
==656361== HEAP SUMMARY:
==656361==     in use at exit: 4,695 bytes in 16 blocks
==656361==   total heap usage: 93 allocs, 77 frees, 107,745 bytes allocated
==656361== 
==656361== 4 bytes in 1 blocks are still reachable in loss record 1 of 13
==656361==    at 0x48BD858: malloc (vg_replace_malloc.c:447)
==656361==    by 0x405185D: xmalloc (xmalloc.c:45)
==656361==    by 0x405185D: xmemdup (xmalloc.c:314)
==656361==    by 0x405185D: xstrdup (xmalloc.c:339)
==656361==    by 0x4028D43: name_next_elt (names.c:1123)
==656361==    by 0x40298EC: name_next (names.c:1152)
==656361==    by 0x401750F: create_archive (create.c:1410)
==656361==    by 0x400CD90: main (tar.c:2818)
==656361== 
==656361== 5 bytes in 1 blocks are still reachable in loss record 2 of 13
==656361==    at 0x48BD858: malloc (vg_replace_malloc.c:447)
==656361==    by 0x405185D: xmalloc (xmalloc.c:45)
==656361==    by 0x405185D: xmemdup (xmalloc.c:314)
==656361==    by 0x405185D: xstrdup (xmalloc.c:339)
==656361==    by 0x402644F: assign_string (misc.c:58)
==656361==    by 0x4029612: uid_to_uname (names.c:490)
==656361==    by 0x40155F3: start_header (create.c:931)
==656361==    by 0x40167F9: dump_dir0 (create.c:1123)
==656361==    by 0x40167F9: dump_dir (create.c:1320)
==656361==    by 0x40167F9: dump_file0 (create.c:1757)
==656361==    by 0x4017589: dump_file (create.c:1968)
==656361==    by 0x4017589: create_archive (create.c:1412)
==656361==    by 0x400CD90: main (tar.c:2818)
==656361== 
==656361== 5 bytes in 1 blocks are still reachable in loss record 3 of 13
==656361==    at 0x48BD858: malloc (vg_replace_malloc.c:447)
==656361==    by 0x405185D: xmalloc (xmalloc.c:45)
==656361==    by 0x405185D: xmemdup (xmalloc.c:314)
==656361==    by 0x405185D: xstrdup (xmalloc.c:339)
==656361==    by 0x402644F: assign_string (misc.c:58)
==656361==    by 0x40296A2: gid_to_gname (names.c:520)
==656361==    by 0x40155DB: start_header (create.c:936)
==656361==    by 0x40167F9: dump_dir0 (create.c:1123)
==656361==    by 0x40167F9: dump_dir (create.c:1320)
==656361==    by 0x40167F9: dump_file0 (create.c:1757)
==656361==    by 0x4017589: dump_file (create.c:1968)
==656361==    by 0x4017589: create_archive (create.c:1412)
==656361==    by 0x400CD90: main (tar.c:2818)
==656361== 
==656361== 9 bytes in 2 blocks are indirectly lost in loss record 4 of 13
==656361==    at 0x48BD858: malloc (vg_replace_malloc.c:447)
==656361==    by 0x40387DD: wsnode_quoteremoval (wordsplit.c:651)
==656361==    by 0x4039CFD: wordsplit_process_list (wordsplit.c:2390)
==656361==    by 0x403A562: wordsplit_run.constprop.0 (wordsplit.c:2434)
==656361==    by 0x400BFFA: parse_default_options (tar.c:2256)
==656361==    by 0x400BFFA: decode_options (tar.c:2378)
==656361==    by 0x400BFFA: main (tar.c:2792)
==656361== 
==656361== 9 bytes in 2 blocks are definitely lost in loss record 5 of 13
==656361==    at 0x48BD858: malloc (vg_replace_malloc.c:447)
==656361==    by 0x403A1FB: wordsplit_finish (wordsplit.c:836)
==656361==    by 0x400BFFA: parse_default_options (tar.c:2256)
==656361==    by 0x400BFFA: decode_options (tar.c:2378)
==656361==    by 0x400BFFA: main (tar.c:2792)
==656361== 
==656361== 16 bytes in 1 blocks are still reachable in loss record 6 of 13
==656361==    at 0x48C4E43: calloc (vg_replace_malloc.c:1678)
==656361==    by 0x40516F1: xcalloc (xmalloc.c:298)
==656361==    by 0x40516F1: xzalloc (xmalloc.c:283)
==656361==    by 0x400BEF9: decode_options (tar.c:2297)
==656361==    by 0x400BEF9: main (tar.c:2792)
==656361== 
==656361== 17 bytes in 1 blocks are still reachable in loss record 7 of 13
==656361==    at 0x48BD858: malloc (vg_replace_malloc.c:447)
==656361==    by 0x405185D: xmalloc (xmalloc.c:45)
==656361==    by 0x405185D: xmemdup (xmalloc.c:314)
==656361==    by 0x405185D: xstrdup (xmalloc.c:339)
==656361==    by 0x402644F: assign_string (misc.c:58)
==656361==    by 0x401E7A6: xheader_xhdr_name (xheader.c:393)
==656361==    by 0x4014297: write_extended.part.0 (create.c:713)
==656361==    by 0x4014896: write_extended (create.c:699)
==656361==    by 0x4014896: finish_header (create.c:1024)
==656361==    by 0x4016C5E: dump_dir0 (create.c:1137)
==656361==    by 0x4016C5E: dump_dir (create.c:1320)
==656361==    by 0x4016C5E: dump_file0 (create.c:1757)
==656361==    by 0x4017589: dump_file (create.c:1968)
==656361==    by 0x4017589: create_archive (create.c:1412)
==656361==    by 0x400CD90: main (tar.c:2818)
==656361== 
==656361== 48 bytes in 1 blocks are still reachable in loss record 8 of 13
==656361==    at 0x48C53C0: reallocarray (vg_replace_malloc.c:1806)
==656361==    by 0x40515C9: xreallocarray (xmalloc.c:84)
==656361==    by 0x40515C9: x2nrealloc (xmalloc.c:203)
==656361==    by 0x4027754: chdir_arg (misc.c:934)
==656361==    by 0x4028D4B: name_next_elt (names.c:1123)
==656361==    by 0x40298EC: name_next (names.c:1152)
==656361==    by 0x401750F: create_archive (create.c:1410)
==656361==    by 0x400CD90: main (tar.c:2818)
==656361== 
==656361== 80 bytes in 1 blocks are still reachable in loss record 9 of 13
==656361==    at 0x48BD858: malloc (vg_replace_malloc.c:447)
==656361==    by 0x40512CC: xmalloc (xmalloc.c:45)
==656361==    by 0x400BE43: main (tar.c:2781)
==656361== 
==656361== 89 (80 direct, 9 indirect) bytes in 2 blocks are definitely lost in loss record 10 of 13
==656361==    at 0x48C4E43: calloc (vg_replace_malloc.c:1678)
==656361==    by 0x403959D: wsnode_new (wordsplit.c:422)
==656361==    by 0x403959D: wordsplit_add_segm (wordsplit.c:523)
==656361==    by 0x4039854: scan_word (wordsplit.c:2062)
==656361==    by 0x4039C7C: wordsplit_process_list (wordsplit.c:2358)
==656361==    by 0x403A562: wordsplit_run.constprop.0 (wordsplit.c:2434)
==656361==    by 0x400BFFA: parse_default_options (tar.c:2256)
==656361==    by 0x400BFFA: decode_options (tar.c:2378)
==656361==    by 0x400BFFA: main (tar.c:2792)
==656361== 
==656361== 102 bytes in 1 blocks are still reachable in loss record 11 of 13
==656361==    at 0x48BD858: malloc (vg_replace_malloc.c:447)
==656361==    by 0x40512CC: xmalloc (xmalloc.c:45)
==656361==    by 0x4029881: name_init (names.c:869)
==656361==    by 0x400C94C: main (tar.c:2794)
==656361== 
==656361== 256 bytes in 1 blocks are still reachable in loss record 12 of 13
==656361==    at 0x48BD858: malloc (vg_replace_malloc.c:447)
==656361==    by 0x40512CC: xmalloc (xmalloc.c:45)
==656361==    by 0x401D274: xattr_encode_keyword (xheader.c:833)
==656361==    by 0x401D274: xheader_print_n (xheader.c:876)
==656361==    by 0x401D4FB: xheader_print (xheader.c:899)
==656361==    by 0x401D4FB: code_time (xheader.c:1043)
==656361==    by 0x401D4FB: mtime_coder (xheader.c:1232)
==656361==    by 0x401527F: start_header (create.c:852)
==656361==    by 0x40167F9: dump_dir0 (create.c:1123)
==656361==    by 0x40167F9: dump_dir (create.c:1320)
==656361==    by 0x40167F9: dump_file0 (create.c:1757)
==656361==    by 0x4017589: dump_file (create.c:1968)
==656361==    by 0x4017589: create_archive (create.c:1412)
==656361==    by 0x400CD90: main (tar.c:2818)
==656361== 
==656361== 4,064 bytes in 1 blocks are still reachable in loss record 13 of 13
==656361==    at 0x48BD858: malloc (vg_replace_malloc.c:447)
==656361==    by 0x40512CC: xmalloc (xmalloc.c:45)
==656361==    by 0x404A07D: call_chunkfun (obstack.c:88)
==656361==    by 0x404A07D: _obstack_begin_worker.isra.0 (obstack.c:135)
==656361==    by 0x404A0A8: _obstack_begin (obstack.c:157)
==656361==    by 0x4032C57: _transform_name_to_obstack (transform.c:592)
==656361==    by 0x4032C57: transform_name_fp (transform.c:614)
==656361==    by 0x4016444: dump_file0 (create.c:1657)
==656361==    by 0x4017589: dump_file (create.c:1968)
==656361==    by 0x4017589: create_archive (create.c:1412)
==656361==    by 0x400CD90: main (tar.c:2818)
==656361== 
==656361== LEAK SUMMARY:
==656361==    definitely lost: 89 bytes in 4 blocks
==656361==    indirectly lost: 9 bytes in 2 blocks
==656361==      possibly lost: 0 bytes in 0 blocks
==656361==    still reachable: 4,597 bytes in 10 blocks
==656361==         suppressed: 0 bytes in 0 blocks
==656361== 
==656361== For lists of detected and suppressed errors, rerun with: -s
==656361== ERROR SUMMARY: 3 errors from 3 contexts (suppressed: 0 from 0)
