==672405== Memcheck, a memory error detector
==672405== Copyright (C) 2002-2024, and GNU GPL'd, by Julian Seward et al.
==672405== Using Valgrind-3.26.0 and LibVEX; rerun with -h for copyright info
==672405== Command: tar --version
==672405== Parent PID: 672093
==672405== 
==672405== 
==672405== FILE DESCRIPTORS: 4 open (4 inherited) at exit.
==672405== 
==672405== HEAP SUMMARY:
==672405==     in use at exit: 7,767 bytes in 3 blocks
==672405==   total heap usage: 15 allocs, 12 frees, 12,021 bytes allocated
==672405== 
==672405== 16 bytes in 1 blocks are still reachable in loss record 1 of 3
==672405==    at 0x48C4E43: calloc (vg_replace_malloc.c:1678)
==672405==    by 0x40516F1: xcalloc (xmalloc.c:298)
==672405==    by 0x40516F1: xzalloc (xmalloc.c:283)
==672405==    by 0x400BEF9: decode_options (tar.c:2297)
==672405==    by 0x400BEF9: main (tar.c:2792)
==672405== 
==672405== 80 bytes in 1 blocks are still reachable in loss record 2 of 3
==672405==    at 0x48BD858: malloc (vg_replace_malloc.c:447)
==672405==    by 0x40512CC: xmalloc (xmalloc.c:45)
==672405==    by 0x400BE43: main (tar.c:2781)
==672405== 
==672405== 7,671 bytes in 1 blocks are still reachable in loss record 3 of 3
==672405==    at 0x48BD858: malloc (vg_replace_malloc.c:447)
==672405==    by 0x4041854: parser_init (argp-parse.c:495)
==672405==    by 0x4041854: argp_parse (argp-parse.c:921)
==672405==    by 0x400C045: decode_options (tar.c:2380)
==672405==    by 0x400C045: main (tar.c:2792)
==672405== 
==672405== LEAK SUMMARY:
==672405==    definitely lost: 0 bytes in 0 blocks
==672405==    indirectly lost: 0 bytes in 0 blocks
==672405==      possibly lost: 0 bytes in 0 blocks
==672405==    still reachable: 7,767 bytes in 3 blocks
==672405==         suppressed: 0 bytes in 0 blocks
==672405== 
==672405== For lists of detected and suppressed errors, rerun with: -s
==672405== ERROR SUMMARY: 0 errors from 0 contexts (suppressed: 0 from 0)
