==672565== Memcheck, a memory error detector
==672565== Copyright (C) 2002-2024, and GNU GPL'd, by Julian Seward et al.
==672565== Using Valgrind-3.26.0 and LibVEX; rerun with -h for copyright info
==672565== Command: tar cf archive jeden dwa trzy cztery
==672565== Parent PID: 672549
==672565== 
==672565== 
==672565== FILE DESCRIPTORS: 1 open (1 inherited) at exit.
==672565== 
==672565== HEAP SUMMARY:
==672565==     in use at exit: 5,105 bytes in 23 blocks
==672565==   total heap usage: 104 allocs, 81 frees, 74,040 bytes allocated
==672565== 
==672565== 5 bytes in 1 blocks are still reachable in loss record 1 of 16
==672565==    at 0x48BD858: malloc (vg_replace_malloc.c:447)
==672565==    by 0x405185D: xmalloc (xmalloc.c:45)
==672565==    by 0x405185D: xmemdup (xmalloc.c:314)
==672565==    by 0x405185D: xstrdup (xmalloc.c:339)
==672565==    by 0x402644F: assign_string (misc.c:58)
==672565==    by 0x4029612: uid_to_uname (names.c:490)
==672565==    by 0x40155F3: start_header (create.c:931)
==672565==    by 0x4015798: dump_regular_file (create.c:1050)
==672565==    by 0x40165E2: dump_file0 (create.c:1773)
==672565==    by 0x4017589: dump_file (create.c:1968)
==672565==    by 0x4017589: create_archive (create.c:1412)
==672565==    by 0x400CD90: main (tar.c:2818)
==672565== 
==672565== 5 bytes in 1 blocks are still reachable in loss record 2 of 16
==672565==    at 0x48BD858: malloc (vg_replace_malloc.c:447)
==672565==    by 0x405185D: xmalloc (xmalloc.c:45)
==672565==    by 0x405185D: xmemdup (xmalloc.c:314)
==672565==    by 0x405185D: xstrdup (xmalloc.c:339)
==672565==    by 0x402644F: assign_string (misc.c:58)
==672565==    by 0x40296A2: gid_to_gname (names.c:520)
==672565==    by 0x40155DB: start_header (create.c:936)
==672565==    by 0x4015798: dump_regular_file (create.c:1050)
==672565==    by 0x40165E2: dump_file0 (create.c:1773)
==672565==    by 0x4017589: dump_file (create.c:1968)
==672565==    by 0x4017589: create_archive (create.c:1412)
==672565==    by 0x400CD90: main (tar.c:2818)
==672565== 
==672565== 6 bytes in 2 blocks are indirectly lost in loss record 3 of 16
==672565==    at 0x48BD858: malloc (vg_replace_malloc.c:447)
==672565==    by 0x405185D: xmalloc (xmalloc.c:45)
==672565==    by 0x405185D: xmemdup (xmalloc.c:314)
==672565==    by 0x405185D: xstrdup (xmalloc.c:339)
==672565==    by 0x400C4F1: decode_options (tar.c:2353)
==672565==    by 0x400C4F1: main (tar.c:2792)
==672565== 
==672565== 9 bytes in 2 blocks are indirectly lost in loss record 4 of 16
==672565==    at 0x48BD858: malloc (vg_replace_malloc.c:447)
==672565==    by 0x40387DD: wsnode_quoteremoval (wordsplit.c:651)
==672565==    by 0x4039CFD: wordsplit_process_list (wordsplit.c:2390)
==672565==    by 0x403A562: wordsplit_run.constprop.0 (wordsplit.c:2434)
==672565==    by 0x400BFFA: parse_default_options (tar.c:2256)
==672565==    by 0x400BFFA: decode_options (tar.c:2378)
==672565==    by 0x400BFFA: main (tar.c:2792)
==672565== 
==672565== 9 bytes in 2 blocks are definitely lost in loss record 5 of 16
==672565==    at 0x48BD858: malloc (vg_replace_malloc.c:447)
==672565==    by 0x403A1FB: wordsplit_finish (wordsplit.c:836)
==672565==    by 0x400BFFA: parse_default_options (tar.c:2256)
==672565==    by 0x400BFFA: decode_options (tar.c:2378)
==672565==    by 0x400BFFA: main (tar.c:2792)
==672565== 
==672565== 16 bytes in 1 blocks are still reachable in loss record 6 of 16
==672565==    at 0x48C4E43: calloc (vg_replace_malloc.c:1678)
==672565==    by 0x40516F1: xcalloc (xmalloc.c:298)
==672565==    by 0x40516F1: xzalloc (xmalloc.c:283)
==672565==    by 0x400BEF9: decode_options (tar.c:2297)
==672565==    by 0x400BEF9: main (tar.c:2792)
==672565== 
==672565== 17 bytes in 1 blocks are still reachable in loss record 7 of 16
==672565==    at 0x48BD858: malloc (vg_replace_malloc.c:447)
==672565==    by 0x405185D: xmalloc (xmalloc.c:45)
==672565==    by 0x405185D: xmemdup (xmalloc.c:314)
==672565==    by 0x405185D: xstrdup (xmalloc.c:339)
==672565==    by 0x402644F: assign_string (misc.c:58)
==672565==    by 0x401E7A6: xheader_xhdr_name (xheader.c:393)
==672565==    by 0x4014297: write_extended.part.0 (create.c:713)
==672565==    by 0x4014896: write_extended (create.c:699)
==672565==    by 0x4014896: finish_header (create.c:1024)
==672565==    by 0x40157AF: dump_regular_file (create.c:1058)
==672565==    by 0x40165E2: dump_file0 (create.c:1773)
==672565==    by 0x4017589: dump_file (create.c:1968)
==672565==    by 0x4017589: create_archive (create.c:1412)
==672565==    by 0x400CD90: main (tar.c:2818)
==672565== 
==672565== 78 (72 direct, 6 indirect) bytes in 1 blocks are definitely lost in loss record 8 of 16
==672565==    at 0x48BD858: malloc (vg_replace_malloc.c:447)
==672565==    by 0x40512CC: xmalloc (xmalloc.c:45)
==672565==    by 0x400C46E: decode_options (tar.c:2340)
==672565==    by 0x400C46E: main (tar.c:2792)
==672565== 
==672565== 80 bytes in 1 blocks are still reachable in loss record 9 of 16
==672565==    at 0x48BD858: malloc (vg_replace_malloc.c:447)
==672565==    by 0x40512CC: xmalloc (xmalloc.c:45)
==672565==    by 0x400BE43: main (tar.c:2781)
==672565== 
==672565== 80 bytes in 1 blocks are still reachable in loss record 10 of 16
==672565==    at 0x48BD858: malloc (vg_replace_malloc.c:447)
==672565==    by 0x4047846: hash_initialize (hash.c:523)
==672565==    by 0x401411B: file_count_links (create.c:1530)
==672565==    by 0x401411B: file_count_links (create.c:1508)
==672565==    by 0x4016A58: dump_file0 (create.c:1779)
==672565==    by 0x4017589: dump_file (create.c:1968)
==672565==    by 0x4017589: create_archive (create.c:1412)
==672565==    by 0x400CD90: main (tar.c:2818)
==672565== 
==672565== 89 (80 direct, 9 indirect) bytes in 2 blocks are definitely lost in loss record 11 of 16
==672565==    at 0x48C4E43: calloc (vg_replace_malloc.c:1678)
==672565==    by 0x403959D: wsnode_new (wordsplit.c:422)
==672565==    by 0x403959D: wordsplit_add_segm (wordsplit.c:523)
==672565==    by 0x4039854: scan_word (wordsplit.c:2062)
==672565==    by 0x4039C7C: wordsplit_process_list (wordsplit.c:2358)
==672565==    by 0x403A562: wordsplit_run.constprop.0 (wordsplit.c:2434)
==672565==    by 0x400BFFA: parse_default_options (tar.c:2256)
==672565==    by 0x400BFFA: decode_options (tar.c:2378)
==672565==    by 0x400BFFA: main (tar.c:2792)
==672565== 
==672565== 102 bytes in 1 blocks are still reachable in loss record 12 of 16
==672565==    at 0x48BD858: malloc (vg_replace_malloc.c:447)
==672565==    by 0x40512CC: xmalloc (xmalloc.c:45)
==672565==    by 0x4029881: name_init (names.c:869)
==672565==    by 0x400C94C: main (tar.c:2794)
==672565== 
==672565== 128 bytes in 4 blocks are still reachable in loss record 13 of 16
==672565==    at 0x48BD858: malloc (vg_replace_malloc.c:447)
==672565==    by 0x40512CC: xmalloc (xmalloc.c:45)
==672565==    by 0x401407E: file_count_links (create.c:1522)
==672565==    by 0x401407E: file_count_links (create.c:1508)
==672565==    by 0x4016A58: dump_file0 (create.c:1779)
==672565==    by 0x4017589: dump_file (create.c:1968)
==672565==    by 0x4017589: create_archive (create.c:1412)
==672565==    by 0x400CD90: main (tar.c:2818)
==672565== 
==672565== 176 bytes in 1 blocks are still reachable in loss record 14 of 16
==672565==    at 0x48C4E43: calloc (vg_replace_malloc.c:1678)
==672565==    by 0x404789C: hash_initialize (hash.c:544)
==672565==    by 0x401411B: file_count_links (create.c:1530)
==672565==    by 0x401411B: file_count_links (create.c:1508)
==672565==    by 0x4016A58: dump_file0 (create.c:1779)
==672565==    by 0x4017589: dump_file (create.c:1968)
==672565==    by 0x4017589: create_archive (create.c:1412)
==672565==    by 0x400CD90: main (tar.c:2818)
==672565== 
==672565== 256 bytes in 1 blocks are still reachable in loss record 15 of 16
==672565==    at 0x48BD858: malloc (vg_replace_malloc.c:447)
==672565==    by 0x40512CC: xmalloc (xmalloc.c:45)
==672565==    by 0x401D274: xattr_encode_keyword (xheader.c:833)
==672565==    by 0x401D274: xheader_print_n (xheader.c:876)
==672565==    by 0x401D4FB: xheader_print (xheader.c:899)
==672565==    by 0x401D4FB: code_time (xheader.c:1043)
==672565==    by 0x401D4FB: mtime_coder (xheader.c:1232)
==672565==    by 0x401527F: start_header (create.c:852)
==672565==    by 0x4015798: dump_regular_file (create.c:1050)
==672565==    by 0x40165E2: dump_file0 (create.c:1773)
==672565==    by 0x4017589: dump_file (create.c:1968)
==672565==    by 0x4017589: create_archive (create.c:1412)
==672565==    by 0x400CD90: main (tar.c:2818)
==672565== 
==672565== 4,064 bytes in 1 blocks are still reachable in loss record 16 of 16
==672565==    at 0x48BD858: malloc (vg_replace_malloc.c:447)
==672565==    by 0x40512CC: xmalloc (xmalloc.c:45)
==672565==    by 0x404A07D: call_chunkfun (obstack.c:88)
==672565==    by 0x404A07D: _obstack_begin_worker.isra.0 (obstack.c:135)
==672565==    by 0x404A0A8: _obstack_begin (obstack.c:157)
==672565==    by 0x4032C57: _transform_name_to_obstack (transform.c:592)
==672565==    by 0x4032C57: transform_name_fp (transform.c:614)
==672565==    by 0x4016444: dump_file0 (create.c:1657)
==672565==    by 0x4017589: dump_file (create.c:1968)
==672565==    by 0x4017589: create_archive (create.c:1412)
==672565==    by 0x400CD90: main (tar.c:2818)
==672565== 
==672565== LEAK SUMMARY:
==672565==    definitely lost: 161 bytes in 5 blocks
==672565==    indirectly lost: 15 bytes in 4 blocks
==672565==      possibly lost: 0 bytes in 0 blocks
==672565==    still reachable: 4,929 bytes in 14 blocks
==672565==         suppressed: 0 bytes in 0 blocks
==672565== 
==672565== For lists of detected and suppressed errors, rerun with: -s
==672565== ERROR SUMMARY: 3 errors from 3 contexts (suppressed: 0 from 0)
