==633695== Memcheck, a memory error detector
==633695== Copyright (C) 2002-2024, and GNU GPL'd, by Julian Seward et al.
==633695== Using Valgrind-3.26.0 and LibVEX; rerun with -h for copyright info
==633695== Command: tar --create -vvf a dir --numeric-owner
==633695== Parent PID: 633686
==633695== 
==633695== 
==633695== FILE DESCRIPTORS: 1 open (1 inherited) at exit.
==633695== 
==633695== HEAP SUMMARY:
==633695==     in use at exit: 4,535 bytes in 6 blocks
==633695==   total heap usage: 50 allocs, 44 frees, 81,545 bytes allocated
==633695== 
==633695== 16 bytes in 1 blocks are still reachable in loss record 1 of 6
==633695==    at 0x5875E43: calloc (vg_replace_malloc.c:1678)
==633695==    by 0x469E501: rboxc_tar_xzalloc (in /root/rboxc/target/screen-owned-candidate/release/rboxc)
==633695==    by 0x4477AF5: single_binary_main_tar (in /root/rboxc/target/screen-owned-candidate/release/rboxc)
==633695==    by 0x5A18600: (below main) (libc_start_call_main.h:59)
==633695== 
==633695== 17 bytes in 1 blocks are still reachable in loss record 2 of 6
==633695==    at 0x586E858: malloc (vg_replace_malloc.c:447)
==633695==    by 0x469E66D: rboxc_tar_xstrdup (in /root/rboxc/target/screen-owned-candidate/release/rboxc)
==633695==    by 0x466FF4F: rboxc_tar_assign_string (in /root/rboxc/target/screen-owned-candidate/release/rboxc)
==633695==    by 0x467EFE6: rboxc_tar_xheader_xhdr_name (in /root/rboxc/target/screen-owned-candidate/release/rboxc)
==633695==    by 0x46610F7: write_extended.part.0 (in /root/rboxc/target/screen-owned-candidate/release/rboxc)
==633695==    by 0x46616F6: rboxc_tar_finish_header (in /root/rboxc/target/screen-owned-candidate/release/rboxc)
==633695==    by 0x4663ABE: dump_file0 (in /root/rboxc/target/screen-owned-candidate/release/rboxc)
==633695==    by 0x46643E9: rboxc_tar_create_archive (in /root/rboxc/target/screen-owned-candidate/release/rboxc)
==633695==    by 0x4478AF8: single_binary_main_tar (in /root/rboxc/target/screen-owned-candidate/release/rboxc)
==633695==    by 0x5A18600: (below main) (libc_start_call_main.h:59)
==633695== 
==633695== 80 bytes in 1 blocks are still reachable in loss record 3 of 6
==633695==    at 0x586E858: malloc (vg_replace_malloc.c:447)
==633695==    by 0x469E0DC: rboxc_tar_xmalloc (in /root/rboxc/target/screen-owned-candidate/release/rboxc)
==633695==    by 0x4477A00: single_binary_main_tar (in /root/rboxc/target/screen-owned-candidate/release/rboxc)
==633695==    by 0x5A18600: (below main) (libc_start_call_main.h:59)
==633695== 
==633695== 102 bytes in 1 blocks are still reachable in loss record 4 of 6
==633695==    at 0x586E858: malloc (vg_replace_malloc.c:447)
==633695==    by 0x469E0DC: rboxc_tar_xmalloc (in /root/rboxc/target/screen-owned-candidate/release/rboxc)
==633695==    by 0x46734A1: rboxc_tar_name_init (in /root/rboxc/target/screen-owned-candidate/release/rboxc)
==633695==    by 0x4478A7A: single_binary_main_tar (in /root/rboxc/target/screen-owned-candidate/release/rboxc)
==633695==    by 0x5A18600: (below main) (libc_start_call_main.h:59)
==633695== 
==633695== 256 bytes in 1 blocks are still reachable in loss record 5 of 6
==633695==    at 0x586E858: malloc (vg_replace_malloc.c:447)
==633695==    by 0x469E0DC: rboxc_tar_xmalloc (in /root/rboxc/target/screen-owned-candidate/release/rboxc)
==633695==    by 0x467DAB4: xheader_print_n (in /root/rboxc/target/screen-owned-candidate/release/rboxc)
==633695==    by 0x467DD3B: mtime_coder (in /root/rboxc/target/screen-owned-candidate/release/rboxc)
==633695==    by 0x46620DF: rboxc_tar_start_header (in /root/rboxc/target/screen-owned-candidate/release/rboxc)
==633695==    by 0x4663659: dump_file0 (in /root/rboxc/target/screen-owned-candidate/release/rboxc)
==633695==    by 0x46643E9: rboxc_tar_create_archive (in /root/rboxc/target/screen-owned-candidate/release/rboxc)
==633695==    by 0x4478AF8: single_binary_main_tar (in /root/rboxc/target/screen-owned-candidate/release/rboxc)
==633695==    by 0x5A18600: (below main) (libc_start_call_main.h:59)
==633695== 
==633695== 4,064 bytes in 1 blocks are still reachable in loss record 6 of 6
==633695==    at 0x586E858: malloc (vg_replace_malloc.c:447)
==633695==    by 0x469E0DC: rboxc_tar_xmalloc (in /root/rboxc/target/screen-owned-candidate/release/rboxc)
==633695==    by 0x4695FFD: _obstack_begin_worker.isra.0 (in /root/rboxc/target/screen-owned-candidate/release/rboxc)
==633695==    by 0x4696028: rboxc_tar__obstack_begin (in /root/rboxc/target/screen-owned-candidate/release/rboxc)
==633695==    by 0x4679CD7: rboxc_tar_transform_name_fp (in /root/rboxc/target/screen-owned-candidate/release/rboxc)
==633695==    by 0x46632A4: dump_file0 (in /root/rboxc/target/screen-owned-candidate/release/rboxc)
==633695==    by 0x46643E9: rboxc_tar_create_archive (in /root/rboxc/target/screen-owned-candidate/release/rboxc)
==633695==    by 0x4478AF8: single_binary_main_tar (in /root/rboxc/target/screen-owned-candidate/release/rboxc)
==633695==    by 0x5A18600: (below main) (libc_start_call_main.h:59)
==633695== 
==633695== LEAK SUMMARY:
==633695==    definitely lost: 0 bytes in 0 blocks
==633695==    indirectly lost: 0 bytes in 0 blocks
==633695==      possibly lost: 0 bytes in 0 blocks
==633695==    still reachable: 4,535 bytes in 6 blocks
==633695==         suppressed: 0 bytes in 0 blocks
==633695== 
==633695== For lists of detected and suppressed errors, rerun with: -s
==633695== ERROR SUMMARY: 0 errors from 0 contexts (suppressed: 0 from 0)
