==633785== Memcheck, a memory error detector
==633785== Copyright (C) 2002-2024, and GNU GPL'd, by Julian Seward et al.
==633785== Using Valgrind-3.26.0 and LibVEX; rerun with -h for copyright info
==633785== Command: tar --list -vvf a dir --numeric-owner
==633785== Parent PID: 633772
==633785== 
==633785== 
==633785== FILE DESCRIPTORS: 1 open (1 inherited) at exit.
==633785== 
==633785== HEAP SUMMARY:
==633785==     in use at exit: 4,262 bytes in 4 blocks
==633785==   total heap usage: 40 allocs, 36 frees, 40,066 bytes allocated
==633785== 
==633785== 16 bytes in 1 blocks are still reachable in loss record 1 of 4
==633785==    at 0x5875E43: calloc (vg_replace_malloc.c:1678)
==633785==    by 0x469E501: rboxc_tar_xzalloc (in /root/rboxc/target/screen-owned-candidate/release/rboxc)
==633785==    by 0x4477AF5: single_binary_main_tar (in /root/rboxc/target/screen-owned-candidate/release/rboxc)
==633785==    by 0x5A18600: (below main) (libc_start_call_main.h:59)
==633785== 
==633785== 80 bytes in 1 blocks are still reachable in loss record 2 of 4
==633785==    at 0x586E858: malloc (vg_replace_malloc.c:447)
==633785==    by 0x469E0DC: rboxc_tar_xmalloc (in /root/rboxc/target/screen-owned-candidate/release/rboxc)
==633785==    by 0x4477A00: single_binary_main_tar (in /root/rboxc/target/screen-owned-candidate/release/rboxc)
==633785==    by 0x5A18600: (below main) (libc_start_call_main.h:59)
==633785== 
==633785== 102 bytes in 1 blocks are still reachable in loss record 3 of 4
==633785==    at 0x586E858: malloc (vg_replace_malloc.c:447)
==633785==    by 0x469E0DC: rboxc_tar_xmalloc (in /root/rboxc/target/screen-owned-candidate/release/rboxc)
==633785==    by 0x46734A1: rboxc_tar_name_init (in /root/rboxc/target/screen-owned-candidate/release/rboxc)
==633785==    by 0x4478A7A: single_binary_main_tar (in /root/rboxc/target/screen-owned-candidate/release/rboxc)
==633785==    by 0x5A18600: (below main) (libc_start_call_main.h:59)
==633785== 
==633785== 4,064 bytes in 1 blocks are still reachable in loss record 4 of 4
==633785==    at 0x586E858: malloc (vg_replace_malloc.c:447)
==633785==    by 0x469E0DC: rboxc_tar_xmalloc (in /root/rboxc/target/screen-owned-candidate/release/rboxc)
==633785==    by 0x4695FFD: _obstack_begin_worker.isra.0 (in /root/rboxc/target/screen-owned-candidate/release/rboxc)
==633785==    by 0x4696028: rboxc_tar__obstack_begin (in /root/rboxc/target/screen-owned-candidate/release/rboxc)
==633785==    by 0x4679CD7: rboxc_tar_transform_name_fp (in /root/rboxc/target/screen-owned-candidate/release/rboxc)
==633785==    by 0x466D0B0: transform_stat_info.part.0 (in /root/rboxc/target/screen-owned-candidate/release/rboxc)
==633785==    by 0x466F290: rboxc_tar_read_and (in /root/rboxc/target/screen-owned-candidate/release/rboxc)
==633785==    by 0x4478B39: single_binary_main_tar (in /root/rboxc/target/screen-owned-candidate/release/rboxc)
==633785==    by 0x5A18600: (below main) (libc_start_call_main.h:59)
==633785== 
==633785== LEAK SUMMARY:
==633785==    definitely lost: 0 bytes in 0 blocks
==633785==    indirectly lost: 0 bytes in 0 blocks
==633785==      possibly lost: 0 bytes in 0 blocks
==633785==    still reachable: 4,262 bytes in 4 blocks
==633785==         suppressed: 0 bytes in 0 blocks
==633785== 
==633785== For lists of detected and suppressed errors, rerun with: -s
==633785== ERROR SUMMARY: 0 errors from 0 contexts (suppressed: 0 from 0)
