==683669== Memcheck, a memory error detector
==683669== Copyright (C) 2002-2024, and GNU GPL'd, by Julian Seward et al.
==683669== Using Valgrind-3.26.0 and LibVEX; rerun with -h for copyright info
==683669== Command: tar -cf archive.tar foo
==683669== Parent PID: 683665
==683669== 
==683669== 
==683669== FILE DESCRIPTORS: 1 open (1 inherited) at exit.
==683669== 
==683669== HEAP SUMMARY:
==683669==     in use at exit: 4,366 bytes in 12 blocks
==683669==   total heap usage: 58 allocs, 46 frees, 56,355 bytes allocated
==683669== 
==683669== 5 bytes in 1 blocks are still reachable in loss record 1 of 9
==683669==    at 0x48BD858: malloc (vg_replace_malloc.c:447)
==683669==    by 0x405185D: xmalloc (xmalloc.c:45)
==683669==    by 0x405185D: xmemdup (xmalloc.c:314)
==683669==    by 0x405185D: xstrdup (xmalloc.c:339)
==683669==    by 0x402644F: assign_string (misc.c:58)
==683669==    by 0x4029612: uid_to_uname (names.c:490)
==683669==    by 0x40155F3: start_header (create.c:931)
==683669==    by 0x4015798: dump_regular_file (create.c:1050)
==683669==    by 0x40165E2: dump_file0 (create.c:1773)
==683669==    by 0x4017589: dump_file (create.c:1968)
==683669==    by 0x4017589: create_archive (create.c:1412)
==683669==    by 0x400CD90: main (tar.c:2818)
==683669== 
==683669== 5 bytes in 1 blocks are still reachable in loss record 2 of 9
==683669==    at 0x48BD858: malloc (vg_replace_malloc.c:447)
==683669==    by 0x405185D: xmalloc (xmalloc.c:45)
==683669==    by 0x405185D: xmemdup (xmalloc.c:314)
==683669==    by 0x405185D: xstrdup (xmalloc.c:339)
==683669==    by 0x402644F: assign_string (misc.c:58)
==683669==    by 0x40296A2: gid_to_gname (names.c:520)
==683669==    by 0x40155DB: start_header (create.c:936)
==683669==    by 0x4015798: dump_regular_file (create.c:1050)
==683669==    by 0x40165E2: dump_file0 (create.c:1773)
==683669==    by 0x4017589: dump_file (create.c:1968)
==683669==    by 0x4017589: create_archive (create.c:1412)
==683669==    by 0x400CD90: main (tar.c:2818)
==683669== 
==683669== 7 bytes in 2 blocks are indirectly lost in loss record 3 of 9
==683669==    at 0x48BD858: malloc (vg_replace_malloc.c:447)
==683669==    by 0x40387DD: wsnode_quoteremoval (wordsplit.c:651)
==683669==    by 0x4039CFD: wordsplit_process_list (wordsplit.c:2390)
==683669==    by 0x403A562: wordsplit_run.constprop.0 (wordsplit.c:2434)
==683669==    by 0x400BFFA: parse_default_options (tar.c:2256)
==683669==    by 0x400BFFA: decode_options (tar.c:2378)
==683669==    by 0x400BFFA: main (tar.c:2792)
==683669== 
==683669== 7 bytes in 2 blocks are definitely lost in loss record 4 of 9
==683669==    at 0x48BD858: malloc (vg_replace_malloc.c:447)
==683669==    by 0x403A1FB: wordsplit_finish (wordsplit.c:836)
==683669==    by 0x400BFFA: parse_default_options (tar.c:2256)
==683669==    by 0x400BFFA: decode_options (tar.c:2378)
==683669==    by 0x400BFFA: main (tar.c:2792)
==683669== 
==683669== 16 bytes in 1 blocks are still reachable in loss record 5 of 9
==683669==    at 0x48C4E43: calloc (vg_replace_malloc.c:1678)
==683669==    by 0x40516F1: xcalloc (xmalloc.c:298)
==683669==    by 0x40516F1: xzalloc (xmalloc.c:283)
==683669==    by 0x400BEF9: decode_options (tar.c:2297)
==683669==    by 0x400BEF9: main (tar.c:2792)
==683669== 
==683669== 80 bytes in 1 blocks are still reachable in loss record 6 of 9
==683669==    at 0x48BD858: malloc (vg_replace_malloc.c:447)
==683669==    by 0x40512CC: xmalloc (xmalloc.c:45)
==683669==    by 0x400BE43: main (tar.c:2781)
==683669== 
==683669== 87 (80 direct, 7 indirect) bytes in 2 blocks are definitely lost in loss record 7 of 9
==683669==    at 0x48C4E43: calloc (vg_replace_malloc.c:1678)
==683669==    by 0x403959D: wsnode_new (wordsplit.c:422)
==683669==    by 0x403959D: wordsplit_add_segm (wordsplit.c:523)
==683669==    by 0x4039854: scan_word (wordsplit.c:2062)
==683669==    by 0x4039C7C: wordsplit_process_list (wordsplit.c:2358)
==683669==    by 0x403A562: wordsplit_run.constprop.0 (wordsplit.c:2434)
==683669==    by 0x400BFFA: parse_default_options (tar.c:2256)
==683669==    by 0x400BFFA: decode_options (tar.c:2378)
==683669==    by 0x400BFFA: main (tar.c:2792)
==683669== 
==683669== 102 bytes in 1 blocks are still reachable in loss record 8 of 9
==683669==    at 0x48BD858: malloc (vg_replace_malloc.c:447)
==683669==    by 0x40512CC: xmalloc (xmalloc.c:45)
==683669==    by 0x4029881: name_init (names.c:869)
==683669==    by 0x400C94C: main (tar.c:2794)
==683669== 
==683669== 4,064 bytes in 1 blocks are still reachable in loss record 9 of 9
==683669==    at 0x48BD858: malloc (vg_replace_malloc.c:447)
==683669==    by 0x40512CC: xmalloc (xmalloc.c:45)
==683669==    by 0x404A07D: call_chunkfun (obstack.c:88)
==683669==    by 0x404A07D: _obstack_begin_worker.isra.0 (obstack.c:135)
==683669==    by 0x404A0A8: _obstack_begin (obstack.c:157)
==683669==    by 0x4032C57: _transform_name_to_obstack (transform.c:592)
==683669==    by 0x4032C57: transform_name_fp (transform.c:614)
==683669==    by 0x4016444: dump_file0 (create.c:1657)
==683669==    by 0x4017589: dump_file (create.c:1968)
==683669==    by 0x4017589: create_archive (create.c:1412)
==683669==    by 0x400CD90: main (tar.c:2818)
==683669== 
==683669== LEAK SUMMARY:
==683669==    definitely lost: 87 bytes in 4 blocks
==683669==    indirectly lost: 7 bytes in 2 blocks
==683669==      possibly lost: 0 bytes in 0 blocks
==683669==    still reachable: 4,272 bytes in 6 blocks
==683669==         suppressed: 0 bytes in 0 blocks
==683669== 
==683669== For lists of detected and suppressed errors, rerun with: -s
==683669== ERROR SUMMARY: 2 errors from 2 contexts (suppressed: 0 from 0)
