==680027== Memcheck, a memory error detector
==680027== Copyright (C) 2002-2024, and GNU GPL'd, by Julian Seward et al.
==680027== Using Valgrind-3.26.0 and LibVEX; rerun with -h for copyright info
==680027== Command: tar --version
==680027== Parent PID: 679942
==680027== 
==680027== 
==680027== FILE DESCRIPTORS: 4 open (4 inherited) at exit.
==680027== 
==680027== HEAP SUMMARY:
==680027==     in use at exit: 7,767 bytes in 3 blocks
==680027==   total heap usage: 15 allocs, 12 frees, 12,021 bytes allocated
==680027== 
==680027== 16 bytes in 1 blocks are still reachable in loss record 1 of 3
==680027==    at 0x48C4E43: calloc (vg_replace_malloc.c:1678)
==680027==    by 0x40516F1: xcalloc (xmalloc.c:298)
==680027==    by 0x40516F1: xzalloc (xmalloc.c:283)
==680027==    by 0x400BEF9: decode_options (tar.c:2297)
==680027==    by 0x400BEF9: main (tar.c:2792)
==680027== 
==680027== 80 bytes in 1 blocks are still reachable in loss record 2 of 3
==680027==    at 0x48BD858: malloc (vg_replace_malloc.c:447)
==680027==    by 0x40512CC: xmalloc (xmalloc.c:45)
==680027==    by 0x400BE43: main (tar.c:2781)
==680027== 
==680027== 7,671 bytes in 1 blocks are still reachable in loss record 3 of 3
==680027==    at 0x48BD858: malloc (vg_replace_malloc.c:447)
==680027==    by 0x4041854: parser_init (argp-parse.c:495)
==680027==    by 0x4041854: argp_parse (argp-parse.c:921)
==680027==    by 0x400C045: decode_options (tar.c:2380)
==680027==    by 0x400C045: main (tar.c:2792)
==680027== 
==680027== LEAK SUMMARY:
==680027==    definitely lost: 0 bytes in 0 blocks
==680027==    indirectly lost: 0 bytes in 0 blocks
==680027==      possibly lost: 0 bytes in 0 blocks
==680027==    still reachable: 7,767 bytes in 3 blocks
==680027==         suppressed: 0 bytes in 0 blocks
==680027== 
==680027== For lists of detected and suppressed errors, rerun with: -s
==680027== ERROR SUMMARY: 0 errors from 0 contexts (suppressed: 0 from 0)
