==694326== Memcheck, a memory error detector
==694326== Copyright (C) 2002-2024, and GNU GPL'd, by Julian Seward et al.
==694326== Using Valgrind-3.26.0 and LibVEX; rerun with -h for copyright info
==694326== Command: /tmp/rboxc-tar-behavior-b_f0y05m/exec/tar -tf -
==694326== Parent PID: 683658
==694326== 
==694326== 
==694326== FILE DESCRIPTORS: 3 open (2 inherited) at exit.
==694326== Open file descriptor 0: /dev/full
==694326==    at 0x4A1A9E6: open (open64.c:41)
==694326==    by 0x4050574: open (fcntl2.h:55)
==694326==    by 0x4050574: stdopen (stdopen.c:51)
==694326==    by 0x400BE26: main (tar.c:2773)
==694326== 
==694326== 
==694326== HEAP SUMMARY:
==694326==     in use at exit: 14,534 bytes in 4 blocks
==694326==   total heap usage: 18 allocs, 14 frees, 22,385 bytes allocated
==694326== 
==694326== 16 bytes in 1 blocks are still reachable in loss record 1 of 4
==694326==    at 0x48C4E43: calloc (vg_replace_malloc.c:1678)
==694326==    by 0x40516F1: xcalloc (xmalloc.c:298)
==694326==    by 0x40516F1: xzalloc (xmalloc.c:283)
==694326==    by 0x400BEF9: decode_options (tar.c:2297)
==694326==    by 0x400BEF9: main (tar.c:2792)
==694326== 
==694326== 80 bytes in 1 blocks are still reachable in loss record 2 of 4
==694326==    at 0x48BD858: malloc (vg_replace_malloc.c:447)
==694326==    by 0x40512CC: xmalloc (xmalloc.c:45)
==694326==    by 0x400BE43: main (tar.c:2781)
==694326== 
==694326== 102 bytes in 1 blocks are still reachable in loss record 3 of 4
==694326==    at 0x48BD858: malloc (vg_replace_malloc.c:447)
==694326==    by 0x40512CC: xmalloc (xmalloc.c:45)
==694326==    by 0x4029881: name_init (names.c:869)
==694326==    by 0x400C94C: main (tar.c:2794)
==694326== 
==694326== 14,336 bytes in 1 blocks are still reachable in loss record 4 of 4
==694326==    at 0x48BD858: malloc (vg_replace_malloc.c:447)
==694326==    by 0x40512CC: xmalloc (xmalloc.c:45)
==694326==    by 0x4027C22: page_aligned_alloc (misc.c:1235)
==694326==    by 0x400D5A3: init_buffer (buffer.c:657)
==694326==    by 0x4010B3B: _open_archive (buffer.c:725)
==694326==    by 0x4010B3B: open_archive (buffer.c:2025)
==694326==    by 0x402543F: read_and (list.c:176)
==694326==    by 0x400CD4B: main (tar.c:2832)
==694326== 
==694326== LEAK SUMMARY:
==694326==    definitely lost: 0 bytes in 0 blocks
==694326==    indirectly lost: 0 bytes in 0 blocks
==694326==      possibly lost: 0 bytes in 0 blocks
==694326==    still reachable: 14,534 bytes in 4 blocks
==694326==         suppressed: 0 bytes in 0 blocks
==694326== 
==694326== For lists of detected and suppressed errors, rerun with: -s
==694326== ERROR SUMMARY: 1 errors from 1 contexts (suppressed: 0 from 0)
