==632047== Memcheck, a memory error detector
==632047== Copyright (C) 2002-2024, and GNU GPL'd, by Julian Seward et al.
==632047== Using Valgrind-3.26.0 and LibVEX; rerun with -h for copyright info
==632047== Command: tar --version
==632047== Parent PID: 631955
==632047== 
==632047== 
==632047== FILE DESCRIPTORS: 4 open (4 inherited) at exit.
==632047== 
==632047== HEAP SUMMARY:
==632047==     in use at exit: 7,767 bytes in 3 blocks
==632047==   total heap usage: 15 allocs, 12 frees, 12,021 bytes allocated
==632047== 
==632047== 16 bytes in 1 blocks are still reachable in loss record 1 of 3
==632047==    at 0x5875E43: calloc (vg_replace_malloc.c:1678)
==632047==    by 0x469E501: rboxc_tar_xzalloc (in /tmp/rboxc-tar-original-umhrwlf5/copies/9)
==632047==    by 0x4477AF5: single_binary_main_tar (in /tmp/rboxc-tar-original-umhrwlf5/copies/9)
==632047==    by 0x5A18600: (below main) (libc_start_call_main.h:59)
==632047== 
==632047== 80 bytes in 1 blocks are still reachable in loss record 2 of 3
==632047==    at 0x586E858: malloc (vg_replace_malloc.c:447)
==632047==    by 0x469E0DC: rboxc_tar_xmalloc (in /tmp/rboxc-tar-original-umhrwlf5/copies/9)
==632047==    by 0x4477A00: single_binary_main_tar (in /tmp/rboxc-tar-original-umhrwlf5/copies/9)
==632047==    by 0x5A18600: (below main) (libc_start_call_main.h:59)
==632047== 
==632047== 7,671 bytes in 1 blocks are still reachable in loss record 3 of 3
==632047==    at 0x586E858: malloc (vg_replace_malloc.c:447)
==632047==    by 0x468C754: rboxc_tar_argp_parse (in /tmp/rboxc-tar-original-umhrwlf5/copies/9)
==632047==    by 0x4478025: single_binary_main_tar (in /tmp/rboxc-tar-original-umhrwlf5/copies/9)
==632047==    by 0x5A18600: (below main) (libc_start_call_main.h:59)
==632047== 
==632047== LEAK SUMMARY:
==632047==    definitely lost: 0 bytes in 0 blocks
==632047==    indirectly lost: 0 bytes in 0 blocks
==632047==      possibly lost: 0 bytes in 0 blocks
==632047==    still reachable: 7,767 bytes in 3 blocks
==632047==         suppressed: 0 bytes in 0 blocks
==632047== 
==632047== For lists of detected and suppressed errors, rerun with: -s
==632047== ERROR SUMMARY: 0 errors from 0 contexts (suppressed: 0 from 0)
