==694322== Memcheck, a memory error detector
==694322== Copyright (C) 2002-2024, and GNU GPL'd, by Julian Seward et al.
==694322== Using Valgrind-3.26.0 and LibVEX; rerun with -h for copyright info
==694322== Command: /tmp/rboxc-tar-behavior-gjvbaoff/exec/tar -tf absent.tar
==694322== Parent PID: 683658
==694322== 
==694322== 
==694322== FILE DESCRIPTORS: 2 open (2 inherited) at exit.
==694322== 
==694322== HEAP SUMMARY:
==694322==     in use at exit: 14,534 bytes in 4 blocks
==694322==   total heap usage: 16 allocs, 12 frees, 22,364 bytes allocated
==694322== 
==694322== 16 bytes in 1 blocks are still reachable in loss record 1 of 4
==694322==    at 0x5875E43: calloc (vg_replace_malloc.c:1678)
==694322==    by 0x469E5C1: rboxc_tar_xzalloc (in /root/rboxc/target/tar-child-prefix-candidate/release/rboxc)
==694322==    by 0x440DEB5: single_binary_main_tar (in /root/rboxc/target/tar-child-prefix-candidate/release/rboxc)
==694322==    by 0x5A18600: (below main) (libc_start_call_main.h:59)
==694322== 
==694322== 80 bytes in 1 blocks are still reachable in loss record 2 of 4
==694322==    at 0x586E858: malloc (vg_replace_malloc.c:447)
==694322==    by 0x469E19C: rboxc_tar_xmalloc (in /root/rboxc/target/tar-child-prefix-candidate/release/rboxc)
==694322==    by 0x440DDC0: single_binary_main_tar (in /root/rboxc/target/tar-child-prefix-candidate/release/rboxc)
==694322==    by 0x5A18600: (below main) (libc_start_call_main.h:59)
==694322== 
==694322== 102 bytes in 1 blocks are still reachable in loss record 3 of 4
==694322==    at 0x586E858: malloc (vg_replace_malloc.c:447)
==694322==    by 0x469E19C: rboxc_tar_xmalloc (in /root/rboxc/target/tar-child-prefix-candidate/release/rboxc)
==694322==    by 0x4673561: rboxc_tar_name_init (in /root/rboxc/target/tar-child-prefix-candidate/release/rboxc)
==694322==    by 0x440EE3A: single_binary_main_tar (in /root/rboxc/target/tar-child-prefix-candidate/release/rboxc)
==694322==    by 0x5A18600: (below main) (libc_start_call_main.h:59)
==694322== 
==694322== 14,336 bytes in 1 blocks are still reachable in loss record 4 of 4
==694322==    at 0x586E858: malloc (vg_replace_malloc.c:447)
==694322==    by 0x469E19C: rboxc_tar_xmalloc (in /root/rboxc/target/tar-child-prefix-candidate/release/rboxc)
==694322==    by 0x4671812: rboxc_tar_page_aligned_alloc (in /root/rboxc/target/tar-child-prefix-candidate/release/rboxc)
==694322==    by 0x465A2C3: init_buffer (in /root/rboxc/target/tar-child-prefix-candidate/release/rboxc)
==694322==    by 0x465D9BF: rboxc_tar_open_archive (in /root/rboxc/target/tar-child-prefix-candidate/release/rboxc)
==694322==    by 0x466EF3F: rboxc_tar_read_and (in /root/rboxc/target/tar-child-prefix-candidate/release/rboxc)
==694322==    by 0x440EEF9: single_binary_main_tar (in /root/rboxc/target/tar-child-prefix-candidate/release/rboxc)
==694322==    by 0x5A18600: (below main) (libc_start_call_main.h:59)
==694322== 
==694322== LEAK SUMMARY:
==694322==    definitely lost: 0 bytes in 0 blocks
==694322==    indirectly lost: 0 bytes in 0 blocks
==694322==      possibly lost: 0 bytes in 0 blocks
==694322==    still reachable: 14,534 bytes in 4 blocks
==694322==         suppressed: 0 bytes in 0 blocks
==694322== 
==694322== For lists of detected and suppressed errors, rerun with: -s
==694322== ERROR SUMMARY: 0 errors from 0 contexts (suppressed: 0 from 0)
