==689696== Memcheck, a memory error detector
==689696== Copyright (C) 2002-2024, and GNU GPL'd, by Julian Seward et al.
==689696== Using Valgrind-3.26.0 and LibVEX; rerun with -h for copyright info
==689696== Command: tar cfz archive file1
==689696== Parent PID: 689690
==689696== 
==689696== 
==689696== FILE DESCRIPTORS: 1 open (1 inherited) at exit.
==689696== 
==689696== HEAP SUMMARY:
==689696==     in use at exit: 4,294 bytes in 5 blocks
==689696==   total heap usage: 33 allocs, 28 frees, 35,447 bytes allocated
==689696== 
==689696== 16 bytes in 1 blocks are still reachable in loss record 1 of 5
==689696==    at 0x5875E43: calloc (vg_replace_malloc.c:1678)
==689696==    by 0x469E5C1: rboxc_tar_xzalloc (in /root/rboxc/target/tar-child-prefix-candidate/release/rboxc)
==689696==    by 0x440DEB5: single_binary_main_tar (in /root/rboxc/target/tar-child-prefix-candidate/release/rboxc)
==689696==    by 0x5A18600: (below main) (libc_start_call_main.h:59)
==689696== 
==689696== 32 bytes in 1 blocks are still reachable in loss record 2 of 5
==689696==    at 0x586E858: malloc (vg_replace_malloc.c:447)
==689696==    by 0x469E19C: rboxc_tar_xmalloc (in /root/rboxc/target/tar-child-prefix-candidate/release/rboxc)
==689696==    by 0x4404C40: rboxc::applet_tar::set_use_compress_program_option (in /root/rboxc/target/tar-child-prefix-candidate/release/rboxc)
==689696==    by 0x44059A2: rboxc::applet_tar::parse_opt (in /root/rboxc/target/tar-child-prefix-candidate/release/rboxc)
==689696==    by 0x468D2FD: rboxc_tar_argp_parse (in /root/rboxc/target/tar-child-prefix-candidate/release/rboxc)
==689696==    by 0x440E3E5: single_binary_main_tar (in /root/rboxc/target/tar-child-prefix-candidate/release/rboxc)
==689696==    by 0x5A18600: (below main) (libc_start_call_main.h:59)
==689696== 
==689696== 80 bytes in 1 blocks are still reachable in loss record 3 of 5
==689696==    at 0x586E858: malloc (vg_replace_malloc.c:447)
==689696==    by 0x469E19C: rboxc_tar_xmalloc (in /root/rboxc/target/tar-child-prefix-candidate/release/rboxc)
==689696==    by 0x440DDC0: single_binary_main_tar (in /root/rboxc/target/tar-child-prefix-candidate/release/rboxc)
==689696==    by 0x5A18600: (below main) (libc_start_call_main.h:59)
==689696== 
==689696== 102 bytes in 1 blocks are still reachable in loss record 4 of 5
==689696==    at 0x586E858: malloc (vg_replace_malloc.c:447)
==689696==    by 0x469E19C: rboxc_tar_xmalloc (in /root/rboxc/target/tar-child-prefix-candidate/release/rboxc)
==689696==    by 0x4673561: rboxc_tar_name_init (in /root/rboxc/target/tar-child-prefix-candidate/release/rboxc)
==689696==    by 0x440EE3A: single_binary_main_tar (in /root/rboxc/target/tar-child-prefix-candidate/release/rboxc)
==689696==    by 0x5A18600: (below main) (libc_start_call_main.h:59)
==689696== 
==689696== 4,064 bytes in 1 blocks are still reachable in loss record 5 of 5
==689696==    at 0x586E858: malloc (vg_replace_malloc.c:447)
==689696==    by 0x469E19C: rboxc_tar_xmalloc (in /root/rboxc/target/tar-child-prefix-candidate/release/rboxc)
==689696==    by 0x46960BD: _obstack_begin_worker.isra.0 (in /root/rboxc/target/tar-child-prefix-candidate/release/rboxc)
==689696==    by 0x46960E8: rboxc_tar__obstack_begin (in /root/rboxc/target/tar-child-prefix-candidate/release/rboxc)
==689696==    by 0x4679D97: rboxc_tar_transform_name_fp (in /root/rboxc/target/tar-child-prefix-candidate/release/rboxc)
==689696==    by 0x4663364: dump_file0 (in /root/rboxc/target/tar-child-prefix-candidate/release/rboxc)
==689696==    by 0x46644A9: rboxc_tar_create_archive (in /root/rboxc/target/tar-child-prefix-candidate/release/rboxc)
==689696==    by 0x440EEB8: single_binary_main_tar (in /root/rboxc/target/tar-child-prefix-candidate/release/rboxc)
==689696==    by 0x5A18600: (below main) (libc_start_call_main.h:59)
==689696== 
==689696== LEAK SUMMARY:
==689696==    definitely lost: 0 bytes in 0 blocks
==689696==    indirectly lost: 0 bytes in 0 blocks
==689696==      possibly lost: 0 bytes in 0 blocks
==689696==    still reachable: 4,294 bytes in 5 blocks
==689696==         suppressed: 0 bytes in 0 blocks
==689696== 
==689696== For lists of detected and suppressed errors, rerun with: -s
==689696== ERROR SUMMARY: 0 errors from 0 contexts (suppressed: 0 from 0)
