==689794== Memcheck, a memory error detector
==689794== Copyright (C) 2002-2024, and GNU GPL'd, by Julian Seward et al.
==689794== Using Valgrind-3.26.0 and LibVEX; rerun with -h for copyright info
==689794== Command: /bin/sh -c gzip
==689794== Parent PID: 689696
==689794== 
==689794== 
==689794== FILE DESCRIPTORS: 3 open (3 inherited) at exit.
==689794== 
==689794== HEAP SUMMARY:
==689794==     in use at exit: 1,004 bytes in 26 blocks
==689794==   total heap usage: 28 allocs, 2 frees, 1,156 bytes allocated
==689794== 
==689794== 28 bytes in 1 blocks are still reachable in loss record 1 of 6
==689794==    at 0x486E858: malloc (vg_replace_malloc.c:447)
==689794==    by 0x40083FA: ??? (in /usr/bin/dash)
==689794==    by 0x4012E0A: ??? (in /usr/bin/dash)
==689794==    by 0x4013FFF: ??? (in /usr/bin/dash)
==689794==    by 0x400BCE7: ??? (in /usr/bin/dash)
==689794==    by 0x40120F8: ??? (in /usr/bin/dash)
==689794==    by 0x4004DA0: ??? (in /usr/bin/dash)
==689794==    by 0x48C4600: (below main) (libc_start_call_main.h:59)
==689794== 
==689794== 32 bytes in 1 blocks are still reachable in loss record 2 of 6
==689794==    at 0x486E858: malloc (vg_replace_malloc.c:447)
==689794==    by 0x4017AB2: ??? (in /usr/bin/dash)
==689794==    by 0x40186D4: ??? (in /usr/bin/dash)
==689794==    by 0x4004BC6: ??? (in /usr/bin/dash)
==689794==    by 0x48C4600: (below main) (libc_start_call_main.h:59)
==689794== 
==689794== 54 bytes in 1 blocks are still reachable in loss record 3 of 6
==689794==    at 0x486E858: malloc (vg_replace_malloc.c:447)
==689794==    by 0x495596E: strdup (strdup.c:42)
==689794==    by 0x40081DF: ??? (in /usr/bin/dash)
==689794==    by 0x40186F9: ??? (in /usr/bin/dash)
==689794==    by 0x4004BC6: ??? (in /usr/bin/dash)
==689794==    by 0x48C4600: (below main) (libc_start_call_main.h:59)
==689794== 
==689794== 58 bytes in 1 blocks are still reachable in loss record 4 of 6
==689794==    at 0x486E858: malloc (vg_replace_malloc.c:447)
==689794==    by 0x4017C53: ??? (in /usr/bin/dash)
==689794==    by 0x40186F9: ??? (in /usr/bin/dash)
==689794==    by 0x4004BC6: ??? (in /usr/bin/dash)
==689794==    by 0x48C4600: (below main) (libc_start_call_main.h:59)
==689794== 
==689794== 160 bytes in 1 blocks are still reachable in loss record 5 of 6
==689794==    at 0x487607F: realloc (vg_replace_malloc.c:1804)
==689794==    by 0x40074DC: ??? (in /usr/bin/dash)
==689794==    by 0x400A64D: ??? (in /usr/bin/dash)
==689794==    by 0x4014058: ??? (in /usr/bin/dash)
==689794==    by 0x400BCE7: ??? (in /usr/bin/dash)
==689794==    by 0x40120F8: ??? (in /usr/bin/dash)
==689794==    by 0x4004DA0: ??? (in /usr/bin/dash)
==689794==    by 0x48C4600: (below main) (libc_start_call_main.h:59)
==689794== 
==689794== 672 bytes in 21 blocks are still reachable in loss record 6 of 6
==689794==    at 0x486E858: malloc (vg_replace_malloc.c:447)
==689794==    by 0x4017AB2: ??? (in /usr/bin/dash)
==689794==    by 0x4018670: ??? (in /usr/bin/dash)
==689794==    by 0x4004BC6: ??? (in /usr/bin/dash)
==689794==    by 0x48C4600: (below main) (libc_start_call_main.h:59)
==689794== 
==689794== LEAK SUMMARY:
==689794==    definitely lost: 0 bytes in 0 blocks
==689794==    indirectly lost: 0 bytes in 0 blocks
==689794==      possibly lost: 0 bytes in 0 blocks
==689794==    still reachable: 1,004 bytes in 26 blocks
==689794==         suppressed: 0 bytes in 0 blocks
==689794== 
==689794== For lists of detected and suppressed errors, rerun with: -s
==689794== ERROR SUMMARY: 0 errors from 0 contexts (suppressed: 0 from 0)
