==690161== Memcheck, a memory error detector
==690161== Copyright (C) 2002-2024, and GNU GPL'd, by Julian Seward et al.
==690161== Using Valgrind-3.26.0 and LibVEX; rerun with -h for copyright info
==690161== Command: tar xfv archive --warning=no-timestamp
==690161== Parent PID: 690132
==690161== 
==690161== 
==690161== FILE DESCRIPTORS: 1 open (1 inherited) at exit.
==690161== 
==690161== HEAP SUMMARY:
==690161==     in use at exit: 4,272 bytes in 6 blocks
==690161==   total heap usage: 60 allocs, 54 frees, 60,410 bytes allocated
==690161== 
==690161== 5 bytes in 1 blocks are still reachable in loss record 1 of 6
==690161==    at 0x586E858: malloc (vg_replace_malloc.c:447)
==690161==    by 0x469E72D: rboxc_tar_xstrdup (in /root/rboxc/target/tar-child-prefix-candidate/release/rboxc)
==690161==    by 0x467000F: rboxc_tar_assign_string (in /root/rboxc/target/tar-child-prefix-candidate/release/rboxc)
==690161==    by 0x467341C: rboxc_tar_uname_to_uid (in /root/rboxc/target/tar-child-prefix-candidate/release/rboxc)
==690161==    by 0x466E07F: rboxc_tar_decode_header (in /root/rboxc/target/tar-child-prefix-candidate/release/rboxc)
==690161==    by 0x466F116: rboxc_tar_read_and (in /root/rboxc/target/tar-child-prefix-candidate/release/rboxc)
==690161==    by 0x440F000: single_binary_main_tar (in /root/rboxc/target/tar-child-prefix-candidate/release/rboxc)
==690161==    by 0x5A18600: (below main) (libc_start_call_main.h:59)
==690161== 
==690161== 5 bytes in 1 blocks are still reachable in loss record 2 of 6
==690161==    at 0x586E858: malloc (vg_replace_malloc.c:447)
==690161==    by 0x469E72D: rboxc_tar_xstrdup (in /root/rboxc/target/tar-child-prefix-candidate/release/rboxc)
==690161==    by 0x467000F: rboxc_tar_assign_string (in /root/rboxc/target/tar-child-prefix-candidate/release/rboxc)
==690161==    by 0x46734BC: rboxc_tar_gname_to_gid (in /root/rboxc/target/tar-child-prefix-candidate/release/rboxc)
==690161==    by 0x466E05F: rboxc_tar_decode_header (in /root/rboxc/target/tar-child-prefix-candidate/release/rboxc)
==690161==    by 0x466F116: rboxc_tar_read_and (in /root/rboxc/target/tar-child-prefix-candidate/release/rboxc)
==690161==    by 0x440F000: single_binary_main_tar (in /root/rboxc/target/tar-child-prefix-candidate/release/rboxc)
==690161==    by 0x5A18600: (below main) (libc_start_call_main.h:59)
==690161== 
==690161== 16 bytes in 1 blocks are still reachable in loss record 3 of 6
==690161==    at 0x5875E43: calloc (vg_replace_malloc.c:1678)
==690161==    by 0x469E5C1: rboxc_tar_xzalloc (in /root/rboxc/target/tar-child-prefix-candidate/release/rboxc)
==690161==    by 0x440DEB5: single_binary_main_tar (in /root/rboxc/target/tar-child-prefix-candidate/release/rboxc)
==690161==    by 0x5A18600: (below main) (libc_start_call_main.h:59)
==690161== 
==690161== 80 bytes in 1 blocks are still reachable in loss record 4 of 6
==690161==    at 0x586E858: malloc (vg_replace_malloc.c:447)
==690161==    by 0x469E19C: rboxc_tar_xmalloc (in /root/rboxc/target/tar-child-prefix-candidate/release/rboxc)
==690161==    by 0x440DDC0: single_binary_main_tar (in /root/rboxc/target/tar-child-prefix-candidate/release/rboxc)
==690161==    by 0x5A18600: (below main) (libc_start_call_main.h:59)
==690161== 
==690161== 102 bytes in 1 blocks are still reachable in loss record 5 of 6
==690161==    at 0x586E858: malloc (vg_replace_malloc.c:447)
==690161==    by 0x469E19C: rboxc_tar_xmalloc (in /root/rboxc/target/tar-child-prefix-candidate/release/rboxc)
==690161==    by 0x4673561: rboxc_tar_name_init (in /root/rboxc/target/tar-child-prefix-candidate/release/rboxc)
==690161==    by 0x440EE3A: single_binary_main_tar (in /root/rboxc/target/tar-child-prefix-candidate/release/rboxc)
==690161==    by 0x5A18600: (below main) (libc_start_call_main.h:59)
==690161== 
==690161== 4,064 bytes in 1 blocks are still reachable in loss record 6 of 6
==690161==    at 0x586E858: malloc (vg_replace_malloc.c:447)
==690161==    by 0x469E19C: rboxc_tar_xmalloc (in /root/rboxc/target/tar-child-prefix-candidate/release/rboxc)
==690161==    by 0x46960BD: _obstack_begin_worker.isra.0 (in /root/rboxc/target/tar-child-prefix-candidate/release/rboxc)
==690161==    by 0x46960E8: rboxc_tar__obstack_begin (in /root/rboxc/target/tar-child-prefix-candidate/release/rboxc)
==690161==    by 0x4679D97: rboxc_tar_transform_name_fp (in /root/rboxc/target/tar-child-prefix-candidate/release/rboxc)
==690161==    by 0x466D170: transform_stat_info.part.0 (in /root/rboxc/target/tar-child-prefix-candidate/release/rboxc)
==690161==    by 0x466F350: rboxc_tar_read_and (in /root/rboxc/target/tar-child-prefix-candidate/release/rboxc)
==690161==    by 0x440F000: single_binary_main_tar (in /root/rboxc/target/tar-child-prefix-candidate/release/rboxc)
==690161==    by 0x5A18600: (below main) (libc_start_call_main.h:59)
==690161== 
==690161== LEAK SUMMARY:
==690161==    definitely lost: 0 bytes in 0 blocks
==690161==    indirectly lost: 0 bytes in 0 blocks
==690161==      possibly lost: 0 bytes in 0 blocks
==690161==    still reachable: 4,272 bytes in 6 blocks
==690161==         suppressed: 0 bytes in 0 blocks
==690161== 
==690161== For lists of detected and suppressed errors, rerun with: -s
==690161== ERROR SUMMARY: 0 errors from 0 contexts (suppressed: 0 from 0)
