==725718== Memcheck, a memory error detector
==725718== Copyright (C) 2002-2024, and GNU GPL'd, by Julian Seward et al.
==725718== Using Valgrind-3.26.0 and LibVEX; rerun with -h for copyright info
==725718== Command: /tmp/rboxc-gawk-original-n4kk3ioj/deps/cat -
==725718== Parent PID: 725717
==725718== 
==725718== 
==725718== FILE DESCRIPTORS: 2 open (0 inherited) at exit.
==725718== Open file descriptor 4:
==725718==    at 0x537FB8D: pipe (pipe.c:29)
==725718==    by 0x411A7E1: pipe_safer (pipe-safer.c:33)
==725718==    by 0x403683B: splice_cat (cat.c:578)
==725718==    by 0x4037923: single_binary_main_cat (cat.c:899)
==725718==    by 0x401A532: launch_program (coreutils.c:126)
==725718==    by 0x4018E7A: main (coreutils.c:143)
==725718== 
==725718== Open file descriptor 3:
==725718==    at 0x537FB8D: pipe (pipe.c:29)
==725718==    by 0x411A7E1: pipe_safer (pipe-safer.c:33)
==725718==    by 0x403683B: splice_cat (cat.c:578)
==725718==    by 0x4037923: single_binary_main_cat (cat.c:899)
==725718==    by 0x401A532: launch_program (coreutils.c:126)
==725718==    by 0x4018E7A: main (coreutils.c:143)
==725718== 
==725718== 
==725718== HEAP SUMMARY:
==725718==     in use at exit: 0 bytes in 0 blocks
==725718==   total heap usage: 3 allocs, 3 frees, 82 bytes allocated
==725718== 
==725718== All heap blocks were freed -- no leaks are possible
==725718== 
==725718== For lists of detected and suppressed errors, rerun with: -s
==725718== ERROR SUMMARY: 2 errors from 2 contexts (suppressed: 0 from 0)
