==706398== Memcheck, a memory error detector
==706398== Copyright (C) 2002-2024, and GNU GPL'd, by Julian Seward et al.
==706398== Using Valgrind-3.26.0 and LibVEX; rerun with -h for copyright info
==706398== Command: /tmp/rboxc-tar-behavior-x36d22m7/exec/tar -xf archive.tar -C out --exclude=alpha.txt
==706398== Parent PID: 705177
==706398== 
==706398== 
==706398== FILE DESCRIPTORS: 1 open (1 inherited) at exit.
==706398== 
==706398== HEAP SUMMARY:
==706398==     in use at exit: 4,578 bytes in 10 blocks
==706398==   total heap usage: 104 allocs, 94 frees, 48,777 bytes allocated
==706398== 
==706398== 5 bytes in 1 blocks are still reachable in loss record 1 of 10
==706398==    at 0x586E858: malloc (vg_replace_malloc.c:447)
==706398==    by 0x469E7ED: rboxc_tar_xstrdup (in /root/rboxc/target/tar-child-input-candidate/release/rboxc)
==706398==    by 0x467004F: rboxc_tar_assign_string (in /root/rboxc/target/tar-child-input-candidate/release/rboxc)
==706398==    by 0x467345C: rboxc_tar_uname_to_uid (in /root/rboxc/target/tar-child-input-candidate/release/rboxc)
==706398==    by 0x466E0BF: rboxc_tar_decode_header (in /root/rboxc/target/tar-child-input-candidate/release/rboxc)
==706398==    by 0x466F156: rboxc_tar_read_and (in /root/rboxc/target/tar-child-input-candidate/release/rboxc)
==706398==    by 0x440F040: single_binary_main_tar (in /root/rboxc/target/tar-child-input-candidate/release/rboxc)
==706398==    by 0x5A18600: (below main) (libc_start_call_main.h:59)
==706398== 
==706398== 5 bytes in 1 blocks are still reachable in loss record 2 of 10
==706398==    at 0x586E858: malloc (vg_replace_malloc.c:447)
==706398==    by 0x469E7ED: rboxc_tar_xstrdup (in /root/rboxc/target/tar-child-input-candidate/release/rboxc)
==706398==    by 0x467004F: rboxc_tar_assign_string (in /root/rboxc/target/tar-child-input-candidate/release/rboxc)
==706398==    by 0x46734FC: rboxc_tar_gname_to_gid (in /root/rboxc/target/tar-child-input-candidate/release/rboxc)
==706398==    by 0x466E09F: rboxc_tar_decode_header (in /root/rboxc/target/tar-child-input-candidate/release/rboxc)
==706398==    by 0x466F156: rboxc_tar_read_and (in /root/rboxc/target/tar-child-input-candidate/release/rboxc)
==706398==    by 0x440F040: single_binary_main_tar (in /root/rboxc/target/tar-child-input-candidate/release/rboxc)
==706398==    by 0x5A18600: (below main) (libc_start_call_main.h:59)
==706398== 
==706398== 10 bytes in 1 blocks are still reachable in loss record 3 of 10
==706398==    at 0x586E858: malloc (vg_replace_malloc.c:447)
==706398==    by 0x469E7ED: rboxc_tar_xstrdup (in /root/rboxc/target/tar-child-input-candidate/release/rboxc)
==706398==    by 0x468F183: rboxc_tar_add_exclude (in /root/rboxc/target/tar-child-input-candidate/release/rboxc)
==706398==    by 0x46726EC: name_next_elt (in /root/rboxc/target/tar-child-input-candidate/release/rboxc)
==706398==    by 0x467372F: rboxc_tar_name_gather (in /root/rboxc/target/tar-child-input-candidate/release/rboxc)
==706398==    by 0x466EF76: rboxc_tar_read_and (in /root/rboxc/target/tar-child-input-candidate/release/rboxc)
==706398==    by 0x440F040: single_binary_main_tar (in /root/rboxc/target/tar-child-input-candidate/release/rboxc)
==706398==    by 0x5A18600: (below main) (libc_start_call_main.h:59)
==706398== 
==706398== 16 bytes in 1 blocks are still reachable in loss record 4 of 10
==706398==    at 0x5875E43: calloc (vg_replace_malloc.c:1678)
==706398==    by 0x469E681: rboxc_tar_xzalloc (in /root/rboxc/target/tar-child-input-candidate/release/rboxc)
==706398==    by 0x440DEF5: single_binary_main_tar (in /root/rboxc/target/tar-child-input-candidate/release/rboxc)
==706398==    by 0x5A18600: (below main) (libc_start_call_main.h:59)
==706398== 
==706398== 40 bytes in 1 blocks are still reachable in loss record 5 of 10
==706398==    at 0x5875E43: calloc (vg_replace_malloc.c:1678)
==706398==    by 0x469E681: rboxc_tar_xzalloc (in /root/rboxc/target/tar-child-input-candidate/release/rboxc)
==706398==    by 0x468F131: rboxc_tar_add_exclude (in /root/rboxc/target/tar-child-input-candidate/release/rboxc)
==706398==    by 0x46726EC: name_next_elt (in /root/rboxc/target/tar-child-input-candidate/release/rboxc)
==706398==    by 0x467372F: rboxc_tar_name_gather (in /root/rboxc/target/tar-child-input-candidate/release/rboxc)
==706398==    by 0x466EF76: rboxc_tar_read_and (in /root/rboxc/target/tar-child-input-candidate/release/rboxc)
==706398==    by 0x440F040: single_binary_main_tar (in /root/rboxc/target/tar-child-input-candidate/release/rboxc)
==706398==    by 0x5A18600: (below main) (libc_start_call_main.h:59)
==706398== 
==706398== 80 bytes in 1 blocks are still reachable in loss record 6 of 10
==706398==    at 0x586E858: malloc (vg_replace_malloc.c:447)
==706398==    by 0x469E25C: rboxc_tar_xmalloc (in /root/rboxc/target/tar-child-input-candidate/release/rboxc)
==706398==    by 0x440DE00: single_binary_main_tar (in /root/rboxc/target/tar-child-input-candidate/release/rboxc)
==706398==    by 0x5A18600: (below main) (libc_start_call_main.h:59)
==706398== 
==706398== 80 bytes in 1 blocks are still reachable in loss record 7 of 10
==706398==    at 0x586E858: malloc (vg_replace_malloc.c:447)
==706398==    by 0x4693906: rboxc_tar_hash_initialize (in /root/rboxc/target/tar-child-input-candidate/release/rboxc)
==706398==    by 0x468F166: rboxc_tar_add_exclude (in /root/rboxc/target/tar-child-input-candidate/release/rboxc)
==706398==    by 0x46726EC: name_next_elt (in /root/rboxc/target/tar-child-input-candidate/release/rboxc)
==706398==    by 0x467372F: rboxc_tar_name_gather (in /root/rboxc/target/tar-child-input-candidate/release/rboxc)
==706398==    by 0x466EF76: rboxc_tar_read_and (in /root/rboxc/target/tar-child-input-candidate/release/rboxc)
==706398==    by 0x440F040: single_binary_main_tar (in /root/rboxc/target/tar-child-input-candidate/release/rboxc)
==706398==    by 0x5A18600: (below main) (libc_start_call_main.h:59)
==706398== 
==706398== 102 bytes in 1 blocks are still reachable in loss record 8 of 10
==706398==    at 0x586E858: malloc (vg_replace_malloc.c:447)
==706398==    by 0x469E25C: rboxc_tar_xmalloc (in /root/rboxc/target/tar-child-input-candidate/release/rboxc)
==706398==    by 0x46735A1: rboxc_tar_name_init (in /root/rboxc/target/tar-child-input-candidate/release/rboxc)
==706398==    by 0x440EE7A: single_binary_main_tar (in /root/rboxc/target/tar-child-input-candidate/release/rboxc)
==706398==    by 0x5A18600: (below main) (libc_start_call_main.h:59)
==706398== 
==706398== 176 bytes in 1 blocks are still reachable in loss record 9 of 10
==706398==    at 0x5875E43: calloc (vg_replace_malloc.c:1678)
==706398==    by 0x469395C: rboxc_tar_hash_initialize (in /root/rboxc/target/tar-child-input-candidate/release/rboxc)
==706398==    by 0x468F166: rboxc_tar_add_exclude (in /root/rboxc/target/tar-child-input-candidate/release/rboxc)
==706398==    by 0x46726EC: name_next_elt (in /root/rboxc/target/tar-child-input-candidate/release/rboxc)
==706398==    by 0x467372F: rboxc_tar_name_gather (in /root/rboxc/target/tar-child-input-candidate/release/rboxc)
==706398==    by 0x466EF76: rboxc_tar_read_and (in /root/rboxc/target/tar-child-input-candidate/release/rboxc)
==706398==    by 0x440F040: single_binary_main_tar (in /root/rboxc/target/tar-child-input-candidate/release/rboxc)
==706398==    by 0x5A18600: (below main) (libc_start_call_main.h:59)
==706398== 
==706398== 4,064 bytes in 1 blocks are still reachable in loss record 10 of 10
==706398==    at 0x586E858: malloc (vg_replace_malloc.c:447)
==706398==    by 0x469E25C: rboxc_tar_xmalloc (in /root/rboxc/target/tar-child-input-candidate/release/rboxc)
==706398==    by 0x469617D: _obstack_begin_worker.isra.0 (in /root/rboxc/target/tar-child-input-candidate/release/rboxc)
==706398==    by 0x46961A8: rboxc_tar__obstack_begin (in /root/rboxc/target/tar-child-input-candidate/release/rboxc)
==706398==    by 0x4679E77: rboxc_tar_transform_name_fp (in /root/rboxc/target/tar-child-input-candidate/release/rboxc)
==706398==    by 0x466D1B0: transform_stat_info.part.0 (in /root/rboxc/target/tar-child-input-candidate/release/rboxc)
==706398==    by 0x466F390: rboxc_tar_read_and (in /root/rboxc/target/tar-child-input-candidate/release/rboxc)
==706398==    by 0x440F040: single_binary_main_tar (in /root/rboxc/target/tar-child-input-candidate/release/rboxc)
==706398==    by 0x5A18600: (below main) (libc_start_call_main.h:59)
==706398== 
==706398== LEAK SUMMARY:
==706398==    definitely lost: 0 bytes in 0 blocks
==706398==    indirectly lost: 0 bytes in 0 blocks
==706398==      possibly lost: 0 bytes in 0 blocks
==706398==    still reachable: 4,578 bytes in 10 blocks
==706398==         suppressed: 0 bytes in 0 blocks
==706398== 
==706398== For lists of detected and suppressed errors, rerun with: -s
==706398== ERROR SUMMARY: 0 errors from 0 contexts (suppressed: 0 from 0)
