==616299== Memcheck, a memory error detector
==616299== Copyright (C) 2002-2024, and GNU GPL'd, by Julian Seward et al.
==616299== Using Valgrind-3.26.0 and LibVEX; rerun with -h for copyright info
==616299== Command: tar -cf archive -V label -T /dev/null
==616299== Parent PID: 616297
==616299== 
==616299== 
==616299== FILE DESCRIPTORS: 1 open (1 inherited) at exit.
==616299== 
==616299== HEAP SUMMARY:
==616299==     in use at exit: 324 bytes in 10 blocks
==616299==   total heap usage: 26 allocs, 16 frees, 35,828 bytes allocated
==616299== 
==616299== 7 bytes in 2 blocks are indirectly lost in loss record 1 of 7
==616299==    at 0x48BD858: malloc (vg_replace_malloc.c:447)
==616299==    by 0x40387DD: wsnode_quoteremoval (wordsplit.c:651)
==616299==    by 0x4039CFD: wordsplit_process_list (wordsplit.c:2390)
==616299==    by 0x403A562: wordsplit_run.constprop.0 (wordsplit.c:2434)
==616299==    by 0x400BFFA: parse_default_options (tar.c:2256)
==616299==    by 0x400BFFA: decode_options (tar.c:2378)
==616299==    by 0x400BFFA: main (tar.c:2792)
==616299== 
==616299== 7 bytes in 2 blocks are definitely lost in loss record 2 of 7
==616299==    at 0x48BD858: malloc (vg_replace_malloc.c:447)
==616299==    by 0x403A1FB: wordsplit_finish (wordsplit.c:836)
==616299==    by 0x400BFFA: parse_default_options (tar.c:2256)
==616299==    by 0x400BFFA: decode_options (tar.c:2378)
==616299==    by 0x400BFFA: main (tar.c:2792)
==616299== 
==616299== 16 bytes in 1 blocks are still reachable in loss record 3 of 7
==616299==    at 0x48C4E43: calloc (vg_replace_malloc.c:1678)
==616299==    by 0x40516F1: xcalloc (xmalloc.c:298)
==616299==    by 0x40516F1: xzalloc (xmalloc.c:283)
==616299==    by 0x400BEF9: decode_options (tar.c:2297)
==616299==    by 0x400BEF9: main (tar.c:2792)
==616299== 
==616299== 32 bytes in 1 blocks are still reachable in loss record 4 of 7
==616299==    at 0x48BD858: malloc (vg_replace_malloc.c:447)
==616299==    by 0x40512CC: xmalloc (xmalloc.c:45)
==616299==    by 0x4029059: add_file_id (names.c:926)
==616299==    by 0x4029059: read_next_name (names.c:1026)
==616299==    by 0x4029059: name_next_elt (names.c:1116)
==616299==    by 0x40298EC: name_next (names.c:1152)
==616299==    by 0x401750F: create_archive (create.c:1410)
==616299==    by 0x400CD90: main (tar.c:2818)
==616299== 
==616299== 80 bytes in 1 blocks are still reachable in loss record 5 of 7
==616299==    at 0x48BD858: malloc (vg_replace_malloc.c:447)
==616299==    by 0x40512CC: xmalloc (xmalloc.c:45)
==616299==    by 0x400BE43: main (tar.c:2781)
==616299== 
==616299== 87 (80 direct, 7 indirect) bytes in 2 blocks are definitely lost in loss record 6 of 7
==616299==    at 0x48C4E43: calloc (vg_replace_malloc.c:1678)
==616299==    by 0x403959D: wsnode_new (wordsplit.c:422)
==616299==    by 0x403959D: wordsplit_add_segm (wordsplit.c:523)
==616299==    by 0x4039854: scan_word (wordsplit.c:2062)
==616299==    by 0x4039C7C: wordsplit_process_list (wordsplit.c:2358)
==616299==    by 0x403A562: wordsplit_run.constprop.0 (wordsplit.c:2434)
==616299==    by 0x400BFFA: parse_default_options (tar.c:2256)
==616299==    by 0x400BFFA: decode_options (tar.c:2378)
==616299==    by 0x400BFFA: main (tar.c:2792)
==616299== 
==616299== 102 bytes in 1 blocks are still reachable in loss record 7 of 7
==616299==    at 0x48BD858: malloc (vg_replace_malloc.c:447)
==616299==    by 0x40512CC: xmalloc (xmalloc.c:45)
==616299==    by 0x4029881: name_init (names.c:869)
==616299==    by 0x400C94C: main (tar.c:2794)
==616299== 
==616299== LEAK SUMMARY:
==616299==    definitely lost: 87 bytes in 4 blocks
==616299==    indirectly lost: 7 bytes in 2 blocks
==616299==      possibly lost: 0 bytes in 0 blocks
==616299==    still reachable: 230 bytes in 4 blocks
==616299==         suppressed: 0 bytes in 0 blocks
==616299== 
==616299== For lists of detected and suppressed errors, rerun with: -s
==616299== ERROR SUMMARY: 2 errors from 2 contexts (suppressed: 0 from 0)
