==616496== Memcheck, a memory error detector
==616496== Copyright (C) 2002-2024, and GNU GPL'd, by Julian Seward et al.
==616496== Using Valgrind-3.26.0 and LibVEX; rerun with -h for copyright info
==616496== Command: tar xfV archive l*l
==616496== Parent PID: 616297
==616496== 
==616496== 
==616496== FILE DESCRIPTORS: 1 open (1 inherited) at exit.
==616496== 
==616496== HEAP SUMMARY:
==616496==     in use at exit: 363 bytes in 14 blocks
==616496==   total heap usage: 26 allocs, 12 frees, 31,173 bytes allocated
==616496== 
==616496== 6 bytes in 1 blocks are still reachable in loss record 1 of 9
==616496==    at 0x48BD858: malloc (vg_replace_malloc.c:447)
==616496==    by 0x40512CC: xmalloc (xmalloc.c:45)
==616496==    by 0x40264C0: assign_string_n (misc.c:76)
==616496==    by 0x4010A43: match_volume_label (buffer.c:1637)
==616496==    by 0x4010BEA: open_archive (buffer.c:2031)
==616496==    by 0x402543F: read_and (list.c:176)
==616496==    by 0x400CD61: main (tar.c:2823)
==616496== 
==616496== 7 bytes in 2 blocks are indirectly lost in loss record 2 of 9
==616496==    at 0x48BD858: malloc (vg_replace_malloc.c:447)
==616496==    by 0x40387DD: wsnode_quoteremoval (wordsplit.c:651)
==616496==    by 0x4039CFD: wordsplit_process_list (wordsplit.c:2390)
==616496==    by 0x403A562: wordsplit_run.constprop.0 (wordsplit.c:2434)
==616496==    by 0x400BFFA: parse_default_options (tar.c:2256)
==616496==    by 0x400BFFA: decode_options (tar.c:2378)
==616496==    by 0x400BFFA: main (tar.c:2792)
==616496== 
==616496== 7 bytes in 2 blocks are definitely lost in loss record 3 of 9
==616496==    at 0x48BD858: malloc (vg_replace_malloc.c:447)
==616496==    by 0x403A1FB: wordsplit_finish (wordsplit.c:836)
==616496==    by 0x400BFFA: parse_default_options (tar.c:2256)
==616496==    by 0x400BFFA: decode_options (tar.c:2378)
==616496==    by 0x400BFFA: main (tar.c:2792)
==616496== 
==616496== 9 bytes in 3 blocks are indirectly lost in loss record 4 of 9
==616496==    at 0x48BD858: malloc (vg_replace_malloc.c:447)
==616496==    by 0x405185D: xmalloc (xmalloc.c:45)
==616496==    by 0x405185D: xmemdup (xmalloc.c:314)
==616496==    by 0x405185D: xstrdup (xmalloc.c:339)
==616496==    by 0x400C4F1: decode_options (tar.c:2353)
==616496==    by 0x400C4F1: main (tar.c:2792)
==616496== 
==616496== 16 bytes in 1 blocks are still reachable in loss record 5 of 9
==616496==    at 0x48C4E43: calloc (vg_replace_malloc.c:1678)
==616496==    by 0x40516F1: xcalloc (xmalloc.c:298)
==616496==    by 0x40516F1: xzalloc (xmalloc.c:283)
==616496==    by 0x400BEF9: decode_options (tar.c:2297)
==616496==    by 0x400BEF9: main (tar.c:2792)
==616496== 
==616496== 65 (56 direct, 9 indirect) bytes in 1 blocks are definitely lost in loss record 6 of 9
==616496==    at 0x48BD858: malloc (vg_replace_malloc.c:447)
==616496==    by 0x40512CC: xmalloc (xmalloc.c:45)
==616496==    by 0x400C46E: decode_options (tar.c:2340)
==616496==    by 0x400C46E: main (tar.c:2792)
==616496== 
==616496== 80 bytes in 1 blocks are still reachable in loss record 7 of 9
==616496==    at 0x48BD858: malloc (vg_replace_malloc.c:447)
==616496==    by 0x40512CC: xmalloc (xmalloc.c:45)
==616496==    by 0x400BE43: main (tar.c:2781)
==616496== 
==616496== 87 (80 direct, 7 indirect) bytes in 2 blocks are definitely lost in loss record 8 of 9
==616496==    at 0x48C4E43: calloc (vg_replace_malloc.c:1678)
==616496==    by 0x403959D: wsnode_new (wordsplit.c:422)
==616496==    by 0x403959D: wordsplit_add_segm (wordsplit.c:523)
==616496==    by 0x4039854: scan_word (wordsplit.c:2062)
==616496==    by 0x4039C7C: wordsplit_process_list (wordsplit.c:2358)
==616496==    by 0x403A562: wordsplit_run.constprop.0 (wordsplit.c:2434)
==616496==    by 0x400BFFA: parse_default_options (tar.c:2256)
==616496==    by 0x400BFFA: decode_options (tar.c:2378)
==616496==    by 0x400BFFA: main (tar.c:2792)
==616496== 
==616496== 102 bytes in 1 blocks are still reachable in loss record 9 of 9
==616496==    at 0x48BD858: malloc (vg_replace_malloc.c:447)
==616496==    by 0x40512CC: xmalloc (xmalloc.c:45)
==616496==    by 0x4029881: name_init (names.c:869)
==616496==    by 0x400C94C: main (tar.c:2794)
==616496== 
==616496== LEAK SUMMARY:
==616496==    definitely lost: 143 bytes in 5 blocks
==616496==    indirectly lost: 16 bytes in 5 blocks
==616496==      possibly lost: 0 bytes in 0 blocks
==616496==    still reachable: 204 bytes in 4 blocks
==616496==         suppressed: 0 bytes in 0 blocks
==616496== 
==616496== For lists of detected and suppressed errors, rerun with: -s
==616496== ERROR SUMMARY: 3 errors from 3 contexts (suppressed: 0 from 0)
