==616791== Memcheck, a memory error detector
==616791== Copyright (C) 2002-2024, and GNU GPL'd, by Julian Seward et al.
==616791== Using Valgrind-3.26.0 and LibVEX; rerun with -h for copyright info
==616791== Command: tar -cf archive -V label -T /dev/null
==616791== Parent PID: 616789
==616791== 
==616791== 
==616791== FILE DESCRIPTORS: 1 open (1 inherited) at exit.
==616791== 
==616791== HEAP SUMMARY:
==616791==     in use at exit: 330 bytes in 10 blocks
==616791==   total heap usage: 26 allocs, 16 frees, 35,834 bytes allocated
==616791== 
==616791== 10 bytes in 2 blocks are indirectly lost in loss record 1 of 7
==616791==    at 0x48BD858: malloc (vg_replace_malloc.c:447)
==616791==    by 0x40387DD: wsnode_quoteremoval (wordsplit.c:651)
==616791==    by 0x4039CFD: wordsplit_process_list (wordsplit.c:2390)
==616791==    by 0x403A562: wordsplit_run.constprop.0 (wordsplit.c:2434)
==616791==    by 0x400BFFA: parse_default_options (tar.c:2256)
==616791==    by 0x400BFFA: decode_options (tar.c:2378)
==616791==    by 0x400BFFA: main (tar.c:2792)
==616791== 
==616791== 10 bytes in 2 blocks are definitely lost in loss record 2 of 7
==616791==    at 0x48BD858: malloc (vg_replace_malloc.c:447)
==616791==    by 0x403A1FB: wordsplit_finish (wordsplit.c:836)
==616791==    by 0x400BFFA: parse_default_options (tar.c:2256)
==616791==    by 0x400BFFA: decode_options (tar.c:2378)
==616791==    by 0x400BFFA: main (tar.c:2792)
==616791== 
==616791== 16 bytes in 1 blocks are still reachable in loss record 3 of 7
==616791==    at 0x48C4E43: calloc (vg_replace_malloc.c:1678)
==616791==    by 0x40516F1: xcalloc (xmalloc.c:298)
==616791==    by 0x40516F1: xzalloc (xmalloc.c:283)
==616791==    by 0x400BEF9: decode_options (tar.c:2297)
==616791==    by 0x400BEF9: main (tar.c:2792)
==616791== 
==616791== 32 bytes in 1 blocks are still reachable in loss record 4 of 7
==616791==    at 0x48BD858: malloc (vg_replace_malloc.c:447)
==616791==    by 0x40512CC: xmalloc (xmalloc.c:45)
==616791==    by 0x4029059: add_file_id (names.c:926)
==616791==    by 0x4029059: read_next_name (names.c:1026)
==616791==    by 0x4029059: name_next_elt (names.c:1116)
==616791==    by 0x40298EC: name_next (names.c:1152)
==616791==    by 0x401750F: create_archive (create.c:1410)
==616791==    by 0x400CD90: main (tar.c:2818)
==616791== 
==616791== 80 bytes in 1 blocks are still reachable in loss record 5 of 7
==616791==    at 0x48BD858: malloc (vg_replace_malloc.c:447)
==616791==    by 0x40512CC: xmalloc (xmalloc.c:45)
==616791==    by 0x400BE43: main (tar.c:2781)
==616791== 
==616791== 90 (80 direct, 10 indirect) bytes in 2 blocks are definitely lost in loss record 6 of 7
==616791==    at 0x48C4E43: calloc (vg_replace_malloc.c:1678)
==616791==    by 0x403959D: wsnode_new (wordsplit.c:422)
==616791==    by 0x403959D: wordsplit_add_segm (wordsplit.c:523)
==616791==    by 0x4039854: scan_word (wordsplit.c:2062)
==616791==    by 0x4039C7C: wordsplit_process_list (wordsplit.c:2358)
==616791==    by 0x403A562: wordsplit_run.constprop.0 (wordsplit.c:2434)
==616791==    by 0x400BFFA: parse_default_options (tar.c:2256)
==616791==    by 0x400BFFA: decode_options (tar.c:2378)
==616791==    by 0x400BFFA: main (tar.c:2792)
==616791== 
==616791== 102 bytes in 1 blocks are still reachable in loss record 7 of 7
==616791==    at 0x48BD858: malloc (vg_replace_malloc.c:447)
==616791==    by 0x40512CC: xmalloc (xmalloc.c:45)
==616791==    by 0x4029881: name_init (names.c:869)
==616791==    by 0x400C94C: main (tar.c:2794)
==616791== 
==616791== LEAK SUMMARY:
==616791==    definitely lost: 90 bytes in 4 blocks
==616791==    indirectly lost: 10 bytes in 2 blocks
==616791==      possibly lost: 0 bytes in 0 blocks
==616791==    still reachable: 230 bytes in 4 blocks
==616791==         suppressed: 0 bytes in 0 blocks
==616791== 
==616791== For lists of detected and suppressed errors, rerun with: -s
==616791== ERROR SUMMARY: 2 errors from 2 contexts (suppressed: 0 from 0)
