==616723== Memcheck, a memory error detector
==616723== Copyright (C) 2002-2024, and GNU GPL'd, by Julian Seward et al.
==616723== Using Valgrind-3.26.0 and LibVEX; rerun with -h for copyright info
==616723== Command: tar xfV archive babel
==616723== Parent PID: 616297
==616723== 
==616723== 
==616723== FILE DESCRIPTORS: 4 open (3 inherited) at exit.
==616723== Open file descriptor 3: archive
==616723==    at 0x4A1A9E6: open (open64.c:41)
==616723==    by 0x4010EBD: open (fcntl2.h:55)
==616723==    by 0x4010EBD: open_compressed_archive (buffer.c:435)
==616723==    by 0x4010EBD: _open_archive (buffer.c:802)
==616723==    by 0x4010EBD: open_archive (buffer.c:2025)
==616723==    by 0x402543F: read_and (list.c:176)
==616723==    by 0x400CD61: main (tar.c:2823)
==616723== 
==616723== 
==616723== HEAP SUMMARY:
==616723==     in use at exit: 14,835 bytes in 17 blocks
==616723==   total heap usage: 41 allocs, 24 frees, 31,464 bytes allocated
==616723== 
==616723== 6 bytes in 1 blocks are still reachable in loss record 1 of 12
==616723==    at 0x48BD858: malloc (vg_replace_malloc.c:447)
==616723==    by 0x40512CC: xmalloc (xmalloc.c:45)
==616723==    by 0x40264C0: assign_string_n (misc.c:76)
==616723==    by 0x4010A43: match_volume_label (buffer.c:1637)
==616723==    by 0x4010BEA: open_archive (buffer.c:2031)
==616723==    by 0x402543F: read_and (list.c:176)
==616723==    by 0x400CD61: main (tar.c:2823)
==616723== 
==616723== 7 bytes in 2 blocks are indirectly lost in loss record 2 of 12
==616723==    at 0x48BD858: malloc (vg_replace_malloc.c:447)
==616723==    by 0x40387DD: wsnode_quoteremoval (wordsplit.c:651)
==616723==    by 0x4039CFD: wordsplit_process_list (wordsplit.c:2390)
==616723==    by 0x403A562: wordsplit_run.constprop.0 (wordsplit.c:2434)
==616723==    by 0x400BFFA: parse_default_options (tar.c:2256)
==616723==    by 0x400BFFA: decode_options (tar.c:2378)
==616723==    by 0x400BFFA: main (tar.c:2792)
==616723== 
==616723== 7 bytes in 2 blocks are definitely lost in loss record 3 of 12
==616723==    at 0x48BD858: malloc (vg_replace_malloc.c:447)
==616723==    by 0x403A1FB: wordsplit_finish (wordsplit.c:836)
==616723==    by 0x400BFFA: parse_default_options (tar.c:2256)
==616723==    by 0x400BFFA: decode_options (tar.c:2378)
==616723==    by 0x400BFFA: main (tar.c:2792)
==616723== 
==616723== 8 bytes in 1 blocks are still reachable in loss record 4 of 12
==616723==    at 0x48BD858: malloc (vg_replace_malloc.c:447)
==616723==    by 0x405130C: xmalloc (xmalloc.c:45)
==616723==    by 0x405130C: xcharalloc (xmalloc.c:57)
==616723==    by 0x404F1B8: quotearg_n_options (quotearg.c:909)
==616723==    by 0x40108DB: match_volume_label (buffer.c:1655)
==616723==    by 0x4010BEA: open_archive (buffer.c:2031)
==616723==    by 0x402543F: read_and (list.c:176)
==616723==    by 0x400CD61: main (tar.c:2823)
==616723== 
==616723== 9 bytes in 3 blocks are still reachable in loss record 5 of 12
==616723==    at 0x48BD858: malloc (vg_replace_malloc.c:447)
==616723==    by 0x405185D: xmalloc (xmalloc.c:45)
==616723==    by 0x405185D: xmemdup (xmalloc.c:314)
==616723==    by 0x405185D: xstrdup (xmalloc.c:339)
==616723==    by 0x400C4F1: decode_options (tar.c:2353)
==616723==    by 0x400C4F1: main (tar.c:2792)
==616723== 
==616723== 16 bytes in 1 blocks are still reachable in loss record 6 of 12
==616723==    at 0x48C4E43: calloc (vg_replace_malloc.c:1678)
==616723==    by 0x40516F1: xcalloc (xmalloc.c:298)
==616723==    by 0x40516F1: xzalloc (xmalloc.c:283)
==616723==    by 0x400BEF9: decode_options (tar.c:2297)
==616723==    by 0x400BEF9: main (tar.c:2792)
==616723== 
==616723== 56 bytes in 1 blocks are still reachable in loss record 7 of 12
==616723==    at 0x48BD858: malloc (vg_replace_malloc.c:447)
==616723==    by 0x40512CC: xmalloc (xmalloc.c:45)
==616723==    by 0x400C46E: decode_options (tar.c:2340)
==616723==    by 0x400C46E: main (tar.c:2792)
==616723== 
==616723== 80 bytes in 1 blocks are still reachable in loss record 8 of 12
==616723==    at 0x48BD858: malloc (vg_replace_malloc.c:447)
==616723==    by 0x40512CC: xmalloc (xmalloc.c:45)
==616723==    by 0x400BE43: main (tar.c:2781)
==616723== 
==616723== 87 (80 direct, 7 indirect) bytes in 2 blocks are definitely lost in loss record 9 of 12
==616723==    at 0x48C4E43: calloc (vg_replace_malloc.c:1678)
==616723==    by 0x403959D: wsnode_new (wordsplit.c:422)
==616723==    by 0x403959D: wordsplit_add_segm (wordsplit.c:523)
==616723==    by 0x4039854: scan_word (wordsplit.c:2062)
==616723==    by 0x4039C7C: wordsplit_process_list (wordsplit.c:2358)
==616723==    by 0x403A562: wordsplit_run.constprop.0 (wordsplit.c:2434)
==616723==    by 0x400BFFA: parse_default_options (tar.c:2256)
==616723==    by 0x400BFFA: decode_options (tar.c:2378)
==616723==    by 0x400BFFA: main (tar.c:2792)
==616723== 
==616723== 102 bytes in 1 blocks are still reachable in loss record 10 of 12
==616723==    at 0x48BD858: malloc (vg_replace_malloc.c:447)
==616723==    by 0x40512CC: xmalloc (xmalloc.c:45)
==616723==    by 0x4029881: name_init (names.c:869)
==616723==    by 0x400C94C: main (tar.c:2794)
==616723== 
==616723== 128 bytes in 1 blocks are still reachable in loss record 11 of 12
==616723==    at 0x48C507F: realloc (vg_replace_malloc.c:1804)
==616723==    by 0x4051670: xrealloc (xmalloc.c:66)
==616723==    by 0x4051670: xpalloc (xmalloc.c:271)
==616723==    by 0x404F236: quotearg_n_options (quotearg.c:885)
==616723==    by 0x40108DB: match_volume_label (buffer.c:1655)
==616723==    by 0x4010BEA: open_archive (buffer.c:2031)
==616723==    by 0x402543F: read_and (list.c:176)
==616723==    by 0x400CD61: main (tar.c:2823)
==616723== 
==616723== 14,336 bytes in 1 blocks are still reachable in loss record 12 of 12
==616723==    at 0x48BD858: malloc (vg_replace_malloc.c:447)
==616723==    by 0x40512CC: xmalloc (xmalloc.c:45)
==616723==    by 0x4027C22: page_aligned_alloc (misc.c:1235)
==616723==    by 0x400D5A3: init_buffer (buffer.c:657)
==616723==    by 0x4010B3B: _open_archive (buffer.c:725)
==616723==    by 0x4010B3B: open_archive (buffer.c:2025)
==616723==    by 0x402543F: read_and (list.c:176)
==616723==    by 0x400CD61: main (tar.c:2823)
==616723== 
==616723== LEAK SUMMARY:
==616723==    definitely lost: 87 bytes in 4 blocks
==616723==    indirectly lost: 7 bytes in 2 blocks
==616723==      possibly lost: 0 bytes in 0 blocks
==616723==    still reachable: 14,741 bytes in 11 blocks
==616723==         suppressed: 0 bytes in 0 blocks
==616723== 
==616723== For lists of detected and suppressed errors, rerun with: -s
==616723== ERROR SUMMARY: 3 errors from 3 contexts (suppressed: 0 from 0)
