==616827== Memcheck, a memory error detector
==616827== Copyright (C) 2002-2024, and GNU GPL'd, by Julian Seward et al.
==616827== Using Valgrind-3.26.0 and LibVEX; rerun with -h for copyright info
==616827== Command: tar xfV archive label
==616827== Parent PID: 616789
==616827== 
==616827== 
==616827== FILE DESCRIPTORS: 1 open (1 inherited) at exit.
==616827== 
==616827== HEAP SUMMARY:
==616827==     in use at exit: 369 bytes in 14 blocks
==616827==   total heap usage: 26 allocs, 12 frees, 31,179 bytes allocated
==616827== 
==616827== 6 bytes in 1 blocks are still reachable in loss record 1 of 9
==616827==    at 0x48BD858: malloc (vg_replace_malloc.c:447)
==616827==    by 0x40512CC: xmalloc (xmalloc.c:45)
==616827==    by 0x40264C0: assign_string_n (misc.c:76)
==616827==    by 0x4010A43: match_volume_label (buffer.c:1637)
==616827==    by 0x4010BEA: open_archive (buffer.c:2031)
==616827==    by 0x402543F: read_and (list.c:176)
==616827==    by 0x400CD61: main (tar.c:2823)
==616827== 
==616827== 9 bytes in 3 blocks are indirectly lost in loss record 2 of 9
==616827==    at 0x48BD858: malloc (vg_replace_malloc.c:447)
==616827==    by 0x405185D: xmalloc (xmalloc.c:45)
==616827==    by 0x405185D: xmemdup (xmalloc.c:314)
==616827==    by 0x405185D: xstrdup (xmalloc.c:339)
==616827==    by 0x400C4F1: decode_options (tar.c:2353)
==616827==    by 0x400C4F1: main (tar.c:2792)
==616827== 
==616827== 10 bytes in 2 blocks are indirectly lost in loss record 3 of 9
==616827==    at 0x48BD858: malloc (vg_replace_malloc.c:447)
==616827==    by 0x40387DD: wsnode_quoteremoval (wordsplit.c:651)
==616827==    by 0x4039CFD: wordsplit_process_list (wordsplit.c:2390)
==616827==    by 0x403A562: wordsplit_run.constprop.0 (wordsplit.c:2434)
==616827==    by 0x400BFFA: parse_default_options (tar.c:2256)
==616827==    by 0x400BFFA: decode_options (tar.c:2378)
==616827==    by 0x400BFFA: main (tar.c:2792)
==616827== 
==616827== 10 bytes in 2 blocks are definitely lost in loss record 4 of 9
==616827==    at 0x48BD858: malloc (vg_replace_malloc.c:447)
==616827==    by 0x403A1FB: wordsplit_finish (wordsplit.c:836)
==616827==    by 0x400BFFA: parse_default_options (tar.c:2256)
==616827==    by 0x400BFFA: decode_options (tar.c:2378)
==616827==    by 0x400BFFA: main (tar.c:2792)
==616827== 
==616827== 16 bytes in 1 blocks are still reachable in loss record 5 of 9
==616827==    at 0x48C4E43: calloc (vg_replace_malloc.c:1678)
==616827==    by 0x40516F1: xcalloc (xmalloc.c:298)
==616827==    by 0x40516F1: xzalloc (xmalloc.c:283)
==616827==    by 0x400BEF9: decode_options (tar.c:2297)
==616827==    by 0x400BEF9: main (tar.c:2792)
==616827== 
==616827== 65 (56 direct, 9 indirect) bytes in 1 blocks are definitely lost in loss record 6 of 9
==616827==    at 0x48BD858: malloc (vg_replace_malloc.c:447)
==616827==    by 0x40512CC: xmalloc (xmalloc.c:45)
==616827==    by 0x400C46E: decode_options (tar.c:2340)
==616827==    by 0x400C46E: main (tar.c:2792)
==616827== 
==616827== 80 bytes in 1 blocks are still reachable in loss record 7 of 9
==616827==    at 0x48BD858: malloc (vg_replace_malloc.c:447)
==616827==    by 0x40512CC: xmalloc (xmalloc.c:45)
==616827==    by 0x400BE43: main (tar.c:2781)
==616827== 
==616827== 90 (80 direct, 10 indirect) bytes in 2 blocks are definitely lost in loss record 8 of 9
==616827==    at 0x48C4E43: calloc (vg_replace_malloc.c:1678)
==616827==    by 0x403959D: wsnode_new (wordsplit.c:422)
==616827==    by 0x403959D: wordsplit_add_segm (wordsplit.c:523)
==616827==    by 0x4039854: scan_word (wordsplit.c:2062)
==616827==    by 0x4039C7C: wordsplit_process_list (wordsplit.c:2358)
==616827==    by 0x403A562: wordsplit_run.constprop.0 (wordsplit.c:2434)
==616827==    by 0x400BFFA: parse_default_options (tar.c:2256)
==616827==    by 0x400BFFA: decode_options (tar.c:2378)
==616827==    by 0x400BFFA: main (tar.c:2792)
==616827== 
==616827== 102 bytes in 1 blocks are still reachable in loss record 9 of 9
==616827==    at 0x48BD858: malloc (vg_replace_malloc.c:447)
==616827==    by 0x40512CC: xmalloc (xmalloc.c:45)
==616827==    by 0x4029881: name_init (names.c:869)
==616827==    by 0x400C94C: main (tar.c:2794)
==616827== 
==616827== LEAK SUMMARY:
==616827==    definitely lost: 146 bytes in 5 blocks
==616827==    indirectly lost: 19 bytes in 5 blocks
==616827==      possibly lost: 0 bytes in 0 blocks
==616827==    still reachable: 204 bytes in 4 blocks
==616827==         suppressed: 0 bytes in 0 blocks
==616827== 
==616827== For lists of detected and suppressed errors, rerun with: -s
==616827== ERROR SUMMARY: 3 errors from 3 contexts (suppressed: 0 from 0)
