==655260== Memcheck, a memory error detector
==655260== Copyright (C) 2002-2024, and GNU GPL'd, by Julian Seward et al.
==655260== Using Valgrind-3.26.0 and LibVEX; rerun with -h for copyright info
==655260== Command: tar --xattrs-include=user.incl* --xattrs-exclude=user.incl_excluded -cf archive.tar -C dir .
==655260== Parent PID: 655215
==655260== 
==655260== 
==655260== FILE DESCRIPTORS: 1 open (1 inherited) at exit.
==655260== 
==655260== HEAP SUMMARY:
==655260==     in use at exit: 6,657 bytes in 12 blocks
==655260==   total heap usage: 95 allocs, 83 frees, 100,468 bytes allocated
==655260== 
==655260== 5 bytes in 1 blocks are still reachable in loss record 1 of 11
==655260==    at 0x586E858: malloc (vg_replace_malloc.c:447)
==655260==    by 0x469E66D: rboxc_tar_xstrdup (in /root/rboxc/target/tar-map-probe-candidate/release/rboxc)
==655260==    by 0x466FF4F: rboxc_tar_assign_string (in /root/rboxc/target/tar-map-probe-candidate/release/rboxc)
==655260==    by 0x4673232: rboxc_tar_uid_to_uname (in /root/rboxc/target/tar-map-probe-candidate/release/rboxc)
==655260==    by 0x4662453: rboxc_tar_start_header (in /root/rboxc/target/tar-map-probe-candidate/release/rboxc)
==655260==    by 0x4663659: dump_file0 (in /root/rboxc/target/tar-map-probe-candidate/release/rboxc)
==655260==    by 0x46643E9: rboxc_tar_create_archive (in /root/rboxc/target/tar-map-probe-candidate/release/rboxc)
==655260==    by 0x4478AF8: single_binary_main_tar (in /root/rboxc/target/tar-map-probe-candidate/release/rboxc)
==655260==    by 0x5A18600: (below main) (libc_start_call_main.h:59)
==655260== 
==655260== 5 bytes in 1 blocks are still reachable in loss record 2 of 11
==655260==    at 0x586E858: malloc (vg_replace_malloc.c:447)
==655260==    by 0x469E66D: rboxc_tar_xstrdup (in /root/rboxc/target/tar-map-probe-candidate/release/rboxc)
==655260==    by 0x466FF4F: rboxc_tar_assign_string (in /root/rboxc/target/tar-map-probe-candidate/release/rboxc)
==655260==    by 0x46732C2: rboxc_tar_gid_to_gname (in /root/rboxc/target/tar-map-probe-candidate/release/rboxc)
==655260==    by 0x466243B: rboxc_tar_start_header (in /root/rboxc/target/tar-map-probe-candidate/release/rboxc)
==655260==    by 0x4663659: dump_file0 (in /root/rboxc/target/tar-map-probe-candidate/release/rboxc)
==655260==    by 0x46643E9: rboxc_tar_create_archive (in /root/rboxc/target/tar-map-probe-candidate/release/rboxc)
==655260==    by 0x4478AF8: single_binary_main_tar (in /root/rboxc/target/tar-map-probe-candidate/release/rboxc)
==655260==    by 0x5A18600: (below main) (libc_start_call_main.h:59)
==655260== 
==655260== 16 bytes in 1 blocks are still reachable in loss record 3 of 11
==655260==    at 0x5875E43: calloc (vg_replace_malloc.c:1678)
==655260==    by 0x469E501: rboxc_tar_xzalloc (in /root/rboxc/target/tar-map-probe-candidate/release/rboxc)
==655260==    by 0x4477AF5: single_binary_main_tar (in /root/rboxc/target/tar-map-probe-candidate/release/rboxc)
==655260==    by 0x5A18600: (below main) (libc_start_call_main.h:59)
==655260== 
==655260== 17 bytes in 1 blocks are still reachable in loss record 4 of 11
==655260==    at 0x586E858: malloc (vg_replace_malloc.c:447)
==655260==    by 0x469E66D: rboxc_tar_xstrdup (in /root/rboxc/target/tar-map-probe-candidate/release/rboxc)
==655260==    by 0x466FF4F: rboxc_tar_assign_string (in /root/rboxc/target/tar-map-probe-candidate/release/rboxc)
==655260==    by 0x467EFE6: rboxc_tar_xheader_xhdr_name (in /root/rboxc/target/tar-map-probe-candidate/release/rboxc)
==655260==    by 0x46610F7: write_extended.part.0 (in /root/rboxc/target/tar-map-probe-candidate/release/rboxc)
==655260==    by 0x46616F6: rboxc_tar_finish_header (in /root/rboxc/target/tar-map-probe-candidate/release/rboxc)
==655260==    by 0x4663ABE: dump_file0 (in /root/rboxc/target/tar-map-probe-candidate/release/rboxc)
==655260==    by 0x46643E9: rboxc_tar_create_archive (in /root/rboxc/target/tar-map-probe-candidate/release/rboxc)
==655260==    by 0x4478AF8: single_binary_main_tar (in /root/rboxc/target/tar-map-probe-candidate/release/rboxc)
==655260==    by 0x5A18600: (below main) (libc_start_call_main.h:59)
==655260== 
==655260== 64 bytes in 2 blocks are still reachable in loss record 5 of 11
==655260==    at 0x58763C0: reallocarray (vg_replace_malloc.c:1806)
==655260==    by 0x469E3D9: rboxc_tar_x2nrealloc (in /root/rboxc/target/tar-map-probe-candidate/release/rboxc)
==655260==    by 0x467BE6F: rboxc_tar_xattrs_mask_add (in /root/rboxc/target/tar-map-probe-candidate/release/rboxc)
==655260==    by 0x446EFA1: rboxc::applet_tar::parse_opt (in /root/rboxc/target/tar-map-probe-candidate/release/rboxc)
==655260==    by 0x468D0C3: rboxc_tar_argp_parse (in /root/rboxc/target/tar-map-probe-candidate/release/rboxc)
==655260==    by 0x4478025: single_binary_main_tar (in /root/rboxc/target/tar-map-probe-candidate/release/rboxc)
==655260==    by 0x5A18600: (below main) (libc_start_call_main.h:59)
==655260== 
==655260== 80 bytes in 1 blocks are still reachable in loss record 6 of 11
==655260==    at 0x586E858: malloc (vg_replace_malloc.c:447)
==655260==    by 0x469E0DC: rboxc_tar_xmalloc (in /root/rboxc/target/tar-map-probe-candidate/release/rboxc)
==655260==    by 0x4477A00: single_binary_main_tar (in /root/rboxc/target/tar-map-probe-candidate/release/rboxc)
==655260==    by 0x5A18600: (below main) (libc_start_call_main.h:59)
==655260== 
==655260== 102 bytes in 1 blocks are still reachable in loss record 7 of 11
==655260==    at 0x586E858: malloc (vg_replace_malloc.c:447)
==655260==    by 0x469E0DC: rboxc_tar_xmalloc (in /root/rboxc/target/tar-map-probe-candidate/release/rboxc)
==655260==    by 0x46734A1: rboxc_tar_name_init (in /root/rboxc/target/tar-map-probe-candidate/release/rboxc)
==655260==    by 0x4478A7A: single_binary_main_tar (in /root/rboxc/target/tar-map-probe-candidate/release/rboxc)
==655260==    by 0x5A18600: (below main) (libc_start_call_main.h:59)
==655260== 
==655260== 256 bytes in 1 blocks are still reachable in loss record 8 of 11
==655260==    at 0x586E858: malloc (vg_replace_malloc.c:447)
==655260==    by 0x469E0DC: rboxc_tar_xmalloc (in /root/rboxc/target/tar-map-probe-candidate/release/rboxc)
==655260==    by 0x467DAB4: xheader_print_n (in /root/rboxc/target/tar-map-probe-candidate/release/rboxc)
==655260==    by 0x467DD3B: mtime_coder (in /root/rboxc/target/tar-map-probe-candidate/release/rboxc)
==655260==    by 0x46620DF: rboxc_tar_start_header (in /root/rboxc/target/tar-map-probe-candidate/release/rboxc)
==655260==    by 0x4663659: dump_file0 (in /root/rboxc/target/tar-map-probe-candidate/release/rboxc)
==655260==    by 0x46643E9: rboxc_tar_create_archive (in /root/rboxc/target/tar-map-probe-candidate/release/rboxc)
==655260==    by 0x4478AF8: single_binary_main_tar (in /root/rboxc/target/tar-map-probe-candidate/release/rboxc)
==655260==    by 0x5A18600: (below main) (libc_start_call_main.h:59)
==655260== 
==655260== 1,024 bytes in 1 blocks are still reachable in loss record 9 of 11
==655260==    at 0x58763C0: reallocarray (vg_replace_malloc.c:1806)
==655260==    by 0x469E3D9: rboxc_tar_x2nrealloc (in /root/rboxc/target/tar-map-probe-candidate/release/rboxc)
==655260==    by 0x467BF4B: rboxc_tar_xattrs_xattrs_get (in /root/rboxc/target/tar-map-probe-candidate/release/rboxc)
==655260==    by 0x46635CD: dump_file0 (in /root/rboxc/target/tar-map-probe-candidate/release/rboxc)
==655260==    by 0x46643E9: rboxc_tar_create_archive (in /root/rboxc/target/tar-map-probe-candidate/release/rboxc)
==655260==    by 0x4478AF8: single_binary_main_tar (in /root/rboxc/target/tar-map-probe-candidate/release/rboxc)
==655260==    by 0x5A18600: (below main) (libc_start_call_main.h:59)
==655260== 
==655260== 1,024 bytes in 1 blocks are still reachable in loss record 10 of 11
==655260==    at 0x58763C0: reallocarray (vg_replace_malloc.c:1806)
==655260==    by 0x469E3D9: rboxc_tar_x2nrealloc (in /root/rboxc/target/tar-map-probe-candidate/release/rboxc)
==655260==    by 0x467C13B: rboxc_tar_xattrs_xattrs_get (in /root/rboxc/target/tar-map-probe-candidate/release/rboxc)
==655260==    by 0x46635CD: dump_file0 (in /root/rboxc/target/tar-map-probe-candidate/release/rboxc)
==655260==    by 0x46643E9: rboxc_tar_create_archive (in /root/rboxc/target/tar-map-probe-candidate/release/rboxc)
==655260==    by 0x4478AF8: single_binary_main_tar (in /root/rboxc/target/tar-map-probe-candidate/release/rboxc)
==655260==    by 0x5A18600: (below main) (libc_start_call_main.h:59)
==655260== 
==655260== 4,064 bytes in 1 blocks are still reachable in loss record 11 of 11
==655260==    at 0x586E858: malloc (vg_replace_malloc.c:447)
==655260==    by 0x469E0DC: rboxc_tar_xmalloc (in /root/rboxc/target/tar-map-probe-candidate/release/rboxc)
==655260==    by 0x4695FFD: _obstack_begin_worker.isra.0 (in /root/rboxc/target/tar-map-probe-candidate/release/rboxc)
==655260==    by 0x4696028: rboxc_tar__obstack_begin (in /root/rboxc/target/tar-map-probe-candidate/release/rboxc)
==655260==    by 0x4679CD7: rboxc_tar_transform_name_fp (in /root/rboxc/target/tar-map-probe-candidate/release/rboxc)
==655260==    by 0x46632A4: dump_file0 (in /root/rboxc/target/tar-map-probe-candidate/release/rboxc)
==655260==    by 0x46643E9: rboxc_tar_create_archive (in /root/rboxc/target/tar-map-probe-candidate/release/rboxc)
==655260==    by 0x4478AF8: single_binary_main_tar (in /root/rboxc/target/tar-map-probe-candidate/release/rboxc)
==655260==    by 0x5A18600: (below main) (libc_start_call_main.h:59)
==655260== 
==655260== LEAK SUMMARY:
==655260==    definitely lost: 0 bytes in 0 blocks
==655260==    indirectly lost: 0 bytes in 0 blocks
==655260==      possibly lost: 0 bytes in 0 blocks
==655260==    still reachable: 6,657 bytes in 12 blocks
==655260==         suppressed: 0 bytes in 0 blocks
==655260== 
==655260== For lists of detected and suppressed errors, rerun with: -s
==655260== ERROR SUMMARY: 0 errors from 0 contexts (suppressed: 0 from 0)
