==655223== Memcheck, a memory error detector
==655223== Copyright (C) 2002-2024, and GNU GPL'd, by Julian Seward et al.
==655223== Using Valgrind-3.26.0 and LibVEX; rerun with -h for copyright info
==655223== Command: tar --xattrs -cf /dev/null fi1bC7A3
==655223== Parent PID: 655222
==655223== 
==655223== 
==655223== FILE DESCRIPTORS: 1 open (1 inherited) at exit.
==655223== 
==655223== HEAP SUMMARY:
==655223==     in use at exit: 6,593 bytes in 10 blocks
==655223==   total heap usage: 66 allocs, 56 frees, 62,990 bytes allocated
==655223== 
==655223== 5 bytes in 1 blocks are still reachable in loss record 1 of 10
==655223==    at 0x586E858: malloc (vg_replace_malloc.c:447)
==655223==    by 0x469E66D: rboxc_tar_xstrdup (in /root/rboxc/target/tar-map-probe-candidate/release/rboxc)
==655223==    by 0x466FF4F: rboxc_tar_assign_string (in /root/rboxc/target/tar-map-probe-candidate/release/rboxc)
==655223==    by 0x4673232: rboxc_tar_uid_to_uname (in /root/rboxc/target/tar-map-probe-candidate/release/rboxc)
==655223==    by 0x4662453: rboxc_tar_start_header (in /root/rboxc/target/tar-map-probe-candidate/release/rboxc)
==655223==    by 0x46625F8: dump_regular_file (in /root/rboxc/target/tar-map-probe-candidate/release/rboxc)
==655223==    by 0x4663442: dump_file0 (in /root/rboxc/target/tar-map-probe-candidate/release/rboxc)
==655223==    by 0x46643E9: rboxc_tar_create_archive (in /root/rboxc/target/tar-map-probe-candidate/release/rboxc)
==655223==    by 0x4478AF8: single_binary_main_tar (in /root/rboxc/target/tar-map-probe-candidate/release/rboxc)
==655223==    by 0x5A18600: (below main) (libc_start_call_main.h:59)
==655223== 
==655223== 5 bytes in 1 blocks are still reachable in loss record 2 of 10
==655223==    at 0x586E858: malloc (vg_replace_malloc.c:447)
==655223==    by 0x469E66D: rboxc_tar_xstrdup (in /root/rboxc/target/tar-map-probe-candidate/release/rboxc)
==655223==    by 0x466FF4F: rboxc_tar_assign_string (in /root/rboxc/target/tar-map-probe-candidate/release/rboxc)
==655223==    by 0x46732C2: rboxc_tar_gid_to_gname (in /root/rboxc/target/tar-map-probe-candidate/release/rboxc)
==655223==    by 0x466243B: rboxc_tar_start_header (in /root/rboxc/target/tar-map-probe-candidate/release/rboxc)
==655223==    by 0x46625F8: dump_regular_file (in /root/rboxc/target/tar-map-probe-candidate/release/rboxc)
==655223==    by 0x4663442: dump_file0 (in /root/rboxc/target/tar-map-probe-candidate/release/rboxc)
==655223==    by 0x46643E9: rboxc_tar_create_archive (in /root/rboxc/target/tar-map-probe-candidate/release/rboxc)
==655223==    by 0x4478AF8: single_binary_main_tar (in /root/rboxc/target/tar-map-probe-candidate/release/rboxc)
==655223==    by 0x5A18600: (below main) (libc_start_call_main.h:59)
==655223== 
==655223== 16 bytes in 1 blocks are still reachable in loss record 3 of 10
==655223==    at 0x5875E43: calloc (vg_replace_malloc.c:1678)
==655223==    by 0x469E501: rboxc_tar_xzalloc (in /root/rboxc/target/tar-map-probe-candidate/release/rboxc)
==655223==    by 0x4477AF5: single_binary_main_tar (in /root/rboxc/target/tar-map-probe-candidate/release/rboxc)
==655223==    by 0x5A18600: (below main) (libc_start_call_main.h:59)
==655223== 
==655223== 17 bytes in 1 blocks are still reachable in loss record 4 of 10
==655223==    at 0x586E858: malloc (vg_replace_malloc.c:447)
==655223==    by 0x469E66D: rboxc_tar_xstrdup (in /root/rboxc/target/tar-map-probe-candidate/release/rboxc)
==655223==    by 0x466FF4F: rboxc_tar_assign_string (in /root/rboxc/target/tar-map-probe-candidate/release/rboxc)
==655223==    by 0x467EFE6: rboxc_tar_xheader_xhdr_name (in /root/rboxc/target/tar-map-probe-candidate/release/rboxc)
==655223==    by 0x46610F7: write_extended.part.0 (in /root/rboxc/target/tar-map-probe-candidate/release/rboxc)
==655223==    by 0x46616F6: rboxc_tar_finish_header (in /root/rboxc/target/tar-map-probe-candidate/release/rboxc)
==655223==    by 0x466260F: dump_regular_file (in /root/rboxc/target/tar-map-probe-candidate/release/rboxc)
==655223==    by 0x4663442: dump_file0 (in /root/rboxc/target/tar-map-probe-candidate/release/rboxc)
==655223==    by 0x46643E9: rboxc_tar_create_archive (in /root/rboxc/target/tar-map-probe-candidate/release/rboxc)
==655223==    by 0x4478AF8: single_binary_main_tar (in /root/rboxc/target/tar-map-probe-candidate/release/rboxc)
==655223==    by 0x5A18600: (below main) (libc_start_call_main.h:59)
==655223== 
==655223== 80 bytes in 1 blocks are still reachable in loss record 5 of 10
==655223==    at 0x586E858: malloc (vg_replace_malloc.c:447)
==655223==    by 0x469E0DC: rboxc_tar_xmalloc (in /root/rboxc/target/tar-map-probe-candidate/release/rboxc)
==655223==    by 0x4477A00: single_binary_main_tar (in /root/rboxc/target/tar-map-probe-candidate/release/rboxc)
==655223==    by 0x5A18600: (below main) (libc_start_call_main.h:59)
==655223== 
==655223== 102 bytes in 1 blocks are still reachable in loss record 6 of 10
==655223==    at 0x586E858: malloc (vg_replace_malloc.c:447)
==655223==    by 0x469E0DC: rboxc_tar_xmalloc (in /root/rboxc/target/tar-map-probe-candidate/release/rboxc)
==655223==    by 0x46734A1: rboxc_tar_name_init (in /root/rboxc/target/tar-map-probe-candidate/release/rboxc)
==655223==    by 0x4478A7A: single_binary_main_tar (in /root/rboxc/target/tar-map-probe-candidate/release/rboxc)
==655223==    by 0x5A18600: (below main) (libc_start_call_main.h:59)
==655223== 
==655223== 256 bytes in 1 blocks are still reachable in loss record 7 of 10
==655223==    at 0x586E858: malloc (vg_replace_malloc.c:447)
==655223==    by 0x469E0DC: rboxc_tar_xmalloc (in /root/rboxc/target/tar-map-probe-candidate/release/rboxc)
==655223==    by 0x467DAB4: xheader_print_n (in /root/rboxc/target/tar-map-probe-candidate/release/rboxc)
==655223==    by 0x467DD3B: mtime_coder (in /root/rboxc/target/tar-map-probe-candidate/release/rboxc)
==655223==    by 0x46620DF: rboxc_tar_start_header (in /root/rboxc/target/tar-map-probe-candidate/release/rboxc)
==655223==    by 0x46625F8: dump_regular_file (in /root/rboxc/target/tar-map-probe-candidate/release/rboxc)
==655223==    by 0x4663442: dump_file0 (in /root/rboxc/target/tar-map-probe-candidate/release/rboxc)
==655223==    by 0x46643E9: rboxc_tar_create_archive (in /root/rboxc/target/tar-map-probe-candidate/release/rboxc)
==655223==    by 0x4478AF8: single_binary_main_tar (in /root/rboxc/target/tar-map-probe-candidate/release/rboxc)
==655223==    by 0x5A18600: (below main) (libc_start_call_main.h:59)
==655223== 
==655223== 1,024 bytes in 1 blocks are still reachable in loss record 8 of 10
==655223==    at 0x58763C0: reallocarray (vg_replace_malloc.c:1806)
==655223==    by 0x469E3D9: rboxc_tar_x2nrealloc (in /root/rboxc/target/tar-map-probe-candidate/release/rboxc)
==655223==    by 0x467BF4B: rboxc_tar_xattrs_xattrs_get (in /root/rboxc/target/tar-map-probe-candidate/release/rboxc)
==655223==    by 0x46633DC: dump_file0 (in /root/rboxc/target/tar-map-probe-candidate/release/rboxc)
==655223==    by 0x46643E9: rboxc_tar_create_archive (in /root/rboxc/target/tar-map-probe-candidate/release/rboxc)
==655223==    by 0x4478AF8: single_binary_main_tar (in /root/rboxc/target/tar-map-probe-candidate/release/rboxc)
==655223==    by 0x5A18600: (below main) (libc_start_call_main.h:59)
==655223== 
==655223== 1,024 bytes in 1 blocks are still reachable in loss record 9 of 10
==655223==    at 0x58763C0: reallocarray (vg_replace_malloc.c:1806)
==655223==    by 0x469E3D9: rboxc_tar_x2nrealloc (in /root/rboxc/target/tar-map-probe-candidate/release/rboxc)
==655223==    by 0x467C13B: rboxc_tar_xattrs_xattrs_get (in /root/rboxc/target/tar-map-probe-candidate/release/rboxc)
==655223==    by 0x46633DC: dump_file0 (in /root/rboxc/target/tar-map-probe-candidate/release/rboxc)
==655223==    by 0x46643E9: rboxc_tar_create_archive (in /root/rboxc/target/tar-map-probe-candidate/release/rboxc)
==655223==    by 0x4478AF8: single_binary_main_tar (in /root/rboxc/target/tar-map-probe-candidate/release/rboxc)
==655223==    by 0x5A18600: (below main) (libc_start_call_main.h:59)
==655223== 
==655223== 4,064 bytes in 1 blocks are still reachable in loss record 10 of 10
==655223==    at 0x586E858: malloc (vg_replace_malloc.c:447)
==655223==    by 0x469E0DC: rboxc_tar_xmalloc (in /root/rboxc/target/tar-map-probe-candidate/release/rboxc)
==655223==    by 0x4695FFD: _obstack_begin_worker.isra.0 (in /root/rboxc/target/tar-map-probe-candidate/release/rboxc)
==655223==    by 0x4696028: rboxc_tar__obstack_begin (in /root/rboxc/target/tar-map-probe-candidate/release/rboxc)
==655223==    by 0x4679CD7: rboxc_tar_transform_name_fp (in /root/rboxc/target/tar-map-probe-candidate/release/rboxc)
==655223==    by 0x46632A4: dump_file0 (in /root/rboxc/target/tar-map-probe-candidate/release/rboxc)
==655223==    by 0x46643E9: rboxc_tar_create_archive (in /root/rboxc/target/tar-map-probe-candidate/release/rboxc)
==655223==    by 0x4478AF8: single_binary_main_tar (in /root/rboxc/target/tar-map-probe-candidate/release/rboxc)
==655223==    by 0x5A18600: (below main) (libc_start_call_main.h:59)
==655223== 
==655223== LEAK SUMMARY:
==655223==    definitely lost: 0 bytes in 0 blocks
==655223==    indirectly lost: 0 bytes in 0 blocks
==655223==      possibly lost: 0 bytes in 0 blocks
==655223==    still reachable: 6,593 bytes in 10 blocks
==655223==         suppressed: 0 bytes in 0 blocks
==655223== 
==655223== For lists of detected and suppressed errors, rerun with: -s
==655223== ERROR SUMMARY: 0 errors from 0 contexts (suppressed: 0 from 0)
