==686453== Memcheck, a memory error detector
==686453== Copyright (C) 2002-2024, and GNU GPL'd, by Julian Seward et al.
==686453== Using Valgrind-3.26.0 and LibVEX; rerun with -h for copyright info
==686453== Command: /tmp/rboxc-tar-behavior-kyar16bm/exec/tar -tf archive.tar
==686453== Parent PID: 683658
==686453== 
==686453== 
==686453== FILE DESCRIPTORS: 1 open (1 inherited) at exit.
==686453== 
==686453== HEAP SUMMARY:
==686453==     in use at exit: 4,272 bytes in 6 blocks
==686453==   total heap usage: 85 allocs, 79 frees, 51,799 bytes allocated
==686453== 
==686453== 5 bytes in 1 blocks are still reachable in loss record 1 of 6
==686453==    at 0x586E858: malloc (vg_replace_malloc.c:447)
==686453==    by 0x469E72D: rboxc_tar_xstrdup (in /root/rboxc/target/tar-child-prefix-candidate/release/rboxc)
==686453==    by 0x467000F: rboxc_tar_assign_string (in /root/rboxc/target/tar-child-prefix-candidate/release/rboxc)
==686453==    by 0x467341C: rboxc_tar_uname_to_uid (in /root/rboxc/target/tar-child-prefix-candidate/release/rboxc)
==686453==    by 0x466E07F: rboxc_tar_decode_header (in /root/rboxc/target/tar-child-prefix-candidate/release/rboxc)
==686453==    by 0x466F116: rboxc_tar_read_and (in /root/rboxc/target/tar-child-prefix-candidate/release/rboxc)
==686453==    by 0x440EEF9: single_binary_main_tar (in /root/rboxc/target/tar-child-prefix-candidate/release/rboxc)
==686453==    by 0x5A18600: (below main) (libc_start_call_main.h:59)
==686453== 
==686453== 5 bytes in 1 blocks are still reachable in loss record 2 of 6
==686453==    at 0x586E858: malloc (vg_replace_malloc.c:447)
==686453==    by 0x469E72D: rboxc_tar_xstrdup (in /root/rboxc/target/tar-child-prefix-candidate/release/rboxc)
==686453==    by 0x467000F: rboxc_tar_assign_string (in /root/rboxc/target/tar-child-prefix-candidate/release/rboxc)
==686453==    by 0x46734BC: rboxc_tar_gname_to_gid (in /root/rboxc/target/tar-child-prefix-candidate/release/rboxc)
==686453==    by 0x466E05F: rboxc_tar_decode_header (in /root/rboxc/target/tar-child-prefix-candidate/release/rboxc)
==686453==    by 0x466F116: rboxc_tar_read_and (in /root/rboxc/target/tar-child-prefix-candidate/release/rboxc)
==686453==    by 0x440EEF9: single_binary_main_tar (in /root/rboxc/target/tar-child-prefix-candidate/release/rboxc)
==686453==    by 0x5A18600: (below main) (libc_start_call_main.h:59)
==686453== 
==686453== 16 bytes in 1 blocks are still reachable in loss record 3 of 6
==686453==    at 0x5875E43: calloc (vg_replace_malloc.c:1678)
==686453==    by 0x469E5C1: rboxc_tar_xzalloc (in /root/rboxc/target/tar-child-prefix-candidate/release/rboxc)
==686453==    by 0x440DEB5: single_binary_main_tar (in /root/rboxc/target/tar-child-prefix-candidate/release/rboxc)
==686453==    by 0x5A18600: (below main) (libc_start_call_main.h:59)
==686453== 
==686453== 80 bytes in 1 blocks are still reachable in loss record 4 of 6
==686453==    at 0x586E858: malloc (vg_replace_malloc.c:447)
==686453==    by 0x469E19C: rboxc_tar_xmalloc (in /root/rboxc/target/tar-child-prefix-candidate/release/rboxc)
==686453==    by 0x440DDC0: single_binary_main_tar (in /root/rboxc/target/tar-child-prefix-candidate/release/rboxc)
==686453==    by 0x5A18600: (below main) (libc_start_call_main.h:59)
==686453== 
==686453== 102 bytes in 1 blocks are still reachable in loss record 5 of 6
==686453==    at 0x586E858: malloc (vg_replace_malloc.c:447)
==686453==    by 0x469E19C: rboxc_tar_xmalloc (in /root/rboxc/target/tar-child-prefix-candidate/release/rboxc)
==686453==    by 0x4673561: rboxc_tar_name_init (in /root/rboxc/target/tar-child-prefix-candidate/release/rboxc)
==686453==    by 0x440EE3A: single_binary_main_tar (in /root/rboxc/target/tar-child-prefix-candidate/release/rboxc)
==686453==    by 0x5A18600: (below main) (libc_start_call_main.h:59)
==686453== 
==686453== 4,064 bytes in 1 blocks are still reachable in loss record 6 of 6
==686453==    at 0x586E858: malloc (vg_replace_malloc.c:447)
==686453==    by 0x469E19C: rboxc_tar_xmalloc (in /root/rboxc/target/tar-child-prefix-candidate/release/rboxc)
==686453==    by 0x46960BD: _obstack_begin_worker.isra.0 (in /root/rboxc/target/tar-child-prefix-candidate/release/rboxc)
==686453==    by 0x46960E8: rboxc_tar__obstack_begin (in /root/rboxc/target/tar-child-prefix-candidate/release/rboxc)
==686453==    by 0x4679D97: rboxc_tar_transform_name_fp (in /root/rboxc/target/tar-child-prefix-candidate/release/rboxc)
==686453==    by 0x466D170: transform_stat_info.part.0 (in /root/rboxc/target/tar-child-prefix-candidate/release/rboxc)
==686453==    by 0x466F350: rboxc_tar_read_and (in /root/rboxc/target/tar-child-prefix-candidate/release/rboxc)
==686453==    by 0x440EEF9: single_binary_main_tar (in /root/rboxc/target/tar-child-prefix-candidate/release/rboxc)
==686453==    by 0x5A18600: (below main) (libc_start_call_main.h:59)
==686453== 
==686453== LEAK SUMMARY:
==686453==    definitely lost: 0 bytes in 0 blocks
==686453==    indirectly lost: 0 bytes in 0 blocks
==686453==      possibly lost: 0 bytes in 0 blocks
==686453==    still reachable: 4,272 bytes in 6 blocks
==686453==         suppressed: 0 bytes in 0 blocks
==686453== 
==686453== For lists of detected and suppressed errors, rerun with: -s
==686453== ERROR SUMMARY: 0 errors from 0 contexts (suppressed: 0 from 0)
