==627982== Memcheck, a memory error detector
==627982== Copyright (C) 2002-2024, and GNU GPL'd, by Julian Seward et al.
==627982== Using Valgrind-3.26.0 and LibVEX; rerun with -h for copyright info
==627982== Command: tar --version
==627982== Parent PID: 627787
==627982== 
==627982== 
==627982== FILE DESCRIPTORS: 4 open (4 inherited) at exit.
==627982== 
==627982== HEAP SUMMARY:
==627982==     in use at exit: 7,767 bytes in 3 blocks
==627982==   total heap usage: 15 allocs, 12 frees, 12,021 bytes allocated
==627982== 
==627982== 16 bytes in 1 blocks are still reachable in loss record 1 of 3
==627982==    at 0x48C4E43: calloc (vg_replace_malloc.c:1678)
==627982==    by 0x40516F1: xcalloc (xmalloc.c:298)
==627982==    by 0x40516F1: xzalloc (xmalloc.c:283)
==627982==    by 0x400BEF9: decode_options (tar.c:2297)
==627982==    by 0x400BEF9: main (tar.c:2792)
==627982== 
==627982== 80 bytes in 1 blocks are still reachable in loss record 2 of 3
==627982==    at 0x48BD858: malloc (vg_replace_malloc.c:447)
==627982==    by 0x40512CC: xmalloc (xmalloc.c:45)
==627982==    by 0x400BE43: main (tar.c:2781)
==627982== 
==627982== 7,671 bytes in 1 blocks are still reachable in loss record 3 of 3
==627982==    at 0x48BD858: malloc (vg_replace_malloc.c:447)
==627982==    by 0x4041854: parser_init (argp-parse.c:495)
==627982==    by 0x4041854: argp_parse (argp-parse.c:921)
==627982==    by 0x400C045: decode_options (tar.c:2380)
==627982==    by 0x400C045: main (tar.c:2792)
==627982== 
==627982== LEAK SUMMARY:
==627982==    definitely lost: 0 bytes in 0 blocks
==627982==    indirectly lost: 0 bytes in 0 blocks
==627982==      possibly lost: 0 bytes in 0 blocks
==627982==    still reachable: 7,767 bytes in 3 blocks
==627982==         suppressed: 0 bytes in 0 blocks
==627982== 
==627982== For lists of detected and suppressed errors, rerun with: -s
==627982== ERROR SUMMARY: 0 errors from 0 contexts (suppressed: 0 from 0)
