==628045== Memcheck, a memory error detector
==628045== Copyright (C) 2002-2024, and GNU GPL'd, by Julian Seward et al.
==628045== Using Valgrind-3.26.0 and LibVEX; rerun with -h for copyright info
==628045== Command: tar -c -f archive.1 -l --remove-files file1 file2 file3 file4
==628045== Parent PID: 628035
==628045== 
==628045== 
==628045== FILE DESCRIPTORS: 1 open (1 inherited) at exit.
==628045== 
==628045== HEAP SUMMARY:
==628045==     in use at exit: 4,642 bytes in 13 blocks
==628045==   total heap usage: 51 allocs, 38 frees, 36,018 bytes allocated
==628045== 
==628045== 6 bytes in 2 blocks are indirectly lost in loss record 1 of 10
==628045==    at 0x48BD858: malloc (vg_replace_malloc.c:447)
==628045==    by 0x40387DD: wsnode_quoteremoval (wordsplit.c:651)
==628045==    by 0x4039CFD: wordsplit_process_list (wordsplit.c:2390)
==628045==    by 0x403A562: wordsplit_run.constprop.0 (wordsplit.c:2434)
==628045==    by 0x400BFFA: parse_default_options (tar.c:2256)
==628045==    by 0x400BFFA: decode_options (tar.c:2378)
==628045==    by 0x400BFFA: main (tar.c:2792)
==628045== 
==628045== 6 bytes in 2 blocks are definitely lost in loss record 2 of 10
==628045==    at 0x48BD858: malloc (vg_replace_malloc.c:447)
==628045==    by 0x403A1FB: wordsplit_finish (wordsplit.c:836)
==628045==    by 0x400BFFA: parse_default_options (tar.c:2256)
==628045==    by 0x400BFFA: decode_options (tar.c:2378)
==628045==    by 0x400BFFA: main (tar.c:2792)
==628045== 
==628045== 16 bytes in 1 blocks are still reachable in loss record 3 of 10
==628045==    at 0x48C4E43: calloc (vg_replace_malloc.c:1678)
==628045==    by 0x40516F1: xcalloc (xmalloc.c:298)
==628045==    by 0x40516F1: xzalloc (xmalloc.c:283)
==628045==    by 0x400BEF9: decode_options (tar.c:2297)
==628045==    by 0x400BEF9: main (tar.c:2792)
==628045== 
==628045== 32 bytes in 1 blocks are still reachable in loss record 4 of 10
==628045==    at 0x48BD858: malloc (vg_replace_malloc.c:447)
==628045==    by 0x40512CC: xmalloc (xmalloc.c:45)
==628045==    by 0x401407E: file_count_links (create.c:1522)
==628045==    by 0x401407E: file_count_links (create.c:1508)
==628045==    by 0x4016A58: dump_file0 (create.c:1779)
==628045==    by 0x4017589: dump_file (create.c:1968)
==628045==    by 0x4017589: create_archive (create.c:1412)
==628045==    by 0x400CD90: main (tar.c:2818)
==628045== 
==628045== 80 bytes in 1 blocks are still reachable in loss record 5 of 10
==628045==    at 0x48BD858: malloc (vg_replace_malloc.c:447)
==628045==    by 0x40512CC: xmalloc (xmalloc.c:45)
==628045==    by 0x400BE43: main (tar.c:2781)
==628045== 
==628045== 80 bytes in 1 blocks are still reachable in loss record 6 of 10
==628045==    at 0x48BD858: malloc (vg_replace_malloc.c:447)
==628045==    by 0x4047846: hash_initialize (hash.c:523)
==628045==    by 0x401411B: file_count_links (create.c:1530)
==628045==    by 0x401411B: file_count_links (create.c:1508)
==628045==    by 0x4016A58: dump_file0 (create.c:1779)
==628045==    by 0x4017589: dump_file (create.c:1968)
==628045==    by 0x4017589: create_archive (create.c:1412)
==628045==    by 0x400CD90: main (tar.c:2818)
==628045== 
==628045== 86 (80 direct, 6 indirect) bytes in 2 blocks are definitely lost in loss record 7 of 10
==628045==    at 0x48C4E43: calloc (vg_replace_malloc.c:1678)
==628045==    by 0x403959D: wsnode_new (wordsplit.c:422)
==628045==    by 0x403959D: wordsplit_add_segm (wordsplit.c:523)
==628045==    by 0x4039854: scan_word (wordsplit.c:2062)
==628045==    by 0x4039C7C: wordsplit_process_list (wordsplit.c:2358)
==628045==    by 0x403A562: wordsplit_run.constprop.0 (wordsplit.c:2434)
==628045==    by 0x400BFFA: parse_default_options (tar.c:2256)
==628045==    by 0x400BFFA: decode_options (tar.c:2378)
==628045==    by 0x400BFFA: main (tar.c:2792)
==628045== 
==628045== 102 bytes in 1 blocks are still reachable in loss record 8 of 10
==628045==    at 0x48BD858: malloc (vg_replace_malloc.c:447)
==628045==    by 0x40512CC: xmalloc (xmalloc.c:45)
==628045==    by 0x4029881: name_init (names.c:869)
==628045==    by 0x400C94C: main (tar.c:2794)
==628045== 
==628045== 176 bytes in 1 blocks are still reachable in loss record 9 of 10
==628045==    at 0x48C4E43: calloc (vg_replace_malloc.c:1678)
==628045==    by 0x404789C: hash_initialize (hash.c:544)
==628045==    by 0x401411B: file_count_links (create.c:1530)
==628045==    by 0x401411B: file_count_links (create.c:1508)
==628045==    by 0x4016A58: dump_file0 (create.c:1779)
==628045==    by 0x4017589: dump_file (create.c:1968)
==628045==    by 0x4017589: create_archive (create.c:1412)
==628045==    by 0x400CD90: main (tar.c:2818)
==628045== 
==628045== 4,064 bytes in 1 blocks are still reachable in loss record 10 of 10
==628045==    at 0x48BD858: malloc (vg_replace_malloc.c:447)
==628045==    by 0x40512CC: xmalloc (xmalloc.c:45)
==628045==    by 0x404A07D: call_chunkfun (obstack.c:88)
==628045==    by 0x404A07D: _obstack_begin_worker.isra.0 (obstack.c:135)
==628045==    by 0x404A0A8: _obstack_begin (obstack.c:157)
==628045==    by 0x4032C57: _transform_name_to_obstack (transform.c:592)
==628045==    by 0x4032C57: transform_name_fp (transform.c:614)
==628045==    by 0x4016444: dump_file0 (create.c:1657)
==628045==    by 0x4017589: dump_file (create.c:1968)
==628045==    by 0x4017589: create_archive (create.c:1412)
==628045==    by 0x400CD90: main (tar.c:2818)
==628045== 
==628045== LEAK SUMMARY:
==628045==    definitely lost: 86 bytes in 4 blocks
==628045==    indirectly lost: 6 bytes in 2 blocks
==628045==      possibly lost: 0 bytes in 0 blocks
==628045==    still reachable: 4,550 bytes in 7 blocks
==628045==         suppressed: 0 bytes in 0 blocks
==628045== 
==628045== For lists of detected and suppressed errors, rerun with: -s
==628045== ERROR SUMMARY: 2 errors from 2 contexts (suppressed: 0 from 0)
