==628362== Memcheck, a memory error detector
==628362== Copyright (C) 2002-2024, and GNU GPL'd, by Julian Seward et al.
==628362== Using Valgrind-3.26.0 and LibVEX; rerun with -h for copyright info
==628362== Command: tar tfv archive.2
==628362== Parent PID: 628209
==628362== 
==628362== 
==628362== FILE DESCRIPTORS: 1 open (1 inherited) at exit.
==628362== 
==628362== HEAP SUMMARY:
==628362==     in use at exit: 4,427 bytes in 16 blocks
==628362==   total heap usage: 81 allocs, 65 frees, 61,012 bytes allocated
==628362== 
==628362== 5 bytes in 1 blocks are still reachable in loss record 1 of 11
==628362==    at 0x48BD858: malloc (vg_replace_malloc.c:447)
==628362==    by 0x405185D: xmalloc (xmalloc.c:45)
==628362==    by 0x405185D: xmemdup (xmalloc.c:314)
==628362==    by 0x405185D: xstrdup (xmalloc.c:339)
==628362==    by 0x402644F: assign_string (misc.c:58)
==628362==    by 0x402973C: uname_to_uid (names.c:550)
==628362==    by 0x402457F: decode_header (list.c:694)
==628362==    by 0x4025616: read_and (list.c:194)
==628362==    by 0x400CD4B: main (tar.c:2832)
==628362== 
==628362== 5 bytes in 1 blocks are still reachable in loss record 2 of 11
==628362==    at 0x48BD858: malloc (vg_replace_malloc.c:447)
==628362==    by 0x405185D: xmalloc (xmalloc.c:45)
==628362==    by 0x405185D: xmemdup (xmalloc.c:314)
==628362==    by 0x405185D: xstrdup (xmalloc.c:339)
==628362==    by 0x402644F: assign_string (misc.c:58)
==628362==    by 0x40297DC: gname_to_gid (names.c:580)
==628362==    by 0x402455F: decode_header (list.c:699)
==628362==    by 0x4025616: read_and (list.c:194)
==628362==    by 0x400CD4B: main (tar.c:2832)
==628362== 
==628362== 9 bytes in 2 blocks are indirectly lost in loss record 3 of 11
==628362==    at 0x48BD858: malloc (vg_replace_malloc.c:447)
==628362==    by 0x40387DD: wsnode_quoteremoval (wordsplit.c:651)
==628362==    by 0x4039CFD: wordsplit_process_list (wordsplit.c:2390)
==628362==    by 0x403A562: wordsplit_run.constprop.0 (wordsplit.c:2434)
==628362==    by 0x400BFFA: parse_default_options (tar.c:2256)
==628362==    by 0x400BFFA: decode_options (tar.c:2378)
==628362==    by 0x400BFFA: main (tar.c:2792)
==628362== 
==628362== 9 bytes in 3 blocks are indirectly lost in loss record 4 of 11
==628362==    at 0x48BD858: malloc (vg_replace_malloc.c:447)
==628362==    by 0x405185D: xmalloc (xmalloc.c:45)
==628362==    by 0x405185D: xmemdup (xmalloc.c:314)
==628362==    by 0x405185D: xstrdup (xmalloc.c:339)
==628362==    by 0x400C4F1: decode_options (tar.c:2353)
==628362==    by 0x400C4F1: main (tar.c:2792)
==628362== 
==628362== 9 bytes in 2 blocks are definitely lost in loss record 5 of 11
==628362==    at 0x48BD858: malloc (vg_replace_malloc.c:447)
==628362==    by 0x403A1FB: wordsplit_finish (wordsplit.c:836)
==628362==    by 0x400BFFA: parse_default_options (tar.c:2256)
==628362==    by 0x400BFFA: decode_options (tar.c:2378)
==628362==    by 0x400BFFA: main (tar.c:2792)
==628362== 
==628362== 16 bytes in 1 blocks are still reachable in loss record 6 of 11
==628362==    at 0x48C4E43: calloc (vg_replace_malloc.c:1678)
==628362==    by 0x40516F1: xcalloc (xmalloc.c:298)
==628362==    by 0x40516F1: xzalloc (xmalloc.c:283)
==628362==    by 0x400BEF9: decode_options (tar.c:2297)
==628362==    by 0x400BEF9: main (tar.c:2792)
==628362== 
==628362== 57 (48 direct, 9 indirect) bytes in 1 blocks are definitely lost in loss record 7 of 11
==628362==    at 0x48BD858: malloc (vg_replace_malloc.c:447)
==628362==    by 0x40512CC: xmalloc (xmalloc.c:45)
==628362==    by 0x400C46E: decode_options (tar.c:2340)
==628362==    by 0x400C46E: main (tar.c:2792)
==628362== 
==628362== 80 bytes in 1 blocks are still reachable in loss record 8 of 11
==628362==    at 0x48BD858: malloc (vg_replace_malloc.c:447)
==628362==    by 0x40512CC: xmalloc (xmalloc.c:45)
==628362==    by 0x400BE43: main (tar.c:2781)
==628362== 
==628362== 89 (80 direct, 9 indirect) bytes in 2 blocks are definitely lost in loss record 9 of 11
==628362==    at 0x48C4E43: calloc (vg_replace_malloc.c:1678)
==628362==    by 0x403959D: wsnode_new (wordsplit.c:422)
==628362==    by 0x403959D: wordsplit_add_segm (wordsplit.c:523)
==628362==    by 0x4039854: scan_word (wordsplit.c:2062)
==628362==    by 0x4039C7C: wordsplit_process_list (wordsplit.c:2358)
==628362==    by 0x403A562: wordsplit_run.constprop.0 (wordsplit.c:2434)
==628362==    by 0x400BFFA: parse_default_options (tar.c:2256)
==628362==    by 0x400BFFA: decode_options (tar.c:2378)
==628362==    by 0x400BFFA: main (tar.c:2792)
==628362== 
==628362== 102 bytes in 1 blocks are still reachable in loss record 10 of 11
==628362==    at 0x48BD858: malloc (vg_replace_malloc.c:447)
==628362==    by 0x40512CC: xmalloc (xmalloc.c:45)
==628362==    by 0x4029881: name_init (names.c:869)
==628362==    by 0x400C94C: main (tar.c:2794)
==628362== 
==628362== 4,064 bytes in 1 blocks are still reachable in loss record 11 of 11
==628362==    at 0x48BD858: malloc (vg_replace_malloc.c:447)
==628362==    by 0x40512CC: xmalloc (xmalloc.c:45)
==628362==    by 0x404A07D: call_chunkfun (obstack.c:88)
==628362==    by 0x404A07D: _obstack_begin_worker.isra.0 (obstack.c:135)
==628362==    by 0x404A0A8: _obstack_begin (obstack.c:157)
==628362==    by 0x4032C57: _transform_name_to_obstack (transform.c:592)
==628362==    by 0x4032C57: transform_name_fp (transform.c:614)
==628362==    by 0x4023670: transform_member_name (list.c:114)
==628362==    by 0x4023670: transform_stat_info.part.0 (list.c:150)
==628362==    by 0x4025850: transform_stat_info (list.c:227)
==628362==    by 0x4025850: read_and (list.c:227)
==628362==    by 0x400CD4B: main (tar.c:2832)
==628362== 
==628362== LEAK SUMMARY:
==628362==    definitely lost: 137 bytes in 5 blocks
==628362==    indirectly lost: 18 bytes in 5 blocks
==628362==      possibly lost: 0 bytes in 0 blocks
==628362==    still reachable: 4,272 bytes in 6 blocks
==628362==         suppressed: 0 bytes in 0 blocks
==628362== 
==628362== For lists of detected and suppressed errors, rerun with: -s
==628362== ERROR SUMMARY: 3 errors from 3 contexts (suppressed: 0 from 0)
