==628687== Memcheck, a memory error detector
==628687== Copyright (C) 2002-2024, and GNU GPL'd, by Julian Seward et al.
==628687== Using Valgrind-3.26.0 and LibVEX; rerun with -h for copyright info
==628687== Command: tar -c -f archive.2 -l --remove-files file1 file2 file3
==628687== Parent PID: 628442
==628687== 
==628687== 
==628687== FILE DESCRIPTORS: 1 open (1 inherited) at exit.
==628687== 
==628687== HEAP SUMMARY:
==628687==     in use at exit: 4,654 bytes in 15 blocks
==628687==   total heap usage: 86 allocs, 71 frees, 57,022 bytes allocated
==628687== 
==628687== 5 bytes in 1 blocks are still reachable in loss record 1 of 12
==628687==    at 0x48BD858: malloc (vg_replace_malloc.c:447)
==628687==    by 0x405185D: xmalloc (xmalloc.c:45)
==628687==    by 0x405185D: xmemdup (xmalloc.c:314)
==628687==    by 0x405185D: xstrdup (xmalloc.c:339)
==628687==    by 0x402644F: assign_string (misc.c:58)
==628687==    by 0x4029612: uid_to_uname (names.c:490)
==628687==    by 0x40155F3: start_header (create.c:931)
==628687==    by 0x4015798: dump_regular_file (create.c:1050)
==628687==    by 0x40165E2: dump_file0 (create.c:1773)
==628687==    by 0x4017589: dump_file (create.c:1968)
==628687==    by 0x4017589: create_archive (create.c:1412)
==628687==    by 0x400CD90: main (tar.c:2818)
==628687== 
==628687== 5 bytes in 1 blocks are still reachable in loss record 2 of 12
==628687==    at 0x48BD858: malloc (vg_replace_malloc.c:447)
==628687==    by 0x405185D: xmalloc (xmalloc.c:45)
==628687==    by 0x405185D: xmemdup (xmalloc.c:314)
==628687==    by 0x405185D: xstrdup (xmalloc.c:339)
==628687==    by 0x402644F: assign_string (misc.c:58)
==628687==    by 0x40296A2: gid_to_gname (names.c:520)
==628687==    by 0x40155DB: start_header (create.c:936)
==628687==    by 0x4015798: dump_regular_file (create.c:1050)
==628687==    by 0x40165E2: dump_file0 (create.c:1773)
==628687==    by 0x4017589: dump_file (create.c:1968)
==628687==    by 0x4017589: create_archive (create.c:1412)
==628687==    by 0x400CD90: main (tar.c:2818)
==628687== 
==628687== 7 bytes in 2 blocks are indirectly lost in loss record 3 of 12
==628687==    at 0x48BD858: malloc (vg_replace_malloc.c:447)
==628687==    by 0x40387DD: wsnode_quoteremoval (wordsplit.c:651)
==628687==    by 0x4039CFD: wordsplit_process_list (wordsplit.c:2390)
==628687==    by 0x403A562: wordsplit_run.constprop.0 (wordsplit.c:2434)
==628687==    by 0x400BFFA: parse_default_options (tar.c:2256)
==628687==    by 0x400BFFA: decode_options (tar.c:2378)
==628687==    by 0x400BFFA: main (tar.c:2792)
==628687== 
==628687== 7 bytes in 2 blocks are definitely lost in loss record 4 of 12
==628687==    at 0x48BD858: malloc (vg_replace_malloc.c:447)
==628687==    by 0x403A1FB: wordsplit_finish (wordsplit.c:836)
==628687==    by 0x400BFFA: parse_default_options (tar.c:2256)
==628687==    by 0x400BFFA: decode_options (tar.c:2378)
==628687==    by 0x400BFFA: main (tar.c:2792)
==628687== 
==628687== 16 bytes in 1 blocks are still reachable in loss record 5 of 12
==628687==    at 0x48C4E43: calloc (vg_replace_malloc.c:1678)
==628687==    by 0x40516F1: xcalloc (xmalloc.c:298)
==628687==    by 0x40516F1: xzalloc (xmalloc.c:283)
==628687==    by 0x400BEF9: decode_options (tar.c:2297)
==628687==    by 0x400BEF9: main (tar.c:2792)
==628687== 
==628687== 32 bytes in 1 blocks are still reachable in loss record 6 of 12
==628687==    at 0x48BD858: malloc (vg_replace_malloc.c:447)
==628687==    by 0x40512CC: xmalloc (xmalloc.c:45)
==628687==    by 0x401407E: file_count_links (create.c:1522)
==628687==    by 0x401407E: file_count_links (create.c:1508)
==628687==    by 0x4016A58: dump_file0 (create.c:1779)
==628687==    by 0x4017589: dump_file (create.c:1968)
==628687==    by 0x4017589: create_archive (create.c:1412)
==628687==    by 0x400CD90: main (tar.c:2818)
==628687== 
==628687== 80 bytes in 1 blocks are still reachable in loss record 7 of 12
==628687==    at 0x48BD858: malloc (vg_replace_malloc.c:447)
==628687==    by 0x40512CC: xmalloc (xmalloc.c:45)
==628687==    by 0x400BE43: main (tar.c:2781)
==628687== 
==628687== 80 bytes in 1 blocks are still reachable in loss record 8 of 12
==628687==    at 0x48BD858: malloc (vg_replace_malloc.c:447)
==628687==    by 0x4047846: hash_initialize (hash.c:523)
==628687==    by 0x401411B: file_count_links (create.c:1530)
==628687==    by 0x401411B: file_count_links (create.c:1508)
==628687==    by 0x4016A58: dump_file0 (create.c:1779)
==628687==    by 0x4017589: dump_file (create.c:1968)
==628687==    by 0x4017589: create_archive (create.c:1412)
==628687==    by 0x400CD90: main (tar.c:2818)
==628687== 
==628687== 87 (80 direct, 7 indirect) bytes in 2 blocks are definitely lost in loss record 9 of 12
==628687==    at 0x48C4E43: calloc (vg_replace_malloc.c:1678)
==628687==    by 0x403959D: wsnode_new (wordsplit.c:422)
==628687==    by 0x403959D: wordsplit_add_segm (wordsplit.c:523)
==628687==    by 0x4039854: scan_word (wordsplit.c:2062)
==628687==    by 0x4039C7C: wordsplit_process_list (wordsplit.c:2358)
==628687==    by 0x403A562: wordsplit_run.constprop.0 (wordsplit.c:2434)
==628687==    by 0x400BFFA: parse_default_options (tar.c:2256)
==628687==    by 0x400BFFA: decode_options (tar.c:2378)
==628687==    by 0x400BFFA: main (tar.c:2792)
==628687== 
==628687== 102 bytes in 1 blocks are still reachable in loss record 10 of 12
==628687==    at 0x48BD858: malloc (vg_replace_malloc.c:447)
==628687==    by 0x40512CC: xmalloc (xmalloc.c:45)
==628687==    by 0x4029881: name_init (names.c:869)
==628687==    by 0x400C94C: main (tar.c:2794)
==628687== 
==628687== 176 bytes in 1 blocks are still reachable in loss record 11 of 12
==628687==    at 0x48C4E43: calloc (vg_replace_malloc.c:1678)
==628687==    by 0x404789C: hash_initialize (hash.c:544)
==628687==    by 0x401411B: file_count_links (create.c:1530)
==628687==    by 0x401411B: file_count_links (create.c:1508)
==628687==    by 0x4016A58: dump_file0 (create.c:1779)
==628687==    by 0x4017589: dump_file (create.c:1968)
==628687==    by 0x4017589: create_archive (create.c:1412)
==628687==    by 0x400CD90: main (tar.c:2818)
==628687== 
==628687== 4,064 bytes in 1 blocks are still reachable in loss record 12 of 12
==628687==    at 0x48BD858: malloc (vg_replace_malloc.c:447)
==628687==    by 0x40512CC: xmalloc (xmalloc.c:45)
==628687==    by 0x404A07D: call_chunkfun (obstack.c:88)
==628687==    by 0x404A07D: _obstack_begin_worker.isra.0 (obstack.c:135)
==628687==    by 0x404A0A8: _obstack_begin (obstack.c:157)
==628687==    by 0x4032C57: _transform_name_to_obstack (transform.c:592)
==628687==    by 0x4032C57: transform_name_fp (transform.c:614)
==628687==    by 0x4016444: dump_file0 (create.c:1657)
==628687==    by 0x4017589: dump_file (create.c:1968)
==628687==    by 0x4017589: create_archive (create.c:1412)
==628687==    by 0x400CD90: main (tar.c:2818)
==628687== 
==628687== LEAK SUMMARY:
==628687==    definitely lost: 87 bytes in 4 blocks
==628687==    indirectly lost: 7 bytes in 2 blocks
==628687==      possibly lost: 0 bytes in 0 blocks
==628687==    still reachable: 4,560 bytes in 9 blocks
==628687==         suppressed: 0 bytes in 0 blocks
==628687== 
==628687== For lists of detected and suppressed errors, rerun with: -s
==628687== ERROR SUMMARY: 2 errors from 2 contexts (suppressed: 0 from 0)
