==647244== Memcheck, a memory error detector
==647244== Copyright (C) 2002-2024, and GNU GPL'd, by Julian Seward et al.
==647244== Using Valgrind-3.26.0 and LibVEX; rerun with -h for copyright info
==647244== Command: /tmp/rboxc-tar-behavior-8h5w4ts8/exec/tar --help
==647244== Parent PID: 635373
==647244== 
==647244== 
==647244== FILE DESCRIPTORS: 3 open (2 inherited) at exit.
==647244== Open file descriptor 0: /dev/full
==647244==    at 0x4A1A9E6: open (open64.c:41)
==647244==    by 0x4050574: open (fcntl2.h:55)
==647244==    by 0x4050574: stdopen (stdopen.c:51)
==647244==    by 0x400BE26: main (tar.c:2773)
==647244== 
==647244== 
==647244== HEAP SUMMARY:
==647244==     in use at exit: 7,867 bytes in 4 blocks
==647244==   total heap usage: 549 allocs, 545 frees, 69,623 bytes allocated
==647244== 
==647244== 16 bytes in 1 blocks are still reachable in loss record 1 of 4
==647244==    at 0x48C4E43: calloc (vg_replace_malloc.c:1678)
==647244==    by 0x40516F1: xcalloc (xmalloc.c:298)
==647244==    by 0x40516F1: xzalloc (xmalloc.c:283)
==647244==    by 0x400BEF9: decode_options (tar.c:2297)
==647244==    by 0x400BEF9: main (tar.c:2792)
==647244== 
==647244== 80 bytes in 1 blocks are still reachable in loss record 2 of 4
==647244==    at 0x48BD858: malloc (vg_replace_malloc.c:447)
==647244==    by 0x40512CC: xmalloc (xmalloc.c:45)
==647244==    by 0x400BE43: main (tar.c:2781)
==647244== 
==647244== 100 bytes in 1 blocks are definitely lost in loss record 3 of 4
==647244==    at 0x48BD858: malloc (vg_replace_malloc.c:447)
==647244==    by 0x4989B8E: __vasprintf_internal (vasprintf.c:116)
==647244==    by 0x405204E: vasprintf (stdio2.h:275)
==647244==    by 0x405204E: xvasprintf (xvasprintf.c:102)
==647244==    by 0x402EFEF: easprintf (tar.c:855)
==647244==    by 0x402F69E: format_default_settings (tar.c:867)
==647244==    by 0x402F69E: tar_help_filter (tar.c:1192)
==647244==    by 0x403EFDB: argp_doc (argp-help.c:1646)
==647244==    by 0x403F086: argp_doc (argp-help.c:1663)
==647244==    by 0x403FF2B: _help (argp-help.c:1793)
==647244==    by 0x4040E05: argp_state_help (argp-help.c:1855)
==647244==    by 0x4040E05: argp_state_help (argp-help.c:1848)
==647244==    by 0x40410EA: argp_default_parser (argp-parse.c:95)
==647244==    by 0x40421C3: group_parse (argp-parse.c:233)
==647244==    by 0x40421C3: parser_parse_opt (argp-parse.c:748)
==647244==    by 0x40421C3: parser_parse_next (argp-parse.c:859)
==647244==    by 0x40421C3: argp_parse (argp-parse.c:927)
==647244==    by 0x400C045: decode_options (tar.c:2380)
==647244==    by 0x400C045: main (tar.c:2792)
==647244== 
==647244== 7,671 bytes in 1 blocks are still reachable in loss record 4 of 4
==647244==    at 0x48BD858: malloc (vg_replace_malloc.c:447)
==647244==    by 0x4041854: parser_init (argp-parse.c:495)
==647244==    by 0x4041854: argp_parse (argp-parse.c:921)
==647244==    by 0x400C045: decode_options (tar.c:2380)
==647244==    by 0x400C045: main (tar.c:2792)
==647244== 
==647244== LEAK SUMMARY:
==647244==    definitely lost: 100 bytes in 1 blocks
==647244==    indirectly lost: 0 bytes in 0 blocks
==647244==      possibly lost: 0 bytes in 0 blocks
==647244==    still reachable: 7,767 bytes in 3 blocks
==647244==         suppressed: 0 bytes in 0 blocks
==647244== 
==647244== For lists of detected and suppressed errors, rerun with: -s
==647244== ERROR SUMMARY: 2 errors from 2 contexts (suppressed: 0 from 0)
