==714710== Memcheck, a memory error detector
==714710== Copyright (C) 2002-2024, and GNU GPL'd, by Julian Seward et al.
==714710== Using Valgrind-3.26.0 and LibVEX; rerun with -h for copyright info
==714710== Command: tar --version
==714710== Parent PID: 714383
==714710== 
==714710== 
==714710== FILE DESCRIPTORS: 4 open (4 inherited) at exit.
==714710== 
==714710== HEAP SUMMARY:
==714710==     in use at exit: 7,767 bytes in 3 blocks
==714710==   total heap usage: 15 allocs, 12 frees, 12,021 bytes allocated
==714710== 
==714710== 16 bytes in 1 blocks are still reachable in loss record 1 of 3
==714710==    at 0x48C4E43: calloc (vg_replace_malloc.c:1678)
==714710==    by 0x40516F1: xcalloc (xmalloc.c:298)
==714710==    by 0x40516F1: xzalloc (xmalloc.c:283)
==714710==    by 0x400BEF9: decode_options (tar.c:2297)
==714710==    by 0x400BEF9: main (tar.c:2792)
==714710== 
==714710== 80 bytes in 1 blocks are still reachable in loss record 2 of 3
==714710==    at 0x48BD858: malloc (vg_replace_malloc.c:447)
==714710==    by 0x40512CC: xmalloc (xmalloc.c:45)
==714710==    by 0x400BE43: main (tar.c:2781)
==714710== 
==714710== 7,671 bytes in 1 blocks are still reachable in loss record 3 of 3
==714710==    at 0x48BD858: malloc (vg_replace_malloc.c:447)
==714710==    by 0x4041854: parser_init (argp-parse.c:495)
==714710==    by 0x4041854: argp_parse (argp-parse.c:921)
==714710==    by 0x400C045: decode_options (tar.c:2380)
==714710==    by 0x400C045: main (tar.c:2792)
==714710== 
==714710== LEAK SUMMARY:
==714710==    definitely lost: 0 bytes in 0 blocks
==714710==    indirectly lost: 0 bytes in 0 blocks
==714710==      possibly lost: 0 bytes in 0 blocks
==714710==    still reachable: 7,767 bytes in 3 blocks
==714710==         suppressed: 0 bytes in 0 blocks
==714710== 
==714710== For lists of detected and suppressed errors, rerun with: -s
==714710== ERROR SUMMARY: 0 errors from 0 contexts (suppressed: 0 from 0)
