==714781== Memcheck, a memory error detector
==714781== Copyright (C) 2002-2024, and GNU GPL'd, by Julian Seward et al.
==714781== Using Valgrind-3.26.0 and LibVEX; rerun with -h for copyright info
==714781== Command: tar --utc -tvf /tmp/rboxc-tar-original-agghldl7/download/gtarfail.tar
==714781== Parent PID: 714778
==714781== 
==714781== 
==714781== FILE DESCRIPTORS: 1 open (1 inherited) at exit.
==714781== 
==714781== HEAP SUMMARY:
==714781==     in use at exit: 4,272 bytes in 6 blocks
==714781==   total heap usage: 78 allocs, 72 frees, 51,608 bytes allocated
==714781== 
==714781== 4 bytes in 1 blocks are still reachable in loss record 1 of 6
==714781==    at 0x48BD858: malloc (vg_replace_malloc.c:447)
==714781==    by 0x405185D: xmalloc (xmalloc.c:45)
==714781==    by 0x405185D: xmemdup (xmalloc.c:314)
==714781==    by 0x405185D: xstrdup (xmalloc.c:339)
==714781==    by 0x402644F: assign_string (misc.c:58)
==714781==    by 0x4029766: uname_to_uid (names.c:554)
==714781==    by 0x402457F: decode_header (list.c:694)
==714781==    by 0x4025616: read_and (list.c:194)
==714781==    by 0x400CD4B: main (tar.c:2832)
==714781== 
==714781== 6 bytes in 1 blocks are still reachable in loss record 2 of 6
==714781==    at 0x48BD858: malloc (vg_replace_malloc.c:447)
==714781==    by 0x405185D: xmalloc (xmalloc.c:45)
==714781==    by 0x405185D: xmemdup (xmalloc.c:314)
==714781==    by 0x405185D: xstrdup (xmalloc.c:339)
==714781==    by 0x402644F: assign_string (misc.c:58)
==714781==    by 0x4029806: gname_to_gid (names.c:584)
==714781==    by 0x402455F: decode_header (list.c:699)
==714781==    by 0x4025616: read_and (list.c:194)
==714781==    by 0x400CD4B: main (tar.c:2832)
==714781== 
==714781== 16 bytes in 1 blocks are still reachable in loss record 3 of 6
==714781==    at 0x48C4E43: calloc (vg_replace_malloc.c:1678)
==714781==    by 0x40516F1: xcalloc (xmalloc.c:298)
==714781==    by 0x40516F1: xzalloc (xmalloc.c:283)
==714781==    by 0x400BEF9: decode_options (tar.c:2297)
==714781==    by 0x400BEF9: main (tar.c:2792)
==714781== 
==714781== 80 bytes in 1 blocks are still reachable in loss record 4 of 6
==714781==    at 0x48BD858: malloc (vg_replace_malloc.c:447)
==714781==    by 0x40512CC: xmalloc (xmalloc.c:45)
==714781==    by 0x400BE43: main (tar.c:2781)
==714781== 
==714781== 102 bytes in 1 blocks are still reachable in loss record 5 of 6
==714781==    at 0x48BD858: malloc (vg_replace_malloc.c:447)
==714781==    by 0x40512CC: xmalloc (xmalloc.c:45)
==714781==    by 0x4029881: name_init (names.c:869)
==714781==    by 0x400C94C: main (tar.c:2794)
==714781== 
==714781== 4,064 bytes in 1 blocks are still reachable in loss record 6 of 6
==714781==    at 0x48BD858: malloc (vg_replace_malloc.c:447)
==714781==    by 0x40512CC: xmalloc (xmalloc.c:45)
==714781==    by 0x404A07D: call_chunkfun (obstack.c:88)
==714781==    by 0x404A07D: _obstack_begin_worker.isra.0 (obstack.c:135)
==714781==    by 0x404A0A8: _obstack_begin (obstack.c:157)
==714781==    by 0x4032C57: _transform_name_to_obstack (transform.c:592)
==714781==    by 0x4032C57: transform_name_fp (transform.c:614)
==714781==    by 0x4023670: transform_member_name (list.c:114)
==714781==    by 0x4023670: transform_stat_info.part.0 (list.c:150)
==714781==    by 0x4025850: transform_stat_info (list.c:227)
==714781==    by 0x4025850: read_and (list.c:227)
==714781==    by 0x400CD4B: main (tar.c:2832)
==714781== 
==714781== LEAK SUMMARY:
==714781==    definitely lost: 0 bytes in 0 blocks
==714781==    indirectly lost: 0 bytes in 0 blocks
==714781==      possibly lost: 0 bytes in 0 blocks
==714781==    still reachable: 4,272 bytes in 6 blocks
==714781==         suppressed: 0 bytes in 0 blocks
==714781== 
==714781== For lists of detected and suppressed errors, rerun with: -s
==714781== ERROR SUMMARY: 0 errors from 0 contexts (suppressed: 0 from 0)
