==712776== Memcheck, a memory error detector
==712776== Copyright (C) 2002-2024, and GNU GPL'd, by Julian Seward et al.
==712776== Using Valgrind-3.26.0 and LibVEX; rerun with -h for copyright info
==712776== Command: tar -f - -c --sparse --posix BIGFILE
==712776== Parent PID: 712772
==712776== 
==712776== 
==712776== FILE DESCRIPTORS: 1 open (1 inherited) at exit.
==712776== 
==712776== HEAP SUMMARY:
==712776==     in use at exit: 37,505 bytes in 11 blocks
==712776==   total heap usage: 87 allocs, 76 frees, 152,603 bytes allocated
==712776== 
==712776== 5 bytes in 1 blocks are still reachable in loss record 1 of 11
==712776==    at 0x586E858: malloc (vg_replace_malloc.c:447)
==712776==    by 0x469E7ED: rboxc_tar_xstrdup (in /root/rboxc/target/tar-child-input-candidate/release/rboxc)
==712776==    by 0x467004F: rboxc_tar_assign_string (in /root/rboxc/target/tar-child-input-candidate/release/rboxc)
==712776==    by 0x4673332: rboxc_tar_uid_to_uname (in /root/rboxc/target/tar-child-input-candidate/release/rboxc)
==712776==    by 0x4662553: rboxc_tar_start_header (in /root/rboxc/target/tar-child-input-candidate/release/rboxc)
==712776==    by 0x4675A12: pax_dump_header (in /root/rboxc/target/tar-child-input-candidate/release/rboxc)
==712776==    by 0x467674F: rboxc_tar_sparse_dump_file (in /root/rboxc/target/tar-child-input-candidate/release/rboxc)
==712776==    by 0x4663D83: dump_file0 (in /root/rboxc/target/tar-child-input-candidate/release/rboxc)
==712776==    by 0x46644E9: rboxc_tar_create_archive (in /root/rboxc/target/tar-child-input-candidate/release/rboxc)
==712776==    by 0x440EEF8: single_binary_main_tar (in /root/rboxc/target/tar-child-input-candidate/release/rboxc)
==712776==    by 0x5A18600: (below main) (libc_start_call_main.h:59)
==712776== 
==712776== 5 bytes in 1 blocks are still reachable in loss record 2 of 11
==712776==    at 0x586E858: malloc (vg_replace_malloc.c:447)
==712776==    by 0x469E7ED: rboxc_tar_xstrdup (in /root/rboxc/target/tar-child-input-candidate/release/rboxc)
==712776==    by 0x467004F: rboxc_tar_assign_string (in /root/rboxc/target/tar-child-input-candidate/release/rboxc)
==712776==    by 0x46733C2: rboxc_tar_gid_to_gname (in /root/rboxc/target/tar-child-input-candidate/release/rboxc)
==712776==    by 0x466253B: rboxc_tar_start_header (in /root/rboxc/target/tar-child-input-candidate/release/rboxc)
==712776==    by 0x4675A12: pax_dump_header (in /root/rboxc/target/tar-child-input-candidate/release/rboxc)
==712776==    by 0x467674F: rboxc_tar_sparse_dump_file (in /root/rboxc/target/tar-child-input-candidate/release/rboxc)
==712776==    by 0x4663D83: dump_file0 (in /root/rboxc/target/tar-child-input-candidate/release/rboxc)
==712776==    by 0x46644E9: rboxc_tar_create_archive (in /root/rboxc/target/tar-child-input-candidate/release/rboxc)
==712776==    by 0x440EEF8: single_binary_main_tar (in /root/rboxc/target/tar-child-input-candidate/release/rboxc)
==712776==    by 0x5A18600: (below main) (libc_start_call_main.h:59)
==712776== 
==712776== 16 bytes in 1 blocks are still reachable in loss record 3 of 11
==712776==    at 0x5875E43: calloc (vg_replace_malloc.c:1678)
==712776==    by 0x469E681: rboxc_tar_xzalloc (in /root/rboxc/target/tar-child-input-candidate/release/rboxc)
==712776==    by 0x440DEF5: single_binary_main_tar (in /root/rboxc/target/tar-child-input-candidate/release/rboxc)
==712776==    by 0x5A18600: (below main) (libc_start_call_main.h:59)
==712776== 
==712776== 17 bytes in 1 blocks are still reachable in loss record 4 of 11
==712776==    at 0x586E858: malloc (vg_replace_malloc.c:447)
==712776==    by 0x469E7ED: rboxc_tar_xstrdup (in /root/rboxc/target/tar-child-input-candidate/release/rboxc)
==712776==    by 0x467004F: rboxc_tar_assign_string (in /root/rboxc/target/tar-child-input-candidate/release/rboxc)
==712776==    by 0x467F186: rboxc_tar_xheader_xhdr_name (in /root/rboxc/target/tar-child-input-candidate/release/rboxc)
==712776==    by 0x46611F7: write_extended.part.0 (in /root/rboxc/target/tar-child-input-candidate/release/rboxc)
==712776==    by 0x46617F6: rboxc_tar_finish_header (in /root/rboxc/target/tar-child-input-candidate/release/rboxc)
==712776==    by 0x4675A2A: pax_dump_header (in /root/rboxc/target/tar-child-input-candidate/release/rboxc)
==712776==    by 0x467674F: rboxc_tar_sparse_dump_file (in /root/rboxc/target/tar-child-input-candidate/release/rboxc)
==712776==    by 0x4663D83: dump_file0 (in /root/rboxc/target/tar-child-input-candidate/release/rboxc)
==712776==    by 0x46644E9: rboxc_tar_create_archive (in /root/rboxc/target/tar-child-input-candidate/release/rboxc)
==712776==    by 0x440EEF8: single_binary_main_tar (in /root/rboxc/target/tar-child-input-candidate/release/rboxc)
==712776==    by 0x5A18600: (below main) (libc_start_call_main.h:59)
==712776== 
==712776== 80 bytes in 1 blocks are still reachable in loss record 5 of 11
==712776==    at 0x586E858: malloc (vg_replace_malloc.c:447)
==712776==    by 0x469E25C: rboxc_tar_xmalloc (in /root/rboxc/target/tar-child-input-candidate/release/rboxc)
==712776==    by 0x440DE00: single_binary_main_tar (in /root/rboxc/target/tar-child-input-candidate/release/rboxc)
==712776==    by 0x5A18600: (below main) (libc_start_call_main.h:59)
==712776== 
==712776== 102 bytes in 1 blocks are still reachable in loss record 6 of 11
==712776==    at 0x586E858: malloc (vg_replace_malloc.c:447)
==712776==    by 0x469E25C: rboxc_tar_xmalloc (in /root/rboxc/target/tar-child-input-candidate/release/rboxc)
==712776==    by 0x46735A1: rboxc_tar_name_init (in /root/rboxc/target/tar-child-input-candidate/release/rboxc)
==712776==    by 0x440EE7A: single_binary_main_tar (in /root/rboxc/target/tar-child-input-candidate/release/rboxc)
==712776==    by 0x5A18600: (below main) (libc_start_call_main.h:59)
==712776== 
==712776== 112 bytes in 1 blocks are still reachable in loss record 7 of 11
==712776==    at 0x586E858: malloc (vg_replace_malloc.c:447)
==712776==    by 0x5A18E43: __gconv_open (gconv_open.c:77)
==712776==    by 0x5A189E0: iconv_open (iconv_open.c:39)
==712776==    by 0x467AAAB: rboxc_tar_utf8_convert (in /root/rboxc/target/tar-child-input-candidate/release/rboxc)
==712776==    by 0x467DD0E: code_string (in /root/rboxc/target/tar-child-input-candidate/release/rboxc)
==712776==    by 0x46759AB: pax_dump_header (in /root/rboxc/target/tar-child-input-candidate/release/rboxc)
==712776==    by 0x467674F: rboxc_tar_sparse_dump_file (in /root/rboxc/target/tar-child-input-candidate/release/rboxc)
==712776==    by 0x4663D83: dump_file0 (in /root/rboxc/target/tar-child-input-candidate/release/rboxc)
==712776==    by 0x46644E9: rboxc_tar_create_archive (in /root/rboxc/target/tar-child-input-candidate/release/rboxc)
==712776==    by 0x440EEF8: single_binary_main_tar (in /root/rboxc/target/tar-child-input-candidate/release/rboxc)
==712776==    by 0x5A18600: (below main) (libc_start_call_main.h:59)
==712776== 
==712776== 208 bytes in 1 blocks are still reachable in loss record 8 of 11
==712776==    at 0x586E858: malloc (vg_replace_malloc.c:447)
==712776==    by 0x5A24C6F: __gconv_lookup_cache (gconv_cache.c:361)
==712776==    by 0x5A1A8EE: __gconv_find_transform (gconv_db.c:717)
==712776==    by 0x5A18DE5: __gconv_open (gconv_open.c:73)
==712776==    by 0x5A189E0: iconv_open (iconv_open.c:39)
==712776==    by 0x467AAAB: rboxc_tar_utf8_convert (in /root/rboxc/target/tar-child-input-candidate/release/rboxc)
==712776==    by 0x467DD0E: code_string (in /root/rboxc/target/tar-child-input-candidate/release/rboxc)
==712776==    by 0x46759AB: pax_dump_header (in /root/rboxc/target/tar-child-input-candidate/release/rboxc)
==712776==    by 0x467674F: rboxc_tar_sparse_dump_file (in /root/rboxc/target/tar-child-input-candidate/release/rboxc)
==712776==    by 0x4663D83: dump_file0 (in /root/rboxc/target/tar-child-input-candidate/release/rboxc)
==712776==    by 0x46644E9: rboxc_tar_create_archive (in /root/rboxc/target/tar-child-input-candidate/release/rboxc)
==712776==    by 0x440EEF8: single_binary_main_tar (in /root/rboxc/target/tar-child-input-candidate/release/rboxc)
==712776== 
==712776== 256 bytes in 1 blocks are still reachable in loss record 9 of 11
==712776==    at 0x586E858: malloc (vg_replace_malloc.c:447)
==712776==    by 0x469E25C: rboxc_tar_xmalloc (in /root/rboxc/target/tar-child-input-candidate/release/rboxc)
==712776==    by 0x467DC54: xheader_print_n (in /root/rboxc/target/tar-child-input-candidate/release/rboxc)
==712776==    by 0x467E262: sparse_major_coder (in /root/rboxc/target/tar-child-input-candidate/release/rboxc)
==712776==    by 0x4675987: pax_dump_header (in /root/rboxc/target/tar-child-input-candidate/release/rboxc)
==712776==    by 0x467674F: rboxc_tar_sparse_dump_file (in /root/rboxc/target/tar-child-input-candidate/release/rboxc)
==712776==    by 0x4663D83: dump_file0 (in /root/rboxc/target/tar-child-input-candidate/release/rboxc)
==712776==    by 0x46644E9: rboxc_tar_create_archive (in /root/rboxc/target/tar-child-input-candidate/release/rboxc)
==712776==    by 0x440EEF8: single_binary_main_tar (in /root/rboxc/target/tar-child-input-candidate/release/rboxc)
==712776==    by 0x5A18600: (below main) (libc_start_call_main.h:59)
==712776== 
==712776== 4,064 bytes in 1 blocks are still reachable in loss record 10 of 11
==712776==    at 0x586E858: malloc (vg_replace_malloc.c:447)
==712776==    by 0x469E25C: rboxc_tar_xmalloc (in /root/rboxc/target/tar-child-input-candidate/release/rboxc)
==712776==    by 0x469617D: _obstack_begin_worker.isra.0 (in /root/rboxc/target/tar-child-input-candidate/release/rboxc)
==712776==    by 0x46961A8: rboxc_tar__obstack_begin (in /root/rboxc/target/tar-child-input-candidate/release/rboxc)
==712776==    by 0x4679E77: rboxc_tar_transform_name_fp (in /root/rboxc/target/tar-child-input-candidate/release/rboxc)
==712776==    by 0x46633A4: dump_file0 (in /root/rboxc/target/tar-child-input-candidate/release/rboxc)
==712776==    by 0x46644E9: rboxc_tar_create_archive (in /root/rboxc/target/tar-child-input-candidate/release/rboxc)
==712776==    by 0x440EEF8: single_binary_main_tar (in /root/rboxc/target/tar-child-input-candidate/release/rboxc)
==712776==    by 0x5A18600: (below main) (libc_start_call_main.h:59)
==712776== 
==712776== 32,640 bytes in 1 blocks are still reachable in loss record 11 of 11
==712776==    at 0x586E858: malloc (vg_replace_malloc.c:447)
==712776==    by 0x5A18ECE: __gconv_open (gconv_open.c:127)
==712776==    by 0x5A189E0: iconv_open (iconv_open.c:39)
==712776==    by 0x467AAAB: rboxc_tar_utf8_convert (in /root/rboxc/target/tar-child-input-candidate/release/rboxc)
==712776==    by 0x467DD0E: code_string (in /root/rboxc/target/tar-child-input-candidate/release/rboxc)
==712776==    by 0x46759AB: pax_dump_header (in /root/rboxc/target/tar-child-input-candidate/release/rboxc)
==712776==    by 0x467674F: rboxc_tar_sparse_dump_file (in /root/rboxc/target/tar-child-input-candidate/release/rboxc)
==712776==    by 0x4663D83: dump_file0 (in /root/rboxc/target/tar-child-input-candidate/release/rboxc)
==712776==    by 0x46644E9: rboxc_tar_create_archive (in /root/rboxc/target/tar-child-input-candidate/release/rboxc)
==712776==    by 0x440EEF8: single_binary_main_tar (in /root/rboxc/target/tar-child-input-candidate/release/rboxc)
==712776==    by 0x5A18600: (below main) (libc_start_call_main.h:59)
==712776== 
==712776== LEAK SUMMARY:
==712776==    definitely lost: 0 bytes in 0 blocks
==712776==    indirectly lost: 0 bytes in 0 blocks
==712776==      possibly lost: 0 bytes in 0 blocks
==712776==    still reachable: 37,505 bytes in 11 blocks
==712776==         suppressed: 0 bytes in 0 blocks
==712776== 
==712776== For lists of detected and suppressed errors, rerun with: -s
==712776== ERROR SUMMARY: 0 errors from 0 contexts (suppressed: 0 from 0)
