==590541== Memcheck, a memory error detector
==590541== Copyright (C) 2002-2024, and GNU GPL'd, by Julian Seward et al.
==590541== Using Valgrind-3.26.0 and LibVEX; rerun with -h for copyright info
==590541== Command: tar --remove-files -cf a.tar a
==590541== Parent PID: 590525
==590541== 
==590541== 
==590541== FILE DESCRIPTORS: 1 open (1 inherited) at exit.
==590541== 
==590541== HEAP SUMMARY:
==590541==     in use at exit: 4,272 bytes in 6 blocks
==590541==   total heap usage: 76 allocs, 70 frees, 113,519 bytes allocated
==590541== 
==590541== 5 bytes in 1 blocks are still reachable in loss record 1 of 6
==590541==    at 0x48BD858: malloc (vg_replace_malloc.c:447)
==590541==    by 0x405185D: xmalloc (xmalloc.c:45)
==590541==    by 0x405185D: xmemdup (xmalloc.c:314)
==590541==    by 0x405185D: xstrdup (xmalloc.c:339)
==590541==    by 0x402644F: assign_string (misc.c:58)
==590541==    by 0x4029612: uid_to_uname (names.c:490)
==590541==    by 0x40155F3: start_header (create.c:931)
==590541==    by 0x40167F9: dump_dir0 (create.c:1123)
==590541==    by 0x40167F9: dump_dir (create.c:1320)
==590541==    by 0x40167F9: dump_file0 (create.c:1757)
==590541==    by 0x4017589: dump_file (create.c:1968)
==590541==    by 0x4017589: create_archive (create.c:1412)
==590541==    by 0x400CD90: main (tar.c:2818)
==590541== 
==590541== 5 bytes in 1 blocks are still reachable in loss record 2 of 6
==590541==    at 0x48BD858: malloc (vg_replace_malloc.c:447)
==590541==    by 0x405185D: xmalloc (xmalloc.c:45)
==590541==    by 0x405185D: xmemdup (xmalloc.c:314)
==590541==    by 0x405185D: xstrdup (xmalloc.c:339)
==590541==    by 0x402644F: assign_string (misc.c:58)
==590541==    by 0x40296A2: gid_to_gname (names.c:520)
==590541==    by 0x40155DB: start_header (create.c:936)
==590541==    by 0x40167F9: dump_dir0 (create.c:1123)
==590541==    by 0x40167F9: dump_dir (create.c:1320)
==590541==    by 0x40167F9: dump_file0 (create.c:1757)
==590541==    by 0x4017589: dump_file (create.c:1968)
==590541==    by 0x4017589: create_archive (create.c:1412)
==590541==    by 0x400CD90: main (tar.c:2818)
==590541== 
==590541== 16 bytes in 1 blocks are still reachable in loss record 3 of 6
==590541==    at 0x48C4E43: calloc (vg_replace_malloc.c:1678)
==590541==    by 0x40516F1: xcalloc (xmalloc.c:298)
==590541==    by 0x40516F1: xzalloc (xmalloc.c:283)
==590541==    by 0x400BEF9: decode_options (tar.c:2297)
==590541==    by 0x400BEF9: main (tar.c:2792)
==590541== 
==590541== 80 bytes in 1 blocks are still reachable in loss record 4 of 6
==590541==    at 0x48BD858: malloc (vg_replace_malloc.c:447)
==590541==    by 0x40512CC: xmalloc (xmalloc.c:45)
==590541==    by 0x400BE43: main (tar.c:2781)
==590541== 
==590541== 102 bytes in 1 blocks are still reachable in loss record 5 of 6
==590541==    at 0x48BD858: malloc (vg_replace_malloc.c:447)
==590541==    by 0x40512CC: xmalloc (xmalloc.c:45)
==590541==    by 0x4029881: name_init (names.c:869)
==590541==    by 0x400C94C: main (tar.c:2794)
==590541== 
==590541== 4,064 bytes in 1 blocks are still reachable in loss record 6 of 6
==590541==    at 0x48BD858: malloc (vg_replace_malloc.c:447)
==590541==    by 0x40512CC: xmalloc (xmalloc.c:45)
==590541==    by 0x404A07D: call_chunkfun (obstack.c:88)
==590541==    by 0x404A07D: _obstack_begin_worker.isra.0 (obstack.c:135)
==590541==    by 0x404A0A8: _obstack_begin (obstack.c:157)
==590541==    by 0x4032C57: _transform_name_to_obstack (transform.c:592)
==590541==    by 0x4032C57: transform_name_fp (transform.c:614)
==590541==    by 0x4016444: dump_file0 (create.c:1657)
==590541==    by 0x4017589: dump_file (create.c:1968)
==590541==    by 0x4017589: create_archive (create.c:1412)
==590541==    by 0x400CD90: main (tar.c:2818)
==590541== 
==590541== LEAK SUMMARY:
==590541==    definitely lost: 0 bytes in 0 blocks
==590541==    indirectly lost: 0 bytes in 0 blocks
==590541==      possibly lost: 0 bytes in 0 blocks
==590541==    still reachable: 4,272 bytes in 6 blocks
==590541==         suppressed: 0 bytes in 0 blocks
==590541== 
==590541== For lists of detected and suppressed errors, rerun with: -s
==590541== ERROR SUMMARY: 0 errors from 0 contexts (suppressed: 0 from 0)
