==704913== Memcheck, a memory error detector
==704913== Copyright (C) 2002-2024, and GNU GPL'd, by Julian Seward et al.
==704913== Using Valgrind-3.26.0 and LibVEX; rerun with -h for copyright info
==704913== Command: /bin/sh -c zstd
==704913== Parent PID: 704912
==704913== 
==704913== 
==704913== FILE DESCRIPTORS: 3 open (3 inherited) at exit.
==704913== 
==704913== HEAP SUMMARY:
==704913==     in use at exit: 934 bytes in 24 blocks
==704913==   total heap usage: 26 allocs, 2 frees, 1,086 bytes allocated
==704913== 
==704913== 28 bytes in 1 blocks are still reachable in loss record 1 of 6
==704913==    at 0x486E858: malloc (vg_replace_malloc.c:447)
==704913==    by 0x40083FA: ??? (in /usr/bin/dash)
==704913==    by 0x4012E0A: ??? (in /usr/bin/dash)
==704913==    by 0x4013FFF: ??? (in /usr/bin/dash)
==704913==    by 0x400BCE7: ??? (in /usr/bin/dash)
==704913==    by 0x40120F8: ??? (in /usr/bin/dash)
==704913==    by 0x4004DA0: ??? (in /usr/bin/dash)
==704913==    by 0x48C4600: (below main) (libc_start_call_main.h:59)
==704913== 
==704913== 32 bytes in 1 blocks are still reachable in loss record 2 of 6
==704913==    at 0x486E858: malloc (vg_replace_malloc.c:447)
==704913==    by 0x4017AB2: ??? (in /usr/bin/dash)
==704913==    by 0x40186D4: ??? (in /usr/bin/dash)
==704913==    by 0x4004BC6: ??? (in /usr/bin/dash)
==704913==    by 0x48C4600: (below main) (libc_start_call_main.h:59)
==704913== 
==704913== 51 bytes in 1 blocks are still reachable in loss record 3 of 6
==704913==    at 0x486E858: malloc (vg_replace_malloc.c:447)
==704913==    by 0x495596E: strdup (strdup.c:42)
==704913==    by 0x40081DF: ??? (in /usr/bin/dash)
==704913==    by 0x40186F9: ??? (in /usr/bin/dash)
==704913==    by 0x4004BC6: ??? (in /usr/bin/dash)
==704913==    by 0x48C4600: (below main) (libc_start_call_main.h:59)
==704913== 
==704913== 55 bytes in 1 blocks are still reachable in loss record 4 of 6
==704913==    at 0x486E858: malloc (vg_replace_malloc.c:447)
==704913==    by 0x4017C53: ??? (in /usr/bin/dash)
==704913==    by 0x40186F9: ??? (in /usr/bin/dash)
==704913==    by 0x4004BC6: ??? (in /usr/bin/dash)
==704913==    by 0x48C4600: (below main) (libc_start_call_main.h:59)
==704913== 
==704913== 160 bytes in 1 blocks are still reachable in loss record 5 of 6
==704913==    at 0x487607F: realloc (vg_replace_malloc.c:1804)
==704913==    by 0x40074DC: ??? (in /usr/bin/dash)
==704913==    by 0x400A64D: ??? (in /usr/bin/dash)
==704913==    by 0x4014058: ??? (in /usr/bin/dash)
==704913==    by 0x400BCE7: ??? (in /usr/bin/dash)
==704913==    by 0x40120F8: ??? (in /usr/bin/dash)
==704913==    by 0x4004DA0: ??? (in /usr/bin/dash)
==704913==    by 0x48C4600: (below main) (libc_start_call_main.h:59)
==704913== 
==704913== 608 bytes in 19 blocks are still reachable in loss record 6 of 6
==704913==    at 0x486E858: malloc (vg_replace_malloc.c:447)
==704913==    by 0x4017AB2: ??? (in /usr/bin/dash)
==704913==    by 0x4018670: ??? (in /usr/bin/dash)
==704913==    by 0x4004BC6: ??? (in /usr/bin/dash)
==704913==    by 0x48C4600: (below main) (libc_start_call_main.h:59)
==704913== 
==704913== LEAK SUMMARY:
==704913==    definitely lost: 0 bytes in 0 blocks
==704913==    indirectly lost: 0 bytes in 0 blocks
==704913==      possibly lost: 0 bytes in 0 blocks
==704913==    still reachable: 934 bytes in 24 blocks
==704913==         suppressed: 0 bytes in 0 blocks
==704913== 
==704913== For lists of detected and suppressed errors, rerun with: -s
==704913== ERROR SUMMARY: 0 errors from 0 contexts (suppressed: 0 from 0)
