==736290== Memcheck, a memory error detector
==736290== Copyright (C) 2002-2024, and GNU GPL'd, by Julian Seward et al.
==736290== Using Valgrind-3.26.0 and LibVEX; rerun with -h for copyright info
==736290== Command: /tmp/rboxc-gawk-original-yzfwib13/deps/cat -
==736290== Parent PID: 736277
==736290== 
==736290== 
==736290== FILE DESCRIPTORS: 2 open (0 inherited) at exit.
==736290== Open file descriptor 4:
==736290==    at 0x537FB8D: pipe (pipe.c:29)
==736290==    by 0x411A7E1: pipe_safer (pipe-safer.c:33)
==736290==    by 0x403683B: splice_cat (cat.c:578)
==736290==    by 0x4037923: single_binary_main_cat (cat.c:899)
==736290==    by 0x401A532: launch_program (coreutils.c:126)
==736290==    by 0x4018E7A: main (coreutils.c:143)
==736290== 
==736290== Open file descriptor 3:
==736290==    at 0x537FB8D: pipe (pipe.c:29)
==736290==    by 0x411A7E1: pipe_safer (pipe-safer.c:33)
==736290==    by 0x403683B: splice_cat (cat.c:578)
==736290==    by 0x4037923: single_binary_main_cat (cat.c:899)
==736290==    by 0x401A532: launch_program (coreutils.c:126)
==736290==    by 0x4018E7A: main (coreutils.c:143)
==736290== 
==736290== 
==736290== HEAP SUMMARY:
==736290==     in use at exit: 0 bytes in 0 blocks
==736290==   total heap usage: 3 allocs, 3 frees, 82 bytes allocated
==736290== 
==736290== All heap blocks were freed -- no leaks are possible
==736290== 
==736290== For lists of detected and suppressed errors, rerun with: -s
==736290== ERROR SUMMARY: 2 errors from 2 contexts (suppressed: 0 from 0)
