==663890== Memcheck, a memory error detector
==663890== Copyright (C) 2002-2024, and GNU GPL'd, by Julian Seward et al.
==663890== Using Valgrind-3.26.0 and LibVEX; rerun with -h for copyright info
==663890== Command: tar --version
==663890== Parent PID: 663575
==663890== 
==663890== 
==663890== FILE DESCRIPTORS: 4 open (4 inherited) at exit.
==663890== 
==663890== HEAP SUMMARY:
==663890==     in use at exit: 7,767 bytes in 3 blocks
==663890==   total heap usage: 15 allocs, 12 frees, 12,021 bytes allocated
==663890== 
==663890== 16 bytes in 1 blocks are still reachable in loss record 1 of 3
==663890==    at 0x48C4E43: calloc (vg_replace_malloc.c:1678)
==663890==    by 0x40516F1: xcalloc (xmalloc.c:298)
==663890==    by 0x40516F1: xzalloc (xmalloc.c:283)
==663890==    by 0x400BEF9: decode_options (tar.c:2297)
==663890==    by 0x400BEF9: main (tar.c:2792)
==663890== 
==663890== 80 bytes in 1 blocks are still reachable in loss record 2 of 3
==663890==    at 0x48BD858: malloc (vg_replace_malloc.c:447)
==663890==    by 0x40512CC: xmalloc (xmalloc.c:45)
==663890==    by 0x400BE43: main (tar.c:2781)
==663890== 
==663890== 7,671 bytes in 1 blocks are still reachable in loss record 3 of 3
==663890==    at 0x48BD858: malloc (vg_replace_malloc.c:447)
==663890==    by 0x4041854: parser_init (argp-parse.c:495)
==663890==    by 0x4041854: argp_parse (argp-parse.c:921)
==663890==    by 0x400C045: decode_options (tar.c:2380)
==663890==    by 0x400C045: main (tar.c:2792)
==663890== 
==663890== LEAK SUMMARY:
==663890==    definitely lost: 0 bytes in 0 blocks
==663890==    indirectly lost: 0 bytes in 0 blocks
==663890==      possibly lost: 0 bytes in 0 blocks
==663890==    still reachable: 7,767 bytes in 3 blocks
==663890==         suppressed: 0 bytes in 0 blocks
==663890== 
==663890== For lists of detected and suppressed errors, rerun with: -s
==663890== ERROR SUMMARY: 0 errors from 0 contexts (suppressed: 0 from 0)
