==708930== Memcheck, a memory error detector
==708930== Copyright (C) 2002-2024, and GNU GPL'd, by Julian Seward et al.
==708930== Using Valgrind-3.26.0 and LibVEX; rerun with -h for copyright info
==708930== Command: tar -dvf gitrepo.tar --exclude-vcs gitrepo
==708930== Parent PID: 708411
==708930== 
==708930== 
==708930== FILE DESCRIPTORS: 1 open (1 inherited) at exit.
==708930== 
==708930== HEAP SUMMARY:
==708930==     in use at exit: 19,594 bytes in 49 blocks
==708930==   total heap usage: 93 allocs, 44 frees, 55,107 bytes allocated
==708930== 
==708930== 6 bytes in 2 blocks are indirectly lost in loss record 1 of 16
==708930==    at 0x48BD858: malloc (vg_replace_malloc.c:447)
==708930==    by 0x40387DD: wsnode_quoteremoval (wordsplit.c:651)
==708930==    by 0x4039CFD: wordsplit_process_list (wordsplit.c:2390)
==708930==    by 0x403A562: wordsplit_run.constprop.0 (wordsplit.c:2434)
==708930==    by 0x400BFFA: parse_default_options (tar.c:2256)
==708930==    by 0x400BFFA: decode_options (tar.c:2378)
==708930==    by 0x400BFFA: main (tar.c:2792)
==708930== 
==708930== 6 bytes in 2 blocks are definitely lost in loss record 2 of 16
==708930==    at 0x48BD858: malloc (vg_replace_malloc.c:447)
==708930==    by 0x403A1FB: wordsplit_finish (wordsplit.c:836)
==708930==    by 0x400BFFA: parse_default_options (tar.c:2256)
==708930==    by 0x400BFFA: decode_options (tar.c:2378)
==708930==    by 0x400BFFA: main (tar.c:2792)
==708930== 
==708930== 8 bytes in 1 blocks are indirectly lost in loss record 3 of 16
==708930==    at 0x48BD858: malloc (vg_replace_malloc.c:447)
==708930==    by 0x405185D: xmalloc (xmalloc.c:45)
==708930==    by 0x405185D: xmemdup (xmalloc.c:314)
==708930==    by 0x405185D: xstrdup (xmalloc.c:339)
==708930==    by 0x402994B: make_name (names.c:599)
==708930==    by 0x402994B: addname (names.c:1233)
==708930==    by 0x4029AB7: name_gather (names.c:1218)
==708930==    by 0x4025436: read_and (list.c:174)
==708930==    by 0x400CD7C: main (tar.c:2837)
==708930== 
==708930== 16 bytes in 1 blocks are still reachable in loss record 4 of 16
==708930==    at 0x48C4E43: calloc (vg_replace_malloc.c:1678)
==708930==    by 0x40516F1: xcalloc (xmalloc.c:298)
==708930==    by 0x40516F1: xzalloc (xmalloc.c:283)
==708930==    by 0x400BEF9: decode_options (tar.c:2297)
==708930==    by 0x400BEF9: main (tar.c:2792)
==708930== 
==708930== 40 bytes in 1 blocks are still reachable in loss record 5 of 16
==708930==    at 0x48C4E43: calloc (vg_replace_malloc.c:1678)
==708930==    by 0x40516F1: xcalloc (xmalloc.c:298)
==708930==    by 0x40516F1: xzalloc (xmalloc.c:283)
==708930==    by 0x4044031: new_exclude_segment (exclude.c:254)
==708930==    by 0x4044031: add_exclude (exclude.c:587)
==708930==    by 0x4029184: add_exclude_array (names.c:299)
==708930==    by 0x4029184: handle_file_selection_option (names.c:351)
==708930==    by 0x4029184: name_next_elt (names.c:1138)
==708930==    by 0x4029A3F: name_gather (names.c:1214)
==708930==    by 0x4025436: read_and (list.c:174)
==708930==    by 0x400CD7C: main (tar.c:2837)
==708930== 
==708930== 56 bytes in 1 blocks are definitely lost in loss record 6 of 16
==708930==    at 0x48BD858: malloc (vg_replace_malloc.c:447)
==708930==    by 0x40512CC: xmalloc (xmalloc.c:45)
==708930==    by 0x40283CE: name_elt_alloc (names.c:683)
==708930==    by 0x402896C: name_add_option (names.c:829)
==708930==    by 0x402896C: names_parse_opt (names.c:217)
==708930==    by 0x40421C3: group_parse (argp-parse.c:233)
==708930==    by 0x40421C3: parser_parse_opt (argp-parse.c:748)
==708930==    by 0x40421C3: parser_parse_next (argp-parse.c:859)
==708930==    by 0x40421C3: argp_parse (argp-parse.c:927)
==708930==    by 0x400C045: decode_options (tar.c:2380)
==708930==    by 0x400C045: main (tar.c:2792)
==708930== 
==708930== 80 bytes in 1 blocks are still reachable in loss record 7 of 16
==708930==    at 0x48BD858: malloc (vg_replace_malloc.c:447)
==708930==    by 0x40512CC: xmalloc (xmalloc.c:45)
==708930==    by 0x400BE43: main (tar.c:2781)
==708930== 
==708930== 80 bytes in 1 blocks are still reachable in loss record 8 of 16
==708930==    at 0x48BD858: malloc (vg_replace_malloc.c:447)
==708930==    by 0x4047846: hash_initialize (hash.c:523)
==708930==    by 0x4044066: new_exclude_segment (exclude.c:263)
==708930==    by 0x4044066: add_exclude (exclude.c:587)
==708930==    by 0x4029184: add_exclude_array (names.c:299)
==708930==    by 0x4029184: handle_file_selection_option (names.c:351)
==708930==    by 0x4029184: name_next_elt (names.c:1138)
==708930==    by 0x4029A3F: name_gather (names.c:1214)
==708930==    by 0x4025436: read_and (list.c:174)
==708930==    by 0x400CD7C: main (tar.c:2837)
==708930== 
==708930== 86 (80 direct, 6 indirect) bytes in 2 blocks are definitely lost in loss record 9 of 16
==708930==    at 0x48C4E43: calloc (vg_replace_malloc.c:1678)
==708930==    by 0x403959D: wsnode_new (wordsplit.c:422)
==708930==    by 0x403959D: wordsplit_add_segm (wordsplit.c:523)
==708930==    by 0x4039854: scan_word (wordsplit.c:2062)
==708930==    by 0x4039C7C: wordsplit_process_list (wordsplit.c:2358)
==708930==    by 0x403A562: wordsplit_run.constprop.0 (wordsplit.c:2434)
==708930==    by 0x400BFFA: parse_default_options (tar.c:2256)
==708930==    by 0x400BFFA: decode_options (tar.c:2378)
==708930==    by 0x400BFFA: main (tar.c:2792)
==708930== 
==708930== 102 bytes in 1 blocks are still reachable in loss record 10 of 16
==708930==    at 0x48BD858: malloc (vg_replace_malloc.c:447)
==708930==    by 0x40512CC: xmalloc (xmalloc.c:45)
==708930==    by 0x4029881: name_init (names.c:869)
==708930==    by 0x400C94C: main (tar.c:2794)
==708930== 
==708930== 104 (96 direct, 8 indirect) bytes in 1 blocks are definitely lost in loss record 11 of 16
==708930==    at 0x48C4E43: calloc (vg_replace_malloc.c:1678)
==708930==    by 0x40516F1: xcalloc (xmalloc.c:298)
==708930==    by 0x40516F1: xzalloc (xmalloc.c:283)
==708930==    by 0x4029932: make_name (names.c:596)
==708930==    by 0x4029932: addname (names.c:1233)
==708930==    by 0x4029AB7: name_gather (names.c:1218)
==708930==    by 0x4025436: read_and (list.c:174)
==708930==    by 0x400CD7C: main (tar.c:2837)
==708930== 
==708930== 176 bytes in 11 blocks are still reachable in loss record 12 of 16
==708930==    at 0x48BD858: malloc (vg_replace_malloc.c:447)
==708930==    by 0x4047E09: allocate_entry (hash.c:674)
==708930==    by 0x4047E09: allocate_entry (hash.c:660)
==708930==    by 0x4047E09: hash_insert_if_absent (hash.c:981)
==708930==    by 0x4047E61: hash_insert (hash.c:1008)
==708930==    by 0x404409E: add_exclude (exclude.c:593)
==708930==    by 0x4029184: add_exclude_array (names.c:299)
==708930==    by 0x4029184: handle_file_selection_option (names.c:351)
==708930==    by 0x4029184: name_next_elt (names.c:1138)
==708930==    by 0x4029A3F: name_gather (names.c:1214)
==708930==    by 0x4025436: read_and (list.c:174)
==708930==    by 0x400CD7C: main (tar.c:2837)
==708930== 
==708930== 176 bytes in 21 blocks are still reachable in loss record 13 of 16
==708930==    at 0x48BD858: malloc (vg_replace_malloc.c:447)
==708930==    by 0x405185D: xmalloc (xmalloc.c:45)
==708930==    by 0x405185D: xmemdup (xmalloc.c:314)
==708930==    by 0x405185D: xstrdup (xmalloc.c:339)
==708930==    by 0x4044083: add_exclude (exclude.c:590)
==708930==    by 0x4029184: add_exclude_array (names.c:299)
==708930==    by 0x4029184: handle_file_selection_option (names.c:351)
==708930==    by 0x4029184: name_next_elt (names.c:1138)
==708930==    by 0x4029A3F: name_gather (names.c:1214)
==708930==    by 0x4025436: read_and (list.c:174)
==708930==    by 0x400CD7C: main (tar.c:2837)
==708930== 
==708930== 272 bytes in 1 blocks are still reachable in loss record 14 of 16
==708930==    at 0x48C4E43: calloc (vg_replace_malloc.c:1678)
==708930==    by 0x4047AF9: hash_rehash (hash.c:855)
==708930==    by 0x4047DD5: hash_insert_if_absent (hash.c:968)
==708930==    by 0x4047E61: hash_insert (hash.c:1008)
==708930==    by 0x404409E: add_exclude (exclude.c:593)
==708930==    by 0x4029184: add_exclude_array (names.c:299)
==708930==    by 0x4029184: handle_file_selection_option (names.c:351)
==708930==    by 0x4029184: name_next_elt (names.c:1138)
==708930==    by 0x4029A3F: name_gather (names.c:1214)
==708930==    by 0x4025436: read_and (list.c:174)
==708930==    by 0x400CD7C: main (tar.c:2837)
==708930== 
==708930== 4,064 bytes in 1 blocks are still reachable in loss record 15 of 16
==708930==    at 0x48BD858: malloc (vg_replace_malloc.c:447)
==708930==    by 0x40512CC: xmalloc (xmalloc.c:45)
==708930==    by 0x404A07D: call_chunkfun (obstack.c:88)
==708930==    by 0x404A07D: _obstack_begin_worker.isra.0 (obstack.c:135)
==708930==    by 0x404A0A8: _obstack_begin (obstack.c:157)
==708930==    by 0x4032C57: _transform_name_to_obstack (transform.c:592)
==708930==    by 0x4032C57: transform_name_fp (transform.c:614)
==708930==    by 0x4023670: transform_member_name (list.c:114)
==708930==    by 0x4023670: transform_stat_info.part.0 (list.c:150)
==708930==    by 0x4025850: transform_stat_info (list.c:227)
==708930==    by 0x4025850: read_and (list.c:227)
==708930==    by 0x400CD7C: main (tar.c:2837)
==708930== 
==708930== 14,336 bytes in 1 blocks are possibly lost in loss record 16 of 16
==708930==    at 0x48BD858: malloc (vg_replace_malloc.c:447)
==708930==    by 0x40512CC: xmalloc (xmalloc.c:45)
==708930==    by 0x4027C22: page_aligned_alloc (misc.c:1235)
==708930==    by 0x4012544: diff_init (compare.c:48)
==708930==    by 0x400CD70: main (tar.c:2836)
==708930== 
==708930== LEAK SUMMARY:
==708930==    definitely lost: 238 bytes in 6 blocks
==708930==    indirectly lost: 14 bytes in 3 blocks
==708930==      possibly lost: 14,336 bytes in 1 blocks
==708930==    still reachable: 5,006 bytes in 39 blocks
==708930==         suppressed: 0 bytes in 0 blocks
==708930== 
==708930== For lists of detected and suppressed errors, rerun with: -s
==708930== ERROR SUMMARY: 5 errors from 5 contexts (suppressed: 0 from 0)
