==709000== Memcheck, a memory error detector
==709000== Copyright (C) 2002-2024, and GNU GPL'd, by Julian Seward et al.
==709000== Using Valgrind-3.26.0 and LibVEX; rerun with -h for copyright info
==709000== Command: tar -cf gitrepo.tar gitrepo
==709000== Parent PID: 708989
==709000== 
==709000== 
==709000== FILE DESCRIPTORS: 1 open (1 inherited) at exit.
==709000== 
==709000== HEAP SUMMARY:
==709000==     in use at exit: 4,372 bytes in 12 blocks
==709000==   total heap usage: 101 allocs, 89 frees, 155,480 bytes allocated
==709000== 
==709000== 5 bytes in 1 blocks are still reachable in loss record 1 of 9
==709000==    at 0x48BD858: malloc (vg_replace_malloc.c:447)
==709000==    by 0x405185D: xmalloc (xmalloc.c:45)
==709000==    by 0x405185D: xmemdup (xmalloc.c:314)
==709000==    by 0x405185D: xstrdup (xmalloc.c:339)
==709000==    by 0x402644F: assign_string (misc.c:58)
==709000==    by 0x4029612: uid_to_uname (names.c:490)
==709000==    by 0x40155F3: start_header (create.c:931)
==709000==    by 0x40167F9: dump_dir0 (create.c:1123)
==709000==    by 0x40167F9: dump_dir (create.c:1320)
==709000==    by 0x40167F9: dump_file0 (create.c:1757)
==709000==    by 0x4017589: dump_file (create.c:1968)
==709000==    by 0x4017589: create_archive (create.c:1412)
==709000==    by 0x400CD90: main (tar.c:2818)
==709000== 
==709000== 5 bytes in 1 blocks are still reachable in loss record 2 of 9
==709000==    at 0x48BD858: malloc (vg_replace_malloc.c:447)
==709000==    by 0x405185D: xmalloc (xmalloc.c:45)
==709000==    by 0x405185D: xmemdup (xmalloc.c:314)
==709000==    by 0x405185D: xstrdup (xmalloc.c:339)
==709000==    by 0x402644F: assign_string (misc.c:58)
==709000==    by 0x40296A2: gid_to_gname (names.c:520)
==709000==    by 0x40155DB: start_header (create.c:936)
==709000==    by 0x40167F9: dump_dir0 (create.c:1123)
==709000==    by 0x40167F9: dump_dir (create.c:1320)
==709000==    by 0x40167F9: dump_file0 (create.c:1757)
==709000==    by 0x4017589: dump_file (create.c:1968)
==709000==    by 0x4017589: create_archive (create.c:1412)
==709000==    by 0x400CD90: main (tar.c:2818)
==709000== 
==709000== 10 bytes in 2 blocks are indirectly lost in loss record 3 of 9
==709000==    at 0x48BD858: malloc (vg_replace_malloc.c:447)
==709000==    by 0x40387DD: wsnode_quoteremoval (wordsplit.c:651)
==709000==    by 0x4039CFD: wordsplit_process_list (wordsplit.c:2390)
==709000==    by 0x403A562: wordsplit_run.constprop.0 (wordsplit.c:2434)
==709000==    by 0x400BFFA: parse_default_options (tar.c:2256)
==709000==    by 0x400BFFA: decode_options (tar.c:2378)
==709000==    by 0x400BFFA: main (tar.c:2792)
==709000== 
==709000== 10 bytes in 2 blocks are definitely lost in loss record 4 of 9
==709000==    at 0x48BD858: malloc (vg_replace_malloc.c:447)
==709000==    by 0x403A1FB: wordsplit_finish (wordsplit.c:836)
==709000==    by 0x400BFFA: parse_default_options (tar.c:2256)
==709000==    by 0x400BFFA: decode_options (tar.c:2378)
==709000==    by 0x400BFFA: main (tar.c:2792)
==709000== 
==709000== 16 bytes in 1 blocks are still reachable in loss record 5 of 9
==709000==    at 0x48C4E43: calloc (vg_replace_malloc.c:1678)
==709000==    by 0x40516F1: xcalloc (xmalloc.c:298)
==709000==    by 0x40516F1: xzalloc (xmalloc.c:283)
==709000==    by 0x400BEF9: decode_options (tar.c:2297)
==709000==    by 0x400BEF9: main (tar.c:2792)
==709000== 
==709000== 80 bytes in 1 blocks are still reachable in loss record 6 of 9
==709000==    at 0x48BD858: malloc (vg_replace_malloc.c:447)
==709000==    by 0x40512CC: xmalloc (xmalloc.c:45)
==709000==    by 0x400BE43: main (tar.c:2781)
==709000== 
==709000== 90 (80 direct, 10 indirect) bytes in 2 blocks are definitely lost in loss record 7 of 9
==709000==    at 0x48C4E43: calloc (vg_replace_malloc.c:1678)
==709000==    by 0x403959D: wsnode_new (wordsplit.c:422)
==709000==    by 0x403959D: wordsplit_add_segm (wordsplit.c:523)
==709000==    by 0x4039854: scan_word (wordsplit.c:2062)
==709000==    by 0x4039C7C: wordsplit_process_list (wordsplit.c:2358)
==709000==    by 0x403A562: wordsplit_run.constprop.0 (wordsplit.c:2434)
==709000==    by 0x400BFFA: parse_default_options (tar.c:2256)
==709000==    by 0x400BFFA: decode_options (tar.c:2378)
==709000==    by 0x400BFFA: main (tar.c:2792)
==709000== 
==709000== 102 bytes in 1 blocks are still reachable in loss record 8 of 9
==709000==    at 0x48BD858: malloc (vg_replace_malloc.c:447)
==709000==    by 0x40512CC: xmalloc (xmalloc.c:45)
==709000==    by 0x4029881: name_init (names.c:869)
==709000==    by 0x400C94C: main (tar.c:2794)
==709000== 
==709000== 4,064 bytes in 1 blocks are still reachable in loss record 9 of 9
==709000==    at 0x48BD858: malloc (vg_replace_malloc.c:447)
==709000==    by 0x40512CC: xmalloc (xmalloc.c:45)
==709000==    by 0x404A07D: call_chunkfun (obstack.c:88)
==709000==    by 0x404A07D: _obstack_begin_worker.isra.0 (obstack.c:135)
==709000==    by 0x404A0A8: _obstack_begin (obstack.c:157)
==709000==    by 0x4032C57: _transform_name_to_obstack (transform.c:592)
==709000==    by 0x4032C57: transform_name_fp (transform.c:614)
==709000==    by 0x4016444: dump_file0 (create.c:1657)
==709000==    by 0x4017589: dump_file (create.c:1968)
==709000==    by 0x4017589: create_archive (create.c:1412)
==709000==    by 0x400CD90: main (tar.c:2818)
==709000== 
==709000== LEAK SUMMARY:
==709000==    definitely lost: 90 bytes in 4 blocks
==709000==    indirectly lost: 10 bytes in 2 blocks
==709000==      possibly lost: 0 bytes in 0 blocks
==709000==    still reachable: 4,272 bytes in 6 blocks
==709000==         suppressed: 0 bytes in 0 blocks
==709000== 
==709000== For lists of detected and suppressed errors, rerun with: -s
==709000== ERROR SUMMARY: 2 errors from 2 contexts (suppressed: 0 from 0)
