==709011== Memcheck, a memory error detector
==709011== Copyright (C) 2002-2024, and GNU GPL'd, by Julian Seward et al.
==709011== Using Valgrind-3.26.0 and LibVEX; rerun with -h for copyright info
==709011== Command: tar -xvf gitrepo.tar --exclude-vcs
==709011== Parent PID: 708989
==709011== 
==709011== 
==709011== FILE DESCRIPTORS: 1 open (1 inherited) at exit.
==709011== 
==709011== HEAP SUMMARY:
==709011==     in use at exit: 5,172 bytes in 48 blocks
==709011==   total heap usage: 134 allocs, 86 frees, 61,910 bytes allocated
==709011== 
==709011== 5 bytes in 1 blocks are still reachable in loss record 1 of 15
==709011==    at 0x48BD858: malloc (vg_replace_malloc.c:447)
==709011==    by 0x405185D: xmalloc (xmalloc.c:45)
==709011==    by 0x405185D: xmemdup (xmalloc.c:314)
==709011==    by 0x405185D: xstrdup (xmalloc.c:339)
==709011==    by 0x402644F: assign_string (misc.c:58)
==709011==    by 0x402973C: uname_to_uid (names.c:550)
==709011==    by 0x402457F: decode_header (list.c:694)
==709011==    by 0x4025616: read_and (list.c:194)
==709011==    by 0x400CD61: main (tar.c:2823)
==709011== 
==709011== 5 bytes in 1 blocks are still reachable in loss record 2 of 15
==709011==    at 0x48BD858: malloc (vg_replace_malloc.c:447)
==709011==    by 0x405185D: xmalloc (xmalloc.c:45)
==709011==    by 0x405185D: xmemdup (xmalloc.c:314)
==709011==    by 0x405185D: xstrdup (xmalloc.c:339)
==709011==    by 0x402644F: assign_string (misc.c:58)
==709011==    by 0x40297DC: gname_to_gid (names.c:580)
==709011==    by 0x402455F: decode_header (list.c:699)
==709011==    by 0x4025616: read_and (list.c:194)
==709011==    by 0x400CD61: main (tar.c:2823)
==709011== 
==709011== 10 bytes in 2 blocks are indirectly lost in loss record 3 of 15
==709011==    at 0x48BD858: malloc (vg_replace_malloc.c:447)
==709011==    by 0x40387DD: wsnode_quoteremoval (wordsplit.c:651)
==709011==    by 0x4039CFD: wordsplit_process_list (wordsplit.c:2390)
==709011==    by 0x403A562: wordsplit_run.constprop.0 (wordsplit.c:2434)
==709011==    by 0x400BFFA: parse_default_options (tar.c:2256)
==709011==    by 0x400BFFA: decode_options (tar.c:2378)
==709011==    by 0x400BFFA: main (tar.c:2792)
==709011== 
==709011== 10 bytes in 2 blocks are definitely lost in loss record 4 of 15
==709011==    at 0x48BD858: malloc (vg_replace_malloc.c:447)
==709011==    by 0x403A1FB: wordsplit_finish (wordsplit.c:836)
==709011==    by 0x400BFFA: parse_default_options (tar.c:2256)
==709011==    by 0x400BFFA: decode_options (tar.c:2378)
==709011==    by 0x400BFFA: main (tar.c:2792)
==709011== 
==709011== 16 bytes in 1 blocks are still reachable in loss record 5 of 15
==709011==    at 0x48C4E43: calloc (vg_replace_malloc.c:1678)
==709011==    by 0x40516F1: xcalloc (xmalloc.c:298)
==709011==    by 0x40516F1: xzalloc (xmalloc.c:283)
==709011==    by 0x400BEF9: decode_options (tar.c:2297)
==709011==    by 0x400BEF9: main (tar.c:2792)
==709011== 
==709011== 40 bytes in 1 blocks are still reachable in loss record 6 of 15
==709011==    at 0x48C4E43: calloc (vg_replace_malloc.c:1678)
==709011==    by 0x40516F1: xcalloc (xmalloc.c:298)
==709011==    by 0x40516F1: xzalloc (xmalloc.c:283)
==709011==    by 0x4044031: new_exclude_segment (exclude.c:254)
==709011==    by 0x4044031: add_exclude (exclude.c:587)
==709011==    by 0x4029184: add_exclude_array (names.c:299)
==709011==    by 0x4029184: handle_file_selection_option (names.c:351)
==709011==    by 0x4029184: name_next_elt (names.c:1138)
==709011==    by 0x4029A3F: name_gather (names.c:1214)
==709011==    by 0x4025436: read_and (list.c:174)
==709011==    by 0x400CD61: main (tar.c:2823)
==709011== 
==709011== 56 bytes in 1 blocks are definitely lost in loss record 7 of 15
==709011==    at 0x48BD858: malloc (vg_replace_malloc.c:447)
==709011==    by 0x40512CC: xmalloc (xmalloc.c:45)
==709011==    by 0x40283CE: name_elt_alloc (names.c:683)
==709011==    by 0x402896C: name_add_option (names.c:829)
==709011==    by 0x402896C: names_parse_opt (names.c:217)
==709011==    by 0x40421C3: group_parse (argp-parse.c:233)
==709011==    by 0x40421C3: parser_parse_opt (argp-parse.c:748)
==709011==    by 0x40421C3: parser_parse_next (argp-parse.c:859)
==709011==    by 0x40421C3: argp_parse (argp-parse.c:927)
==709011==    by 0x400C045: decode_options (tar.c:2380)
==709011==    by 0x400C045: main (tar.c:2792)
==709011== 
==709011== 80 bytes in 1 blocks are still reachable in loss record 8 of 15
==709011==    at 0x48BD858: malloc (vg_replace_malloc.c:447)
==709011==    by 0x40512CC: xmalloc (xmalloc.c:45)
==709011==    by 0x400BE43: main (tar.c:2781)
==709011== 
==709011== 80 bytes in 1 blocks are still reachable in loss record 9 of 15
==709011==    at 0x48BD858: malloc (vg_replace_malloc.c:447)
==709011==    by 0x4047846: hash_initialize (hash.c:523)
==709011==    by 0x4044066: new_exclude_segment (exclude.c:263)
==709011==    by 0x4044066: add_exclude (exclude.c:587)
==709011==    by 0x4029184: add_exclude_array (names.c:299)
==709011==    by 0x4029184: handle_file_selection_option (names.c:351)
==709011==    by 0x4029184: name_next_elt (names.c:1138)
==709011==    by 0x4029A3F: name_gather (names.c:1214)
==709011==    by 0x4025436: read_and (list.c:174)
==709011==    by 0x400CD61: main (tar.c:2823)
==709011== 
==709011== 90 (80 direct, 10 indirect) bytes in 2 blocks are definitely lost in loss record 10 of 15
==709011==    at 0x48C4E43: calloc (vg_replace_malloc.c:1678)
==709011==    by 0x403959D: wsnode_new (wordsplit.c:422)
==709011==    by 0x403959D: wordsplit_add_segm (wordsplit.c:523)
==709011==    by 0x4039854: scan_word (wordsplit.c:2062)
==709011==    by 0x4039C7C: wordsplit_process_list (wordsplit.c:2358)
==709011==    by 0x403A562: wordsplit_run.constprop.0 (wordsplit.c:2434)
==709011==    by 0x400BFFA: parse_default_options (tar.c:2256)
==709011==    by 0x400BFFA: decode_options (tar.c:2378)
==709011==    by 0x400BFFA: main (tar.c:2792)
==709011== 
==709011== 102 bytes in 1 blocks are still reachable in loss record 11 of 15
==709011==    at 0x48BD858: malloc (vg_replace_malloc.c:447)
==709011==    by 0x40512CC: xmalloc (xmalloc.c:45)
==709011==    by 0x4029881: name_init (names.c:869)
==709011==    by 0x400C94C: main (tar.c:2794)
==709011== 
==709011== 176 bytes in 11 blocks are still reachable in loss record 12 of 15
==709011==    at 0x48BD858: malloc (vg_replace_malloc.c:447)
==709011==    by 0x4047E09: allocate_entry (hash.c:674)
==709011==    by 0x4047E09: allocate_entry (hash.c:660)
==709011==    by 0x4047E09: hash_insert_if_absent (hash.c:981)
==709011==    by 0x4047E61: hash_insert (hash.c:1008)
==709011==    by 0x404409E: add_exclude (exclude.c:593)
==709011==    by 0x4029184: add_exclude_array (names.c:299)
==709011==    by 0x4029184: handle_file_selection_option (names.c:351)
==709011==    by 0x4029184: name_next_elt (names.c:1138)
==709011==    by 0x4029A3F: name_gather (names.c:1214)
==709011==    by 0x4025436: read_and (list.c:174)
==709011==    by 0x400CD61: main (tar.c:2823)
==709011== 
==709011== 176 bytes in 21 blocks are still reachable in loss record 13 of 15
==709011==    at 0x48BD858: malloc (vg_replace_malloc.c:447)
==709011==    by 0x405185D: xmalloc (xmalloc.c:45)
==709011==    by 0x405185D: xmemdup (xmalloc.c:314)
==709011==    by 0x405185D: xstrdup (xmalloc.c:339)
==709011==    by 0x4044083: add_exclude (exclude.c:590)
==709011==    by 0x4029184: add_exclude_array (names.c:299)
==709011==    by 0x4029184: handle_file_selection_option (names.c:351)
==709011==    by 0x4029184: name_next_elt (names.c:1138)
==709011==    by 0x4029A3F: name_gather (names.c:1214)
==709011==    by 0x4025436: read_and (list.c:174)
==709011==    by 0x400CD61: main (tar.c:2823)
==709011== 
==709011== 272 bytes in 1 blocks are still reachable in loss record 14 of 15
==709011==    at 0x48C4E43: calloc (vg_replace_malloc.c:1678)
==709011==    by 0x4047AF9: hash_rehash (hash.c:855)
==709011==    by 0x4047DD5: hash_insert_if_absent (hash.c:968)
==709011==    by 0x4047E61: hash_insert (hash.c:1008)
==709011==    by 0x404409E: add_exclude (exclude.c:593)
==709011==    by 0x4029184: add_exclude_array (names.c:299)
==709011==    by 0x4029184: handle_file_selection_option (names.c:351)
==709011==    by 0x4029184: name_next_elt (names.c:1138)
==709011==    by 0x4029A3F: name_gather (names.c:1214)
==709011==    by 0x4025436: read_and (list.c:174)
==709011==    by 0x400CD61: main (tar.c:2823)
==709011== 
==709011== 4,064 bytes in 1 blocks are still reachable in loss record 15 of 15
==709011==    at 0x48BD858: malloc (vg_replace_malloc.c:447)
==709011==    by 0x40512CC: xmalloc (xmalloc.c:45)
==709011==    by 0x404A07D: call_chunkfun (obstack.c:88)
==709011==    by 0x404A07D: _obstack_begin_worker.isra.0 (obstack.c:135)
==709011==    by 0x404A0A8: _obstack_begin (obstack.c:157)
==709011==    by 0x4032C57: _transform_name_to_obstack (transform.c:592)
==709011==    by 0x4032C57: transform_name_fp (transform.c:614)
==709011==    by 0x4023670: transform_member_name (list.c:114)
==709011==    by 0x4023670: transform_stat_info.part.0 (list.c:150)
==709011==    by 0x4025850: transform_stat_info (list.c:227)
==709011==    by 0x4025850: read_and (list.c:227)
==709011==    by 0x400CD61: main (tar.c:2823)
==709011== 
==709011== LEAK SUMMARY:
==709011==    definitely lost: 146 bytes in 5 blocks
==709011==    indirectly lost: 10 bytes in 2 blocks
==709011==      possibly lost: 0 bytes in 0 blocks
==709011==    still reachable: 5,016 bytes in 41 blocks
==709011==         suppressed: 0 bytes in 0 blocks
==709011== 
==709011== For lists of detected and suppressed errors, rerun with: -s
==709011== ERROR SUMMARY: 3 errors from 3 contexts (suppressed: 0 from 0)
