==710905== Memcheck, a memory error detector
==710905== Copyright (C) 2002-2024, and GNU GPL'd, by Julian Seward et al.
==710905== Using Valgrind-3.26.0 and LibVEX; rerun with -h for copyright info
==710905== Command: tar -xvf gitrepo.tar --exclude-vcs
==710905== Parent PID: 710892
==710905== 
==710905== 
==710905== FILE DESCRIPTORS: 1 open (1 inherited) at exit.
==710905== 
==710905== HEAP SUMMARY:
==710905==     in use at exit: 5,166 bytes in 48 blocks
==710905==   total heap usage: 134 allocs, 86 frees, 61,904 bytes allocated
==710905== 
==710905== 5 bytes in 1 blocks are still reachable in loss record 1 of 15
==710905==    at 0x48BD858: malloc (vg_replace_malloc.c:447)
==710905==    by 0x405185D: xmalloc (xmalloc.c:45)
==710905==    by 0x405185D: xmemdup (xmalloc.c:314)
==710905==    by 0x405185D: xstrdup (xmalloc.c:339)
==710905==    by 0x402644F: assign_string (misc.c:58)
==710905==    by 0x402973C: uname_to_uid (names.c:550)
==710905==    by 0x402457F: decode_header (list.c:694)
==710905==    by 0x4025616: read_and (list.c:194)
==710905==    by 0x400CD61: main (tar.c:2823)
==710905== 
==710905== 5 bytes in 1 blocks are still reachable in loss record 2 of 15
==710905==    at 0x48BD858: malloc (vg_replace_malloc.c:447)
==710905==    by 0x405185D: xmalloc (xmalloc.c:45)
==710905==    by 0x405185D: xmemdup (xmalloc.c:314)
==710905==    by 0x405185D: xstrdup (xmalloc.c:339)
==710905==    by 0x402644F: assign_string (misc.c:58)
==710905==    by 0x40297DC: gname_to_gid (names.c:580)
==710905==    by 0x402455F: decode_header (list.c:699)
==710905==    by 0x4025616: read_and (list.c:194)
==710905==    by 0x400CD61: main (tar.c:2823)
==710905== 
==710905== 7 bytes in 2 blocks are indirectly lost in loss record 3 of 15
==710905==    at 0x48BD858: malloc (vg_replace_malloc.c:447)
==710905==    by 0x40387DD: wsnode_quoteremoval (wordsplit.c:651)
==710905==    by 0x4039CFD: wordsplit_process_list (wordsplit.c:2390)
==710905==    by 0x403A562: wordsplit_run.constprop.0 (wordsplit.c:2434)
==710905==    by 0x400BFFA: parse_default_options (tar.c:2256)
==710905==    by 0x400BFFA: decode_options (tar.c:2378)
==710905==    by 0x400BFFA: main (tar.c:2792)
==710905== 
==710905== 7 bytes in 2 blocks are definitely lost in loss record 4 of 15
==710905==    at 0x48BD858: malloc (vg_replace_malloc.c:447)
==710905==    by 0x403A1FB: wordsplit_finish (wordsplit.c:836)
==710905==    by 0x400BFFA: parse_default_options (tar.c:2256)
==710905==    by 0x400BFFA: decode_options (tar.c:2378)
==710905==    by 0x400BFFA: main (tar.c:2792)
==710905== 
==710905== 16 bytes in 1 blocks are still reachable in loss record 5 of 15
==710905==    at 0x48C4E43: calloc (vg_replace_malloc.c:1678)
==710905==    by 0x40516F1: xcalloc (xmalloc.c:298)
==710905==    by 0x40516F1: xzalloc (xmalloc.c:283)
==710905==    by 0x400BEF9: decode_options (tar.c:2297)
==710905==    by 0x400BEF9: main (tar.c:2792)
==710905== 
==710905== 40 bytes in 1 blocks are still reachable in loss record 6 of 15
==710905==    at 0x48C4E43: calloc (vg_replace_malloc.c:1678)
==710905==    by 0x40516F1: xcalloc (xmalloc.c:298)
==710905==    by 0x40516F1: xzalloc (xmalloc.c:283)
==710905==    by 0x4044031: new_exclude_segment (exclude.c:254)
==710905==    by 0x4044031: add_exclude (exclude.c:587)
==710905==    by 0x4029184: add_exclude_array (names.c:299)
==710905==    by 0x4029184: handle_file_selection_option (names.c:351)
==710905==    by 0x4029184: name_next_elt (names.c:1138)
==710905==    by 0x4029A3F: name_gather (names.c:1214)
==710905==    by 0x4025436: read_and (list.c:174)
==710905==    by 0x400CD61: main (tar.c:2823)
==710905== 
==710905== 56 bytes in 1 blocks are definitely lost in loss record 7 of 15
==710905==    at 0x48BD858: malloc (vg_replace_malloc.c:447)
==710905==    by 0x40512CC: xmalloc (xmalloc.c:45)
==710905==    by 0x40283CE: name_elt_alloc (names.c:683)
==710905==    by 0x402896C: name_add_option (names.c:829)
==710905==    by 0x402896C: names_parse_opt (names.c:217)
==710905==    by 0x40421C3: group_parse (argp-parse.c:233)
==710905==    by 0x40421C3: parser_parse_opt (argp-parse.c:748)
==710905==    by 0x40421C3: parser_parse_next (argp-parse.c:859)
==710905==    by 0x40421C3: argp_parse (argp-parse.c:927)
==710905==    by 0x400C045: decode_options (tar.c:2380)
==710905==    by 0x400C045: main (tar.c:2792)
==710905== 
==710905== 80 bytes in 1 blocks are still reachable in loss record 8 of 15
==710905==    at 0x48BD858: malloc (vg_replace_malloc.c:447)
==710905==    by 0x40512CC: xmalloc (xmalloc.c:45)
==710905==    by 0x400BE43: main (tar.c:2781)
==710905== 
==710905== 80 bytes in 1 blocks are still reachable in loss record 9 of 15
==710905==    at 0x48BD858: malloc (vg_replace_malloc.c:447)
==710905==    by 0x4047846: hash_initialize (hash.c:523)
==710905==    by 0x4044066: new_exclude_segment (exclude.c:263)
==710905==    by 0x4044066: add_exclude (exclude.c:587)
==710905==    by 0x4029184: add_exclude_array (names.c:299)
==710905==    by 0x4029184: handle_file_selection_option (names.c:351)
==710905==    by 0x4029184: name_next_elt (names.c:1138)
==710905==    by 0x4029A3F: name_gather (names.c:1214)
==710905==    by 0x4025436: read_and (list.c:174)
==710905==    by 0x400CD61: main (tar.c:2823)
==710905== 
==710905== 87 (80 direct, 7 indirect) bytes in 2 blocks are definitely lost in loss record 10 of 15
==710905==    at 0x48C4E43: calloc (vg_replace_malloc.c:1678)
==710905==    by 0x403959D: wsnode_new (wordsplit.c:422)
==710905==    by 0x403959D: wordsplit_add_segm (wordsplit.c:523)
==710905==    by 0x4039854: scan_word (wordsplit.c:2062)
==710905==    by 0x4039C7C: wordsplit_process_list (wordsplit.c:2358)
==710905==    by 0x403A562: wordsplit_run.constprop.0 (wordsplit.c:2434)
==710905==    by 0x400BFFA: parse_default_options (tar.c:2256)
==710905==    by 0x400BFFA: decode_options (tar.c:2378)
==710905==    by 0x400BFFA: main (tar.c:2792)
==710905== 
==710905== 102 bytes in 1 blocks are still reachable in loss record 11 of 15
==710905==    at 0x48BD858: malloc (vg_replace_malloc.c:447)
==710905==    by 0x40512CC: xmalloc (xmalloc.c:45)
==710905==    by 0x4029881: name_init (names.c:869)
==710905==    by 0x400C94C: main (tar.c:2794)
==710905== 
==710905== 176 bytes in 11 blocks are still reachable in loss record 12 of 15
==710905==    at 0x48BD858: malloc (vg_replace_malloc.c:447)
==710905==    by 0x4047E09: allocate_entry (hash.c:674)
==710905==    by 0x4047E09: allocate_entry (hash.c:660)
==710905==    by 0x4047E09: hash_insert_if_absent (hash.c:981)
==710905==    by 0x4047E61: hash_insert (hash.c:1008)
==710905==    by 0x404409E: add_exclude (exclude.c:593)
==710905==    by 0x4029184: add_exclude_array (names.c:299)
==710905==    by 0x4029184: handle_file_selection_option (names.c:351)
==710905==    by 0x4029184: name_next_elt (names.c:1138)
==710905==    by 0x4029A3F: name_gather (names.c:1214)
==710905==    by 0x4025436: read_and (list.c:174)
==710905==    by 0x400CD61: main (tar.c:2823)
==710905== 
==710905== 176 bytes in 21 blocks are still reachable in loss record 13 of 15
==710905==    at 0x48BD858: malloc (vg_replace_malloc.c:447)
==710905==    by 0x405185D: xmalloc (xmalloc.c:45)
==710905==    by 0x405185D: xmemdup (xmalloc.c:314)
==710905==    by 0x405185D: xstrdup (xmalloc.c:339)
==710905==    by 0x4044083: add_exclude (exclude.c:590)
==710905==    by 0x4029184: add_exclude_array (names.c:299)
==710905==    by 0x4029184: handle_file_selection_option (names.c:351)
==710905==    by 0x4029184: name_next_elt (names.c:1138)
==710905==    by 0x4029A3F: name_gather (names.c:1214)
==710905==    by 0x4025436: read_and (list.c:174)
==710905==    by 0x400CD61: main (tar.c:2823)
==710905== 
==710905== 272 bytes in 1 blocks are still reachable in loss record 14 of 15
==710905==    at 0x48C4E43: calloc (vg_replace_malloc.c:1678)
==710905==    by 0x4047AF9: hash_rehash (hash.c:855)
==710905==    by 0x4047DD5: hash_insert_if_absent (hash.c:968)
==710905==    by 0x4047E61: hash_insert (hash.c:1008)
==710905==    by 0x404409E: add_exclude (exclude.c:593)
==710905==    by 0x4029184: add_exclude_array (names.c:299)
==710905==    by 0x4029184: handle_file_selection_option (names.c:351)
==710905==    by 0x4029184: name_next_elt (names.c:1138)
==710905==    by 0x4029A3F: name_gather (names.c:1214)
==710905==    by 0x4025436: read_and (list.c:174)
==710905==    by 0x400CD61: main (tar.c:2823)
==710905== 
==710905== 4,064 bytes in 1 blocks are still reachable in loss record 15 of 15
==710905==    at 0x48BD858: malloc (vg_replace_malloc.c:447)
==710905==    by 0x40512CC: xmalloc (xmalloc.c:45)
==710905==    by 0x404A07D: call_chunkfun (obstack.c:88)
==710905==    by 0x404A07D: _obstack_begin_worker.isra.0 (obstack.c:135)
==710905==    by 0x404A0A8: _obstack_begin (obstack.c:157)
==710905==    by 0x4032C57: _transform_name_to_obstack (transform.c:592)
==710905==    by 0x4032C57: transform_name_fp (transform.c:614)
==710905==    by 0x4023670: transform_member_name (list.c:114)
==710905==    by 0x4023670: transform_stat_info.part.0 (list.c:150)
==710905==    by 0x4025850: transform_stat_info (list.c:227)
==710905==    by 0x4025850: read_and (list.c:227)
==710905==    by 0x400CD61: main (tar.c:2823)
==710905== 
==710905== LEAK SUMMARY:
==710905==    definitely lost: 143 bytes in 5 blocks
==710905==    indirectly lost: 7 bytes in 2 blocks
==710905==      possibly lost: 0 bytes in 0 blocks
==710905==    still reachable: 5,016 bytes in 41 blocks
==710905==         suppressed: 0 bytes in 0 blocks
==710905== 
==710905== For lists of detected and suppressed errors, rerun with: -s
==710905== ERROR SUMMARY: 3 errors from 3 contexts (suppressed: 0 from 0)
