==638370== Memcheck, a memory error detector
==638370== Copyright (C) 2002-2024, and GNU GPL'd, by Julian Seward et al.
==638370== Using Valgrind-3.26.0 and LibVEX; rerun with -h for copyright info
==638370== Command: tar cf archive directory/test1/test.txt directory/test1/test.txt
==638370== Parent PID: 638364
==638370== 
==638370== 
==638370== FILE DESCRIPTORS: 1 open (1 inherited) at exit.
==638370== 
==638370== HEAP SUMMARY:
==638370==     in use at exit: 4,584 bytes in 9 blocks
==638370==   total heap usage: 72 allocs, 63 frees, 56,973 bytes allocated
==638370== 
==638370== 5 bytes in 1 blocks are still reachable in loss record 1 of 9
==638370==    at 0x586E858: malloc (vg_replace_malloc.c:447)
==638370==    by 0x469E66D: rboxc_tar_xstrdup (in /root/rboxc/target/tar-map-probe-candidate/release/rboxc)
==638370==    by 0x466FF4F: rboxc_tar_assign_string (in /root/rboxc/target/tar-map-probe-candidate/release/rboxc)
==638370==    by 0x4673232: rboxc_tar_uid_to_uname (in /root/rboxc/target/tar-map-probe-candidate/release/rboxc)
==638370==    by 0x4662453: rboxc_tar_start_header (in /root/rboxc/target/tar-map-probe-candidate/release/rboxc)
==638370==    by 0x46625F8: dump_regular_file (in /root/rboxc/target/tar-map-probe-candidate/release/rboxc)
==638370==    by 0x4663442: dump_file0 (in /root/rboxc/target/tar-map-probe-candidate/release/rboxc)
==638370==    by 0x46643E9: rboxc_tar_create_archive (in /root/rboxc/target/tar-map-probe-candidate/release/rboxc)
==638370==    by 0x4478AF8: single_binary_main_tar (in /root/rboxc/target/tar-map-probe-candidate/release/rboxc)
==638370==    by 0x5A18600: (below main) (libc_start_call_main.h:59)
==638370== 
==638370== 5 bytes in 1 blocks are still reachable in loss record 2 of 9
==638370==    at 0x586E858: malloc (vg_replace_malloc.c:447)
==638370==    by 0x469E66D: rboxc_tar_xstrdup (in /root/rboxc/target/tar-map-probe-candidate/release/rboxc)
==638370==    by 0x466FF4F: rboxc_tar_assign_string (in /root/rboxc/target/tar-map-probe-candidate/release/rboxc)
==638370==    by 0x46732C2: rboxc_tar_gid_to_gname (in /root/rboxc/target/tar-map-probe-candidate/release/rboxc)
==638370==    by 0x466243B: rboxc_tar_start_header (in /root/rboxc/target/tar-map-probe-candidate/release/rboxc)
==638370==    by 0x46625F8: dump_regular_file (in /root/rboxc/target/tar-map-probe-candidate/release/rboxc)
==638370==    by 0x4663442: dump_file0 (in /root/rboxc/target/tar-map-probe-candidate/release/rboxc)
==638370==    by 0x46643E9: rboxc_tar_create_archive (in /root/rboxc/target/tar-map-probe-candidate/release/rboxc)
==638370==    by 0x4478AF8: single_binary_main_tar (in /root/rboxc/target/tar-map-probe-candidate/release/rboxc)
==638370==    by 0x5A18600: (below main) (libc_start_call_main.h:59)
==638370== 
==638370== 16 bytes in 1 blocks are still reachable in loss record 3 of 9
==638370==    at 0x5875E43: calloc (vg_replace_malloc.c:1678)
==638370==    by 0x469E501: rboxc_tar_xzalloc (in /root/rboxc/target/tar-map-probe-candidate/release/rboxc)
==638370==    by 0x4477AF5: single_binary_main_tar (in /root/rboxc/target/tar-map-probe-candidate/release/rboxc)
==638370==    by 0x5A18600: (below main) (libc_start_call_main.h:59)
==638370== 
==638370== 56 bytes in 1 blocks are still reachable in loss record 4 of 9
==638370==    at 0x586E858: malloc (vg_replace_malloc.c:447)
==638370==    by 0x469E0DC: rboxc_tar_xmalloc (in /root/rboxc/target/tar-map-probe-candidate/release/rboxc)
==638370==    by 0x4660EDE: file_count_links (in /root/rboxc/target/tar-map-probe-candidate/release/rboxc)
==638370==    by 0x46638B8: dump_file0 (in /root/rboxc/target/tar-map-probe-candidate/release/rboxc)
==638370==    by 0x46643E9: rboxc_tar_create_archive (in /root/rboxc/target/tar-map-probe-candidate/release/rboxc)
==638370==    by 0x4478AF8: single_binary_main_tar (in /root/rboxc/target/tar-map-probe-candidate/release/rboxc)
==638370==    by 0x5A18600: (below main) (libc_start_call_main.h:59)
==638370== 
==638370== 80 bytes in 1 blocks are still reachable in loss record 5 of 9
==638370==    at 0x586E858: malloc (vg_replace_malloc.c:447)
==638370==    by 0x469E0DC: rboxc_tar_xmalloc (in /root/rboxc/target/tar-map-probe-candidate/release/rboxc)
==638370==    by 0x4477A00: single_binary_main_tar (in /root/rboxc/target/tar-map-probe-candidate/release/rboxc)
==638370==    by 0x5A18600: (below main) (libc_start_call_main.h:59)
==638370== 
==638370== 80 bytes in 1 blocks are still reachable in loss record 6 of 9
==638370==    at 0x586E858: malloc (vg_replace_malloc.c:447)
==638370==    by 0x4693786: rboxc_tar_hash_initialize (in /root/rboxc/target/tar-map-probe-candidate/release/rboxc)
==638370==    by 0x4660F7B: file_count_links (in /root/rboxc/target/tar-map-probe-candidate/release/rboxc)
==638370==    by 0x46638B8: dump_file0 (in /root/rboxc/target/tar-map-probe-candidate/release/rboxc)
==638370==    by 0x46643E9: rboxc_tar_create_archive (in /root/rboxc/target/tar-map-probe-candidate/release/rboxc)
==638370==    by 0x4478AF8: single_binary_main_tar (in /root/rboxc/target/tar-map-probe-candidate/release/rboxc)
==638370==    by 0x5A18600: (below main) (libc_start_call_main.h:59)
==638370== 
==638370== 102 bytes in 1 blocks are still reachable in loss record 7 of 9
==638370==    at 0x586E858: malloc (vg_replace_malloc.c:447)
==638370==    by 0x469E0DC: rboxc_tar_xmalloc (in /root/rboxc/target/tar-map-probe-candidate/release/rboxc)
==638370==    by 0x46734A1: rboxc_tar_name_init (in /root/rboxc/target/tar-map-probe-candidate/release/rboxc)
==638370==    by 0x4478A7A: single_binary_main_tar (in /root/rboxc/target/tar-map-probe-candidate/release/rboxc)
==638370==    by 0x5A18600: (below main) (libc_start_call_main.h:59)
==638370== 
==638370== 176 bytes in 1 blocks are still reachable in loss record 8 of 9
==638370==    at 0x5875E43: calloc (vg_replace_malloc.c:1678)
==638370==    by 0x46937DC: rboxc_tar_hash_initialize (in /root/rboxc/target/tar-map-probe-candidate/release/rboxc)
==638370==    by 0x4660F7B: file_count_links (in /root/rboxc/target/tar-map-probe-candidate/release/rboxc)
==638370==    by 0x46638B8: dump_file0 (in /root/rboxc/target/tar-map-probe-candidate/release/rboxc)
==638370==    by 0x46643E9: rboxc_tar_create_archive (in /root/rboxc/target/tar-map-probe-candidate/release/rboxc)
==638370==    by 0x4478AF8: single_binary_main_tar (in /root/rboxc/target/tar-map-probe-candidate/release/rboxc)
==638370==    by 0x5A18600: (below main) (libc_start_call_main.h:59)
==638370== 
==638370== 4,064 bytes in 1 blocks are still reachable in loss record 9 of 9
==638370==    at 0x586E858: malloc (vg_replace_malloc.c:447)
==638370==    by 0x469E0DC: rboxc_tar_xmalloc (in /root/rboxc/target/tar-map-probe-candidate/release/rboxc)
==638370==    by 0x4695FFD: _obstack_begin_worker.isra.0 (in /root/rboxc/target/tar-map-probe-candidate/release/rboxc)
==638370==    by 0x4696028: rboxc_tar__obstack_begin (in /root/rboxc/target/tar-map-probe-candidate/release/rboxc)
==638370==    by 0x4679CD7: rboxc_tar_transform_name_fp (in /root/rboxc/target/tar-map-probe-candidate/release/rboxc)
==638370==    by 0x46632A4: dump_file0 (in /root/rboxc/target/tar-map-probe-candidate/release/rboxc)
==638370==    by 0x46643E9: rboxc_tar_create_archive (in /root/rboxc/target/tar-map-probe-candidate/release/rboxc)
==638370==    by 0x4478AF8: single_binary_main_tar (in /root/rboxc/target/tar-map-probe-candidate/release/rboxc)
==638370==    by 0x5A18600: (below main) (libc_start_call_main.h:59)
==638370== 
==638370== LEAK SUMMARY:
==638370==    definitely lost: 0 bytes in 0 blocks
==638370==    indirectly lost: 0 bytes in 0 blocks
==638370==      possibly lost: 0 bytes in 0 blocks
==638370==    still reachable: 4,584 bytes in 9 blocks
==638370==         suppressed: 0 bytes in 0 blocks
==638370== 
==638370== For lists of detected and suppressed errors, rerun with: -s
==638370== ERROR SUMMARY: 0 errors from 0 contexts (suppressed: 0 from 0)
