==653461== Memcheck, a memory error detector
==653461== Copyright (C) 2002-2024, and GNU GPL'd, by Julian Seward et al.
==653461== Using Valgrind-3.26.0 and LibVEX; rerun with -h for copyright info
==653461== Command: tar --xattrs --no-recursion -cf archive.tar dir dir/file dir/file2
==653461== Parent PID: 653206
==653461== 
==653461== 
==653461== FILE DESCRIPTORS: 1 open (1 inherited) at exit.
==653461== 
==653461== HEAP SUMMARY:
==653461==     in use at exit: 7,029 bytes in 20 blocks
==653461==   total heap usage: 107 allocs, 87 frees, 105,278 bytes allocated
==653461== 
==653461== 5 bytes in 1 blocks are still reachable in loss record 1 of 16
==653461==    at 0x48BD858: malloc (vg_replace_malloc.c:447)
==653461==    by 0x405185D: xmalloc (xmalloc.c:45)
==653461==    by 0x405185D: xmemdup (xmalloc.c:314)
==653461==    by 0x405185D: xstrdup (xmalloc.c:339)
==653461==    by 0x402644F: assign_string (misc.c:58)
==653461==    by 0x4029612: uid_to_uname (names.c:490)
==653461==    by 0x40155F3: start_header (create.c:931)
==653461==    by 0x40167F9: dump_dir0 (create.c:1123)
==653461==    by 0x40167F9: dump_dir (create.c:1320)
==653461==    by 0x40167F9: dump_file0 (create.c:1757)
==653461==    by 0x4017589: dump_file (create.c:1968)
==653461==    by 0x4017589: create_archive (create.c:1412)
==653461==    by 0x400CD90: main (tar.c:2818)
==653461== 
==653461== 5 bytes in 1 blocks are still reachable in loss record 2 of 16
==653461==    at 0x48BD858: malloc (vg_replace_malloc.c:447)
==653461==    by 0x405185D: xmalloc (xmalloc.c:45)
==653461==    by 0x405185D: xmemdup (xmalloc.c:314)
==653461==    by 0x405185D: xstrdup (xmalloc.c:339)
==653461==    by 0x402644F: assign_string (misc.c:58)
==653461==    by 0x40296A2: gid_to_gname (names.c:520)
==653461==    by 0x40155DB: start_header (create.c:936)
==653461==    by 0x40167F9: dump_dir0 (create.c:1123)
==653461==    by 0x40167F9: dump_dir (create.c:1320)
==653461==    by 0x40167F9: dump_file0 (create.c:1757)
==653461==    by 0x4017589: dump_file (create.c:1968)
==653461==    by 0x4017589: create_archive (create.c:1412)
==653461==    by 0x400CD90: main (tar.c:2818)
==653461== 
==653461== 10 bytes in 2 blocks are indirectly lost in loss record 3 of 16
==653461==    at 0x48BD858: malloc (vg_replace_malloc.c:447)
==653461==    by 0x40387DD: wsnode_quoteremoval (wordsplit.c:651)
==653461==    by 0x4039CFD: wordsplit_process_list (wordsplit.c:2390)
==653461==    by 0x403A562: wordsplit_run.constprop.0 (wordsplit.c:2434)
==653461==    by 0x400BFFA: parse_default_options (tar.c:2256)
==653461==    by 0x400BFFA: decode_options (tar.c:2378)
==653461==    by 0x400BFFA: main (tar.c:2792)
==653461== 
==653461== 10 bytes in 2 blocks are definitely lost in loss record 4 of 16
==653461==    at 0x48BD858: malloc (vg_replace_malloc.c:447)
==653461==    by 0x403A1FB: wordsplit_finish (wordsplit.c:836)
==653461==    by 0x400BFFA: parse_default_options (tar.c:2256)
==653461==    by 0x400BFFA: decode_options (tar.c:2378)
==653461==    by 0x400BFFA: main (tar.c:2792)
==653461== 
==653461== 16 bytes in 1 blocks are still reachable in loss record 5 of 16
==653461==    at 0x48C4E43: calloc (vg_replace_malloc.c:1678)
==653461==    by 0x40516F1: xcalloc (xmalloc.c:298)
==653461==    by 0x40516F1: xzalloc (xmalloc.c:283)
==653461==    by 0x400BEF9: decode_options (tar.c:2297)
==653461==    by 0x400BEF9: main (tar.c:2792)
==653461== 
==653461== 17 bytes in 1 blocks are still reachable in loss record 6 of 16
==653461==    at 0x48BD858: malloc (vg_replace_malloc.c:447)
==653461==    by 0x405185D: xmalloc (xmalloc.c:45)
==653461==    by 0x405185D: xmemdup (xmalloc.c:314)
==653461==    by 0x405185D: xstrdup (xmalloc.c:339)
==653461==    by 0x402644F: assign_string (misc.c:58)
==653461==    by 0x401E7A6: xheader_xhdr_name (xheader.c:393)
==653461==    by 0x4014297: write_extended.part.0 (create.c:713)
==653461==    by 0x4014896: write_extended (create.c:699)
==653461==    by 0x4014896: finish_header (create.c:1024)
==653461==    by 0x4016C5E: dump_dir0 (create.c:1137)
==653461==    by 0x4016C5E: dump_dir (create.c:1320)
==653461==    by 0x4016C5E: dump_file0 (create.c:1757)
==653461==    by 0x4017589: dump_file (create.c:1968)
==653461==    by 0x4017589: create_archive (create.c:1412)
==653461==    by 0x400CD90: main (tar.c:2818)
==653461== 
==653461== 80 bytes in 1 blocks are still reachable in loss record 7 of 16
==653461==    at 0x48BD858: malloc (vg_replace_malloc.c:447)
==653461==    by 0x40512CC: xmalloc (xmalloc.c:45)
==653461==    by 0x400BE43: main (tar.c:2781)
==653461== 
==653461== 80 bytes in 1 blocks are still reachable in loss record 8 of 16
==653461==    at 0x48BD858: malloc (vg_replace_malloc.c:447)
==653461==    by 0x4047846: hash_initialize (hash.c:523)
==653461==    by 0x401411B: file_count_links (create.c:1530)
==653461==    by 0x401411B: file_count_links (create.c:1508)
==653461==    by 0x4016A58: dump_file0 (create.c:1779)
==653461==    by 0x4017589: dump_file (create.c:1968)
==653461==    by 0x4017589: create_archive (create.c:1412)
==653461==    by 0x400CD90: main (tar.c:2818)
==653461== 
==653461== 80 bytes in 2 blocks are still reachable in loss record 9 of 16
==653461==    at 0x48BD858: malloc (vg_replace_malloc.c:447)
==653461==    by 0x40512CC: xmalloc (xmalloc.c:45)
==653461==    by 0x401407E: file_count_links (create.c:1522)
==653461==    by 0x401407E: file_count_links (create.c:1508)
==653461==    by 0x4016A58: dump_file0 (create.c:1779)
==653461==    by 0x4017589: dump_file (create.c:1968)
==653461==    by 0x4017589: create_archive (create.c:1412)
==653461==    by 0x400CD90: main (tar.c:2818)
==653461== 
==653461== 90 (80 direct, 10 indirect) bytes in 2 blocks are definitely lost in loss record 10 of 16
==653461==    at 0x48C4E43: calloc (vg_replace_malloc.c:1678)
==653461==    by 0x403959D: wsnode_new (wordsplit.c:422)
==653461==    by 0x403959D: wordsplit_add_segm (wordsplit.c:523)
==653461==    by 0x4039854: scan_word (wordsplit.c:2062)
==653461==    by 0x4039C7C: wordsplit_process_list (wordsplit.c:2358)
==653461==    by 0x403A562: wordsplit_run.constprop.0 (wordsplit.c:2434)
==653461==    by 0x400BFFA: parse_default_options (tar.c:2256)
==653461==    by 0x400BFFA: decode_options (tar.c:2378)
==653461==    by 0x400BFFA: main (tar.c:2792)
==653461== 
==653461== 102 bytes in 1 blocks are still reachable in loss record 11 of 16
==653461==    at 0x48BD858: malloc (vg_replace_malloc.c:447)
==653461==    by 0x40512CC: xmalloc (xmalloc.c:45)
==653461==    by 0x4029881: name_init (names.c:869)
==653461==    by 0x400C94C: main (tar.c:2794)
==653461== 
==653461== 176 bytes in 1 blocks are still reachable in loss record 12 of 16
==653461==    at 0x48C4E43: calloc (vg_replace_malloc.c:1678)
==653461==    by 0x404789C: hash_initialize (hash.c:544)
==653461==    by 0x401411B: file_count_links (create.c:1530)
==653461==    by 0x401411B: file_count_links (create.c:1508)
==653461==    by 0x4016A58: dump_file0 (create.c:1779)
==653461==    by 0x4017589: dump_file (create.c:1968)
==653461==    by 0x4017589: create_archive (create.c:1412)
==653461==    by 0x400CD90: main (tar.c:2818)
==653461== 
==653461== 256 bytes in 1 blocks are still reachable in loss record 13 of 16
==653461==    at 0x48BD858: malloc (vg_replace_malloc.c:447)
==653461==    by 0x40512CC: xmalloc (xmalloc.c:45)
==653461==    by 0x401D274: xattr_encode_keyword (xheader.c:833)
==653461==    by 0x401D274: xheader_print_n (xheader.c:876)
==653461==    by 0x401D4FB: xheader_print (xheader.c:899)
==653461==    by 0x401D4FB: code_time (xheader.c:1043)
==653461==    by 0x401D4FB: mtime_coder (xheader.c:1232)
==653461==    by 0x401527F: start_header (create.c:852)
==653461==    by 0x40167F9: dump_dir0 (create.c:1123)
==653461==    by 0x40167F9: dump_dir (create.c:1320)
==653461==    by 0x40167F9: dump_file0 (create.c:1757)
==653461==    by 0x4017589: dump_file (create.c:1968)
==653461==    by 0x4017589: create_archive (create.c:1412)
==653461==    by 0x400CD90: main (tar.c:2818)
==653461== 
==653461== 1,024 bytes in 1 blocks are still reachable in loss record 14 of 16
==653461==    at 0x48C53C0: reallocarray (vg_replace_malloc.c:1806)
==653461==    by 0x40515C9: xreallocarray (xmalloc.c:84)
==653461==    by 0x40515C9: x2nrealloc (xmalloc.c:203)
==653461==    by 0x4034EBB: xattrs_xattrs_get (xattrs.c:560)
==653461==    by 0x401676D: dump_file0 (create.c:1742)
==653461==    by 0x4017589: dump_file (create.c:1968)
==653461==    by 0x4017589: create_archive (create.c:1412)
==653461==    by 0x400CD90: main (tar.c:2818)
==653461== 
==653461== 1,024 bytes in 1 blocks are still reachable in loss record 15 of 16
==653461==    at 0x48C53C0: reallocarray (vg_replace_malloc.c:1806)
==653461==    by 0x40515C9: xreallocarray (xmalloc.c:84)
==653461==    by 0x40515C9: x2nrealloc (xmalloc.c:203)
==653461==    by 0x40350AB: xattrs_xattrs_get (xattrs.c:580)
==653461==    by 0x401676D: dump_file0 (create.c:1742)
==653461==    by 0x4017589: dump_file (create.c:1968)
==653461==    by 0x4017589: create_archive (create.c:1412)
==653461==    by 0x400CD90: main (tar.c:2818)
==653461== 
==653461== 4,064 bytes in 1 blocks are still reachable in loss record 16 of 16
==653461==    at 0x48BD858: malloc (vg_replace_malloc.c:447)
==653461==    by 0x40512CC: xmalloc (xmalloc.c:45)
==653461==    by 0x404A07D: call_chunkfun (obstack.c:88)
==653461==    by 0x404A07D: _obstack_begin_worker.isra.0 (obstack.c:135)
==653461==    by 0x404A0A8: _obstack_begin (obstack.c:157)
==653461==    by 0x4032C57: _transform_name_to_obstack (transform.c:592)
==653461==    by 0x4032C57: transform_name_fp (transform.c:614)
==653461==    by 0x4016444: dump_file0 (create.c:1657)
==653461==    by 0x4017589: dump_file (create.c:1968)
==653461==    by 0x4017589: create_archive (create.c:1412)
==653461==    by 0x400CD90: main (tar.c:2818)
==653461== 
==653461== LEAK SUMMARY:
==653461==    definitely lost: 90 bytes in 4 blocks
==653461==    indirectly lost: 10 bytes in 2 blocks
==653461==      possibly lost: 0 bytes in 0 blocks
==653461==    still reachable: 6,929 bytes in 14 blocks
==653461==         suppressed: 0 bytes in 0 blocks
==653461== 
==653461== For lists of detected and suppressed errors, rerun with: -s
==653461== ERROR SUMMARY: 2 errors from 2 contexts (suppressed: 0 from 0)
