==654192== Memcheck, a memory error detector
==654192== Copyright (C) 2002-2024, and GNU GPL'd, by Julian Seward et al.
==654192== Using Valgrind-3.26.0 and LibVEX; rerun with -h for copyright info
==654192== Command: tar --xattrs -xvf archive.tar --skip-old-files
==654192== Parent PID: 653783
==654192== 
==654192== 
==654192== FILE DESCRIPTORS: 1 open (1 inherited) at exit.
==654192== 
==654192== HEAP SUMMARY:
==654192==     in use at exit: 4,402 bytes in 13 blocks
==654192==   total heap usage: 89 allocs, 76 frees, 62,941 bytes allocated
==654192== 
==654192== 5 bytes in 1 blocks are still reachable in loss record 1 of 10
==654192==    at 0x48BD858: malloc (vg_replace_malloc.c:447)
==654192==    by 0x405185D: xmalloc (xmalloc.c:45)
==654192==    by 0x405185D: xmemdup (xmalloc.c:314)
==654192==    by 0x405185D: xstrdup (xmalloc.c:339)
==654192==    by 0x402644F: assign_string (misc.c:58)
==654192==    by 0x402973C: uname_to_uid (names.c:550)
==654192==    by 0x402457F: decode_header (list.c:694)
==654192==    by 0x4025616: read_and (list.c:194)
==654192==    by 0x400CD61: main (tar.c:2823)
==654192== 
==654192== 5 bytes in 1 blocks are still reachable in loss record 2 of 10
==654192==    at 0x48BD858: malloc (vg_replace_malloc.c:447)
==654192==    by 0x405185D: xmalloc (xmalloc.c:45)
==654192==    by 0x405185D: xmemdup (xmalloc.c:314)
==654192==    by 0x405185D: xstrdup (xmalloc.c:339)
==654192==    by 0x402644F: assign_string (misc.c:58)
==654192==    by 0x40297DC: gname_to_gid (names.c:580)
==654192==    by 0x402455F: decode_header (list.c:699)
==654192==    by 0x4025616: read_and (list.c:194)
==654192==    by 0x400CD61: main (tar.c:2823)
==654192== 
==654192== 9 bytes in 2 blocks are indirectly lost in loss record 3 of 10
==654192==    at 0x48BD858: malloc (vg_replace_malloc.c:447)
==654192==    by 0x40387DD: wsnode_quoteremoval (wordsplit.c:651)
==654192==    by 0x4039CFD: wordsplit_process_list (wordsplit.c:2390)
==654192==    by 0x403A562: wordsplit_run.constprop.0 (wordsplit.c:2434)
==654192==    by 0x400BFFA: parse_default_options (tar.c:2256)
==654192==    by 0x400BFFA: decode_options (tar.c:2378)
==654192==    by 0x400BFFA: main (tar.c:2792)
==654192== 
==654192== 9 bytes in 2 blocks are definitely lost in loss record 4 of 10
==654192==    at 0x48BD858: malloc (vg_replace_malloc.c:447)
==654192==    by 0x403A1FB: wordsplit_finish (wordsplit.c:836)
==654192==    by 0x400BFFA: parse_default_options (tar.c:2256)
==654192==    by 0x400BFFA: decode_options (tar.c:2378)
==654192==    by 0x400BFFA: main (tar.c:2792)
==654192== 
==654192== 16 bytes in 1 blocks are still reachable in loss record 5 of 10
==654192==    at 0x48C4E43: calloc (vg_replace_malloc.c:1678)
==654192==    by 0x40516F1: xcalloc (xmalloc.c:298)
==654192==    by 0x40516F1: xzalloc (xmalloc.c:283)
==654192==    by 0x400BEF9: decode_options (tar.c:2297)
==654192==    by 0x400BEF9: main (tar.c:2792)
==654192== 
==654192== 32 bytes in 1 blocks are still reachable in loss record 6 of 10
==654192==    at 0x48BD858: malloc (vg_replace_malloc.c:447)
==654192==    by 0x40512CC: xmalloc (xmalloc.c:45)
==654192==    by 0x402F07B: optloc_save (tar.c:926)
==654192==    by 0x402FF45: set_old_files_option (tar.c:1356)
==654192==    by 0x40309A2: parse_opt (tar.c:1700)
==654192==    by 0x40421C3: group_parse (argp-parse.c:233)
==654192==    by 0x40421C3: parser_parse_opt (argp-parse.c:748)
==654192==    by 0x40421C3: parser_parse_next (argp-parse.c:859)
==654192==    by 0x40421C3: argp_parse (argp-parse.c:927)
==654192==    by 0x400C045: decode_options (tar.c:2380)
==654192==    by 0x400C045: main (tar.c:2792)
==654192== 
==654192== 80 bytes in 1 blocks are still reachable in loss record 7 of 10
==654192==    at 0x48BD858: malloc (vg_replace_malloc.c:447)
==654192==    by 0x40512CC: xmalloc (xmalloc.c:45)
==654192==    by 0x400BE43: main (tar.c:2781)
==654192== 
==654192== 89 (80 direct, 9 indirect) bytes in 2 blocks are definitely lost in loss record 8 of 10
==654192==    at 0x48C4E43: calloc (vg_replace_malloc.c:1678)
==654192==    by 0x403959D: wsnode_new (wordsplit.c:422)
==654192==    by 0x403959D: wordsplit_add_segm (wordsplit.c:523)
==654192==    by 0x4039854: scan_word (wordsplit.c:2062)
==654192==    by 0x4039C7C: wordsplit_process_list (wordsplit.c:2358)
==654192==    by 0x403A562: wordsplit_run.constprop.0 (wordsplit.c:2434)
==654192==    by 0x400BFFA: parse_default_options (tar.c:2256)
==654192==    by 0x400BFFA: decode_options (tar.c:2378)
==654192==    by 0x400BFFA: main (tar.c:2792)
==654192== 
==654192== 102 bytes in 1 blocks are still reachable in loss record 9 of 10
==654192==    at 0x48BD858: malloc (vg_replace_malloc.c:447)
==654192==    by 0x40512CC: xmalloc (xmalloc.c:45)
==654192==    by 0x4029881: name_init (names.c:869)
==654192==    by 0x400C94C: main (tar.c:2794)
==654192== 
==654192== 4,064 bytes in 1 blocks are still reachable in loss record 10 of 10
==654192==    at 0x48BD858: malloc (vg_replace_malloc.c:447)
==654192==    by 0x40512CC: xmalloc (xmalloc.c:45)
==654192==    by 0x404A07D: call_chunkfun (obstack.c:88)
==654192==    by 0x404A07D: _obstack_begin_worker.isra.0 (obstack.c:135)
==654192==    by 0x404A0A8: _obstack_begin (obstack.c:157)
==654192==    by 0x4032C57: _transform_name_to_obstack (transform.c:592)
==654192==    by 0x4032C57: transform_name_fp (transform.c:614)
==654192==    by 0x4023670: transform_member_name (list.c:114)
==654192==    by 0x4023670: transform_stat_info.part.0 (list.c:150)
==654192==    by 0x4025850: transform_stat_info (list.c:227)
==654192==    by 0x4025850: read_and (list.c:227)
==654192==    by 0x400CD61: main (tar.c:2823)
==654192== 
==654192== LEAK SUMMARY:
==654192==    definitely lost: 89 bytes in 4 blocks
==654192==    indirectly lost: 9 bytes in 2 blocks
==654192==      possibly lost: 0 bytes in 0 blocks
==654192==    still reachable: 4,304 bytes in 7 blocks
==654192==         suppressed: 0 bytes in 0 blocks
==654192== 
==654192== For lists of detected and suppressed errors, rerun with: -s
==654192== ERROR SUMMARY: 2 errors from 2 contexts (suppressed: 0 from 0)
