==724211== Memcheck, a memory error detector
==724211== Copyright (C) 2002-2024, and GNU GPL'd, by Julian Seward et al.
==724211== Using Valgrind-3.26.0 and LibVEX; rerun with -h for copyright info
==724211== Command: /tmp/rboxc-gawk-original-rcvutptm/deps/sort
==724211== Parent PID: 724207
==724211== 
==724211== 
==724211== FILE DESCRIPTORS: 0 open (0 inherited) at exit.
==724211== 
==724211== HEAP SUMMARY:
==724211==     in use at exit: 128 bytes in 1 blocks
==724211==   total heap usage: 25 allocs, 24 frees, 16,935,129 bytes allocated
==724211== 
==724211== 128 bytes in 1 blocks are still reachable in loss record 1 of 1
==724211==    at 0x4BF907F: realloc (vg_replace_malloc.c:1804)
==724211==    by 0x411C0A6: rpl_realloc (stdlib.h:2059)
==724211==    by 0x411C0A6: xrealloc (xmalloc.c:70)
==724211==    by 0x411C0A6: xpalloc (xmalloc.c:269)
==724211==    by 0x40A7BB6: add_temp_dir (sort.c:1347)
==724211==    by 0x40AE3A4: single_binary_main_sort (sort.c:4921)
==724211==    by 0x401A532: launch_program (coreutils.c:126)
==724211==    by 0x4018E7A: main (coreutils.c:143)
==724211== 
==724211== LEAK SUMMARY:
==724211==    definitely lost: 0 bytes in 0 blocks
==724211==    indirectly lost: 0 bytes in 0 blocks
==724211==      possibly lost: 0 bytes in 0 blocks
==724211==    still reachable: 128 bytes in 1 blocks
==724211==         suppressed: 0 bytes in 0 blocks
==724211== 
==724211== For lists of detected and suppressed errors, rerun with: -s
==724211== ERROR SUMMARY: 0 errors from 0 contexts (suppressed: 0 from 0)
