==722220== Memcheck, a memory error detector
==722220== Copyright (C) 2002-2024, and GNU GPL'd, by Julian Seward et al.
==722220== Using Valgrind-3.26.0 and LibVEX; rerun with -h for copyright info
==722220== Command: tar --version
==722220== Parent PID: 722135
==722220== 
==722220== 
==722220== FILE DESCRIPTORS: 4 open (4 inherited) at exit.
==722220== 
==722220== HEAP SUMMARY:
==722220==     in use at exit: 7,767 bytes in 3 blocks
==722220==   total heap usage: 15 allocs, 12 frees, 12,021 bytes allocated
==722220== 
==722220== 16 bytes in 1 blocks are still reachable in loss record 1 of 3
==722220==    at 0x5875E43: calloc (vg_replace_malloc.c:1678)
==722220==    by 0x469E681: rboxc_tar_xzalloc (in /root/rboxc/target/tar-child-input-candidate/release/rboxc)
==722220==    by 0x440DEF5: single_binary_main_tar (in /root/rboxc/target/tar-child-input-candidate/release/rboxc)
==722220==    by 0x5A18600: (below main) (libc_start_call_main.h:59)
==722220== 
==722220== 80 bytes in 1 blocks are still reachable in loss record 2 of 3
==722220==    at 0x586E858: malloc (vg_replace_malloc.c:447)
==722220==    by 0x469E25C: rboxc_tar_xmalloc (in /root/rboxc/target/tar-child-input-candidate/release/rboxc)
==722220==    by 0x440DE00: single_binary_main_tar (in /root/rboxc/target/tar-child-input-candidate/release/rboxc)
==722220==    by 0x5A18600: (below main) (libc_start_call_main.h:59)
==722220== 
==722220== 7,671 bytes in 1 blocks are still reachable in loss record 3 of 3
==722220==    at 0x586E858: malloc (vg_replace_malloc.c:447)
==722220==    by 0x468C8D4: rboxc_tar_argp_parse (in /root/rboxc/target/tar-child-input-candidate/release/rboxc)
==722220==    by 0x440E425: single_binary_main_tar (in /root/rboxc/target/tar-child-input-candidate/release/rboxc)
==722220==    by 0x5A18600: (below main) (libc_start_call_main.h:59)
==722220== 
==722220== LEAK SUMMARY:
==722220==    definitely lost: 0 bytes in 0 blocks
==722220==    indirectly lost: 0 bytes in 0 blocks
==722220==      possibly lost: 0 bytes in 0 blocks
==722220==    still reachable: 7,767 bytes in 3 blocks
==722220==         suppressed: 0 bytes in 0 blocks
==722220== 
==722220== For lists of detected and suppressed errors, rerun with: -s
==722220== ERROR SUMMARY: 0 errors from 0 contexts (suppressed: 0 from 0)
