==694262== Memcheck, a memory error detector
==694262== Copyright (C) 2002-2024, and GNU GPL'd, by Julian Seward et al.
==694262== Using Valgrind-3.26.0 and LibVEX; rerun with -h for copyright info
==694262== Command: /tmp/rboxc-tar-behavior-348tqx2s/exec/tar --help
==694262== Parent PID: 683658
==694262== 
==694262== 
==694262== FILE DESCRIPTORS: 2 open (2 inherited) at exit.
==694262== 
==694262== HEAP SUMMARY:
==694262==     in use at exit: 7,767 bytes in 3 blocks
==694262==   total heap usage: 549 allocs, 546 frees, 69,623 bytes allocated
==694262== 
==694262== 16 bytes in 1 blocks are still reachable in loss record 1 of 3
==694262==    at 0x5875E43: calloc (vg_replace_malloc.c:1678)
==694262==    by 0x469E5C1: rboxc_tar_xzalloc (in /root/rboxc/target/tar-child-prefix-candidate/release/rboxc)
==694262==    by 0x440DEB5: single_binary_main_tar (in /root/rboxc/target/tar-child-prefix-candidate/release/rboxc)
==694262==    by 0x5A18600: (below main) (libc_start_call_main.h:59)
==694262== 
==694262== 80 bytes in 1 blocks are still reachable in loss record 2 of 3
==694262==    at 0x586E858: malloc (vg_replace_malloc.c:447)
==694262==    by 0x469E19C: rboxc_tar_xmalloc (in /root/rboxc/target/tar-child-prefix-candidate/release/rboxc)
==694262==    by 0x440DDC0: single_binary_main_tar (in /root/rboxc/target/tar-child-prefix-candidate/release/rboxc)
==694262==    by 0x5A18600: (below main) (libc_start_call_main.h:59)
==694262== 
==694262== 7,671 bytes in 1 blocks are still reachable in loss record 3 of 3
==694262==    at 0x586E858: malloc (vg_replace_malloc.c:447)
==694262==    by 0x468C814: rboxc_tar_argp_parse (in /root/rboxc/target/tar-child-prefix-candidate/release/rboxc)
==694262==    by 0x440E3E5: single_binary_main_tar (in /root/rboxc/target/tar-child-prefix-candidate/release/rboxc)
==694262==    by 0x5A18600: (below main) (libc_start_call_main.h:59)
==694262== 
==694262== LEAK SUMMARY:
==694262==    definitely lost: 0 bytes in 0 blocks
==694262==    indirectly lost: 0 bytes in 0 blocks
==694262==      possibly lost: 0 bytes in 0 blocks
==694262==    still reachable: 7,767 bytes in 3 blocks
==694262==         suppressed: 0 bytes in 0 blocks
==694262== 
==694262== For lists of detected and suppressed errors, rerun with: -s
==694262== ERROR SUMMARY: 0 errors from 0 contexts (suppressed: 0 from 0)
