==628096== Memcheck, a memory error detector
==628096== Copyright (C) 2002-2024, and GNU GPL'd, by Julian Seward et al.
==628096== Using Valgrind-3.26.0 and LibVEX; rerun with -h for copyright info
==628096== Command: tar cfl archive dir dir
==628096== Parent PID: 628063
==628096== 
==628096== 
==628096== FILE DESCRIPTORS: 1 open (1 inherited) at exit.
==628096== 
==628096== HEAP SUMMARY:
==628096==     in use at exit: 4,763 bytes in 18 blocks
==628096==   total heap usage: 63 allocs, 45 frees, 101,860 bytes allocated
==628096== 
==628096== 6 bytes in 2 blocks are indirectly lost in loss record 1 of 13
==628096==    at 0x48BD858: malloc (vg_replace_malloc.c:447)
==628096==    by 0x40387DD: wsnode_quoteremoval (wordsplit.c:651)
==628096==    by 0x4039CFD: wordsplit_process_list (wordsplit.c:2390)
==628096==    by 0x403A562: wordsplit_run.constprop.0 (wordsplit.c:2434)
==628096==    by 0x400BFFA: parse_default_options (tar.c:2256)
==628096==    by 0x400BFFA: decode_options (tar.c:2378)
==628096==    by 0x400BFFA: main (tar.c:2792)
==628096== 
==628096== 6 bytes in 2 blocks are definitely lost in loss record 2 of 13
==628096==    at 0x48BD858: malloc (vg_replace_malloc.c:447)
==628096==    by 0x403A1FB: wordsplit_finish (wordsplit.c:836)
==628096==    by 0x400BFFA: parse_default_options (tar.c:2256)
==628096==    by 0x400BFFA: decode_options (tar.c:2378)
==628096==    by 0x400BFFA: main (tar.c:2792)
==628096== 
==628096== 9 bytes in 3 blocks are indirectly lost in loss record 3 of 13
==628096==    at 0x48BD858: malloc (vg_replace_malloc.c:447)
==628096==    by 0x405185D: xmalloc (xmalloc.c:45)
==628096==    by 0x405185D: xmemdup (xmalloc.c:314)
==628096==    by 0x405185D: xstrdup (xmalloc.c:339)
==628096==    by 0x400C4F1: decode_options (tar.c:2353)
==628096==    by 0x400C4F1: main (tar.c:2792)
==628096== 
==628096== 16 bytes in 1 blocks are still reachable in loss record 4 of 13
==628096==    at 0x48C4E43: calloc (vg_replace_malloc.c:1678)
==628096==    by 0x40516F1: xcalloc (xmalloc.c:298)
==628096==    by 0x40516F1: xzalloc (xmalloc.c:283)
==628096==    by 0x400BEF9: decode_options (tar.c:2297)
==628096==    by 0x400BEF9: main (tar.c:2792)
==628096== 
==628096== 40 bytes in 1 blocks are still reachable in loss record 5 of 13
==628096==    at 0x48BD858: malloc (vg_replace_malloc.c:447)
==628096==    by 0x40512CC: xmalloc (xmalloc.c:45)
==628096==    by 0x401407E: file_count_links (create.c:1522)
==628096==    by 0x401407E: file_count_links (create.c:1508)
==628096==    by 0x4015F1E: dump_file (create.c:1968)
==628096==    by 0x4017167: dump_dir0 (create.c:1227)
==628096==    by 0x4017167: dump_dir (create.c:1320)
==628096==    by 0x4017167: dump_file0 (create.c:1757)
==628096==    by 0x4017589: dump_file (create.c:1968)
==628096==    by 0x4017589: create_archive (create.c:1412)
==628096==    by 0x400CD90: main (tar.c:2818)
==628096== 
==628096== 40 bytes in 1 blocks are still reachable in loss record 6 of 13
==628096==    at 0x48BD858: malloc (vg_replace_malloc.c:447)
==628096==    by 0x40512CC: xmalloc (xmalloc.c:45)
==628096==    by 0x401407E: file_count_links (create.c:1522)
==628096==    by 0x401407E: file_count_links (create.c:1508)
==628096==    by 0x4016A58: dump_file0 (create.c:1779)
==628096==    by 0x4015F1E: dump_file (create.c:1968)
==628096==    by 0x4017167: dump_dir0 (create.c:1227)
==628096==    by 0x4017167: dump_dir (create.c:1320)
==628096==    by 0x4017167: dump_file0 (create.c:1757)
==628096==    by 0x4017589: dump_file (create.c:1968)
==628096==    by 0x4017589: create_archive (create.c:1412)
==628096==    by 0x400CD90: main (tar.c:2818)
==628096== 
==628096== 73 (64 direct, 9 indirect) bytes in 1 blocks are definitely lost in loss record 7 of 13
==628096==    at 0x48BD858: malloc (vg_replace_malloc.c:447)
==628096==    by 0x40512CC: xmalloc (xmalloc.c:45)
==628096==    by 0x400C46E: decode_options (tar.c:2340)
==628096==    by 0x400C46E: main (tar.c:2792)
==628096== 
==628096== 80 bytes in 1 blocks are still reachable in loss record 8 of 13
==628096==    at 0x48BD858: malloc (vg_replace_malloc.c:447)
==628096==    by 0x40512CC: xmalloc (xmalloc.c:45)
==628096==    by 0x400BE43: main (tar.c:2781)
==628096== 
==628096== 80 bytes in 1 blocks are still reachable in loss record 9 of 13
==628096==    at 0x48BD858: malloc (vg_replace_malloc.c:447)
==628096==    by 0x4047846: hash_initialize (hash.c:523)
==628096==    by 0x401411B: file_count_links (create.c:1530)
==628096==    by 0x401411B: file_count_links (create.c:1508)
==628096==    by 0x4015F1E: dump_file (create.c:1968)
==628096==    by 0x4017167: dump_dir0 (create.c:1227)
==628096==    by 0x4017167: dump_dir (create.c:1320)
==628096==    by 0x4017167: dump_file0 (create.c:1757)
==628096==    by 0x4017589: dump_file (create.c:1968)
==628096==    by 0x4017589: create_archive (create.c:1412)
==628096==    by 0x400CD90: main (tar.c:2818)
==628096== 
==628096== 86 (80 direct, 6 indirect) bytes in 2 blocks are definitely lost in loss record 10 of 13
==628096==    at 0x48C4E43: calloc (vg_replace_malloc.c:1678)
==628096==    by 0x403959D: wsnode_new (wordsplit.c:422)
==628096==    by 0x403959D: wordsplit_add_segm (wordsplit.c:523)
==628096==    by 0x4039854: scan_word (wordsplit.c:2062)
==628096==    by 0x4039C7C: wordsplit_process_list (wordsplit.c:2358)
==628096==    by 0x403A562: wordsplit_run.constprop.0 (wordsplit.c:2434)
==628096==    by 0x400BFFA: parse_default_options (tar.c:2256)
==628096==    by 0x400BFFA: decode_options (tar.c:2378)
==628096==    by 0x400BFFA: main (tar.c:2792)
==628096== 
==628096== 102 bytes in 1 blocks are still reachable in loss record 11 of 13
==628096==    at 0x48BD858: malloc (vg_replace_malloc.c:447)
==628096==    by 0x40512CC: xmalloc (xmalloc.c:45)
==628096==    by 0x4029881: name_init (names.c:869)
==628096==    by 0x400C94C: main (tar.c:2794)
==628096== 
==628096== 176 bytes in 1 blocks are still reachable in loss record 12 of 13
==628096==    at 0x48C4E43: calloc (vg_replace_malloc.c:1678)
==628096==    by 0x404789C: hash_initialize (hash.c:544)
==628096==    by 0x401411B: file_count_links (create.c:1530)
==628096==    by 0x401411B: file_count_links (create.c:1508)
==628096==    by 0x4015F1E: dump_file (create.c:1968)
==628096==    by 0x4017167: dump_dir0 (create.c:1227)
==628096==    by 0x4017167: dump_dir (create.c:1320)
==628096==    by 0x4017167: dump_file0 (create.c:1757)
==628096==    by 0x4017589: dump_file (create.c:1968)
==628096==    by 0x4017589: create_archive (create.c:1412)
==628096==    by 0x400CD90: main (tar.c:2818)
==628096== 
==628096== 4,064 bytes in 1 blocks are still reachable in loss record 13 of 13
==628096==    at 0x48BD858: malloc (vg_replace_malloc.c:447)
==628096==    by 0x40512CC: xmalloc (xmalloc.c:45)
==628096==    by 0x404A07D: call_chunkfun (obstack.c:88)
==628096==    by 0x404A07D: _obstack_begin_worker.isra.0 (obstack.c:135)
==628096==    by 0x404A0A8: _obstack_begin (obstack.c:157)
==628096==    by 0x4032C57: _transform_name_to_obstack (transform.c:592)
==628096==    by 0x4032C57: transform_name_fp (transform.c:614)
==628096==    by 0x4016444: dump_file0 (create.c:1657)
==628096==    by 0x4017589: dump_file (create.c:1968)
==628096==    by 0x4017589: create_archive (create.c:1412)
==628096==    by 0x400CD90: main (tar.c:2818)
==628096== 
==628096== LEAK SUMMARY:
==628096==    definitely lost: 150 bytes in 5 blocks
==628096==    indirectly lost: 15 bytes in 5 blocks
==628096==      possibly lost: 0 bytes in 0 blocks
==628096==    still reachable: 4,598 bytes in 8 blocks
==628096==         suppressed: 0 bytes in 0 blocks
==628096== 
==628096== For lists of detected and suppressed errors, rerun with: -s
==628096== ERROR SUMMARY: 3 errors from 3 contexts (suppressed: 0 from 0)
