==628324== Memcheck, a memory error detector
==628324== Copyright (C) 2002-2024, and GNU GPL'd, by Julian Seward et al.
==628324== Using Valgrind-3.26.0 and LibVEX; rerun with -h for copyright info
==628324== Command: tar cfl archive dir dir
==628324== Parent PID: 628161
==628324== 
==628324== 
==628324== FILE DESCRIPTORS: 1 open (1 inherited) at exit.
==628324== 
==628324== HEAP SUMMARY:
==628324==     in use at exit: 4,781 bytes in 20 blocks
==628324==   total heap usage: 104 allocs, 84 frees, 122,957 bytes allocated
==628324== 
==628324== 5 bytes in 1 blocks are still reachable in loss record 1 of 15
==628324==    at 0x48BD858: malloc (vg_replace_malloc.c:447)
==628324==    by 0x405185D: xmalloc (xmalloc.c:45)
==628324==    by 0x405185D: xmemdup (xmalloc.c:314)
==628324==    by 0x405185D: xstrdup (xmalloc.c:339)
==628324==    by 0x402644F: assign_string (misc.c:58)
==628324==    by 0x4029612: uid_to_uname (names.c:490)
==628324==    by 0x40155F3: start_header (create.c:931)
==628324==    by 0x40167F9: dump_dir0 (create.c:1123)
==628324==    by 0x40167F9: dump_dir (create.c:1320)
==628324==    by 0x40167F9: dump_file0 (create.c:1757)
==628324==    by 0x4017589: dump_file (create.c:1968)
==628324==    by 0x4017589: create_archive (create.c:1412)
==628324==    by 0x400CD90: main (tar.c:2818)
==628324== 
==628324== 5 bytes in 1 blocks are still reachable in loss record 2 of 15
==628324==    at 0x48BD858: malloc (vg_replace_malloc.c:447)
==628324==    by 0x405185D: xmalloc (xmalloc.c:45)
==628324==    by 0x405185D: xmemdup (xmalloc.c:314)
==628324==    by 0x405185D: xstrdup (xmalloc.c:339)
==628324==    by 0x402644F: assign_string (misc.c:58)
==628324==    by 0x40296A2: gid_to_gname (names.c:520)
==628324==    by 0x40155DB: start_header (create.c:936)
==628324==    by 0x40167F9: dump_dir0 (create.c:1123)
==628324==    by 0x40167F9: dump_dir (create.c:1320)
==628324==    by 0x40167F9: dump_file0 (create.c:1757)
==628324==    by 0x4017589: dump_file (create.c:1968)
==628324==    by 0x4017589: create_archive (create.c:1412)
==628324==    by 0x400CD90: main (tar.c:2818)
==628324== 
==628324== 9 bytes in 3 blocks are indirectly lost in loss record 3 of 15
==628324==    at 0x48BD858: malloc (vg_replace_malloc.c:447)
==628324==    by 0x405185D: xmalloc (xmalloc.c:45)
==628324==    by 0x405185D: xmemdup (xmalloc.c:314)
==628324==    by 0x405185D: xstrdup (xmalloc.c:339)
==628324==    by 0x400C4F1: decode_options (tar.c:2353)
==628324==    by 0x400C4F1: main (tar.c:2792)
==628324== 
==628324== 10 bytes in 2 blocks are indirectly lost in loss record 4 of 15
==628324==    at 0x48BD858: malloc (vg_replace_malloc.c:447)
==628324==    by 0x40387DD: wsnode_quoteremoval (wordsplit.c:651)
==628324==    by 0x4039CFD: wordsplit_process_list (wordsplit.c:2390)
==628324==    by 0x403A562: wordsplit_run.constprop.0 (wordsplit.c:2434)
==628324==    by 0x400BFFA: parse_default_options (tar.c:2256)
==628324==    by 0x400BFFA: decode_options (tar.c:2378)
==628324==    by 0x400BFFA: main (tar.c:2792)
==628324== 
==628324== 10 bytes in 2 blocks are definitely lost in loss record 5 of 15
==628324==    at 0x48BD858: malloc (vg_replace_malloc.c:447)
==628324==    by 0x403A1FB: wordsplit_finish (wordsplit.c:836)
==628324==    by 0x400BFFA: parse_default_options (tar.c:2256)
==628324==    by 0x400BFFA: decode_options (tar.c:2378)
==628324==    by 0x400BFFA: main (tar.c:2792)
==628324== 
==628324== 16 bytes in 1 blocks are still reachable in loss record 6 of 15
==628324==    at 0x48C4E43: calloc (vg_replace_malloc.c:1678)
==628324==    by 0x40516F1: xcalloc (xmalloc.c:298)
==628324==    by 0x40516F1: xzalloc (xmalloc.c:283)
==628324==    by 0x400BEF9: decode_options (tar.c:2297)
==628324==    by 0x400BEF9: main (tar.c:2792)
==628324== 
==628324== 40 bytes in 1 blocks are still reachable in loss record 7 of 15
==628324==    at 0x48BD858: malloc (vg_replace_malloc.c:447)
==628324==    by 0x40512CC: xmalloc (xmalloc.c:45)
==628324==    by 0x401407E: file_count_links (create.c:1522)
==628324==    by 0x401407E: file_count_links (create.c:1508)
==628324==    by 0x4015F1E: dump_file (create.c:1968)
==628324==    by 0x4017167: dump_dir0 (create.c:1227)
==628324==    by 0x4017167: dump_dir (create.c:1320)
==628324==    by 0x4017167: dump_file0 (create.c:1757)
==628324==    by 0x4017589: dump_file (create.c:1968)
==628324==    by 0x4017589: create_archive (create.c:1412)
==628324==    by 0x400CD90: main (tar.c:2818)
==628324== 
==628324== 40 bytes in 1 blocks are still reachable in loss record 8 of 15
==628324==    at 0x48BD858: malloc (vg_replace_malloc.c:447)
==628324==    by 0x40512CC: xmalloc (xmalloc.c:45)
==628324==    by 0x401407E: file_count_links (create.c:1522)
==628324==    by 0x401407E: file_count_links (create.c:1508)
==628324==    by 0x4016A58: dump_file0 (create.c:1779)
==628324==    by 0x4015F1E: dump_file (create.c:1968)
==628324==    by 0x4017167: dump_dir0 (create.c:1227)
==628324==    by 0x4017167: dump_dir (create.c:1320)
==628324==    by 0x4017167: dump_file0 (create.c:1757)
==628324==    by 0x4017589: dump_file (create.c:1968)
==628324==    by 0x4017589: create_archive (create.c:1412)
==628324==    by 0x400CD90: main (tar.c:2818)
==628324== 
==628324== 73 (64 direct, 9 indirect) bytes in 1 blocks are definitely lost in loss record 9 of 15
==628324==    at 0x48BD858: malloc (vg_replace_malloc.c:447)
==628324==    by 0x40512CC: xmalloc (xmalloc.c:45)
==628324==    by 0x400C46E: decode_options (tar.c:2340)
==628324==    by 0x400C46E: main (tar.c:2792)
==628324== 
==628324== 80 bytes in 1 blocks are still reachable in loss record 10 of 15
==628324==    at 0x48BD858: malloc (vg_replace_malloc.c:447)
==628324==    by 0x40512CC: xmalloc (xmalloc.c:45)
==628324==    by 0x400BE43: main (tar.c:2781)
==628324== 
==628324== 80 bytes in 1 blocks are still reachable in loss record 11 of 15
==628324==    at 0x48BD858: malloc (vg_replace_malloc.c:447)
==628324==    by 0x4047846: hash_initialize (hash.c:523)
==628324==    by 0x401411B: file_count_links (create.c:1530)
==628324==    by 0x401411B: file_count_links (create.c:1508)
==628324==    by 0x4015F1E: dump_file (create.c:1968)
==628324==    by 0x4017167: dump_dir0 (create.c:1227)
==628324==    by 0x4017167: dump_dir (create.c:1320)
==628324==    by 0x4017167: dump_file0 (create.c:1757)
==628324==    by 0x4017589: dump_file (create.c:1968)
==628324==    by 0x4017589: create_archive (create.c:1412)
==628324==    by 0x400CD90: main (tar.c:2818)
==628324== 
==628324== 90 (80 direct, 10 indirect) bytes in 2 blocks are definitely lost in loss record 12 of 15
==628324==    at 0x48C4E43: calloc (vg_replace_malloc.c:1678)
==628324==    by 0x403959D: wsnode_new (wordsplit.c:422)
==628324==    by 0x403959D: wordsplit_add_segm (wordsplit.c:523)
==628324==    by 0x4039854: scan_word (wordsplit.c:2062)
==628324==    by 0x4039C7C: wordsplit_process_list (wordsplit.c:2358)
==628324==    by 0x403A562: wordsplit_run.constprop.0 (wordsplit.c:2434)
==628324==    by 0x400BFFA: parse_default_options (tar.c:2256)
==628324==    by 0x400BFFA: decode_options (tar.c:2378)
==628324==    by 0x400BFFA: main (tar.c:2792)
==628324== 
==628324== 102 bytes in 1 blocks are still reachable in loss record 13 of 15
==628324==    at 0x48BD858: malloc (vg_replace_malloc.c:447)
==628324==    by 0x40512CC: xmalloc (xmalloc.c:45)
==628324==    by 0x4029881: name_init (names.c:869)
==628324==    by 0x400C94C: main (tar.c:2794)
==628324== 
==628324== 176 bytes in 1 blocks are still reachable in loss record 14 of 15
==628324==    at 0x48C4E43: calloc (vg_replace_malloc.c:1678)
==628324==    by 0x404789C: hash_initialize (hash.c:544)
==628324==    by 0x401411B: file_count_links (create.c:1530)
==628324==    by 0x401411B: file_count_links (create.c:1508)
==628324==    by 0x4015F1E: dump_file (create.c:1968)
==628324==    by 0x4017167: dump_dir0 (create.c:1227)
==628324==    by 0x4017167: dump_dir (create.c:1320)
==628324==    by 0x4017167: dump_file0 (create.c:1757)
==628324==    by 0x4017589: dump_file (create.c:1968)
==628324==    by 0x4017589: create_archive (create.c:1412)
==628324==    by 0x400CD90: main (tar.c:2818)
==628324== 
==628324== 4,064 bytes in 1 blocks are still reachable in loss record 15 of 15
==628324==    at 0x48BD858: malloc (vg_replace_malloc.c:447)
==628324==    by 0x40512CC: xmalloc (xmalloc.c:45)
==628324==    by 0x404A07D: call_chunkfun (obstack.c:88)
==628324==    by 0x404A07D: _obstack_begin_worker.isra.0 (obstack.c:135)
==628324==    by 0x404A0A8: _obstack_begin (obstack.c:157)
==628324==    by 0x4032C57: _transform_name_to_obstack (transform.c:592)
==628324==    by 0x4032C57: transform_name_fp (transform.c:614)
==628324==    by 0x4016444: dump_file0 (create.c:1657)
==628324==    by 0x4017589: dump_file (create.c:1968)
==628324==    by 0x4017589: create_archive (create.c:1412)
==628324==    by 0x400CD90: main (tar.c:2818)
==628324== 
==628324== LEAK SUMMARY:
==628324==    definitely lost: 154 bytes in 5 blocks
==628324==    indirectly lost: 19 bytes in 5 blocks
==628324==      possibly lost: 0 bytes in 0 blocks
==628324==    still reachable: 4,608 bytes in 10 blocks
==628324==         suppressed: 0 bytes in 0 blocks
==628324== 
==628324== For lists of detected and suppressed errors, rerun with: -s
==628324== ERROR SUMMARY: 3 errors from 3 contexts (suppressed: 0 from 0)
