==629155== Memcheck, a memory error detector
==629155== Copyright (C) 2002-2024, and GNU GPL'd, by Julian Seward et al.
==629155== Using Valgrind-3.26.0 and LibVEX; rerun with -h for copyright info
==629155== Command: tar cfl archive dir dir
==629155== Parent PID: 628851
==629155== 
==629155== 
==629155== FILE DESCRIPTORS: 1 open (1 inherited) at exit.
==629155== 
==629155== HEAP SUMMARY:
==629155==     in use at exit: 5,052 bytes in 22 blocks
==629155==   total heap usage: 130 allocs, 108 frees, 148,282 bytes allocated
==629155== 
==629155== 5 bytes in 1 blocks are still reachable in loss record 1 of 17
==629155==    at 0x48BD858: malloc (vg_replace_malloc.c:447)
==629155==    by 0x405185D: xmalloc (xmalloc.c:45)
==629155==    by 0x405185D: xmemdup (xmalloc.c:314)
==629155==    by 0x405185D: xstrdup (xmalloc.c:339)
==629155==    by 0x402644F: assign_string (misc.c:58)
==629155==    by 0x4029612: uid_to_uname (names.c:490)
==629155==    by 0x40155F3: start_header (create.c:931)
==629155==    by 0x40167F9: dump_dir0 (create.c:1123)
==629155==    by 0x40167F9: dump_dir (create.c:1320)
==629155==    by 0x40167F9: dump_file0 (create.c:1757)
==629155==    by 0x4017589: dump_file (create.c:1968)
==629155==    by 0x4017589: create_archive (create.c:1412)
==629155==    by 0x400CD90: main (tar.c:2818)
==629155== 
==629155== 5 bytes in 1 blocks are still reachable in loss record 2 of 17
==629155==    at 0x48BD858: malloc (vg_replace_malloc.c:447)
==629155==    by 0x405185D: xmalloc (xmalloc.c:45)
==629155==    by 0x405185D: xmemdup (xmalloc.c:314)
==629155==    by 0x405185D: xstrdup (xmalloc.c:339)
==629155==    by 0x402644F: assign_string (misc.c:58)
==629155==    by 0x40296A2: gid_to_gname (names.c:520)
==629155==    by 0x40155DB: start_header (create.c:936)
==629155==    by 0x40167F9: dump_dir0 (create.c:1123)
==629155==    by 0x40167F9: dump_dir (create.c:1320)
==629155==    by 0x40167F9: dump_file0 (create.c:1757)
==629155==    by 0x4017589: dump_file (create.c:1968)
==629155==    by 0x4017589: create_archive (create.c:1412)
==629155==    by 0x400CD90: main (tar.c:2818)
==629155== 
==629155== 9 bytes in 2 blocks are indirectly lost in loss record 3 of 17
==629155==    at 0x48BD858: malloc (vg_replace_malloc.c:447)
==629155==    by 0x40387DD: wsnode_quoteremoval (wordsplit.c:651)
==629155==    by 0x4039CFD: wordsplit_process_list (wordsplit.c:2390)
==629155==    by 0x403A562: wordsplit_run.constprop.0 (wordsplit.c:2434)
==629155==    by 0x400BFFA: parse_default_options (tar.c:2256)
==629155==    by 0x400BFFA: decode_options (tar.c:2378)
==629155==    by 0x400BFFA: main (tar.c:2792)
==629155== 
==629155== 9 bytes in 3 blocks are indirectly lost in loss record 4 of 17
==629155==    at 0x48BD858: malloc (vg_replace_malloc.c:447)
==629155==    by 0x405185D: xmalloc (xmalloc.c:45)
==629155==    by 0x405185D: xmemdup (xmalloc.c:314)
==629155==    by 0x405185D: xstrdup (xmalloc.c:339)
==629155==    by 0x400C4F1: decode_options (tar.c:2353)
==629155==    by 0x400C4F1: main (tar.c:2792)
==629155== 
==629155== 9 bytes in 2 blocks are definitely lost in loss record 5 of 17
==629155==    at 0x48BD858: malloc (vg_replace_malloc.c:447)
==629155==    by 0x403A1FB: wordsplit_finish (wordsplit.c:836)
==629155==    by 0x400BFFA: parse_default_options (tar.c:2256)
==629155==    by 0x400BFFA: decode_options (tar.c:2378)
==629155==    by 0x400BFFA: main (tar.c:2792)
==629155== 
==629155== 16 bytes in 1 blocks are still reachable in loss record 6 of 17
==629155==    at 0x48C4E43: calloc (vg_replace_malloc.c:1678)
==629155==    by 0x40516F1: xcalloc (xmalloc.c:298)
==629155==    by 0x40516F1: xzalloc (xmalloc.c:283)
==629155==    by 0x400BEF9: decode_options (tar.c:2297)
==629155==    by 0x400BEF9: main (tar.c:2792)
==629155== 
==629155== 17 bytes in 1 blocks are still reachable in loss record 7 of 17
==629155==    at 0x48BD858: malloc (vg_replace_malloc.c:447)
==629155==    by 0x405185D: xmalloc (xmalloc.c:45)
==629155==    by 0x405185D: xmemdup (xmalloc.c:314)
==629155==    by 0x405185D: xstrdup (xmalloc.c:339)
==629155==    by 0x402644F: assign_string (misc.c:58)
==629155==    by 0x401E7A6: xheader_xhdr_name (xheader.c:393)
==629155==    by 0x4014297: write_extended.part.0 (create.c:713)
==629155==    by 0x4014896: write_extended (create.c:699)
==629155==    by 0x4014896: finish_header (create.c:1024)
==629155==    by 0x4016C5E: dump_dir0 (create.c:1137)
==629155==    by 0x4016C5E: dump_dir (create.c:1320)
==629155==    by 0x4016C5E: dump_file0 (create.c:1757)
==629155==    by 0x4017589: dump_file (create.c:1968)
==629155==    by 0x4017589: create_archive (create.c:1412)
==629155==    by 0x400CD90: main (tar.c:2818)
==629155== 
==629155== 40 bytes in 1 blocks are still reachable in loss record 8 of 17
==629155==    at 0x48BD858: malloc (vg_replace_malloc.c:447)
==629155==    by 0x40512CC: xmalloc (xmalloc.c:45)
==629155==    by 0x401407E: file_count_links (create.c:1522)
==629155==    by 0x401407E: file_count_links (create.c:1508)
==629155==    by 0x4015F1E: dump_file (create.c:1968)
==629155==    by 0x4017167: dump_dir0 (create.c:1227)
==629155==    by 0x4017167: dump_dir (create.c:1320)
==629155==    by 0x4017167: dump_file0 (create.c:1757)
==629155==    by 0x4017589: dump_file (create.c:1968)
==629155==    by 0x4017589: create_archive (create.c:1412)
==629155==    by 0x400CD90: main (tar.c:2818)
==629155== 
==629155== 40 bytes in 1 blocks are still reachable in loss record 9 of 17
==629155==    at 0x48BD858: malloc (vg_replace_malloc.c:447)
==629155==    by 0x40512CC: xmalloc (xmalloc.c:45)
==629155==    by 0x401407E: file_count_links (create.c:1522)
==629155==    by 0x401407E: file_count_links (create.c:1508)
==629155==    by 0x4016A58: dump_file0 (create.c:1779)
==629155==    by 0x4015F1E: dump_file (create.c:1968)
==629155==    by 0x4017167: dump_dir0 (create.c:1227)
==629155==    by 0x4017167: dump_dir (create.c:1320)
==629155==    by 0x4017167: dump_file0 (create.c:1757)
==629155==    by 0x4017589: dump_file (create.c:1968)
==629155==    by 0x4017589: create_archive (create.c:1412)
==629155==    by 0x400CD90: main (tar.c:2818)
==629155== 
==629155== 73 (64 direct, 9 indirect) bytes in 1 blocks are definitely lost in loss record 10 of 17
==629155==    at 0x48BD858: malloc (vg_replace_malloc.c:447)
==629155==    by 0x40512CC: xmalloc (xmalloc.c:45)
==629155==    by 0x400C46E: decode_options (tar.c:2340)
==629155==    by 0x400C46E: main (tar.c:2792)
==629155== 
==629155== 80 bytes in 1 blocks are still reachable in loss record 11 of 17
==629155==    at 0x48BD858: malloc (vg_replace_malloc.c:447)
==629155==    by 0x40512CC: xmalloc (xmalloc.c:45)
==629155==    by 0x400BE43: main (tar.c:2781)
==629155== 
==629155== 80 bytes in 1 blocks are still reachable in loss record 12 of 17
==629155==    at 0x48BD858: malloc (vg_replace_malloc.c:447)
==629155==    by 0x4047846: hash_initialize (hash.c:523)
==629155==    by 0x401411B: file_count_links (create.c:1530)
==629155==    by 0x401411B: file_count_links (create.c:1508)
==629155==    by 0x4015F1E: dump_file (create.c:1968)
==629155==    by 0x4017167: dump_dir0 (create.c:1227)
==629155==    by 0x4017167: dump_dir (create.c:1320)
==629155==    by 0x4017167: dump_file0 (create.c:1757)
==629155==    by 0x4017589: dump_file (create.c:1968)
==629155==    by 0x4017589: create_archive (create.c:1412)
==629155==    by 0x400CD90: main (tar.c:2818)
==629155== 
==629155== 89 (80 direct, 9 indirect) bytes in 2 blocks are definitely lost in loss record 13 of 17
==629155==    at 0x48C4E43: calloc (vg_replace_malloc.c:1678)
==629155==    by 0x403959D: wsnode_new (wordsplit.c:422)
==629155==    by 0x403959D: wordsplit_add_segm (wordsplit.c:523)
==629155==    by 0x4039854: scan_word (wordsplit.c:2062)
==629155==    by 0x4039C7C: wordsplit_process_list (wordsplit.c:2358)
==629155==    by 0x403A562: wordsplit_run.constprop.0 (wordsplit.c:2434)
==629155==    by 0x400BFFA: parse_default_options (tar.c:2256)
==629155==    by 0x400BFFA: decode_options (tar.c:2378)
==629155==    by 0x400BFFA: main (tar.c:2792)
==629155== 
==629155== 102 bytes in 1 blocks are still reachable in loss record 14 of 17
==629155==    at 0x48BD858: malloc (vg_replace_malloc.c:447)
==629155==    by 0x40512CC: xmalloc (xmalloc.c:45)
==629155==    by 0x4029881: name_init (names.c:869)
==629155==    by 0x400C94C: main (tar.c:2794)
==629155== 
==629155== 176 bytes in 1 blocks are still reachable in loss record 15 of 17
==629155==    at 0x48C4E43: calloc (vg_replace_malloc.c:1678)
==629155==    by 0x404789C: hash_initialize (hash.c:544)
==629155==    by 0x401411B: file_count_links (create.c:1530)
==629155==    by 0x401411B: file_count_links (create.c:1508)
==629155==    by 0x4015F1E: dump_file (create.c:1968)
==629155==    by 0x4017167: dump_dir0 (create.c:1227)
==629155==    by 0x4017167: dump_dir (create.c:1320)
==629155==    by 0x4017167: dump_file0 (create.c:1757)
==629155==    by 0x4017589: dump_file (create.c:1968)
==629155==    by 0x4017589: create_archive (create.c:1412)
==629155==    by 0x400CD90: main (tar.c:2818)
==629155== 
==629155== 256 bytes in 1 blocks are still reachable in loss record 16 of 17
==629155==    at 0x48BD858: malloc (vg_replace_malloc.c:447)
==629155==    by 0x40512CC: xmalloc (xmalloc.c:45)
==629155==    by 0x401D274: xattr_encode_keyword (xheader.c:833)
==629155==    by 0x401D274: xheader_print_n (xheader.c:876)
==629155==    by 0x401D4FB: xheader_print (xheader.c:899)
==629155==    by 0x401D4FB: code_time (xheader.c:1043)
==629155==    by 0x401D4FB: mtime_coder (xheader.c:1232)
==629155==    by 0x401527F: start_header (create.c:852)
==629155==    by 0x40167F9: dump_dir0 (create.c:1123)
==629155==    by 0x40167F9: dump_dir (create.c:1320)
==629155==    by 0x40167F9: dump_file0 (create.c:1757)
==629155==    by 0x4017589: dump_file (create.c:1968)
==629155==    by 0x4017589: create_archive (create.c:1412)
==629155==    by 0x400CD90: main (tar.c:2818)
==629155== 
==629155== 4,064 bytes in 1 blocks are still reachable in loss record 17 of 17
==629155==    at 0x48BD858: malloc (vg_replace_malloc.c:447)
==629155==    by 0x40512CC: xmalloc (xmalloc.c:45)
==629155==    by 0x404A07D: call_chunkfun (obstack.c:88)
==629155==    by 0x404A07D: _obstack_begin_worker.isra.0 (obstack.c:135)
==629155==    by 0x404A0A8: _obstack_begin (obstack.c:157)
==629155==    by 0x4032C57: _transform_name_to_obstack (transform.c:592)
==629155==    by 0x4032C57: transform_name_fp (transform.c:614)
==629155==    by 0x4016444: dump_file0 (create.c:1657)
==629155==    by 0x4017589: dump_file (create.c:1968)
==629155==    by 0x4017589: create_archive (create.c:1412)
==629155==    by 0x400CD90: main (tar.c:2818)
==629155== 
==629155== LEAK SUMMARY:
==629155==    definitely lost: 153 bytes in 5 blocks
==629155==    indirectly lost: 18 bytes in 5 blocks
==629155==      possibly lost: 0 bytes in 0 blocks
==629155==    still reachable: 4,881 bytes in 12 blocks
==629155==         suppressed: 0 bytes in 0 blocks
==629155== 
==629155== For lists of detected and suppressed errors, rerun with: -s
==629155== ERROR SUMMARY: 3 errors from 3 contexts (suppressed: 0 from 0)
