==629449== Memcheck, a memory error detector
==629449== Copyright (C) 2002-2024, and GNU GPL'd, by Julian Seward et al.
==629449== Using Valgrind-3.26.0 and LibVEX; rerun with -h for copyright info
==629449== Command: tar tvf archive
==629449== Parent PID: 629431
==629449== 
==629449== 
==629449== FILE DESCRIPTORS: 1 open (1 inherited) at exit.
==629449== 
==629449== HEAP SUMMARY:
==629449==     in use at exit: 4,423 bytes in 16 blocks
==629449==   total heap usage: 100 allocs, 84 frees, 61,168 bytes allocated
==629449== 
==629449== 5 bytes in 1 blocks are still reachable in loss record 1 of 11
==629449==    at 0x48BD858: malloc (vg_replace_malloc.c:447)
==629449==    by 0x405185D: xmalloc (xmalloc.c:45)
==629449==    by 0x405185D: xmemdup (xmalloc.c:314)
==629449==    by 0x405185D: xstrdup (xmalloc.c:339)
==629449==    by 0x402644F: assign_string (misc.c:58)
==629449==    by 0x402973C: uname_to_uid (names.c:550)
==629449==    by 0x402457F: decode_header (list.c:694)
==629449==    by 0x4025616: read_and (list.c:194)
==629449==    by 0x400CD4B: main (tar.c:2832)
==629449== 
==629449== 5 bytes in 1 blocks are still reachable in loss record 2 of 11
==629449==    at 0x48BD858: malloc (vg_replace_malloc.c:447)
==629449==    by 0x405185D: xmalloc (xmalloc.c:45)
==629449==    by 0x405185D: xmemdup (xmalloc.c:314)
==629449==    by 0x405185D: xstrdup (xmalloc.c:339)
==629449==    by 0x402644F: assign_string (misc.c:58)
==629449==    by 0x40297DC: gname_to_gid (names.c:580)
==629449==    by 0x402455F: decode_header (list.c:699)
==629449==    by 0x4025616: read_and (list.c:194)
==629449==    by 0x400CD4B: main (tar.c:2832)
==629449== 
==629449== 7 bytes in 2 blocks are indirectly lost in loss record 3 of 11
==629449==    at 0x48BD858: malloc (vg_replace_malloc.c:447)
==629449==    by 0x40387DD: wsnode_quoteremoval (wordsplit.c:651)
==629449==    by 0x4039CFD: wordsplit_process_list (wordsplit.c:2390)
==629449==    by 0x403A562: wordsplit_run.constprop.0 (wordsplit.c:2434)
==629449==    by 0x400BFFA: parse_default_options (tar.c:2256)
==629449==    by 0x400BFFA: decode_options (tar.c:2378)
==629449==    by 0x400BFFA: main (tar.c:2792)
==629449== 
==629449== 7 bytes in 2 blocks are definitely lost in loss record 4 of 11
==629449==    at 0x48BD858: malloc (vg_replace_malloc.c:447)
==629449==    by 0x403A1FB: wordsplit_finish (wordsplit.c:836)
==629449==    by 0x400BFFA: parse_default_options (tar.c:2256)
==629449==    by 0x400BFFA: decode_options (tar.c:2378)
==629449==    by 0x400BFFA: main (tar.c:2792)
==629449== 
==629449== 9 bytes in 3 blocks are indirectly lost in loss record 5 of 11
==629449==    at 0x48BD858: malloc (vg_replace_malloc.c:447)
==629449==    by 0x405185D: xmalloc (xmalloc.c:45)
==629449==    by 0x405185D: xmemdup (xmalloc.c:314)
==629449==    by 0x405185D: xstrdup (xmalloc.c:339)
==629449==    by 0x400C4F1: decode_options (tar.c:2353)
==629449==    by 0x400C4F1: main (tar.c:2792)
==629449== 
==629449== 16 bytes in 1 blocks are still reachable in loss record 6 of 11
==629449==    at 0x48C4E43: calloc (vg_replace_malloc.c:1678)
==629449==    by 0x40516F1: xcalloc (xmalloc.c:298)
==629449==    by 0x40516F1: xzalloc (xmalloc.c:283)
==629449==    by 0x400BEF9: decode_options (tar.c:2297)
==629449==    by 0x400BEF9: main (tar.c:2792)
==629449== 
==629449== 57 (48 direct, 9 indirect) bytes in 1 blocks are definitely lost in loss record 7 of 11
==629449==    at 0x48BD858: malloc (vg_replace_malloc.c:447)
==629449==    by 0x40512CC: xmalloc (xmalloc.c:45)
==629449==    by 0x400C46E: decode_options (tar.c:2340)
==629449==    by 0x400C46E: main (tar.c:2792)
==629449== 
==629449== 80 bytes in 1 blocks are still reachable in loss record 8 of 11
==629449==    at 0x48BD858: malloc (vg_replace_malloc.c:447)
==629449==    by 0x40512CC: xmalloc (xmalloc.c:45)
==629449==    by 0x400BE43: main (tar.c:2781)
==629449== 
==629449== 87 (80 direct, 7 indirect) bytes in 2 blocks are definitely lost in loss record 9 of 11
==629449==    at 0x48C4E43: calloc (vg_replace_malloc.c:1678)
==629449==    by 0x403959D: wsnode_new (wordsplit.c:422)
==629449==    by 0x403959D: wordsplit_add_segm (wordsplit.c:523)
==629449==    by 0x4039854: scan_word (wordsplit.c:2062)
==629449==    by 0x4039C7C: wordsplit_process_list (wordsplit.c:2358)
==629449==    by 0x403A562: wordsplit_run.constprop.0 (wordsplit.c:2434)
==629449==    by 0x400BFFA: parse_default_options (tar.c:2256)
==629449==    by 0x400BFFA: decode_options (tar.c:2378)
==629449==    by 0x400BFFA: main (tar.c:2792)
==629449== 
==629449== 102 bytes in 1 blocks are still reachable in loss record 10 of 11
==629449==    at 0x48BD858: malloc (vg_replace_malloc.c:447)
==629449==    by 0x40512CC: xmalloc (xmalloc.c:45)
==629449==    by 0x4029881: name_init (names.c:869)
==629449==    by 0x400C94C: main (tar.c:2794)
==629449== 
==629449== 4,064 bytes in 1 blocks are still reachable in loss record 11 of 11
==629449==    at 0x48BD858: malloc (vg_replace_malloc.c:447)
==629449==    by 0x40512CC: xmalloc (xmalloc.c:45)
==629449==    by 0x404A07D: call_chunkfun (obstack.c:88)
==629449==    by 0x404A07D: _obstack_begin_worker.isra.0 (obstack.c:135)
==629449==    by 0x404A0A8: _obstack_begin (obstack.c:157)
==629449==    by 0x4032C57: _transform_name_to_obstack (transform.c:592)
==629449==    by 0x4032C57: transform_name_fp (transform.c:614)
==629449==    by 0x4023670: transform_member_name (list.c:114)
==629449==    by 0x4023670: transform_stat_info.part.0 (list.c:150)
==629449==    by 0x4025850: transform_stat_info (list.c:227)
==629449==    by 0x4025850: read_and (list.c:227)
==629449==    by 0x400CD4B: main (tar.c:2832)
==629449== 
==629449== LEAK SUMMARY:
==629449==    definitely lost: 135 bytes in 5 blocks
==629449==    indirectly lost: 16 bytes in 5 blocks
==629449==      possibly lost: 0 bytes in 0 blocks
==629449==    still reachable: 4,272 bytes in 6 blocks
==629449==         suppressed: 0 bytes in 0 blocks
==629449== 
==629449== For lists of detected and suppressed errors, rerun with: -s
==629449== ERROR SUMMARY: 3 errors from 3 contexts (suppressed: 0 from 0)
