==642961== Memcheck, a memory error detector
==642961== Copyright (C) 2002-2024, and GNU GPL'd, by Julian Seward et al.
==642961== Using Valgrind-3.26.0 and LibVEX; rerun with -h for copyright info
==642961== Command: tar --version
==642961== Parent PID: 642857
==642961== 
==642961== 
==642961== FILE DESCRIPTORS: 4 open (4 inherited) at exit.
==642961== 
==642961== HEAP SUMMARY:
==642961==     in use at exit: 7,767 bytes in 3 blocks
==642961==   total heap usage: 15 allocs, 12 frees, 12,021 bytes allocated
==642961== 
==642961== 16 bytes in 1 blocks are still reachable in loss record 1 of 3
==642961==    at 0x48C4E43: calloc (vg_replace_malloc.c:1678)
==642961==    by 0x40516F1: xcalloc (xmalloc.c:298)
==642961==    by 0x40516F1: xzalloc (xmalloc.c:283)
==642961==    by 0x400BEF9: decode_options (tar.c:2297)
==642961==    by 0x400BEF9: main (tar.c:2792)
==642961== 
==642961== 80 bytes in 1 blocks are still reachable in loss record 2 of 3
==642961==    at 0x48BD858: malloc (vg_replace_malloc.c:447)
==642961==    by 0x40512CC: xmalloc (xmalloc.c:45)
==642961==    by 0x400BE43: main (tar.c:2781)
==642961== 
==642961== 7,671 bytes in 1 blocks are still reachable in loss record 3 of 3
==642961==    at 0x48BD858: malloc (vg_replace_malloc.c:447)
==642961==    by 0x4041854: parser_init (argp-parse.c:495)
==642961==    by 0x4041854: argp_parse (argp-parse.c:921)
==642961==    by 0x400C045: decode_options (tar.c:2380)
==642961==    by 0x400C045: main (tar.c:2792)
==642961== 
==642961== LEAK SUMMARY:
==642961==    definitely lost: 0 bytes in 0 blocks
==642961==    indirectly lost: 0 bytes in 0 blocks
==642961==      possibly lost: 0 bytes in 0 blocks
==642961==    still reachable: 7,767 bytes in 3 blocks
==642961==         suppressed: 0 bytes in 0 blocks
==642961== 
==642961== For lists of detected and suppressed errors, rerun with: -s
==642961== ERROR SUMMARY: 0 errors from 0 contexts (suppressed: 0 from 0)
