==678802== Memcheck, a memory error detector
==678802== Copyright (C) 2002-2024, and GNU GPL'd, by Julian Seward et al.
==678802== Using Valgrind-3.26.0 and LibVEX; rerun with -h for copyright info
==678802== Command: tar tf k.bz2.tar
==678802== Parent PID: 678055
==678802== 
==678802== 
==678802== FILE DESCRIPTORS: 1 open (1 inherited) at exit.
==678802== 
==678802== HEAP SUMMARY:
==678802==     in use at exit: 4,318 bytes in 9 blocks
==678802==   total heap usage: 50 allocs, 41 frees, 51,564 bytes allocated
==678802== 
==678802== 5 bytes in 1 blocks are still reachable in loss record 1 of 8
==678802==    at 0x48BD858: malloc (vg_replace_malloc.c:447)
==678802==    by 0x405185D: xmalloc (xmalloc.c:45)
==678802==    by 0x405185D: xmemdup (xmalloc.c:314)
==678802==    by 0x405185D: xstrdup (xmalloc.c:339)
==678802==    by 0x402644F: assign_string (misc.c:58)
==678802==    by 0x402973C: uname_to_uid (names.c:550)
==678802==    by 0x402457F: decode_header (list.c:694)
==678802==    by 0x4025616: read_and (list.c:194)
==678802==    by 0x400CD4B: main (tar.c:2832)
==678802== 
==678802== 5 bytes in 1 blocks are still reachable in loss record 2 of 8
==678802==    at 0x48BD858: malloc (vg_replace_malloc.c:447)
==678802==    by 0x405185D: xmalloc (xmalloc.c:45)
==678802==    by 0x405185D: xmemdup (xmalloc.c:314)
==678802==    by 0x405185D: xstrdup (xmalloc.c:339)
==678802==    by 0x402644F: assign_string (misc.c:58)
==678802==    by 0x40297DC: gname_to_gid (names.c:580)
==678802==    by 0x402455F: decode_header (list.c:699)
==678802==    by 0x4025616: read_and (list.c:194)
==678802==    by 0x400CD4B: main (tar.c:2832)
==678802== 
==678802== 6 bytes in 2 blocks are indirectly lost in loss record 3 of 8
==678802==    at 0x48BD858: malloc (vg_replace_malloc.c:447)
==678802==    by 0x405185D: xmalloc (xmalloc.c:45)
==678802==    by 0x405185D: xmemdup (xmalloc.c:314)
==678802==    by 0x405185D: xstrdup (xmalloc.c:339)
==678802==    by 0x400C4F1: decode_options (tar.c:2353)
==678802==    by 0x400C4F1: main (tar.c:2792)
==678802== 
==678802== 16 bytes in 1 blocks are still reachable in loss record 4 of 8
==678802==    at 0x48C4E43: calloc (vg_replace_malloc.c:1678)
==678802==    by 0x40516F1: xcalloc (xmalloc.c:298)
==678802==    by 0x40516F1: xzalloc (xmalloc.c:283)
==678802==    by 0x400BEF9: decode_options (tar.c:2297)
==678802==    by 0x400BEF9: main (tar.c:2792)
==678802== 
==678802== 46 (40 direct, 6 indirect) bytes in 1 blocks are definitely lost in loss record 5 of 8
==678802==    at 0x48BD858: malloc (vg_replace_malloc.c:447)
==678802==    by 0x40512CC: xmalloc (xmalloc.c:45)
==678802==    by 0x400C46E: decode_options (tar.c:2340)
==678802==    by 0x400C46E: main (tar.c:2792)
==678802== 
==678802== 80 bytes in 1 blocks are still reachable in loss record 6 of 8
==678802==    at 0x48BD858: malloc (vg_replace_malloc.c:447)
==678802==    by 0x40512CC: xmalloc (xmalloc.c:45)
==678802==    by 0x400BE43: main (tar.c:2781)
==678802== 
==678802== 102 bytes in 1 blocks are still reachable in loss record 7 of 8
==678802==    at 0x48BD858: malloc (vg_replace_malloc.c:447)
==678802==    by 0x40512CC: xmalloc (xmalloc.c:45)
==678802==    by 0x4029881: name_init (names.c:869)
==678802==    by 0x400C94C: main (tar.c:2794)
==678802== 
==678802== 4,064 bytes in 1 blocks are still reachable in loss record 8 of 8
==678802==    at 0x48BD858: malloc (vg_replace_malloc.c:447)
==678802==    by 0x40512CC: xmalloc (xmalloc.c:45)
==678802==    by 0x404A07D: call_chunkfun (obstack.c:88)
==678802==    by 0x404A07D: _obstack_begin_worker.isra.0 (obstack.c:135)
==678802==    by 0x404A0A8: _obstack_begin (obstack.c:157)
==678802==    by 0x4032C57: _transform_name_to_obstack (transform.c:592)
==678802==    by 0x4032C57: transform_name_fp (transform.c:614)
==678802==    by 0x4023670: transform_member_name (list.c:114)
==678802==    by 0x4023670: transform_stat_info.part.0 (list.c:150)
==678802==    by 0x4025850: transform_stat_info (list.c:227)
==678802==    by 0x4025850: read_and (list.c:227)
==678802==    by 0x400CD4B: main (tar.c:2832)
==678802== 
==678802== LEAK SUMMARY:
==678802==    definitely lost: 40 bytes in 1 blocks
==678802==    indirectly lost: 6 bytes in 2 blocks
==678802==      possibly lost: 0 bytes in 0 blocks
==678802==    still reachable: 4,272 bytes in 6 blocks
==678802==         suppressed: 0 bytes in 0 blocks
==678802== 
==678802== For lists of detected and suppressed errors, rerun with: -s
==678802== ERROR SUMMARY: 1 errors from 1 contexts (suppressed: 0 from 0)
