==666012== Memcheck, a memory error detector
==666012== Copyright (C) 2002-2024, and GNU GPL'd, by Julian Seward et al.
==666012== Using Valgrind-3.26.0 and LibVEX; rerun with -h for copyright info
==666012== Command: tar --version
==666012== Parent PID: 665902
==666012== 
==666012== 
==666012== FILE DESCRIPTORS: 4 open (4 inherited) at exit.
==666012== 
==666012== HEAP SUMMARY:
==666012==     in use at exit: 7,767 bytes in 3 blocks
==666012==   total heap usage: 15 allocs, 12 frees, 12,021 bytes allocated
==666012== 
==666012== 16 bytes in 1 blocks are still reachable in loss record 1 of 3
==666012==    at 0x48C4E43: calloc (vg_replace_malloc.c:1678)
==666012==    by 0x40516F1: xcalloc (xmalloc.c:298)
==666012==    by 0x40516F1: xzalloc (xmalloc.c:283)
==666012==    by 0x400BEF9: decode_options (tar.c:2297)
==666012==    by 0x400BEF9: main (tar.c:2792)
==666012== 
==666012== 80 bytes in 1 blocks are still reachable in loss record 2 of 3
==666012==    at 0x48BD858: malloc (vg_replace_malloc.c:447)
==666012==    by 0x40512CC: xmalloc (xmalloc.c:45)
==666012==    by 0x400BE43: main (tar.c:2781)
==666012== 
==666012== 7,671 bytes in 1 blocks are still reachable in loss record 3 of 3
==666012==    at 0x48BD858: malloc (vg_replace_malloc.c:447)
==666012==    by 0x4041854: parser_init (argp-parse.c:495)
==666012==    by 0x4041854: argp_parse (argp-parse.c:921)
==666012==    by 0x400C045: decode_options (tar.c:2380)
==666012==    by 0x400C045: main (tar.c:2792)
==666012== 
==666012== LEAK SUMMARY:
==666012==    definitely lost: 0 bytes in 0 blocks
==666012==    indirectly lost: 0 bytes in 0 blocks
==666012==      possibly lost: 0 bytes in 0 blocks
==666012==    still reachable: 7,767 bytes in 3 blocks
==666012==         suppressed: 0 bytes in 0 blocks
==666012== 
==666012== For lists of detected and suppressed errors, rerun with: -s
==666012== ERROR SUMMARY: 0 errors from 0 contexts (suppressed: 0 from 0)
