==666774== Memcheck, a memory error detector
==666774== Copyright (C) 2002-2024, and GNU GPL'd, by Julian Seward et al.
==666774== Using Valgrind-3.26.0 and LibVEX; rerun with -h for copyright info
==666774== Command: tar dvf bar
==666774== Parent PID: 666498
==666774== 
==666774== 
==666774== FILE DESCRIPTORS: 1 open (1 inherited) at exit.
==666774== 
==666774== HEAP SUMMARY:
==666774==     in use at exit: 18,765 bytes in 17 blocks
==666774==   total heap usage: 66 allocs, 49 frees, 74,723 bytes allocated
==666774== 
==666774== 5 bytes in 1 blocks are still reachable in loss record 1 of 12
==666774==    at 0x48BD858: malloc (vg_replace_malloc.c:447)
==666774==    by 0x405185D: xmalloc (xmalloc.c:45)
==666774==    by 0x405185D: xmemdup (xmalloc.c:314)
==666774==    by 0x405185D: xstrdup (xmalloc.c:339)
==666774==    by 0x402644F: assign_string (misc.c:58)
==666774==    by 0x402973C: uname_to_uid (names.c:550)
==666774==    by 0x402457F: decode_header (list.c:694)
==666774==    by 0x4025616: read_and (list.c:194)
==666774==    by 0x400CD7C: main (tar.c:2837)
==666774== 
==666774== 5 bytes in 1 blocks are still reachable in loss record 2 of 12
==666774==    at 0x48BD858: malloc (vg_replace_malloc.c:447)
==666774==    by 0x405185D: xmalloc (xmalloc.c:45)
==666774==    by 0x405185D: xmemdup (xmalloc.c:314)
==666774==    by 0x405185D: xstrdup (xmalloc.c:339)
==666774==    by 0x402644F: assign_string (misc.c:58)
==666774==    by 0x40297DC: gname_to_gid (names.c:580)
==666774==    by 0x402455F: decode_header (list.c:699)
==666774==    by 0x4025616: read_and (list.c:194)
==666774==    by 0x400CD7C: main (tar.c:2837)
==666774== 
==666774== 9 bytes in 3 blocks are indirectly lost in loss record 3 of 12
==666774==    at 0x48BD858: malloc (vg_replace_malloc.c:447)
==666774==    by 0x405185D: xmalloc (xmalloc.c:45)
==666774==    by 0x405185D: xmemdup (xmalloc.c:314)
==666774==    by 0x405185D: xstrdup (xmalloc.c:339)
==666774==    by 0x400C4F1: decode_options (tar.c:2353)
==666774==    by 0x400C4F1: main (tar.c:2792)
==666774== 
==666774== 10 bytes in 2 blocks are indirectly lost in loss record 4 of 12
==666774==    at 0x48BD858: malloc (vg_replace_malloc.c:447)
==666774==    by 0x40387DD: wsnode_quoteremoval (wordsplit.c:651)
==666774==    by 0x4039CFD: wordsplit_process_list (wordsplit.c:2390)
==666774==    by 0x403A562: wordsplit_run.constprop.0 (wordsplit.c:2434)
==666774==    by 0x400BFFA: parse_default_options (tar.c:2256)
==666774==    by 0x400BFFA: decode_options (tar.c:2378)
==666774==    by 0x400BFFA: main (tar.c:2792)
==666774== 
==666774== 10 bytes in 2 blocks are definitely lost in loss record 5 of 12
==666774==    at 0x48BD858: malloc (vg_replace_malloc.c:447)
==666774==    by 0x403A1FB: wordsplit_finish (wordsplit.c:836)
==666774==    by 0x400BFFA: parse_default_options (tar.c:2256)
==666774==    by 0x400BFFA: decode_options (tar.c:2378)
==666774==    by 0x400BFFA: main (tar.c:2792)
==666774== 
==666774== 16 bytes in 1 blocks are still reachable in loss record 6 of 12
==666774==    at 0x48C4E43: calloc (vg_replace_malloc.c:1678)
==666774==    by 0x40516F1: xcalloc (xmalloc.c:298)
==666774==    by 0x40516F1: xzalloc (xmalloc.c:283)
==666774==    by 0x400BEF9: decode_options (tar.c:2297)
==666774==    by 0x400BEF9: main (tar.c:2792)
==666774== 
==666774== 57 (48 direct, 9 indirect) bytes in 1 blocks are definitely lost in loss record 7 of 12
==666774==    at 0x48BD858: malloc (vg_replace_malloc.c:447)
==666774==    by 0x40512CC: xmalloc (xmalloc.c:45)
==666774==    by 0x400C46E: decode_options (tar.c:2340)
==666774==    by 0x400C46E: main (tar.c:2792)
==666774== 
==666774== 80 bytes in 1 blocks are still reachable in loss record 8 of 12
==666774==    at 0x48BD858: malloc (vg_replace_malloc.c:447)
==666774==    by 0x40512CC: xmalloc (xmalloc.c:45)
==666774==    by 0x400BE43: main (tar.c:2781)
==666774== 
==666774== 90 (80 direct, 10 indirect) bytes in 2 blocks are definitely lost in loss record 9 of 12
==666774==    at 0x48C4E43: calloc (vg_replace_malloc.c:1678)
==666774==    by 0x403959D: wsnode_new (wordsplit.c:422)
==666774==    by 0x403959D: wordsplit_add_segm (wordsplit.c:523)
==666774==    by 0x4039854: scan_word (wordsplit.c:2062)
==666774==    by 0x4039C7C: wordsplit_process_list (wordsplit.c:2358)
==666774==    by 0x403A562: wordsplit_run.constprop.0 (wordsplit.c:2434)
==666774==    by 0x400BFFA: parse_default_options (tar.c:2256)
==666774==    by 0x400BFFA: decode_options (tar.c:2378)
==666774==    by 0x400BFFA: main (tar.c:2792)
==666774== 
==666774== 102 bytes in 1 blocks are still reachable in loss record 10 of 12
==666774==    at 0x48BD858: malloc (vg_replace_malloc.c:447)
==666774==    by 0x40512CC: xmalloc (xmalloc.c:45)
==666774==    by 0x4029881: name_init (names.c:869)
==666774==    by 0x400C94C: main (tar.c:2794)
==666774== 
==666774== 4,064 bytes in 1 blocks are still reachable in loss record 11 of 12
==666774==    at 0x48BD858: malloc (vg_replace_malloc.c:447)
==666774==    by 0x40512CC: xmalloc (xmalloc.c:45)
==666774==    by 0x404A07D: call_chunkfun (obstack.c:88)
==666774==    by 0x404A07D: _obstack_begin_worker.isra.0 (obstack.c:135)
==666774==    by 0x404A0A8: _obstack_begin (obstack.c:157)
==666774==    by 0x4032C57: _transform_name_to_obstack (transform.c:592)
==666774==    by 0x4032C57: transform_name_fp (transform.c:614)
==666774==    by 0x4023670: transform_member_name (list.c:114)
==666774==    by 0x4023670: transform_stat_info.part.0 (list.c:150)
==666774==    by 0x4025850: transform_stat_info (list.c:227)
==666774==    by 0x4025850: read_and (list.c:227)
==666774==    by 0x400CD7C: main (tar.c:2837)
==666774== 
==666774== 14,336 bytes in 1 blocks are possibly lost in loss record 12 of 12
==666774==    at 0x48BD858: malloc (vg_replace_malloc.c:447)
==666774==    by 0x40512CC: xmalloc (xmalloc.c:45)
==666774==    by 0x4027C22: page_aligned_alloc (misc.c:1235)
==666774==    by 0x4012544: diff_init (compare.c:48)
==666774==    by 0x400CD70: main (tar.c:2836)
==666774== 
==666774== LEAK SUMMARY:
==666774==    definitely lost: 138 bytes in 5 blocks
==666774==    indirectly lost: 19 bytes in 5 blocks
==666774==      possibly lost: 14,336 bytes in 1 blocks
==666774==    still reachable: 4,272 bytes in 6 blocks
==666774==         suppressed: 0 bytes in 0 blocks
==666774== 
==666774== For lists of detected and suppressed errors, rerun with: -s
==666774== ERROR SUMMARY: 4 errors from 4 contexts (suppressed: 0 from 0)
