==667359== Memcheck, a memory error detector
==667359== Copyright (C) 2002-2024, and GNU GPL'd, by Julian Seward et al.
==667359== Using Valgrind-3.26.0 and LibVEX; rerun with -h for copyright info
==667359== Command: tar --checkpoint=1 --checkpoint-action echo=genfile\ checkpoint\ %u --checkpoint-action wait=SIGUSR1 -vcf bar foo baz
==667359== Parent PID: 667358
==667359== 
==667359== 
==667359== FILE DESCRIPTORS: 2 open (2 inherited) at exit.
==667359== 
==667359== HEAP SUMMARY:
==667359==     in use at exit: 4,756 bytes in 19 blocks
==667359==   total heap usage: 117 allocs, 98 frees, 61,385 bytes allocated
==667359== 
==667359== 5 bytes in 1 blocks are still reachable in loss record 1 of 15
==667359==    at 0x48BD858: malloc (vg_replace_malloc.c:447)
==667359==    by 0x405185D: xmalloc (xmalloc.c:45)
==667359==    by 0x405185D: xmemdup (xmalloc.c:314)
==667359==    by 0x405185D: xstrdup (xmalloc.c:339)
==667359==    by 0x402644F: assign_string (misc.c:58)
==667359==    by 0x4029612: uid_to_uname (names.c:490)
==667359==    by 0x40155F3: start_header (create.c:931)
==667359==    by 0x4015798: dump_regular_file (create.c:1050)
==667359==    by 0x40165E2: dump_file0 (create.c:1773)
==667359==    by 0x4017589: dump_file (create.c:1968)
==667359==    by 0x4017589: create_archive (create.c:1412)
==667359==    by 0x400CD90: main (tar.c:2818)
==667359== 
==667359== 5 bytes in 1 blocks are still reachable in loss record 2 of 15
==667359==    at 0x48BD858: malloc (vg_replace_malloc.c:447)
==667359==    by 0x405185D: xmalloc (xmalloc.c:45)
==667359==    by 0x405185D: xmemdup (xmalloc.c:314)
==667359==    by 0x405185D: xstrdup (xmalloc.c:339)
==667359==    by 0x402644F: assign_string (misc.c:58)
==667359==    by 0x40296A2: gid_to_gname (names.c:520)
==667359==    by 0x40155DB: start_header (create.c:936)
==667359==    by 0x4015798: dump_regular_file (create.c:1050)
==667359==    by 0x40165E2: dump_file0 (create.c:1773)
==667359==    by 0x4017589: dump_file (create.c:1968)
==667359==    by 0x4017589: create_archive (create.c:1412)
==667359==    by 0x400CD90: main (tar.c:2818)
==667359== 
==667359== 7 bytes in 2 blocks are indirectly lost in loss record 3 of 15
==667359==    at 0x48BD858: malloc (vg_replace_malloc.c:447)
==667359==    by 0x40387DD: wsnode_quoteremoval (wordsplit.c:651)
==667359==    by 0x4039CFD: wordsplit_process_list (wordsplit.c:2390)
==667359==    by 0x403A562: wordsplit_run.constprop.0 (wordsplit.c:2434)
==667359==    by 0x400BFFA: parse_default_options (tar.c:2256)
==667359==    by 0x400BFFA: decode_options (tar.c:2378)
==667359==    by 0x400BFFA: main (tar.c:2792)
==667359== 
==667359== 7 bytes in 2 blocks are definitely lost in loss record 4 of 15
==667359==    at 0x48BD858: malloc (vg_replace_malloc.c:447)
==667359==    by 0x403A1FB: wordsplit_finish (wordsplit.c:836)
==667359==    by 0x400BFFA: parse_default_options (tar.c:2256)
==667359==    by 0x400BFFA: decode_options (tar.c:2378)
==667359==    by 0x400BFFA: main (tar.c:2792)
==667359== 
==667359== 16 bytes in 1 blocks are still reachable in loss record 5 of 15
==667359==    at 0x48C4E43: calloc (vg_replace_malloc.c:1678)
==667359==    by 0x40516F1: xcalloc (xmalloc.c:298)
==667359==    by 0x40516F1: xzalloc (xmalloc.c:283)
==667359==    by 0x400BEF9: decode_options (tar.c:2297)
==667359==    by 0x400BEF9: main (tar.c:2792)
==667359== 
==667359== 22 bytes in 1 blocks are still reachable in loss record 6 of 15
==667359==    at 0x48BD858: malloc (vg_replace_malloc.c:447)
==667359==    by 0x405185D: xmalloc (xmalloc.c:45)
==667359==    by 0x405185D: xmemdup (xmalloc.c:314)
==667359==    by 0x405185D: xstrdup (xmalloc.c:339)
==667359==    by 0x4011409: copy_string_unquote (checkpoint.c:84)
==667359==    by 0x4011E3B: checkpoint_compile_action (checkpoint.c:121)
==667359==    by 0x4011E3B: checkpoint_compile_action (checkpoint.c:97)
==667359==    by 0x4030C4D: parse_opt (tar.c:1828)
==667359==    by 0x40421C3: group_parse (argp-parse.c:233)
==667359==    by 0x40421C3: parser_parse_opt (argp-parse.c:748)
==667359==    by 0x40421C3: parser_parse_next (argp-parse.c:859)
==667359==    by 0x40421C3: argp_parse (argp-parse.c:927)
==667359==    by 0x400C045: decode_options (tar.c:2380)
==667359==    by 0x400C045: main (tar.c:2792)
==667359== 
==667359== 24 bytes in 1 blocks are still reachable in loss record 7 of 15
==667359==    at 0x48C4E43: calloc (vg_replace_malloc.c:1678)
==667359==    by 0x40516F1: xcalloc (xmalloc.c:298)
==667359==    by 0x40516F1: xzalloc (xmalloc.c:283)
==667359==    by 0x4011E09: alloc_action (checkpoint.c:71)
==667359==    by 0x4011E09: checkpoint_compile_action (checkpoint.c:115)
==667359==    by 0x4011E09: checkpoint_compile_action (checkpoint.c:97)
==667359==    by 0x4030C4D: parse_opt (tar.c:1828)
==667359==    by 0x40421C3: group_parse (argp-parse.c:233)
==667359==    by 0x40421C3: parser_parse_opt (argp-parse.c:748)
==667359==    by 0x40421C3: parser_parse_next (argp-parse.c:859)
==667359==    by 0x40421C3: argp_parse (argp-parse.c:927)
==667359==    by 0x400C045: decode_options (tar.c:2380)
==667359==    by 0x400C045: main (tar.c:2792)
==667359== 
==667359== 24 bytes in 1 blocks are still reachable in loss record 8 of 15
==667359==    at 0x48C4E43: calloc (vg_replace_malloc.c:1678)
==667359==    by 0x40516F1: xcalloc (xmalloc.c:298)
==667359==    by 0x40516F1: xzalloc (xmalloc.c:283)
==667359==    by 0x4011CAD: alloc_action (checkpoint.c:71)
==667359==    by 0x4011CAD: checkpoint_compile_action (checkpoint.c:141)
==667359==    by 0x4011CAD: checkpoint_compile_action (checkpoint.c:97)
==667359==    by 0x4030C4D: parse_opt (tar.c:1828)
==667359==    by 0x40421C3: group_parse (argp-parse.c:233)
==667359==    by 0x40421C3: parser_parse_opt (argp-parse.c:748)
==667359==    by 0x40421C3: parser_parse_next (argp-parse.c:859)
==667359==    by 0x40421C3: argp_parse (argp-parse.c:927)
==667359==    by 0x400C045: decode_options (tar.c:2380)
==667359==    by 0x400C045: main (tar.c:2792)
==667359== 
==667359== 64 bytes in 2 blocks are still reachable in loss record 9 of 15
==667359==    at 0x48BD858: malloc (vg_replace_malloc.c:447)
==667359==    by 0x40512CC: xmalloc (xmalloc.c:45)
==667359==    by 0x401407E: file_count_links (create.c:1522)
==667359==    by 0x401407E: file_count_links (create.c:1508)
==667359==    by 0x4016A58: dump_file0 (create.c:1779)
==667359==    by 0x4017589: dump_file (create.c:1968)
==667359==    by 0x4017589: create_archive (create.c:1412)
==667359==    by 0x400CD90: main (tar.c:2818)
==667359== 
==667359== 80 bytes in 1 blocks are still reachable in loss record 10 of 15
==667359==    at 0x48BD858: malloc (vg_replace_malloc.c:447)
==667359==    by 0x40512CC: xmalloc (xmalloc.c:45)
==667359==    by 0x400BE43: main (tar.c:2781)
==667359== 
==667359== 80 bytes in 1 blocks are still reachable in loss record 11 of 15
==667359==    at 0x48BD858: malloc (vg_replace_malloc.c:447)
==667359==    by 0x4047846: hash_initialize (hash.c:523)
==667359==    by 0x401411B: file_count_links (create.c:1530)
==667359==    by 0x401411B: file_count_links (create.c:1508)
==667359==    by 0x4016A58: dump_file0 (create.c:1779)
==667359==    by 0x4017589: dump_file (create.c:1968)
==667359==    by 0x4017589: create_archive (create.c:1412)
==667359==    by 0x400CD90: main (tar.c:2818)
==667359== 
==667359== 87 (80 direct, 7 indirect) bytes in 2 blocks are definitely lost in loss record 12 of 15
==667359==    at 0x48C4E43: calloc (vg_replace_malloc.c:1678)
==667359==    by 0x403959D: wsnode_new (wordsplit.c:422)
==667359==    by 0x403959D: wordsplit_add_segm (wordsplit.c:523)
==667359==    by 0x4039854: scan_word (wordsplit.c:2062)
==667359==    by 0x4039C7C: wordsplit_process_list (wordsplit.c:2358)
==667359==    by 0x403A562: wordsplit_run.constprop.0 (wordsplit.c:2434)
==667359==    by 0x400BFFA: parse_default_options (tar.c:2256)
==667359==    by 0x400BFFA: decode_options (tar.c:2378)
==667359==    by 0x400BFFA: main (tar.c:2792)
==667359== 
==667359== 102 bytes in 1 blocks are still reachable in loss record 13 of 15
==667359==    at 0x48BD858: malloc (vg_replace_malloc.c:447)
==667359==    by 0x40512CC: xmalloc (xmalloc.c:45)
==667359==    by 0x4029881: name_init (names.c:869)
==667359==    by 0x400C94C: main (tar.c:2794)
==667359== 
==667359== 176 bytes in 1 blocks are still reachable in loss record 14 of 15
==667359==    at 0x48C4E43: calloc (vg_replace_malloc.c:1678)
==667359==    by 0x404789C: hash_initialize (hash.c:544)
==667359==    by 0x401411B: file_count_links (create.c:1530)
==667359==    by 0x401411B: file_count_links (create.c:1508)
==667359==    by 0x4016A58: dump_file0 (create.c:1779)
==667359==    by 0x4017589: dump_file (create.c:1968)
==667359==    by 0x4017589: create_archive (create.c:1412)
==667359==    by 0x400CD90: main (tar.c:2818)
==667359== 
==667359== 4,064 bytes in 1 blocks are still reachable in loss record 15 of 15
==667359==    at 0x48BD858: malloc (vg_replace_malloc.c:447)
==667359==    by 0x40512CC: xmalloc (xmalloc.c:45)
==667359==    by 0x404A07D: call_chunkfun (obstack.c:88)
==667359==    by 0x404A07D: _obstack_begin_worker.isra.0 (obstack.c:135)
==667359==    by 0x404A0A8: _obstack_begin (obstack.c:157)
==667359==    by 0x4032C57: _transform_name_to_obstack (transform.c:592)
==667359==    by 0x4032C57: transform_name_fp (transform.c:614)
==667359==    by 0x4016444: dump_file0 (create.c:1657)
==667359==    by 0x4017589: dump_file (create.c:1968)
==667359==    by 0x4017589: create_archive (create.c:1412)
==667359==    by 0x400CD90: main (tar.c:2818)
==667359== 
==667359== LEAK SUMMARY:
==667359==    definitely lost: 87 bytes in 4 blocks
==667359==    indirectly lost: 7 bytes in 2 blocks
==667359==      possibly lost: 0 bytes in 0 blocks
==667359==    still reachable: 4,662 bytes in 13 blocks
==667359==         suppressed: 0 bytes in 0 blocks
==667359== 
==667359== For lists of detected and suppressed errors, rerun with: -s
==667359== ERROR SUMMARY: 2 errors from 2 contexts (suppressed: 0 from 0)
