==706129== Memcheck, a memory error detector
==706129== Copyright (C) 2002-2024, and GNU GPL'd, by Julian Seward et al.
==706129== Using Valgrind-3.26.0 and LibVEX; rerun with -h for copyright info
==706129== Command: /tmp/rboxc-tar-behavior-xmug2fo5/exec/tar --not-an-option
==706129== Parent PID: 705177
==706129== 
==706129== 
==706129== FILE DESCRIPTORS: 3 open (3 inherited) at exit.
==706129== 
==706129== HEAP SUMMARY:
==706129==     in use at exit: 7,767 bytes in 3 blocks
==706129==   total heap usage: 14 allocs, 11 frees, 8,176 bytes allocated
==706129== 
==706129== 16 bytes in 1 blocks are still reachable in loss record 1 of 3
==706129==    at 0x48C4E43: calloc (vg_replace_malloc.c:1678)
==706129==    by 0x40516F1: xcalloc (xmalloc.c:298)
==706129==    by 0x40516F1: xzalloc (xmalloc.c:283)
==706129==    by 0x400BEF9: decode_options (tar.c:2297)
==706129==    by 0x400BEF9: main (tar.c:2792)
==706129== 
==706129== 80 bytes in 1 blocks are still reachable in loss record 2 of 3
==706129==    at 0x48BD858: malloc (vg_replace_malloc.c:447)
==706129==    by 0x40512CC: xmalloc (xmalloc.c:45)
==706129==    by 0x400BE43: main (tar.c:2781)
==706129== 
==706129== 7,671 bytes in 1 blocks are still reachable in loss record 3 of 3
==706129==    at 0x48BD858: malloc (vg_replace_malloc.c:447)
==706129==    by 0x4041854: parser_init (argp-parse.c:495)
==706129==    by 0x4041854: argp_parse (argp-parse.c:921)
==706129==    by 0x400C045: decode_options (tar.c:2380)
==706129==    by 0x400C045: main (tar.c:2792)
==706129== 
==706129== LEAK SUMMARY:
==706129==    definitely lost: 0 bytes in 0 blocks
==706129==    indirectly lost: 0 bytes in 0 blocks
==706129==      possibly lost: 0 bytes in 0 blocks
==706129==    still reachable: 7,767 bytes in 3 blocks
==706129==         suppressed: 0 bytes in 0 blocks
==706129== 
==706129== For lists of detected and suppressed errors, rerun with: -s
==706129== ERROR SUMMARY: 0 errors from 0 contexts (suppressed: 0 from 0)
