==606200== Memcheck, a memory error detector
==606200== Copyright (C) 2002-2024, and GNU GPL'd, by Julian Seward et al.
==606200== Using Valgrind-3.26.0 and LibVEX; rerun with -h for copyright info
==606200== Command: tar --version
==606200== Parent PID: 606115
==606200== 
==606200== 
==606200== FILE DESCRIPTORS: 4 open (4 inherited) at exit.
==606200== 
==606200== HEAP SUMMARY:
==606200==     in use at exit: 7,767 bytes in 3 blocks
==606200==   total heap usage: 15 allocs, 12 frees, 12,021 bytes allocated
==606200== 
==606200== 16 bytes in 1 blocks are still reachable in loss record 1 of 3
==606200==    at 0x48C4E43: calloc (vg_replace_malloc.c:1678)
==606200==    by 0x40516F1: xcalloc (xmalloc.c:298)
==606200==    by 0x40516F1: xzalloc (xmalloc.c:283)
==606200==    by 0x400BEF9: decode_options (tar.c:2297)
==606200==    by 0x400BEF9: main (tar.c:2792)
==606200== 
==606200== 80 bytes in 1 blocks are still reachable in loss record 2 of 3
==606200==    at 0x48BD858: malloc (vg_replace_malloc.c:447)
==606200==    by 0x40512CC: xmalloc (xmalloc.c:45)
==606200==    by 0x400BE43: main (tar.c:2781)
==606200== 
==606200== 7,671 bytes in 1 blocks are still reachable in loss record 3 of 3
==606200==    at 0x48BD858: malloc (vg_replace_malloc.c:447)
==606200==    by 0x4041854: parser_init (argp-parse.c:495)
==606200==    by 0x4041854: argp_parse (argp-parse.c:921)
==606200==    by 0x400C045: decode_options (tar.c:2380)
==606200==    by 0x400C045: main (tar.c:2792)
==606200== 
==606200== LEAK SUMMARY:
==606200==    definitely lost: 0 bytes in 0 blocks
==606200==    indirectly lost: 0 bytes in 0 blocks
==606200==      possibly lost: 0 bytes in 0 blocks
==606200==    still reachable: 7,767 bytes in 3 blocks
==606200==         suppressed: 0 bytes in 0 blocks
==606200== 
==606200== For lists of detected and suppressed errors, rerun with: -s
==606200== ERROR SUMMARY: 0 errors from 0 contexts (suppressed: 0 from 0)
