==697997== Memcheck, a memory error detector
==697997== Copyright (C) 2002-2024, and GNU GPL'd, by Julian Seward et al.
==697997== Using Valgrind-3.26.0 and LibVEX; rerun with -h for copyright info
==697997== Command: tar --version
==697997== Parent PID: 697886
==697997== 
==697997== 
==697997== FILE DESCRIPTORS: 4 open (4 inherited) at exit.
==697997== 
==697997== HEAP SUMMARY:
==697997==     in use at exit: 7,767 bytes in 3 blocks
==697997==   total heap usage: 15 allocs, 12 frees, 12,021 bytes allocated
==697997== 
==697997== 16 bytes in 1 blocks are still reachable in loss record 1 of 3
==697997==    at 0x5875E43: calloc (vg_replace_malloc.c:1678)
==697997==    by 0x469E681: rboxc_tar_xzalloc (in /root/rboxc/target/tar-child-input-candidate/release/rboxc)
==697997==    by 0x440DEF5: single_binary_main_tar (in /root/rboxc/target/tar-child-input-candidate/release/rboxc)
==697997==    by 0x5A18600: (below main) (libc_start_call_main.h:59)
==697997== 
==697997== 80 bytes in 1 blocks are still reachable in loss record 2 of 3
==697997==    at 0x586E858: malloc (vg_replace_malloc.c:447)
==697997==    by 0x469E25C: rboxc_tar_xmalloc (in /root/rboxc/target/tar-child-input-candidate/release/rboxc)
==697997==    by 0x440DE00: single_binary_main_tar (in /root/rboxc/target/tar-child-input-candidate/release/rboxc)
==697997==    by 0x5A18600: (below main) (libc_start_call_main.h:59)
==697997== 
==697997== 7,671 bytes in 1 blocks are still reachable in loss record 3 of 3
==697997==    at 0x586E858: malloc (vg_replace_malloc.c:447)
==697997==    by 0x468C8D4: rboxc_tar_argp_parse (in /root/rboxc/target/tar-child-input-candidate/release/rboxc)
==697997==    by 0x440E425: single_binary_main_tar (in /root/rboxc/target/tar-child-input-candidate/release/rboxc)
==697997==    by 0x5A18600: (below main) (libc_start_call_main.h:59)
==697997== 
==697997== LEAK SUMMARY:
==697997==    definitely lost: 0 bytes in 0 blocks
==697997==    indirectly lost: 0 bytes in 0 blocks
==697997==      possibly lost: 0 bytes in 0 blocks
==697997==    still reachable: 7,767 bytes in 3 blocks
==697997==         suppressed: 0 bytes in 0 blocks
==697997== 
==697997== For lists of detected and suppressed errors, rerun with: -s
==697997== ERROR SUMMARY: 0 errors from 0 contexts (suppressed: 0 from 0)
