==699309== Memcheck, a memory error detector
==699309== Copyright (C) 2002-2024, and GNU GPL'd, by Julian Seward et al.
==699309== Using Valgrind-3.26.0 and LibVEX; rerun with -h for copyright info
==699309== Command: tar -cf test.tar subdir/a.txt
==699309== Parent PID: 699305
==699309== 
==699309== 
==699309== FILE DESCRIPTORS: 1 open (1 inherited) at exit.
==699309== 
==699309== HEAP SUMMARY:
==699309==     in use at exit: 4,545 bytes in 8 blocks
==699309==   total heap usage: 60 allocs, 52 frees, 60,790 bytes allocated
==699309== 
==699309== 5 bytes in 1 blocks are still reachable in loss record 1 of 8
==699309==    at 0x586E858: malloc (vg_replace_malloc.c:447)
==699309==    by 0x469E7ED: rboxc_tar_xstrdup (in /root/rboxc/target/tar-child-input-candidate/release/rboxc)
==699309==    by 0x467004F: rboxc_tar_assign_string (in /root/rboxc/target/tar-child-input-candidate/release/rboxc)
==699309==    by 0x4673332: rboxc_tar_uid_to_uname (in /root/rboxc/target/tar-child-input-candidate/release/rboxc)
==699309==    by 0x4662553: rboxc_tar_start_header (in /root/rboxc/target/tar-child-input-candidate/release/rboxc)
==699309==    by 0x46626F8: dump_regular_file (in /root/rboxc/target/tar-child-input-candidate/release/rboxc)
==699309==    by 0x4663542: dump_file0 (in /root/rboxc/target/tar-child-input-candidate/release/rboxc)
==699309==    by 0x46644E9: rboxc_tar_create_archive (in /root/rboxc/target/tar-child-input-candidate/release/rboxc)
==699309==    by 0x440EEF8: single_binary_main_tar (in /root/rboxc/target/tar-child-input-candidate/release/rboxc)
==699309==    by 0x5A18600: (below main) (libc_start_call_main.h:59)
==699309== 
==699309== 5 bytes in 1 blocks are still reachable in loss record 2 of 8
==699309==    at 0x586E858: malloc (vg_replace_malloc.c:447)
==699309==    by 0x469E7ED: rboxc_tar_xstrdup (in /root/rboxc/target/tar-child-input-candidate/release/rboxc)
==699309==    by 0x467004F: rboxc_tar_assign_string (in /root/rboxc/target/tar-child-input-candidate/release/rboxc)
==699309==    by 0x46733C2: rboxc_tar_gid_to_gname (in /root/rboxc/target/tar-child-input-candidate/release/rboxc)
==699309==    by 0x466253B: rboxc_tar_start_header (in /root/rboxc/target/tar-child-input-candidate/release/rboxc)
==699309==    by 0x46626F8: dump_regular_file (in /root/rboxc/target/tar-child-input-candidate/release/rboxc)
==699309==    by 0x4663542: dump_file0 (in /root/rboxc/target/tar-child-input-candidate/release/rboxc)
==699309==    by 0x46644E9: rboxc_tar_create_archive (in /root/rboxc/target/tar-child-input-candidate/release/rboxc)
==699309==    by 0x440EEF8: single_binary_main_tar (in /root/rboxc/target/tar-child-input-candidate/release/rboxc)
==699309==    by 0x5A18600: (below main) (libc_start_call_main.h:59)
==699309== 
==699309== 16 bytes in 1 blocks are still reachable in loss record 3 of 8
==699309==    at 0x5875E43: calloc (vg_replace_malloc.c:1678)
==699309==    by 0x469E681: rboxc_tar_xzalloc (in /root/rboxc/target/tar-child-input-candidate/release/rboxc)
==699309==    by 0x440DEF5: single_binary_main_tar (in /root/rboxc/target/tar-child-input-candidate/release/rboxc)
==699309==    by 0x5A18600: (below main) (libc_start_call_main.h:59)
==699309== 
==699309== 17 bytes in 1 blocks are still reachable in loss record 4 of 8
==699309==    at 0x586E858: malloc (vg_replace_malloc.c:447)
==699309==    by 0x469E7ED: rboxc_tar_xstrdup (in /root/rboxc/target/tar-child-input-candidate/release/rboxc)
==699309==    by 0x467004F: rboxc_tar_assign_string (in /root/rboxc/target/tar-child-input-candidate/release/rboxc)
==699309==    by 0x467F186: rboxc_tar_xheader_xhdr_name (in /root/rboxc/target/tar-child-input-candidate/release/rboxc)
==699309==    by 0x46611F7: write_extended.part.0 (in /root/rboxc/target/tar-child-input-candidate/release/rboxc)
==699309==    by 0x46617F6: rboxc_tar_finish_header (in /root/rboxc/target/tar-child-input-candidate/release/rboxc)
==699309==    by 0x466270F: dump_regular_file (in /root/rboxc/target/tar-child-input-candidate/release/rboxc)
==699309==    by 0x4663542: dump_file0 (in /root/rboxc/target/tar-child-input-candidate/release/rboxc)
==699309==    by 0x46644E9: rboxc_tar_create_archive (in /root/rboxc/target/tar-child-input-candidate/release/rboxc)
==699309==    by 0x440EEF8: single_binary_main_tar (in /root/rboxc/target/tar-child-input-candidate/release/rboxc)
==699309==    by 0x5A18600: (below main) (libc_start_call_main.h:59)
==699309== 
==699309== 80 bytes in 1 blocks are still reachable in loss record 5 of 8
==699309==    at 0x586E858: malloc (vg_replace_malloc.c:447)
==699309==    by 0x469E25C: rboxc_tar_xmalloc (in /root/rboxc/target/tar-child-input-candidate/release/rboxc)
==699309==    by 0x440DE00: single_binary_main_tar (in /root/rboxc/target/tar-child-input-candidate/release/rboxc)
==699309==    by 0x5A18600: (below main) (libc_start_call_main.h:59)
==699309== 
==699309== 102 bytes in 1 blocks are still reachable in loss record 6 of 8
==699309==    at 0x586E858: malloc (vg_replace_malloc.c:447)
==699309==    by 0x469E25C: rboxc_tar_xmalloc (in /root/rboxc/target/tar-child-input-candidate/release/rboxc)
==699309==    by 0x46735A1: rboxc_tar_name_init (in /root/rboxc/target/tar-child-input-candidate/release/rboxc)
==699309==    by 0x440EE7A: single_binary_main_tar (in /root/rboxc/target/tar-child-input-candidate/release/rboxc)
==699309==    by 0x5A18600: (below main) (libc_start_call_main.h:59)
==699309== 
==699309== 256 bytes in 1 blocks are still reachable in loss record 7 of 8
==699309==    at 0x586E858: malloc (vg_replace_malloc.c:447)
==699309==    by 0x469E25C: rboxc_tar_xmalloc (in /root/rboxc/target/tar-child-input-candidate/release/rboxc)
==699309==    by 0x467DC54: xheader_print_n (in /root/rboxc/target/tar-child-input-candidate/release/rboxc)
==699309==    by 0x467DEDB: mtime_coder (in /root/rboxc/target/tar-child-input-candidate/release/rboxc)
==699309==    by 0x46621DF: rboxc_tar_start_header (in /root/rboxc/target/tar-child-input-candidate/release/rboxc)
==699309==    by 0x46626F8: dump_regular_file (in /root/rboxc/target/tar-child-input-candidate/release/rboxc)
==699309==    by 0x4663542: dump_file0 (in /root/rboxc/target/tar-child-input-candidate/release/rboxc)
==699309==    by 0x46644E9: rboxc_tar_create_archive (in /root/rboxc/target/tar-child-input-candidate/release/rboxc)
==699309==    by 0x440EEF8: single_binary_main_tar (in /root/rboxc/target/tar-child-input-candidate/release/rboxc)
==699309==    by 0x5A18600: (below main) (libc_start_call_main.h:59)
==699309== 
==699309== 4,064 bytes in 1 blocks are still reachable in loss record 8 of 8
==699309==    at 0x586E858: malloc (vg_replace_malloc.c:447)
==699309==    by 0x469E25C: rboxc_tar_xmalloc (in /root/rboxc/target/tar-child-input-candidate/release/rboxc)
==699309==    by 0x469617D: _obstack_begin_worker.isra.0 (in /root/rboxc/target/tar-child-input-candidate/release/rboxc)
==699309==    by 0x46961A8: rboxc_tar__obstack_begin (in /root/rboxc/target/tar-child-input-candidate/release/rboxc)
==699309==    by 0x4679E77: rboxc_tar_transform_name_fp (in /root/rboxc/target/tar-child-input-candidate/release/rboxc)
==699309==    by 0x46633A4: dump_file0 (in /root/rboxc/target/tar-child-input-candidate/release/rboxc)
==699309==    by 0x46644E9: rboxc_tar_create_archive (in /root/rboxc/target/tar-child-input-candidate/release/rboxc)
==699309==    by 0x440EEF8: single_binary_main_tar (in /root/rboxc/target/tar-child-input-candidate/release/rboxc)
==699309==    by 0x5A18600: (below main) (libc_start_call_main.h:59)
==699309== 
==699309== LEAK SUMMARY:
==699309==    definitely lost: 0 bytes in 0 blocks
==699309==    indirectly lost: 0 bytes in 0 blocks
==699309==      possibly lost: 0 bytes in 0 blocks
==699309==    still reachable: 4,545 bytes in 8 blocks
==699309==         suppressed: 0 bytes in 0 blocks
==699309== 
==699309== For lists of detected and suppressed errors, rerun with: -s
==699309== ERROR SUMMARY: 0 errors from 0 contexts (suppressed: 0 from 0)
