==690486== Memcheck, a memory error detector
==690486== Copyright (C) 2002-2024, and GNU GPL'd, by Julian Seward et al.
==690486== Using Valgrind-3.26.0 and LibVEX; rerun with -h for copyright info
==690486== Command: /tmp/rboxc-tar-behavior-lpstmlvw/exec/tar --format=pax --pax-option=delete=atime,delete=ctime,exthdr.name=%d/PaxHeaders/%f -cf result.tar -C tree .
==690486== Parent PID: 683658
==690486== 
==690486== 
==690486== FILE DESCRIPTORS: 1 open (1 inherited) at exit.
==690486== 
==690486== HEAP SUMMARY:
==690486==     in use at exit: 4,645 bytes in 14 blocks
==690486==   total heap usage: 103 allocs, 89 frees, 118,357 bytes allocated
==690486== 
==690486== 5 bytes in 1 blocks are still reachable in loss record 1 of 12
==690486==    at 0x586E858: malloc (vg_replace_malloc.c:447)
==690486==    by 0x469E72D: rboxc_tar_xstrdup (in /root/rboxc/target/tar-child-prefix-candidate/release/rboxc)
==690486==    by 0x467000F: rboxc_tar_assign_string (in /root/rboxc/target/tar-child-prefix-candidate/release/rboxc)
==690486==    by 0x46732F2: rboxc_tar_uid_to_uname (in /root/rboxc/target/tar-child-prefix-candidate/release/rboxc)
==690486==    by 0x4662513: rboxc_tar_start_header (in /root/rboxc/target/tar-child-prefix-candidate/release/rboxc)
==690486==    by 0x4663719: dump_file0 (in /root/rboxc/target/tar-child-prefix-candidate/release/rboxc)
==690486==    by 0x46644A9: rboxc_tar_create_archive (in /root/rboxc/target/tar-child-prefix-candidate/release/rboxc)
==690486==    by 0x440EEB8: single_binary_main_tar (in /root/rboxc/target/tar-child-prefix-candidate/release/rboxc)
==690486==    by 0x5A18600: (below main) (libc_start_call_main.h:59)
==690486== 
==690486== 5 bytes in 1 blocks are still reachable in loss record 2 of 12
==690486==    at 0x586E858: malloc (vg_replace_malloc.c:447)
==690486==    by 0x469E72D: rboxc_tar_xstrdup (in /root/rboxc/target/tar-child-prefix-candidate/release/rboxc)
==690486==    by 0x467000F: rboxc_tar_assign_string (in /root/rboxc/target/tar-child-prefix-candidate/release/rboxc)
==690486==    by 0x4673382: rboxc_tar_gid_to_gname (in /root/rboxc/target/tar-child-prefix-candidate/release/rboxc)
==690486==    by 0x46624FB: rboxc_tar_start_header (in /root/rboxc/target/tar-child-prefix-candidate/release/rboxc)
==690486==    by 0x4663719: dump_file0 (in /root/rboxc/target/tar-child-prefix-candidate/release/rboxc)
==690486==    by 0x46644A9: rboxc_tar_create_archive (in /root/rboxc/target/tar-child-prefix-candidate/release/rboxc)
==690486==    by 0x440EEB8: single_binary_main_tar (in /root/rboxc/target/tar-child-prefix-candidate/release/rboxc)
==690486==    by 0x5A18600: (below main) (libc_start_call_main.h:59)
==690486== 
==690486== 12 bytes in 2 blocks are still reachable in loss record 3 of 12
==690486==    at 0x586E858: malloc (vg_replace_malloc.c:447)
==690486==    by 0x469E72D: rboxc_tar_xstrdup (in /root/rboxc/target/tar-child-prefix-candidate/release/rboxc)
==690486==    by 0x467EAE4: rboxc_tar_xheader_set_option (in /root/rboxc/target/tar-child-prefix-candidate/release/rboxc)
==690486==    by 0x4405C65: rboxc::applet_tar::parse_opt (in /root/rboxc/target/tar-child-prefix-candidate/release/rboxc)
==690486==    by 0x468D183: rboxc_tar_argp_parse (in /root/rboxc/target/tar-child-prefix-candidate/release/rboxc)
==690486==    by 0x440E3E5: single_binary_main_tar (in /root/rboxc/target/tar-child-prefix-candidate/release/rboxc)
==690486==    by 0x5A18600: (below main) (libc_start_call_main.h:59)
==690486== 
==690486== 16 bytes in 1 blocks are still reachable in loss record 4 of 12
==690486==    at 0x5875E43: calloc (vg_replace_malloc.c:1678)
==690486==    by 0x469E5C1: rboxc_tar_xzalloc (in /root/rboxc/target/tar-child-prefix-candidate/release/rboxc)
==690486==    by 0x440DEB5: single_binary_main_tar (in /root/rboxc/target/tar-child-prefix-candidate/release/rboxc)
==690486==    by 0x5A18600: (below main) (libc_start_call_main.h:59)
==690486== 
==690486== 17 bytes in 1 blocks are still reachable in loss record 5 of 12
==690486==    at 0x586E858: malloc (vg_replace_malloc.c:447)
==690486==    by 0x469E72D: rboxc_tar_xstrdup (in /root/rboxc/target/tar-child-prefix-candidate/release/rboxc)
==690486==    by 0x467000F: rboxc_tar_assign_string (in /root/rboxc/target/tar-child-prefix-candidate/release/rboxc)
==690486==    by 0x467EB1E: rboxc_tar_xheader_set_option (in /root/rboxc/target/tar-child-prefix-candidate/release/rboxc)
==690486==    by 0x4405C65: rboxc::applet_tar::parse_opt (in /root/rboxc/target/tar-child-prefix-candidate/release/rboxc)
==690486==    by 0x468D183: rboxc_tar_argp_parse (in /root/rboxc/target/tar-child-prefix-candidate/release/rboxc)
==690486==    by 0x440E3E5: single_binary_main_tar (in /root/rboxc/target/tar-child-prefix-candidate/release/rboxc)
==690486==    by 0x5A18600: (below main) (libc_start_call_main.h:59)
==690486== 
==690486== 40 bytes in 1 blocks are still reachable in loss record 6 of 12
==690486==    at 0x586E858: malloc (vg_replace_malloc.c:447)
==690486==    by 0x469E19C: rboxc_tar_xmalloc (in /root/rboxc/target/tar-child-prefix-candidate/release/rboxc)
==690486==    by 0x4660F9E: file_count_links (in /root/rboxc/target/tar-child-prefix-candidate/release/rboxc)
==690486==    by 0x4663978: dump_file0 (in /root/rboxc/target/tar-child-prefix-candidate/release/rboxc)
==690486==    by 0x4662E3E: rboxc_tar_dump_file (in /root/rboxc/target/tar-child-prefix-candidate/release/rboxc)
==690486==    by 0x4664087: dump_file0 (in /root/rboxc/target/tar-child-prefix-candidate/release/rboxc)
==690486==    by 0x46644A9: rboxc_tar_create_archive (in /root/rboxc/target/tar-child-prefix-candidate/release/rboxc)
==690486==    by 0x440EEB8: single_binary_main_tar (in /root/rboxc/target/tar-child-prefix-candidate/release/rboxc)
==690486==    by 0x5A18600: (below main) (libc_start_call_main.h:59)
==690486== 
==690486== 48 bytes in 2 blocks are still reachable in loss record 7 of 12
==690486==    at 0x586E858: malloc (vg_replace_malloc.c:447)
==690486==    by 0x469E19C: rboxc_tar_xmalloc (in /root/rboxc/target/tar-child-prefix-candidate/release/rboxc)
==690486==    by 0x467EAD9: rboxc_tar_xheader_set_option (in /root/rboxc/target/tar-child-prefix-candidate/release/rboxc)
==690486==    by 0x4405C65: rboxc::applet_tar::parse_opt (in /root/rboxc/target/tar-child-prefix-candidate/release/rboxc)
==690486==    by 0x468D183: rboxc_tar_argp_parse (in /root/rboxc/target/tar-child-prefix-candidate/release/rboxc)
==690486==    by 0x440E3E5: single_binary_main_tar (in /root/rboxc/target/tar-child-prefix-candidate/release/rboxc)
==690486==    by 0x5A18600: (below main) (libc_start_call_main.h:59)
==690486== 
==690486== 80 bytes in 1 blocks are still reachable in loss record 8 of 12
==690486==    at 0x586E858: malloc (vg_replace_malloc.c:447)
==690486==    by 0x469E19C: rboxc_tar_xmalloc (in /root/rboxc/target/tar-child-prefix-candidate/release/rboxc)
==690486==    by 0x440DDC0: single_binary_main_tar (in /root/rboxc/target/tar-child-prefix-candidate/release/rboxc)
==690486==    by 0x5A18600: (below main) (libc_start_call_main.h:59)
==690486== 
==690486== 80 bytes in 1 blocks are still reachable in loss record 9 of 12
==690486==    at 0x586E858: malloc (vg_replace_malloc.c:447)
==690486==    by 0x4693846: rboxc_tar_hash_initialize (in /root/rboxc/target/tar-child-prefix-candidate/release/rboxc)
==690486==    by 0x466103B: file_count_links (in /root/rboxc/target/tar-child-prefix-candidate/release/rboxc)
==690486==    by 0x4663978: dump_file0 (in /root/rboxc/target/tar-child-prefix-candidate/release/rboxc)
==690486==    by 0x4662E3E: rboxc_tar_dump_file (in /root/rboxc/target/tar-child-prefix-candidate/release/rboxc)
==690486==    by 0x4664087: dump_file0 (in /root/rboxc/target/tar-child-prefix-candidate/release/rboxc)
==690486==    by 0x46644A9: rboxc_tar_create_archive (in /root/rboxc/target/tar-child-prefix-candidate/release/rboxc)
==690486==    by 0x440EEB8: single_binary_main_tar (in /root/rboxc/target/tar-child-prefix-candidate/release/rboxc)
==690486==    by 0x5A18600: (below main) (libc_start_call_main.h:59)
==690486== 
==690486== 102 bytes in 1 blocks are still reachable in loss record 10 of 12
==690486==    at 0x586E858: malloc (vg_replace_malloc.c:447)
==690486==    by 0x469E19C: rboxc_tar_xmalloc (in /root/rboxc/target/tar-child-prefix-candidate/release/rboxc)
==690486==    by 0x4673561: rboxc_tar_name_init (in /root/rboxc/target/tar-child-prefix-candidate/release/rboxc)
==690486==    by 0x440EE3A: single_binary_main_tar (in /root/rboxc/target/tar-child-prefix-candidate/release/rboxc)
==690486==    by 0x5A18600: (below main) (libc_start_call_main.h:59)
==690486== 
==690486== 176 bytes in 1 blocks are still reachable in loss record 11 of 12
==690486==    at 0x5875E43: calloc (vg_replace_malloc.c:1678)
==690486==    by 0x469389C: rboxc_tar_hash_initialize (in /root/rboxc/target/tar-child-prefix-candidate/release/rboxc)
==690486==    by 0x466103B: file_count_links (in /root/rboxc/target/tar-child-prefix-candidate/release/rboxc)
==690486==    by 0x4663978: dump_file0 (in /root/rboxc/target/tar-child-prefix-candidate/release/rboxc)
==690486==    by 0x4662E3E: rboxc_tar_dump_file (in /root/rboxc/target/tar-child-prefix-candidate/release/rboxc)
==690486==    by 0x4664087: dump_file0 (in /root/rboxc/target/tar-child-prefix-candidate/release/rboxc)
==690486==    by 0x46644A9: rboxc_tar_create_archive (in /root/rboxc/target/tar-child-prefix-candidate/release/rboxc)
==690486==    by 0x440EEB8: single_binary_main_tar (in /root/rboxc/target/tar-child-prefix-candidate/release/rboxc)
==690486==    by 0x5A18600: (below main) (libc_start_call_main.h:59)
==690486== 
==690486== 4,064 bytes in 1 blocks are still reachable in loss record 12 of 12
==690486==    at 0x586E858: malloc (vg_replace_malloc.c:447)
==690486==    by 0x469E19C: rboxc_tar_xmalloc (in /root/rboxc/target/tar-child-prefix-candidate/release/rboxc)
==690486==    by 0x46960BD: _obstack_begin_worker.isra.0 (in /root/rboxc/target/tar-child-prefix-candidate/release/rboxc)
==690486==    by 0x46960E8: rboxc_tar__obstack_begin (in /root/rboxc/target/tar-child-prefix-candidate/release/rboxc)
==690486==    by 0x4679D97: rboxc_tar_transform_name_fp (in /root/rboxc/target/tar-child-prefix-candidate/release/rboxc)
==690486==    by 0x4663364: dump_file0 (in /root/rboxc/target/tar-child-prefix-candidate/release/rboxc)
==690486==    by 0x46644A9: rboxc_tar_create_archive (in /root/rboxc/target/tar-child-prefix-candidate/release/rboxc)
==690486==    by 0x440EEB8: single_binary_main_tar (in /root/rboxc/target/tar-child-prefix-candidate/release/rboxc)
==690486==    by 0x5A18600: (below main) (libc_start_call_main.h:59)
==690486== 
==690486== LEAK SUMMARY:
==690486==    definitely lost: 0 bytes in 0 blocks
==690486==    indirectly lost: 0 bytes in 0 blocks
==690486==      possibly lost: 0 bytes in 0 blocks
==690486==    still reachable: 4,645 bytes in 14 blocks
==690486==         suppressed: 0 bytes in 0 blocks
==690486== 
==690486== For lists of detected and suppressed errors, rerun with: -s
==690486== ERROR SUMMARY: 0 errors from 0 contexts (suppressed: 0 from 0)
