==638295== Memcheck, a memory error detector
==638295== Copyright (C) 2002-2024, and GNU GPL'd, by Julian Seward et al.
==638295== Using Valgrind-3.26.0 and LibVEX; rerun with -h for copyright info
==638295== Command: /tmp/rboxc-tar-behavior-5uv2rgyp/exec/tar -tf archive.tar absent
==638295== Parent PID: 635373
==638295== 
==638295== 
==638295== FILE DESCRIPTORS: 1 open (1 inherited) at exit.
==638295== 
==638295== HEAP SUMMARY:
==638295==     in use at exit: 311 bytes in 7 blocks
==638295==   total heap usage: 82 allocs, 75 frees, 43,812 bytes allocated
==638295== 
==638295== 5 bytes in 1 blocks are still reachable in loss record 1 of 7
==638295==    at 0x48BD858: malloc (vg_replace_malloc.c:447)
==638295==    by 0x405185D: xmalloc (xmalloc.c:45)
==638295==    by 0x405185D: xmemdup (xmalloc.c:314)
==638295==    by 0x405185D: xstrdup (xmalloc.c:339)
==638295==    by 0x402644F: assign_string (misc.c:58)
==638295==    by 0x402973C: uname_to_uid (names.c:550)
==638295==    by 0x402457F: decode_header (list.c:694)
==638295==    by 0x4025616: read_and (list.c:194)
==638295==    by 0x400CD4B: main (tar.c:2832)
==638295== 
==638295== 5 bytes in 1 blocks are still reachable in loss record 2 of 7
==638295==    at 0x48BD858: malloc (vg_replace_malloc.c:447)
==638295==    by 0x405185D: xmalloc (xmalloc.c:45)
==638295==    by 0x405185D: xmemdup (xmalloc.c:314)
==638295==    by 0x405185D: xstrdup (xmalloc.c:339)
==638295==    by 0x402644F: assign_string (misc.c:58)
==638295==    by 0x40297DC: gname_to_gid (names.c:580)
==638295==    by 0x402455F: decode_header (list.c:699)
==638295==    by 0x4025616: read_and (list.c:194)
==638295==    by 0x400CD4B: main (tar.c:2832)
==638295== 
==638295== 7 bytes in 1 blocks are indirectly lost in loss record 3 of 7
==638295==    at 0x48BD858: malloc (vg_replace_malloc.c:447)
==638295==    by 0x405185D: xmalloc (xmalloc.c:45)
==638295==    by 0x405185D: xmemdup (xmalloc.c:314)
==638295==    by 0x405185D: xstrdup (xmalloc.c:339)
==638295==    by 0x402994B: make_name (names.c:599)
==638295==    by 0x402994B: addname (names.c:1233)
==638295==    by 0x4029AB7: name_gather (names.c:1218)
==638295==    by 0x4025436: read_and (list.c:174)
==638295==    by 0x400CD4B: main (tar.c:2832)
==638295== 
==638295== 16 bytes in 1 blocks are still reachable in loss record 4 of 7
==638295==    at 0x48C4E43: calloc (vg_replace_malloc.c:1678)
==638295==    by 0x40516F1: xcalloc (xmalloc.c:298)
==638295==    by 0x40516F1: xzalloc (xmalloc.c:283)
==638295==    by 0x400BEF9: decode_options (tar.c:2297)
==638295==    by 0x400BEF9: main (tar.c:2792)
==638295== 
==638295== 80 bytes in 1 blocks are still reachable in loss record 5 of 7
==638295==    at 0x48BD858: malloc (vg_replace_malloc.c:447)
==638295==    by 0x40512CC: xmalloc (xmalloc.c:45)
==638295==    by 0x400BE43: main (tar.c:2781)
==638295== 
==638295== 102 bytes in 1 blocks are still reachable in loss record 6 of 7
==638295==    at 0x48BD858: malloc (vg_replace_malloc.c:447)
==638295==    by 0x40512CC: xmalloc (xmalloc.c:45)
==638295==    by 0x4029881: name_init (names.c:869)
==638295==    by 0x400C94C: main (tar.c:2794)
==638295== 
==638295== 103 (96 direct, 7 indirect) bytes in 1 blocks are definitely lost in loss record 7 of 7
==638295==    at 0x48C4E43: calloc (vg_replace_malloc.c:1678)
==638295==    by 0x40516F1: xcalloc (xmalloc.c:298)
==638295==    by 0x40516F1: xzalloc (xmalloc.c:283)
==638295==    by 0x4029932: make_name (names.c:596)
==638295==    by 0x4029932: addname (names.c:1233)
==638295==    by 0x4029AB7: name_gather (names.c:1218)
==638295==    by 0x4025436: read_and (list.c:174)
==638295==    by 0x400CD4B: main (tar.c:2832)
==638295== 
==638295== LEAK SUMMARY:
==638295==    definitely lost: 96 bytes in 1 blocks
==638295==    indirectly lost: 7 bytes in 1 blocks
==638295==      possibly lost: 0 bytes in 0 blocks
==638295==    still reachable: 208 bytes in 5 blocks
==638295==         suppressed: 0 bytes in 0 blocks
==638295== 
==638295== For lists of detected and suppressed errors, rerun with: -s
==638295== ERROR SUMMARY: 1 errors from 1 contexts (suppressed: 0 from 0)
