==657828== Memcheck, a memory error detector
==657828== Copyright (C) 2002-2024, and GNU GPL'd, by Julian Seward et al.
==657828== Using Valgrind-3.26.0 and LibVEX; rerun with -h for copyright info
==657828== Command: tar -cf noacl.tar -C pure d1
==657828== Parent PID: 657533
==657828== 
==657828== 
==657828== FILE DESCRIPTORS: 2 open (1 inherited) at exit.
==657828== Open file descriptor 4: pure
==657828==    at 0x4A1AADA: openat (openat64.c:39)
==657828==    by 0x4027817: openat (fcntl2.h:175)
==657828==    by 0x4027817: chdir_do (misc.c:988)
==657828==    by 0x4028D52: name_next_elt (names.c:1123)
==657828==    by 0x40298EC: name_next (names.c:1152)
==657828==    by 0x401750F: create_archive (create.c:1410)
==657828==    by 0x400CD90: main (tar.c:2818)
==657828== 
==657828== 
==657828== HEAP SUMMARY:
==657828==     in use at exit: 4,407 bytes in 12 blocks
==657828==   total heap usage: 52 allocs, 40 frees, 101,439 bytes allocated
==657828== 
==657828== 5 bytes in 1 blocks are still reachable in loss record 1 of 9
==657828==    at 0x48BD858: malloc (vg_replace_malloc.c:447)
==657828==    by 0x405185D: xmalloc (xmalloc.c:45)
==657828==    by 0x405185D: xmemdup (xmalloc.c:314)
==657828==    by 0x405185D: xstrdup (xmalloc.c:339)
==657828==    by 0x4028D43: name_next_elt (names.c:1123)
==657828==    by 0x40298EC: name_next (names.c:1152)
==657828==    by 0x401750F: create_archive (create.c:1410)
==657828==    by 0x400CD90: main (tar.c:2818)
==657828== 
==657828== 6 bytes in 2 blocks are indirectly lost in loss record 2 of 9
==657828==    at 0x48BD858: malloc (vg_replace_malloc.c:447)
==657828==    by 0x40387DD: wsnode_quoteremoval (wordsplit.c:651)
==657828==    by 0x4039CFD: wordsplit_process_list (wordsplit.c:2390)
==657828==    by 0x403A562: wordsplit_run.constprop.0 (wordsplit.c:2434)
==657828==    by 0x400BFFA: parse_default_options (tar.c:2256)
==657828==    by 0x400BFFA: decode_options (tar.c:2378)
==657828==    by 0x400BFFA: main (tar.c:2792)
==657828== 
==657828== 6 bytes in 2 blocks are definitely lost in loss record 3 of 9
==657828==    at 0x48BD858: malloc (vg_replace_malloc.c:447)
==657828==    by 0x403A1FB: wordsplit_finish (wordsplit.c:836)
==657828==    by 0x400BFFA: parse_default_options (tar.c:2256)
==657828==    by 0x400BFFA: decode_options (tar.c:2378)
==657828==    by 0x400BFFA: main (tar.c:2792)
==657828== 
==657828== 16 bytes in 1 blocks are still reachable in loss record 4 of 9
==657828==    at 0x48C4E43: calloc (vg_replace_malloc.c:1678)
==657828==    by 0x40516F1: xcalloc (xmalloc.c:298)
==657828==    by 0x40516F1: xzalloc (xmalloc.c:283)
==657828==    by 0x400BEF9: decode_options (tar.c:2297)
==657828==    by 0x400BEF9: main (tar.c:2792)
==657828== 
==657828== 48 bytes in 1 blocks are still reachable in loss record 5 of 9
==657828==    at 0x48C53C0: reallocarray (vg_replace_malloc.c:1806)
==657828==    by 0x40515C9: xreallocarray (xmalloc.c:84)
==657828==    by 0x40515C9: x2nrealloc (xmalloc.c:203)
==657828==    by 0x4027754: chdir_arg (misc.c:934)
==657828==    by 0x4028D4B: name_next_elt (names.c:1123)
==657828==    by 0x40298EC: name_next (names.c:1152)
==657828==    by 0x401750F: create_archive (create.c:1410)
==657828==    by 0x400CD90: main (tar.c:2818)
==657828== 
==657828== 80 bytes in 1 blocks are still reachable in loss record 6 of 9
==657828==    at 0x48BD858: malloc (vg_replace_malloc.c:447)
==657828==    by 0x40512CC: xmalloc (xmalloc.c:45)
==657828==    by 0x400BE43: main (tar.c:2781)
==657828== 
==657828== 86 (80 direct, 6 indirect) bytes in 2 blocks are definitely lost in loss record 7 of 9
==657828==    at 0x48C4E43: calloc (vg_replace_malloc.c:1678)
==657828==    by 0x403959D: wsnode_new (wordsplit.c:422)
==657828==    by 0x403959D: wordsplit_add_segm (wordsplit.c:523)
==657828==    by 0x4039854: scan_word (wordsplit.c:2062)
==657828==    by 0x4039C7C: wordsplit_process_list (wordsplit.c:2358)
==657828==    by 0x403A562: wordsplit_run.constprop.0 (wordsplit.c:2434)
==657828==    by 0x400BFFA: parse_default_options (tar.c:2256)
==657828==    by 0x400BFFA: decode_options (tar.c:2378)
==657828==    by 0x400BFFA: main (tar.c:2792)
==657828== 
==657828== 102 bytes in 1 blocks are still reachable in loss record 8 of 9
==657828==    at 0x48BD858: malloc (vg_replace_malloc.c:447)
==657828==    by 0x40512CC: xmalloc (xmalloc.c:45)
==657828==    by 0x4029881: name_init (names.c:869)
==657828==    by 0x400C94C: main (tar.c:2794)
==657828== 
==657828== 4,064 bytes in 1 blocks are still reachable in loss record 9 of 9
==657828==    at 0x48BD858: malloc (vg_replace_malloc.c:447)
==657828==    by 0x40512CC: xmalloc (xmalloc.c:45)
==657828==    by 0x404A07D: call_chunkfun (obstack.c:88)
==657828==    by 0x404A07D: _obstack_begin_worker.isra.0 (obstack.c:135)
==657828==    by 0x404A0A8: _obstack_begin (obstack.c:157)
==657828==    by 0x4032C57: _transform_name_to_obstack (transform.c:592)
==657828==    by 0x4032C57: transform_name_fp (transform.c:614)
==657828==    by 0x4016444: dump_file0 (create.c:1657)
==657828==    by 0x4017589: dump_file (create.c:1968)
==657828==    by 0x4017589: create_archive (create.c:1412)
==657828==    by 0x400CD90: main (tar.c:2818)
==657828== 
==657828== LEAK SUMMARY:
==657828==    definitely lost: 86 bytes in 4 blocks
==657828==    indirectly lost: 6 bytes in 2 blocks
==657828==      possibly lost: 0 bytes in 0 blocks
==657828==    still reachable: 4,315 bytes in 6 blocks
==657828==         suppressed: 0 bytes in 0 blocks
==657828== 
==657828== For lists of detected and suppressed errors, rerun with: -s
==657828== ERROR SUMMARY: 3 errors from 3 contexts (suppressed: 0 from 0)
