==658618== Memcheck, a memory error detector
==658618== Copyright (C) 2002-2024, and GNU GPL'd, by Julian Seward et al.
==658618== Using Valgrind-3.26.0 and LibVEX; rerun with -h for copyright info
==658618== Command: tar -xf noacl.tar -C nosacl_nodef_optacl
==658618== Parent PID: 657533
==658618== 
==658618== 
==658618== FILE DESCRIPTORS: 2 open (1 inherited) at exit.
==658618== Open file descriptor 4: nosacl_nodef_optacl
==658618==    at 0x4A1AADA: openat (openat64.c:39)
==658618==    by 0x4027817: openat (fcntl2.h:175)
==658618==    by 0x4027817: chdir_do (misc.c:988)
==658618==    by 0x402A0C7: name_match (names.c:1330)
==658618==    by 0x4025622: read_and (list.c:196)
==658618==    by 0x400CD61: main (tar.c:2823)
==658618== 
==658618== 
==658618== HEAP SUMMARY:
==658618==     in use at exit: 4,575 bytes in 15 blocks
==658618==   total heap usage: 53 allocs, 38 frees, 35,944 bytes allocated
==658618== 
==658618== 1 bytes in 1 blocks are indirectly lost in loss record 1 of 12
==658618==    at 0x48BD858: malloc (vg_replace_malloc.c:447)
==658618==    by 0x405185D: xmalloc (xmalloc.c:45)
==658618==    by 0x405185D: xmemdup (xmalloc.c:314)
==658618==    by 0x405185D: xstrdup (xmalloc.c:339)
==658618==    by 0x402994B: make_name (names.c:599)
==658618==    by 0x402994B: addname (names.c:1233)
==658618==    by 0x4025436: read_and (list.c:174)
==658618==    by 0x400CD61: main (tar.c:2823)
==658618== 
==658618== 6 bytes in 2 blocks are indirectly lost in loss record 2 of 12
==658618==    at 0x48BD858: malloc (vg_replace_malloc.c:447)
==658618==    by 0x40387DD: wsnode_quoteremoval (wordsplit.c:651)
==658618==    by 0x4039CFD: wordsplit_process_list (wordsplit.c:2390)
==658618==    by 0x403A562: wordsplit_run.constprop.0 (wordsplit.c:2434)
==658618==    by 0x400BFFA: parse_default_options (tar.c:2256)
==658618==    by 0x400BFFA: decode_options (tar.c:2378)
==658618==    by 0x400BFFA: main (tar.c:2792)
==658618== 
==658618== 6 bytes in 2 blocks are definitely lost in loss record 3 of 12
==658618==    at 0x48BD858: malloc (vg_replace_malloc.c:447)
==658618==    by 0x403A1FB: wordsplit_finish (wordsplit.c:836)
==658618==    by 0x400BFFA: parse_default_options (tar.c:2256)
==658618==    by 0x400BFFA: decode_options (tar.c:2378)
==658618==    by 0x400BFFA: main (tar.c:2792)
==658618== 
==658618== 16 bytes in 1 blocks are still reachable in loss record 4 of 12
==658618==    at 0x48C4E43: calloc (vg_replace_malloc.c:1678)
==658618==    by 0x40516F1: xcalloc (xmalloc.c:298)
==658618==    by 0x40516F1: xzalloc (xmalloc.c:283)
==658618==    by 0x400BEF9: decode_options (tar.c:2297)
==658618==    by 0x400BEF9: main (tar.c:2792)
==658618== 
==658618== 20 bytes in 1 blocks are still reachable in loss record 5 of 12
==658618==    at 0x48BD858: malloc (vg_replace_malloc.c:447)
==658618==    by 0x405185D: xmalloc (xmalloc.c:45)
==658618==    by 0x405185D: xmemdup (xmalloc.c:314)
==658618==    by 0x405185D: xstrdup (xmalloc.c:339)
==658618==    by 0x4029A2E: name_gather (names.c:1215)
==658618==    by 0x4025436: read_and (list.c:174)
==658618==    by 0x400CD61: main (tar.c:2823)
==658618== 
==658618== 48 bytes in 1 blocks are still reachable in loss record 6 of 12
==658618==    at 0x48C53C0: reallocarray (vg_replace_malloc.c:1806)
==658618==    by 0x40515C9: xreallocarray (xmalloc.c:84)
==658618==    by 0x40515C9: x2nrealloc (xmalloc.c:203)
==658618==    by 0x4027754: chdir_arg (misc.c:934)
==658618==    by 0x4029A36: name_gather (names.c:1215)
==658618==    by 0x4025436: read_and (list.c:174)
==658618==    by 0x400CD61: main (tar.c:2823)
==658618== 
==658618== 56 bytes in 1 blocks are definitely lost in loss record 7 of 12
==658618==    at 0x48BD858: malloc (vg_replace_malloc.c:447)
==658618==    by 0x40512CC: xmalloc (xmalloc.c:45)
==658618==    by 0x40283CE: name_elt_alloc (names.c:683)
==658618==    by 0x40289D8: name_add_dir (names.c:839)
==658618==    by 0x40289D8: names_parse_opt (names.c:192)
==658618==    by 0x404233D: group_parse (argp-parse.c:233)
==658618==    by 0x404233D: parser_parse_opt (argp-parse.c:736)
==658618==    by 0x404233D: parser_parse_next (argp-parse.c:859)
==658618==    by 0x404233D: argp_parse (argp-parse.c:927)
==658618==    by 0x400C045: decode_options (tar.c:2380)
==658618==    by 0x400C045: main (tar.c:2792)
==658618== 
==658618== 80 bytes in 1 blocks are still reachable in loss record 8 of 12
==658618==    at 0x48BD858: malloc (vg_replace_malloc.c:447)
==658618==    by 0x40512CC: xmalloc (xmalloc.c:45)
==658618==    by 0x400BE43: main (tar.c:2781)
==658618== 
==658618== 86 (80 direct, 6 indirect) bytes in 2 blocks are definitely lost in loss record 9 of 12
==658618==    at 0x48C4E43: calloc (vg_replace_malloc.c:1678)
==658618==    by 0x403959D: wsnode_new (wordsplit.c:422)
==658618==    by 0x403959D: wordsplit_add_segm (wordsplit.c:523)
==658618==    by 0x4039854: scan_word (wordsplit.c:2062)
==658618==    by 0x4039C7C: wordsplit_process_list (wordsplit.c:2358)
==658618==    by 0x403A562: wordsplit_run.constprop.0 (wordsplit.c:2434)
==658618==    by 0x400BFFA: parse_default_options (tar.c:2256)
==658618==    by 0x400BFFA: decode_options (tar.c:2378)
==658618==    by 0x400BFFA: main (tar.c:2792)
==658618== 
==658618== 97 (96 direct, 1 indirect) bytes in 1 blocks are definitely lost in loss record 10 of 12
==658618==    at 0x48C4E43: calloc (vg_replace_malloc.c:1678)
==658618==    by 0x40516F1: xcalloc (xmalloc.c:298)
==658618==    by 0x40516F1: xzalloc (xmalloc.c:283)
==658618==    by 0x4029932: make_name (names.c:596)
==658618==    by 0x4029932: addname (names.c:1233)
==658618==    by 0x4025436: read_and (list.c:174)
==658618==    by 0x400CD61: main (tar.c:2823)
==658618== 
==658618== 102 bytes in 1 blocks are still reachable in loss record 11 of 12
==658618==    at 0x48BD858: malloc (vg_replace_malloc.c:447)
==658618==    by 0x40512CC: xmalloc (xmalloc.c:45)
==658618==    by 0x4029881: name_init (names.c:869)
==658618==    by 0x400C94C: main (tar.c:2794)
==658618== 
==658618== 4,064 bytes in 1 blocks are still reachable in loss record 12 of 12
==658618==    at 0x48BD858: malloc (vg_replace_malloc.c:447)
==658618==    by 0x40512CC: xmalloc (xmalloc.c:45)
==658618==    by 0x404A07D: call_chunkfun (obstack.c:88)
==658618==    by 0x404A07D: _obstack_begin_worker.isra.0 (obstack.c:135)
==658618==    by 0x404A0A8: _obstack_begin (obstack.c:157)
==658618==    by 0x4032C57: _transform_name_to_obstack (transform.c:592)
==658618==    by 0x4032C57: transform_name_fp (transform.c:614)
==658618==    by 0x4023670: transform_member_name (list.c:114)
==658618==    by 0x4023670: transform_stat_info.part.0 (list.c:150)
==658618==    by 0x4025850: transform_stat_info (list.c:227)
==658618==    by 0x4025850: read_and (list.c:227)
==658618==    by 0x400CD61: main (tar.c:2823)
==658618== 
==658618== LEAK SUMMARY:
==658618==    definitely lost: 238 bytes in 6 blocks
==658618==    indirectly lost: 7 bytes in 3 blocks
==658618==      possibly lost: 0 bytes in 0 blocks
==658618==    still reachable: 4,330 bytes in 6 blocks
==658618==         suppressed: 0 bytes in 0 blocks
==658618== 
==658618== For lists of detected and suppressed errors, rerun with: -s
==658618== ERROR SUMMARY: 5 errors from 5 contexts (suppressed: 0 from 0)
