==659899== Memcheck, a memory error detector
==659899== Copyright (C) 2002-2024, and GNU GPL'd, by Julian Seward et al.
==659899== Using Valgrind-3.26.0 and LibVEX; rerun with -h for copyright info
==659899== Command: tar -cf noacl.tar -C pure d1
==659899== Parent PID: 659871
==659899== 
==659899== 
==659899== FILE DESCRIPTORS: 2 open (1 inherited) at exit.
==659899== Open file descriptor 4: pure
==659899==    at 0x4A1AADA: openat (openat64.c:39)
==659899==    by 0x4027817: openat (fcntl2.h:175)
==659899==    by 0x4027817: chdir_do (misc.c:988)
==659899==    by 0x4028D52: name_next_elt (names.c:1123)
==659899==    by 0x40298EC: name_next (names.c:1152)
==659899==    by 0x401750F: create_archive (create.c:1410)
==659899==    by 0x400CD90: main (tar.c:2818)
==659899== 
==659899== 
==659899== HEAP SUMMARY:
==659899==     in use at exit: 4,423 bytes in 14 blocks
==659899==   total heap usage: 90 allocs, 76 frees, 121,846 bytes allocated
==659899== 
==659899== 5 bytes in 1 blocks are still reachable in loss record 1 of 11
==659899==    at 0x48BD858: malloc (vg_replace_malloc.c:447)
==659899==    by 0x405185D: xmalloc (xmalloc.c:45)
==659899==    by 0x405185D: xmemdup (xmalloc.c:314)
==659899==    by 0x405185D: xstrdup (xmalloc.c:339)
==659899==    by 0x4028D43: name_next_elt (names.c:1123)
==659899==    by 0x40298EC: name_next (names.c:1152)
==659899==    by 0x401750F: create_archive (create.c:1410)
==659899==    by 0x400CD90: main (tar.c:2818)
==659899== 
==659899== 5 bytes in 1 blocks are still reachable in loss record 2 of 11
==659899==    at 0x48BD858: malloc (vg_replace_malloc.c:447)
==659899==    by 0x405185D: xmalloc (xmalloc.c:45)
==659899==    by 0x405185D: xmemdup (xmalloc.c:314)
==659899==    by 0x405185D: xstrdup (xmalloc.c:339)
==659899==    by 0x402644F: assign_string (misc.c:58)
==659899==    by 0x4029612: uid_to_uname (names.c:490)
==659899==    by 0x40155F3: start_header (create.c:931)
==659899==    by 0x40167F9: dump_dir0 (create.c:1123)
==659899==    by 0x40167F9: dump_dir (create.c:1320)
==659899==    by 0x40167F9: dump_file0 (create.c:1757)
==659899==    by 0x4017589: dump_file (create.c:1968)
==659899==    by 0x4017589: create_archive (create.c:1412)
==659899==    by 0x400CD90: main (tar.c:2818)
==659899== 
==659899== 5 bytes in 1 blocks are still reachable in loss record 3 of 11
==659899==    at 0x48BD858: malloc (vg_replace_malloc.c:447)
==659899==    by 0x405185D: xmalloc (xmalloc.c:45)
==659899==    by 0x405185D: xmemdup (xmalloc.c:314)
==659899==    by 0x405185D: xstrdup (xmalloc.c:339)
==659899==    by 0x402644F: assign_string (misc.c:58)
==659899==    by 0x40296A2: gid_to_gname (names.c:520)
==659899==    by 0x40155DB: start_header (create.c:936)
==659899==    by 0x40167F9: dump_dir0 (create.c:1123)
==659899==    by 0x40167F9: dump_dir (create.c:1320)
==659899==    by 0x40167F9: dump_file0 (create.c:1757)
==659899==    by 0x4017589: dump_file (create.c:1968)
==659899==    by 0x4017589: create_archive (create.c:1412)
==659899==    by 0x400CD90: main (tar.c:2818)
==659899== 
==659899== 9 bytes in 2 blocks are indirectly lost in loss record 4 of 11
==659899==    at 0x48BD858: malloc (vg_replace_malloc.c:447)
==659899==    by 0x40387DD: wsnode_quoteremoval (wordsplit.c:651)
==659899==    by 0x4039CFD: wordsplit_process_list (wordsplit.c:2390)
==659899==    by 0x403A562: wordsplit_run.constprop.0 (wordsplit.c:2434)
==659899==    by 0x400BFFA: parse_default_options (tar.c:2256)
==659899==    by 0x400BFFA: decode_options (tar.c:2378)
==659899==    by 0x400BFFA: main (tar.c:2792)
==659899== 
==659899== 9 bytes in 2 blocks are definitely lost in loss record 5 of 11
==659899==    at 0x48BD858: malloc (vg_replace_malloc.c:447)
==659899==    by 0x403A1FB: wordsplit_finish (wordsplit.c:836)
==659899==    by 0x400BFFA: parse_default_options (tar.c:2256)
==659899==    by 0x400BFFA: decode_options (tar.c:2378)
==659899==    by 0x400BFFA: main (tar.c:2792)
==659899== 
==659899== 16 bytes in 1 blocks are still reachable in loss record 6 of 11
==659899==    at 0x48C4E43: calloc (vg_replace_malloc.c:1678)
==659899==    by 0x40516F1: xcalloc (xmalloc.c:298)
==659899==    by 0x40516F1: xzalloc (xmalloc.c:283)
==659899==    by 0x400BEF9: decode_options (tar.c:2297)
==659899==    by 0x400BEF9: main (tar.c:2792)
==659899== 
==659899== 48 bytes in 1 blocks are still reachable in loss record 7 of 11
==659899==    at 0x48C53C0: reallocarray (vg_replace_malloc.c:1806)
==659899==    by 0x40515C9: xreallocarray (xmalloc.c:84)
==659899==    by 0x40515C9: x2nrealloc (xmalloc.c:203)
==659899==    by 0x4027754: chdir_arg (misc.c:934)
==659899==    by 0x4028D4B: name_next_elt (names.c:1123)
==659899==    by 0x40298EC: name_next (names.c:1152)
==659899==    by 0x401750F: create_archive (create.c:1410)
==659899==    by 0x400CD90: main (tar.c:2818)
==659899== 
==659899== 80 bytes in 1 blocks are still reachable in loss record 8 of 11
==659899==    at 0x48BD858: malloc (vg_replace_malloc.c:447)
==659899==    by 0x40512CC: xmalloc (xmalloc.c:45)
==659899==    by 0x400BE43: main (tar.c:2781)
==659899== 
==659899== 89 (80 direct, 9 indirect) bytes in 2 blocks are definitely lost in loss record 9 of 11
==659899==    at 0x48C4E43: calloc (vg_replace_malloc.c:1678)
==659899==    by 0x403959D: wsnode_new (wordsplit.c:422)
==659899==    by 0x403959D: wordsplit_add_segm (wordsplit.c:523)
==659899==    by 0x4039854: scan_word (wordsplit.c:2062)
==659899==    by 0x4039C7C: wordsplit_process_list (wordsplit.c:2358)
==659899==    by 0x403A562: wordsplit_run.constprop.0 (wordsplit.c:2434)
==659899==    by 0x400BFFA: parse_default_options (tar.c:2256)
==659899==    by 0x400BFFA: decode_options (tar.c:2378)
==659899==    by 0x400BFFA: main (tar.c:2792)
==659899== 
==659899== 102 bytes in 1 blocks are still reachable in loss record 10 of 11
==659899==    at 0x48BD858: malloc (vg_replace_malloc.c:447)
==659899==    by 0x40512CC: xmalloc (xmalloc.c:45)
==659899==    by 0x4029881: name_init (names.c:869)
==659899==    by 0x400C94C: main (tar.c:2794)
==659899== 
==659899== 4,064 bytes in 1 blocks are still reachable in loss record 11 of 11
==659899==    at 0x48BD858: malloc (vg_replace_malloc.c:447)
==659899==    by 0x40512CC: xmalloc (xmalloc.c:45)
==659899==    by 0x404A07D: call_chunkfun (obstack.c:88)
==659899==    by 0x404A07D: _obstack_begin_worker.isra.0 (obstack.c:135)
==659899==    by 0x404A0A8: _obstack_begin (obstack.c:157)
==659899==    by 0x4032C57: _transform_name_to_obstack (transform.c:592)
==659899==    by 0x4032C57: transform_name_fp (transform.c:614)
==659899==    by 0x4016444: dump_file0 (create.c:1657)
==659899==    by 0x4017589: dump_file (create.c:1968)
==659899==    by 0x4017589: create_archive (create.c:1412)
==659899==    by 0x400CD90: main (tar.c:2818)
==659899== 
==659899== LEAK SUMMARY:
==659899==    definitely lost: 89 bytes in 4 blocks
==659899==    indirectly lost: 9 bytes in 2 blocks
==659899==      possibly lost: 0 bytes in 0 blocks
==659899==    still reachable: 4,325 bytes in 8 blocks
==659899==         suppressed: 0 bytes in 0 blocks
==659899== 
==659899== For lists of detected and suppressed errors, rerun with: -s
==659899== ERROR SUMMARY: 3 errors from 3 contexts (suppressed: 0 from 0)
