==659945== Memcheck, a memory error detector
==659945== Copyright (C) 2002-2024, and GNU GPL'd, by Julian Seward et al.
==659945== Using Valgrind-3.26.0 and LibVEX; rerun with -h for copyright info
==659945== Command: tar --acls -xf noacl_repackaged.tar -C nosacl_def_optacl
==659945== Parent PID: 659871
==659945== 
==659945== 
==659945== FILE DESCRIPTORS: 2 open (1 inherited) at exit.
==659945== Open file descriptor 4: nosacl_def_optacl
==659945==    at 0x4A1AADA: openat (openat64.c:39)
==659945==    by 0x4027817: openat (fcntl2.h:175)
==659945==    by 0x4027817: chdir_do (misc.c:988)
==659945==    by 0x402A0C7: name_match (names.c:1330)
==659945==    by 0x4025622: read_and (list.c:196)
==659945==    by 0x400CD61: main (tar.c:2823)
==659945== 
==659945== 
==659945== HEAP SUMMARY:
==659945==     in use at exit: 4,589 bytes in 17 blocks
==659945==   total heap usage: 121 allocs, 104 frees, 58,149 bytes allocated
==659945== 
==659945== 1 bytes in 1 blocks are indirectly lost in loss record 1 of 14
==659945==    at 0x48BD858: malloc (vg_replace_malloc.c:447)
==659945==    by 0x405185D: xmalloc (xmalloc.c:45)
==659945==    by 0x405185D: xmemdup (xmalloc.c:314)
==659945==    by 0x405185D: xstrdup (xmalloc.c:339)
==659945==    by 0x402994B: make_name (names.c:599)
==659945==    by 0x402994B: addname (names.c:1233)
==659945==    by 0x4025436: read_and (list.c:174)
==659945==    by 0x400CD61: main (tar.c:2823)
==659945== 
==659945== 5 bytes in 1 blocks are still reachable in loss record 2 of 14
==659945==    at 0x48BD858: malloc (vg_replace_malloc.c:447)
==659945==    by 0x405185D: xmalloc (xmalloc.c:45)
==659945==    by 0x405185D: xmemdup (xmalloc.c:314)
==659945==    by 0x405185D: xstrdup (xmalloc.c:339)
==659945==    by 0x402644F: assign_string (misc.c:58)
==659945==    by 0x402973C: uname_to_uid (names.c:550)
==659945==    by 0x402457F: decode_header (list.c:694)
==659945==    by 0x4025616: read_and (list.c:194)
==659945==    by 0x400CD61: main (tar.c:2823)
==659945== 
==659945== 5 bytes in 1 blocks are still reachable in loss record 3 of 14
==659945==    at 0x48BD858: malloc (vg_replace_malloc.c:447)
==659945==    by 0x405185D: xmalloc (xmalloc.c:45)
==659945==    by 0x405185D: xmemdup (xmalloc.c:314)
==659945==    by 0x405185D: xstrdup (xmalloc.c:339)
==659945==    by 0x402644F: assign_string (misc.c:58)
==659945==    by 0x40297DC: gname_to_gid (names.c:580)
==659945==    by 0x402455F: decode_header (list.c:699)
==659945==    by 0x4025616: read_and (list.c:194)
==659945==    by 0x400CD61: main (tar.c:2823)
==659945== 
==659945== 9 bytes in 2 blocks are indirectly lost in loss record 4 of 14
==659945==    at 0x48BD858: malloc (vg_replace_malloc.c:447)
==659945==    by 0x40387DD: wsnode_quoteremoval (wordsplit.c:651)
==659945==    by 0x4039CFD: wordsplit_process_list (wordsplit.c:2390)
==659945==    by 0x403A562: wordsplit_run.constprop.0 (wordsplit.c:2434)
==659945==    by 0x400BFFA: parse_default_options (tar.c:2256)
==659945==    by 0x400BFFA: decode_options (tar.c:2378)
==659945==    by 0x400BFFA: main (tar.c:2792)
==659945== 
==659945== 9 bytes in 2 blocks are definitely lost in loss record 5 of 14
==659945==    at 0x48BD858: malloc (vg_replace_malloc.c:447)
==659945==    by 0x403A1FB: wordsplit_finish (wordsplit.c:836)
==659945==    by 0x400BFFA: parse_default_options (tar.c:2256)
==659945==    by 0x400BFFA: decode_options (tar.c:2378)
==659945==    by 0x400BFFA: main (tar.c:2792)
==659945== 
==659945== 16 bytes in 1 blocks are still reachable in loss record 6 of 14
==659945==    at 0x48C4E43: calloc (vg_replace_malloc.c:1678)
==659945==    by 0x40516F1: xcalloc (xmalloc.c:298)
==659945==    by 0x40516F1: xzalloc (xmalloc.c:283)
==659945==    by 0x400BEF9: decode_options (tar.c:2297)
==659945==    by 0x400BEF9: main (tar.c:2792)
==659945== 
==659945== 18 bytes in 1 blocks are still reachable in loss record 7 of 14
==659945==    at 0x48BD858: malloc (vg_replace_malloc.c:447)
==659945==    by 0x405185D: xmalloc (xmalloc.c:45)
==659945==    by 0x405185D: xmemdup (xmalloc.c:314)
==659945==    by 0x405185D: xstrdup (xmalloc.c:339)
==659945==    by 0x4029A2E: name_gather (names.c:1215)
==659945==    by 0x4025436: read_and (list.c:174)
==659945==    by 0x400CD61: main (tar.c:2823)
==659945== 
==659945== 48 bytes in 1 blocks are still reachable in loss record 8 of 14
==659945==    at 0x48C53C0: reallocarray (vg_replace_malloc.c:1806)
==659945==    by 0x40515C9: xreallocarray (xmalloc.c:84)
==659945==    by 0x40515C9: x2nrealloc (xmalloc.c:203)
==659945==    by 0x4027754: chdir_arg (misc.c:934)
==659945==    by 0x4029A36: name_gather (names.c:1215)
==659945==    by 0x4025436: read_and (list.c:174)
==659945==    by 0x400CD61: main (tar.c:2823)
==659945== 
==659945== 56 bytes in 1 blocks are definitely lost in loss record 9 of 14
==659945==    at 0x48BD858: malloc (vg_replace_malloc.c:447)
==659945==    by 0x40512CC: xmalloc (xmalloc.c:45)
==659945==    by 0x40283CE: name_elt_alloc (names.c:683)
==659945==    by 0x40289D8: name_add_dir (names.c:839)
==659945==    by 0x40289D8: names_parse_opt (names.c:192)
==659945==    by 0x404233D: group_parse (argp-parse.c:233)
==659945==    by 0x404233D: parser_parse_opt (argp-parse.c:736)
==659945==    by 0x404233D: parser_parse_next (argp-parse.c:859)
==659945==    by 0x404233D: argp_parse (argp-parse.c:927)
==659945==    by 0x400C045: decode_options (tar.c:2380)
==659945==    by 0x400C045: main (tar.c:2792)
==659945== 
==659945== 80 bytes in 1 blocks are still reachable in loss record 10 of 14
==659945==    at 0x48BD858: malloc (vg_replace_malloc.c:447)
==659945==    by 0x40512CC: xmalloc (xmalloc.c:45)
==659945==    by 0x400BE43: main (tar.c:2781)
==659945== 
==659945== 89 (80 direct, 9 indirect) bytes in 2 blocks are definitely lost in loss record 11 of 14
==659945==    at 0x48C4E43: calloc (vg_replace_malloc.c:1678)
==659945==    by 0x403959D: wsnode_new (wordsplit.c:422)
==659945==    by 0x403959D: wordsplit_add_segm (wordsplit.c:523)
==659945==    by 0x4039854: scan_word (wordsplit.c:2062)
==659945==    by 0x4039C7C: wordsplit_process_list (wordsplit.c:2358)
==659945==    by 0x403A562: wordsplit_run.constprop.0 (wordsplit.c:2434)
==659945==    by 0x400BFFA: parse_default_options (tar.c:2256)
==659945==    by 0x400BFFA: decode_options (tar.c:2378)
==659945==    by 0x400BFFA: main (tar.c:2792)
==659945== 
==659945== 97 (96 direct, 1 indirect) bytes in 1 blocks are definitely lost in loss record 12 of 14
==659945==    at 0x48C4E43: calloc (vg_replace_malloc.c:1678)
==659945==    by 0x40516F1: xcalloc (xmalloc.c:298)
==659945==    by 0x40516F1: xzalloc (xmalloc.c:283)
==659945==    by 0x4029932: make_name (names.c:596)
==659945==    by 0x4029932: addname (names.c:1233)
==659945==    by 0x4025436: read_and (list.c:174)
==659945==    by 0x400CD61: main (tar.c:2823)
==659945== 
==659945== 102 bytes in 1 blocks are still reachable in loss record 13 of 14
==659945==    at 0x48BD858: malloc (vg_replace_malloc.c:447)
==659945==    by 0x40512CC: xmalloc (xmalloc.c:45)
==659945==    by 0x4029881: name_init (names.c:869)
==659945==    by 0x400C94C: main (tar.c:2794)
==659945== 
==659945== 4,064 bytes in 1 blocks are still reachable in loss record 14 of 14
==659945==    at 0x48BD858: malloc (vg_replace_malloc.c:447)
==659945==    by 0x40512CC: xmalloc (xmalloc.c:45)
==659945==    by 0x404A07D: call_chunkfun (obstack.c:88)
==659945==    by 0x404A07D: _obstack_begin_worker.isra.0 (obstack.c:135)
==659945==    by 0x404A0A8: _obstack_begin (obstack.c:157)
==659945==    by 0x4032C57: _transform_name_to_obstack (transform.c:592)
==659945==    by 0x4032C57: transform_name_fp (transform.c:614)
==659945==    by 0x4023670: transform_member_name (list.c:114)
==659945==    by 0x4023670: transform_stat_info.part.0 (list.c:150)
==659945==    by 0x4025850: transform_stat_info (list.c:227)
==659945==    by 0x4025850: read_and (list.c:227)
==659945==    by 0x400CD61: main (tar.c:2823)
==659945== 
==659945== LEAK SUMMARY:
==659945==    definitely lost: 241 bytes in 6 blocks
==659945==    indirectly lost: 10 bytes in 3 blocks
==659945==      possibly lost: 0 bytes in 0 blocks
==659945==    still reachable: 4,338 bytes in 8 blocks
==659945==         suppressed: 0 bytes in 0 blocks
==659945== 
==659945== For lists of detected and suppressed errors, rerun with: -s
==659945== ERROR SUMMARY: 5 errors from 5 contexts (suppressed: 0 from 0)
