==660050== Memcheck, a memory error detector
==660050== Copyright (C) 2002-2024, and GNU GPL'd, by Julian Seward et al.
==660050== Using Valgrind-3.26.0 and LibVEX; rerun with -h for copyright info
==660050== Command: tar --acls -cf /dev/null filoKao0
==660050== Parent PID: 660049
==660050== 
==660050== 
==660050== FILE DESCRIPTORS: 1 open (1 inherited) at exit.
==660050== 
==660050== HEAP SUMMARY:
==660050==     in use at exit: 4,643 bytes in 14 blocks
==660050==   total heap usage: 63 allocs, 49 frees, 65,212 bytes allocated
==660050== 
==660050== 5 bytes in 1 blocks are still reachable in loss record 1 of 11
==660050==    at 0x48BD858: malloc (vg_replace_malloc.c:447)
==660050==    by 0x405185D: xmalloc (xmalloc.c:45)
==660050==    by 0x405185D: xmemdup (xmalloc.c:314)
==660050==    by 0x405185D: xstrdup (xmalloc.c:339)
==660050==    by 0x402644F: assign_string (misc.c:58)
==660050==    by 0x4029612: uid_to_uname (names.c:490)
==660050==    by 0x40155F3: start_header (create.c:931)
==660050==    by 0x4015798: dump_regular_file (create.c:1050)
==660050==    by 0x40165E2: dump_file0 (create.c:1773)
==660050==    by 0x4017589: dump_file (create.c:1968)
==660050==    by 0x4017589: create_archive (create.c:1412)
==660050==    by 0x400CD90: main (tar.c:2818)
==660050== 
==660050== 5 bytes in 1 blocks are still reachable in loss record 2 of 11
==660050==    at 0x48BD858: malloc (vg_replace_malloc.c:447)
==660050==    by 0x405185D: xmalloc (xmalloc.c:45)
==660050==    by 0x405185D: xmemdup (xmalloc.c:314)
==660050==    by 0x405185D: xstrdup (xmalloc.c:339)
==660050==    by 0x402644F: assign_string (misc.c:58)
==660050==    by 0x40296A2: gid_to_gname (names.c:520)
==660050==    by 0x40155DB: start_header (create.c:936)
==660050==    by 0x4015798: dump_regular_file (create.c:1050)
==660050==    by 0x40165E2: dump_file0 (create.c:1773)
==660050==    by 0x4017589: dump_file (create.c:1968)
==660050==    by 0x4017589: create_archive (create.c:1412)
==660050==    by 0x400CD90: main (tar.c:2818)
==660050== 
==660050== 9 bytes in 2 blocks are indirectly lost in loss record 3 of 11
==660050==    at 0x48BD858: malloc (vg_replace_malloc.c:447)
==660050==    by 0x40387DD: wsnode_quoteremoval (wordsplit.c:651)
==660050==    by 0x4039CFD: wordsplit_process_list (wordsplit.c:2390)
==660050==    by 0x403A562: wordsplit_run.constprop.0 (wordsplit.c:2434)
==660050==    by 0x400BFFA: parse_default_options (tar.c:2256)
==660050==    by 0x400BFFA: decode_options (tar.c:2378)
==660050==    by 0x400BFFA: main (tar.c:2792)
==660050== 
==660050== 9 bytes in 2 blocks are definitely lost in loss record 4 of 11
==660050==    at 0x48BD858: malloc (vg_replace_malloc.c:447)
==660050==    by 0x403A1FB: wordsplit_finish (wordsplit.c:836)
==660050==    by 0x400BFFA: parse_default_options (tar.c:2256)
==660050==    by 0x400BFFA: decode_options (tar.c:2378)
==660050==    by 0x400BFFA: main (tar.c:2792)
==660050== 
==660050== 16 bytes in 1 blocks are still reachable in loss record 5 of 11
==660050==    at 0x48C4E43: calloc (vg_replace_malloc.c:1678)
==660050==    by 0x40516F1: xcalloc (xmalloc.c:298)
==660050==    by 0x40516F1: xzalloc (xmalloc.c:283)
==660050==    by 0x400BEF9: decode_options (tar.c:2297)
==660050==    by 0x400BEF9: main (tar.c:2792)
==660050== 
==660050== 17 bytes in 1 blocks are still reachable in loss record 6 of 11
==660050==    at 0x48BD858: malloc (vg_replace_malloc.c:447)
==660050==    by 0x405185D: xmalloc (xmalloc.c:45)
==660050==    by 0x405185D: xmemdup (xmalloc.c:314)
==660050==    by 0x405185D: xstrdup (xmalloc.c:339)
==660050==    by 0x402644F: assign_string (misc.c:58)
==660050==    by 0x401E7A6: xheader_xhdr_name (xheader.c:393)
==660050==    by 0x4014297: write_extended.part.0 (create.c:713)
==660050==    by 0x4014896: write_extended (create.c:699)
==660050==    by 0x4014896: finish_header (create.c:1024)
==660050==    by 0x40157AF: dump_regular_file (create.c:1058)
==660050==    by 0x40165E2: dump_file0 (create.c:1773)
==660050==    by 0x4017589: dump_file (create.c:1968)
==660050==    by 0x4017589: create_archive (create.c:1412)
==660050==    by 0x400CD90: main (tar.c:2818)
==660050== 
==660050== 80 bytes in 1 blocks are still reachable in loss record 7 of 11
==660050==    at 0x48BD858: malloc (vg_replace_malloc.c:447)
==660050==    by 0x40512CC: xmalloc (xmalloc.c:45)
==660050==    by 0x400BE43: main (tar.c:2781)
==660050== 
==660050== 89 (80 direct, 9 indirect) bytes in 2 blocks are definitely lost in loss record 8 of 11
==660050==    at 0x48C4E43: calloc (vg_replace_malloc.c:1678)
==660050==    by 0x403959D: wsnode_new (wordsplit.c:422)
==660050==    by 0x403959D: wordsplit_add_segm (wordsplit.c:523)
==660050==    by 0x4039854: scan_word (wordsplit.c:2062)
==660050==    by 0x4039C7C: wordsplit_process_list (wordsplit.c:2358)
==660050==    by 0x403A562: wordsplit_run.constprop.0 (wordsplit.c:2434)
==660050==    by 0x400BFFA: parse_default_options (tar.c:2256)
==660050==    by 0x400BFFA: decode_options (tar.c:2378)
==660050==    by 0x400BFFA: main (tar.c:2792)
==660050== 
==660050== 102 bytes in 1 blocks are still reachable in loss record 9 of 11
==660050==    at 0x48BD858: malloc (vg_replace_malloc.c:447)
==660050==    by 0x40512CC: xmalloc (xmalloc.c:45)
==660050==    by 0x4029881: name_init (names.c:869)
==660050==    by 0x400C94C: main (tar.c:2794)
==660050== 
==660050== 256 bytes in 1 blocks are still reachable in loss record 10 of 11
==660050==    at 0x48BD858: malloc (vg_replace_malloc.c:447)
==660050==    by 0x40512CC: xmalloc (xmalloc.c:45)
==660050==    by 0x401D274: xattr_encode_keyword (xheader.c:833)
==660050==    by 0x401D274: xheader_print_n (xheader.c:876)
==660050==    by 0x401D4FB: xheader_print (xheader.c:899)
==660050==    by 0x401D4FB: code_time (xheader.c:1043)
==660050==    by 0x401D4FB: mtime_coder (xheader.c:1232)
==660050==    by 0x401527F: start_header (create.c:852)
==660050==    by 0x4015798: dump_regular_file (create.c:1050)
==660050==    by 0x40165E2: dump_file0 (create.c:1773)
==660050==    by 0x4017589: dump_file (create.c:1968)
==660050==    by 0x4017589: create_archive (create.c:1412)
==660050==    by 0x400CD90: main (tar.c:2818)
==660050== 
==660050== 4,064 bytes in 1 blocks are still reachable in loss record 11 of 11
==660050==    at 0x48BD858: malloc (vg_replace_malloc.c:447)
==660050==    by 0x40512CC: xmalloc (xmalloc.c:45)
==660050==    by 0x404A07D: call_chunkfun (obstack.c:88)
==660050==    by 0x404A07D: _obstack_begin_worker.isra.0 (obstack.c:135)
==660050==    by 0x404A0A8: _obstack_begin (obstack.c:157)
==660050==    by 0x4032C57: _transform_name_to_obstack (transform.c:592)
==660050==    by 0x4032C57: transform_name_fp (transform.c:614)
==660050==    by 0x4016444: dump_file0 (create.c:1657)
==660050==    by 0x4017589: dump_file (create.c:1968)
==660050==    by 0x4017589: create_archive (create.c:1412)
==660050==    by 0x400CD90: main (tar.c:2818)
==660050== 
==660050== LEAK SUMMARY:
==660050==    definitely lost: 89 bytes in 4 blocks
==660050==    indirectly lost: 9 bytes in 2 blocks
==660050==      possibly lost: 0 bytes in 0 blocks
==660050==    still reachable: 4,545 bytes in 8 blocks
==660050==         suppressed: 0 bytes in 0 blocks
==660050== 
==660050== For lists of detected and suppressed errors, rerun with: -s
==660050== ERROR SUMMARY: 2 errors from 2 contexts (suppressed: 0 from 0)
