==660227== Memcheck, a memory error detector
==660227== Copyright (C) 2002-2024, and GNU GPL'd, by Julian Seward et al.
==660227== Using Valgrind-3.26.0 and LibVEX; rerun with -h for copyright info
==660227== Command: tar -cf noacl_repackaged.tar -C nosacl_nodef_optnoacl d1
==660227== Parent PID: 660180
==660227== 
==660227== 
==660227== FILE DESCRIPTORS: 2 open (1 inherited) at exit.
==660227== Open file descriptor 4: nosacl_nodef_optnoacl
==660227==    at 0x4A1AADA: openat (openat64.c:39)
==660227==    by 0x4027817: openat (fcntl2.h:175)
==660227==    by 0x4027817: chdir_do (misc.c:988)
==660227==    by 0x4028D52: name_next_elt (names.c:1123)
==660227==    by 0x40298EC: name_next (names.c:1152)
==660227==    by 0x401750F: create_archive (create.c:1410)
==660227==    by 0x400CD90: main (tar.c:2818)
==660227== 
==660227== 
==660227== HEAP SUMMARY:
==660227==     in use at exit: 4,436 bytes in 14 blocks
==660227==   total heap usage: 91 allocs, 77 frees, 121,865 bytes allocated
==660227== 
==660227== 5 bytes in 1 blocks are still reachable in loss record 1 of 11
==660227==    at 0x48BD858: malloc (vg_replace_malloc.c:447)
==660227==    by 0x405185D: xmalloc (xmalloc.c:45)
==660227==    by 0x405185D: xmemdup (xmalloc.c:314)
==660227==    by 0x405185D: xstrdup (xmalloc.c:339)
==660227==    by 0x402644F: assign_string (misc.c:58)
==660227==    by 0x4029612: uid_to_uname (names.c:490)
==660227==    by 0x40155F3: start_header (create.c:931)
==660227==    by 0x40167F9: dump_dir0 (create.c:1123)
==660227==    by 0x40167F9: dump_dir (create.c:1320)
==660227==    by 0x40167F9: dump_file0 (create.c:1757)
==660227==    by 0x4017589: dump_file (create.c:1968)
==660227==    by 0x4017589: create_archive (create.c:1412)
==660227==    by 0x400CD90: main (tar.c:2818)
==660227== 
==660227== 5 bytes in 1 blocks are still reachable in loss record 2 of 11
==660227==    at 0x48BD858: malloc (vg_replace_malloc.c:447)
==660227==    by 0x405185D: xmalloc (xmalloc.c:45)
==660227==    by 0x405185D: xmemdup (xmalloc.c:314)
==660227==    by 0x405185D: xstrdup (xmalloc.c:339)
==660227==    by 0x402644F: assign_string (misc.c:58)
==660227==    by 0x40296A2: gid_to_gname (names.c:520)
==660227==    by 0x40155DB: start_header (create.c:936)
==660227==    by 0x40167F9: dump_dir0 (create.c:1123)
==660227==    by 0x40167F9: dump_dir (create.c:1320)
==660227==    by 0x40167F9: dump_file0 (create.c:1757)
==660227==    by 0x4017589: dump_file (create.c:1968)
==660227==    by 0x4017589: create_archive (create.c:1412)
==660227==    by 0x400CD90: main (tar.c:2818)
==660227== 
==660227== 7 bytes in 2 blocks are indirectly lost in loss record 3 of 11
==660227==    at 0x48BD858: malloc (vg_replace_malloc.c:447)
==660227==    by 0x40387DD: wsnode_quoteremoval (wordsplit.c:651)
==660227==    by 0x4039CFD: wordsplit_process_list (wordsplit.c:2390)
==660227==    by 0x403A562: wordsplit_run.constprop.0 (wordsplit.c:2434)
==660227==    by 0x400BFFA: parse_default_options (tar.c:2256)
==660227==    by 0x400BFFA: decode_options (tar.c:2378)
==660227==    by 0x400BFFA: main (tar.c:2792)
==660227== 
==660227== 7 bytes in 2 blocks are definitely lost in loss record 4 of 11
==660227==    at 0x48BD858: malloc (vg_replace_malloc.c:447)
==660227==    by 0x403A1FB: wordsplit_finish (wordsplit.c:836)
==660227==    by 0x400BFFA: parse_default_options (tar.c:2256)
==660227==    by 0x400BFFA: decode_options (tar.c:2378)
==660227==    by 0x400BFFA: main (tar.c:2792)
==660227== 
==660227== 16 bytes in 1 blocks are still reachable in loss record 5 of 11
==660227==    at 0x48C4E43: calloc (vg_replace_malloc.c:1678)
==660227==    by 0x40516F1: xcalloc (xmalloc.c:298)
==660227==    by 0x40516F1: xzalloc (xmalloc.c:283)
==660227==    by 0x400BEF9: decode_options (tar.c:2297)
==660227==    by 0x400BEF9: main (tar.c:2792)
==660227== 
==660227== 22 bytes in 1 blocks are still reachable in loss record 6 of 11
==660227==    at 0x48BD858: malloc (vg_replace_malloc.c:447)
==660227==    by 0x405185D: xmalloc (xmalloc.c:45)
==660227==    by 0x405185D: xmemdup (xmalloc.c:314)
==660227==    by 0x405185D: xstrdup (xmalloc.c:339)
==660227==    by 0x4028D43: name_next_elt (names.c:1123)
==660227==    by 0x40298EC: name_next (names.c:1152)
==660227==    by 0x401750F: create_archive (create.c:1410)
==660227==    by 0x400CD90: main (tar.c:2818)
==660227== 
==660227== 48 bytes in 1 blocks are still reachable in loss record 7 of 11
==660227==    at 0x48C53C0: reallocarray (vg_replace_malloc.c:1806)
==660227==    by 0x40515C9: xreallocarray (xmalloc.c:84)
==660227==    by 0x40515C9: x2nrealloc (xmalloc.c:203)
==660227==    by 0x4027754: chdir_arg (misc.c:934)
==660227==    by 0x4028D4B: name_next_elt (names.c:1123)
==660227==    by 0x40298EC: name_next (names.c:1152)
==660227==    by 0x401750F: create_archive (create.c:1410)
==660227==    by 0x400CD90: main (tar.c:2818)
==660227== 
==660227== 80 bytes in 1 blocks are still reachable in loss record 8 of 11
==660227==    at 0x48BD858: malloc (vg_replace_malloc.c:447)
==660227==    by 0x40512CC: xmalloc (xmalloc.c:45)
==660227==    by 0x400BE43: main (tar.c:2781)
==660227== 
==660227== 87 (80 direct, 7 indirect) bytes in 2 blocks are definitely lost in loss record 9 of 11
==660227==    at 0x48C4E43: calloc (vg_replace_malloc.c:1678)
==660227==    by 0x403959D: wsnode_new (wordsplit.c:422)
==660227==    by 0x403959D: wordsplit_add_segm (wordsplit.c:523)
==660227==    by 0x4039854: scan_word (wordsplit.c:2062)
==660227==    by 0x4039C7C: wordsplit_process_list (wordsplit.c:2358)
==660227==    by 0x403A562: wordsplit_run.constprop.0 (wordsplit.c:2434)
==660227==    by 0x400BFFA: parse_default_options (tar.c:2256)
==660227==    by 0x400BFFA: decode_options (tar.c:2378)
==660227==    by 0x400BFFA: main (tar.c:2792)
==660227== 
==660227== 102 bytes in 1 blocks are still reachable in loss record 10 of 11
==660227==    at 0x48BD858: malloc (vg_replace_malloc.c:447)
==660227==    by 0x40512CC: xmalloc (xmalloc.c:45)
==660227==    by 0x4029881: name_init (names.c:869)
==660227==    by 0x400C94C: main (tar.c:2794)
==660227== 
==660227== 4,064 bytes in 1 blocks are still reachable in loss record 11 of 11
==660227==    at 0x48BD858: malloc (vg_replace_malloc.c:447)
==660227==    by 0x40512CC: xmalloc (xmalloc.c:45)
==660227==    by 0x404A07D: call_chunkfun (obstack.c:88)
==660227==    by 0x404A07D: _obstack_begin_worker.isra.0 (obstack.c:135)
==660227==    by 0x404A0A8: _obstack_begin (obstack.c:157)
==660227==    by 0x4032C57: _transform_name_to_obstack (transform.c:592)
==660227==    by 0x4032C57: transform_name_fp (transform.c:614)
==660227==    by 0x4016444: dump_file0 (create.c:1657)
==660227==    by 0x4017589: dump_file (create.c:1968)
==660227==    by 0x4017589: create_archive (create.c:1412)
==660227==    by 0x400CD90: main (tar.c:2818)
==660227== 
==660227== LEAK SUMMARY:
==660227==    definitely lost: 87 bytes in 4 blocks
==660227==    indirectly lost: 7 bytes in 2 blocks
==660227==      possibly lost: 0 bytes in 0 blocks
==660227==    still reachable: 4,342 bytes in 8 blocks
==660227==         suppressed: 0 bytes in 0 blocks
==660227== 
==660227== For lists of detected and suppressed errors, rerun with: -s
==660227== ERROR SUMMARY: 3 errors from 3 contexts (suppressed: 0 from 0)
