==677705== Memcheck, a memory error detector
==677705== Copyright (C) 2002-2024, and GNU GPL'd, by Julian Seward et al.
==677705== Using Valgrind-3.26.0 and LibVEX; rerun with -h for copyright info
==677705== Command: tar -c -f a -z --remove-files b c
==677705== Parent PID: 677694
==677705== 
==677705== 
==677705== FILE DESCRIPTORS: 3 open (2 inherited) at exit.
==677705== Open file descriptor 0:
==677705==    at 0x5B10E8B: dup2 (dup2.c:29)
==677705==    by 0x4677AA0: rboxc_tar_sys_child_open_for_compress (in /root/rboxc/target/tar-map-probe-candidate/release/rboxc)
==677705==    by 0x465DA54: rboxc_tar_open_archive (in /root/rboxc/target/tar-map-probe-candidate/release/rboxc)
==677705==    by 0x466433E: rboxc_tar_create_archive (in /root/rboxc/target/tar-map-probe-candidate/release/rboxc)
==677705==    by 0x4478AF8: single_binary_main_tar (in /root/rboxc/target/tar-map-probe-candidate/release/rboxc)
==677705==    by 0x5A18600: (below main) (libc_start_call_main.h:59)
==677705== 
==677705== 
==677705== HEAP SUMMARY:
==677705==     in use at exit: 14,734 bytes in 8 blocks
==677705==   total heap usage: 22 allocs, 14 frees, 22,585 bytes allocated
==677705== 
==677705== 16 bytes in 1 blocks are still reachable in loss record 1 of 7
==677705==    at 0x5875E43: calloc (vg_replace_malloc.c:1678)
==677705==    by 0x469E501: rboxc_tar_xzalloc (in /root/rboxc/target/tar-map-probe-candidate/release/rboxc)
==677705==    by 0x4477AF5: single_binary_main_tar (in /root/rboxc/target/tar-map-probe-candidate/release/rboxc)
==677705==    by 0x5A18600: (below main) (libc_start_call_main.h:59)
==677705== 
==677705== 32 bytes in 1 blocks are still reachable in loss record 2 of 7
==677705==    at 0x586E858: malloc (vg_replace_malloc.c:447)
==677705==    by 0x469E0DC: rboxc_tar_xmalloc (in /root/rboxc/target/tar-map-probe-candidate/release/rboxc)
==677705==    by 0x446ED30: rboxc::applet_tar::set_use_compress_program_option (in /root/rboxc/target/tar-map-probe-candidate/release/rboxc)
==677705==    by 0x446FA92: rboxc::applet_tar::parse_opt (in /root/rboxc/target/tar-map-probe-candidate/release/rboxc)
==677705==    by 0x468D23D: rboxc_tar_argp_parse (in /root/rboxc/target/tar-map-probe-candidate/release/rboxc)
==677705==    by 0x4478025: single_binary_main_tar (in /root/rboxc/target/tar-map-probe-candidate/release/rboxc)
==677705==    by 0x5A18600: (below main) (libc_start_call_main.h:59)
==677705== 
==677705== 56 bytes in 1 blocks are still reachable in loss record 3 of 7
==677705==    at 0x586E858: malloc (vg_replace_malloc.c:447)
==677705==    by 0x469E0DC: rboxc_tar_xmalloc (in /root/rboxc/target/tar-map-probe-candidate/release/rboxc)
==677705==    by 0x4671EEE: name_elt_alloc (in /root/rboxc/target/tar-map-probe-candidate/release/rboxc)
==677705==    by 0x467344C: rboxc_tar_name_add_name (in /root/rboxc/target/tar-map-probe-candidate/release/rboxc)
==677705==    by 0x446F88F: rboxc::applet_tar::parse_opt (in /root/rboxc/target/tar-map-probe-candidate/release/rboxc)
==677705==    by 0x468CB43: rboxc_tar_argp_parse (in /root/rboxc/target/tar-map-probe-candidate/release/rboxc)
==677705==    by 0x4478025: single_binary_main_tar (in /root/rboxc/target/tar-map-probe-candidate/release/rboxc)
==677705==    by 0x5A18600: (below main) (libc_start_call_main.h:59)
==677705== 
==677705== 80 bytes in 1 blocks are still reachable in loss record 4 of 7
==677705==    at 0x586E858: malloc (vg_replace_malloc.c:447)
==677705==    by 0x469E0DC: rboxc_tar_xmalloc (in /root/rboxc/target/tar-map-probe-candidate/release/rboxc)
==677705==    by 0x4477A00: single_binary_main_tar (in /root/rboxc/target/tar-map-probe-candidate/release/rboxc)
==677705==    by 0x5A18600: (below main) (libc_start_call_main.h:59)
==677705== 
==677705== 102 bytes in 1 blocks are still reachable in loss record 5 of 7
==677705==    at 0x586E858: malloc (vg_replace_malloc.c:447)
==677705==    by 0x469E0DC: rboxc_tar_xmalloc (in /root/rboxc/target/tar-map-probe-candidate/release/rboxc)
==677705==    by 0x46734A1: rboxc_tar_name_init (in /root/rboxc/target/tar-map-probe-candidate/release/rboxc)
==677705==    by 0x4478A7A: single_binary_main_tar (in /root/rboxc/target/tar-map-probe-candidate/release/rboxc)
==677705==    by 0x5A18600: (below main) (libc_start_call_main.h:59)
==677705== 
==677705== 112 bytes in 2 blocks are still reachable in loss record 6 of 7
==677705==    at 0x586E858: malloc (vg_replace_malloc.c:447)
==677705==    by 0x469E0DC: rboxc_tar_xmalloc (in /root/rboxc/target/tar-map-probe-candidate/release/rboxc)
==677705==    by 0x4671E9D: name_elt_alloc (in /root/rboxc/target/tar-map-probe-candidate/release/rboxc)
==677705==    by 0x467344C: rboxc_tar_name_add_name (in /root/rboxc/target/tar-map-probe-candidate/release/rboxc)
==677705==    by 0x446F88F: rboxc::applet_tar::parse_opt (in /root/rboxc/target/tar-map-probe-candidate/release/rboxc)
==677705==    by 0x468CB43: rboxc_tar_argp_parse (in /root/rboxc/target/tar-map-probe-candidate/release/rboxc)
==677705==    by 0x4478025: single_binary_main_tar (in /root/rboxc/target/tar-map-probe-candidate/release/rboxc)
==677705==    by 0x5A18600: (below main) (libc_start_call_main.h:59)
==677705== 
==677705== 14,336 bytes in 1 blocks are still reachable in loss record 7 of 7
==677705==    at 0x586E858: malloc (vg_replace_malloc.c:447)
==677705==    by 0x469E0DC: rboxc_tar_xmalloc (in /root/rboxc/target/tar-map-probe-candidate/release/rboxc)
==677705==    by 0x4671752: rboxc_tar_page_aligned_alloc (in /root/rboxc/target/tar-map-probe-candidate/release/rboxc)
==677705==    by 0x465A203: init_buffer (in /root/rboxc/target/tar-map-probe-candidate/release/rboxc)
==677705==    by 0x465D8FF: rboxc_tar_open_archive (in /root/rboxc/target/tar-map-probe-candidate/release/rboxc)
==677705==    by 0x466433E: rboxc_tar_create_archive (in /root/rboxc/target/tar-map-probe-candidate/release/rboxc)
==677705==    by 0x4478AF8: single_binary_main_tar (in /root/rboxc/target/tar-map-probe-candidate/release/rboxc)
==677705==    by 0x5A18600: (below main) (libc_start_call_main.h:59)
==677705== 
==677705== LEAK SUMMARY:
==677705==    definitely lost: 0 bytes in 0 blocks
==677705==    indirectly lost: 0 bytes in 0 blocks
==677705==      possibly lost: 0 bytes in 0 blocks
==677705==    still reachable: 14,734 bytes in 8 blocks
==677705==         suppressed: 0 bytes in 0 blocks
==677705== 
==677705== For lists of detected and suppressed errors, rerun with: -s
==677705== ERROR SUMMARY: 1 errors from 1 contexts (suppressed: 0 from 0)
