==618579== Memcheck, a memory error detector
==618579== Copyright (C) 2002-2024, and GNU GPL'd, by Julian Seward et al.
==618579== Using Valgrind-3.26.0 and LibVEX; rerun with -h for copyright info
==618579== Command: tar -MRt -f arc.1 -f arc.2
==618579== Parent PID: 618577
==618579== 
==618579== 
==618579== FILE DESCRIPTORS: 0 open (0 inherited) at exit.
==618579== 
==618579== HEAP SUMMARY:
==618579==     in use at exit: 4,283 bytes in 7 blocks
==618579==   total heap usage: 65 allocs, 58 frees, 60,462 bytes allocated
==618579== 
==618579== 5 bytes in 1 blocks are still reachable in loss record 1 of 7
==618579==    at 0x586E858: malloc (vg_replace_malloc.c:447)
==618579==    by 0x469E66D: rboxc_tar_xstrdup (in /root/rboxc/target/screen-owned-candidate/release/rboxc)
==618579==    by 0x466FF4F: rboxc_tar_assign_string (in /root/rboxc/target/screen-owned-candidate/release/rboxc)
==618579==    by 0x467335C: rboxc_tar_uname_to_uid (in /root/rboxc/target/screen-owned-candidate/release/rboxc)
==618579==    by 0x466DFBF: rboxc_tar_decode_header (in /root/rboxc/target/screen-owned-candidate/release/rboxc)
==618579==    by 0x466F056: rboxc_tar_read_and (in /root/rboxc/target/screen-owned-candidate/release/rboxc)
==618579==    by 0x4478B39: single_binary_main_tar (in /root/rboxc/target/screen-owned-candidate/release/rboxc)
==618579==    by 0x5A18600: (below main) (libc_start_call_main.h:59)
==618579== 
==618579== 5 bytes in 1 blocks are still reachable in loss record 2 of 7
==618579==    at 0x586E858: malloc (vg_replace_malloc.c:447)
==618579==    by 0x469E66D: rboxc_tar_xstrdup (in /root/rboxc/target/screen-owned-candidate/release/rboxc)
==618579==    by 0x466FF4F: rboxc_tar_assign_string (in /root/rboxc/target/screen-owned-candidate/release/rboxc)
==618579==    by 0x46733FC: rboxc_tar_gname_to_gid (in /root/rboxc/target/screen-owned-candidate/release/rboxc)
==618579==    by 0x466DF9F: rboxc_tar_decode_header (in /root/rboxc/target/screen-owned-candidate/release/rboxc)
==618579==    by 0x466F056: rboxc_tar_read_and (in /root/rboxc/target/screen-owned-candidate/release/rboxc)
==618579==    by 0x4478B39: single_binary_main_tar (in /root/rboxc/target/screen-owned-candidate/release/rboxc)
==618579==    by 0x5A18600: (below main) (libc_start_call_main.h:59)
==618579== 
==618579== 11 bytes in 1 blocks are still reachable in loss record 3 of 7
==618579==    at 0x586E858: malloc (vg_replace_malloc.c:447)
==618579==    by 0x469E0DC: rboxc_tar_xmalloc (in /root/rboxc/target/screen-owned-candidate/release/rboxc)
==618579==    by 0x466FFC0: rboxc_tar_assign_string_n (in /root/rboxc/target/screen-owned-candidate/release/rboxc)
==618579==    by 0x465CF46: gnu_flush_read (in /root/rboxc/target/screen-owned-candidate/release/rboxc)
==618579==    by 0x465B369: rboxc_tar_find_next_block (in /root/rboxc/target/screen-owned-candidate/release/rboxc)
==618579==    by 0x466ECA4: rboxc_tar_skim_file (in /root/rboxc/target/screen-owned-candidate/release/rboxc)
==618579==    by 0x466ED76: skim_member.part.0 (in /root/rboxc/target/screen-owned-candidate/release/rboxc)
==618579==    by 0x466F292: rboxc_tar_read_and (in /root/rboxc/target/screen-owned-candidate/release/rboxc)
==618579==    by 0x4478B39: single_binary_main_tar (in /root/rboxc/target/screen-owned-candidate/release/rboxc)
==618579==    by 0x5A18600: (below main) (libc_start_call_main.h:59)
==618579== 
==618579== 16 bytes in 1 blocks are still reachable in loss record 4 of 7
==618579==    at 0x5875E43: calloc (vg_replace_malloc.c:1678)
==618579==    by 0x469E501: rboxc_tar_xzalloc (in /root/rboxc/target/screen-owned-candidate/release/rboxc)
==618579==    by 0x4477AF5: single_binary_main_tar (in /root/rboxc/target/screen-owned-candidate/release/rboxc)
==618579==    by 0x5A18600: (below main) (libc_start_call_main.h:59)
==618579== 
==618579== 80 bytes in 1 blocks are still reachable in loss record 5 of 7
==618579==    at 0x586E858: malloc (vg_replace_malloc.c:447)
==618579==    by 0x469E0DC: rboxc_tar_xmalloc (in /root/rboxc/target/screen-owned-candidate/release/rboxc)
==618579==    by 0x4477A00: single_binary_main_tar (in /root/rboxc/target/screen-owned-candidate/release/rboxc)
==618579==    by 0x5A18600: (below main) (libc_start_call_main.h:59)
==618579== 
==618579== 102 bytes in 1 blocks are still reachable in loss record 6 of 7
==618579==    at 0x586E858: malloc (vg_replace_malloc.c:447)
==618579==    by 0x469E0DC: rboxc_tar_xmalloc (in /root/rboxc/target/screen-owned-candidate/release/rboxc)
==618579==    by 0x46734A1: rboxc_tar_name_init (in /root/rboxc/target/screen-owned-candidate/release/rboxc)
==618579==    by 0x4478A7A: single_binary_main_tar (in /root/rboxc/target/screen-owned-candidate/release/rboxc)
==618579==    by 0x5A18600: (below main) (libc_start_call_main.h:59)
==618579== 
==618579== 4,064 bytes in 1 blocks are still reachable in loss record 7 of 7
==618579==    at 0x586E858: malloc (vg_replace_malloc.c:447)
==618579==    by 0x469E0DC: rboxc_tar_xmalloc (in /root/rboxc/target/screen-owned-candidate/release/rboxc)
==618579==    by 0x4695FFD: _obstack_begin_worker.isra.0 (in /root/rboxc/target/screen-owned-candidate/release/rboxc)
==618579==    by 0x4696028: rboxc_tar__obstack_begin (in /root/rboxc/target/screen-owned-candidate/release/rboxc)
==618579==    by 0x4679CD7: rboxc_tar_transform_name_fp (in /root/rboxc/target/screen-owned-candidate/release/rboxc)
==618579==    by 0x466D0B0: transform_stat_info.part.0 (in /root/rboxc/target/screen-owned-candidate/release/rboxc)
==618579==    by 0x466F290: rboxc_tar_read_and (in /root/rboxc/target/screen-owned-candidate/release/rboxc)
==618579==    by 0x4478B39: single_binary_main_tar (in /root/rboxc/target/screen-owned-candidate/release/rboxc)
==618579==    by 0x5A18600: (below main) (libc_start_call_main.h:59)
==618579== 
==618579== LEAK SUMMARY:
==618579==    definitely lost: 0 bytes in 0 blocks
==618579==    indirectly lost: 0 bytes in 0 blocks
==618579==      possibly lost: 0 bytes in 0 blocks
==618579==    still reachable: 4,283 bytes in 7 blocks
==618579==         suppressed: 0 bytes in 0 blocks
==618579== 
==618579== For lists of detected and suppressed errors, rerun with: -s
==618579== ERROR SUMMARY: 0 errors from 0 contexts (suppressed: 0 from 0)
