==619657== Memcheck, a memory error detector
==619657== Copyright (C) 2002-2024, and GNU GPL'd, by Julian Seward et al.
==619657== Using Valgrind-3.26.0 and LibVEX; rerun with -h for copyright info
==619657== Command: tar --listed-incremental=list -c --record-size 1024 -L 16 -f arc.1 -f arc.2 -v directory
==619657== Parent PID: 618579
==619657== 
==619657== 
==619657== FILE DESCRIPTORS: 0 open (0 inherited) at exit.
==619657== 
==619657== HEAP SUMMARY:
==619657==     in use at exit: 54,282 bytes in 19 blocks
==619657==   total heap usage: 144 allocs, 125 frees, 445,118 bytes allocated
==619657== 
==619657== 5 bytes in 1 blocks are still reachable in loss record 1 of 19
==619657==    at 0x586E858: malloc (vg_replace_malloc.c:447)
==619657==    by 0x469E66D: rboxc_tar_xstrdup (in /root/rboxc/target/screen-owned-candidate/release/rboxc)
==619657==    by 0x466FF4F: rboxc_tar_assign_string (in /root/rboxc/target/screen-owned-candidate/release/rboxc)
==619657==    by 0x4673232: rboxc_tar_uid_to_uname (in /root/rboxc/target/screen-owned-candidate/release/rboxc)
==619657==    by 0x4662453: rboxc_tar_start_header (in /root/rboxc/target/screen-owned-candidate/release/rboxc)
==619657==    by 0x4663659: dump_file0 (in /root/rboxc/target/screen-owned-candidate/release/rboxc)
==619657==    by 0x466468F: rboxc_tar_create_archive (in /root/rboxc/target/screen-owned-candidate/release/rboxc)
==619657==    by 0x4478AF8: single_binary_main_tar (in /root/rboxc/target/screen-owned-candidate/release/rboxc)
==619657==    by 0x5A18600: (below main) (libc_start_call_main.h:59)
==619657== 
==619657== 5 bytes in 1 blocks are still reachable in loss record 2 of 19
==619657==    at 0x586E858: malloc (vg_replace_malloc.c:447)
==619657==    by 0x469E66D: rboxc_tar_xstrdup (in /root/rboxc/target/screen-owned-candidate/release/rboxc)
==619657==    by 0x466FF4F: rboxc_tar_assign_string (in /root/rboxc/target/screen-owned-candidate/release/rboxc)
==619657==    by 0x46732C2: rboxc_tar_gid_to_gname (in /root/rboxc/target/screen-owned-candidate/release/rboxc)
==619657==    by 0x466243B: rboxc_tar_start_header (in /root/rboxc/target/screen-owned-candidate/release/rboxc)
==619657==    by 0x4663659: dump_file0 (in /root/rboxc/target/screen-owned-candidate/release/rboxc)
==619657==    by 0x466468F: rboxc_tar_create_archive (in /root/rboxc/target/screen-owned-candidate/release/rboxc)
==619657==    by 0x4478AF8: single_binary_main_tar (in /root/rboxc/target/screen-owned-candidate/release/rboxc)
==619657==    by 0x5A18600: (below main) (libc_start_call_main.h:59)
==619657== 
==619657== 10 bytes in 1 blocks are still reachable in loss record 3 of 19
==619657==    at 0x586E858: malloc (vg_replace_malloc.c:447)
==619657==    by 0x469E0DC: rboxc_tar_xmalloc (in /root/rboxc/target/screen-owned-candidate/release/rboxc)
==619657==    by 0x4668DE1: make_directory (in /root/rboxc/target/screen-owned-candidate/release/rboxc)
==619657==    by 0x4669095: note_directory (in /root/rboxc/target/screen-owned-candidate/release/rboxc)
==619657==    by 0x466B6B0: rboxc_tar_read_directory_file (in /root/rboxc/target/screen-owned-candidate/release/rboxc)
==619657==    by 0x46740C1: rboxc_tar_collect_and_sort_names (in /root/rboxc/target/screen-owned-candidate/release/rboxc)
==619657==    by 0x466443D: rboxc_tar_create_archive (in /root/rboxc/target/screen-owned-candidate/release/rboxc)
==619657==    by 0x4478AF8: single_binary_main_tar (in /root/rboxc/target/screen-owned-candidate/release/rboxc)
==619657==    by 0x5A18600: (below main) (libc_start_call_main.h:59)
==619657== 
==619657== 16 bytes in 1 blocks are still reachable in loss record 4 of 19
==619657==    at 0x5875E43: calloc (vg_replace_malloc.c:1678)
==619657==    by 0x469E501: rboxc_tar_xzalloc (in /root/rboxc/target/screen-owned-candidate/release/rboxc)
==619657==    by 0x4477AF5: single_binary_main_tar (in /root/rboxc/target/screen-owned-candidate/release/rboxc)
==619657==    by 0x5A18600: (below main) (libc_start_call_main.h:59)
==619657== 
==619657== 32 bytes in 1 blocks are still reachable in loss record 5 of 19
==619657==    at 0x586E858: malloc (vg_replace_malloc.c:447)
==619657==    by 0x469E0DC: rboxc_tar_xmalloc (in /root/rboxc/target/screen-owned-candidate/release/rboxc)
==619657==    by 0x446DA2F: rboxc::applet_tar::optloc_save (in /root/rboxc/target/screen-owned-candidate/release/rboxc)
==619657==    by 0x446F7A4: rboxc::applet_tar::parse_opt (in /root/rboxc/target/screen-owned-candidate/release/rboxc)
==619657==    by 0x468D0C3: rboxc_tar_argp_parse (in /root/rboxc/target/screen-owned-candidate/release/rboxc)
==619657==    by 0x4478025: single_binary_main_tar (in /root/rboxc/target/screen-owned-candidate/release/rboxc)
==619657==    by 0x5A18600: (below main) (libc_start_call_main.h:59)
==619657== 
==619657== 58 bytes in 1 blocks are still reachable in loss record 6 of 19
==619657==    at 0x587607F: realloc (vg_replace_malloc.c:1804)
==619657==    by 0x5B15327: getcwd (getcwd.c:86)
==619657==    by 0x469C323: rboxc_tar_rpl_getcwd (in /root/rboxc/target/screen-owned-candidate/release/rboxc)
==619657==    by 0x469E6A0: rboxc_tar_xgetcwd (in /root/rboxc/target/screen-owned-candidate/release/rboxc)
==619657==    by 0x4671974: rboxc_tar_normalize_filename (in /root/rboxc/target/screen-owned-candidate/release/rboxc)
==619657==    by 0x466908A: note_directory (in /root/rboxc/target/screen-owned-candidate/release/rboxc)
==619657==    by 0x466B6B0: rboxc_tar_read_directory_file (in /root/rboxc/target/screen-owned-candidate/release/rboxc)
==619657==    by 0x46740C1: rboxc_tar_collect_and_sort_names (in /root/rboxc/target/screen-owned-candidate/release/rboxc)
==619657==    by 0x466443D: rboxc_tar_create_archive (in /root/rboxc/target/screen-owned-candidate/release/rboxc)
==619657==    by 0x4478AF8: single_binary_main_tar (in /root/rboxc/target/screen-owned-candidate/release/rboxc)
==619657==    by 0x5A18600: (below main) (libc_start_call_main.h:59)
==619657== 
==619657== 68 bytes in 1 blocks are still reachable in loss record 7 of 19
==619657==    at 0x586E858: malloc (vg_replace_malloc.c:447)
==619657==    by 0x469E0DC: rboxc_tar_xmalloc (in /root/rboxc/target/screen-owned-candidate/release/rboxc)
==619657==    by 0x467190A: rboxc_tar_normalize_filename (in /root/rboxc/target/screen-owned-candidate/release/rboxc)
==619657==    by 0x466908A: note_directory (in /root/rboxc/target/screen-owned-candidate/release/rboxc)
==619657==    by 0x466B6B0: rboxc_tar_read_directory_file (in /root/rboxc/target/screen-owned-candidate/release/rboxc)
==619657==    by 0x46740C1: rboxc_tar_collect_and_sort_names (in /root/rboxc/target/screen-owned-candidate/release/rboxc)
==619657==    by 0x466443D: rboxc_tar_create_archive (in /root/rboxc/target/screen-owned-candidate/release/rboxc)
==619657==    by 0x4478AF8: single_binary_main_tar (in /root/rboxc/target/screen-owned-candidate/release/rboxc)
==619657==    by 0x5A18600: (below main) (libc_start_call_main.h:59)
==619657== 
==619657== 80 bytes in 1 blocks are still reachable in loss record 8 of 19
==619657==    at 0x586E858: malloc (vg_replace_malloc.c:447)
==619657==    by 0x469E0DC: rboxc_tar_xmalloc (in /root/rboxc/target/screen-owned-candidate/release/rboxc)
==619657==    by 0x4477A00: single_binary_main_tar (in /root/rboxc/target/screen-owned-candidate/release/rboxc)
==619657==    by 0x5A18600: (below main) (libc_start_call_main.h:59)
==619657== 
==619657== 80 bytes in 1 blocks are still reachable in loss record 9 of 19
==619657==    at 0x586E858: malloc (vg_replace_malloc.c:447)
==619657==    by 0x4693786: rboxc_tar_hash_initialize (in /root/rboxc/target/screen-owned-candidate/release/rboxc)
==619657==    by 0x4669167: note_directory (in /root/rboxc/target/screen-owned-candidate/release/rboxc)
==619657==    by 0x466B6B0: rboxc_tar_read_directory_file (in /root/rboxc/target/screen-owned-candidate/release/rboxc)
==619657==    by 0x46740C1: rboxc_tar_collect_and_sort_names (in /root/rboxc/target/screen-owned-candidate/release/rboxc)
==619657==    by 0x466443D: rboxc_tar_create_archive (in /root/rboxc/target/screen-owned-candidate/release/rboxc)
==619657==    by 0x4478AF8: single_binary_main_tar (in /root/rboxc/target/screen-owned-candidate/release/rboxc)
==619657==    by 0x5A18600: (below main) (libc_start_call_main.h:59)
==619657== 
==619657== 80 bytes in 1 blocks are still reachable in loss record 10 of 19
==619657==    at 0x586E858: malloc (vg_replace_malloc.c:447)
==619657==    by 0x4693786: rboxc_tar_hash_initialize (in /root/rboxc/target/screen-owned-candidate/release/rboxc)
==619657==    by 0x4669197: note_directory (in /root/rboxc/target/screen-owned-candidate/release/rboxc)
==619657==    by 0x466B6B0: rboxc_tar_read_directory_file (in /root/rboxc/target/screen-owned-candidate/release/rboxc)
==619657==    by 0x46740C1: rboxc_tar_collect_and_sort_names (in /root/rboxc/target/screen-owned-candidate/release/rboxc)
==619657==    by 0x466443D: rboxc_tar_create_archive (in /root/rboxc/target/screen-owned-candidate/release/rboxc)
==619657==    by 0x4478AF8: single_binary_main_tar (in /root/rboxc/target/screen-owned-candidate/release/rboxc)
==619657==    by 0x5A18600: (below main) (libc_start_call_main.h:59)
==619657== 
==619657== 96 bytes in 1 blocks are still reachable in loss record 11 of 19
==619657==    at 0x586E858: malloc (vg_replace_malloc.c:447)
==619657==    by 0x469E0DC: rboxc_tar_xmalloc (in /root/rboxc/target/screen-owned-candidate/release/rboxc)
==619657==    by 0x4668DA6: make_directory (in /root/rboxc/target/screen-owned-candidate/release/rboxc)
==619657==    by 0x4669095: note_directory (in /root/rboxc/target/screen-owned-candidate/release/rboxc)
==619657==    by 0x466B6B0: rboxc_tar_read_directory_file (in /root/rboxc/target/screen-owned-candidate/release/rboxc)
==619657==    by 0x46740C1: rboxc_tar_collect_and_sort_names (in /root/rboxc/target/screen-owned-candidate/release/rboxc)
==619657==    by 0x466443D: rboxc_tar_create_archive (in /root/rboxc/target/screen-owned-candidate/release/rboxc)
==619657==    by 0x4478AF8: single_binary_main_tar (in /root/rboxc/target/screen-owned-candidate/release/rboxc)
==619657==    by 0x5A18600: (below main) (libc_start_call_main.h:59)
==619657== 
==619657== 102 bytes in 1 blocks are still reachable in loss record 12 of 19
==619657==    at 0x586E858: malloc (vg_replace_malloc.c:447)
==619657==    by 0x469E0DC: rboxc_tar_xmalloc (in /root/rboxc/target/screen-owned-candidate/release/rboxc)
==619657==    by 0x46734A1: rboxc_tar_name_init (in /root/rboxc/target/screen-owned-candidate/release/rboxc)
==619657==    by 0x4478A7A: single_binary_main_tar (in /root/rboxc/target/screen-owned-candidate/release/rboxc)
==619657==    by 0x5A18600: (below main) (libc_start_call_main.h:59)
==619657== 
==619657== 176 bytes in 1 blocks are still reachable in loss record 13 of 19
==619657==    at 0x5875E43: calloc (vg_replace_malloc.c:1678)
==619657==    by 0x46937DC: rboxc_tar_hash_initialize (in /root/rboxc/target/screen-owned-candidate/release/rboxc)
==619657==    by 0x4669167: note_directory (in /root/rboxc/target/screen-owned-candidate/release/rboxc)
==619657==    by 0x466B6B0: rboxc_tar_read_directory_file (in /root/rboxc/target/screen-owned-candidate/release/rboxc)
==619657==    by 0x46740C1: rboxc_tar_collect_and_sort_names (in /root/rboxc/target/screen-owned-candidate/release/rboxc)
==619657==    by 0x466443D: rboxc_tar_create_archive (in /root/rboxc/target/screen-owned-candidate/release/rboxc)
==619657==    by 0x4478AF8: single_binary_main_tar (in /root/rboxc/target/screen-owned-candidate/release/rboxc)
==619657==    by 0x5A18600: (below main) (libc_start_call_main.h:59)
==619657== 
==619657== 176 bytes in 1 blocks are still reachable in loss record 14 of 19
==619657==    at 0x5875E43: calloc (vg_replace_malloc.c:1678)
==619657==    by 0x46937DC: rboxc_tar_hash_initialize (in /root/rboxc/target/screen-owned-candidate/release/rboxc)
==619657==    by 0x4669197: note_directory (in /root/rboxc/target/screen-owned-candidate/release/rboxc)
==619657==    by 0x466B6B0: rboxc_tar_read_directory_file (in /root/rboxc/target/screen-owned-candidate/release/rboxc)
==619657==    by 0x46740C1: rboxc_tar_collect_and_sort_names (in /root/rboxc/target/screen-owned-candidate/release/rboxc)
==619657==    by 0x466443D: rboxc_tar_create_archive (in /root/rboxc/target/screen-owned-candidate/release/rboxc)
==619657==    by 0x4478AF8: single_binary_main_tar (in /root/rboxc/target/screen-owned-candidate/release/rboxc)
==619657==    by 0x5A18600: (below main) (libc_start_call_main.h:59)
==619657== 
==619657== 4,064 bytes in 1 blocks are still reachable in loss record 15 of 19
==619657==    at 0x586E858: malloc (vg_replace_malloc.c:447)
==619657==    by 0x469E0DC: rboxc_tar_xmalloc (in /root/rboxc/target/screen-owned-candidate/release/rboxc)
==619657==    by 0x4695FFD: _obstack_begin_worker.isra.0 (in /root/rboxc/target/screen-owned-candidate/release/rboxc)
==619657==    by 0x4696028: rboxc_tar__obstack_begin (in /root/rboxc/target/screen-owned-candidate/release/rboxc)
==619657==    by 0x4679CD7: rboxc_tar_transform_name_fp (in /root/rboxc/target/screen-owned-candidate/release/rboxc)
==619657==    by 0x46632A4: dump_file0 (in /root/rboxc/target/screen-owned-candidate/release/rboxc)
==619657==    by 0x466468F: rboxc_tar_create_archive (in /root/rboxc/target/screen-owned-candidate/release/rboxc)
==619657==    by 0x4478AF8: single_binary_main_tar (in /root/rboxc/target/screen-owned-candidate/release/rboxc)
==619657==    by 0x5A18600: (below main) (libc_start_call_main.h:59)
==619657== 
==619657== 8,200 bytes in 1 blocks are still reachable in loss record 16 of 19
==619657==    at 0x5875E43: calloc (vg_replace_malloc.c:1678)
==619657==    by 0x469E55C: rboxc_tar_xcalloc (in /root/rboxc/target/screen-owned-candidate/release/rboxc)
==619657==    by 0x4668FB2: dumpdir_create0 (in /root/rboxc/target/screen-owned-candidate/release/rboxc)
==619657==    by 0x46690F0: note_directory (in /root/rboxc/target/screen-owned-candidate/release/rboxc)
==619657==    by 0x466B6B0: rboxc_tar_read_directory_file (in /root/rboxc/target/screen-owned-candidate/release/rboxc)
==619657==    by 0x46740C1: rboxc_tar_collect_and_sort_names (in /root/rboxc/target/screen-owned-candidate/release/rboxc)
==619657==    by 0x466443D: rboxc_tar_create_archive (in /root/rboxc/target/screen-owned-candidate/release/rboxc)
==619657==    by 0x4478AF8: single_binary_main_tar (in /root/rboxc/target/screen-owned-candidate/release/rboxc)
==619657==    by 0x5A18600: (below main) (libc_start_call_main.h:59)
==619657== 
==619657== 8,200 bytes in 1 blocks are still reachable in loss record 17 of 19
==619657==    at 0x5875E43: calloc (vg_replace_malloc.c:1678)
==619657==    by 0x469E55C: rboxc_tar_xcalloc (in /root/rboxc/target/screen-owned-candidate/release/rboxc)
==619657==    by 0x4668FB2: dumpdir_create0 (in /root/rboxc/target/screen-owned-candidate/release/rboxc)
==619657==    by 0x466A7F8: rboxc_tar_scan_directory (in /root/rboxc/target/screen-owned-candidate/release/rboxc)
==619657==    by 0x46737AE: add_hierarchy_to_namelist (in /root/rboxc/target/screen-owned-candidate/release/rboxc)
==619657==    by 0x4674520: rboxc_tar_collect_and_sort_names (in /root/rboxc/target/screen-owned-candidate/release/rboxc)
==619657==    by 0x466443D: rboxc_tar_create_archive (in /root/rboxc/target/screen-owned-candidate/release/rboxc)
==619657==    by 0x4478AF8: single_binary_main_tar (in /root/rboxc/target/screen-owned-candidate/release/rboxc)
==619657==    by 0x5A18600: (below main) (libc_start_call_main.h:59)
==619657== 
==619657== 16,417 bytes in 1 blocks are still reachable in loss record 18 of 19
==619657==    at 0x586E858: malloc (vg_replace_malloc.c:447)
==619657==    by 0x469E0DC: rboxc_tar_xmalloc (in /root/rboxc/target/screen-owned-candidate/release/rboxc)
==619657==    by 0x4668F7C: dumpdir_create0 (in /root/rboxc/target/screen-owned-candidate/release/rboxc)
==619657==    by 0x46690F0: note_directory (in /root/rboxc/target/screen-owned-candidate/release/rboxc)
==619657==    by 0x466B6B0: rboxc_tar_read_directory_file (in /root/rboxc/target/screen-owned-candidate/release/rboxc)
==619657==    by 0x46740C1: rboxc_tar_collect_and_sort_names (in /root/rboxc/target/screen-owned-candidate/release/rboxc)
==619657==    by 0x466443D: rboxc_tar_create_archive (in /root/rboxc/target/screen-owned-candidate/release/rboxc)
==619657==    by 0x4478AF8: single_binary_main_tar (in /root/rboxc/target/screen-owned-candidate/release/rboxc)
==619657==    by 0x5A18600: (below main) (libc_start_call_main.h:59)
==619657== 
==619657== 16,417 bytes in 1 blocks are still reachable in loss record 19 of 19
==619657==    at 0x586E858: malloc (vg_replace_malloc.c:447)
==619657==    by 0x469E0DC: rboxc_tar_xmalloc (in /root/rboxc/target/screen-owned-candidate/release/rboxc)
==619657==    by 0x4668F7C: dumpdir_create0 (in /root/rboxc/target/screen-owned-candidate/release/rboxc)
==619657==    by 0x466A7F8: rboxc_tar_scan_directory (in /root/rboxc/target/screen-owned-candidate/release/rboxc)
==619657==    by 0x46737AE: add_hierarchy_to_namelist (in /root/rboxc/target/screen-owned-candidate/release/rboxc)
==619657==    by 0x4674520: rboxc_tar_collect_and_sort_names (in /root/rboxc/target/screen-owned-candidate/release/rboxc)
==619657==    by 0x466443D: rboxc_tar_create_archive (in /root/rboxc/target/screen-owned-candidate/release/rboxc)
==619657==    by 0x4478AF8: single_binary_main_tar (in /root/rboxc/target/screen-owned-candidate/release/rboxc)
==619657==    by 0x5A18600: (below main) (libc_start_call_main.h:59)
==619657== 
==619657== LEAK SUMMARY:
==619657==    definitely lost: 0 bytes in 0 blocks
==619657==    indirectly lost: 0 bytes in 0 blocks
==619657==      possibly lost: 0 bytes in 0 blocks
==619657==    still reachable: 54,282 bytes in 19 blocks
==619657==         suppressed: 0 bytes in 0 blocks
==619657== 
==619657== For lists of detected and suppressed errors, rerun with: -s
==619657== ERROR SUMMARY: 0 errors from 0 contexts (suppressed: 0 from 0)
