==624140== Memcheck, a memory error detector
==624140== Copyright (C) 2002-2024, and GNU GPL'd, by Julian Seward et al.
==624140== Using Valgrind-3.26.0 and LibVEX; rerun with -h for copyright info
==624140== Command: tar cf archive.tar one/two/three/four/five/six/seven/eight/nine/ten/eleven/twelve/thirteen/fourteen/fifteen/sixteen/seventeen
==624140== Parent PID: 624128
==624140== 
==624140== 
==624140== FILE DESCRIPTORS: 1 open (1 inherited) at exit.
==624140== 
==624140== HEAP SUMMARY:
==624140==     in use at exit: 37,702 bytes in 20 blocks
==624140==   total heap usage: 101 allocs, 81 frees, 142,452 bytes allocated
==624140== 
==624140== 5 bytes in 1 blocks are still reachable in loss record 1 of 16
==624140==    at 0x48BD858: malloc (vg_replace_malloc.c:447)
==624140==    by 0x405185D: xmalloc (xmalloc.c:45)
==624140==    by 0x405185D: xmemdup (xmalloc.c:314)
==624140==    by 0x405185D: xstrdup (xmalloc.c:339)
==624140==    by 0x402644F: assign_string (misc.c:58)
==624140==    by 0x4029612: uid_to_uname (names.c:490)
==624140==    by 0x40155F3: start_header (create.c:931)
==624140==    by 0x40167F9: dump_dir0 (create.c:1123)
==624140==    by 0x40167F9: dump_dir (create.c:1320)
==624140==    by 0x40167F9: dump_file0 (create.c:1757)
==624140==    by 0x4017589: dump_file (create.c:1968)
==624140==    by 0x4017589: create_archive (create.c:1412)
==624140==    by 0x400CD90: main (tar.c:2818)
==624140== 
==624140== 5 bytes in 1 blocks are still reachable in loss record 2 of 16
==624140==    at 0x48BD858: malloc (vg_replace_malloc.c:447)
==624140==    by 0x405185D: xmalloc (xmalloc.c:45)
==624140==    by 0x405185D: xmemdup (xmalloc.c:314)
==624140==    by 0x405185D: xstrdup (xmalloc.c:339)
==624140==    by 0x402644F: assign_string (misc.c:58)
==624140==    by 0x40296A2: gid_to_gname (names.c:520)
==624140==    by 0x40155DB: start_header (create.c:936)
==624140==    by 0x40167F9: dump_dir0 (create.c:1123)
==624140==    by 0x40167F9: dump_dir (create.c:1320)
==624140==    by 0x40167F9: dump_file0 (create.c:1757)
==624140==    by 0x4017589: dump_file (create.c:1968)
==624140==    by 0x4017589: create_archive (create.c:1412)
==624140==    by 0x400CD90: main (tar.c:2818)
==624140== 
==624140== 6 bytes in 2 blocks are indirectly lost in loss record 3 of 16
==624140==    at 0x48BD858: malloc (vg_replace_malloc.c:447)
==624140==    by 0x405185D: xmalloc (xmalloc.c:45)
==624140==    by 0x405185D: xmemdup (xmalloc.c:314)
==624140==    by 0x405185D: xstrdup (xmalloc.c:339)
==624140==    by 0x400C4F1: decode_options (tar.c:2353)
==624140==    by 0x400C4F1: main (tar.c:2792)
==624140== 
==624140== 7 bytes in 2 blocks are indirectly lost in loss record 4 of 16
==624140==    at 0x48BD858: malloc (vg_replace_malloc.c:447)
==624140==    by 0x40387DD: wsnode_quoteremoval (wordsplit.c:651)
==624140==    by 0x4039CFD: wordsplit_process_list (wordsplit.c:2390)
==624140==    by 0x403A562: wordsplit_run.constprop.0 (wordsplit.c:2434)
==624140==    by 0x400BFFA: parse_default_options (tar.c:2256)
==624140==    by 0x400BFFA: decode_options (tar.c:2378)
==624140==    by 0x400BFFA: main (tar.c:2792)
==624140== 
==624140== 7 bytes in 2 blocks are definitely lost in loss record 5 of 16
==624140==    at 0x48BD858: malloc (vg_replace_malloc.c:447)
==624140==    by 0x403A1FB: wordsplit_finish (wordsplit.c:836)
==624140==    by 0x400BFFA: parse_default_options (tar.c:2256)
==624140==    by 0x400BFFA: decode_options (tar.c:2378)
==624140==    by 0x400BFFA: main (tar.c:2792)
==624140== 
==624140== 16 bytes in 1 blocks are still reachable in loss record 6 of 16
==624140==    at 0x48C4E43: calloc (vg_replace_malloc.c:1678)
==624140==    by 0x40516F1: xcalloc (xmalloc.c:298)
==624140==    by 0x40516F1: xzalloc (xmalloc.c:283)
==624140==    by 0x400BEF9: decode_options (tar.c:2297)
==624140==    by 0x400BEF9: main (tar.c:2792)
==624140== 
==624140== 17 bytes in 1 blocks are still reachable in loss record 7 of 16
==624140==    at 0x48BD858: malloc (vg_replace_malloc.c:447)
==624140==    by 0x405185D: xmalloc (xmalloc.c:45)
==624140==    by 0x405185D: xmemdup (xmalloc.c:314)
==624140==    by 0x405185D: xstrdup (xmalloc.c:339)
==624140==    by 0x402644F: assign_string (misc.c:58)
==624140==    by 0x401E7A6: xheader_xhdr_name (xheader.c:393)
==624140==    by 0x4014297: write_extended.part.0 (create.c:713)
==624140==    by 0x4014896: write_extended (create.c:699)
==624140==    by 0x4014896: finish_header (create.c:1024)
==624140==    by 0x4016C5E: dump_dir0 (create.c:1137)
==624140==    by 0x4016C5E: dump_dir (create.c:1320)
==624140==    by 0x4016C5E: dump_file0 (create.c:1757)
==624140==    by 0x4017589: dump_file (create.c:1968)
==624140==    by 0x4017589: create_archive (create.c:1412)
==624140==    by 0x400CD90: main (tar.c:2818)
==624140== 
==624140== 54 (48 direct, 6 indirect) bytes in 1 blocks are definitely lost in loss record 8 of 16
==624140==    at 0x48BD858: malloc (vg_replace_malloc.c:447)
==624140==    by 0x40512CC: xmalloc (xmalloc.c:45)
==624140==    by 0x400C46E: decode_options (tar.c:2340)
==624140==    by 0x400C46E: main (tar.c:2792)
==624140== 
==624140== 80 bytes in 1 blocks are still reachable in loss record 9 of 16
==624140==    at 0x48BD858: malloc (vg_replace_malloc.c:447)
==624140==    by 0x40512CC: xmalloc (xmalloc.c:45)
==624140==    by 0x400BE43: main (tar.c:2781)
==624140== 
==624140== 87 (80 direct, 7 indirect) bytes in 2 blocks are definitely lost in loss record 10 of 16
==624140==    at 0x48C4E43: calloc (vg_replace_malloc.c:1678)
==624140==    by 0x403959D: wsnode_new (wordsplit.c:422)
==624140==    by 0x403959D: wordsplit_add_segm (wordsplit.c:523)
==624140==    by 0x4039854: scan_word (wordsplit.c:2062)
==624140==    by 0x4039C7C: wordsplit_process_list (wordsplit.c:2358)
==624140==    by 0x403A562: wordsplit_run.constprop.0 (wordsplit.c:2434)
==624140==    by 0x400BFFA: parse_default_options (tar.c:2256)
==624140==    by 0x400BFFA: decode_options (tar.c:2378)
==624140==    by 0x400BFFA: main (tar.c:2792)
==624140== 
==624140== 112 bytes in 1 blocks are still reachable in loss record 11 of 16
==624140==    at 0x48BD858: malloc (vg_replace_malloc.c:447)
==624140==    by 0x491DE43: __gconv_open (gconv_open.c:77)
==624140==    by 0x491D9E0: iconv_open (iconv_open.c:39)
==624140==    by 0x403387B: utf8_init (utf8.c:59)
==624140==    by 0x403387B: utf8_convert (utf8.c:73)
==624140==    by 0x401D32E: code_string (xheader.c:1015)
==624140==    by 0x4015238: write_long_name (create.c:663)
==624140==    by 0x4015238: write_header_name (create.c:733)
==624140==    by 0x4015238: start_header (create.c:751)
==624140==    by 0x40167F9: dump_dir0 (create.c:1123)
==624140==    by 0x40167F9: dump_dir (create.c:1320)
==624140==    by 0x40167F9: dump_file0 (create.c:1757)
==624140==    by 0x4017589: dump_file (create.c:1968)
==624140==    by 0x4017589: create_archive (create.c:1412)
==624140==    by 0x400CD90: main (tar.c:2818)
==624140== 
==624140== 151 bytes in 1 blocks are still reachable in loss record 12 of 16
==624140==    at 0x48C53C0: reallocarray (vg_replace_malloc.c:1806)
==624140==    by 0x40514B0: xreallocarray (xmalloc.c:84)
==624140==    by 0x40514B0: x2nrealloc (xmalloc.c:203)
==624140==    by 0x40514B0: x2realloc (xmalloc.c:120)
==624140==    by 0x4028B17: copy_name (names.c:1088)
==624140==    by 0x4028B17: name_next_elt (names.c:1129)
==624140==    by 0x40298EC: name_next (names.c:1152)
==624140==    by 0x401750F: create_archive (create.c:1410)
==624140==    by 0x400CD90: main (tar.c:2818)
==624140== 
==624140== 208 bytes in 1 blocks are still reachable in loss record 13 of 16
==624140==    at 0x48BD858: malloc (vg_replace_malloc.c:447)
==624140==    by 0x4929C6F: __gconv_lookup_cache (gconv_cache.c:361)
==624140==    by 0x491F8EE: __gconv_find_transform (gconv_db.c:717)
==624140==    by 0x491DDE5: __gconv_open (gconv_open.c:73)
==624140==    by 0x491D9E0: iconv_open (iconv_open.c:39)
==624140==    by 0x403387B: utf8_init (utf8.c:59)
==624140==    by 0x403387B: utf8_convert (utf8.c:73)
==624140==    by 0x401D32E: code_string (xheader.c:1015)
==624140==    by 0x4015238: write_long_name (create.c:663)
==624140==    by 0x4015238: write_header_name (create.c:733)
==624140==    by 0x4015238: start_header (create.c:751)
==624140==    by 0x40167F9: dump_dir0 (create.c:1123)
==624140==    by 0x40167F9: dump_dir (create.c:1320)
==624140==    by 0x40167F9: dump_file0 (create.c:1757)
==624140==    by 0x4017589: dump_file (create.c:1968)
==624140==    by 0x4017589: create_archive (create.c:1412)
==624140==    by 0x400CD90: main (tar.c:2818)
==624140== 
==624140== 256 bytes in 1 blocks are still reachable in loss record 14 of 16
==624140==    at 0x48BD858: malloc (vg_replace_malloc.c:447)
==624140==    by 0x40512CC: xmalloc (xmalloc.c:45)
==624140==    by 0x401D274: xattr_encode_keyword (xheader.c:833)
==624140==    by 0x401D274: xheader_print_n (xheader.c:876)
==624140==    by 0x401D34F: xheader_print (xheader.c:899)
==624140==    by 0x401D34F: code_string (xheader.c:1020)
==624140==    by 0x4015238: write_long_name (create.c:663)
==624140==    by 0x4015238: write_header_name (create.c:733)
==624140==    by 0x4015238: start_header (create.c:751)
==624140==    by 0x40167F9: dump_dir0 (create.c:1123)
==624140==    by 0x40167F9: dump_dir (create.c:1320)
==624140==    by 0x40167F9: dump_file0 (create.c:1757)
==624140==    by 0x4017589: dump_file (create.c:1968)
==624140==    by 0x4017589: create_archive (create.c:1412)
==624140==    by 0x400CD90: main (tar.c:2818)
==624140== 
==624140== 4,064 bytes in 1 blocks are still reachable in loss record 15 of 16
==624140==    at 0x48BD858: malloc (vg_replace_malloc.c:447)
==624140==    by 0x40512CC: xmalloc (xmalloc.c:45)
==624140==    by 0x404A07D: call_chunkfun (obstack.c:88)
==624140==    by 0x404A07D: _obstack_begin_worker.isra.0 (obstack.c:135)
==624140==    by 0x404A0A8: _obstack_begin (obstack.c:157)
==624140==    by 0x4032C57: _transform_name_to_obstack (transform.c:592)
==624140==    by 0x4032C57: transform_name_fp (transform.c:614)
==624140==    by 0x4016444: dump_file0 (create.c:1657)
==624140==    by 0x4017589: dump_file (create.c:1968)
==624140==    by 0x4017589: create_archive (create.c:1412)
==624140==    by 0x400CD90: main (tar.c:2818)
==624140== 
==624140== 32,640 bytes in 1 blocks are still reachable in loss record 16 of 16
==624140==    at 0x48BD858: malloc (vg_replace_malloc.c:447)
==624140==    by 0x491DECE: __gconv_open (gconv_open.c:127)
==624140==    by 0x491D9E0: iconv_open (iconv_open.c:39)
==624140==    by 0x403387B: utf8_init (utf8.c:59)
==624140==    by 0x403387B: utf8_convert (utf8.c:73)
==624140==    by 0x401D32E: code_string (xheader.c:1015)
==624140==    by 0x4015238: write_long_name (create.c:663)
==624140==    by 0x4015238: write_header_name (create.c:733)
==624140==    by 0x4015238: start_header (create.c:751)
==624140==    by 0x40167F9: dump_dir0 (create.c:1123)
==624140==    by 0x40167F9: dump_dir (create.c:1320)
==624140==    by 0x40167F9: dump_file0 (create.c:1757)
==624140==    by 0x4017589: dump_file (create.c:1968)
==624140==    by 0x4017589: create_archive (create.c:1412)
==624140==    by 0x400CD90: main (tar.c:2818)
==624140== 
==624140== LEAK SUMMARY:
==624140==    definitely lost: 135 bytes in 5 blocks
==624140==    indirectly lost: 13 bytes in 4 blocks
==624140==      possibly lost: 0 bytes in 0 blocks
==624140==    still reachable: 37,554 bytes in 11 blocks
==624140==         suppressed: 0 bytes in 0 blocks
==624140== 
==624140== For lists of detected and suppressed errors, rerun with: -s
==624140== ERROR SUMMARY: 3 errors from 3 contexts (suppressed: 0 from 0)
