==746835== Memcheck, a memory error detector
==746835== Copyright (C) 2002-2024, and GNU GPL'd, by Julian Seward et al.
==746835== Using Valgrind-3.26.0 and LibVEX; rerun with -h for copyright info
==746835== Command: /tmp/rboxc-gawk-original-7lkg9yry/deps/sort
==746835== Parent PID: 746821
==746835== 
==746835== 
==746835== FILE DESCRIPTORS: 0 open (0 inherited) at exit.
==746835== 
==746835== HEAP SUMMARY:
==746835==     in use at exit: 128 bytes in 1 blocks
==746835==   total heap usage: 25 allocs, 24 frees, 16,935,129 bytes allocated
==746835== 
==746835== 128 bytes in 1 blocks are still reachable in loss record 1 of 1
==746835==    at 0x4BF907F: realloc (vg_replace_malloc.c:1804)
==746835==    by 0x411C0A6: rpl_realloc (stdlib.h:2059)
==746835==    by 0x411C0A6: xrealloc (xmalloc.c:70)
==746835==    by 0x411C0A6: xpalloc (xmalloc.c:269)
==746835==    by 0x40A7BB6: add_temp_dir (sort.c:1347)
==746835==    by 0x40AE3A4: single_binary_main_sort (sort.c:4921)
==746835==    by 0x401A532: launch_program (coreutils.c:126)
==746835==    by 0x4018E7A: main (coreutils.c:143)
==746835== 
==746835== LEAK SUMMARY:
==746835==    definitely lost: 0 bytes in 0 blocks
==746835==    indirectly lost: 0 bytes in 0 blocks
==746835==      possibly lost: 0 bytes in 0 blocks
==746835==    still reachable: 128 bytes in 1 blocks
==746835==         suppressed: 0 bytes in 0 blocks
==746835== 
==746835== For lists of detected and suppressed errors, rerun with: -s
==746835== ERROR SUMMARY: 0 errors from 0 contexts (suppressed: 0 from 0)
