==686266== Memcheck, a memory error detector
==686266== Copyright (C) 2002-2024, and GNU GPL'd, by Julian Seward et al.
==686266== Using Valgrind-3.26.0 and LibVEX; rerun with -h for copyright info
==686266== Command: tar -xvf test.tar
==686266== Parent PID: 686261
==686266== 
==686266== 
==686266== FILE DESCRIPTORS: 1 open (1 inherited) at exit.
==686266== 
==686266== HEAP SUMMARY:
==686266==     in use at exit: 4,262 bytes in 4 blocks
==686266==   total heap usage: 34 allocs, 30 frees, 39,394 bytes allocated
==686266== 
==686266== 16 bytes in 1 blocks are still reachable in loss record 1 of 4
==686266==    at 0x5875E43: calloc (vg_replace_malloc.c:1678)
==686266==    by 0x469E5C1: rboxc_tar_xzalloc (in /root/rboxc/target/tar-child-prefix-candidate/release/rboxc)
==686266==    by 0x440DEB5: single_binary_main_tar (in /root/rboxc/target/tar-child-prefix-candidate/release/rboxc)
==686266==    by 0x5A18600: (below main) (libc_start_call_main.h:59)
==686266== 
==686266== 80 bytes in 1 blocks are still reachable in loss record 2 of 4
==686266==    at 0x586E858: malloc (vg_replace_malloc.c:447)
==686266==    by 0x469E19C: rboxc_tar_xmalloc (in /root/rboxc/target/tar-child-prefix-candidate/release/rboxc)
==686266==    by 0x440DDC0: single_binary_main_tar (in /root/rboxc/target/tar-child-prefix-candidate/release/rboxc)
==686266==    by 0x5A18600: (below main) (libc_start_call_main.h:59)
==686266== 
==686266== 102 bytes in 1 blocks are still reachable in loss record 3 of 4
==686266==    at 0x586E858: malloc (vg_replace_malloc.c:447)
==686266==    by 0x469E19C: rboxc_tar_xmalloc (in /root/rboxc/target/tar-child-prefix-candidate/release/rboxc)
==686266==    by 0x4673561: rboxc_tar_name_init (in /root/rboxc/target/tar-child-prefix-candidate/release/rboxc)
==686266==    by 0x440EE3A: single_binary_main_tar (in /root/rboxc/target/tar-child-prefix-candidate/release/rboxc)
==686266==    by 0x5A18600: (below main) (libc_start_call_main.h:59)
==686266== 
==686266== 4,064 bytes in 1 blocks are still reachable in loss record 4 of 4
==686266==    at 0x586E858: malloc (vg_replace_malloc.c:447)
==686266==    by 0x469E19C: rboxc_tar_xmalloc (in /root/rboxc/target/tar-child-prefix-candidate/release/rboxc)
==686266==    by 0x46960BD: _obstack_begin_worker.isra.0 (in /root/rboxc/target/tar-child-prefix-candidate/release/rboxc)
==686266==    by 0x46960E8: rboxc_tar__obstack_begin (in /root/rboxc/target/tar-child-prefix-candidate/release/rboxc)
==686266==    by 0x4679D97: rboxc_tar_transform_name_fp (in /root/rboxc/target/tar-child-prefix-candidate/release/rboxc)
==686266==    by 0x466D170: transform_stat_info.part.0 (in /root/rboxc/target/tar-child-prefix-candidate/release/rboxc)
==686266==    by 0x466F350: rboxc_tar_read_and (in /root/rboxc/target/tar-child-prefix-candidate/release/rboxc)
==686266==    by 0x440F000: single_binary_main_tar (in /root/rboxc/target/tar-child-prefix-candidate/release/rboxc)
==686266==    by 0x5A18600: (below main) (libc_start_call_main.h:59)
==686266== 
==686266== LEAK SUMMARY:
==686266==    definitely lost: 0 bytes in 0 blocks
==686266==    indirectly lost: 0 bytes in 0 blocks
==686266==      possibly lost: 0 bytes in 0 blocks
==686266==    still reachable: 4,262 bytes in 4 blocks
==686266==         suppressed: 0 bytes in 0 blocks
==686266== 
==686266== For lists of detected and suppressed errors, rerun with: -s
==686266== ERROR SUMMARY: 0 errors from 0 contexts (suppressed: 0 from 0)
