==703174== Memcheck, a memory error detector
==703174== Copyright (C) 2002-2024, and GNU GPL'd, by Julian Seward et al.
==703174== Using Valgrind-3.26.0 and LibVEX; rerun with -h for copyright info
==703174== Command: tar --version
==703174== Parent PID: 703089
==703174== 
==703174== 
==703174== FILE DESCRIPTORS: 4 open (4 inherited) at exit.
==703174== 
==703174== HEAP SUMMARY:
==703174==     in use at exit: 7,767 bytes in 3 blocks
==703174==   total heap usage: 15 allocs, 12 frees, 12,021 bytes allocated
==703174== 
==703174== 16 bytes in 1 blocks are still reachable in loss record 1 of 3
==703174==    at 0x48C4E43: calloc (vg_replace_malloc.c:1678)
==703174==    by 0x40516F1: xcalloc (xmalloc.c:298)
==703174==    by 0x40516F1: xzalloc (xmalloc.c:283)
==703174==    by 0x400BEF9: decode_options (tar.c:2297)
==703174==    by 0x400BEF9: main (tar.c:2792)
==703174== 
==703174== 80 bytes in 1 blocks are still reachable in loss record 2 of 3
==703174==    at 0x48BD858: malloc (vg_replace_malloc.c:447)
==703174==    by 0x40512CC: xmalloc (xmalloc.c:45)
==703174==    by 0x400BE43: main (tar.c:2781)
==703174== 
==703174== 7,671 bytes in 1 blocks are still reachable in loss record 3 of 3
==703174==    at 0x48BD858: malloc (vg_replace_malloc.c:447)
==703174==    by 0x4041854: parser_init (argp-parse.c:495)
==703174==    by 0x4041854: argp_parse (argp-parse.c:921)
==703174==    by 0x400C045: decode_options (tar.c:2380)
==703174==    by 0x400C045: main (tar.c:2792)
==703174== 
==703174== LEAK SUMMARY:
==703174==    definitely lost: 0 bytes in 0 blocks
==703174==    indirectly lost: 0 bytes in 0 blocks
==703174==      possibly lost: 0 bytes in 0 blocks
==703174==    still reachable: 7,767 bytes in 3 blocks
==703174==         suppressed: 0 bytes in 0 blocks
==703174== 
==703174== For lists of detected and suppressed errors, rerun with: -s
==703174== ERROR SUMMARY: 0 errors from 0 contexts (suppressed: 0 from 0)
