==703844== Memcheck, a memory error detector
==703844== Copyright (C) 2002-2024, and GNU GPL'd, by Julian Seward et al.
==703844== Using Valgrind-3.26.0 and LibVEX; rerun with -h for copyright info
==703844== Command: tar xf k.tar.lz
==703844== Parent PID: 703199
==703844== 
==703844== 
==703844== FILE DESCRIPTORS: 1 open (1 inherited) at exit.
==703844== 
==703844== HEAP SUMMARY:
==703844==     in use at exit: 4,318 bytes in 9 blocks
==703844==   total heap usage: 49 allocs, 40 frees, 47,468 bytes allocated
==703844== 
==703844== 5 bytes in 1 blocks are still reachable in loss record 1 of 8
==703844==    at 0x48BD858: malloc (vg_replace_malloc.c:447)
==703844==    by 0x405185D: xmalloc (xmalloc.c:45)
==703844==    by 0x405185D: xmemdup (xmalloc.c:314)
==703844==    by 0x405185D: xstrdup (xmalloc.c:339)
==703844==    by 0x402644F: assign_string (misc.c:58)
==703844==    by 0x402973C: uname_to_uid (names.c:550)
==703844==    by 0x402457F: decode_header (list.c:694)
==703844==    by 0x4025616: read_and (list.c:194)
==703844==    by 0x400CD61: main (tar.c:2823)
==703844== 
==703844== 5 bytes in 1 blocks are still reachable in loss record 2 of 8
==703844==    at 0x48BD858: malloc (vg_replace_malloc.c:447)
==703844==    by 0x405185D: xmalloc (xmalloc.c:45)
==703844==    by 0x405185D: xmemdup (xmalloc.c:314)
==703844==    by 0x405185D: xstrdup (xmalloc.c:339)
==703844==    by 0x402644F: assign_string (misc.c:58)
==703844==    by 0x40297DC: gname_to_gid (names.c:580)
==703844==    by 0x402455F: decode_header (list.c:699)
==703844==    by 0x4025616: read_and (list.c:194)
==703844==    by 0x400CD61: main (tar.c:2823)
==703844== 
==703844== 6 bytes in 2 blocks are indirectly lost in loss record 3 of 8
==703844==    at 0x48BD858: malloc (vg_replace_malloc.c:447)
==703844==    by 0x405185D: xmalloc (xmalloc.c:45)
==703844==    by 0x405185D: xmemdup (xmalloc.c:314)
==703844==    by 0x405185D: xstrdup (xmalloc.c:339)
==703844==    by 0x400C4F1: decode_options (tar.c:2353)
==703844==    by 0x400C4F1: main (tar.c:2792)
==703844== 
==703844== 16 bytes in 1 blocks are still reachable in loss record 4 of 8
==703844==    at 0x48C4E43: calloc (vg_replace_malloc.c:1678)
==703844==    by 0x40516F1: xcalloc (xmalloc.c:298)
==703844==    by 0x40516F1: xzalloc (xmalloc.c:283)
==703844==    by 0x400BEF9: decode_options (tar.c:2297)
==703844==    by 0x400BEF9: main (tar.c:2792)
==703844== 
==703844== 46 (40 direct, 6 indirect) bytes in 1 blocks are definitely lost in loss record 5 of 8
==703844==    at 0x48BD858: malloc (vg_replace_malloc.c:447)
==703844==    by 0x40512CC: xmalloc (xmalloc.c:45)
==703844==    by 0x400C46E: decode_options (tar.c:2340)
==703844==    by 0x400C46E: main (tar.c:2792)
==703844== 
==703844== 80 bytes in 1 blocks are still reachable in loss record 6 of 8
==703844==    at 0x48BD858: malloc (vg_replace_malloc.c:447)
==703844==    by 0x40512CC: xmalloc (xmalloc.c:45)
==703844==    by 0x400BE43: main (tar.c:2781)
==703844== 
==703844== 102 bytes in 1 blocks are still reachable in loss record 7 of 8
==703844==    at 0x48BD858: malloc (vg_replace_malloc.c:447)
==703844==    by 0x40512CC: xmalloc (xmalloc.c:45)
==703844==    by 0x4029881: name_init (names.c:869)
==703844==    by 0x400C94C: main (tar.c:2794)
==703844== 
==703844== 4,064 bytes in 1 blocks are still reachable in loss record 8 of 8
==703844==    at 0x48BD858: malloc (vg_replace_malloc.c:447)
==703844==    by 0x40512CC: xmalloc (xmalloc.c:45)
==703844==    by 0x404A07D: call_chunkfun (obstack.c:88)
==703844==    by 0x404A07D: _obstack_begin_worker.isra.0 (obstack.c:135)
==703844==    by 0x404A0A8: _obstack_begin (obstack.c:157)
==703844==    by 0x4032C57: _transform_name_to_obstack (transform.c:592)
==703844==    by 0x4032C57: transform_name_fp (transform.c:614)
==703844==    by 0x4023670: transform_member_name (list.c:114)
==703844==    by 0x4023670: transform_stat_info.part.0 (list.c:150)
==703844==    by 0x4025850: transform_stat_info (list.c:227)
==703844==    by 0x4025850: read_and (list.c:227)
==703844==    by 0x400CD61: main (tar.c:2823)
==703844== 
==703844== LEAK SUMMARY:
==703844==    definitely lost: 40 bytes in 1 blocks
==703844==    indirectly lost: 6 bytes in 2 blocks
==703844==      possibly lost: 0 bytes in 0 blocks
==703844==    still reachable: 4,272 bytes in 6 blocks
==703844==         suppressed: 0 bytes in 0 blocks
==703844== 
==703844== For lists of detected and suppressed errors, rerun with: -s
==703844== ERROR SUMMARY: 1 errors from 1 contexts (suppressed: 0 from 0)
