/opt/src/tar-1.35/src/tar.c:846:1: warning: '_Static_assert' with no message is a C23 extension [-Wc23-extensions]
  846 | ARGMATCH_VERIFY (atime_preserve_args, atime_preserve_types);
      | ^
/opt/src/tar-1.35/gnu/argmatch.h:49:54: note: expanded from macro 'ARGMATCH_VERIFY'
   49 |                    == ARRAY_CARDINALITY (Vallist) + 1)
      |                                                      ^
/opt/src/tar-1.35/src/tar.c:1213:13: warning: initializing 'char *' with an expression of type 'const void *' discards qualifiers [-Wincompatible-pointer-types-discards-qualifiers]
 1213 |       char *p = memchr (arg, '=', seglen);
      |             ^   ~~~~~~~~~~~~~~~~~~~~~~~~~
/opt/src/tar-1.35/src/tar.c:1327:1: warning: '_Static_assert' with no message is a C23 extension [-Wc23-extensions]
 1327 | ARGMATCH_VERIFY (sort_mode_arg, sort_mode_flag);
      | ^
/opt/src/tar-1.35/gnu/argmatch.h:49:54: note: expanded from macro 'ARGMATCH_VERIFY'
   49 |                    == ARRAY_CARDINALITY (Vallist) + 1)
      |                                                      ^
/opt/src/tar-1.35/src/tar.c:1339:1: warning: '_Static_assert' with no message is a C23 extension [-Wc23-extensions]
 1339 | ARGMATCH_VERIFY (hole_detection_args, hole_detection_types);
      | ^
/opt/src/tar-1.35/gnu/argmatch.h:49:54: note: expanded from macro 'ARGMATCH_VERIFY'
   49 |                    == ARRAY_CARDINALITY (Vallist) + 1)
      |                                                      ^
4 warnings generated.
Transpiling tar.c
