==648986== Memcheck, a memory error detector
==648986== Copyright (C) 2002-2024, and GNU GPL'd, by Julian Seward et al.
==648986== Using Valgrind-3.26.0 and LibVEX; rerun with -h for copyright info
==648986== Command: /tmp/rboxc-tar-behavior-tpevsu76/exec/tar --not-an-option
==648986== Parent PID: 635373
==648986== 
==648986== 
==648986== FILE DESCRIPTORS: 2 open (2 inherited) at exit.
==648986== 
==648986== HEAP SUMMARY:
==648986==     in use at exit: 7,767 bytes in 3 blocks
==648986==   total heap usage: 14 allocs, 11 frees, 8,176 bytes allocated
==648986== 
==648986== 16 bytes in 1 blocks are still reachable in loss record 1 of 3
==648986==    at 0x5875E43: calloc (vg_replace_malloc.c:1678)
==648986==    by 0x469E501: rboxc_tar_xzalloc (in /root/rboxc/target/tar-map-probe-candidate/release/rboxc)
==648986==    by 0x4477AF5: single_binary_main_tar (in /root/rboxc/target/tar-map-probe-candidate/release/rboxc)
==648986==    by 0x5A18600: (below main) (libc_start_call_main.h:59)
==648986== 
==648986== 80 bytes in 1 blocks are still reachable in loss record 2 of 3
==648986==    at 0x586E858: malloc (vg_replace_malloc.c:447)
==648986==    by 0x469E0DC: rboxc_tar_xmalloc (in /root/rboxc/target/tar-map-probe-candidate/release/rboxc)
==648986==    by 0x4477A00: single_binary_main_tar (in /root/rboxc/target/tar-map-probe-candidate/release/rboxc)
==648986==    by 0x5A18600: (below main) (libc_start_call_main.h:59)
==648986== 
==648986== 7,671 bytes in 1 blocks are still reachable in loss record 3 of 3
==648986==    at 0x586E858: malloc (vg_replace_malloc.c:447)
==648986==    by 0x468C754: rboxc_tar_argp_parse (in /root/rboxc/target/tar-map-probe-candidate/release/rboxc)
==648986==    by 0x4478025: single_binary_main_tar (in /root/rboxc/target/tar-map-probe-candidate/release/rboxc)
==648986==    by 0x5A18600: (below main) (libc_start_call_main.h:59)
==648986== 
==648986== LEAK SUMMARY:
==648986==    definitely lost: 0 bytes in 0 blocks
==648986==    indirectly lost: 0 bytes in 0 blocks
==648986==      possibly lost: 0 bytes in 0 blocks
==648986==    still reachable: 7,767 bytes in 3 blocks
==648986==         suppressed: 0 bytes in 0 blocks
==648986== 
==648986== For lists of detected and suppressed errors, rerun with: -s
==648986== ERROR SUMMARY: 0 errors from 0 contexts (suppressed: 0 from 0)
