==724208== Memcheck, a memory error detector
==724208== Copyright (C) 2002-2024, and GNU GPL'd, by Julian Seward et al.
==724208== Using Valgrind-3.26.0 and LibVEX; rerun with -h for copyright info
==724208== Command: /tmp/rboxc-gawk-original-bohngkkr/deps/cat -
==724208== Parent PID: 724205
==724208== 
==724208== 
==724208== FILE DESCRIPTORS: 2 open (0 inherited) at exit.
==724208== Open file descriptor 4:
==724208==    at 0x537EB8D: pipe (pipe.c:29)
==724208==    by 0x411A6E1: pipe_safer (pipe-safer.c:33)
==724208==    by 0x403683B: splice_cat (cat.c:578)
==724208==    by 0x4037923: single_binary_main_cat (cat.c:899)
==724208==    by 0x401A532: launch_program (coreutils.c:126)
==724208==    by 0x4018E7A: main (coreutils.c:143)
==724208== 
==724208== Open file descriptor 3:
==724208==    at 0x537EB8D: pipe (pipe.c:29)
==724208==    by 0x411A6E1: pipe_safer (pipe-safer.c:33)
==724208==    by 0x403683B: splice_cat (cat.c:578)
==724208==    by 0x4037923: single_binary_main_cat (cat.c:899)
==724208==    by 0x401A532: launch_program (coreutils.c:126)
==724208==    by 0x4018E7A: main (coreutils.c:143)
==724208== 
==724208== 
==724208== HEAP SUMMARY:
==724208==     in use at exit: 0 bytes in 0 blocks
==724208==   total heap usage: 3 allocs, 3 frees, 82 bytes allocated
==724208== 
==724208== All heap blocks were freed -- no leaks are possible
==724208== 
==724208== For lists of detected and suppressed errors, rerun with: -s
==724208== ERROR SUMMARY: 2 errors from 2 contexts (suppressed: 0 from 0)
