==748681== Memcheck, a memory error detector
==748681== Copyright (C) 2002-2024, and GNU GPL'd, by Julian Seward et al.
==748681== Using Valgrind-3.26.0 and LibVEX; rerun with -h for copyright info
==748681== Command: /tmp/rboxc-gawk-original-fwitfc5i/deps/sort
==748681== Parent PID: 748680
==748681== 
==748681== 
==748681== FILE DESCRIPTORS: 0 open (0 inherited) at exit.
==748681== 
==748681== HEAP SUMMARY:
==748681==     in use at exit: 128 bytes in 1 blocks
==748681==   total heap usage: 25 allocs, 24 frees, 16,935,129 bytes allocated
==748681== 
==748681== 128 bytes in 1 blocks are still reachable in loss record 1 of 1
==748681==    at 0x4BF907F: realloc (vg_replace_malloc.c:1804)
==748681==    by 0x411C0A6: rpl_realloc (stdlib.h:2059)
==748681==    by 0x411C0A6: xrealloc (xmalloc.c:70)
==748681==    by 0x411C0A6: xpalloc (xmalloc.c:269)
==748681==    by 0x40A7BB6: add_temp_dir (sort.c:1347)
==748681==    by 0x40AE3A4: single_binary_main_sort (sort.c:4921)
==748681==    by 0x401A532: launch_program (coreutils.c:126)
==748681==    by 0x4018E7A: main (coreutils.c:143)
==748681== 
==748681== LEAK SUMMARY:
==748681==    definitely lost: 0 bytes in 0 blocks
==748681==    indirectly lost: 0 bytes in 0 blocks
==748681==      possibly lost: 0 bytes in 0 blocks
==748681==    still reachable: 128 bytes in 1 blocks
==748681==         suppressed: 0 bytes in 0 blocks
==748681== 
==748681== For lists of detected and suppressed errors, rerun with: -s
==748681== ERROR SUMMARY: 0 errors from 0 contexts (suppressed: 0 from 0)
