==748686== Memcheck, a memory error detector
==748686== Copyright (C) 2002-2024, and GNU GPL'd, by Julian Seward et al.
==748686== Using Valgrind-3.26.0 and LibVEX; rerun with -h for copyright info
==748686== Command: /tmp/rboxc-gawk-original-fwitfc5i/deps/sort
==748686== Parent PID: 748685
==748686== 
==748686== 
==748686== FILE DESCRIPTORS: 0 open (0 inherited) at exit.
==748686== 
==748686== HEAP SUMMARY:
==748686==     in use at exit: 128 bytes in 1 blocks
==748686==   total heap usage: 25 allocs, 24 frees, 16,935,129 bytes allocated
==748686== 
==748686== 128 bytes in 1 blocks are still reachable in loss record 1 of 1
==748686==    at 0x4BF907F: realloc (vg_replace_malloc.c:1804)
==748686==    by 0x411C0A6: rpl_realloc (stdlib.h:2059)
==748686==    by 0x411C0A6: xrealloc (xmalloc.c:70)
==748686==    by 0x411C0A6: xpalloc (xmalloc.c:269)
==748686==    by 0x40A7BB6: add_temp_dir (sort.c:1347)
==748686==    by 0x40AE3A4: single_binary_main_sort (sort.c:4921)
==748686==    by 0x401A532: launch_program (coreutils.c:126)
==748686==    by 0x4018E7A: main (coreutils.c:143)
==748686== 
==748686== LEAK SUMMARY:
==748686==    definitely lost: 0 bytes in 0 blocks
==748686==    indirectly lost: 0 bytes in 0 blocks
==748686==      possibly lost: 0 bytes in 0 blocks
==748686==    still reachable: 128 bytes in 1 blocks
==748686==         suppressed: 0 bytes in 0 blocks
==748686== 
==748686== For lists of detected and suppressed errors, rerun with: -s
==748686== ERROR SUMMARY: 0 errors from 0 contexts (suppressed: 0 from 0)
