==647320== Memcheck, a memory error detector
==647320== Copyright (C) 2002-2024, and GNU GPL'd, by Julian Seward et al.
==647320== Using Valgrind-3.26.0 and LibVEX; rerun with -h for copyright info
==647320== Command: tar --xattrs -cf /dev/null fif5ztaq
==647320== Parent PID: 647319
==647320== 
==647320== 
==647320== FILE DESCRIPTORS: 1 open (1 inherited) at exit.
==647320== 
==647320== HEAP SUMMARY:
==647320==     in use at exit: 6,691 bytes in 16 blocks
==647320==   total heap usage: 66 allocs, 50 frees, 62,994 bytes allocated
==647320== 
==647320== 5 bytes in 1 blocks are still reachable in loss record 1 of 13
==647320==    at 0x48BD858: malloc (vg_replace_malloc.c:447)
==647320==    by 0x405185D: xmalloc (xmalloc.c:45)
==647320==    by 0x405185D: xmemdup (xmalloc.c:314)
==647320==    by 0x405185D: xstrdup (xmalloc.c:339)
==647320==    by 0x402644F: assign_string (misc.c:58)
==647320==    by 0x4029612: uid_to_uname (names.c:490)
==647320==    by 0x40155F3: start_header (create.c:931)
==647320==    by 0x4015798: dump_regular_file (create.c:1050)
==647320==    by 0x40165E2: dump_file0 (create.c:1773)
==647320==    by 0x4017589: dump_file (create.c:1968)
==647320==    by 0x4017589: create_archive (create.c:1412)
==647320==    by 0x400CD90: main (tar.c:2818)
==647320== 
==647320== 5 bytes in 1 blocks are still reachable in loss record 2 of 13
==647320==    at 0x48BD858: malloc (vg_replace_malloc.c:447)
==647320==    by 0x405185D: xmalloc (xmalloc.c:45)
==647320==    by 0x405185D: xmemdup (xmalloc.c:314)
==647320==    by 0x405185D: xstrdup (xmalloc.c:339)
==647320==    by 0x402644F: assign_string (misc.c:58)
==647320==    by 0x40296A2: gid_to_gname (names.c:520)
==647320==    by 0x40155DB: start_header (create.c:936)
==647320==    by 0x4015798: dump_regular_file (create.c:1050)
==647320==    by 0x40165E2: dump_file0 (create.c:1773)
==647320==    by 0x4017589: dump_file (create.c:1968)
==647320==    by 0x4017589: create_archive (create.c:1412)
==647320==    by 0x400CD90: main (tar.c:2818)
==647320== 
==647320== 9 bytes in 2 blocks are indirectly lost in loss record 3 of 13
==647320==    at 0x48BD858: malloc (vg_replace_malloc.c:447)
==647320==    by 0x40387DD: wsnode_quoteremoval (wordsplit.c:651)
==647320==    by 0x4039CFD: wordsplit_process_list (wordsplit.c:2390)
==647320==    by 0x403A562: wordsplit_run.constprop.0 (wordsplit.c:2434)
==647320==    by 0x400BFFA: parse_default_options (tar.c:2256)
==647320==    by 0x400BFFA: decode_options (tar.c:2378)
==647320==    by 0x400BFFA: main (tar.c:2792)
==647320== 
==647320== 9 bytes in 2 blocks are definitely lost in loss record 4 of 13
==647320==    at 0x48BD858: malloc (vg_replace_malloc.c:447)
==647320==    by 0x403A1FB: wordsplit_finish (wordsplit.c:836)
==647320==    by 0x400BFFA: parse_default_options (tar.c:2256)
==647320==    by 0x400BFFA: decode_options (tar.c:2378)
==647320==    by 0x400BFFA: main (tar.c:2792)
==647320== 
==647320== 16 bytes in 1 blocks are still reachable in loss record 5 of 13
==647320==    at 0x48C4E43: calloc (vg_replace_malloc.c:1678)
==647320==    by 0x40516F1: xcalloc (xmalloc.c:298)
==647320==    by 0x40516F1: xzalloc (xmalloc.c:283)
==647320==    by 0x400BEF9: decode_options (tar.c:2297)
==647320==    by 0x400BEF9: main (tar.c:2792)
==647320== 
==647320== 17 bytes in 1 blocks are still reachable in loss record 6 of 13
==647320==    at 0x48BD858: malloc (vg_replace_malloc.c:447)
==647320==    by 0x405185D: xmalloc (xmalloc.c:45)
==647320==    by 0x405185D: xmemdup (xmalloc.c:314)
==647320==    by 0x405185D: xstrdup (xmalloc.c:339)
==647320==    by 0x402644F: assign_string (misc.c:58)
==647320==    by 0x401E7A6: xheader_xhdr_name (xheader.c:393)
==647320==    by 0x4014297: write_extended.part.0 (create.c:713)
==647320==    by 0x4014896: write_extended (create.c:699)
==647320==    by 0x4014896: finish_header (create.c:1024)
==647320==    by 0x40157AF: dump_regular_file (create.c:1058)
==647320==    by 0x40165E2: dump_file0 (create.c:1773)
==647320==    by 0x4017589: dump_file (create.c:1968)
==647320==    by 0x4017589: create_archive (create.c:1412)
==647320==    by 0x400CD90: main (tar.c:2818)
==647320== 
==647320== 80 bytes in 1 blocks are still reachable in loss record 7 of 13
==647320==    at 0x48BD858: malloc (vg_replace_malloc.c:447)
==647320==    by 0x40512CC: xmalloc (xmalloc.c:45)
==647320==    by 0x400BE43: main (tar.c:2781)
==647320== 
==647320== 89 (80 direct, 9 indirect) bytes in 2 blocks are definitely lost in loss record 8 of 13
==647320==    at 0x48C4E43: calloc (vg_replace_malloc.c:1678)
==647320==    by 0x403959D: wsnode_new (wordsplit.c:422)
==647320==    by 0x403959D: wordsplit_add_segm (wordsplit.c:523)
==647320==    by 0x4039854: scan_word (wordsplit.c:2062)
==647320==    by 0x4039C7C: wordsplit_process_list (wordsplit.c:2358)
==647320==    by 0x403A562: wordsplit_run.constprop.0 (wordsplit.c:2434)
==647320==    by 0x400BFFA: parse_default_options (tar.c:2256)
==647320==    by 0x400BFFA: decode_options (tar.c:2378)
==647320==    by 0x400BFFA: main (tar.c:2792)
==647320== 
==647320== 102 bytes in 1 blocks are still reachable in loss record 9 of 13
==647320==    at 0x48BD858: malloc (vg_replace_malloc.c:447)
==647320==    by 0x40512CC: xmalloc (xmalloc.c:45)
==647320==    by 0x4029881: name_init (names.c:869)
==647320==    by 0x400C94C: main (tar.c:2794)
==647320== 
==647320== 256 bytes in 1 blocks are still reachable in loss record 10 of 13
==647320==    at 0x48BD858: malloc (vg_replace_malloc.c:447)
==647320==    by 0x40512CC: xmalloc (xmalloc.c:45)
==647320==    by 0x401D274: xattr_encode_keyword (xheader.c:833)
==647320==    by 0x401D274: xheader_print_n (xheader.c:876)
==647320==    by 0x401D4FB: xheader_print (xheader.c:899)
==647320==    by 0x401D4FB: code_time (xheader.c:1043)
==647320==    by 0x401D4FB: mtime_coder (xheader.c:1232)
==647320==    by 0x401527F: start_header (create.c:852)
==647320==    by 0x4015798: dump_regular_file (create.c:1050)
==647320==    by 0x40165E2: dump_file0 (create.c:1773)
==647320==    by 0x4017589: dump_file (create.c:1968)
==647320==    by 0x4017589: create_archive (create.c:1412)
==647320==    by 0x400CD90: main (tar.c:2818)
==647320== 
==647320== 1,024 bytes in 1 blocks are still reachable in loss record 11 of 13
==647320==    at 0x48C53C0: reallocarray (vg_replace_malloc.c:1806)
==647320==    by 0x40515C9: xreallocarray (xmalloc.c:84)
==647320==    by 0x40515C9: x2nrealloc (xmalloc.c:203)
==647320==    by 0x4034EBB: xattrs_xattrs_get (xattrs.c:560)
==647320==    by 0x401657C: dump_file0 (create.c:1742)
==647320==    by 0x4017589: dump_file (create.c:1968)
==647320==    by 0x4017589: create_archive (create.c:1412)
==647320==    by 0x400CD90: main (tar.c:2818)
==647320== 
==647320== 1,024 bytes in 1 blocks are still reachable in loss record 12 of 13
==647320==    at 0x48C53C0: reallocarray (vg_replace_malloc.c:1806)
==647320==    by 0x40515C9: xreallocarray (xmalloc.c:84)
==647320==    by 0x40515C9: x2nrealloc (xmalloc.c:203)
==647320==    by 0x40350AB: xattrs_xattrs_get (xattrs.c:580)
==647320==    by 0x401657C: dump_file0 (create.c:1742)
==647320==    by 0x4017589: dump_file (create.c:1968)
==647320==    by 0x4017589: create_archive (create.c:1412)
==647320==    by 0x400CD90: main (tar.c:2818)
==647320== 
==647320== 4,064 bytes in 1 blocks are still reachable in loss record 13 of 13
==647320==    at 0x48BD858: malloc (vg_replace_malloc.c:447)
==647320==    by 0x40512CC: xmalloc (xmalloc.c:45)
==647320==    by 0x404A07D: call_chunkfun (obstack.c:88)
==647320==    by 0x404A07D: _obstack_begin_worker.isra.0 (obstack.c:135)
==647320==    by 0x404A0A8: _obstack_begin (obstack.c:157)
==647320==    by 0x4032C57: _transform_name_to_obstack (transform.c:592)
==647320==    by 0x4032C57: transform_name_fp (transform.c:614)
==647320==    by 0x4016444: dump_file0 (create.c:1657)
==647320==    by 0x4017589: dump_file (create.c:1968)
==647320==    by 0x4017589: create_archive (create.c:1412)
==647320==    by 0x400CD90: main (tar.c:2818)
==647320== 
==647320== LEAK SUMMARY:
==647320==    definitely lost: 89 bytes in 4 blocks
==647320==    indirectly lost: 9 bytes in 2 blocks
==647320==      possibly lost: 0 bytes in 0 blocks
==647320==    still reachable: 6,593 bytes in 10 blocks
==647320==         suppressed: 0 bytes in 0 blocks
==647320== 
==647320== For lists of detected and suppressed errors, rerun with: -s
==647320== ERROR SUMMARY: 2 errors from 2 contexts (suppressed: 0 from 0)
