==659570== Memcheck, a memory error detector
==659570== Copyright (C) 2002-2024, and GNU GPL'd, by Julian Seward et al.
==659570== Using Valgrind-3.26.0 and LibVEX; rerun with -h for copyright info
==659570== Command: tar -cf test.tar --acls -Hgnu file
==659570== Parent PID: 659568
==659570== 
==659570== 
==659570== FILE DESCRIPTORS: 1 open (1 inherited) at exit.
==659570== 
==659570== HEAP SUMMARY:
==659570==     in use at exit: 208 bytes in 4 blocks
==659570==   total heap usage: 16 allocs, 12 frees, 8,288 bytes allocated
==659570== 
==659570== 16 bytes in 1 blocks are still reachable in loss record 1 of 4
==659570==    at 0x5875E43: calloc (vg_replace_malloc.c:1678)
==659570==    by 0x469E501: rboxc_tar_xzalloc (in /root/rboxc/target/tar-map-probe-candidate/release/rboxc)
==659570==    by 0x4477AF5: single_binary_main_tar (in /root/rboxc/target/tar-map-probe-candidate/release/rboxc)
==659570==    by 0x5A18600: (below main) (libc_start_call_main.h:59)
==659570== 
==659570== 56 bytes in 1 blocks are still reachable in loss record 2 of 4
==659570==    at 0x586E858: malloc (vg_replace_malloc.c:447)
==659570==    by 0x469E0DC: rboxc_tar_xmalloc (in /root/rboxc/target/tar-map-probe-candidate/release/rboxc)
==659570==    by 0x4671E9D: name_elt_alloc (in /root/rboxc/target/tar-map-probe-candidate/release/rboxc)
==659570==    by 0x467344C: rboxc_tar_name_add_name (in /root/rboxc/target/tar-map-probe-candidate/release/rboxc)
==659570==    by 0x446F88F: rboxc::applet_tar::parse_opt (in /root/rboxc/target/tar-map-probe-candidate/release/rboxc)
==659570==    by 0x468CB43: rboxc_tar_argp_parse (in /root/rboxc/target/tar-map-probe-candidate/release/rboxc)
==659570==    by 0x4478025: single_binary_main_tar (in /root/rboxc/target/tar-map-probe-candidate/release/rboxc)
==659570==    by 0x5A18600: (below main) (libc_start_call_main.h:59)
==659570== 
==659570== 56 bytes in 1 blocks are still reachable in loss record 3 of 4
==659570==    at 0x586E858: malloc (vg_replace_malloc.c:447)
==659570==    by 0x469E0DC: rboxc_tar_xmalloc (in /root/rboxc/target/tar-map-probe-candidate/release/rboxc)
==659570==    by 0x4671EEE: name_elt_alloc (in /root/rboxc/target/tar-map-probe-candidate/release/rboxc)
==659570==    by 0x467344C: rboxc_tar_name_add_name (in /root/rboxc/target/tar-map-probe-candidate/release/rboxc)
==659570==    by 0x446F88F: rboxc::applet_tar::parse_opt (in /root/rboxc/target/tar-map-probe-candidate/release/rboxc)
==659570==    by 0x468CB43: rboxc_tar_argp_parse (in /root/rboxc/target/tar-map-probe-candidate/release/rboxc)
==659570==    by 0x4478025: single_binary_main_tar (in /root/rboxc/target/tar-map-probe-candidate/release/rboxc)
==659570==    by 0x5A18600: (below main) (libc_start_call_main.h:59)
==659570== 
==659570== 80 bytes in 1 blocks are still reachable in loss record 4 of 4
==659570==    at 0x586E858: malloc (vg_replace_malloc.c:447)
==659570==    by 0x469E0DC: rboxc_tar_xmalloc (in /root/rboxc/target/tar-map-probe-candidate/release/rboxc)
==659570==    by 0x4477A00: single_binary_main_tar (in /root/rboxc/target/tar-map-probe-candidate/release/rboxc)
==659570==    by 0x5A18600: (below main) (libc_start_call_main.h:59)
==659570== 
==659570== LEAK SUMMARY:
==659570==    definitely lost: 0 bytes in 0 blocks
==659570==    indirectly lost: 0 bytes in 0 blocks
==659570==      possibly lost: 0 bytes in 0 blocks
==659570==    still reachable: 208 bytes in 4 blocks
==659570==         suppressed: 0 bytes in 0 blocks
==659570== 
==659570== For lists of detected and suppressed errors, rerun with: -s
==659570== ERROR SUMMARY: 0 errors from 0 contexts (suppressed: 0 from 0)
