==622579== Memcheck, a memory error detector
==622579== Copyright (C) 2002-2024, and GNU GPL'd, by Julian Seward et al.
==622579== Using Valgrind-3.26.0 and LibVEX; rerun with -h for copyright info
==622579== Command: tar --sparse --sparse-version=0.1 -c --record-size=512 -M -L6 -f arc.1 -f arc.2 -f arc.3 sparsefile
==622579== Parent PID: 622280
==622579== 
==622579== 
==622579== FILE DESCRIPTORS: 0 open (0 inherited) at exit.
==622579== 
==622579== HEAP SUMMARY:
==622579==     in use at exit: 37,552 bytes in 12 blocks
==622579==   total heap usage: 106 allocs, 94 frees, 106,477 bytes allocated
==622579== 
==622579== 5 bytes in 1 blocks are still reachable in loss record 1 of 12
==622579==    at 0x586E858: malloc (vg_replace_malloc.c:447)
==622579==    by 0x469E66D: rboxc_tar_xstrdup (in /root/rboxc/target/screen-owned-candidate/release/rboxc)
==622579==    by 0x466FF4F: rboxc_tar_assign_string (in /root/rboxc/target/screen-owned-candidate/release/rboxc)
==622579==    by 0x4673232: rboxc_tar_uid_to_uname (in /root/rboxc/target/screen-owned-candidate/release/rboxc)
==622579==    by 0x4662453: rboxc_tar_start_header (in /root/rboxc/target/screen-owned-candidate/release/rboxc)
==622579==    by 0x4675D07: pax_dump_header (in /root/rboxc/target/screen-owned-candidate/release/rboxc)
==622579==    by 0x467664F: rboxc_tar_sparse_dump_file (in /root/rboxc/target/screen-owned-candidate/release/rboxc)
==622579==    by 0x4663C83: dump_file0 (in /root/rboxc/target/screen-owned-candidate/release/rboxc)
==622579==    by 0x46643E9: rboxc_tar_create_archive (in /root/rboxc/target/screen-owned-candidate/release/rboxc)
==622579==    by 0x4478AF8: single_binary_main_tar (in /root/rboxc/target/screen-owned-candidate/release/rboxc)
==622579==    by 0x5A18600: (below main) (libc_start_call_main.h:59)
==622579== 
==622579== 5 bytes in 1 blocks are still reachable in loss record 2 of 12
==622579==    at 0x586E858: malloc (vg_replace_malloc.c:447)
==622579==    by 0x469E66D: rboxc_tar_xstrdup (in /root/rboxc/target/screen-owned-candidate/release/rboxc)
==622579==    by 0x466FF4F: rboxc_tar_assign_string (in /root/rboxc/target/screen-owned-candidate/release/rboxc)
==622579==    by 0x46732C2: rboxc_tar_gid_to_gname (in /root/rboxc/target/screen-owned-candidate/release/rboxc)
==622579==    by 0x466243B: rboxc_tar_start_header (in /root/rboxc/target/screen-owned-candidate/release/rboxc)
==622579==    by 0x4675D07: pax_dump_header (in /root/rboxc/target/screen-owned-candidate/release/rboxc)
==622579==    by 0x467664F: rboxc_tar_sparse_dump_file (in /root/rboxc/target/screen-owned-candidate/release/rboxc)
==622579==    by 0x4663C83: dump_file0 (in /root/rboxc/target/screen-owned-candidate/release/rboxc)
==622579==    by 0x46643E9: rboxc_tar_create_archive (in /root/rboxc/target/screen-owned-candidate/release/rboxc)
==622579==    by 0x4478AF8: single_binary_main_tar (in /root/rboxc/target/screen-owned-candidate/release/rboxc)
==622579==    by 0x5A18600: (below main) (libc_start_call_main.h:59)
==622579== 
==622579== 16 bytes in 1 blocks are still reachable in loss record 3 of 12
==622579==    at 0x5875E43: calloc (vg_replace_malloc.c:1678)
==622579==    by 0x469E501: rboxc_tar_xzalloc (in /root/rboxc/target/screen-owned-candidate/release/rboxc)
==622579==    by 0x4477AF5: single_binary_main_tar (in /root/rboxc/target/screen-owned-candidate/release/rboxc)
==622579==    by 0x5A18600: (below main) (libc_start_call_main.h:59)
==622579== 
==622579== 17 bytes in 1 blocks are still reachable in loss record 4 of 12
==622579==    at 0x586E858: malloc (vg_replace_malloc.c:447)
==622579==    by 0x469E66D: rboxc_tar_xstrdup (in /root/rboxc/target/screen-owned-candidate/release/rboxc)
==622579==    by 0x466FF4F: rboxc_tar_assign_string (in /root/rboxc/target/screen-owned-candidate/release/rboxc)
==622579==    by 0x467EFE6: rboxc_tar_xheader_xhdr_name (in /root/rboxc/target/screen-owned-candidate/release/rboxc)
==622579==    by 0x46610F7: write_extended.part.0 (in /root/rboxc/target/screen-owned-candidate/release/rboxc)
==622579==    by 0x46616F6: rboxc_tar_finish_header (in /root/rboxc/target/screen-owned-candidate/release/rboxc)
==622579==    by 0x4675D1D: pax_dump_header (in /root/rboxc/target/screen-owned-candidate/release/rboxc)
==622579==    by 0x467664F: rboxc_tar_sparse_dump_file (in /root/rboxc/target/screen-owned-candidate/release/rboxc)
==622579==    by 0x4663C83: dump_file0 (in /root/rboxc/target/screen-owned-candidate/release/rboxc)
==622579==    by 0x46643E9: rboxc_tar_create_archive (in /root/rboxc/target/screen-owned-candidate/release/rboxc)
==622579==    by 0x4478AF8: single_binary_main_tar (in /root/rboxc/target/screen-owned-candidate/release/rboxc)
==622579==    by 0x5A18600: (below main) (libc_start_call_main.h:59)
==622579== 
==622579== 47 bytes in 1 blocks are still reachable in loss record 5 of 12
==622579==    at 0x586E858: malloc (vg_replace_malloc.c:447)
==622579==    by 0x469E0DC: rboxc_tar_xmalloc (in /root/rboxc/target/screen-owned-candidate/release/rboxc)
==622579==    by 0x467F0A4: rboxc_tar_xheader_ghdr_name (in /root/rboxc/target/screen-owned-candidate/release/rboxc)
==622579==    by 0x4661063: write_extended.part.0 (in /root/rboxc/target/screen-owned-candidate/release/rboxc)
==622579==    by 0x465C90E: gnu_flush_write (in /root/rboxc/target/screen-owned-candidate/release/rboxc)
==622579==    by 0x465B369: rboxc_tar_find_next_block (in /root/rboxc/target/screen-owned-candidate/release/rboxc)
==622579==    by 0x4675148: sparse_dump_region (in /root/rboxc/target/screen-owned-candidate/release/rboxc)
==622579==    by 0x46766B1: rboxc_tar_sparse_dump_file (in /root/rboxc/target/screen-owned-candidate/release/rboxc)
==622579==    by 0x4663C83: dump_file0 (in /root/rboxc/target/screen-owned-candidate/release/rboxc)
==622579==    by 0x46643E9: rboxc_tar_create_archive (in /root/rboxc/target/screen-owned-candidate/release/rboxc)
==622579==    by 0x4478AF8: single_binary_main_tar (in /root/rboxc/target/screen-owned-candidate/release/rboxc)
==622579==    by 0x5A18600: (below main) (libc_start_call_main.h:59)
==622579== 
==622579== 80 bytes in 1 blocks are still reachable in loss record 6 of 12
==622579==    at 0x586E858: malloc (vg_replace_malloc.c:447)
==622579==    by 0x469E0DC: rboxc_tar_xmalloc (in /root/rboxc/target/screen-owned-candidate/release/rboxc)
==622579==    by 0x4477A00: single_binary_main_tar (in /root/rboxc/target/screen-owned-candidate/release/rboxc)
==622579==    by 0x5A18600: (below main) (libc_start_call_main.h:59)
==622579== 
==622579== 102 bytes in 1 blocks are still reachable in loss record 7 of 12
==622579==    at 0x586E858: malloc (vg_replace_malloc.c:447)
==622579==    by 0x469E0DC: rboxc_tar_xmalloc (in /root/rboxc/target/screen-owned-candidate/release/rboxc)
==622579==    by 0x46734A1: rboxc_tar_name_init (in /root/rboxc/target/screen-owned-candidate/release/rboxc)
==622579==    by 0x4478A7A: single_binary_main_tar (in /root/rboxc/target/screen-owned-candidate/release/rboxc)
==622579==    by 0x5A18600: (below main) (libc_start_call_main.h:59)
==622579== 
==622579== 112 bytes in 1 blocks are still reachable in loss record 8 of 12
==622579==    at 0x586E858: malloc (vg_replace_malloc.c:447)
==622579==    by 0x5A18E43: __gconv_open (gconv_open.c:77)
==622579==    by 0x5A189E0: iconv_open (iconv_open.c:39)
==622579==    by 0x467A90B: rboxc_tar_utf8_convert (in /root/rboxc/target/screen-owned-candidate/release/rboxc)
==622579==    by 0x467DB6E: code_string (in /root/rboxc/target/screen-owned-candidate/release/rboxc)
==622579==    by 0x4675AF4: pax_dump_header (in /root/rboxc/target/screen-owned-candidate/release/rboxc)
==622579==    by 0x467664F: rboxc_tar_sparse_dump_file (in /root/rboxc/target/screen-owned-candidate/release/rboxc)
==622579==    by 0x4663C83: dump_file0 (in /root/rboxc/target/screen-owned-candidate/release/rboxc)
==622579==    by 0x46643E9: rboxc_tar_create_archive (in /root/rboxc/target/screen-owned-candidate/release/rboxc)
==622579==    by 0x4478AF8: single_binary_main_tar (in /root/rboxc/target/screen-owned-candidate/release/rboxc)
==622579==    by 0x5A18600: (below main) (libc_start_call_main.h:59)
==622579== 
==622579== 208 bytes in 1 blocks are still reachable in loss record 9 of 12
==622579==    at 0x586E858: malloc (vg_replace_malloc.c:447)
==622579==    by 0x5A24C6F: __gconv_lookup_cache (gconv_cache.c:361)
==622579==    by 0x5A1A8EE: __gconv_find_transform (gconv_db.c:717)
==622579==    by 0x5A18DE5: __gconv_open (gconv_open.c:73)
==622579==    by 0x5A189E0: iconv_open (iconv_open.c:39)
==622579==    by 0x467A90B: rboxc_tar_utf8_convert (in /root/rboxc/target/screen-owned-candidate/release/rboxc)
==622579==    by 0x467DB6E: code_string (in /root/rboxc/target/screen-owned-candidate/release/rboxc)
==622579==    by 0x4675AF4: pax_dump_header (in /root/rboxc/target/screen-owned-candidate/release/rboxc)
==622579==    by 0x467664F: rboxc_tar_sparse_dump_file (in /root/rboxc/target/screen-owned-candidate/release/rboxc)
==622579==    by 0x4663C83: dump_file0 (in /root/rboxc/target/screen-owned-candidate/release/rboxc)
==622579==    by 0x46643E9: rboxc_tar_create_archive (in /root/rboxc/target/screen-owned-candidate/release/rboxc)
==622579==    by 0x4478AF8: single_binary_main_tar (in /root/rboxc/target/screen-owned-candidate/release/rboxc)
==622579== 
==622579== 256 bytes in 1 blocks are still reachable in loss record 10 of 12
==622579==    at 0x586E858: malloc (vg_replace_malloc.c:447)
==622579==    by 0x469E0DC: rboxc_tar_xmalloc (in /root/rboxc/target/screen-owned-candidate/release/rboxc)
==622579==    by 0x467DAB4: xheader_print_n (in /root/rboxc/target/screen-owned-candidate/release/rboxc)
==622579==    by 0x467E2A3: sparse_size_coder (in /root/rboxc/target/screen-owned-candidate/release/rboxc)
==622579==    by 0x46756ED: pax_dump_header (in /root/rboxc/target/screen-owned-candidate/release/rboxc)
==622579==    by 0x467664F: rboxc_tar_sparse_dump_file (in /root/rboxc/target/screen-owned-candidate/release/rboxc)
==622579==    by 0x4663C83: dump_file0 (in /root/rboxc/target/screen-owned-candidate/release/rboxc)
==622579==    by 0x46643E9: rboxc_tar_create_archive (in /root/rboxc/target/screen-owned-candidate/release/rboxc)
==622579==    by 0x4478AF8: single_binary_main_tar (in /root/rboxc/target/screen-owned-candidate/release/rboxc)
==622579==    by 0x5A18600: (below main) (libc_start_call_main.h:59)
==622579== 
==622579== 4,064 bytes in 1 blocks are still reachable in loss record 11 of 12
==622579==    at 0x586E858: malloc (vg_replace_malloc.c:447)
==622579==    by 0x469E0DC: rboxc_tar_xmalloc (in /root/rboxc/target/screen-owned-candidate/release/rboxc)
==622579==    by 0x4695FFD: _obstack_begin_worker.isra.0 (in /root/rboxc/target/screen-owned-candidate/release/rboxc)
==622579==    by 0x4696028: rboxc_tar__obstack_begin (in /root/rboxc/target/screen-owned-candidate/release/rboxc)
==622579==    by 0x4679CD7: rboxc_tar_transform_name_fp (in /root/rboxc/target/screen-owned-candidate/release/rboxc)
==622579==    by 0x46632A4: dump_file0 (in /root/rboxc/target/screen-owned-candidate/release/rboxc)
==622579==    by 0x46643E9: rboxc_tar_create_archive (in /root/rboxc/target/screen-owned-candidate/release/rboxc)
==622579==    by 0x4478AF8: single_binary_main_tar (in /root/rboxc/target/screen-owned-candidate/release/rboxc)
==622579==    by 0x5A18600: (below main) (libc_start_call_main.h:59)
==622579== 
==622579== 32,640 bytes in 1 blocks are still reachable in loss record 12 of 12
==622579==    at 0x586E858: malloc (vg_replace_malloc.c:447)
==622579==    by 0x5A18ECE: __gconv_open (gconv_open.c:127)
==622579==    by 0x5A189E0: iconv_open (iconv_open.c:39)
==622579==    by 0x467A90B: rboxc_tar_utf8_convert (in /root/rboxc/target/screen-owned-candidate/release/rboxc)
==622579==    by 0x467DB6E: code_string (in /root/rboxc/target/screen-owned-candidate/release/rboxc)
==622579==    by 0x4675AF4: pax_dump_header (in /root/rboxc/target/screen-owned-candidate/release/rboxc)
==622579==    by 0x467664F: rboxc_tar_sparse_dump_file (in /root/rboxc/target/screen-owned-candidate/release/rboxc)
==622579==    by 0x4663C83: dump_file0 (in /root/rboxc/target/screen-owned-candidate/release/rboxc)
==622579==    by 0x46643E9: rboxc_tar_create_archive (in /root/rboxc/target/screen-owned-candidate/release/rboxc)
==622579==    by 0x4478AF8: single_binary_main_tar (in /root/rboxc/target/screen-owned-candidate/release/rboxc)
==622579==    by 0x5A18600: (below main) (libc_start_call_main.h:59)
==622579== 
==622579== LEAK SUMMARY:
==622579==    definitely lost: 0 bytes in 0 blocks
==622579==    indirectly lost: 0 bytes in 0 blocks
==622579==      possibly lost: 0 bytes in 0 blocks
==622579==    still reachable: 37,552 bytes in 12 blocks
==622579==         suppressed: 0 bytes in 0 blocks
==622579== 
==622579== For lists of detected and suppressed errors, rerun with: -s
==622579== ERROR SUMMARY: 0 errors from 0 contexts (suppressed: 0 from 0)
