==706559== Memcheck, a memory error detector
==706559== Copyright (C) 2002-2024, and GNU GPL'd, by Julian Seward et al.
==706559== Using Valgrind-3.26.0 and LibVEX; rerun with -h for copyright info
==706559== Command: /tmp/rboxc-tar-behavior-qkzso_wv/exec/tar cf result.tar -C tree .
==706559== Parent PID: 705177
==706559== 
==706559== 
==706559== FILE DESCRIPTORS: 2 open (1 inherited) at exit.
==706559== Open file descriptor 4: tree
==706559==    at 0x4A1AADA: openat (openat64.c:39)
==706559==    by 0x4027817: openat (fcntl2.h:175)
==706559==    by 0x4027817: chdir_do (misc.c:988)
==706559==    by 0x4028D52: name_next_elt (names.c:1123)
==706559==    by 0x40298EC: name_next (names.c:1152)
==706559==    by 0x401750F: create_archive (create.c:1410)
==706559==    by 0x400CD90: main (tar.c:2818)
==706559== 
==706559== 
==706559== HEAP SUMMARY:
==706559==     in use at exit: 4,789 bytes in 20 blocks
==706559==   total heap usage: 107 allocs, 87 frees, 123,008 bytes allocated
==706559== 
==706559== 5 bytes in 1 blocks are still reachable in loss record 1 of 16
==706559==    at 0x48BD858: malloc (vg_replace_malloc.c:447)
==706559==    by 0x405185D: xmalloc (xmalloc.c:45)
==706559==    by 0x405185D: xmemdup (xmalloc.c:314)
==706559==    by 0x405185D: xstrdup (xmalloc.c:339)
==706559==    by 0x4028D43: name_next_elt (names.c:1123)
==706559==    by 0x40298EC: name_next (names.c:1152)
==706559==    by 0x401750F: create_archive (create.c:1410)
==706559==    by 0x400CD90: main (tar.c:2818)
==706559== 
==706559== 5 bytes in 1 blocks are still reachable in loss record 2 of 16
==706559==    at 0x48BD858: malloc (vg_replace_malloc.c:447)
==706559==    by 0x405185D: xmalloc (xmalloc.c:45)
==706559==    by 0x405185D: xmemdup (xmalloc.c:314)
==706559==    by 0x405185D: xstrdup (xmalloc.c:339)
==706559==    by 0x402644F: assign_string (misc.c:58)
==706559==    by 0x4029612: uid_to_uname (names.c:490)
==706559==    by 0x40155F3: start_header (create.c:931)
==706559==    by 0x40167F9: dump_dir0 (create.c:1123)
==706559==    by 0x40167F9: dump_dir (create.c:1320)
==706559==    by 0x40167F9: dump_file0 (create.c:1757)
==706559==    by 0x4017589: dump_file (create.c:1968)
==706559==    by 0x4017589: create_archive (create.c:1412)
==706559==    by 0x400CD90: main (tar.c:2818)
==706559== 
==706559== 5 bytes in 1 blocks are still reachable in loss record 3 of 16
==706559==    at 0x48BD858: malloc (vg_replace_malloc.c:447)
==706559==    by 0x405185D: xmalloc (xmalloc.c:45)
==706559==    by 0x405185D: xmemdup (xmalloc.c:314)
==706559==    by 0x405185D: xstrdup (xmalloc.c:339)
==706559==    by 0x402644F: assign_string (misc.c:58)
==706559==    by 0x40296A2: gid_to_gname (names.c:520)
==706559==    by 0x40155DB: start_header (create.c:936)
==706559==    by 0x40167F9: dump_dir0 (create.c:1123)
==706559==    by 0x40167F9: dump_dir (create.c:1320)
==706559==    by 0x40167F9: dump_file0 (create.c:1757)
==706559==    by 0x4017589: dump_file (create.c:1968)
==706559==    by 0x4017589: create_archive (create.c:1412)
==706559==    by 0x400CD90: main (tar.c:2818)
==706559== 
==706559== 6 bytes in 2 blocks are indirectly lost in loss record 4 of 16
==706559==    at 0x48BD858: malloc (vg_replace_malloc.c:447)
==706559==    by 0x405185D: xmalloc (xmalloc.c:45)
==706559==    by 0x405185D: xmemdup (xmalloc.c:314)
==706559==    by 0x405185D: xstrdup (xmalloc.c:339)
==706559==    by 0x400C4F1: decode_options (tar.c:2353)
==706559==    by 0x400C4F1: main (tar.c:2792)
==706559== 
==706559== 9 bytes in 2 blocks are indirectly lost in loss record 5 of 16
==706559==    at 0x48BD858: malloc (vg_replace_malloc.c:447)
==706559==    by 0x40387DD: wsnode_quoteremoval (wordsplit.c:651)
==706559==    by 0x4039CFD: wordsplit_process_list (wordsplit.c:2390)
==706559==    by 0x403A562: wordsplit_run.constprop.0 (wordsplit.c:2434)
==706559==    by 0x400BFFA: parse_default_options (tar.c:2256)
==706559==    by 0x400BFFA: decode_options (tar.c:2378)
==706559==    by 0x400BFFA: main (tar.c:2792)
==706559== 
==706559== 9 bytes in 2 blocks are definitely lost in loss record 6 of 16
==706559==    at 0x48BD858: malloc (vg_replace_malloc.c:447)
==706559==    by 0x403A1FB: wordsplit_finish (wordsplit.c:836)
==706559==    by 0x400BFFA: parse_default_options (tar.c:2256)
==706559==    by 0x400BFFA: decode_options (tar.c:2378)
==706559==    by 0x400BFFA: main (tar.c:2792)
==706559== 
==706559== 16 bytes in 1 blocks are still reachable in loss record 7 of 16
==706559==    at 0x48C4E43: calloc (vg_replace_malloc.c:1678)
==706559==    by 0x40516F1: xcalloc (xmalloc.c:298)
==706559==    by 0x40516F1: xzalloc (xmalloc.c:283)
==706559==    by 0x400BEF9: decode_options (tar.c:2297)
==706559==    by 0x400BEF9: main (tar.c:2792)
==706559== 
==706559== 40 bytes in 1 blocks are still reachable in loss record 8 of 16
==706559==    at 0x48BD858: malloc (vg_replace_malloc.c:447)
==706559==    by 0x40512CC: xmalloc (xmalloc.c:45)
==706559==    by 0x401407E: file_count_links (create.c:1522)
==706559==    by 0x401407E: file_count_links (create.c:1508)
==706559==    by 0x4016A58: dump_file0 (create.c:1779)
==706559==    by 0x4015F1E: dump_file (create.c:1968)
==706559==    by 0x4017167: dump_dir0 (create.c:1227)
==706559==    by 0x4017167: dump_dir (create.c:1320)
==706559==    by 0x4017167: dump_file0 (create.c:1757)
==706559==    by 0x4017589: dump_file (create.c:1968)
==706559==    by 0x4017589: create_archive (create.c:1412)
==706559==    by 0x400CD90: main (tar.c:2818)
==706559== 
==706559== 48 bytes in 1 blocks are still reachable in loss record 9 of 16
==706559==    at 0x48C53C0: reallocarray (vg_replace_malloc.c:1806)
==706559==    by 0x40515C9: xreallocarray (xmalloc.c:84)
==706559==    by 0x40515C9: x2nrealloc (xmalloc.c:203)
==706559==    by 0x4027754: chdir_arg (misc.c:934)
==706559==    by 0x4028D4B: name_next_elt (names.c:1123)
==706559==    by 0x40298EC: name_next (names.c:1152)
==706559==    by 0x401750F: create_archive (create.c:1410)
==706559==    by 0x400CD90: main (tar.c:2818)
==706559== 
==706559== 70 (64 direct, 6 indirect) bytes in 1 blocks are definitely lost in loss record 10 of 16
==706559==    at 0x48BD858: malloc (vg_replace_malloc.c:447)
==706559==    by 0x40512CC: xmalloc (xmalloc.c:45)
==706559==    by 0x400C46E: decode_options (tar.c:2340)
==706559==    by 0x400C46E: main (tar.c:2792)
==706559== 
==706559== 80 bytes in 1 blocks are still reachable in loss record 11 of 16
==706559==    at 0x48BD858: malloc (vg_replace_malloc.c:447)
==706559==    by 0x40512CC: xmalloc (xmalloc.c:45)
==706559==    by 0x400BE43: main (tar.c:2781)
==706559== 
==706559== 80 bytes in 1 blocks are still reachable in loss record 12 of 16
==706559==    at 0x48BD858: malloc (vg_replace_malloc.c:447)
==706559==    by 0x4047846: hash_initialize (hash.c:523)
==706559==    by 0x401411B: file_count_links (create.c:1530)
==706559==    by 0x401411B: file_count_links (create.c:1508)
==706559==    by 0x4016A58: dump_file0 (create.c:1779)
==706559==    by 0x4015F1E: dump_file (create.c:1968)
==706559==    by 0x4017167: dump_dir0 (create.c:1227)
==706559==    by 0x4017167: dump_dir (create.c:1320)
==706559==    by 0x4017167: dump_file0 (create.c:1757)
==706559==    by 0x4017589: dump_file (create.c:1968)
==706559==    by 0x4017589: create_archive (create.c:1412)
==706559==    by 0x400CD90: main (tar.c:2818)
==706559== 
==706559== 89 (80 direct, 9 indirect) bytes in 2 blocks are definitely lost in loss record 13 of 16
==706559==    at 0x48C4E43: calloc (vg_replace_malloc.c:1678)
==706559==    by 0x403959D: wsnode_new (wordsplit.c:422)
==706559==    by 0x403959D: wordsplit_add_segm (wordsplit.c:523)
==706559==    by 0x4039854: scan_word (wordsplit.c:2062)
==706559==    by 0x4039C7C: wordsplit_process_list (wordsplit.c:2358)
==706559==    by 0x403A562: wordsplit_run.constprop.0 (wordsplit.c:2434)
==706559==    by 0x400BFFA: parse_default_options (tar.c:2256)
==706559==    by 0x400BFFA: decode_options (tar.c:2378)
==706559==    by 0x400BFFA: main (tar.c:2792)
==706559== 
==706559== 102 bytes in 1 blocks are still reachable in loss record 14 of 16
==706559==    at 0x48BD858: malloc (vg_replace_malloc.c:447)
==706559==    by 0x40512CC: xmalloc (xmalloc.c:45)
==706559==    by 0x4029881: name_init (names.c:869)
==706559==    by 0x400C94C: main (tar.c:2794)
==706559== 
==706559== 176 bytes in 1 blocks are still reachable in loss record 15 of 16
==706559==    at 0x48C4E43: calloc (vg_replace_malloc.c:1678)
==706559==    by 0x404789C: hash_initialize (hash.c:544)
==706559==    by 0x401411B: file_count_links (create.c:1530)
==706559==    by 0x401411B: file_count_links (create.c:1508)
==706559==    by 0x4016A58: dump_file0 (create.c:1779)
==706559==    by 0x4015F1E: dump_file (create.c:1968)
==706559==    by 0x4017167: dump_dir0 (create.c:1227)
==706559==    by 0x4017167: dump_dir (create.c:1320)
==706559==    by 0x4017167: dump_file0 (create.c:1757)
==706559==    by 0x4017589: dump_file (create.c:1968)
==706559==    by 0x4017589: create_archive (create.c:1412)
==706559==    by 0x400CD90: main (tar.c:2818)
==706559== 
==706559== 4,064 bytes in 1 blocks are still reachable in loss record 16 of 16
==706559==    at 0x48BD858: malloc (vg_replace_malloc.c:447)
==706559==    by 0x40512CC: xmalloc (xmalloc.c:45)
==706559==    by 0x404A07D: call_chunkfun (obstack.c:88)
==706559==    by 0x404A07D: _obstack_begin_worker.isra.0 (obstack.c:135)
==706559==    by 0x404A0A8: _obstack_begin (obstack.c:157)
==706559==    by 0x4032C57: _transform_name_to_obstack (transform.c:592)
==706559==    by 0x4032C57: transform_name_fp (transform.c:614)
==706559==    by 0x4016444: dump_file0 (create.c:1657)
==706559==    by 0x4017589: dump_file (create.c:1968)
==706559==    by 0x4017589: create_archive (create.c:1412)
==706559==    by 0x400CD90: main (tar.c:2818)
==706559== 
==706559== LEAK SUMMARY:
==706559==    definitely lost: 153 bytes in 5 blocks
==706559==    indirectly lost: 15 bytes in 4 blocks
==706559==      possibly lost: 0 bytes in 0 blocks
==706559==    still reachable: 4,621 bytes in 11 blocks
==706559==         suppressed: 0 bytes in 0 blocks
==706559== 
==706559== For lists of detected and suppressed errors, rerun with: -s
==706559== ERROR SUMMARY: 4 errors from 4 contexts (suppressed: 0 from 0)
