==631127== Memcheck, a memory error detector
==631127== Copyright (C) 2002-2024, and GNU GPL'd, by Julian Seward et al.
==631127== Using Valgrind-3.26.0 and LibVEX; rerun with -h for copyright info
==631127== Command: tar --version
==631127== Parent PID: 631042
==631127== 
==631127== 
==631127== FILE DESCRIPTORS: 4 open (4 inherited) at exit.
==631127== 
==631127== HEAP SUMMARY:
==631127==     in use at exit: 7,767 bytes in 3 blocks
==631127==   total heap usage: 15 allocs, 12 frees, 12,021 bytes allocated
==631127== 
==631127== 16 bytes in 1 blocks are still reachable in loss record 1 of 3
==631127==    at 0x48C4E43: calloc (vg_replace_malloc.c:1678)
==631127==    by 0x40516F1: xcalloc (xmalloc.c:298)
==631127==    by 0x40516F1: xzalloc (xmalloc.c:283)
==631127==    by 0x400BEF9: decode_options (tar.c:2297)
==631127==    by 0x400BEF9: main (tar.c:2792)
==631127== 
==631127== 80 bytes in 1 blocks are still reachable in loss record 2 of 3
==631127==    at 0x48BD858: malloc (vg_replace_malloc.c:447)
==631127==    by 0x40512CC: xmalloc (xmalloc.c:45)
==631127==    by 0x400BE43: main (tar.c:2781)
==631127== 
==631127== 7,671 bytes in 1 blocks are still reachable in loss record 3 of 3
==631127==    at 0x48BD858: malloc (vg_replace_malloc.c:447)
==631127==    by 0x4041854: parser_init (argp-parse.c:495)
==631127==    by 0x4041854: argp_parse (argp-parse.c:921)
==631127==    by 0x400C045: decode_options (tar.c:2380)
==631127==    by 0x400C045: main (tar.c:2792)
==631127== 
==631127== LEAK SUMMARY:
==631127==    definitely lost: 0 bytes in 0 blocks
==631127==    indirectly lost: 0 bytes in 0 blocks
==631127==      possibly lost: 0 bytes in 0 blocks
==631127==    still reachable: 7,767 bytes in 3 blocks
==631127==         suppressed: 0 bytes in 0 blocks
==631127== 
==631127== For lists of detected and suppressed errors, rerun with: -s
==631127== ERROR SUMMARY: 0 errors from 0 contexts (suppressed: 0 from 0)
