==631426== Memcheck, a memory error detector
==631426== Copyright (C) 2002-2024, and GNU GPL'd, by Julian Seward et al.
==631426== Using Valgrind-3.26.0 and LibVEX; rerun with -h for copyright info
==631426== Command: tar --one-top-level=top -xpf ../d.tar
==631426== Parent PID: 631279
==631426== 
==631426== 
==631426== FILE DESCRIPTORS: 1 open (1 inherited) at exit.
==631426== 
==631426== HEAP SUMMARY:
==631426==     in use at exit: 4,386 bytes in 11 blocks
==631426==   total heap usage: 32 allocs, 21 frees, 35,417 bytes allocated
==631426== 
==631426== 6 bytes in 2 blocks are indirectly lost in loss record 1 of 8
==631426==    at 0x48BD858: malloc (vg_replace_malloc.c:447)
==631426==    by 0x40387DD: wsnode_quoteremoval (wordsplit.c:651)
==631426==    by 0x4039CFD: wordsplit_process_list (wordsplit.c:2390)
==631426==    by 0x403A562: wordsplit_run.constprop.0 (wordsplit.c:2434)
==631426==    by 0x400BFFA: parse_default_options (tar.c:2256)
==631426==    by 0x400BFFA: decode_options (tar.c:2378)
==631426==    by 0x400BFFA: main (tar.c:2792)
==631426== 
==631426== 6 bytes in 2 blocks are definitely lost in loss record 2 of 8
==631426==    at 0x48BD858: malloc (vg_replace_malloc.c:447)
==631426==    by 0x403A1FB: wordsplit_finish (wordsplit.c:836)
==631426==    by 0x400BFFA: parse_default_options (tar.c:2256)
==631426==    by 0x400BFFA: decode_options (tar.c:2378)
==631426==    by 0x400BFFA: main (tar.c:2792)
==631426== 
==631426== 16 bytes in 1 blocks are still reachable in loss record 3 of 8
==631426==    at 0x48C4E43: calloc (vg_replace_malloc.c:1678)
==631426==    by 0x40516F1: xcalloc (xmalloc.c:298)
==631426==    by 0x40516F1: xzalloc (xmalloc.c:283)
==631426==    by 0x400BEF9: decode_options (tar.c:2297)
==631426==    by 0x400BEF9: main (tar.c:2792)
==631426== 
==631426== 32 bytes in 1 blocks are still reachable in loss record 4 of 8
==631426==    at 0x48BD858: malloc (vg_replace_malloc.c:447)
==631426==    by 0x40512CC: xmalloc (xmalloc.c:45)
==631426==    by 0x402F07B: optloc_save (tar.c:926)
==631426==    by 0x4030282: parse_opt (tar.c:1574)
==631426==    by 0x40421C3: group_parse (argp-parse.c:233)
==631426==    by 0x40421C3: parser_parse_opt (argp-parse.c:748)
==631426==    by 0x40421C3: parser_parse_next (argp-parse.c:859)
==631426==    by 0x40421C3: argp_parse (argp-parse.c:927)
==631426==    by 0x400C045: decode_options (tar.c:2380)
==631426==    by 0x400C045: main (tar.c:2792)
==631426== 
==631426== 80 bytes in 1 blocks are still reachable in loss record 5 of 8
==631426==    at 0x48BD858: malloc (vg_replace_malloc.c:447)
==631426==    by 0x40512CC: xmalloc (xmalloc.c:45)
==631426==    by 0x400BE43: main (tar.c:2781)
==631426== 
==631426== 86 (80 direct, 6 indirect) bytes in 2 blocks are definitely lost in loss record 6 of 8
==631426==    at 0x48C4E43: calloc (vg_replace_malloc.c:1678)
==631426==    by 0x403959D: wsnode_new (wordsplit.c:422)
==631426==    by 0x403959D: wordsplit_add_segm (wordsplit.c:523)
==631426==    by 0x4039854: scan_word (wordsplit.c:2062)
==631426==    by 0x4039C7C: wordsplit_process_list (wordsplit.c:2358)
==631426==    by 0x403A562: wordsplit_run.constprop.0 (wordsplit.c:2434)
==631426==    by 0x400BFFA: parse_default_options (tar.c:2256)
==631426==    by 0x400BFFA: decode_options (tar.c:2378)
==631426==    by 0x400BFFA: main (tar.c:2792)
==631426== 
==631426== 102 bytes in 1 blocks are still reachable in loss record 7 of 8
==631426==    at 0x48BD858: malloc (vg_replace_malloc.c:447)
==631426==    by 0x40512CC: xmalloc (xmalloc.c:45)
==631426==    by 0x4029881: name_init (names.c:869)
==631426==    by 0x400C94C: main (tar.c:2794)
==631426== 
==631426== 4,064 bytes in 1 blocks are still reachable in loss record 8 of 8
==631426==    at 0x48BD858: malloc (vg_replace_malloc.c:447)
==631426==    by 0x40512CC: xmalloc (xmalloc.c:45)
==631426==    by 0x404A07D: call_chunkfun (obstack.c:88)
==631426==    by 0x404A07D: _obstack_begin_worker.isra.0 (obstack.c:135)
==631426==    by 0x404A0A8: _obstack_begin (obstack.c:157)
==631426==    by 0x4032C57: _transform_name_to_obstack (transform.c:592)
==631426==    by 0x4032C57: transform_name_fp (transform.c:614)
==631426==    by 0x4023670: transform_member_name (list.c:114)
==631426==    by 0x4023670: transform_stat_info.part.0 (list.c:150)
==631426==    by 0x4025850: transform_stat_info (list.c:227)
==631426==    by 0x4025850: read_and (list.c:227)
==631426==    by 0x400CD61: main (tar.c:2823)
==631426== 
==631426== LEAK SUMMARY:
==631426==    definitely lost: 86 bytes in 4 blocks
==631426==    indirectly lost: 6 bytes in 2 blocks
==631426==      possibly lost: 0 bytes in 0 blocks
==631426==    still reachable: 4,294 bytes in 5 blocks
==631426==         suppressed: 0 bytes in 0 blocks
==631426== 
==631426== For lists of detected and suppressed errors, rerun with: -s
==631426== ERROR SUMMARY: 2 errors from 2 contexts (suppressed: 0 from 0)
