==632099== Memcheck, a memory error detector
==632099== Copyright (C) 2002-2024, and GNU GPL'd, by Julian Seward et al.
==632099== Using Valgrind-3.26.0 and LibVEX; rerun with -h for copyright info
==632099== Command: tar --one-top-level=top -xpf ../d.tar
==632099== Parent PID: 632059
==632099== 
==632099== 
==632099== FILE DESCRIPTORS: 1 open (1 inherited) at exit.
==632099== 
==632099== HEAP SUMMARY:
==632099==     in use at exit: 4,402 bytes in 13 blocks
==632099==   total heap usage: 65 allocs, 52 frees, 56,472 bytes allocated
==632099== 
==632099== 5 bytes in 1 blocks are still reachable in loss record 1 of 10
==632099==    at 0x48BD858: malloc (vg_replace_malloc.c:447)
==632099==    by 0x405185D: xmalloc (xmalloc.c:45)
==632099==    by 0x405185D: xmemdup (xmalloc.c:314)
==632099==    by 0x405185D: xstrdup (xmalloc.c:339)
==632099==    by 0x402644F: assign_string (misc.c:58)
==632099==    by 0x402973C: uname_to_uid (names.c:550)
==632099==    by 0x402457F: decode_header (list.c:694)
==632099==    by 0x4025616: read_and (list.c:194)
==632099==    by 0x400CD61: main (tar.c:2823)
==632099== 
==632099== 5 bytes in 1 blocks are still reachable in loss record 2 of 10
==632099==    at 0x48BD858: malloc (vg_replace_malloc.c:447)
==632099==    by 0x405185D: xmalloc (xmalloc.c:45)
==632099==    by 0x405185D: xmemdup (xmalloc.c:314)
==632099==    by 0x405185D: xstrdup (xmalloc.c:339)
==632099==    by 0x402644F: assign_string (misc.c:58)
==632099==    by 0x40297DC: gname_to_gid (names.c:580)
==632099==    by 0x402455F: decode_header (list.c:699)
==632099==    by 0x4025616: read_and (list.c:194)
==632099==    by 0x400CD61: main (tar.c:2823)
==632099== 
==632099== 9 bytes in 2 blocks are indirectly lost in loss record 3 of 10
==632099==    at 0x48BD858: malloc (vg_replace_malloc.c:447)
==632099==    by 0x40387DD: wsnode_quoteremoval (wordsplit.c:651)
==632099==    by 0x4039CFD: wordsplit_process_list (wordsplit.c:2390)
==632099==    by 0x403A562: wordsplit_run.constprop.0 (wordsplit.c:2434)
==632099==    by 0x400BFFA: parse_default_options (tar.c:2256)
==632099==    by 0x400BFFA: decode_options (tar.c:2378)
==632099==    by 0x400BFFA: main (tar.c:2792)
==632099== 
==632099== 9 bytes in 2 blocks are definitely lost in loss record 4 of 10
==632099==    at 0x48BD858: malloc (vg_replace_malloc.c:447)
==632099==    by 0x403A1FB: wordsplit_finish (wordsplit.c:836)
==632099==    by 0x400BFFA: parse_default_options (tar.c:2256)
==632099==    by 0x400BFFA: decode_options (tar.c:2378)
==632099==    by 0x400BFFA: main (tar.c:2792)
==632099== 
==632099== 16 bytes in 1 blocks are still reachable in loss record 5 of 10
==632099==    at 0x48C4E43: calloc (vg_replace_malloc.c:1678)
==632099==    by 0x40516F1: xcalloc (xmalloc.c:298)
==632099==    by 0x40516F1: xzalloc (xmalloc.c:283)
==632099==    by 0x400BEF9: decode_options (tar.c:2297)
==632099==    by 0x400BEF9: main (tar.c:2792)
==632099== 
==632099== 32 bytes in 1 blocks are still reachable in loss record 6 of 10
==632099==    at 0x48BD858: malloc (vg_replace_malloc.c:447)
==632099==    by 0x40512CC: xmalloc (xmalloc.c:45)
==632099==    by 0x402F07B: optloc_save (tar.c:926)
==632099==    by 0x4030282: parse_opt (tar.c:1574)
==632099==    by 0x40421C3: group_parse (argp-parse.c:233)
==632099==    by 0x40421C3: parser_parse_opt (argp-parse.c:748)
==632099==    by 0x40421C3: parser_parse_next (argp-parse.c:859)
==632099==    by 0x40421C3: argp_parse (argp-parse.c:927)
==632099==    by 0x400C045: decode_options (tar.c:2380)
==632099==    by 0x400C045: main (tar.c:2792)
==632099== 
==632099== 80 bytes in 1 blocks are still reachable in loss record 7 of 10
==632099==    at 0x48BD858: malloc (vg_replace_malloc.c:447)
==632099==    by 0x40512CC: xmalloc (xmalloc.c:45)
==632099==    by 0x400BE43: main (tar.c:2781)
==632099== 
==632099== 89 (80 direct, 9 indirect) bytes in 2 blocks are definitely lost in loss record 8 of 10
==632099==    at 0x48C4E43: calloc (vg_replace_malloc.c:1678)
==632099==    by 0x403959D: wsnode_new (wordsplit.c:422)
==632099==    by 0x403959D: wordsplit_add_segm (wordsplit.c:523)
==632099==    by 0x4039854: scan_word (wordsplit.c:2062)
==632099==    by 0x4039C7C: wordsplit_process_list (wordsplit.c:2358)
==632099==    by 0x403A562: wordsplit_run.constprop.0 (wordsplit.c:2434)
==632099==    by 0x400BFFA: parse_default_options (tar.c:2256)
==632099==    by 0x400BFFA: decode_options (tar.c:2378)
==632099==    by 0x400BFFA: main (tar.c:2792)
==632099== 
==632099== 102 bytes in 1 blocks are still reachable in loss record 9 of 10
==632099==    at 0x48BD858: malloc (vg_replace_malloc.c:447)
==632099==    by 0x40512CC: xmalloc (xmalloc.c:45)
==632099==    by 0x4029881: name_init (names.c:869)
==632099==    by 0x400C94C: main (tar.c:2794)
==632099== 
==632099== 4,064 bytes in 1 blocks are still reachable in loss record 10 of 10
==632099==    at 0x48BD858: malloc (vg_replace_malloc.c:447)
==632099==    by 0x40512CC: xmalloc (xmalloc.c:45)
==632099==    by 0x404A07D: call_chunkfun (obstack.c:88)
==632099==    by 0x404A07D: _obstack_begin_worker.isra.0 (obstack.c:135)
==632099==    by 0x404A0A8: _obstack_begin (obstack.c:157)
==632099==    by 0x4032C57: _transform_name_to_obstack (transform.c:592)
==632099==    by 0x4032C57: transform_name_fp (transform.c:614)
==632099==    by 0x4023670: transform_member_name (list.c:114)
==632099==    by 0x4023670: transform_stat_info.part.0 (list.c:150)
==632099==    by 0x4025850: transform_stat_info (list.c:227)
==632099==    by 0x4025850: read_and (list.c:227)
==632099==    by 0x400CD61: main (tar.c:2823)
==632099== 
==632099== LEAK SUMMARY:
==632099==    definitely lost: 89 bytes in 4 blocks
==632099==    indirectly lost: 9 bytes in 2 blocks
==632099==      possibly lost: 0 bytes in 0 blocks
==632099==    still reachable: 4,304 bytes in 7 blocks
==632099==         suppressed: 0 bytes in 0 blocks
==632099== 
==632099== For lists of detected and suppressed errors, rerun with: -s
==632099== ERROR SUMMARY: 2 errors from 2 contexts (suppressed: 0 from 0)
