==735735== Memcheck, a memory error detector
==735735== Copyright (C) 2002-2024, and GNU GPL'd, by Julian Seward et al.
==735735== Using Valgrind-3.26.0 and LibVEX; rerun with -h for copyright info
==735735== Command: /tmp/rboxc-gawk-original-_sf4onox/deps/sort
==735735== Parent PID: 735716
==735735== 
==735735== 
==735735== FILE DESCRIPTORS: 0 open (0 inherited) at exit.
==735735== 
==735735== HEAP SUMMARY:
==735735==     in use at exit: 128 bytes in 1 blocks
==735735==   total heap usage: 25 allocs, 24 frees, 16,935,129 bytes allocated
==735735== 
==735735== 128 bytes in 1 blocks are still reachable in loss record 1 of 1
==735735==    at 0x4BF907F: realloc (vg_replace_malloc.c:1804)
==735735==    by 0x411C0A6: rpl_realloc (stdlib.h:2059)
==735735==    by 0x411C0A6: xrealloc (xmalloc.c:70)
==735735==    by 0x411C0A6: xpalloc (xmalloc.c:269)
==735735==    by 0x40A7BB6: add_temp_dir (sort.c:1347)
==735735==    by 0x40AE3A4: single_binary_main_sort (sort.c:4921)
==735735==    by 0x401A532: launch_program (coreutils.c:126)
==735735==    by 0x4018E7A: main (coreutils.c:143)
==735735== 
==735735== LEAK SUMMARY:
==735735==    definitely lost: 0 bytes in 0 blocks
==735735==    indirectly lost: 0 bytes in 0 blocks
==735735==      possibly lost: 0 bytes in 0 blocks
==735735==    still reachable: 128 bytes in 1 blocks
==735735==         suppressed: 0 bytes in 0 blocks
==735735== 
==735735== For lists of detected and suppressed errors, rerun with: -s
==735735== ERROR SUMMARY: 0 errors from 0 contexts (suppressed: 0 from 0)
