==640953== Memcheck, a memory error detector
==640953== Copyright (C) 2002-2024, and GNU GPL'd, by Julian Seward et al.
==640953== Using Valgrind-3.26.0 and LibVEX; rerun with -h for copyright info
==640953== Command: /tmp/rboxc-tar-behavior-wjyt8vot/exec/tar --delete -f archive.tar ./alpha.txt
==640953== Parent PID: 635373
==640953== 
==640953== 
==640953== FILE DESCRIPTORS: 1 open (1 inherited) at exit.
==640953== 
==640953== HEAP SUMMARY:
==640953==     in use at exit: 198 bytes in 3 blocks
==640953==   total heap usage: 36 allocs, 33 frees, 32,932 bytes allocated
==640953== 
==640953== 16 bytes in 1 blocks are still reachable in loss record 1 of 3
==640953==    at 0x5875E43: calloc (vg_replace_malloc.c:1678)
==640953==    by 0x469E501: rboxc_tar_xzalloc (in /root/rboxc/target/tar-map-probe-candidate/release/rboxc)
==640953==    by 0x4477AF5: single_binary_main_tar (in /root/rboxc/target/tar-map-probe-candidate/release/rboxc)
==640953==    by 0x5A18600: (below main) (libc_start_call_main.h:59)
==640953== 
==640953== 80 bytes in 1 blocks are still reachable in loss record 2 of 3
==640953==    at 0x586E858: malloc (vg_replace_malloc.c:447)
==640953==    by 0x469E0DC: rboxc_tar_xmalloc (in /root/rboxc/target/tar-map-probe-candidate/release/rboxc)
==640953==    by 0x4477A00: single_binary_main_tar (in /root/rboxc/target/tar-map-probe-candidate/release/rboxc)
==640953==    by 0x5A18600: (below main) (libc_start_call_main.h:59)
==640953== 
==640953== 102 bytes in 1 blocks are still reachable in loss record 3 of 3
==640953==    at 0x586E858: malloc (vg_replace_malloc.c:447)
==640953==    by 0x469E0DC: rboxc_tar_xmalloc (in /root/rboxc/target/tar-map-probe-candidate/release/rboxc)
==640953==    by 0x46734A1: rboxc_tar_name_init (in /root/rboxc/target/tar-map-probe-candidate/release/rboxc)
==640953==    by 0x4478A7A: single_binary_main_tar (in /root/rboxc/target/tar-map-probe-candidate/release/rboxc)
==640953==    by 0x5A18600: (below main) (libc_start_call_main.h:59)
==640953== 
==640953== LEAK SUMMARY:
==640953==    definitely lost: 0 bytes in 0 blocks
==640953==    indirectly lost: 0 bytes in 0 blocks
==640953==      possibly lost: 0 bytes in 0 blocks
==640953==    still reachable: 198 bytes in 3 blocks
==640953==         suppressed: 0 bytes in 0 blocks
==640953== 
==640953== For lists of detected and suppressed errors, rerun with: -s
==640953== ERROR SUMMARY: 0 errors from 0 contexts (suppressed: 0 from 0)
