==716817== Memcheck, a memory error detector
==716817== Copyright (C) 2002-2024, and GNU GPL'd, by Julian Seward et al.
==716817== Using Valgrind-3.26.0 and LibVEX; rerun with -h for copyright info
==716817== Command: tar --utc -tvjf /tmp/rboxc-tar-original-s6pnx1ud/download/pax-big-10g.tar.bz2
==716817== Parent PID: 716815
==716817== 
==716817== 
==716817== FILE DESCRIPTORS: 1 open (1 inherited) at exit.
==716817== 
==716817== HEAP SUMMARY:
==716817==     in use at exit: 4,304 bytes in 7 blocks
==716817==   total heap usage: 56 allocs, 49 frees, 52,027 bytes allocated
==716817== 
==716817== 4 bytes in 1 blocks are still reachable in loss record 1 of 7
==716817==    at 0x48BD858: malloc (vg_replace_malloc.c:447)
==716817==    by 0x405185D: xmalloc (xmalloc.c:45)
==716817==    by 0x405185D: xmemdup (xmalloc.c:314)
==716817==    by 0x405185D: xstrdup (xmalloc.c:339)
==716817==    by 0x402644F: assign_string (misc.c:58)
==716817==    by 0x4029766: uname_to_uid (names.c:554)
==716817==    by 0x402457F: decode_header (list.c:694)
==716817==    by 0x4025616: read_and (list.c:194)
==716817==    by 0x400CD4B: main (tar.c:2832)
==716817== 
==716817== 6 bytes in 1 blocks are still reachable in loss record 2 of 7
==716817==    at 0x48BD858: malloc (vg_replace_malloc.c:447)
==716817==    by 0x405185D: xmalloc (xmalloc.c:45)
==716817==    by 0x405185D: xmemdup (xmalloc.c:314)
==716817==    by 0x405185D: xstrdup (xmalloc.c:339)
==716817==    by 0x402644F: assign_string (misc.c:58)
==716817==    by 0x4029806: gname_to_gid (names.c:584)
==716817==    by 0x402455F: decode_header (list.c:699)
==716817==    by 0x4025616: read_and (list.c:194)
==716817==    by 0x400CD4B: main (tar.c:2832)
==716817== 
==716817== 16 bytes in 1 blocks are still reachable in loss record 3 of 7
==716817==    at 0x48C4E43: calloc (vg_replace_malloc.c:1678)
==716817==    by 0x40516F1: xcalloc (xmalloc.c:298)
==716817==    by 0x40516F1: xzalloc (xmalloc.c:283)
==716817==    by 0x400BEF9: decode_options (tar.c:2297)
==716817==    by 0x400BEF9: main (tar.c:2792)
==716817== 
==716817== 32 bytes in 1 blocks are still reachable in loss record 4 of 7
==716817==    at 0x48BD858: malloc (vg_replace_malloc.c:447)
==716817==    by 0x40512CC: xmalloc (xmalloc.c:45)
==716817==    by 0x402F07B: optloc_save (tar.c:926)
==716817==    by 0x402FFB0: set_use_compress_program_option (tar.c:985)
==716817==    by 0x4030DC0: parse_opt (tar.c:1550)
==716817==    by 0x404233D: group_parse (argp-parse.c:233)
==716817==    by 0x404233D: parser_parse_opt (argp-parse.c:736)
==716817==    by 0x404233D: parser_parse_next (argp-parse.c:859)
==716817==    by 0x404233D: argp_parse (argp-parse.c:927)
==716817==    by 0x400C045: decode_options (tar.c:2380)
==716817==    by 0x400C045: main (tar.c:2792)
==716817== 
==716817== 80 bytes in 1 blocks are still reachable in loss record 5 of 7
==716817==    at 0x48BD858: malloc (vg_replace_malloc.c:447)
==716817==    by 0x40512CC: xmalloc (xmalloc.c:45)
==716817==    by 0x400BE43: main (tar.c:2781)
==716817== 
==716817== 102 bytes in 1 blocks are still reachable in loss record 6 of 7
==716817==    at 0x48BD858: malloc (vg_replace_malloc.c:447)
==716817==    by 0x40512CC: xmalloc (xmalloc.c:45)
==716817==    by 0x4029881: name_init (names.c:869)
==716817==    by 0x400C94C: main (tar.c:2794)
==716817== 
==716817== 4,064 bytes in 1 blocks are still reachable in loss record 7 of 7
==716817==    at 0x48BD858: malloc (vg_replace_malloc.c:447)
==716817==    by 0x40512CC: xmalloc (xmalloc.c:45)
==716817==    by 0x404A07D: call_chunkfun (obstack.c:88)
==716817==    by 0x404A07D: _obstack_begin_worker.isra.0 (obstack.c:135)
==716817==    by 0x404A0A8: _obstack_begin (obstack.c:157)
==716817==    by 0x4032C57: _transform_name_to_obstack (transform.c:592)
==716817==    by 0x4032C57: transform_name_fp (transform.c:614)
==716817==    by 0x4023670: transform_member_name (list.c:114)
==716817==    by 0x4023670: transform_stat_info.part.0 (list.c:150)
==716817==    by 0x4025850: transform_stat_info (list.c:227)
==716817==    by 0x4025850: read_and (list.c:227)
==716817==    by 0x400CD4B: main (tar.c:2832)
==716817== 
==716817== LEAK SUMMARY:
==716817==    definitely lost: 0 bytes in 0 blocks
==716817==    indirectly lost: 0 bytes in 0 blocks
==716817==      possibly lost: 0 bytes in 0 blocks
==716817==    still reachable: 4,304 bytes in 7 blocks
==716817==         suppressed: 0 bytes in 0 blocks
==716817== 
==716817== For lists of detected and suppressed errors, rerun with: -s
==716817== ERROR SUMMARY: 0 errors from 0 contexts (suppressed: 0 from 0)
