==695745== Memcheck, a memory error detector
==695745== Copyright (C) 2002-2024, and GNU GPL'd, by Julian Seward et al.
==695745== Using Valgrind-3.26.0 and LibVEX; rerun with -h for copyright info
==695745== Command: tar --version
==695745== Parent PID: 695499
==695745== 
==695745== 
==695745== FILE DESCRIPTORS: 4 open (4 inherited) at exit.
==695745== 
==695745== HEAP SUMMARY:
==695745==     in use at exit: 7,767 bytes in 3 blocks
==695745==   total heap usage: 15 allocs, 12 frees, 12,021 bytes allocated
==695745== 
==695745== 16 bytes in 1 blocks are still reachable in loss record 1 of 3
==695745==    at 0x48C4E43: calloc (vg_replace_malloc.c:1678)
==695745==    by 0x40516F1: xcalloc (xmalloc.c:298)
==695745==    by 0x40516F1: xzalloc (xmalloc.c:283)
==695745==    by 0x400BEF9: decode_options (tar.c:2297)
==695745==    by 0x400BEF9: main (tar.c:2792)
==695745== 
==695745== 80 bytes in 1 blocks are still reachable in loss record 2 of 3
==695745==    at 0x48BD858: malloc (vg_replace_malloc.c:447)
==695745==    by 0x40512CC: xmalloc (xmalloc.c:45)
==695745==    by 0x400BE43: main (tar.c:2781)
==695745== 
==695745== 7,671 bytes in 1 blocks are still reachable in loss record 3 of 3
==695745==    at 0x48BD858: malloc (vg_replace_malloc.c:447)
==695745==    by 0x4041854: parser_init (argp-parse.c:495)
==695745==    by 0x4041854: argp_parse (argp-parse.c:921)
==695745==    by 0x400C045: decode_options (tar.c:2380)
==695745==    by 0x400C045: main (tar.c:2792)
==695745== 
==695745== LEAK SUMMARY:
==695745==    definitely lost: 0 bytes in 0 blocks
==695745==    indirectly lost: 0 bytes in 0 blocks
==695745==      possibly lost: 0 bytes in 0 blocks
==695745==    still reachable: 7,767 bytes in 3 blocks
==695745==         suppressed: 0 bytes in 0 blocks
==695745== 
==695745== For lists of detected and suppressed errors, rerun with: -s
==695745== ERROR SUMMARY: 0 errors from 0 contexts (suppressed: 0 from 0)
