==668977== Memcheck, a memory error detector
==668977== Copyright (C) 2002-2024, and GNU GPL'd, by Julian Seward et al.
==668977== Using Valgrind-3.26.0 and LibVEX; rerun with -h for copyright info
==668977== Command: tar dvf bar
==668977== Parent PID: 668944
==668977== 
==668977== 
==668977== FILE DESCRIPTORS: 1 open (1 inherited) at exit.
==668977== 
==668977== HEAP SUMMARY:
==668977==     in use at exit: 4,404 bytes in 8 blocks
==668977==   total heap usage: 71 allocs, 63 frees, 74,902 bytes allocated
==668977== 
==668977== 4 bytes in 1 blocks are still reachable in loss record 1 of 8
==668977==    at 0x586E858: malloc (vg_replace_malloc.c:447)
==668977==    by 0x469E11C: rboxc_tar_xcharalloc (in /root/rboxc/target/tar-map-probe-candidate/release/rboxc)
==668977==    by 0x469B1B8: quotearg_n_options (in /root/rboxc/target/tar-map-probe-candidate/release/rboxc)
==668977==    by 0x469BA8D: rboxc_tar_quotearg_n_style_colon (in /root/rboxc/target/tar-map-probe-candidate/release/rboxc)
==668977==    by 0x465F48B: rboxc_tar_report_difference (in /root/rboxc/target/tar-map-probe-candidate/release/rboxc)
==668977==    by 0x466015B: rboxc_tar_diff_archive (in /root/rboxc/target/tar-map-probe-candidate/release/rboxc)
==668977==    by 0x466F292: rboxc_tar_read_and (in /root/rboxc/target/tar-map-probe-candidate/release/rboxc)
==668977==    by 0x4478B63: single_binary_main_tar (in /root/rboxc/target/tar-map-probe-candidate/release/rboxc)
==668977==    by 0x5A18600: (below main) (libc_start_call_main.h:59)
==668977== 
==668977== 5 bytes in 1 blocks are still reachable in loss record 2 of 8
==668977==    at 0x586E858: malloc (vg_replace_malloc.c:447)
==668977==    by 0x469E66D: rboxc_tar_xstrdup (in /root/rboxc/target/tar-map-probe-candidate/release/rboxc)
==668977==    by 0x466FF4F: rboxc_tar_assign_string (in /root/rboxc/target/tar-map-probe-candidate/release/rboxc)
==668977==    by 0x467335C: rboxc_tar_uname_to_uid (in /root/rboxc/target/tar-map-probe-candidate/release/rboxc)
==668977==    by 0x466DFBF: rboxc_tar_decode_header (in /root/rboxc/target/tar-map-probe-candidate/release/rboxc)
==668977==    by 0x466F056: rboxc_tar_read_and (in /root/rboxc/target/tar-map-probe-candidate/release/rboxc)
==668977==    by 0x4478B63: single_binary_main_tar (in /root/rboxc/target/tar-map-probe-candidate/release/rboxc)
==668977==    by 0x5A18600: (below main) (libc_start_call_main.h:59)
==668977== 
==668977== 5 bytes in 1 blocks are still reachable in loss record 3 of 8
==668977==    at 0x586E858: malloc (vg_replace_malloc.c:447)
==668977==    by 0x469E66D: rboxc_tar_xstrdup (in /root/rboxc/target/tar-map-probe-candidate/release/rboxc)
==668977==    by 0x466FF4F: rboxc_tar_assign_string (in /root/rboxc/target/tar-map-probe-candidate/release/rboxc)
==668977==    by 0x46733FC: rboxc_tar_gname_to_gid (in /root/rboxc/target/tar-map-probe-candidate/release/rboxc)
==668977==    by 0x466DF9F: rboxc_tar_decode_header (in /root/rboxc/target/tar-map-probe-candidate/release/rboxc)
==668977==    by 0x466F056: rboxc_tar_read_and (in /root/rboxc/target/tar-map-probe-candidate/release/rboxc)
==668977==    by 0x4478B63: single_binary_main_tar (in /root/rboxc/target/tar-map-probe-candidate/release/rboxc)
==668977==    by 0x5A18600: (below main) (libc_start_call_main.h:59)
==668977== 
==668977== 16 bytes in 1 blocks are still reachable in loss record 4 of 8
==668977==    at 0x5875E43: calloc (vg_replace_malloc.c:1678)
==668977==    by 0x469E501: rboxc_tar_xzalloc (in /root/rboxc/target/tar-map-probe-candidate/release/rboxc)
==668977==    by 0x4477AF5: single_binary_main_tar (in /root/rboxc/target/tar-map-probe-candidate/release/rboxc)
==668977==    by 0x5A18600: (below main) (libc_start_call_main.h:59)
==668977== 
==668977== 80 bytes in 1 blocks are still reachable in loss record 5 of 8
==668977==    at 0x586E858: malloc (vg_replace_malloc.c:447)
==668977==    by 0x469E0DC: rboxc_tar_xmalloc (in /root/rboxc/target/tar-map-probe-candidate/release/rboxc)
==668977==    by 0x4477A00: single_binary_main_tar (in /root/rboxc/target/tar-map-probe-candidate/release/rboxc)
==668977==    by 0x5A18600: (below main) (libc_start_call_main.h:59)
==668977== 
==668977== 102 bytes in 1 blocks are still reachable in loss record 6 of 8
==668977==    at 0x586E858: malloc (vg_replace_malloc.c:447)
==668977==    by 0x469E0DC: rboxc_tar_xmalloc (in /root/rboxc/target/tar-map-probe-candidate/release/rboxc)
==668977==    by 0x46734A1: rboxc_tar_name_init (in /root/rboxc/target/tar-map-probe-candidate/release/rboxc)
==668977==    by 0x4478A7A: single_binary_main_tar (in /root/rboxc/target/tar-map-probe-candidate/release/rboxc)
==668977==    by 0x5A18600: (below main) (libc_start_call_main.h:59)
==668977== 
==668977== 128 bytes in 1 blocks are still reachable in loss record 7 of 8
==668977==    at 0x587607F: realloc (vg_replace_malloc.c:1804)
==668977==    by 0x469E480: rboxc_tar_xpalloc (in /root/rboxc/target/tar-map-probe-candidate/release/rboxc)
==668977==    by 0x469B236: quotearg_n_options (in /root/rboxc/target/tar-map-probe-candidate/release/rboxc)
==668977==    by 0x469BA8D: rboxc_tar_quotearg_n_style_colon (in /root/rboxc/target/tar-map-probe-candidate/release/rboxc)
==668977==    by 0x465F48B: rboxc_tar_report_difference (in /root/rboxc/target/tar-map-probe-candidate/release/rboxc)
==668977==    by 0x466015B: rboxc_tar_diff_archive (in /root/rboxc/target/tar-map-probe-candidate/release/rboxc)
==668977==    by 0x466F292: rboxc_tar_read_and (in /root/rboxc/target/tar-map-probe-candidate/release/rboxc)
==668977==    by 0x4478B63: single_binary_main_tar (in /root/rboxc/target/tar-map-probe-candidate/release/rboxc)
==668977==    by 0x5A18600: (below main) (libc_start_call_main.h:59)
==668977== 
==668977== 4,064 bytes in 1 blocks are still reachable in loss record 8 of 8
==668977==    at 0x586E858: malloc (vg_replace_malloc.c:447)
==668977==    by 0x469E0DC: rboxc_tar_xmalloc (in /root/rboxc/target/tar-map-probe-candidate/release/rboxc)
==668977==    by 0x4695FFD: _obstack_begin_worker.isra.0 (in /root/rboxc/target/tar-map-probe-candidate/release/rboxc)
==668977==    by 0x4696028: rboxc_tar__obstack_begin (in /root/rboxc/target/tar-map-probe-candidate/release/rboxc)
==668977==    by 0x4679CD7: rboxc_tar_transform_name_fp (in /root/rboxc/target/tar-map-probe-candidate/release/rboxc)
==668977==    by 0x466D0B0: transform_stat_info.part.0 (in /root/rboxc/target/tar-map-probe-candidate/release/rboxc)
==668977==    by 0x466F290: rboxc_tar_read_and (in /root/rboxc/target/tar-map-probe-candidate/release/rboxc)
==668977==    by 0x4478B63: single_binary_main_tar (in /root/rboxc/target/tar-map-probe-candidate/release/rboxc)
==668977==    by 0x5A18600: (below main) (libc_start_call_main.h:59)
==668977== 
==668977== LEAK SUMMARY:
==668977==    definitely lost: 0 bytes in 0 blocks
==668977==    indirectly lost: 0 bytes in 0 blocks
==668977==      possibly lost: 0 bytes in 0 blocks
==668977==    still reachable: 4,404 bytes in 8 blocks
==668977==         suppressed: 0 bytes in 0 blocks
==668977== 
==668977== For lists of detected and suppressed errors, rerun with: -s
==668977== ERROR SUMMARY: 0 errors from 0 contexts (suppressed: 0 from 0)
