==654563== Memcheck, a memory error detector
==654563== Copyright (C) 2002-2024, and GNU GPL'd, by Julian Seward et al.
==654563== Using Valgrind-3.26.0 and LibVEX; rerun with -h for copyright info
==654563== Command: tar --acls -cf archive.tar dir
==654563== Parent PID: 654330
==654563== 
==654563== 
==654563== FILE DESCRIPTORS: 1 open (1 inherited) at exit.
==654563== 
==654563== HEAP SUMMARY:
==654563==     in use at exit: 4,645 bytes in 14 blocks
==654563==   total heap usage: 90 allocs, 76 frees, 107,606 bytes allocated
==654563== 
==654563== 5 bytes in 1 blocks are still reachable in loss record 1 of 11
==654563==    at 0x48BD858: malloc (vg_replace_malloc.c:447)
==654563==    by 0x405185D: xmalloc (xmalloc.c:45)
==654563==    by 0x405185D: xmemdup (xmalloc.c:314)
==654563==    by 0x405185D: xstrdup (xmalloc.c:339)
==654563==    by 0x402644F: assign_string (misc.c:58)
==654563==    by 0x4029612: uid_to_uname (names.c:490)
==654563==    by 0x40155F3: start_header (create.c:931)
==654563==    by 0x40167F9: dump_dir0 (create.c:1123)
==654563==    by 0x40167F9: dump_dir (create.c:1320)
==654563==    by 0x40167F9: dump_file0 (create.c:1757)
==654563==    by 0x4017589: dump_file (create.c:1968)
==654563==    by 0x4017589: create_archive (create.c:1412)
==654563==    by 0x400CD90: main (tar.c:2818)
==654563== 
==654563== 5 bytes in 1 blocks are still reachable in loss record 2 of 11
==654563==    at 0x48BD858: malloc (vg_replace_malloc.c:447)
==654563==    by 0x405185D: xmalloc (xmalloc.c:45)
==654563==    by 0x405185D: xmemdup (xmalloc.c:314)
==654563==    by 0x405185D: xstrdup (xmalloc.c:339)
==654563==    by 0x402644F: assign_string (misc.c:58)
==654563==    by 0x40296A2: gid_to_gname (names.c:520)
==654563==    by 0x40155DB: start_header (create.c:936)
==654563==    by 0x40167F9: dump_dir0 (create.c:1123)
==654563==    by 0x40167F9: dump_dir (create.c:1320)
==654563==    by 0x40167F9: dump_file0 (create.c:1757)
==654563==    by 0x4017589: dump_file (create.c:1968)
==654563==    by 0x4017589: create_archive (create.c:1412)
==654563==    by 0x400CD90: main (tar.c:2818)
==654563== 
==654563== 10 bytes in 2 blocks are indirectly lost in loss record 3 of 11
==654563==    at 0x48BD858: malloc (vg_replace_malloc.c:447)
==654563==    by 0x40387DD: wsnode_quoteremoval (wordsplit.c:651)
==654563==    by 0x4039CFD: wordsplit_process_list (wordsplit.c:2390)
==654563==    by 0x403A562: wordsplit_run.constprop.0 (wordsplit.c:2434)
==654563==    by 0x400BFFA: parse_default_options (tar.c:2256)
==654563==    by 0x400BFFA: decode_options (tar.c:2378)
==654563==    by 0x400BFFA: main (tar.c:2792)
==654563== 
==654563== 10 bytes in 2 blocks are definitely lost in loss record 4 of 11
==654563==    at 0x48BD858: malloc (vg_replace_malloc.c:447)
==654563==    by 0x403A1FB: wordsplit_finish (wordsplit.c:836)
==654563==    by 0x400BFFA: parse_default_options (tar.c:2256)
==654563==    by 0x400BFFA: decode_options (tar.c:2378)
==654563==    by 0x400BFFA: main (tar.c:2792)
==654563== 
==654563== 16 bytes in 1 blocks are still reachable in loss record 5 of 11
==654563==    at 0x48C4E43: calloc (vg_replace_malloc.c:1678)
==654563==    by 0x40516F1: xcalloc (xmalloc.c:298)
==654563==    by 0x40516F1: xzalloc (xmalloc.c:283)
==654563==    by 0x400BEF9: decode_options (tar.c:2297)
==654563==    by 0x400BEF9: main (tar.c:2792)
==654563== 
==654563== 17 bytes in 1 blocks are still reachable in loss record 6 of 11
==654563==    at 0x48BD858: malloc (vg_replace_malloc.c:447)
==654563==    by 0x405185D: xmalloc (xmalloc.c:45)
==654563==    by 0x405185D: xmemdup (xmalloc.c:314)
==654563==    by 0x405185D: xstrdup (xmalloc.c:339)
==654563==    by 0x402644F: assign_string (misc.c:58)
==654563==    by 0x401E7A6: xheader_xhdr_name (xheader.c:393)
==654563==    by 0x4014297: write_extended.part.0 (create.c:713)
==654563==    by 0x4014896: write_extended (create.c:699)
==654563==    by 0x4014896: finish_header (create.c:1024)
==654563==    by 0x4016C5E: dump_dir0 (create.c:1137)
==654563==    by 0x4016C5E: dump_dir (create.c:1320)
==654563==    by 0x4016C5E: dump_file0 (create.c:1757)
==654563==    by 0x4017589: dump_file (create.c:1968)
==654563==    by 0x4017589: create_archive (create.c:1412)
==654563==    by 0x400CD90: main (tar.c:2818)
==654563== 
==654563== 80 bytes in 1 blocks are still reachable in loss record 7 of 11
==654563==    at 0x48BD858: malloc (vg_replace_malloc.c:447)
==654563==    by 0x40512CC: xmalloc (xmalloc.c:45)
==654563==    by 0x400BE43: main (tar.c:2781)
==654563== 
==654563== 90 (80 direct, 10 indirect) bytes in 2 blocks are definitely lost in loss record 8 of 11
==654563==    at 0x48C4E43: calloc (vg_replace_malloc.c:1678)
==654563==    by 0x403959D: wsnode_new (wordsplit.c:422)
==654563==    by 0x403959D: wordsplit_add_segm (wordsplit.c:523)
==654563==    by 0x4039854: scan_word (wordsplit.c:2062)
==654563==    by 0x4039C7C: wordsplit_process_list (wordsplit.c:2358)
==654563==    by 0x403A562: wordsplit_run.constprop.0 (wordsplit.c:2434)
==654563==    by 0x400BFFA: parse_default_options (tar.c:2256)
==654563==    by 0x400BFFA: decode_options (tar.c:2378)
==654563==    by 0x400BFFA: main (tar.c:2792)
==654563== 
==654563== 102 bytes in 1 blocks are still reachable in loss record 9 of 11
==654563==    at 0x48BD858: malloc (vg_replace_malloc.c:447)
==654563==    by 0x40512CC: xmalloc (xmalloc.c:45)
==654563==    by 0x4029881: name_init (names.c:869)
==654563==    by 0x400C94C: main (tar.c:2794)
==654563== 
==654563== 256 bytes in 1 blocks are still reachable in loss record 10 of 11
==654563==    at 0x48BD858: malloc (vg_replace_malloc.c:447)
==654563==    by 0x40512CC: xmalloc (xmalloc.c:45)
==654563==    by 0x401D274: xattr_encode_keyword (xheader.c:833)
==654563==    by 0x401D274: xheader_print_n (xheader.c:876)
==654563==    by 0x401D4FB: xheader_print (xheader.c:899)
==654563==    by 0x401D4FB: code_time (xheader.c:1043)
==654563==    by 0x401D4FB: mtime_coder (xheader.c:1232)
==654563==    by 0x401527F: start_header (create.c:852)
==654563==    by 0x40167F9: dump_dir0 (create.c:1123)
==654563==    by 0x40167F9: dump_dir (create.c:1320)
==654563==    by 0x40167F9: dump_file0 (create.c:1757)
==654563==    by 0x4017589: dump_file (create.c:1968)
==654563==    by 0x4017589: create_archive (create.c:1412)
==654563==    by 0x400CD90: main (tar.c:2818)
==654563== 
==654563== 4,064 bytes in 1 blocks are still reachable in loss record 11 of 11
==654563==    at 0x48BD858: malloc (vg_replace_malloc.c:447)
==654563==    by 0x40512CC: xmalloc (xmalloc.c:45)
==654563==    by 0x404A07D: call_chunkfun (obstack.c:88)
==654563==    by 0x404A07D: _obstack_begin_worker.isra.0 (obstack.c:135)
==654563==    by 0x404A0A8: _obstack_begin (obstack.c:157)
==654563==    by 0x4032C57: _transform_name_to_obstack (transform.c:592)
==654563==    by 0x4032C57: transform_name_fp (transform.c:614)
==654563==    by 0x4016444: dump_file0 (create.c:1657)
==654563==    by 0x4017589: dump_file (create.c:1968)
==654563==    by 0x4017589: create_archive (create.c:1412)
==654563==    by 0x400CD90: main (tar.c:2818)
==654563== 
==654563== LEAK SUMMARY:
==654563==    definitely lost: 90 bytes in 4 blocks
==654563==    indirectly lost: 10 bytes in 2 blocks
==654563==      possibly lost: 0 bytes in 0 blocks
==654563==    still reachable: 4,545 bytes in 8 blocks
==654563==         suppressed: 0 bytes in 0 blocks
==654563== 
==654563== For lists of detected and suppressed errors, rerun with: -s
==654563== ERROR SUMMARY: 2 errors from 2 contexts (suppressed: 0 from 0)
