==723656== Memcheck, a memory error detector
==723656== Copyright (C) 2002-2024, and GNU GPL'd, by Julian Seward et al.
==723656== Using Valgrind-3.26.0 and LibVEX; rerun with -h for copyright info
==723656== Command: /bin/sh -c rm\ -f\ orig.bin\ orig.out\ new.out
==723656== Parent PID: 723642
==723656== 
==723656== 
==723656== FILE DESCRIPTORS: 3 open (3 inherited) at exit.
==723656== 
==723656== HEAP SUMMARY:
==723656==     in use at exit: 1,068 bytes in 29 blocks
==723656==   total heap usage: 32 allocs, 3 frees, 1,732 bytes allocated
==723656== 
==723656== 26 bytes in 1 blocks are still reachable in loss record 1 of 6
==723656==    at 0x486E858: malloc (vg_replace_malloc.c:447)
==723656==    by 0x40083FA: ??? (in /usr/bin/dash)
==723656==    by 0x4012E0A: ??? (in /usr/bin/dash)
==723656==    by 0x4013FFF: ??? (in /usr/bin/dash)
==723656==    by 0x400BCE7: ??? (in /usr/bin/dash)
==723656==    by 0x40120F8: ??? (in /usr/bin/dash)
==723656==    by 0x4004DA0: ??? (in /usr/bin/dash)
==723656==    by 0x48C4600: (below main) (libc_start_call_main.h:59)
==723656== 
==723656== 32 bytes in 1 blocks are still reachable in loss record 2 of 6
==723656==    at 0x486E858: malloc (vg_replace_malloc.c:447)
==723656==    by 0x4017AB2: ??? (in /usr/bin/dash)
==723656==    by 0x40186D4: ??? (in /usr/bin/dash)
==723656==    by 0x4004BC6: ??? (in /usr/bin/dash)
==723656==    by 0x48C4600: (below main) (libc_start_call_main.h:59)
==723656== 
==723656== 39 bytes in 1 blocks are still reachable in loss record 3 of 6
==723656==    at 0x486E858: malloc (vg_replace_malloc.c:447)
==723656==    by 0x495596E: strdup (strdup.c:42)
==723656==    by 0x40081DF: ??? (in /usr/bin/dash)
==723656==    by 0x40186F9: ??? (in /usr/bin/dash)
==723656==    by 0x4004BC6: ??? (in /usr/bin/dash)
==723656==    by 0x48C4600: (below main) (libc_start_call_main.h:59)
==723656== 
==723656== 43 bytes in 1 blocks are still reachable in loss record 4 of 6
==723656==    at 0x486E858: malloc (vg_replace_malloc.c:447)
==723656==    by 0x4017C53: ??? (in /usr/bin/dash)
==723656==    by 0x40186F9: ??? (in /usr/bin/dash)
==723656==    by 0x4004BC6: ??? (in /usr/bin/dash)
==723656==    by 0x48C4600: (below main) (libc_start_call_main.h:59)
==723656== 
==723656== 160 bytes in 1 blocks are still reachable in loss record 5 of 6
==723656==    at 0x487607F: realloc (vg_replace_malloc.c:1804)
==723656==    by 0x40074DC: ??? (in /usr/bin/dash)
==723656==    by 0x400A64D: ??? (in /usr/bin/dash)
==723656==    by 0x4014058: ??? (in /usr/bin/dash)
==723656==    by 0x400BCE7: ??? (in /usr/bin/dash)
==723656==    by 0x40120F8: ??? (in /usr/bin/dash)
==723656==    by 0x4004DA0: ??? (in /usr/bin/dash)
==723656==    by 0x48C4600: (below main) (libc_start_call_main.h:59)
==723656== 
==723656== 768 bytes in 24 blocks are still reachable in loss record 6 of 6
==723656==    at 0x486E858: malloc (vg_replace_malloc.c:447)
==723656==    by 0x4017AB2: ??? (in /usr/bin/dash)
==723656==    by 0x4018670: ??? (in /usr/bin/dash)
==723656==    by 0x4004BC6: ??? (in /usr/bin/dash)
==723656==    by 0x48C4600: (below main) (libc_start_call_main.h:59)
==723656== 
==723656== LEAK SUMMARY:
==723656==    definitely lost: 0 bytes in 0 blocks
==723656==    indirectly lost: 0 bytes in 0 blocks
==723656==      possibly lost: 0 bytes in 0 blocks
==723656==    still reachable: 1,068 bytes in 29 blocks
==723656==         suppressed: 0 bytes in 0 blocks
==723656== 
==723656== For lists of detected and suppressed errors, rerun with: -s
==723656== ERROR SUMMARY: 0 errors from 0 contexts (suppressed: 0 from 0)
