==604985== Memcheck, a memory error detector
==604985== Copyright (C) 2002-2024, and GNU GPL'd, by Julian Seward et al.
==604985== Using Valgrind-3.26.0 and LibVEX; rerun with -h for copyright info
==604985== Command: tar ufv archive --wildcards ./file.*
==604985== Parent PID: 604674
==604985== 
==604985== 
==604985== FILE DESCRIPTORS: 1 open (1 inherited) at exit.
==604985== 
==604985== HEAP SUMMARY:
==604985==     in use at exit: 4,262 bytes in 4 blocks
==604985==   total heap usage: 47 allocs, 43 frees, 35,778 bytes allocated
==604985== 
==604985== 16 bytes in 1 blocks are still reachable in loss record 1 of 4
==604985==    at 0x5875E43: calloc (vg_replace_malloc.c:1678)
==604985==    by 0x469E501: rboxc_tar_xzalloc (in /root/rboxc/target/screen-owned-candidate/release/rboxc)
==604985==    by 0x4477AF5: single_binary_main_tar (in /root/rboxc/target/screen-owned-candidate/release/rboxc)
==604985==    by 0x5A18600: (below main) (libc_start_call_main.h:59)
==604985== 
==604985== 80 bytes in 1 blocks are still reachable in loss record 2 of 4
==604985==    at 0x586E858: malloc (vg_replace_malloc.c:447)
==604985==    by 0x469E0DC: rboxc_tar_xmalloc (in /root/rboxc/target/screen-owned-candidate/release/rboxc)
==604985==    by 0x4477A00: single_binary_main_tar (in /root/rboxc/target/screen-owned-candidate/release/rboxc)
==604985==    by 0x5A18600: (below main) (libc_start_call_main.h:59)
==604985== 
==604985== 102 bytes in 1 blocks are still reachable in loss record 3 of 4
==604985==    at 0x586E858: malloc (vg_replace_malloc.c:447)
==604985==    by 0x469E0DC: rboxc_tar_xmalloc (in /root/rboxc/target/screen-owned-candidate/release/rboxc)
==604985==    by 0x46734A1: rboxc_tar_name_init (in /root/rboxc/target/screen-owned-candidate/release/rboxc)
==604985==    by 0x4478A7A: single_binary_main_tar (in /root/rboxc/target/screen-owned-candidate/release/rboxc)
==604985==    by 0x5A18600: (below main) (libc_start_call_main.h:59)
==604985== 
==604985== 4,064 bytes in 1 blocks are still reachable in loss record 4 of 4
==604985==    at 0x586E858: malloc (vg_replace_malloc.c:447)
==604985==    by 0x469E0DC: rboxc_tar_xmalloc (in /root/rboxc/target/screen-owned-candidate/release/rboxc)
==604985==    by 0x4695FFD: _obstack_begin_worker.isra.0 (in /root/rboxc/target/screen-owned-candidate/release/rboxc)
==604985==    by 0x4696028: rboxc_tar__obstack_begin (in /root/rboxc/target/screen-owned-candidate/release/rboxc)
==604985==    by 0x4679CD7: rboxc_tar_transform_name_fp (in /root/rboxc/target/screen-owned-candidate/release/rboxc)
==604985==    by 0x466D0B0: transform_stat_info.part.0 (in /root/rboxc/target/screen-owned-candidate/release/rboxc)
==604985==    by 0x467A4BD: rboxc_tar_update_archive (in /root/rboxc/target/screen-owned-candidate/release/rboxc)
==604985==    by 0x4478AB6: single_binary_main_tar (in /root/rboxc/target/screen-owned-candidate/release/rboxc)
==604985==    by 0x5A18600: (below main) (libc_start_call_main.h:59)
==604985== 
==604985== LEAK SUMMARY:
==604985==    definitely lost: 0 bytes in 0 blocks
==604985==    indirectly lost: 0 bytes in 0 blocks
==604985==      possibly lost: 0 bytes in 0 blocks
==604985==    still reachable: 4,262 bytes in 4 blocks
==604985==         suppressed: 0 bytes in 0 blocks
==604985== 
==604985== For lists of detected and suppressed errors, rerun with: -s
==604985== ERROR SUMMARY: 0 errors from 0 contexts (suppressed: 0 from 0)
