==607180== Memcheck, a memory error detector
==607180== Copyright (C) 2002-2024, and GNU GPL'd, by Julian Seward et al.
==607180== Using Valgrind-3.26.0 and LibVEX; rerun with -h for copyright info
==607180== Command: tar ufv archive --wildcards ./file.*
==607180== Parent PID: 606782
==607180== 
==607180== 
==607180== FILE DESCRIPTORS: 1 open (1 inherited) at exit.
==607180== 
==607180== HEAP SUMMARY:
==607180==     in use at exit: 4,262 bytes in 4 blocks
==607180==   total heap usage: 59 allocs, 55 frees, 38,234 bytes allocated
==607180== 
==607180== 16 bytes in 1 blocks are still reachable in loss record 1 of 4
==607180==    at 0x5875E43: calloc (vg_replace_malloc.c:1678)
==607180==    by 0x469E501: rboxc_tar_xzalloc (in /root/rboxc/target/screen-owned-candidate/release/rboxc)
==607180==    by 0x4477AF5: single_binary_main_tar (in /root/rboxc/target/screen-owned-candidate/release/rboxc)
==607180==    by 0x5A18600: (below main) (libc_start_call_main.h:59)
==607180== 
==607180== 80 bytes in 1 blocks are still reachable in loss record 2 of 4
==607180==    at 0x586E858: malloc (vg_replace_malloc.c:447)
==607180==    by 0x469E0DC: rboxc_tar_xmalloc (in /root/rboxc/target/screen-owned-candidate/release/rboxc)
==607180==    by 0x4477A00: single_binary_main_tar (in /root/rboxc/target/screen-owned-candidate/release/rboxc)
==607180==    by 0x5A18600: (below main) (libc_start_call_main.h:59)
==607180== 
==607180== 102 bytes in 1 blocks are still reachable in loss record 3 of 4
==607180==    at 0x586E858: malloc (vg_replace_malloc.c:447)
==607180==    by 0x469E0DC: rboxc_tar_xmalloc (in /root/rboxc/target/screen-owned-candidate/release/rboxc)
==607180==    by 0x46734A1: rboxc_tar_name_init (in /root/rboxc/target/screen-owned-candidate/release/rboxc)
==607180==    by 0x4478A7A: single_binary_main_tar (in /root/rboxc/target/screen-owned-candidate/release/rboxc)
==607180==    by 0x5A18600: (below main) (libc_start_call_main.h:59)
==607180== 
==607180== 4,064 bytes in 1 blocks are still reachable in loss record 4 of 4
==607180==    at 0x586E858: malloc (vg_replace_malloc.c:447)
==607180==    by 0x469E0DC: rboxc_tar_xmalloc (in /root/rboxc/target/screen-owned-candidate/release/rboxc)
==607180==    by 0x4695FFD: _obstack_begin_worker.isra.0 (in /root/rboxc/target/screen-owned-candidate/release/rboxc)
==607180==    by 0x4696028: rboxc_tar__obstack_begin (in /root/rboxc/target/screen-owned-candidate/release/rboxc)
==607180==    by 0x4679CD7: rboxc_tar_transform_name_fp (in /root/rboxc/target/screen-owned-candidate/release/rboxc)
==607180==    by 0x466D0B0: transform_stat_info.part.0 (in /root/rboxc/target/screen-owned-candidate/release/rboxc)
==607180==    by 0x467A4BD: rboxc_tar_update_archive (in /root/rboxc/target/screen-owned-candidate/release/rboxc)
==607180==    by 0x4478AB6: single_binary_main_tar (in /root/rboxc/target/screen-owned-candidate/release/rboxc)
==607180==    by 0x5A18600: (below main) (libc_start_call_main.h:59)
==607180== 
==607180== LEAK SUMMARY:
==607180==    definitely lost: 0 bytes in 0 blocks
==607180==    indirectly lost: 0 bytes in 0 blocks
==607180==      possibly lost: 0 bytes in 0 blocks
==607180==    still reachable: 4,262 bytes in 4 blocks
==607180==         suppressed: 0 bytes in 0 blocks
==607180== 
==607180== For lists of detected and suppressed errors, rerun with: -s
==607180== ERROR SUMMARY: 0 errors from 0 contexts (suppressed: 0 from 0)
