==640991== Memcheck, a memory error detector
==640991== Copyright (C) 2002-2024, and GNU GPL'd, by Julian Seward et al.
==640991== Using Valgrind-3.26.0 and LibVEX; rerun with -h for copyright info
==640991== Command: tar -c -f archive.1 -l --remove-files file1 file2 file3 file4
==640991== Parent PID: 640985
==640991== 
==640991== 
==640991== FILE DESCRIPTORS: 1 open (1 inherited) at exit.
==640991== 
==640991== HEAP SUMMARY:
==640991==     in use at exit: 4,560 bytes in 9 blocks
==640991==   total heap usage: 88 allocs, 79 frees, 57,093 bytes allocated
==640991== 
==640991== 5 bytes in 1 blocks are still reachable in loss record 1 of 9
==640991==    at 0x586E858: malloc (vg_replace_malloc.c:447)
==640991==    by 0x469E66D: rboxc_tar_xstrdup (in /root/rboxc/target/tar-map-probe-candidate/release/rboxc)
==640991==    by 0x466FF4F: rboxc_tar_assign_string (in /root/rboxc/target/tar-map-probe-candidate/release/rboxc)
==640991==    by 0x4673232: rboxc_tar_uid_to_uname (in /root/rboxc/target/tar-map-probe-candidate/release/rboxc)
==640991==    by 0x4662453: rboxc_tar_start_header (in /root/rboxc/target/tar-map-probe-candidate/release/rboxc)
==640991==    by 0x46625F8: dump_regular_file (in /root/rboxc/target/tar-map-probe-candidate/release/rboxc)
==640991==    by 0x4663442: dump_file0 (in /root/rboxc/target/tar-map-probe-candidate/release/rboxc)
==640991==    by 0x46643E9: rboxc_tar_create_archive (in /root/rboxc/target/tar-map-probe-candidate/release/rboxc)
==640991==    by 0x4478AF8: single_binary_main_tar (in /root/rboxc/target/tar-map-probe-candidate/release/rboxc)
==640991==    by 0x5A18600: (below main) (libc_start_call_main.h:59)
==640991== 
==640991== 5 bytes in 1 blocks are still reachable in loss record 2 of 9
==640991==    at 0x586E858: malloc (vg_replace_malloc.c:447)
==640991==    by 0x469E66D: rboxc_tar_xstrdup (in /root/rboxc/target/tar-map-probe-candidate/release/rboxc)
==640991==    by 0x466FF4F: rboxc_tar_assign_string (in /root/rboxc/target/tar-map-probe-candidate/release/rboxc)
==640991==    by 0x46732C2: rboxc_tar_gid_to_gname (in /root/rboxc/target/tar-map-probe-candidate/release/rboxc)
==640991==    by 0x466243B: rboxc_tar_start_header (in /root/rboxc/target/tar-map-probe-candidate/release/rboxc)
==640991==    by 0x46625F8: dump_regular_file (in /root/rboxc/target/tar-map-probe-candidate/release/rboxc)
==640991==    by 0x4663442: dump_file0 (in /root/rboxc/target/tar-map-probe-candidate/release/rboxc)
==640991==    by 0x46643E9: rboxc_tar_create_archive (in /root/rboxc/target/tar-map-probe-candidate/release/rboxc)
==640991==    by 0x4478AF8: single_binary_main_tar (in /root/rboxc/target/tar-map-probe-candidate/release/rboxc)
==640991==    by 0x5A18600: (below main) (libc_start_call_main.h:59)
==640991== 
==640991== 16 bytes in 1 blocks are still reachable in loss record 3 of 9
==640991==    at 0x5875E43: calloc (vg_replace_malloc.c:1678)
==640991==    by 0x469E501: rboxc_tar_xzalloc (in /root/rboxc/target/tar-map-probe-candidate/release/rboxc)
==640991==    by 0x4477AF5: single_binary_main_tar (in /root/rboxc/target/tar-map-probe-candidate/release/rboxc)
==640991==    by 0x5A18600: (below main) (libc_start_call_main.h:59)
==640991== 
==640991== 32 bytes in 1 blocks are still reachable in loss record 4 of 9
==640991==    at 0x586E858: malloc (vg_replace_malloc.c:447)
==640991==    by 0x469E0DC: rboxc_tar_xmalloc (in /root/rboxc/target/tar-map-probe-candidate/release/rboxc)
==640991==    by 0x4660EDE: file_count_links (in /root/rboxc/target/tar-map-probe-candidate/release/rboxc)
==640991==    by 0x46638B8: dump_file0 (in /root/rboxc/target/tar-map-probe-candidate/release/rboxc)
==640991==    by 0x46643E9: rboxc_tar_create_archive (in /root/rboxc/target/tar-map-probe-candidate/release/rboxc)
==640991==    by 0x4478AF8: single_binary_main_tar (in /root/rboxc/target/tar-map-probe-candidate/release/rboxc)
==640991==    by 0x5A18600: (below main) (libc_start_call_main.h:59)
==640991== 
==640991== 80 bytes in 1 blocks are still reachable in loss record 5 of 9
==640991==    at 0x586E858: malloc (vg_replace_malloc.c:447)
==640991==    by 0x469E0DC: rboxc_tar_xmalloc (in /root/rboxc/target/tar-map-probe-candidate/release/rboxc)
==640991==    by 0x4477A00: single_binary_main_tar (in /root/rboxc/target/tar-map-probe-candidate/release/rboxc)
==640991==    by 0x5A18600: (below main) (libc_start_call_main.h:59)
==640991== 
==640991== 80 bytes in 1 blocks are still reachable in loss record 6 of 9
==640991==    at 0x586E858: malloc (vg_replace_malloc.c:447)
==640991==    by 0x4693786: rboxc_tar_hash_initialize (in /root/rboxc/target/tar-map-probe-candidate/release/rboxc)
==640991==    by 0x4660F7B: file_count_links (in /root/rboxc/target/tar-map-probe-candidate/release/rboxc)
==640991==    by 0x46638B8: dump_file0 (in /root/rboxc/target/tar-map-probe-candidate/release/rboxc)
==640991==    by 0x46643E9: rboxc_tar_create_archive (in /root/rboxc/target/tar-map-probe-candidate/release/rboxc)
==640991==    by 0x4478AF8: single_binary_main_tar (in /root/rboxc/target/tar-map-probe-candidate/release/rboxc)
==640991==    by 0x5A18600: (below main) (libc_start_call_main.h:59)
==640991== 
==640991== 102 bytes in 1 blocks are still reachable in loss record 7 of 9
==640991==    at 0x586E858: malloc (vg_replace_malloc.c:447)
==640991==    by 0x469E0DC: rboxc_tar_xmalloc (in /root/rboxc/target/tar-map-probe-candidate/release/rboxc)
==640991==    by 0x46734A1: rboxc_tar_name_init (in /root/rboxc/target/tar-map-probe-candidate/release/rboxc)
==640991==    by 0x4478A7A: single_binary_main_tar (in /root/rboxc/target/tar-map-probe-candidate/release/rboxc)
==640991==    by 0x5A18600: (below main) (libc_start_call_main.h:59)
==640991== 
==640991== 176 bytes in 1 blocks are still reachable in loss record 8 of 9
==640991==    at 0x5875E43: calloc (vg_replace_malloc.c:1678)
==640991==    by 0x46937DC: rboxc_tar_hash_initialize (in /root/rboxc/target/tar-map-probe-candidate/release/rboxc)
==640991==    by 0x4660F7B: file_count_links (in /root/rboxc/target/tar-map-probe-candidate/release/rboxc)
==640991==    by 0x46638B8: dump_file0 (in /root/rboxc/target/tar-map-probe-candidate/release/rboxc)
==640991==    by 0x46643E9: rboxc_tar_create_archive (in /root/rboxc/target/tar-map-probe-candidate/release/rboxc)
==640991==    by 0x4478AF8: single_binary_main_tar (in /root/rboxc/target/tar-map-probe-candidate/release/rboxc)
==640991==    by 0x5A18600: (below main) (libc_start_call_main.h:59)
==640991== 
==640991== 4,064 bytes in 1 blocks are still reachable in loss record 9 of 9
==640991==    at 0x586E858: malloc (vg_replace_malloc.c:447)
==640991==    by 0x469E0DC: rboxc_tar_xmalloc (in /root/rboxc/target/tar-map-probe-candidate/release/rboxc)
==640991==    by 0x4695FFD: _obstack_begin_worker.isra.0 (in /root/rboxc/target/tar-map-probe-candidate/release/rboxc)
==640991==    by 0x4696028: rboxc_tar__obstack_begin (in /root/rboxc/target/tar-map-probe-candidate/release/rboxc)
==640991==    by 0x4679CD7: rboxc_tar_transform_name_fp (in /root/rboxc/target/tar-map-probe-candidate/release/rboxc)
==640991==    by 0x46632A4: dump_file0 (in /root/rboxc/target/tar-map-probe-candidate/release/rboxc)
==640991==    by 0x46643E9: rboxc_tar_create_archive (in /root/rboxc/target/tar-map-probe-candidate/release/rboxc)
==640991==    by 0x4478AF8: single_binary_main_tar (in /root/rboxc/target/tar-map-probe-candidate/release/rboxc)
==640991==    by 0x5A18600: (below main) (libc_start_call_main.h:59)
==640991== 
==640991== LEAK SUMMARY:
==640991==    definitely lost: 0 bytes in 0 blocks
==640991==    indirectly lost: 0 bytes in 0 blocks
==640991==      possibly lost: 0 bytes in 0 blocks
==640991==    still reachable: 4,560 bytes in 9 blocks
==640991==         suppressed: 0 bytes in 0 blocks
==640991== 
==640991== For lists of detected and suppressed errors, rerun with: -s
==640991== ERROR SUMMARY: 0 errors from 0 contexts (suppressed: 0 from 0)
