==639722== Memcheck, a memory error detector
==639722== Copyright (C) 2002-2024, and GNU GPL'd, by Julian Seward et al.
==639722== Using Valgrind-3.26.0 and LibVEX; rerun with -h for copyright info
==639722== Command: /tmp/rboxc-tar-behavior-8ammzxk2/exec/tar -df archive.tar -C tree
==639722== Parent PID: 635373
==639722== 
==639722== 
==639722== FILE DESCRIPTORS: 2 open (1 inherited) at exit.
==639722== Open file descriptor 4: tree
==639722==    at 0x4A1AADA: openat (openat64.c:39)
==639722==    by 0x4027817: openat (fcntl2.h:175)
==639722==    by 0x4027817: chdir_do (misc.c:988)
==639722==    by 0x402A0C7: name_match (names.c:1330)
==639722==    by 0x4025622: read_and (list.c:196)
==639722==    by 0x400CD7C: main (tar.c:2837)
==639722== 
==639722== 
==639722== HEAP SUMMARY:
==639722==     in use at exit: 18,953 bytes in 14 blocks
==639722==   total heap usage: 98 allocs, 84 frees, 66,578 bytes allocated
==639722== 
==639722== 1 bytes in 1 blocks are indirectly lost in loss record 1 of 14
==639722==    at 0x48BD858: malloc (vg_replace_malloc.c:447)
==639722==    by 0x405185D: xmalloc (xmalloc.c:45)
==639722==    by 0x405185D: xmemdup (xmalloc.c:314)
==639722==    by 0x405185D: xstrdup (xmalloc.c:339)
==639722==    by 0x402994B: make_name (names.c:599)
==639722==    by 0x402994B: addname (names.c:1233)
==639722==    by 0x4025436: read_and (list.c:174)
==639722==    by 0x400CD7C: main (tar.c:2837)
==639722== 
==639722== 5 bytes in 1 blocks are still reachable in loss record 2 of 14
==639722==    at 0x48BD858: malloc (vg_replace_malloc.c:447)
==639722==    by 0x405185D: xmalloc (xmalloc.c:45)
==639722==    by 0x405185D: xmemdup (xmalloc.c:314)
==639722==    by 0x405185D: xstrdup (xmalloc.c:339)
==639722==    by 0x4029A2E: name_gather (names.c:1215)
==639722==    by 0x4025436: read_and (list.c:174)
==639722==    by 0x400CD7C: main (tar.c:2837)
==639722== 
==639722== 5 bytes in 1 blocks are still reachable in loss record 3 of 14
==639722==    at 0x48BD858: malloc (vg_replace_malloc.c:447)
==639722==    by 0x405185D: xmalloc (xmalloc.c:45)
==639722==    by 0x405185D: xmemdup (xmalloc.c:314)
==639722==    by 0x405185D: xstrdup (xmalloc.c:339)
==639722==    by 0x402644F: assign_string (misc.c:58)
==639722==    by 0x402973C: uname_to_uid (names.c:550)
==639722==    by 0x402457F: decode_header (list.c:694)
==639722==    by 0x4025616: read_and (list.c:194)
==639722==    by 0x400CD7C: main (tar.c:2837)
==639722== 
==639722== 5 bytes in 1 blocks are still reachable in loss record 4 of 14
==639722==    at 0x48BD858: malloc (vg_replace_malloc.c:447)
==639722==    by 0x405185D: xmalloc (xmalloc.c:45)
==639722==    by 0x405185D: xmemdup (xmalloc.c:314)
==639722==    by 0x405185D: xstrdup (xmalloc.c:339)
==639722==    by 0x402644F: assign_string (misc.c:58)
==639722==    by 0x40297DC: gname_to_gid (names.c:580)
==639722==    by 0x402455F: decode_header (list.c:699)
==639722==    by 0x4025616: read_and (list.c:194)
==639722==    by 0x400CD7C: main (tar.c:2837)
==639722== 
==639722== 11 bytes in 1 blocks are still reachable in loss record 5 of 14
==639722==    at 0x48BD858: malloc (vg_replace_malloc.c:447)
==639722==    by 0x405130C: xmalloc (xmalloc.c:45)
==639722==    by 0x405130C: xcharalloc (xmalloc.c:57)
==639722==    by 0x404F1B8: quotearg_n_options (quotearg.c:909)
==639722==    by 0x404FA8D: quotearg_n_style_colon (quotearg.c:1005)
==639722==    by 0x401260B: report_difference (compare.c:64)
==639722==    by 0x40132DB: diff_file (compare.c:212)
==639722==    by 0x40132DB: diff_archive (compare.c:492)
==639722==    by 0x4025852: read_and (list.c:229)
==639722==    by 0x400CD7C: main (tar.c:2837)
==639722== 
==639722== 16 bytes in 1 blocks are still reachable in loss record 6 of 14
==639722==    at 0x48C4E43: calloc (vg_replace_malloc.c:1678)
==639722==    by 0x40516F1: xcalloc (xmalloc.c:298)
==639722==    by 0x40516F1: xzalloc (xmalloc.c:283)
==639722==    by 0x400BEF9: decode_options (tar.c:2297)
==639722==    by 0x400BEF9: main (tar.c:2792)
==639722== 
==639722== 48 bytes in 1 blocks are still reachable in loss record 7 of 14
==639722==    at 0x48C53C0: reallocarray (vg_replace_malloc.c:1806)
==639722==    by 0x40515C9: xreallocarray (xmalloc.c:84)
==639722==    by 0x40515C9: x2nrealloc (xmalloc.c:203)
==639722==    by 0x4027754: chdir_arg (misc.c:934)
==639722==    by 0x4029A36: name_gather (names.c:1215)
==639722==    by 0x4025436: read_and (list.c:174)
==639722==    by 0x400CD7C: main (tar.c:2837)
==639722== 
==639722== 56 bytes in 1 blocks are definitely lost in loss record 8 of 14
==639722==    at 0x48BD858: malloc (vg_replace_malloc.c:447)
==639722==    by 0x40512CC: xmalloc (xmalloc.c:45)
==639722==    by 0x40283CE: name_elt_alloc (names.c:683)
==639722==    by 0x40289D8: name_add_dir (names.c:839)
==639722==    by 0x40289D8: names_parse_opt (names.c:192)
==639722==    by 0x404233D: group_parse (argp-parse.c:233)
==639722==    by 0x404233D: parser_parse_opt (argp-parse.c:736)
==639722==    by 0x404233D: parser_parse_next (argp-parse.c:859)
==639722==    by 0x404233D: argp_parse (argp-parse.c:927)
==639722==    by 0x400C045: decode_options (tar.c:2380)
==639722==    by 0x400C045: main (tar.c:2792)
==639722== 
==639722== 80 bytes in 1 blocks are still reachable in loss record 9 of 14
==639722==    at 0x48BD858: malloc (vg_replace_malloc.c:447)
==639722==    by 0x40512CC: xmalloc (xmalloc.c:45)
==639722==    by 0x400BE43: main (tar.c:2781)
==639722== 
==639722== 97 (96 direct, 1 indirect) bytes in 1 blocks are definitely lost in loss record 10 of 14
==639722==    at 0x48C4E43: calloc (vg_replace_malloc.c:1678)
==639722==    by 0x40516F1: xcalloc (xmalloc.c:298)
==639722==    by 0x40516F1: xzalloc (xmalloc.c:283)
==639722==    by 0x4029932: make_name (names.c:596)
==639722==    by 0x4029932: addname (names.c:1233)
==639722==    by 0x4025436: read_and (list.c:174)
==639722==    by 0x400CD7C: main (tar.c:2837)
==639722== 
==639722== 102 bytes in 1 blocks are still reachable in loss record 11 of 14
==639722==    at 0x48BD858: malloc (vg_replace_malloc.c:447)
==639722==    by 0x40512CC: xmalloc (xmalloc.c:45)
==639722==    by 0x4029881: name_init (names.c:869)
==639722==    by 0x400C94C: main (tar.c:2794)
==639722== 
==639722== 128 bytes in 1 blocks are still reachable in loss record 12 of 14
==639722==    at 0x48C507F: realloc (vg_replace_malloc.c:1804)
==639722==    by 0x4051670: xrealloc (xmalloc.c:66)
==639722==    by 0x4051670: xpalloc (xmalloc.c:271)
==639722==    by 0x404F236: quotearg_n_options (quotearg.c:885)
==639722==    by 0x404FA8D: quotearg_n_style_colon (quotearg.c:1005)
==639722==    by 0x401260B: report_difference (compare.c:64)
==639722==    by 0x40132DB: diff_file (compare.c:212)
==639722==    by 0x40132DB: diff_archive (compare.c:492)
==639722==    by 0x4025852: read_and (list.c:229)
==639722==    by 0x400CD7C: main (tar.c:2837)
==639722== 
==639722== 4,064 bytes in 1 blocks are still reachable in loss record 13 of 14
==639722==    at 0x48BD858: malloc (vg_replace_malloc.c:447)
==639722==    by 0x40512CC: xmalloc (xmalloc.c:45)
==639722==    by 0x404A07D: call_chunkfun (obstack.c:88)
==639722==    by 0x404A07D: _obstack_begin_worker.isra.0 (obstack.c:135)
==639722==    by 0x404A0A8: _obstack_begin (obstack.c:157)
==639722==    by 0x4032C57: _transform_name_to_obstack (transform.c:592)
==639722==    by 0x4032C57: transform_name_fp (transform.c:614)
==639722==    by 0x4023670: transform_member_name (list.c:114)
==639722==    by 0x4023670: transform_stat_info.part.0 (list.c:150)
==639722==    by 0x4025850: transform_stat_info (list.c:227)
==639722==    by 0x4025850: read_and (list.c:227)
==639722==    by 0x400CD7C: main (tar.c:2837)
==639722== 
==639722== 14,336 bytes in 1 blocks are possibly lost in loss record 14 of 14
==639722==    at 0x48BD858: malloc (vg_replace_malloc.c:447)
==639722==    by 0x40512CC: xmalloc (xmalloc.c:45)
==639722==    by 0x4027C22: page_aligned_alloc (misc.c:1235)
==639722==    by 0x4012544: diff_init (compare.c:48)
==639722==    by 0x400CD70: main (tar.c:2836)
==639722== 
==639722== LEAK SUMMARY:
==639722==    definitely lost: 152 bytes in 2 blocks
==639722==    indirectly lost: 1 bytes in 1 blocks
==639722==      possibly lost: 14,336 bytes in 1 blocks
==639722==    still reachable: 4,464 bytes in 10 blocks
==639722==         suppressed: 0 bytes in 0 blocks
==639722== 
==639722== For lists of detected and suppressed errors, rerun with: -s
==639722== ERROR SUMMARY: 4 errors from 4 contexts (suppressed: 0 from 0)
