==676376== Memcheck, a memory error detector
==676376== Copyright (C) 2002-2024, and GNU GPL'd, by Julian Seward et al.
==676376== Using Valgrind-3.26.0 and LibVEX; rerun with -h for copyright info
==676376== Command: tar -c -f a -z --remove-files b c
==676376== Parent PID: 676375
==676376== 
==676376== 
==676376== FILE DESCRIPTORS: 3 open (3 inherited) at exit.
==676376== 
==676376== HEAP SUMMARY:
==676376==     in use at exit: 19,017 bytes in 15 blocks
==676376==   total heap usage: 77 allocs, 62 frees, 80,964 bytes allocated
==676376== 
==676376== 4 bytes in 2 blocks are still reachable in loss record 1 of 13
==676376==    at 0x586E858: malloc (vg_replace_malloc.c:447)
==676376==    by 0x469E66D: rboxc_tar_xstrdup (in /tmp/rboxc-tar-original-hob_rc4i/copies/24)
==676376==    by 0x467A0A4: rboxc_tar_queue_deferred_unlink (in /tmp/rboxc-tar-original-hob_rc4i/copies/24)
==676376==    by 0x4663904: dump_file0 (in /tmp/rboxc-tar-original-hob_rc4i/copies/24)
==676376==    by 0x46643E9: rboxc_tar_create_archive (in /tmp/rboxc-tar-original-hob_rc4i/copies/24)
==676376==    by 0x4478AF8: single_binary_main_tar (in /tmp/rboxc-tar-original-hob_rc4i/copies/24)
==676376==    by 0x5A18600: (below main) (libc_start_call_main.h:59)
==676376== 
==676376== 7 bytes in 1 blocks are still reachable in loss record 2 of 13
==676376==    at 0x586E858: malloc (vg_replace_malloc.c:447)
==676376==    by 0x469E66D: rboxc_tar_xstrdup (in /tmp/rboxc-tar-original-hob_rc4i/copies/24)
==676376==    by 0x466FF4F: rboxc_tar_assign_string (in /tmp/rboxc-tar-original-hob_rc4i/copies/24)
==676376==    by 0x4673232: rboxc_tar_uid_to_uname (in /tmp/rboxc-tar-original-hob_rc4i/copies/24)
==676376==    by 0x4662453: rboxc_tar_start_header (in /tmp/rboxc-tar-original-hob_rc4i/copies/24)
==676376==    by 0x46625F8: dump_regular_file (in /tmp/rboxc-tar-original-hob_rc4i/copies/24)
==676376==    by 0x4663442: dump_file0 (in /tmp/rboxc-tar-original-hob_rc4i/copies/24)
==676376==    by 0x46643E9: rboxc_tar_create_archive (in /tmp/rboxc-tar-original-hob_rc4i/copies/24)
==676376==    by 0x4478AF8: single_binary_main_tar (in /tmp/rboxc-tar-original-hob_rc4i/copies/24)
==676376==    by 0x5A18600: (below main) (libc_start_call_main.h:59)
==676376== 
==676376== 8 bytes in 1 blocks are still reachable in loss record 3 of 13
==676376==    at 0x586E858: malloc (vg_replace_malloc.c:447)
==676376==    by 0x469E66D: rboxc_tar_xstrdup (in /tmp/rboxc-tar-original-hob_rc4i/copies/24)
==676376==    by 0x466FF4F: rboxc_tar_assign_string (in /tmp/rboxc-tar-original-hob_rc4i/copies/24)
==676376==    by 0x46732C2: rboxc_tar_gid_to_gname (in /tmp/rboxc-tar-original-hob_rc4i/copies/24)
==676376==    by 0x466243B: rboxc_tar_start_header (in /tmp/rboxc-tar-original-hob_rc4i/copies/24)
==676376==    by 0x46625F8: dump_regular_file (in /tmp/rboxc-tar-original-hob_rc4i/copies/24)
==676376==    by 0x4663442: dump_file0 (in /tmp/rboxc-tar-original-hob_rc4i/copies/24)
==676376==    by 0x46643E9: rboxc_tar_create_archive (in /tmp/rboxc-tar-original-hob_rc4i/copies/24)
==676376==    by 0x4478AF8: single_binary_main_tar (in /tmp/rboxc-tar-original-hob_rc4i/copies/24)
==676376==    by 0x5A18600: (below main) (libc_start_call_main.h:59)
==676376== 
==676376== 16 bytes in 1 blocks are still reachable in loss record 4 of 13
==676376==    at 0x5875E43: calloc (vg_replace_malloc.c:1678)
==676376==    by 0x469E501: rboxc_tar_xzalloc (in /tmp/rboxc-tar-original-hob_rc4i/copies/24)
==676376==    by 0x4477AF5: single_binary_main_tar (in /tmp/rboxc-tar-original-hob_rc4i/copies/24)
==676376==    by 0x5A18600: (below main) (libc_start_call_main.h:59)
==676376== 
==676376== 32 bytes in 1 blocks are still reachable in loss record 5 of 13
==676376==    at 0x586E858: malloc (vg_replace_malloc.c:447)
==676376==    by 0x469E0DC: rboxc_tar_xmalloc (in /tmp/rboxc-tar-original-hob_rc4i/copies/24)
==676376==    by 0x446ED30: rboxc::applet_tar::set_use_compress_program_option (in /tmp/rboxc-tar-original-hob_rc4i/copies/24)
==676376==    by 0x446FA92: rboxc::applet_tar::parse_opt (in /tmp/rboxc-tar-original-hob_rc4i/copies/24)
==676376==    by 0x468D23D: rboxc_tar_argp_parse (in /tmp/rboxc-tar-original-hob_rc4i/copies/24)
==676376==    by 0x4478025: single_binary_main_tar (in /tmp/rboxc-tar-original-hob_rc4i/copies/24)
==676376==    by 0x5A18600: (below main) (libc_start_call_main.h:59)
==676376== 
==676376== 32 bytes in 1 blocks are still reachable in loss record 6 of 13
==676376==    at 0x586E858: malloc (vg_replace_malloc.c:447)
==676376==    by 0x469E0DC: rboxc_tar_xmalloc (in /tmp/rboxc-tar-original-hob_rc4i/copies/24)
==676376==    by 0x4660EDE: file_count_links (in /tmp/rboxc-tar-original-hob_rc4i/copies/24)
==676376==    by 0x46638B8: dump_file0 (in /tmp/rboxc-tar-original-hob_rc4i/copies/24)
==676376==    by 0x46643E9: rboxc_tar_create_archive (in /tmp/rboxc-tar-original-hob_rc4i/copies/24)
==676376==    by 0x4478AF8: single_binary_main_tar (in /tmp/rboxc-tar-original-hob_rc4i/copies/24)
==676376==    by 0x5A18600: (below main) (libc_start_call_main.h:59)
==676376== 
==676376== 80 bytes in 1 blocks are still reachable in loss record 7 of 13
==676376==    at 0x586E858: malloc (vg_replace_malloc.c:447)
==676376==    by 0x469E0DC: rboxc_tar_xmalloc (in /tmp/rboxc-tar-original-hob_rc4i/copies/24)
==676376==    by 0x4477A00: single_binary_main_tar (in /tmp/rboxc-tar-original-hob_rc4i/copies/24)
==676376==    by 0x5A18600: (below main) (libc_start_call_main.h:59)
==676376== 
==676376== 80 bytes in 1 blocks are still reachable in loss record 8 of 13
==676376==    at 0x586E858: malloc (vg_replace_malloc.c:447)
==676376==    by 0x4693786: rboxc_tar_hash_initialize (in /tmp/rboxc-tar-original-hob_rc4i/copies/24)
==676376==    by 0x4660F7B: file_count_links (in /tmp/rboxc-tar-original-hob_rc4i/copies/24)
==676376==    by 0x46638B8: dump_file0 (in /tmp/rboxc-tar-original-hob_rc4i/copies/24)
==676376==    by 0x46643E9: rboxc_tar_create_archive (in /tmp/rboxc-tar-original-hob_rc4i/copies/24)
==676376==    by 0x4478AF8: single_binary_main_tar (in /tmp/rboxc-tar-original-hob_rc4i/copies/24)
==676376==    by 0x5A18600: (below main) (libc_start_call_main.h:59)
==676376== 
==676376== 80 bytes in 2 blocks are still reachable in loss record 9 of 13
==676376==    at 0x586E858: malloc (vg_replace_malloc.c:447)
==676376==    by 0x469E0DC: rboxc_tar_xmalloc (in /tmp/rboxc-tar-original-hob_rc4i/copies/24)
==676376==    by 0x467A1D7: rboxc_tar_queue_deferred_unlink (in /tmp/rboxc-tar-original-hob_rc4i/copies/24)
==676376==    by 0x4663904: dump_file0 (in /tmp/rboxc-tar-original-hob_rc4i/copies/24)
==676376==    by 0x46643E9: rboxc_tar_create_archive (in /tmp/rboxc-tar-original-hob_rc4i/copies/24)
==676376==    by 0x4478AF8: single_binary_main_tar (in /tmp/rboxc-tar-original-hob_rc4i/copies/24)
==676376==    by 0x5A18600: (below main) (libc_start_call_main.h:59)
==676376== 
==676376== 102 bytes in 1 blocks are still reachable in loss record 10 of 13
==676376==    at 0x586E858: malloc (vg_replace_malloc.c:447)
==676376==    by 0x469E0DC: rboxc_tar_xmalloc (in /tmp/rboxc-tar-original-hob_rc4i/copies/24)
==676376==    by 0x46734A1: rboxc_tar_name_init (in /tmp/rboxc-tar-original-hob_rc4i/copies/24)
==676376==    by 0x4478A7A: single_binary_main_tar (in /tmp/rboxc-tar-original-hob_rc4i/copies/24)
==676376==    by 0x5A18600: (below main) (libc_start_call_main.h:59)
==676376== 
==676376== 176 bytes in 1 blocks are still reachable in loss record 11 of 13
==676376==    at 0x5875E43: calloc (vg_replace_malloc.c:1678)
==676376==    by 0x46937DC: rboxc_tar_hash_initialize (in /tmp/rboxc-tar-original-hob_rc4i/copies/24)
==676376==    by 0x4660F7B: file_count_links (in /tmp/rboxc-tar-original-hob_rc4i/copies/24)
==676376==    by 0x46638B8: dump_file0 (in /tmp/rboxc-tar-original-hob_rc4i/copies/24)
==676376==    by 0x46643E9: rboxc_tar_create_archive (in /tmp/rboxc-tar-original-hob_rc4i/copies/24)
==676376==    by 0x4478AF8: single_binary_main_tar (in /tmp/rboxc-tar-original-hob_rc4i/copies/24)
==676376==    by 0x5A18600: (below main) (libc_start_call_main.h:59)
==676376== 
==676376== 4,064 bytes in 1 blocks are still reachable in loss record 12 of 13
==676376==    at 0x586E858: malloc (vg_replace_malloc.c:447)
==676376==    by 0x469E0DC: rboxc_tar_xmalloc (in /tmp/rboxc-tar-original-hob_rc4i/copies/24)
==676376==    by 0x4695FFD: _obstack_begin_worker.isra.0 (in /tmp/rboxc-tar-original-hob_rc4i/copies/24)
==676376==    by 0x4696028: rboxc_tar__obstack_begin (in /tmp/rboxc-tar-original-hob_rc4i/copies/24)
==676376==    by 0x4679CD7: rboxc_tar_transform_name_fp (in /tmp/rboxc-tar-original-hob_rc4i/copies/24)
==676376==    by 0x46632A4: dump_file0 (in /tmp/rboxc-tar-original-hob_rc4i/copies/24)
==676376==    by 0x46643E9: rboxc_tar_create_archive (in /tmp/rboxc-tar-original-hob_rc4i/copies/24)
==676376==    by 0x4478AF8: single_binary_main_tar (in /tmp/rboxc-tar-original-hob_rc4i/copies/24)
==676376==    by 0x5A18600: (below main) (libc_start_call_main.h:59)
==676376== 
==676376== 14,336 bytes in 1 blocks are still reachable in loss record 13 of 13
==676376==    at 0x586E858: malloc (vg_replace_malloc.c:447)
==676376==    by 0x469E0DC: rboxc_tar_xmalloc (in /tmp/rboxc-tar-original-hob_rc4i/copies/24)
==676376==    by 0x4671752: rboxc_tar_page_aligned_alloc (in /tmp/rboxc-tar-original-hob_rc4i/copies/24)
==676376==    by 0x465A203: init_buffer (in /tmp/rboxc-tar-original-hob_rc4i/copies/24)
==676376==    by 0x465D8FF: rboxc_tar_open_archive (in /tmp/rboxc-tar-original-hob_rc4i/copies/24)
==676376==    by 0x466433E: rboxc_tar_create_archive (in /tmp/rboxc-tar-original-hob_rc4i/copies/24)
==676376==    by 0x4478AF8: single_binary_main_tar (in /tmp/rboxc-tar-original-hob_rc4i/copies/24)
==676376==    by 0x5A18600: (below main) (libc_start_call_main.h:59)
==676376== 
==676376== LEAK SUMMARY:
==676376==    definitely lost: 0 bytes in 0 blocks
==676376==    indirectly lost: 0 bytes in 0 blocks
==676376==      possibly lost: 0 bytes in 0 blocks
==676376==    still reachable: 19,017 bytes in 15 blocks
==676376==         suppressed: 0 bytes in 0 blocks
==676376== 
==676376== For lists of detected and suppressed errors, rerun with: -s
==676376== ERROR SUMMARY: 0 errors from 0 contexts (suppressed: 0 from 0)
