==700959== Memcheck, a memory error detector
==700959== Copyright (C) 2002-2024, and GNU GPL'd, by Julian Seward et al.
==700959== Using Valgrind-3.26.0 and LibVEX; rerun with -h for copyright info
==700959== Command: tar -c -f a -z --remove-files b c
==700959== Parent PID: 700946
==700959== 
==700959== 
==700959== FILE DESCRIPTORS: 2 open (2 inherited) at exit.
==700959== 
==700959== HEAP SUMMARY:
==700959==     in use at exit: 14,734 bytes in 8 blocks
==700959==   total heap usage: 22 allocs, 14 frees, 22,585 bytes allocated
==700959== 
==700959== 16 bytes in 1 blocks are still reachable in loss record 1 of 7
==700959==    at 0x5875E43: calloc (vg_replace_malloc.c:1678)
==700959==    by 0x469E681: rboxc_tar_xzalloc (in /root/rboxc/target/tar-child-input-candidate/release/rboxc)
==700959==    by 0x440DEF5: single_binary_main_tar (in /root/rboxc/target/tar-child-input-candidate/release/rboxc)
==700959==    by 0x5A18600: (below main) (libc_start_call_main.h:59)
==700959== 
==700959== 32 bytes in 1 blocks are still reachable in loss record 2 of 7
==700959==    at 0x586E858: malloc (vg_replace_malloc.c:447)
==700959==    by 0x469E25C: rboxc_tar_xmalloc (in /root/rboxc/target/tar-child-input-candidate/release/rboxc)
==700959==    by 0x4404C80: rboxc::applet_tar::set_use_compress_program_option (in /root/rboxc/target/tar-child-input-candidate/release/rboxc)
==700959==    by 0x44059E2: rboxc::applet_tar::parse_opt (in /root/rboxc/target/tar-child-input-candidate/release/rboxc)
==700959==    by 0x468D3BD: rboxc_tar_argp_parse (in /root/rboxc/target/tar-child-input-candidate/release/rboxc)
==700959==    by 0x440E425: single_binary_main_tar (in /root/rboxc/target/tar-child-input-candidate/release/rboxc)
==700959==    by 0x5A18600: (below main) (libc_start_call_main.h:59)
==700959== 
==700959== 56 bytes in 1 blocks are still reachable in loss record 3 of 7
==700959==    at 0x586E858: malloc (vg_replace_malloc.c:447)
==700959==    by 0x469E25C: rboxc_tar_xmalloc (in /root/rboxc/target/tar-child-input-candidate/release/rboxc)
==700959==    by 0x4671FEE: name_elt_alloc (in /root/rboxc/target/tar-child-input-candidate/release/rboxc)
==700959==    by 0x467354C: rboxc_tar_name_add_name (in /root/rboxc/target/tar-child-input-candidate/release/rboxc)
==700959==    by 0x44057DF: rboxc::applet_tar::parse_opt (in /root/rboxc/target/tar-child-input-candidate/release/rboxc)
==700959==    by 0x468CCC3: rboxc_tar_argp_parse (in /root/rboxc/target/tar-child-input-candidate/release/rboxc)
==700959==    by 0x440E425: single_binary_main_tar (in /root/rboxc/target/tar-child-input-candidate/release/rboxc)
==700959==    by 0x5A18600: (below main) (libc_start_call_main.h:59)
==700959== 
==700959== 80 bytes in 1 blocks are still reachable in loss record 4 of 7
==700959==    at 0x586E858: malloc (vg_replace_malloc.c:447)
==700959==    by 0x469E25C: rboxc_tar_xmalloc (in /root/rboxc/target/tar-child-input-candidate/release/rboxc)
==700959==    by 0x440DE00: single_binary_main_tar (in /root/rboxc/target/tar-child-input-candidate/release/rboxc)
==700959==    by 0x5A18600: (below main) (libc_start_call_main.h:59)
==700959== 
==700959== 102 bytes in 1 blocks are still reachable in loss record 5 of 7
==700959==    at 0x586E858: malloc (vg_replace_malloc.c:447)
==700959==    by 0x469E25C: rboxc_tar_xmalloc (in /root/rboxc/target/tar-child-input-candidate/release/rboxc)
==700959==    by 0x46735A1: rboxc_tar_name_init (in /root/rboxc/target/tar-child-input-candidate/release/rboxc)
==700959==    by 0x440EE7A: single_binary_main_tar (in /root/rboxc/target/tar-child-input-candidate/release/rboxc)
==700959==    by 0x5A18600: (below main) (libc_start_call_main.h:59)
==700959== 
==700959== 112 bytes in 2 blocks are still reachable in loss record 6 of 7
==700959==    at 0x586E858: malloc (vg_replace_malloc.c:447)
==700959==    by 0x469E25C: rboxc_tar_xmalloc (in /root/rboxc/target/tar-child-input-candidate/release/rboxc)
==700959==    by 0x4671F9D: name_elt_alloc (in /root/rboxc/target/tar-child-input-candidate/release/rboxc)
==700959==    by 0x467354C: rboxc_tar_name_add_name (in /root/rboxc/target/tar-child-input-candidate/release/rboxc)
==700959==    by 0x44057DF: rboxc::applet_tar::parse_opt (in /root/rboxc/target/tar-child-input-candidate/release/rboxc)
==700959==    by 0x468CCC3: rboxc_tar_argp_parse (in /root/rboxc/target/tar-child-input-candidate/release/rboxc)
==700959==    by 0x440E425: single_binary_main_tar (in /root/rboxc/target/tar-child-input-candidate/release/rboxc)
==700959==    by 0x5A18600: (below main) (libc_start_call_main.h:59)
==700959== 
==700959== 14,336 bytes in 1 blocks are still reachable in loss record 7 of 7
==700959==    at 0x586E858: malloc (vg_replace_malloc.c:447)
==700959==    by 0x469E25C: rboxc_tar_xmalloc (in /root/rboxc/target/tar-child-input-candidate/release/rboxc)
==700959==    by 0x4671852: rboxc_tar_page_aligned_alloc (in /root/rboxc/target/tar-child-input-candidate/release/rboxc)
==700959==    by 0x465A303: init_buffer (in /root/rboxc/target/tar-child-input-candidate/release/rboxc)
==700959==    by 0x465D9FF: rboxc_tar_open_archive (in /root/rboxc/target/tar-child-input-candidate/release/rboxc)
==700959==    by 0x466443E: rboxc_tar_create_archive (in /root/rboxc/target/tar-child-input-candidate/release/rboxc)
==700959==    by 0x440EEF8: single_binary_main_tar (in /root/rboxc/target/tar-child-input-candidate/release/rboxc)
==700959==    by 0x5A18600: (below main) (libc_start_call_main.h:59)
==700959== 
==700959== LEAK SUMMARY:
==700959==    definitely lost: 0 bytes in 0 blocks
==700959==    indirectly lost: 0 bytes in 0 blocks
==700959==      possibly lost: 0 bytes in 0 blocks
==700959==    still reachable: 14,734 bytes in 8 blocks
==700959==         suppressed: 0 bytes in 0 blocks
==700959== 
==700959== For lists of detected and suppressed errors, rerun with: -s
==700959== ERROR SUMMARY: 0 errors from 0 contexts (suppressed: 0 from 0)
