==700946== Memcheck, a memory error detector
==700946== Copyright (C) 2002-2024, and GNU GPL'd, by Julian Seward et al.
==700946== Using Valgrind-3.26.0 and LibVEX; rerun with -h for copyright info
==700946== Command: tar -c -f a -z --remove-files b c
==700946== Parent PID: 700935
==700946== 
==700946== 
==700946== FILE DESCRIPTORS: 3 open (3 inherited) at exit.
==700946== 
==700946== HEAP SUMMARY:
==700946==     in use at exit: 19,012 bytes in 15 blocks
==700946==   total heap usage: 73 allocs, 58 frees, 80,906 bytes allocated
==700946== 
==700946== 4 bytes in 2 blocks are still reachable in loss record 1 of 13
==700946==    at 0x586E858: malloc (vg_replace_malloc.c:447)
==700946==    by 0x469E7ED: rboxc_tar_xstrdup (in /root/rboxc/target/tar-child-input-candidate/release/rboxc)
==700946==    by 0x467A244: rboxc_tar_queue_deferred_unlink (in /root/rboxc/target/tar-child-input-candidate/release/rboxc)
==700946==    by 0x4663A04: dump_file0 (in /root/rboxc/target/tar-child-input-candidate/release/rboxc)
==700946==    by 0x46644E9: rboxc_tar_create_archive (in /root/rboxc/target/tar-child-input-candidate/release/rboxc)
==700946==    by 0x440EEF8: single_binary_main_tar (in /root/rboxc/target/tar-child-input-candidate/release/rboxc)
==700946==    by 0x5A18600: (below main) (libc_start_call_main.h:59)
==700946== 
==700946== 5 bytes in 1 blocks are still reachable in loss record 2 of 13
==700946==    at 0x586E858: malloc (vg_replace_malloc.c:447)
==700946==    by 0x469E7ED: rboxc_tar_xstrdup (in /root/rboxc/target/tar-child-input-candidate/release/rboxc)
==700946==    by 0x467004F: rboxc_tar_assign_string (in /root/rboxc/target/tar-child-input-candidate/release/rboxc)
==700946==    by 0x4673332: rboxc_tar_uid_to_uname (in /root/rboxc/target/tar-child-input-candidate/release/rboxc)
==700946==    by 0x4662553: rboxc_tar_start_header (in /root/rboxc/target/tar-child-input-candidate/release/rboxc)
==700946==    by 0x46626F8: dump_regular_file (in /root/rboxc/target/tar-child-input-candidate/release/rboxc)
==700946==    by 0x4663542: dump_file0 (in /root/rboxc/target/tar-child-input-candidate/release/rboxc)
==700946==    by 0x46644E9: rboxc_tar_create_archive (in /root/rboxc/target/tar-child-input-candidate/release/rboxc)
==700946==    by 0x440EEF8: single_binary_main_tar (in /root/rboxc/target/tar-child-input-candidate/release/rboxc)
==700946==    by 0x5A18600: (below main) (libc_start_call_main.h:59)
==700946== 
==700946== 5 bytes in 1 blocks are still reachable in loss record 3 of 13
==700946==    at 0x586E858: malloc (vg_replace_malloc.c:447)
==700946==    by 0x469E7ED: rboxc_tar_xstrdup (in /root/rboxc/target/tar-child-input-candidate/release/rboxc)
==700946==    by 0x467004F: rboxc_tar_assign_string (in /root/rboxc/target/tar-child-input-candidate/release/rboxc)
==700946==    by 0x46733C2: rboxc_tar_gid_to_gname (in /root/rboxc/target/tar-child-input-candidate/release/rboxc)
==700946==    by 0x466253B: rboxc_tar_start_header (in /root/rboxc/target/tar-child-input-candidate/release/rboxc)
==700946==    by 0x46626F8: dump_regular_file (in /root/rboxc/target/tar-child-input-candidate/release/rboxc)
==700946==    by 0x4663542: dump_file0 (in /root/rboxc/target/tar-child-input-candidate/release/rboxc)
==700946==    by 0x46644E9: rboxc_tar_create_archive (in /root/rboxc/target/tar-child-input-candidate/release/rboxc)
==700946==    by 0x440EEF8: single_binary_main_tar (in /root/rboxc/target/tar-child-input-candidate/release/rboxc)
==700946==    by 0x5A18600: (below main) (libc_start_call_main.h:59)
==700946== 
==700946== 16 bytes in 1 blocks are still reachable in loss record 4 of 13
==700946==    at 0x5875E43: calloc (vg_replace_malloc.c:1678)
==700946==    by 0x469E681: rboxc_tar_xzalloc (in /root/rboxc/target/tar-child-input-candidate/release/rboxc)
==700946==    by 0x440DEF5: single_binary_main_tar (in /root/rboxc/target/tar-child-input-candidate/release/rboxc)
==700946==    by 0x5A18600: (below main) (libc_start_call_main.h:59)
==700946== 
==700946== 32 bytes in 1 blocks are still reachable in loss record 5 of 13
==700946==    at 0x586E858: malloc (vg_replace_malloc.c:447)
==700946==    by 0x469E25C: rboxc_tar_xmalloc (in /root/rboxc/target/tar-child-input-candidate/release/rboxc)
==700946==    by 0x4404C80: rboxc::applet_tar::set_use_compress_program_option (in /root/rboxc/target/tar-child-input-candidate/release/rboxc)
==700946==    by 0x44059E2: rboxc::applet_tar::parse_opt (in /root/rboxc/target/tar-child-input-candidate/release/rboxc)
==700946==    by 0x468D3BD: rboxc_tar_argp_parse (in /root/rboxc/target/tar-child-input-candidate/release/rboxc)
==700946==    by 0x440E425: single_binary_main_tar (in /root/rboxc/target/tar-child-input-candidate/release/rboxc)
==700946==    by 0x5A18600: (below main) (libc_start_call_main.h:59)
==700946== 
==700946== 32 bytes in 1 blocks are still reachable in loss record 6 of 13
==700946==    at 0x586E858: malloc (vg_replace_malloc.c:447)
==700946==    by 0x469E25C: rboxc_tar_xmalloc (in /root/rboxc/target/tar-child-input-candidate/release/rboxc)
==700946==    by 0x4660FDE: file_count_links (in /root/rboxc/target/tar-child-input-candidate/release/rboxc)
==700946==    by 0x46639B8: dump_file0 (in /root/rboxc/target/tar-child-input-candidate/release/rboxc)
==700946==    by 0x46644E9: rboxc_tar_create_archive (in /root/rboxc/target/tar-child-input-candidate/release/rboxc)
==700946==    by 0x440EEF8: single_binary_main_tar (in /root/rboxc/target/tar-child-input-candidate/release/rboxc)
==700946==    by 0x5A18600: (below main) (libc_start_call_main.h:59)
==700946== 
==700946== 80 bytes in 1 blocks are still reachable in loss record 7 of 13
==700946==    at 0x586E858: malloc (vg_replace_malloc.c:447)
==700946==    by 0x469E25C: rboxc_tar_xmalloc (in /root/rboxc/target/tar-child-input-candidate/release/rboxc)
==700946==    by 0x440DE00: single_binary_main_tar (in /root/rboxc/target/tar-child-input-candidate/release/rboxc)
==700946==    by 0x5A18600: (below main) (libc_start_call_main.h:59)
==700946== 
==700946== 80 bytes in 1 blocks are still reachable in loss record 8 of 13
==700946==    at 0x586E858: malloc (vg_replace_malloc.c:447)
==700946==    by 0x4693906: rboxc_tar_hash_initialize (in /root/rboxc/target/tar-child-input-candidate/release/rboxc)
==700946==    by 0x466107B: file_count_links (in /root/rboxc/target/tar-child-input-candidate/release/rboxc)
==700946==    by 0x46639B8: dump_file0 (in /root/rboxc/target/tar-child-input-candidate/release/rboxc)
==700946==    by 0x46644E9: rboxc_tar_create_archive (in /root/rboxc/target/tar-child-input-candidate/release/rboxc)
==700946==    by 0x440EEF8: single_binary_main_tar (in /root/rboxc/target/tar-child-input-candidate/release/rboxc)
==700946==    by 0x5A18600: (below main) (libc_start_call_main.h:59)
==700946== 
==700946== 80 bytes in 2 blocks are still reachable in loss record 9 of 13
==700946==    at 0x586E858: malloc (vg_replace_malloc.c:447)
==700946==    by 0x469E25C: rboxc_tar_xmalloc (in /root/rboxc/target/tar-child-input-candidate/release/rboxc)
==700946==    by 0x467A377: rboxc_tar_queue_deferred_unlink (in /root/rboxc/target/tar-child-input-candidate/release/rboxc)
==700946==    by 0x4663A04: dump_file0 (in /root/rboxc/target/tar-child-input-candidate/release/rboxc)
==700946==    by 0x46644E9: rboxc_tar_create_archive (in /root/rboxc/target/tar-child-input-candidate/release/rboxc)
==700946==    by 0x440EEF8: single_binary_main_tar (in /root/rboxc/target/tar-child-input-candidate/release/rboxc)
==700946==    by 0x5A18600: (below main) (libc_start_call_main.h:59)
==700946== 
==700946== 102 bytes in 1 blocks are still reachable in loss record 10 of 13
==700946==    at 0x586E858: malloc (vg_replace_malloc.c:447)
==700946==    by 0x469E25C: rboxc_tar_xmalloc (in /root/rboxc/target/tar-child-input-candidate/release/rboxc)
==700946==    by 0x46735A1: rboxc_tar_name_init (in /root/rboxc/target/tar-child-input-candidate/release/rboxc)
==700946==    by 0x440EE7A: single_binary_main_tar (in /root/rboxc/target/tar-child-input-candidate/release/rboxc)
==700946==    by 0x5A18600: (below main) (libc_start_call_main.h:59)
==700946== 
==700946== 176 bytes in 1 blocks are still reachable in loss record 11 of 13
==700946==    at 0x5875E43: calloc (vg_replace_malloc.c:1678)
==700946==    by 0x469395C: rboxc_tar_hash_initialize (in /root/rboxc/target/tar-child-input-candidate/release/rboxc)
==700946==    by 0x466107B: file_count_links (in /root/rboxc/target/tar-child-input-candidate/release/rboxc)
==700946==    by 0x46639B8: dump_file0 (in /root/rboxc/target/tar-child-input-candidate/release/rboxc)
==700946==    by 0x46644E9: rboxc_tar_create_archive (in /root/rboxc/target/tar-child-input-candidate/release/rboxc)
==700946==    by 0x440EEF8: single_binary_main_tar (in /root/rboxc/target/tar-child-input-candidate/release/rboxc)
==700946==    by 0x5A18600: (below main) (libc_start_call_main.h:59)
==700946== 
==700946== 4,064 bytes in 1 blocks are still reachable in loss record 12 of 13
==700946==    at 0x586E858: malloc (vg_replace_malloc.c:447)
==700946==    by 0x469E25C: rboxc_tar_xmalloc (in /root/rboxc/target/tar-child-input-candidate/release/rboxc)
==700946==    by 0x469617D: _obstack_begin_worker.isra.0 (in /root/rboxc/target/tar-child-input-candidate/release/rboxc)
==700946==    by 0x46961A8: rboxc_tar__obstack_begin (in /root/rboxc/target/tar-child-input-candidate/release/rboxc)
==700946==    by 0x4679E77: rboxc_tar_transform_name_fp (in /root/rboxc/target/tar-child-input-candidate/release/rboxc)
==700946==    by 0x46633A4: dump_file0 (in /root/rboxc/target/tar-child-input-candidate/release/rboxc)
==700946==    by 0x46644E9: rboxc_tar_create_archive (in /root/rboxc/target/tar-child-input-candidate/release/rboxc)
==700946==    by 0x440EEF8: single_binary_main_tar (in /root/rboxc/target/tar-child-input-candidate/release/rboxc)
==700946==    by 0x5A18600: (below main) (libc_start_call_main.h:59)
==700946== 
==700946== 14,336 bytes in 1 blocks are still reachable in loss record 13 of 13
==700946==    at 0x586E858: malloc (vg_replace_malloc.c:447)
==700946==    by 0x469E25C: rboxc_tar_xmalloc (in /root/rboxc/target/tar-child-input-candidate/release/rboxc)
==700946==    by 0x4671852: rboxc_tar_page_aligned_alloc (in /root/rboxc/target/tar-child-input-candidate/release/rboxc)
==700946==    by 0x465A303: init_buffer (in /root/rboxc/target/tar-child-input-candidate/release/rboxc)
==700946==    by 0x465D9FF: rboxc_tar_open_archive (in /root/rboxc/target/tar-child-input-candidate/release/rboxc)
==700946==    by 0x466443E: rboxc_tar_create_archive (in /root/rboxc/target/tar-child-input-candidate/release/rboxc)
==700946==    by 0x440EEF8: single_binary_main_tar (in /root/rboxc/target/tar-child-input-candidate/release/rboxc)
==700946==    by 0x5A18600: (below main) (libc_start_call_main.h:59)
==700946== 
==700946== LEAK SUMMARY:
==700946==    definitely lost: 0 bytes in 0 blocks
==700946==    indirectly lost: 0 bytes in 0 blocks
==700946==      possibly lost: 0 bytes in 0 blocks
==700946==    still reachable: 19,012 bytes in 15 blocks
==700946==         suppressed: 0 bytes in 0 blocks
==700946== 
==700946== For lists of detected and suppressed errors, rerun with: -s
==700946== ERROR SUMMARY: 0 errors from 0 contexts (suppressed: 0 from 0)
