==706704== Memcheck, a memory error detector
==706704== Copyright (C) 2002-2024, and GNU GPL'd, by Julian Seward et al.
==706704== Using Valgrind-3.26.0 and LibVEX; rerun with -h for copyright info
==706704== Command: /tmp/rboxc-tar-behavior-x95kgiwn/exec/tar --index-file=index.txt -tvf archive.tar absent
==706704== Parent PID: 705177
==706704== 
==706704== 
==706704== FILE DESCRIPTORS: 3 open (2 inherited) at exit.
==706704== Open file descriptor 3: index.txt
==706704==    at 0x4A1A9E6: open (open64.c:41)
==706704==    by 0x498BFA2: _IO_file_open (fileops.c:222)
==706704==    by 0x498C305: _IO_file_fopen@@GLIBC_2.2.5 (fileops.c:315)
==706704==    by 0x497F81E: __fopen_internal (iofopen.c:75)
==706704==    by 0x497F81E: fopen@@GLIBC_2.2.5 (iofopen.c:86)
==706704==    by 0x400C7A5: decode_options (tar.c:2700)
==706704==    by 0x400C7A5: main (tar.c:2792)
==706704== 
==706704== 
==706704== HEAP SUMMARY:
==706704==     in use at exit: 783 bytes in 8 blocks
==706704==   total heap usage: 83 allocs, 75 frees, 44,284 bytes allocated
==706704== 
==706704== 5 bytes in 1 blocks are still reachable in loss record 1 of 8
==706704==    at 0x48BD858: malloc (vg_replace_malloc.c:447)
==706704==    by 0x405185D: xmalloc (xmalloc.c:45)
==706704==    by 0x405185D: xmemdup (xmalloc.c:314)
==706704==    by 0x405185D: xstrdup (xmalloc.c:339)
==706704==    by 0x402644F: assign_string (misc.c:58)
==706704==    by 0x402973C: uname_to_uid (names.c:550)
==706704==    by 0x402457F: decode_header (list.c:694)
==706704==    by 0x4025616: read_and (list.c:194)
==706704==    by 0x400CD4B: main (tar.c:2832)
==706704== 
==706704== 5 bytes in 1 blocks are still reachable in loss record 2 of 8
==706704==    at 0x48BD858: malloc (vg_replace_malloc.c:447)
==706704==    by 0x405185D: xmalloc (xmalloc.c:45)
==706704==    by 0x405185D: xmemdup (xmalloc.c:314)
==706704==    by 0x405185D: xstrdup (xmalloc.c:339)
==706704==    by 0x402644F: assign_string (misc.c:58)
==706704==    by 0x40297DC: gname_to_gid (names.c:580)
==706704==    by 0x402455F: decode_header (list.c:699)
==706704==    by 0x4025616: read_and (list.c:194)
==706704==    by 0x400CD4B: main (tar.c:2832)
==706704== 
==706704== 7 bytes in 1 blocks are indirectly lost in loss record 3 of 8
==706704==    at 0x48BD858: malloc (vg_replace_malloc.c:447)
==706704==    by 0x405185D: xmalloc (xmalloc.c:45)
==706704==    by 0x405185D: xmemdup (xmalloc.c:314)
==706704==    by 0x405185D: xstrdup (xmalloc.c:339)
==706704==    by 0x402994B: make_name (names.c:599)
==706704==    by 0x402994B: addname (names.c:1233)
==706704==    by 0x4029AB7: name_gather (names.c:1218)
==706704==    by 0x4025436: read_and (list.c:174)
==706704==    by 0x400CD4B: main (tar.c:2832)
==706704== 
==706704== 16 bytes in 1 blocks are still reachable in loss record 4 of 8
==706704==    at 0x48C4E43: calloc (vg_replace_malloc.c:1678)
==706704==    by 0x40516F1: xcalloc (xmalloc.c:298)
==706704==    by 0x40516F1: xzalloc (xmalloc.c:283)
==706704==    by 0x400BEF9: decode_options (tar.c:2297)
==706704==    by 0x400BEF9: main (tar.c:2792)
==706704== 
==706704== 80 bytes in 1 blocks are still reachable in loss record 5 of 8
==706704==    at 0x48BD858: malloc (vg_replace_malloc.c:447)
==706704==    by 0x40512CC: xmalloc (xmalloc.c:45)
==706704==    by 0x400BE43: main (tar.c:2781)
==706704== 
==706704== 102 bytes in 1 blocks are still reachable in loss record 6 of 8
==706704==    at 0x48BD858: malloc (vg_replace_malloc.c:447)
==706704==    by 0x40512CC: xmalloc (xmalloc.c:45)
==706704==    by 0x4029881: name_init (names.c:869)
==706704==    by 0x400C94C: main (tar.c:2794)
==706704== 
==706704== 103 (96 direct, 7 indirect) bytes in 1 blocks are definitely lost in loss record 7 of 8
==706704==    at 0x48C4E43: calloc (vg_replace_malloc.c:1678)
==706704==    by 0x40516F1: xcalloc (xmalloc.c:298)
==706704==    by 0x40516F1: xzalloc (xmalloc.c:283)
==706704==    by 0x4029932: make_name (names.c:596)
==706704==    by 0x4029932: addname (names.c:1233)
==706704==    by 0x4029AB7: name_gather (names.c:1218)
==706704==    by 0x4025436: read_and (list.c:174)
==706704==    by 0x400CD4B: main (tar.c:2832)
==706704== 
==706704== 472 bytes in 1 blocks are still reachable in loss record 8 of 8
==706704==    at 0x48BD858: malloc (vg_replace_malloc.c:447)
==706704==    by 0x497F7BE: __fopen_internal (iofopen.c:65)
==706704==    by 0x497F7BE: fopen@@GLIBC_2.2.5 (iofopen.c:86)
==706704==    by 0x400C7A5: decode_options (tar.c:2700)
==706704==    by 0x400C7A5: main (tar.c:2792)
==706704== 
==706704== LEAK SUMMARY:
==706704==    definitely lost: 96 bytes in 1 blocks
==706704==    indirectly lost: 7 bytes in 1 blocks
==706704==      possibly lost: 0 bytes in 0 blocks
==706704==    still reachable: 680 bytes in 6 blocks
==706704==         suppressed: 0 bytes in 0 blocks
==706704== 
==706704== For lists of detected and suppressed errors, rerun with: -s
==706704== ERROR SUMMARY: 2 errors from 2 contexts (suppressed: 0 from 0)
