==696849== Memcheck, a memory error detector
==696849== Copyright (C) 2002-2024, and GNU GPL'd, by Julian Seward et al.
==696849== Using Valgrind-3.26.0 and LibVEX; rerun with -h for copyright info
==696849== Command: tar -xvf test.tar
==696849== Parent PID: 696847
==696849== 
==696849== 
==696849== FILE DESCRIPTORS: 1 open (1 inherited) at exit.
==696849== 
==696849== HEAP SUMMARY:
==696849==     in use at exit: 4,370 bytes in 12 blocks
==696849==   total heap usage: 66 allocs, 54 frees, 61,039 bytes allocated
==696849== 
==696849== 5 bytes in 1 blocks are still reachable in loss record 1 of 9
==696849==    at 0x48BD858: malloc (vg_replace_malloc.c:447)
==696849==    by 0x405185D: xmalloc (xmalloc.c:45)
==696849==    by 0x405185D: xmemdup (xmalloc.c:314)
==696849==    by 0x405185D: xstrdup (xmalloc.c:339)
==696849==    by 0x402644F: assign_string (misc.c:58)
==696849==    by 0x402973C: uname_to_uid (names.c:550)
==696849==    by 0x402457F: decode_header (list.c:694)
==696849==    by 0x4025616: read_and (list.c:194)
==696849==    by 0x400CD61: main (tar.c:2823)
==696849== 
==696849== 5 bytes in 1 blocks are still reachable in loss record 2 of 9
==696849==    at 0x48BD858: malloc (vg_replace_malloc.c:447)
==696849==    by 0x405185D: xmalloc (xmalloc.c:45)
==696849==    by 0x405185D: xmemdup (xmalloc.c:314)
==696849==    by 0x405185D: xstrdup (xmalloc.c:339)
==696849==    by 0x402644F: assign_string (misc.c:58)
==696849==    by 0x40297DC: gname_to_gid (names.c:580)
==696849==    by 0x402455F: decode_header (list.c:699)
==696849==    by 0x4025616: read_and (list.c:194)
==696849==    by 0x400CD61: main (tar.c:2823)
==696849== 
==696849== 9 bytes in 2 blocks are indirectly lost in loss record 3 of 9
==696849==    at 0x48BD858: malloc (vg_replace_malloc.c:447)
==696849==    by 0x40387DD: wsnode_quoteremoval (wordsplit.c:651)
==696849==    by 0x4039CFD: wordsplit_process_list (wordsplit.c:2390)
==696849==    by 0x403A562: wordsplit_run.constprop.0 (wordsplit.c:2434)
==696849==    by 0x400BFFA: parse_default_options (tar.c:2256)
==696849==    by 0x400BFFA: decode_options (tar.c:2378)
==696849==    by 0x400BFFA: main (tar.c:2792)
==696849== 
==696849== 9 bytes in 2 blocks are definitely lost in loss record 4 of 9
==696849==    at 0x48BD858: malloc (vg_replace_malloc.c:447)
==696849==    by 0x403A1FB: wordsplit_finish (wordsplit.c:836)
==696849==    by 0x400BFFA: parse_default_options (tar.c:2256)
==696849==    by 0x400BFFA: decode_options (tar.c:2378)
==696849==    by 0x400BFFA: main (tar.c:2792)
==696849== 
==696849== 16 bytes in 1 blocks are still reachable in loss record 5 of 9
==696849==    at 0x48C4E43: calloc (vg_replace_malloc.c:1678)
==696849==    by 0x40516F1: xcalloc (xmalloc.c:298)
==696849==    by 0x40516F1: xzalloc (xmalloc.c:283)
==696849==    by 0x400BEF9: decode_options (tar.c:2297)
==696849==    by 0x400BEF9: main (tar.c:2792)
==696849== 
==696849== 80 bytes in 1 blocks are still reachable in loss record 6 of 9
==696849==    at 0x48BD858: malloc (vg_replace_malloc.c:447)
==696849==    by 0x40512CC: xmalloc (xmalloc.c:45)
==696849==    by 0x400BE43: main (tar.c:2781)
==696849== 
==696849== 89 (80 direct, 9 indirect) bytes in 2 blocks are definitely lost in loss record 7 of 9
==696849==    at 0x48C4E43: calloc (vg_replace_malloc.c:1678)
==696849==    by 0x403959D: wsnode_new (wordsplit.c:422)
==696849==    by 0x403959D: wordsplit_add_segm (wordsplit.c:523)
==696849==    by 0x4039854: scan_word (wordsplit.c:2062)
==696849==    by 0x4039C7C: wordsplit_process_list (wordsplit.c:2358)
==696849==    by 0x403A562: wordsplit_run.constprop.0 (wordsplit.c:2434)
==696849==    by 0x400BFFA: parse_default_options (tar.c:2256)
==696849==    by 0x400BFFA: decode_options (tar.c:2378)
==696849==    by 0x400BFFA: main (tar.c:2792)
==696849== 
==696849== 102 bytes in 1 blocks are still reachable in loss record 8 of 9
==696849==    at 0x48BD858: malloc (vg_replace_malloc.c:447)
==696849==    by 0x40512CC: xmalloc (xmalloc.c:45)
==696849==    by 0x4029881: name_init (names.c:869)
==696849==    by 0x400C94C: main (tar.c:2794)
==696849== 
==696849== 4,064 bytes in 1 blocks are still reachable in loss record 9 of 9
==696849==    at 0x48BD858: malloc (vg_replace_malloc.c:447)
==696849==    by 0x40512CC: xmalloc (xmalloc.c:45)
==696849==    by 0x404A07D: call_chunkfun (obstack.c:88)
==696849==    by 0x404A07D: _obstack_begin_worker.isra.0 (obstack.c:135)
==696849==    by 0x404A0A8: _obstack_begin (obstack.c:157)
==696849==    by 0x4032C57: _transform_name_to_obstack (transform.c:592)
==696849==    by 0x4032C57: transform_name_fp (transform.c:614)
==696849==    by 0x4023670: transform_member_name (list.c:114)
==696849==    by 0x4023670: transform_stat_info.part.0 (list.c:150)
==696849==    by 0x4025850: transform_stat_info (list.c:227)
==696849==    by 0x4025850: read_and (list.c:227)
==696849==    by 0x400CD61: main (tar.c:2823)
==696849== 
==696849== LEAK SUMMARY:
==696849==    definitely lost: 89 bytes in 4 blocks
==696849==    indirectly lost: 9 bytes in 2 blocks
==696849==      possibly lost: 0 bytes in 0 blocks
==696849==    still reachable: 4,272 bytes in 6 blocks
==696849==         suppressed: 0 bytes in 0 blocks
==696849== 
==696849== For lists of detected and suppressed errors, rerun with: -s
==696849== ERROR SUMMARY: 2 errors from 2 contexts (suppressed: 0 from 0)
