==630434== Memcheck, a memory error detector
==630434== Copyright (C) 2002-2024, and GNU GPL'd, by Julian Seward et al.
==630434== Using Valgrind-3.26.0 and LibVEX; rerun with -h for copyright info
==630434== Command: tar tvf archive
==630434== Parent PID: 629885
==630434== 
==630434== 
==630434== FILE DESCRIPTORS: 1 open (1 inherited) at exit.
==630434== 
==630434== HEAP SUMMARY:
==630434==     in use at exit: 4,262 bytes in 4 blocks
==630434==   total heap usage: 44 allocs, 40 frees, 39,982 bytes allocated
==630434== 
==630434== 16 bytes in 1 blocks are still reachable in loss record 1 of 4
==630434==    at 0x5875E43: calloc (vg_replace_malloc.c:1678)
==630434==    by 0x469E501: rboxc_tar_xzalloc (in /root/rboxc/target/screen-owned-candidate/release/rboxc)
==630434==    by 0x4477AF5: single_binary_main_tar (in /root/rboxc/target/screen-owned-candidate/release/rboxc)
==630434==    by 0x5A18600: (below main) (libc_start_call_main.h:59)
==630434== 
==630434== 80 bytes in 1 blocks are still reachable in loss record 2 of 4
==630434==    at 0x586E858: malloc (vg_replace_malloc.c:447)
==630434==    by 0x469E0DC: rboxc_tar_xmalloc (in /root/rboxc/target/screen-owned-candidate/release/rboxc)
==630434==    by 0x4477A00: single_binary_main_tar (in /root/rboxc/target/screen-owned-candidate/release/rboxc)
==630434==    by 0x5A18600: (below main) (libc_start_call_main.h:59)
==630434== 
==630434== 102 bytes in 1 blocks are still reachable in loss record 3 of 4
==630434==    at 0x586E858: malloc (vg_replace_malloc.c:447)
==630434==    by 0x469E0DC: rboxc_tar_xmalloc (in /root/rboxc/target/screen-owned-candidate/release/rboxc)
==630434==    by 0x46734A1: rboxc_tar_name_init (in /root/rboxc/target/screen-owned-candidate/release/rboxc)
==630434==    by 0x4478A7A: single_binary_main_tar (in /root/rboxc/target/screen-owned-candidate/release/rboxc)
==630434==    by 0x5A18600: (below main) (libc_start_call_main.h:59)
==630434== 
==630434== 4,064 bytes in 1 blocks are still reachable in loss record 4 of 4
==630434==    at 0x586E858: malloc (vg_replace_malloc.c:447)
==630434==    by 0x469E0DC: rboxc_tar_xmalloc (in /root/rboxc/target/screen-owned-candidate/release/rboxc)
==630434==    by 0x4695FFD: _obstack_begin_worker.isra.0 (in /root/rboxc/target/screen-owned-candidate/release/rboxc)
==630434==    by 0x4696028: rboxc_tar__obstack_begin (in /root/rboxc/target/screen-owned-candidate/release/rboxc)
==630434==    by 0x4679CD7: rboxc_tar_transform_name_fp (in /root/rboxc/target/screen-owned-candidate/release/rboxc)
==630434==    by 0x466D0B0: transform_stat_info.part.0 (in /root/rboxc/target/screen-owned-candidate/release/rboxc)
==630434==    by 0x466F290: rboxc_tar_read_and (in /root/rboxc/target/screen-owned-candidate/release/rboxc)
==630434==    by 0x4478B39: single_binary_main_tar (in /root/rboxc/target/screen-owned-candidate/release/rboxc)
==630434==    by 0x5A18600: (below main) (libc_start_call_main.h:59)
==630434== 
==630434== LEAK SUMMARY:
==630434==    definitely lost: 0 bytes in 0 blocks
==630434==    indirectly lost: 0 bytes in 0 blocks
==630434==      possibly lost: 0 bytes in 0 blocks
==630434==    still reachable: 4,262 bytes in 4 blocks
==630434==         suppressed: 0 bytes in 0 blocks
==630434== 
==630434== For lists of detected and suppressed errors, rerun with: -s
==630434== ERROR SUMMARY: 0 errors from 0 contexts (suppressed: 0 from 0)
