==655727== Memcheck, a memory error detector
==655727== Copyright (C) 2002-2024, and GNU GPL'd, by Julian Seward et al.
==655727== Using Valgrind-3.26.0 and LibVEX; rerun with -h for copyright info
==655727== Command: tar --xattrs -C dir2 -xf archive.tar
==655727== Parent PID: 655725
==655727== 
==655727== 
==655727== FILE DESCRIPTORS: 1 open (1 inherited) at exit.
==655727== 
==655727== HEAP SUMMARY:
==655727==     in use at exit: 4,277 bytes in 6 blocks
==655727==   total heap usage: 65 allocs, 59 frees, 57,333 bytes allocated
==655727== 
==655727== 7 bytes in 1 blocks are still reachable in loss record 1 of 6
==655727==    at 0x586E858: malloc (vg_replace_malloc.c:447)
==655727==    by 0x469E66D: rboxc_tar_xstrdup (in /tmp/rboxc-tar-original-jo97u6c6/copies/16)
==655727==    by 0x466FF4F: rboxc_tar_assign_string (in /tmp/rboxc-tar-original-jo97u6c6/copies/16)
==655727==    by 0x467335C: rboxc_tar_uname_to_uid (in /tmp/rboxc-tar-original-jo97u6c6/copies/16)
==655727==    by 0x466DFBF: rboxc_tar_decode_header (in /tmp/rboxc-tar-original-jo97u6c6/copies/16)
==655727==    by 0x466F056: rboxc_tar_read_and (in /tmp/rboxc-tar-original-jo97u6c6/copies/16)
==655727==    by 0x4478C40: single_binary_main_tar (in /tmp/rboxc-tar-original-jo97u6c6/copies/16)
==655727==    by 0x5A18600: (below main) (libc_start_call_main.h:59)
==655727== 
==655727== 8 bytes in 1 blocks are still reachable in loss record 2 of 6
==655727==    at 0x586E858: malloc (vg_replace_malloc.c:447)
==655727==    by 0x469E66D: rboxc_tar_xstrdup (in /tmp/rboxc-tar-original-jo97u6c6/copies/16)
==655727==    by 0x466FF4F: rboxc_tar_assign_string (in /tmp/rboxc-tar-original-jo97u6c6/copies/16)
==655727==    by 0x46733FC: rboxc_tar_gname_to_gid (in /tmp/rboxc-tar-original-jo97u6c6/copies/16)
==655727==    by 0x466DF9F: rboxc_tar_decode_header (in /tmp/rboxc-tar-original-jo97u6c6/copies/16)
==655727==    by 0x466F056: rboxc_tar_read_and (in /tmp/rboxc-tar-original-jo97u6c6/copies/16)
==655727==    by 0x4478C40: single_binary_main_tar (in /tmp/rboxc-tar-original-jo97u6c6/copies/16)
==655727==    by 0x5A18600: (below main) (libc_start_call_main.h:59)
==655727== 
==655727== 16 bytes in 1 blocks are still reachable in loss record 3 of 6
==655727==    at 0x5875E43: calloc (vg_replace_malloc.c:1678)
==655727==    by 0x469E501: rboxc_tar_xzalloc (in /tmp/rboxc-tar-original-jo97u6c6/copies/16)
==655727==    by 0x4477AF5: single_binary_main_tar (in /tmp/rboxc-tar-original-jo97u6c6/copies/16)
==655727==    by 0x5A18600: (below main) (libc_start_call_main.h:59)
==655727== 
==655727== 80 bytes in 1 blocks are still reachable in loss record 4 of 6
==655727==    at 0x586E858: malloc (vg_replace_malloc.c:447)
==655727==    by 0x469E0DC: rboxc_tar_xmalloc (in /tmp/rboxc-tar-original-jo97u6c6/copies/16)
==655727==    by 0x4477A00: single_binary_main_tar (in /tmp/rboxc-tar-original-jo97u6c6/copies/16)
==655727==    by 0x5A18600: (below main) (libc_start_call_main.h:59)
==655727== 
==655727== 102 bytes in 1 blocks are still reachable in loss record 5 of 6
==655727==    at 0x586E858: malloc (vg_replace_malloc.c:447)
==655727==    by 0x469E0DC: rboxc_tar_xmalloc (in /tmp/rboxc-tar-original-jo97u6c6/copies/16)
==655727==    by 0x46734A1: rboxc_tar_name_init (in /tmp/rboxc-tar-original-jo97u6c6/copies/16)
==655727==    by 0x4478A7A: single_binary_main_tar (in /tmp/rboxc-tar-original-jo97u6c6/copies/16)
==655727==    by 0x5A18600: (below main) (libc_start_call_main.h:59)
==655727== 
==655727== 4,064 bytes in 1 blocks are still reachable in loss record 6 of 6
==655727==    at 0x586E858: malloc (vg_replace_malloc.c:447)
==655727==    by 0x469E0DC: rboxc_tar_xmalloc (in /tmp/rboxc-tar-original-jo97u6c6/copies/16)
==655727==    by 0x4695FFD: _obstack_begin_worker.isra.0 (in /tmp/rboxc-tar-original-jo97u6c6/copies/16)
==655727==    by 0x4696028: rboxc_tar__obstack_begin (in /tmp/rboxc-tar-original-jo97u6c6/copies/16)
==655727==    by 0x4679CD7: rboxc_tar_transform_name_fp (in /tmp/rboxc-tar-original-jo97u6c6/copies/16)
==655727==    by 0x466D0B0: transform_stat_info.part.0 (in /tmp/rboxc-tar-original-jo97u6c6/copies/16)
==655727==    by 0x466F290: rboxc_tar_read_and (in /tmp/rboxc-tar-original-jo97u6c6/copies/16)
==655727==    by 0x4478C40: single_binary_main_tar (in /tmp/rboxc-tar-original-jo97u6c6/copies/16)
==655727==    by 0x5A18600: (below main) (libc_start_call_main.h:59)
==655727== 
==655727== LEAK SUMMARY:
==655727==    definitely lost: 0 bytes in 0 blocks
==655727==    indirectly lost: 0 bytes in 0 blocks
==655727==      possibly lost: 0 bytes in 0 blocks
==655727==    still reachable: 4,277 bytes in 6 blocks
==655727==         suppressed: 0 bytes in 0 blocks
==655727== 
==655727== For lists of detected and suppressed errors, rerun with: -s
==655727== ERROR SUMMARY: 0 errors from 0 contexts (suppressed: 0 from 0)
