==694394== Memcheck, a memory error detector
==694394== Copyright (C) 2002-2024, and GNU GPL'd, by Julian Seward et al.
==694394== Using Valgrind-3.26.0 and LibVEX; rerun with -h for copyright info
==694394== Command: /tmp/rboxc-tar-behavior-6xw1c8oo/exec/tar --index-file=index.txt -tvf archive.tar absent
==694394== Parent PID: 683658
==694394== 
==694394== 
==694394== FILE DESCRIPTORS: 3 open (2 inherited) at exit.
==694394== Open file descriptor 3: index.txt
==694394==    at 0x4A1A9E6: open (open64.c:41)
==694394==    by 0x498BFA2: _IO_file_open (fileops.c:222)
==694394==    by 0x498C305: _IO_file_fopen@@GLIBC_2.2.5 (fileops.c:315)
==694394==    by 0x497F81E: __fopen_internal (iofopen.c:75)
==694394==    by 0x497F81E: fopen@@GLIBC_2.2.5 (iofopen.c:86)
==694394==    by 0x400C7A5: decode_options (tar.c:2700)
==694394==    by 0x400C7A5: main (tar.c:2792)
==694394== 
==694394== 
==694394== HEAP SUMMARY:
==694394==     in use at exit: 783 bytes in 8 blocks
==694394==   total heap usage: 83 allocs, 75 frees, 44,284 bytes allocated
==694394== 
==694394== 5 bytes in 1 blocks are still reachable in loss record 1 of 8
==694394==    at 0x48BD858: malloc (vg_replace_malloc.c:447)
==694394==    by 0x405185D: xmalloc (xmalloc.c:45)
==694394==    by 0x405185D: xmemdup (xmalloc.c:314)
==694394==    by 0x405185D: xstrdup (xmalloc.c:339)
==694394==    by 0x402644F: assign_string (misc.c:58)
==694394==    by 0x402973C: uname_to_uid (names.c:550)
==694394==    by 0x402457F: decode_header (list.c:694)
==694394==    by 0x4025616: read_and (list.c:194)
==694394==    by 0x400CD4B: main (tar.c:2832)
==694394== 
==694394== 5 bytes in 1 blocks are still reachable in loss record 2 of 8
==694394==    at 0x48BD858: malloc (vg_replace_malloc.c:447)
==694394==    by 0x405185D: xmalloc (xmalloc.c:45)
==694394==    by 0x405185D: xmemdup (xmalloc.c:314)
==694394==    by 0x405185D: xstrdup (xmalloc.c:339)
==694394==    by 0x402644F: assign_string (misc.c:58)
==694394==    by 0x40297DC: gname_to_gid (names.c:580)
==694394==    by 0x402455F: decode_header (list.c:699)
==694394==    by 0x4025616: read_and (list.c:194)
==694394==    by 0x400CD4B: main (tar.c:2832)
==694394== 
==694394== 7 bytes in 1 blocks are indirectly lost in loss record 3 of 8
==694394==    at 0x48BD858: malloc (vg_replace_malloc.c:447)
==694394==    by 0x405185D: xmalloc (xmalloc.c:45)
==694394==    by 0x405185D: xmemdup (xmalloc.c:314)
==694394==    by 0x405185D: xstrdup (xmalloc.c:339)
==694394==    by 0x402994B: make_name (names.c:599)
==694394==    by 0x402994B: addname (names.c:1233)
==694394==    by 0x4029AB7: name_gather (names.c:1218)
==694394==    by 0x4025436: read_and (list.c:174)
==694394==    by 0x400CD4B: main (tar.c:2832)
==694394== 
==694394== 16 bytes in 1 blocks are still reachable in loss record 4 of 8
==694394==    at 0x48C4E43: calloc (vg_replace_malloc.c:1678)
==694394==    by 0x40516F1: xcalloc (xmalloc.c:298)
==694394==    by 0x40516F1: xzalloc (xmalloc.c:283)
==694394==    by 0x400BEF9: decode_options (tar.c:2297)
==694394==    by 0x400BEF9: main (tar.c:2792)
==694394== 
==694394== 80 bytes in 1 blocks are still reachable in loss record 5 of 8
==694394==    at 0x48BD858: malloc (vg_replace_malloc.c:447)
==694394==    by 0x40512CC: xmalloc (xmalloc.c:45)
==694394==    by 0x400BE43: main (tar.c:2781)
==694394== 
==694394== 102 bytes in 1 blocks are still reachable in loss record 6 of 8
==694394==    at 0x48BD858: malloc (vg_replace_malloc.c:447)
==694394==    by 0x40512CC: xmalloc (xmalloc.c:45)
==694394==    by 0x4029881: name_init (names.c:869)
==694394==    by 0x400C94C: main (tar.c:2794)
==694394== 
==694394== 103 (96 direct, 7 indirect) bytes in 1 blocks are definitely lost in loss record 7 of 8
==694394==    at 0x48C4E43: calloc (vg_replace_malloc.c:1678)
==694394==    by 0x40516F1: xcalloc (xmalloc.c:298)
==694394==    by 0x40516F1: xzalloc (xmalloc.c:283)
==694394==    by 0x4029932: make_name (names.c:596)
==694394==    by 0x4029932: addname (names.c:1233)
==694394==    by 0x4029AB7: name_gather (names.c:1218)
==694394==    by 0x4025436: read_and (list.c:174)
==694394==    by 0x400CD4B: main (tar.c:2832)
==694394== 
==694394== 472 bytes in 1 blocks are still reachable in loss record 8 of 8
==694394==    at 0x48BD858: malloc (vg_replace_malloc.c:447)
==694394==    by 0x497F7BE: __fopen_internal (iofopen.c:65)
==694394==    by 0x497F7BE: fopen@@GLIBC_2.2.5 (iofopen.c:86)
==694394==    by 0x400C7A5: decode_options (tar.c:2700)
==694394==    by 0x400C7A5: main (tar.c:2792)
==694394== 
==694394== LEAK SUMMARY:
==694394==    definitely lost: 96 bytes in 1 blocks
==694394==    indirectly lost: 7 bytes in 1 blocks
==694394==      possibly lost: 0 bytes in 0 blocks
==694394==    still reachable: 680 bytes in 6 blocks
==694394==         suppressed: 0 bytes in 0 blocks
==694394== 
==694394== For lists of detected and suppressed errors, rerun with: -s
==694394== ERROR SUMMARY: 2 errors from 2 contexts (suppressed: 0 from 0)
