==708982== Memcheck, a memory error detector
==708982== Copyright (C) 2002-2024, and GNU GPL'd, by Julian Seward et al.
==708982== Using Valgrind-3.26.0 and LibVEX; rerun with -h for copyright info
==708982== Command: tar --utc -tvf /tmp/rboxc-tar-original-e07yq3ii/download/gtarfail2.tar
==708982== Parent PID: 708976
==708982== 
==708982== File descriptor -1 Invalid file descriptor
==708982==    at 0x5B1191B: fstat (fstat64.c:39)
==708982==    by 0x6A275C4: ??? (in /usr/lib/x86_64-linux-gnu/libnss_sss.so.2)
==708982==    by 0x6A2789F: ??? (in /usr/lib/x86_64-linux-gnu/libnss_sss.so.2)
==708982==    by 0x6A28654: _nss_sss_getpwnam_r (in /usr/lib/x86_64-linux-gnu/libnss_sss.so.2)
==708982==    by 0x5B5F778: getpwnam_r@@GLIBC_2.2.5 (getXXbyYY_r.c:265)
==708982==    by 0x5B5F5AD: getpwnam (getXXbyYY.c:140)
==708982==    by 0x467343F: rboxc_tar_uname_to_uid (in /root/rboxc/target/tar-child-input-candidate/release/rboxc)
==708982==    by 0x466E0BF: rboxc_tar_decode_header (in /root/rboxc/target/tar-child-input-candidate/release/rboxc)
==708982==    by 0x466F156: rboxc_tar_read_and (in /root/rboxc/target/tar-child-input-candidate/release/rboxc)
==708982==    by 0x440EF39: single_binary_main_tar (in /root/rboxc/target/tar-child-input-candidate/release/rboxc)
==708982==    by 0x5A18600: (below main) (libc_start_call_main.h:59)
==708982== 
==708982== FILE DESCRIPTORS: 1 open (1 inherited) at exit.
==708982== 
==708982== HEAP SUMMARY:
==708982==     in use at exit: 6,600 bytes in 12 blocks
==708982==   total heap usage: 1,378 allocs, 1,366 frees, 2,342,894 bytes allocated
==708982== 
==708982== 4 bytes in 1 blocks are still reachable in loss record 1 of 12
==708982==    at 0x586E858: malloc (vg_replace_malloc.c:447)
==708982==    by 0x469E7ED: rboxc_tar_xstrdup (in /root/rboxc/target/tar-child-input-candidate/release/rboxc)
==708982==    by 0x467004F: rboxc_tar_assign_string (in /root/rboxc/target/tar-child-input-candidate/release/rboxc)
==708982==    by 0x4673486: rboxc_tar_uname_to_uid (in /root/rboxc/target/tar-child-input-candidate/release/rboxc)
==708982==    by 0x466E0BF: rboxc_tar_decode_header (in /root/rboxc/target/tar-child-input-candidate/release/rboxc)
==708982==    by 0x466F156: rboxc_tar_read_and (in /root/rboxc/target/tar-child-input-candidate/release/rboxc)
==708982==    by 0x440EF39: single_binary_main_tar (in /root/rboxc/target/tar-child-input-candidate/release/rboxc)
==708982==    by 0x5A18600: (below main) (libc_start_call_main.h:59)
==708982== 
==708982== 6 bytes in 1 blocks are still reachable in loss record 2 of 12
==708982==    at 0x586E858: malloc (vg_replace_malloc.c:447)
==708982==    by 0x469E7ED: rboxc_tar_xstrdup (in /root/rboxc/target/tar-child-input-candidate/release/rboxc)
==708982==    by 0x467004F: rboxc_tar_assign_string (in /root/rboxc/target/tar-child-input-candidate/release/rboxc)
==708982==    by 0x4673526: rboxc_tar_gname_to_gid (in /root/rboxc/target/tar-child-input-candidate/release/rboxc)
==708982==    by 0x466E09F: rboxc_tar_decode_header (in /root/rboxc/target/tar-child-input-candidate/release/rboxc)
==708982==    by 0x466F156: rboxc_tar_read_and (in /root/rboxc/target/tar-child-input-candidate/release/rboxc)
==708982==    by 0x440EF39: single_binary_main_tar (in /root/rboxc/target/tar-child-input-candidate/release/rboxc)
==708982==    by 0x5A18600: (below main) (libc_start_call_main.h:59)
==708982== 
==708982== 16 bytes in 1 blocks are still reachable in loss record 3 of 12
==708982==    at 0x5875E43: calloc (vg_replace_malloc.c:1678)
==708982==    by 0x469E681: rboxc_tar_xzalloc (in /root/rboxc/target/tar-child-input-candidate/release/rboxc)
==708982==    by 0x440DEF5: single_binary_main_tar (in /root/rboxc/target/tar-child-input-candidate/release/rboxc)
==708982==    by 0x5A18600: (below main) (libc_start_call_main.h:59)
==708982== 
==708982== 46 bytes in 1 blocks are still reachable in loss record 4 of 12
==708982==    at 0x586E858: malloc (vg_replace_malloc.c:447)
==708982==    by 0x504FB1F: malloc (rtld-malloc.h:56)
==708982==    by 0x504FB1F: strdup (strdup.c:42)
==708982==    by 0x503BAAF: _dl_load_cache_lookup (dl-cache.c:498)
==708982==    by 0x502DE27: _dl_map_new_object (dl-load.c:2073)
==708982==    by 0x5032460: dl_open_worker_begin (dl-open.c:535)
==708982==    by 0x5025512: _dl_catch_exception (dl-catch.c:241)
==708982==    by 0x503120B: dl_open_worker (dl-open.c:762)
==708982==    by 0x5025512: _dl_catch_exception (dl-catch.c:241)
==708982==    by 0x5031749: _dl_open (dl-open.c:900)
==708982==    by 0x5B81344: do_dlopen (dl-libc.c:95)
==708982==    by 0x5025512: _dl_catch_exception (dl-catch.c:241)
==708982==    by 0x5025658: _dl_catch_error (dl-catch.c:260)
==708982== 
==708982== 46 bytes in 1 blocks are still reachable in loss record 5 of 12
==708982==    at 0x586E858: malloc (vg_replace_malloc.c:447)
==708982==    by 0x5030FD8: malloc (rtld-malloc.h:56)
==708982==    by 0x5030FD8: _dl_new_object (dl-object.c:199)
==708982==    by 0x502BEA0: _dl_map_object_from_fd (dl-load.c:1065)
==708982==    by 0x502D989: _dl_map_new_object (dl-load.c:2206)
==708982==    by 0x5032460: dl_open_worker_begin (dl-open.c:535)
==708982==    by 0x5025512: _dl_catch_exception (dl-catch.c:241)
==708982==    by 0x503120B: dl_open_worker (dl-open.c:762)
==708982==    by 0x5025512: _dl_catch_exception (dl-catch.c:241)
==708982==    by 0x5031749: _dl_open (dl-open.c:900)
==708982==    by 0x5B81344: do_dlopen (dl-libc.c:95)
==708982==    by 0x5025512: _dl_catch_exception (dl-catch.c:241)
==708982==    by 0x5025658: _dl_catch_error (dl-catch.c:260)
==708982== 
==708982== 80 bytes in 1 blocks are still reachable in loss record 6 of 12
==708982==    at 0x586E858: malloc (vg_replace_malloc.c:447)
==708982==    by 0x469E25C: rboxc_tar_xmalloc (in /root/rboxc/target/tar-child-input-candidate/release/rboxc)
==708982==    by 0x440DE00: single_binary_main_tar (in /root/rboxc/target/tar-child-input-candidate/release/rboxc)
==708982==    by 0x5A18600: (below main) (libc_start_call_main.h:59)
==708982== 
==708982== 102 bytes in 1 blocks are still reachable in loss record 7 of 12
==708982==    at 0x586E858: malloc (vg_replace_malloc.c:447)
==708982==    by 0x469E25C: rboxc_tar_xmalloc (in /root/rboxc/target/tar-child-input-candidate/release/rboxc)
==708982==    by 0x46735A1: rboxc_tar_name_init (in /root/rboxc/target/tar-child-input-candidate/release/rboxc)
==708982==    by 0x440EE7A: single_binary_main_tar (in /root/rboxc/target/tar-child-input-candidate/release/rboxc)
==708982==    by 0x5A18600: (below main) (libc_start_call_main.h:59)
==708982== 
==708982== 648 bytes in 1 blocks are still reachable in loss record 10 of 12
==708982==    at 0x5875E43: calloc (vg_replace_malloc.c:1678)
==708982==    by 0x503B2BD: calloc (rtld-malloc.h:44)
==708982==    by 0x503B2BD: _dl_check_map_versions (dl-version.c:280)
==708982==    by 0x503210C: dl_open_worker_begin (dl-open.c:617)
==708982==    by 0x5025512: _dl_catch_exception (dl-catch.c:241)
==708982==    by 0x503120B: dl_open_worker (dl-open.c:762)
==708982==    by 0x5025512: _dl_catch_exception (dl-catch.c:241)
==708982==    by 0x5031749: _dl_open (dl-open.c:900)
==708982==    by 0x5B81344: do_dlopen (dl-libc.c:95)
==708982==    by 0x5025512: _dl_catch_exception (dl-catch.c:241)
==708982==    by 0x5025658: _dl_catch_error (dl-catch.c:260)
==708982==    by 0x5B814A8: dlerror_run (dl-libc.c:45)
==708982==    by 0x5B814A8: __libc_dlopen_mode (dl-libc.c:162)
==708982==    by 0x5B50E73: module_load (nss_module.c:187)
==708982== 
==708982== 1,260 bytes in 1 blocks are still reachable in loss record 11 of 12
==708982==    at 0x5875E43: calloc (vg_replace_malloc.c:1678)
==708982==    by 0x5030CAC: calloc (rtld-malloc.h:44)
==708982==    by 0x5030CAC: _dl_new_object (dl-object.c:92)
==708982==    by 0x502BEA0: _dl_map_object_from_fd (dl-load.c:1065)
==708982==    by 0x502D989: _dl_map_new_object (dl-load.c:2206)
==708982==    by 0x5032460: dl_open_worker_begin (dl-open.c:535)
==708982==    by 0x5025512: _dl_catch_exception (dl-catch.c:241)
==708982==    by 0x503120B: dl_open_worker (dl-open.c:762)
==708982==    by 0x5025512: _dl_catch_exception (dl-catch.c:241)
==708982==    by 0x5031749: _dl_open (dl-open.c:900)
==708982==    by 0x5B81344: do_dlopen (dl-libc.c:95)
==708982==    by 0x5025512: _dl_catch_exception (dl-catch.c:241)
==708982==    by 0x5025658: _dl_catch_error (dl-catch.c:260)
==708982== 
==708982== 4,064 bytes in 1 blocks are still reachable in loss record 12 of 12
==708982==    at 0x586E858: malloc (vg_replace_malloc.c:447)
==708982==    by 0x469E25C: rboxc_tar_xmalloc (in /root/rboxc/target/tar-child-input-candidate/release/rboxc)
==708982==    by 0x469617D: _obstack_begin_worker.isra.0 (in /root/rboxc/target/tar-child-input-candidate/release/rboxc)
==708982==    by 0x46961A8: rboxc_tar__obstack_begin (in /root/rboxc/target/tar-child-input-candidate/release/rboxc)
==708982==    by 0x4679E77: rboxc_tar_transform_name_fp (in /root/rboxc/target/tar-child-input-candidate/release/rboxc)
==708982==    by 0x466D1B0: transform_stat_info.part.0 (in /root/rboxc/target/tar-child-input-candidate/release/rboxc)
==708982==    by 0x466F390: rboxc_tar_read_and (in /root/rboxc/target/tar-child-input-candidate/release/rboxc)
==708982==    by 0x440EF39: single_binary_main_tar (in /root/rboxc/target/tar-child-input-candidate/release/rboxc)
==708982==    by 0x5A18600: (below main) (libc_start_call_main.h:59)
==708982== 
==708982== LEAK SUMMARY:
==708982==    definitely lost: 0 bytes in 0 blocks
==708982==    indirectly lost: 0 bytes in 0 blocks
==708982==      possibly lost: 0 bytes in 0 blocks
==708982==    still reachable: 6,272 bytes in 10 blocks
==708982==         suppressed: 328 bytes in 2 blocks
==708982== 
==708982== For lists of detected and suppressed errors, rerun with: -s
==708982== ERROR SUMMARY: 1 errors from 1 contexts (suppressed: 0 from 0)
