==602711== Memcheck, a memory error detector
==602711== Copyright (C) 2002-2024, and GNU GPL'd, by Julian Seward et al.
==602711== Using Valgrind-3.26.0 and LibVEX; rerun with -h for copyright info
==602711== Command: tar ufv arc a
==602711== Parent PID: 602660
==602711== 
==602711== 
==602711== FILE DESCRIPTORS: 1 open (1 inherited) at exit.
==602711== 
==602711== HEAP SUMMARY:
==602711==     in use at exit: 4,923 bytes in 23 blocks
==602711==   total heap usage: 84 allocs, 61 frees, 93,987 bytes allocated
==602711== 
==602711== 2 bytes in 1 blocks are indirectly lost in loss record 1 of 18
==602711==    at 0x48BD858: malloc (vg_replace_malloc.c:447)
==602711==    by 0x405185D: xmalloc (xmalloc.c:45)
==602711==    by 0x405185D: xmemdup (xmalloc.c:314)
==602711==    by 0x405185D: xstrdup (xmalloc.c:339)
==602711==    by 0x402994B: make_name (names.c:599)
==602711==    by 0x402994B: addname (names.c:1233)
==602711==    by 0x4029AB7: name_gather (names.c:1218)
==602711==    by 0x403322C: update_archive (update.c:111)
==602711==    by 0x400CC4C: main (tar.c:2810)
==602711== 
==602711== 4 bytes in 1 blocks are indirectly lost in loss record 2 of 18
==602711==    at 0x48BD858: malloc (vg_replace_malloc.c:447)
==602711==    by 0x405185D: xmalloc (xmalloc.c:45)
==602711==    by 0x405185D: xmemdup (xmalloc.c:314)
==602711==    by 0x405185D: xstrdup (xmalloc.c:339)
==602711==    by 0x402994B: make_name (names.c:599)
==602711==    by 0x402994B: addname (names.c:1233)
==602711==    by 0x4033702: update_archive (update.c:154)
==602711==    by 0x400CC4C: main (tar.c:2810)
==602711== 
==602711== 5 bytes in 1 blocks are still reachable in loss record 3 of 18
==602711==    at 0x48BD858: malloc (vg_replace_malloc.c:447)
==602711==    by 0x405185D: xmalloc (xmalloc.c:45)
==602711==    by 0x405185D: xmemdup (xmalloc.c:314)
==602711==    by 0x405185D: xstrdup (xmalloc.c:339)
==602711==    by 0x402644F: assign_string (misc.c:58)
==602711==    by 0x4029612: uid_to_uname (names.c:490)
==602711==    by 0x40155F3: start_header (create.c:931)
==602711==    by 0x4015798: dump_regular_file (create.c:1050)
==602711==    by 0x40165E2: dump_file0 (create.c:1773)
==602711==    by 0x4015F1E: dump_file (create.c:1968)
==602711==    by 0x4033312: update_archive (update.c:229)
==602711==    by 0x400CC4C: main (tar.c:2810)
==602711== 
==602711== 5 bytes in 1 blocks are still reachable in loss record 4 of 18
==602711==    at 0x48BD858: malloc (vg_replace_malloc.c:447)
==602711==    by 0x405185D: xmalloc (xmalloc.c:45)
==602711==    by 0x405185D: xmemdup (xmalloc.c:314)
==602711==    by 0x405185D: xstrdup (xmalloc.c:339)
==602711==    by 0x402644F: assign_string (misc.c:58)
==602711==    by 0x40296A2: gid_to_gname (names.c:520)
==602711==    by 0x40155DB: start_header (create.c:936)
==602711==    by 0x4015798: dump_regular_file (create.c:1050)
==602711==    by 0x40165E2: dump_file0 (create.c:1773)
==602711==    by 0x4015F1E: dump_file (create.c:1968)
==602711==    by 0x4033312: update_archive (update.c:229)
==602711==    by 0x400CC4C: main (tar.c:2810)
==602711== 
==602711== 9 bytes in 3 blocks are indirectly lost in loss record 5 of 18
==602711==    at 0x48BD858: malloc (vg_replace_malloc.c:447)
==602711==    by 0x405185D: xmalloc (xmalloc.c:45)
==602711==    by 0x405185D: xmemdup (xmalloc.c:314)
==602711==    by 0x405185D: xstrdup (xmalloc.c:339)
==602711==    by 0x400C4F1: decode_options (tar.c:2353)
==602711==    by 0x400C4F1: main (tar.c:2792)
==602711== 
==602711== 10 bytes in 2 blocks are indirectly lost in loss record 6 of 18
==602711==    at 0x48BD858: malloc (vg_replace_malloc.c:447)
==602711==    by 0x40387DD: wsnode_quoteremoval (wordsplit.c:651)
==602711==    by 0x4039CFD: wordsplit_process_list (wordsplit.c:2390)
==602711==    by 0x403A562: wordsplit_run.constprop.0 (wordsplit.c:2434)
==602711==    by 0x400BFFA: parse_default_options (tar.c:2256)
==602711==    by 0x400BFFA: decode_options (tar.c:2378)
==602711==    by 0x400BFFA: main (tar.c:2792)
==602711== 
==602711== 10 bytes in 2 blocks are definitely lost in loss record 7 of 18
==602711==    at 0x48BD858: malloc (vg_replace_malloc.c:447)
==602711==    by 0x403A1FB: wordsplit_finish (wordsplit.c:836)
==602711==    by 0x400BFFA: parse_default_options (tar.c:2256)
==602711==    by 0x400BFFA: decode_options (tar.c:2378)
==602711==    by 0x400BFFA: main (tar.c:2792)
==602711== 
==602711== 16 bytes in 1 blocks are still reachable in loss record 8 of 18
==602711==    at 0x48C4E43: calloc (vg_replace_malloc.c:1678)
==602711==    by 0x40516F1: xcalloc (xmalloc.c:298)
==602711==    by 0x40516F1: xzalloc (xmalloc.c:283)
==602711==    by 0x400BEF9: decode_options (tar.c:2297)
==602711==    by 0x400BEF9: main (tar.c:2792)
==602711== 
==602711== 32 bytes in 1 blocks are still reachable in loss record 9 of 18
==602711==    at 0x48BD858: malloc (vg_replace_malloc.c:447)
==602711==    by 0x40512CC: xmalloc (xmalloc.c:45)
==602711==    by 0x401407E: file_count_links (create.c:1522)
==602711==    by 0x401407E: file_count_links (create.c:1508)
==602711==    by 0x4016A58: dump_file0 (create.c:1779)
==602711==    by 0x4015F1E: dump_file (create.c:1968)
==602711==    by 0x4033312: update_archive (update.c:229)
==602711==    by 0x400CC4C: main (tar.c:2810)
==602711== 
==602711== 65 (56 direct, 9 indirect) bytes in 1 blocks are definitely lost in loss record 10 of 18
==602711==    at 0x48BD858: malloc (vg_replace_malloc.c:447)
==602711==    by 0x40512CC: xmalloc (xmalloc.c:45)
==602711==    by 0x400C46E: decode_options (tar.c:2340)
==602711==    by 0x400C46E: main (tar.c:2792)
==602711== 
==602711== 80 bytes in 1 blocks are still reachable in loss record 11 of 18
==602711==    at 0x48BD858: malloc (vg_replace_malloc.c:447)
==602711==    by 0x40512CC: xmalloc (xmalloc.c:45)
==602711==    by 0x400BE43: main (tar.c:2781)
==602711== 
==602711== 80 bytes in 1 blocks are still reachable in loss record 12 of 18
==602711==    at 0x48BD858: malloc (vg_replace_malloc.c:447)
==602711==    by 0x4047846: hash_initialize (hash.c:523)
==602711==    by 0x401411B: file_count_links (create.c:1530)
==602711==    by 0x401411B: file_count_links (create.c:1508)
==602711==    by 0x4016A58: dump_file0 (create.c:1779)
==602711==    by 0x4015F1E: dump_file (create.c:1968)
==602711==    by 0x4033312: update_archive (update.c:229)
==602711==    by 0x400CC4C: main (tar.c:2810)
==602711== 
==602711== 90 (80 direct, 10 indirect) bytes in 2 blocks are definitely lost in loss record 13 of 18
==602711==    at 0x48C4E43: calloc (vg_replace_malloc.c:1678)
==602711==    by 0x403959D: wsnode_new (wordsplit.c:422)
==602711==    by 0x403959D: wordsplit_add_segm (wordsplit.c:523)
==602711==    by 0x4039854: scan_word (wordsplit.c:2062)
==602711==    by 0x4039C7C: wordsplit_process_list (wordsplit.c:2358)
==602711==    by 0x403A562: wordsplit_run.constprop.0 (wordsplit.c:2434)
==602711==    by 0x400BFFA: parse_default_options (tar.c:2256)
==602711==    by 0x400BFFA: decode_options (tar.c:2378)
==602711==    by 0x400BFFA: main (tar.c:2792)
==602711== 
==602711== 96 bytes in 1 blocks are indirectly lost in loss record 14 of 18
==602711==    at 0x48C4E43: calloc (vg_replace_malloc.c:1678)
==602711==    by 0x40516F1: xcalloc (xmalloc.c:298)
==602711==    by 0x40516F1: xzalloc (xmalloc.c:283)
==602711==    by 0x4029932: make_name (names.c:596)
==602711==    by 0x4029932: addname (names.c:1233)
==602711==    by 0x4033702: update_archive (update.c:154)
==602711==    by 0x400CC4C: main (tar.c:2810)
==602711== 
==602711== 102 bytes in 1 blocks are still reachable in loss record 15 of 18
==602711==    at 0x48BD858: malloc (vg_replace_malloc.c:447)
==602711==    by 0x40512CC: xmalloc (xmalloc.c:45)
==602711==    by 0x4029881: name_init (names.c:869)
==602711==    by 0x400C94C: main (tar.c:2794)
==602711== 
==602711== 176 bytes in 1 blocks are still reachable in loss record 16 of 18
==602711==    at 0x48C4E43: calloc (vg_replace_malloc.c:1678)
==602711==    by 0x404789C: hash_initialize (hash.c:544)
==602711==    by 0x401411B: file_count_links (create.c:1530)
==602711==    by 0x401411B: file_count_links (create.c:1508)
==602711==    by 0x4016A58: dump_file0 (create.c:1779)
==602711==    by 0x4015F1E: dump_file (create.c:1968)
==602711==    by 0x4033312: update_archive (update.c:229)
==602711==    by 0x400CC4C: main (tar.c:2810)
==602711== 
==602711== 198 (96 direct, 102 indirect) bytes in 1 blocks are definitely lost in loss record 17 of 18
==602711==    at 0x48C4E43: calloc (vg_replace_malloc.c:1678)
==602711==    by 0x40516F1: xcalloc (xmalloc.c:298)
==602711==    by 0x40516F1: xzalloc (xmalloc.c:283)
==602711==    by 0x4029932: make_name (names.c:596)
==602711==    by 0x4029932: addname (names.c:1233)
==602711==    by 0x4029AB7: name_gather (names.c:1218)
==602711==    by 0x403322C: update_archive (update.c:111)
==602711==    by 0x400CC4C: main (tar.c:2810)
==602711== 
==602711== 4,064 bytes in 1 blocks are still reachable in loss record 18 of 18
==602711==    at 0x48BD858: malloc (vg_replace_malloc.c:447)
==602711==    by 0x40512CC: xmalloc (xmalloc.c:45)
==602711==    by 0x404A07D: call_chunkfun (obstack.c:88)
==602711==    by 0x404A07D: _obstack_begin_worker.isra.0 (obstack.c:135)
==602711==    by 0x404A0A8: _obstack_begin (obstack.c:157)
==602711==    by 0x4032C57: _transform_name_to_obstack (transform.c:592)
==602711==    by 0x4032C57: transform_name_fp (transform.c:614)
==602711==    by 0x4023670: transform_member_name (list.c:114)
==602711==    by 0x4023670: transform_stat_info.part.0 (list.c:150)
==602711==    by 0x403343D: update_archive (update.c:134)
==602711==    by 0x400CC4C: main (tar.c:2810)
==602711== 
==602711== LEAK SUMMARY:
==602711==    definitely lost: 242 bytes in 6 blocks
==602711==    indirectly lost: 121 bytes in 8 blocks
==602711==      possibly lost: 0 bytes in 0 blocks
==602711==    still reachable: 4,560 bytes in 9 blocks
==602711==         suppressed: 0 bytes in 0 blocks
==602711== 
==602711== For lists of detected and suppressed errors, rerun with: -s
==602711== ERROR SUMMARY: 4 errors from 4 contexts (suppressed: 0 from 0)
