==603977== Memcheck, a memory error detector
==603977== Copyright (C) 2002-2024, and GNU GPL'd, by Julian Seward et al.
==603977== Using Valgrind-3.26.0 and LibVEX; rerun with -h for copyright info
==603977== Command: tar ufv arc a
==603977== Parent PID: 603612
==603977== 
==603977== 
==603977== FILE DESCRIPTORS: 1 open (1 inherited) at exit.
==603977== 
==603977== HEAP SUMMARY:
==603977==     in use at exit: 4,917 bytes in 23 blocks
==603977==   total heap usage: 84 allocs, 61 frees, 93,981 bytes allocated
==603977== 
==603977== 2 bytes in 1 blocks are indirectly lost in loss record 1 of 18
==603977==    at 0x48BD858: malloc (vg_replace_malloc.c:447)
==603977==    by 0x405185D: xmalloc (xmalloc.c:45)
==603977==    by 0x405185D: xmemdup (xmalloc.c:314)
==603977==    by 0x405185D: xstrdup (xmalloc.c:339)
==603977==    by 0x402994B: make_name (names.c:599)
==603977==    by 0x402994B: addname (names.c:1233)
==603977==    by 0x4029AB7: name_gather (names.c:1218)
==603977==    by 0x403322C: update_archive (update.c:111)
==603977==    by 0x400CC4C: main (tar.c:2810)
==603977== 
==603977== 4 bytes in 1 blocks are indirectly lost in loss record 2 of 18
==603977==    at 0x48BD858: malloc (vg_replace_malloc.c:447)
==603977==    by 0x405185D: xmalloc (xmalloc.c:45)
==603977==    by 0x405185D: xmemdup (xmalloc.c:314)
==603977==    by 0x405185D: xstrdup (xmalloc.c:339)
==603977==    by 0x402994B: make_name (names.c:599)
==603977==    by 0x402994B: addname (names.c:1233)
==603977==    by 0x4033702: update_archive (update.c:154)
==603977==    by 0x400CC4C: main (tar.c:2810)
==603977== 
==603977== 5 bytes in 1 blocks are still reachable in loss record 3 of 18
==603977==    at 0x48BD858: malloc (vg_replace_malloc.c:447)
==603977==    by 0x405185D: xmalloc (xmalloc.c:45)
==603977==    by 0x405185D: xmemdup (xmalloc.c:314)
==603977==    by 0x405185D: xstrdup (xmalloc.c:339)
==603977==    by 0x402644F: assign_string (misc.c:58)
==603977==    by 0x4029612: uid_to_uname (names.c:490)
==603977==    by 0x40155F3: start_header (create.c:931)
==603977==    by 0x4015798: dump_regular_file (create.c:1050)
==603977==    by 0x40165E2: dump_file0 (create.c:1773)
==603977==    by 0x4015F1E: dump_file (create.c:1968)
==603977==    by 0x4033312: update_archive (update.c:229)
==603977==    by 0x400CC4C: main (tar.c:2810)
==603977== 
==603977== 5 bytes in 1 blocks are still reachable in loss record 4 of 18
==603977==    at 0x48BD858: malloc (vg_replace_malloc.c:447)
==603977==    by 0x405185D: xmalloc (xmalloc.c:45)
==603977==    by 0x405185D: xmemdup (xmalloc.c:314)
==603977==    by 0x405185D: xstrdup (xmalloc.c:339)
==603977==    by 0x402644F: assign_string (misc.c:58)
==603977==    by 0x40296A2: gid_to_gname (names.c:520)
==603977==    by 0x40155DB: start_header (create.c:936)
==603977==    by 0x4015798: dump_regular_file (create.c:1050)
==603977==    by 0x40165E2: dump_file0 (create.c:1773)
==603977==    by 0x4015F1E: dump_file (create.c:1968)
==603977==    by 0x4033312: update_archive (update.c:229)
==603977==    by 0x400CC4C: main (tar.c:2810)
==603977== 
==603977== 7 bytes in 2 blocks are indirectly lost in loss record 5 of 18
==603977==    at 0x48BD858: malloc (vg_replace_malloc.c:447)
==603977==    by 0x40387DD: wsnode_quoteremoval (wordsplit.c:651)
==603977==    by 0x4039CFD: wordsplit_process_list (wordsplit.c:2390)
==603977==    by 0x403A562: wordsplit_run.constprop.0 (wordsplit.c:2434)
==603977==    by 0x400BFFA: parse_default_options (tar.c:2256)
==603977==    by 0x400BFFA: decode_options (tar.c:2378)
==603977==    by 0x400BFFA: main (tar.c:2792)
==603977== 
==603977== 7 bytes in 2 blocks are definitely lost in loss record 6 of 18
==603977==    at 0x48BD858: malloc (vg_replace_malloc.c:447)
==603977==    by 0x403A1FB: wordsplit_finish (wordsplit.c:836)
==603977==    by 0x400BFFA: parse_default_options (tar.c:2256)
==603977==    by 0x400BFFA: decode_options (tar.c:2378)
==603977==    by 0x400BFFA: main (tar.c:2792)
==603977== 
==603977== 9 bytes in 3 blocks are indirectly lost in loss record 7 of 18
==603977==    at 0x48BD858: malloc (vg_replace_malloc.c:447)
==603977==    by 0x405185D: xmalloc (xmalloc.c:45)
==603977==    by 0x405185D: xmemdup (xmalloc.c:314)
==603977==    by 0x405185D: xstrdup (xmalloc.c:339)
==603977==    by 0x400C4F1: decode_options (tar.c:2353)
==603977==    by 0x400C4F1: main (tar.c:2792)
==603977== 
==603977== 16 bytes in 1 blocks are still reachable in loss record 8 of 18
==603977==    at 0x48C4E43: calloc (vg_replace_malloc.c:1678)
==603977==    by 0x40516F1: xcalloc (xmalloc.c:298)
==603977==    by 0x40516F1: xzalloc (xmalloc.c:283)
==603977==    by 0x400BEF9: decode_options (tar.c:2297)
==603977==    by 0x400BEF9: main (tar.c:2792)
==603977== 
==603977== 32 bytes in 1 blocks are still reachable in loss record 9 of 18
==603977==    at 0x48BD858: malloc (vg_replace_malloc.c:447)
==603977==    by 0x40512CC: xmalloc (xmalloc.c:45)
==603977==    by 0x401407E: file_count_links (create.c:1522)
==603977==    by 0x401407E: file_count_links (create.c:1508)
==603977==    by 0x4016A58: dump_file0 (create.c:1779)
==603977==    by 0x4015F1E: dump_file (create.c:1968)
==603977==    by 0x4033312: update_archive (update.c:229)
==603977==    by 0x400CC4C: main (tar.c:2810)
==603977== 
==603977== 65 (56 direct, 9 indirect) bytes in 1 blocks are definitely lost in loss record 10 of 18
==603977==    at 0x48BD858: malloc (vg_replace_malloc.c:447)
==603977==    by 0x40512CC: xmalloc (xmalloc.c:45)
==603977==    by 0x400C46E: decode_options (tar.c:2340)
==603977==    by 0x400C46E: main (tar.c:2792)
==603977== 
==603977== 80 bytes in 1 blocks are still reachable in loss record 11 of 18
==603977==    at 0x48BD858: malloc (vg_replace_malloc.c:447)
==603977==    by 0x40512CC: xmalloc (xmalloc.c:45)
==603977==    by 0x400BE43: main (tar.c:2781)
==603977== 
==603977== 80 bytes in 1 blocks are still reachable in loss record 12 of 18
==603977==    at 0x48BD858: malloc (vg_replace_malloc.c:447)
==603977==    by 0x4047846: hash_initialize (hash.c:523)
==603977==    by 0x401411B: file_count_links (create.c:1530)
==603977==    by 0x401411B: file_count_links (create.c:1508)
==603977==    by 0x4016A58: dump_file0 (create.c:1779)
==603977==    by 0x4015F1E: dump_file (create.c:1968)
==603977==    by 0x4033312: update_archive (update.c:229)
==603977==    by 0x400CC4C: main (tar.c:2810)
==603977== 
==603977== 87 (80 direct, 7 indirect) bytes in 2 blocks are definitely lost in loss record 13 of 18
==603977==    at 0x48C4E43: calloc (vg_replace_malloc.c:1678)
==603977==    by 0x403959D: wsnode_new (wordsplit.c:422)
==603977==    by 0x403959D: wordsplit_add_segm (wordsplit.c:523)
==603977==    by 0x4039854: scan_word (wordsplit.c:2062)
==603977==    by 0x4039C7C: wordsplit_process_list (wordsplit.c:2358)
==603977==    by 0x403A562: wordsplit_run.constprop.0 (wordsplit.c:2434)
==603977==    by 0x400BFFA: parse_default_options (tar.c:2256)
==603977==    by 0x400BFFA: decode_options (tar.c:2378)
==603977==    by 0x400BFFA: main (tar.c:2792)
==603977== 
==603977== 96 bytes in 1 blocks are indirectly lost in loss record 14 of 18
==603977==    at 0x48C4E43: calloc (vg_replace_malloc.c:1678)
==603977==    by 0x40516F1: xcalloc (xmalloc.c:298)
==603977==    by 0x40516F1: xzalloc (xmalloc.c:283)
==603977==    by 0x4029932: make_name (names.c:596)
==603977==    by 0x4029932: addname (names.c:1233)
==603977==    by 0x4033702: update_archive (update.c:154)
==603977==    by 0x400CC4C: main (tar.c:2810)
==603977== 
==603977== 102 bytes in 1 blocks are still reachable in loss record 15 of 18
==603977==    at 0x48BD858: malloc (vg_replace_malloc.c:447)
==603977==    by 0x40512CC: xmalloc (xmalloc.c:45)
==603977==    by 0x4029881: name_init (names.c:869)
==603977==    by 0x400C94C: main (tar.c:2794)
==603977== 
==603977== 176 bytes in 1 blocks are still reachable in loss record 16 of 18
==603977==    at 0x48C4E43: calloc (vg_replace_malloc.c:1678)
==603977==    by 0x404789C: hash_initialize (hash.c:544)
==603977==    by 0x401411B: file_count_links (create.c:1530)
==603977==    by 0x401411B: file_count_links (create.c:1508)
==603977==    by 0x4016A58: dump_file0 (create.c:1779)
==603977==    by 0x4015F1E: dump_file (create.c:1968)
==603977==    by 0x4033312: update_archive (update.c:229)
==603977==    by 0x400CC4C: main (tar.c:2810)
==603977== 
==603977== 198 (96 direct, 102 indirect) bytes in 1 blocks are definitely lost in loss record 17 of 18
==603977==    at 0x48C4E43: calloc (vg_replace_malloc.c:1678)
==603977==    by 0x40516F1: xcalloc (xmalloc.c:298)
==603977==    by 0x40516F1: xzalloc (xmalloc.c:283)
==603977==    by 0x4029932: make_name (names.c:596)
==603977==    by 0x4029932: addname (names.c:1233)
==603977==    by 0x4029AB7: name_gather (names.c:1218)
==603977==    by 0x403322C: update_archive (update.c:111)
==603977==    by 0x400CC4C: main (tar.c:2810)
==603977== 
==603977== 4,064 bytes in 1 blocks are still reachable in loss record 18 of 18
==603977==    at 0x48BD858: malloc (vg_replace_malloc.c:447)
==603977==    by 0x40512CC: xmalloc (xmalloc.c:45)
==603977==    by 0x404A07D: call_chunkfun (obstack.c:88)
==603977==    by 0x404A07D: _obstack_begin_worker.isra.0 (obstack.c:135)
==603977==    by 0x404A0A8: _obstack_begin (obstack.c:157)
==603977==    by 0x4032C57: _transform_name_to_obstack (transform.c:592)
==603977==    by 0x4032C57: transform_name_fp (transform.c:614)
==603977==    by 0x4023670: transform_member_name (list.c:114)
==603977==    by 0x4023670: transform_stat_info.part.0 (list.c:150)
==603977==    by 0x403343D: update_archive (update.c:134)
==603977==    by 0x400CC4C: main (tar.c:2810)
==603977== 
==603977== LEAK SUMMARY:
==603977==    definitely lost: 239 bytes in 6 blocks
==603977==    indirectly lost: 118 bytes in 8 blocks
==603977==      possibly lost: 0 bytes in 0 blocks
==603977==    still reachable: 4,560 bytes in 9 blocks
==603977==         suppressed: 0 bytes in 0 blocks
==603977== 
==603977== For lists of detected and suppressed errors, rerun with: -s
==603977== ERROR SUMMARY: 4 errors from 4 contexts (suppressed: 0 from 0)
