==604092== Memcheck, a memory error detector
==604092== Copyright (C) 2002-2024, and GNU GPL'd, by Julian Seward et al.
==604092== Using Valgrind-3.26.0 and LibVEX; rerun with -h for copyright info
==604092== Command: tar tf arc
==604092== Parent PID: 603612
==604092== 
==604092== 
==604092== FILE DESCRIPTORS: 1 open (1 inherited) at exit.
==604092== 
==604092== HEAP SUMMARY:
==604092==     in use at exit: 4,412 bytes in 15 blocks
==604092==   total heap usage: 70 allocs, 55 frees, 60,389 bytes allocated
==604092== 
==604092== 5 bytes in 1 blocks are still reachable in loss record 1 of 11
==604092==    at 0x48BD858: malloc (vg_replace_malloc.c:447)
==604092==    by 0x405185D: xmalloc (xmalloc.c:45)
==604092==    by 0x405185D: xmemdup (xmalloc.c:314)
==604092==    by 0x405185D: xstrdup (xmalloc.c:339)
==604092==    by 0x402644F: assign_string (misc.c:58)
==604092==    by 0x402973C: uname_to_uid (names.c:550)
==604092==    by 0x402457F: decode_header (list.c:694)
==604092==    by 0x4025616: read_and (list.c:194)
==604092==    by 0x400CD4B: main (tar.c:2832)
==604092== 
==604092== 5 bytes in 1 blocks are still reachable in loss record 2 of 11
==604092==    at 0x48BD858: malloc (vg_replace_malloc.c:447)
==604092==    by 0x405185D: xmalloc (xmalloc.c:45)
==604092==    by 0x405185D: xmemdup (xmalloc.c:314)
==604092==    by 0x405185D: xstrdup (xmalloc.c:339)
==604092==    by 0x402644F: assign_string (misc.c:58)
==604092==    by 0x40297DC: gname_to_gid (names.c:580)
==604092==    by 0x402455F: decode_header (list.c:699)
==604092==    by 0x4025616: read_and (list.c:194)
==604092==    by 0x400CD4B: main (tar.c:2832)
==604092== 
==604092== 6 bytes in 2 blocks are indirectly lost in loss record 3 of 11
==604092==    at 0x48BD858: malloc (vg_replace_malloc.c:447)
==604092==    by 0x405185D: xmalloc (xmalloc.c:45)
==604092==    by 0x405185D: xmemdup (xmalloc.c:314)
==604092==    by 0x405185D: xstrdup (xmalloc.c:339)
==604092==    by 0x400C4F1: decode_options (tar.c:2353)
==604092==    by 0x400C4F1: main (tar.c:2792)
==604092== 
==604092== 7 bytes in 2 blocks are indirectly lost in loss record 4 of 11
==604092==    at 0x48BD858: malloc (vg_replace_malloc.c:447)
==604092==    by 0x40387DD: wsnode_quoteremoval (wordsplit.c:651)
==604092==    by 0x4039CFD: wordsplit_process_list (wordsplit.c:2390)
==604092==    by 0x403A562: wordsplit_run.constprop.0 (wordsplit.c:2434)
==604092==    by 0x400BFFA: parse_default_options (tar.c:2256)
==604092==    by 0x400BFFA: decode_options (tar.c:2378)
==604092==    by 0x400BFFA: main (tar.c:2792)
==604092== 
==604092== 7 bytes in 2 blocks are definitely lost in loss record 5 of 11
==604092==    at 0x48BD858: malloc (vg_replace_malloc.c:447)
==604092==    by 0x403A1FB: wordsplit_finish (wordsplit.c:836)
==604092==    by 0x400BFFA: parse_default_options (tar.c:2256)
==604092==    by 0x400BFFA: decode_options (tar.c:2378)
==604092==    by 0x400BFFA: main (tar.c:2792)
==604092== 
==604092== 16 bytes in 1 blocks are still reachable in loss record 6 of 11
==604092==    at 0x48C4E43: calloc (vg_replace_malloc.c:1678)
==604092==    by 0x40516F1: xcalloc (xmalloc.c:298)
==604092==    by 0x40516F1: xzalloc (xmalloc.c:283)
==604092==    by 0x400BEF9: decode_options (tar.c:2297)
==604092==    by 0x400BEF9: main (tar.c:2792)
==604092== 
==604092== 46 (40 direct, 6 indirect) bytes in 1 blocks are definitely lost in loss record 7 of 11
==604092==    at 0x48BD858: malloc (vg_replace_malloc.c:447)
==604092==    by 0x40512CC: xmalloc (xmalloc.c:45)
==604092==    by 0x400C46E: decode_options (tar.c:2340)
==604092==    by 0x400C46E: main (tar.c:2792)
==604092== 
==604092== 80 bytes in 1 blocks are still reachable in loss record 8 of 11
==604092==    at 0x48BD858: malloc (vg_replace_malloc.c:447)
==604092==    by 0x40512CC: xmalloc (xmalloc.c:45)
==604092==    by 0x400BE43: main (tar.c:2781)
==604092== 
==604092== 87 (80 direct, 7 indirect) bytes in 2 blocks are definitely lost in loss record 9 of 11
==604092==    at 0x48C4E43: calloc (vg_replace_malloc.c:1678)
==604092==    by 0x403959D: wsnode_new (wordsplit.c:422)
==604092==    by 0x403959D: wordsplit_add_segm (wordsplit.c:523)
==604092==    by 0x4039854: scan_word (wordsplit.c:2062)
==604092==    by 0x4039C7C: wordsplit_process_list (wordsplit.c:2358)
==604092==    by 0x403A562: wordsplit_run.constprop.0 (wordsplit.c:2434)
==604092==    by 0x400BFFA: parse_default_options (tar.c:2256)
==604092==    by 0x400BFFA: decode_options (tar.c:2378)
==604092==    by 0x400BFFA: main (tar.c:2792)
==604092== 
==604092== 102 bytes in 1 blocks are still reachable in loss record 10 of 11
==604092==    at 0x48BD858: malloc (vg_replace_malloc.c:447)
==604092==    by 0x40512CC: xmalloc (xmalloc.c:45)
==604092==    by 0x4029881: name_init (names.c:869)
==604092==    by 0x400C94C: main (tar.c:2794)
==604092== 
==604092== 4,064 bytes in 1 blocks are still reachable in loss record 11 of 11
==604092==    at 0x48BD858: malloc (vg_replace_malloc.c:447)
==604092==    by 0x40512CC: xmalloc (xmalloc.c:45)
==604092==    by 0x404A07D: call_chunkfun (obstack.c:88)
==604092==    by 0x404A07D: _obstack_begin_worker.isra.0 (obstack.c:135)
==604092==    by 0x404A0A8: _obstack_begin (obstack.c:157)
==604092==    by 0x4032C57: _transform_name_to_obstack (transform.c:592)
==604092==    by 0x4032C57: transform_name_fp (transform.c:614)
==604092==    by 0x4023670: transform_member_name (list.c:114)
==604092==    by 0x4023670: transform_stat_info.part.0 (list.c:150)
==604092==    by 0x4025850: transform_stat_info (list.c:227)
==604092==    by 0x4025850: read_and (list.c:227)
==604092==    by 0x400CD4B: main (tar.c:2832)
==604092== 
==604092== LEAK SUMMARY:
==604092==    definitely lost: 127 bytes in 5 blocks
==604092==    indirectly lost: 13 bytes in 4 blocks
==604092==      possibly lost: 0 bytes in 0 blocks
==604092==    still reachable: 4,272 bytes in 6 blocks
==604092==         suppressed: 0 bytes in 0 blocks
==604092== 
==604092== For lists of detected and suppressed errors, rerun with: -s
==604092== ERROR SUMMARY: 3 errors from 3 contexts (suppressed: 0 from 0)
